sysbench 1.0.20 (using system LuaJIT 2.1.0-beta3)

Running the test with following options:
Number of threads: 32
Target transaction rate: 3000/sec
Initializing random number generator from current time


Initializing worker threads...

Threads started!

Latency histogram (values are in milliseconds)
       value  ------------- distribution ------------- count
       0.082 |                                         3
       0.084 |                                         3
       0.085 |                                         4
       0.087 |                                         4
       0.089 |                                         6
       0.090 |                                         27
       0.092 |*                                        58
       0.093 |*                                        164
       0.095 |**                                       269
       0.097 |****                                     396
       0.099 |*****                                    563
       0.100 |*******                                  764
       0.102 |********                                 944
       0.104 |***********                              1199
       0.106 |************                             1314
       0.108 |*************                            1453
       0.110 |***************                          1632
       0.112 |*****************                        1873
       0.114 |********************                     2196
       0.116 |*********************                    2373
       0.118 |***********************                  2620
       0.120 |***************************              3035
       0.122 |******************************           3350
       0.125 |*********************************        3762
       0.127 |*************************************    4109
       0.129 |***************************************  4430
       0.132 |**************************************** 4498
       0.134 |**************************************** 4454
       0.136 |*************************************    4148
       0.139 |***********************************      3954
       0.141 |********************************         3644
       0.144 |*****************************            3223
       0.147 |*************************                2812
       0.149 |**********************                   2456
       0.152 |*******************                      2178
       0.155 |****************                         1829
       0.158 |**************                           1578
       0.160 |************                             1385
       0.163 |**********                               1175
       0.166 |********                                 939
       0.169 |*******                                  839
       0.172 |*******                                  731
       0.176 |******                                   634
       0.179 |****                                     452
       0.182 |****                                     410
       0.185 |****                                     399
       0.189 |***                                      312
       0.192 |***                                      286
       0.196 |**                                       241
       0.199 |**                                       205
       0.203 |**                                       234
       0.206 |**                                       209
       0.210 |**                                       195
       0.214 |**                                       186
       0.218 |*                                        158
       0.222 |*                                        145
       0.226 |*                                        164
       0.230 |*                                        131
       0.234 |*                                        120
       0.238 |*                                        114
       0.243 |*                                        109
       0.247 |*                                        99
       0.252 |*                                        75
       0.256 |*                                        75
       0.261 |*                                        78
       0.266 |*                                        99
       0.270 |*                                        64
       0.275 |*                                        69
       0.280 |*                                        86
       0.285 |*                                        77
       0.291 |*                                        78
       0.296 |*                                        68
       0.301 |*                                        93
       0.307 |*                                        68
       0.312 |*                                        75
       0.318 |*                                        85
       0.324 |*                                        84
       0.330 |*                                        91
       0.336 |*                                        102
       0.342 |*                                        92
       0.348 |*                                        113
       0.354 |*                                        134
       0.361 |*                                        125
       0.367 |*                                        114
       0.374 |*                                        138
       0.381 |*                                        156
       0.388 |*                                        159
       0.395 |*                                        166
       0.402 |**                                       202
       0.409 |**                                       208
       0.417 |**                                       281
       0.424 |***                                      300
       0.432 |***                                      296
       0.440 |***                                      330
       0.448 |***                                      372
       0.456 |***                                      380
       0.464 |***                                      354
       0.473 |***                                      355
       0.481 |***                                      378
       0.490 |***                                      340
       0.499 |***                                      358
       0.508 |***                                      289
       0.517 |**                                       256
       0.527 |**                                       199
       0.536 |**                                       187
       0.546 |*                                        143
       0.556 |*                                        150
       0.566 |*                                        116
       0.576 |*                                        85
       0.587 |                                         53
       0.597 |*                                        57
       0.608 |                                         47
       0.619 |                                         40
       0.630 |                                         29
       0.642 |                                         26
       0.654 |                                         19
       0.665 |                                         31
       0.677 |                                         18
       0.690 |                                         17
       0.702 |                                         18
       0.715 |                                         12
       0.728 |                                         23
       0.741 |                                         20
       0.755 |                                         7
       0.768 |                                         12
       0.782 |                                         9
       0.797 |                                         12
       0.811 |                                         5
       0.826 |                                         5
       0.841 |                                         7
       0.856 |                                         10
       0.872 |                                         4
       0.888 |                                         2
       0.904 |                                         3
       0.920 |                                         5
       0.937 |                                         2
       0.954 |                                         2
       0.971 |                                         2
       0.989 |                                         1
       1.007 |                                         4
       1.025 |                                         1
       1.044 |                                         3
       1.063 |                                         4
       1.082 |                                         2
       1.102 |                                         1
       1.122 |                                         3
       1.142 |                                         2
       1.163 |                                         1
       1.184 |                                         3
       1.205 |                                         5
       1.227 |                                         2
       1.250 |                                         2
       1.272 |                                         1
       1.295 |                                         3
       1.319 |                                         2
       1.343 |                                         1
       1.367 |                                         1
       1.392 |                                         2
       1.417 |                                         2
       1.443 |                                         1
       1.469 |                                         1
       1.496 |                                         1
       1.523 |                                         2
       1.551 |                                         3
       1.579 |                                         1
       1.637 |                                         1
       1.667 |                                         6
       1.697 |                                         4
       1.824 |                                         1
       1.857 |                                         1
       1.891 |                                         1
       1.996 |                                         1
       2.069 |                                         1
       2.106 |                                         3
       2.145 |                                         1
       2.223 |                                         2
       2.264 |                                         1
       2.347 |                                         2
       2.389 |                                         2
       2.433 |                                         1
       2.477 |                                         1
       2.522 |                                         1
       2.568 |                                         1
       2.662 |                                         1
       2.710 |                                         2
       2.810 |                                         1
       2.966 |                                         2
       3.304 |                                         1
       3.615 |                                         1
       3.816 |                                         1
       3.956 |                                         1
       4.176 |                                         1
       4.252 |                                         2
       4.487 |                                         1
       4.569 |                                         1
       4.652 |                                         1
       4.737 |                                         1
       5.183 |                                         1
       5.277 |                                         3
       5.373 |                                         2
       5.470 |                                         1
       5.879 |                                         2
       6.095 |                                         1
       6.205 |                                         1
       6.318 |                                         1
       6.550 |                                         1
       6.669 |                                         1
       6.790 |                                         3
       7.842 |                                         2
       7.985 |                                         1
       8.130 |                                         1
       8.737 |                                         3
       8.895 |                                         1
       9.057 |                                         2
       9.389 |                                         3
      10.844 |                                         1
      11.654 |                                         3
      12.752 |                                         1
      12.984 |                                         2
      13.704 |                                         3
      13.953 |                                         1
      14.207 |                                         1
      14.465 |                                         1
      14.995 |                                         4
      15.268 |                                         1
      15.545 |                                         1
      16.408 |                                         1
      16.706 |                                         1
      17.319 |                                         1
      17.633 |                                         1
      17.954 |                                         1
      18.280 |                                         3
      18.950 |                                         2
      19.295 |                                         2
      20.002 |                                         3
      20.736 |                                         1
      21.112 |                                         1
      21.496 |                                         1
      23.101 |                                         1
      24.827 |                                         1
 
SQL statistics:
    queries performed:
        read:                            90009
        write:                           0
        other:                           0
        total:                           90009
    transactions:                        90009  (2998.67 per sec.)
    queries:                             90009  (2998.67 per sec.)
    ignored errors:                      0      (0.00 per sec.)
    reconnects:                          0      (0.00 per sec.)

General statistics:
    total time:                          30.0148s
    total number of events:              90009

Latency (ms):
         min:                                    0.08
         avg:                                    0.18
         max:                                   24.95
         95th percentile:                        0.45
         sum:                                15895.55

Threads fairness:
    events (avg/stddev):           2812.7812/16.32
    execution time (avg/stddev):   0.4967/0.01


