sysbench 1.0.20 (using system LuaJIT 2.1.0-beta3)

Running the test with following options:
Number of threads: 32
Target transaction rate: 3000/sec
Initializing random number generator from current time


Initializing worker threads...

Threads started!

Latency histogram (values are in milliseconds)
       value  ------------- distribution ------------- count
       0.125 |                                         1
       0.127 |                                         4
       0.129 |                                         5
       0.132 |                                         9
       0.134 |                                         19
       0.136 |                                         37
       0.139 |                                         48
       0.141 |                                         67
       0.144 |*                                        91
       0.147 |*                                        113
       0.149 |*                                        129
       0.152 |*                                        177
       0.155 |**                                       222
       0.158 |**                                       320
       0.160 |****                                     512
       0.163 |******                                   799
       0.166 |********                                 1139
       0.169 |***********                              1446
       0.172 |*************                            1755
       0.176 |****************                         2111
       0.179 |******************                       2483
       0.182 |*******************                      2621
       0.185 |*********************                    2863
       0.189 |********************                     2764
       0.192 |*********************                    2892
       0.196 |************************                 3258
       0.199 |*****************************            3903
       0.203 |************************************     4850
       0.206 |***************************************  5291
       0.210 |**************************************** 5415
       0.214 |***************************************  5308
       0.218 |*************************************    4975
       0.222 |**********************************       4586
       0.226 |*******************************          4187
       0.230 |***************************              3632
       0.234 |***********************                  3180
       0.238 |********************                     2736
       0.243 |****************                         2216
       0.247 |**************                           1951
       0.252 |************                             1614
       0.256 |**********                               1382
       0.261 |********                                 1078
       0.266 |*******                                  903
       0.270 |*****                                    704
       0.275 |*****                                    671
       0.280 |****                                     501
       0.285 |***                                      455
       0.291 |***                                      381
       0.296 |**                                       325
       0.301 |**                                       320
       0.307 |**                                       247
       0.312 |**                                       242
       0.318 |**                                       229
       0.324 |**                                       243
       0.330 |**                                       223
       0.336 |**                                       223
       0.342 |**                                       231
       0.348 |**                                       260
       0.354 |**                                       227
       0.361 |**                                       215
       0.367 |**                                       252
       0.374 |**                                       205
       0.381 |*                                        170
       0.388 |*                                        146
       0.395 |*                                        125
       0.402 |*                                        120
       0.409 |*                                        99
       0.417 |                                         64
       0.424 |                                         58
       0.432 |                                         55
       0.440 |                                         33
       0.448 |                                         29
       0.456 |                                         20
       0.464 |                                         17
       0.473 |                                         11
       0.481 |                                         13
       0.490 |                                         15
       0.499 |                                         9
       0.508 |                                         10
       0.517 |                                         6
       0.527 |                                         8
       0.536 |                                         4
       0.546 |                                         5
       0.556 |                                         6
       0.566 |                                         1
       0.576 |                                         5
       0.587 |                                         2
       0.597 |                                         7
       0.608 |                                         2
       0.619 |                                         1
       0.630 |                                         2
       0.654 |                                         2
       0.677 |                                         1
       0.690 |                                         1
       0.728 |                                         1
       0.826 |                                         1
       0.841 |                                         1
       0.888 |                                         1
       0.954 |                                         1
       0.989 |                                         1
       1.122 |                                         1
       2.477 |                                         1
       3.551 |                                         1
       3.615 |                                         1
       4.407 |                                         1
       4.487 |                                         1
       4.999 |                                         2
       5.277 |                                         1
       5.570 |                                         1
       5.671 |                                         1
       5.774 |                                         1
       6.913 |                                         1
       7.167 |                                         1
       7.565 |                                         1
       7.702 |                                         1
       7.842 |                                         1
       8.130 |                                         1
       8.428 |                                         1
       8.737 |                                         1
       8.895 |                                         1
       9.389 |                                         1
 
SQL statistics:
    queries performed:
        read:                            90321
        write:                           0
        other:                           0
        total:                           90321
    transactions:                        90321  (3009.03 per sec.)
    queries:                             90321  (3009.03 per sec.)
    ignored errors:                      0      (0.00 per sec.)
    reconnects:                          0      (0.00 per sec.)

General statistics:
    total time:                          30.0163s
    total number of events:              90321

Latency (ms):
         min:                                    0.12
         avg:                                    0.22
         max:                                    9.33
         95th percentile:                        0.30
         sum:                                19850.69

Threads fairness:
    events (avg/stddev):           2822.5312/16.84
    execution time (avg/stddev):   0.6203/0.01


