sysbench 1.0.20 (using system LuaJIT 2.1.0-beta3)

Running the test with following options:
Number of threads: 32
Target transaction rate: 1000/sec
Initializing random number generator from current time


Initializing worker threads...

Threads started!

Latency histogram (values are in milliseconds)
       value  ------------- distribution ------------- count
       0.456 |*                                        3
       0.464 |*                                        4
       0.473 |**                                       6
       0.481 |***                                      11
       0.490 |***                                      11
       0.499 |******                                   22
       0.508 |*****                                    19
       0.517 |*****                                    18
       0.527 |**********                               40
       0.536 |*********                                35
       0.546 |*********                                37
       0.556 |***********                              42
       0.566 |*************                            51
       0.576 |*************                            52
       0.587 |************                             48
       0.597 |***************                          58
       0.608 |******************                       72
       0.619 |**********************                   86
       0.630 |****************************             109
       0.642 |*******************************          121
       0.654 |*******************************          119
       0.665 |************************************     140
       0.677 |*********************************        127
       0.690 |***********************************      138
       0.702 |**************************************** 156
       0.715 |***********************************      138
       0.728 |***********************************      135
       0.741 |*********************************        128
       0.755 |*******************************          119
       0.768 |**********************************       133
       0.782 |******************************           117
       0.797 |************************************     141
       0.811 |*****************************            112
       0.826 |********************************         126
       0.841 |***********************************      136
       0.856 |*****************************            115
       0.872 |*********************************        128
       0.888 |***************************              104
       0.904 |******************************           117
       0.920 |*****************************            114
       0.937 |************************                 92
       0.954 |****************************             108
       0.971 |**************************               102
       0.989 |*****************                        67
       1.007 |*******************                      74
       1.025 |******************                       71
       1.044 |******************                       69
       1.063 |******************                       71
       1.082 |**************                           56
       1.102 |**************                           53
       1.122 |****************                         61
       1.142 |*********                                36
       1.163 |***************                          57
       1.184 |*************                            50
       1.205 |*************                            50
       1.227 |************                             46
       1.250 |************                             48
       1.272 |***********                              41
       1.295 |********                                 33
       1.319 |***********                              43
       1.343 |*******                                  26
       1.367 |***********                              41
       1.392 |**********                               38
       1.417 |*********                                36
       1.443 |******                                   22
       1.469 |**********                               38
       1.496 |************                             47
       1.523 |*********                                36
       1.551 |*******                                  27
       1.579 |******                                   23
       1.608 |******                                   25
       1.637 |********                                 32
       1.667 |********                                 32
       1.697 |********                                 30
       1.728 |*****                                    18
       1.759 |*****                                    21
       1.791 |*******                                  29
       1.824 |*******                                  29
       1.857 |********                                 31
       1.891 |********                                 31
       1.925 |********                                 31
       1.960 |*********                                36
       1.996 |******                                   25
       2.032 |********                                 30
       2.069 |*******                                  28
       2.106 |******                                   24
       2.145 |********                                 33
       2.184 |******                                   25
       2.223 |********                                 32
       2.264 |********                                 31
       2.305 |*******                                  29
       2.347 |**********                               38
       2.389 |*******                                  26
       2.433 |**********                               38
       2.477 |*******                                  29
       2.522 |***********                              42
       2.568 |*****                                    20
       2.615 |*********                                37
       2.662 |********                                 33
       2.710 |*******                                  28
       2.760 |*****                                    20
       2.810 |*********                                37
       2.861 |*******                                  29
       2.913 |*********                                37
       2.966 |*******                                  28
       3.020 |*******                                  29
       3.075 |********                                 33
       3.130 |*********                                34
       3.187 |********                                 32
       3.245 |***********                              42
       3.304 |*******                                  28
       3.364 |*******                                  29
       3.425 |********                                 30
       3.488 |*******                                  26
       3.551 |******                                   25
       3.615 |********                                 31
       3.681 |********                                 33
       3.748 |*********                                36
       3.816 |********                                 31
       3.885 |********                                 31
       3.956 |**********                               39
       4.028 |************                             46
       4.101 |******                                   22
       4.176 |********                                 31
       4.252 |********                                 32
       4.329 |*******                                  26
       4.407 |********                                 33
       4.487 |********                                 32
       4.569 |*********                                35
       4.652 |*****                                    21
       4.737 |**********                               38
       4.823 |*********                                35
       4.910 |*******                                  26
       4.999 |******                                   23
       5.090 |******                                   24
       5.183 |*********                                36
       5.277 |******                                   23
       5.373 |******                                   24
       5.470 |*******                                  28
       5.570 |*******                                  29
       5.671 |*******                                  29
       5.774 |*********                                35
       5.879 |*******                                  26
       5.986 |*********                                34
       6.095 |********                                 32
       6.205 |********                                 31
       6.318 |***********                              41
       6.433 |**********                               38
       6.550 |*********                                37
       6.669 |********                                 30
       6.790 |**********                               40
       6.913 |********                                 31
       7.039 |***********                              41
       7.167 |**********                               40
       7.297 |*********                                37
       7.430 |**********                               40
       7.565 |*************                            52
       7.702 |**********                               39
       7.842 |***********                              42
       7.985 |**********                               38
       8.130 |***********                              41
       8.277 |***********                              44
       8.428 |**********                               40
       8.581 |************                             45
       8.737 |************                             45
       8.895 |**************                           53
       9.057 |************                             46
       9.222 |************                             47
       9.389 |****************                         64
       9.560 |**************                           53
       9.734 |***************                          57
       9.910 |***************                          58
      10.090 |**************                           53
      10.274 |***********                              44
      10.460 |*************                            49
      10.651 |*********                                35
      10.844 |************                             46
      11.041 |***********                              41
      11.242 |******                                   24
      11.446 |**********                               38
      11.654 |*******                                  28
      11.866 |*******                                  26
      12.081 |*********                                34
      12.301 |***********                              41
      12.524 |**********                               38
      12.752 |*********                                36
      12.984 |*******                                  29
      13.219 |***********                              41
      13.460 |********                                 30
      13.704 |***********                              42
      13.953 |*******                                  29
      14.207 |**********                               40
      14.465 |*******                                  29
      14.728 |********                                 32
      14.995 |*******                                  29
      15.268 |*************                            49
      15.545 |*********                                37
      15.828 |********                                 31
      16.115 |*************                            49
      16.408 |*********                                37
      16.706 |********                                 30
      17.010 |***********                              41
      17.319 |***********                              41
      17.633 |***********                              42
      17.954 |***********                              43
      18.280 |*********                                35
      18.612 |************                             45
      18.950 |************                             48
      19.295 |************                             45
      19.645 |*******                                  29
      20.002 |***********                              43
      20.366 |***********                              42
      20.736 |********                                 32
      21.112 |***********                              43
      21.496 |***********                              44
      21.886 |*******                                  29
      22.284 |***************                          59
      22.689 |***********                              44
      23.101 |**********                               39
      23.521 |*********                                36
      23.948 |***********                              41
      24.384 |*********                                36
      24.827 |**************                           54
      25.278 |************                             45
      25.737 |**************                           55
      26.205 |*********                                36
      26.681 |****************                         62
      27.165 |************                             46
      27.659 |***************                          60
      28.162 |**************                           53
      28.673 |***************                          57
      29.194 |**************                           56
      29.725 |***********                              44
      30.265 |**************                           54
      30.815 |*************                            51
      31.375 |*************                            49
      31.945 |**************                           54
      32.525 |****************                         64
      33.116 |***********                              41
      33.718 |**********                               39
      34.330 |**************                           54
      34.954 |***************                          58
      35.589 |************                             45
      36.236 |**************                           55
      36.894 |***************                          57
      37.565 |************                             46
      38.247 |***************                          60
      38.942 |***********                              44
      39.650 |*************                            51
      40.370 |**************                           54
      41.104 |****************                         64
      41.851 |***************                          59
      42.611 |***************                          60
      43.385 |**************                           55
      44.173 |*************                            50
      44.976 |**************                           55
      45.793 |****************                         63
      46.625 |************                             48
      47.472 |***************                          59
      48.335 |*****************                        65
      49.213 |***************                          59
      50.107 |*******************                      76
      51.018 |******************                       69
      51.945 |***************                          59
      52.889 |***************                          57
      53.850 |******************                       71
      54.828 |******************                       70
      55.824 |***************                          59
      56.839 |*****************                        67
      57.871 |*******************                      74
      58.923 |******************                       69
      59.993 |*****************                        65
      61.083 |********************                     77
      62.193 |******************                       69
      63.323 |******************                       70
      64.474 |***************                          59
      65.645 |***************                          59
      66.838 |******************                       70
      68.053 |**********************                   84
      69.289 |********************                     79
      70.548 |********************                     78
      71.830 |**********************                   86
      73.135 |*******************                      73
      74.464 |****************                         62
      75.817 |******************                       70
      77.194 |******************                       70
      78.597 |**********************                   87
      80.025 |********************                     78
      81.479 |********************                     78
      82.959 |*****************                        65
      84.467 |*****************                        68
      86.002 |******************                       72
      87.564 |*********************                    82
      89.155 |********************                     78
      90.775 |******************                       71
      92.424 |*******************                      76
      94.104 |***************                          60
      95.814 |*********************                    81
      97.555 |*********************                    81
      99.327 |*******************                      76
     101.132 |*********************                    80
     102.969 |********************                     79
     104.840 |*************************                99
     106.745 |**********************                   86
     108.685 |************************                 94
     110.659 |************************                 93
     112.670 |**********************                   87
     114.717 |************************                 92
     116.802 |**********************                   86
     118.924 |**********************                   85
     121.085 |************************                 92
     123.285 |*****************                        67
     125.525 |********************                     78
     127.805 |*********************                    81
     130.128 |********************                     78
     132.492 |**********************                   86
     134.899 |********************                     77
     137.350 |******************                       70
     139.846 |***********************                  91
     142.387 |******************                       69
     144.974 |**********************                   84
     147.608 |***********************                  89
     150.290 |*****************                        65
     153.021 |**********************                   87
     155.801 |******************                       70
     158.632 |****************                         63
     161.514 |******************                       72
     164.449 |*****************                        65
     167.437 |***************                          57
     170.479 |**************                           55
     173.577 |***************                          60
     176.731 |******************                       71
     179.942 |*************                            50
     183.211 |**************                           55
     186.540 |******************                       72
     189.929 |*****************                        66
     193.380 |**********************                   84
     196.894 |*****************                        67
     200.472 |***********                              42
     204.114 |**************                           55
     207.823 |**************                           56
     211.599 |*****************                        65
     215.443 |************                             46
     219.358 |*****************                        67
     223.344 |**********                               39
     227.402 |***************                          59
     231.534 |***************                          60
     235.740 |***************                          57
     240.024 |**************                           54
     244.385 |************                             45
     248.825 |************                             48
     253.346 |*************                            51
     257.950 |*************                            49
     262.636 |***********                              43
     267.408 |************                             48
     272.267 |*************                            51
     277.214 |**************                           53
     282.251 |************                             47
     287.379 |***********                              44
     292.601 |*********                                36
     297.917 |*********                                37
     303.330 |*****                                    19
     308.842 |***********                              44
     314.453 |*********                                34
     320.167 |*********                                37
     325.984 |************                             47
     331.907 |********                                 33
     337.938 |*******                                  28
     344.078 |********                                 31
     350.330 |*********                                37
     356.695 |*******                                  28
     363.176 |***************                          60
     369.775 |************                             47
     376.494 |*******                                  28
     383.334 |********                                 32
     390.299 |*********                                37
     397.391 |********                                 32
     404.611 |********                                 31
     411.963 |******                                   22
     419.448 |******                                   23
     427.069 |*******                                  26
     434.829 |***                                      12
     450.774 |*                                        2
     458.964 |                                         1
 
SQL statistics:
    queries performed:
        read:                            0
        write:                           19938
        other:                           0
        total:                           19938
    transactions:                        19938  (996.04 per sec.)
    queries:                             19938  (996.04 per sec.)
    ignored errors:                      0      (0.00 per sec.)
    reconnects:                          0      (0.00 per sec.)

General statistics:
    total time:                          20.0169s
    total number of events:              19938

Latency (ms):
         min:                                    0.46
         avg:                                   63.66
         max:                                  457.04
         95th percentile:                      267.41
         sum:                              1269193.74

Threads fairness:
    events (avg/stddev):           623.0625/5.78
    execution time (avg/stddev):   39.6623/0.60


