sysbench 1.0.20 (using system LuaJIT 2.1.0-beta3)

Running the test with following options:
Number of threads: 32
Target transaction rate: 3000/sec
Initializing random number generator from current time


Initializing worker threads...

Threads started!

Latency histogram (values are in milliseconds)
       value  ------------- distribution ------------- count
       0.060 |                                         1
       0.061 |                                         1
       0.063 |                                         1
       0.064 |                                         3
       0.065 |                                         3
       0.066 |                                         2
       0.068 |                                         11
       0.069 |                                         14
       0.070 |                                         11
       0.071 |                                         18
       0.073 |                                         18
       0.074 |                                         24
       0.075 |                                         28
       0.077 |*                                        44
       0.078 |*                                        56
       0.079 |*                                        84
       0.081 |**                                       126
       0.082 |**                                       188
       0.084 |****                                     338
       0.085 |*******                                  529
       0.087 |*********                                706
       0.089 |***********                              917
       0.090 |**************                           1163
       0.092 |****************                         1319
       0.093 |*******************                      1541
       0.095 |**********************                   1815
       0.097 |*************************                2072
       0.099 |****************************             2290
       0.100 |*******************************          2526
       0.102 |***********************************      2811
       0.104 |*************************************    3022
       0.106 |**************************************   3080
       0.108 |***************************************  3170
       0.110 |**************************************** 3254
       0.112 |***************************************  3186
       0.114 |**************************************   3113
       0.116 |**************************************** 3231
       0.118 |***************************************  3137
       0.120 |*************************************    2980
       0.122 |***********************************      2842
       0.125 |**********************************       2797
       0.127 |********************************         2634
       0.129 |*****************************            2368
       0.132 |****************************             2298
       0.134 |***************************              2205
       0.136 |*************************                2029
       0.139 |***********************                  1874
       0.141 |*********************                    1707
       0.144 |********************                     1594
       0.147 |******************                       1485
       0.149 |*****************                        1399
       0.152 |**************                           1175
       0.155 |**************                           1172
       0.158 |*************                            1040
       0.160 |************                             966
       0.163 |***********                              915
       0.166 |**********                               808
       0.169 |*********                                752
       0.172 |*********                                694
       0.176 |*********                                694
       0.179 |*******                                  597
       0.182 |*******                                  562
       0.185 |*******                                  531
       0.189 |******                                   511
       0.192 |*****                                    445
       0.196 |******                                   472
       0.199 |*****                                    393
       0.203 |*****                                    382
       0.206 |****                                     324
       0.210 |****                                     311
       0.214 |***                                      277
       0.218 |***                                      280
       0.222 |***                                      240
       0.226 |***                                      226
       0.230 |***                                      210
       0.234 |**                                       202
       0.238 |**                                       199
       0.243 |**                                       162
       0.247 |**                                       164
       0.252 |**                                       143
       0.256 |**                                       134
       0.261 |*                                        108
       0.266 |**                                       134
       0.270 |**                                       125
       0.275 |**                                       138
       0.280 |*                                        97
       0.285 |*                                        98
       0.291 |*                                        93
       0.296 |*                                        74
       0.301 |*                                        86
       0.307 |*                                        67
       0.312 |*                                        76
       0.318 |*                                        64
       0.324 |*                                        48
       0.330 |*                                        69
       0.336 |*                                        47
       0.342 |*                                        52
       0.348 |*                                        59
       0.354 |*                                        46
       0.361 |*                                        41
       0.367 |                                         34
       0.374 |*                                        49
       0.381 |                                         33
       0.388 |                                         40
       0.395 |                                         31
       0.402 |                                         39
       0.409 |                                         36
       0.417 |*                                        42
       0.424 |*                                        44
       0.432 |*                                        53
       0.440 |                                         38
       0.448 |                                         31
       0.456 |                                         34
       0.464 |                                         29
       0.473 |                                         39
       0.481 |                                         25
       0.490 |                                         27
       0.499 |                                         28
       0.508 |                                         25
       0.517 |                                         35
       0.527 |                                         27
       0.536 |                                         28
       0.546 |                                         28
       0.556 |                                         34
       0.566 |                                         21
       0.576 |                                         20
       0.587 |                                         27
       0.597 |                                         19
       0.608 |                                         20
       0.619 |                                         11
       0.630 |                                         14
       0.642 |                                         15
       0.654 |                                         21
       0.665 |                                         22
       0.677 |                                         13
       0.690 |                                         21
       0.702 |                                         11
       0.715 |                                         12
       0.728 |                                         13
       0.741 |                                         16
       0.755 |                                         14
       0.768 |                                         11
       0.782 |                                         9
       0.797 |                                         6
       0.811 |                                         6
       0.826 |                                         11
       0.841 |                                         7
       0.856 |                                         6
       0.872 |                                         2
       0.888 |                                         8
       0.904 |                                         11
       0.920 |                                         6
       0.937 |                                         11
       0.954 |                                         5
       0.971 |                                         8
       0.989 |                                         5
       1.007 |                                         6
       1.025 |                                         7
       1.044 |                                         6
       1.063 |                                         8
       1.082 |                                         2
       1.102 |                                         6
       1.122 |                                         6
       1.142 |                                         6
       1.163 |                                         7
       1.184 |                                         5
       1.205 |                                         5
       1.227 |                                         5
       1.250 |                                         5
       1.272 |                                         4
       1.295 |                                         4
       1.319 |                                         7
       1.343 |                                         6
       1.367 |                                         3
       1.392 |                                         8
       1.417 |                                         3
       1.443 |                                         4
       1.469 |                                         3
       1.496 |                                         2
       1.523 |                                         6
       1.551 |                                         2
       1.579 |                                         10
       1.608 |                                         3
       1.637 |                                         6
       1.667 |                                         5
       1.697 |                                         2
       1.728 |                                         5
       1.759 |                                         5
       1.791 |                                         4
       1.824 |                                         1
       1.857 |                                         2
       1.891 |                                         5
       1.925 |                                         4
       1.960 |                                         4
       1.996 |                                         4
       2.032 |                                         2
       2.069 |                                         4
       2.106 |                                         1
       2.145 |                                         4
       2.184 |                                         3
       2.223 |                                         1
       2.264 |                                         3
       2.305 |                                         2
       2.347 |                                         2
       2.389 |                                         1
       2.433 |                                         1
       2.477 |                                         2
       2.568 |                                         5
       2.615 |                                         1
       2.662 |                                         2
       2.710 |                                         1
       2.861 |                                         2
       2.913 |                                         2
       2.966 |                                         3
       3.130 |                                         2
       3.187 |                                         3
       3.245 |                                         6
       3.304 |                                         1
       3.364 |                                         2
       3.425 |                                         2
       3.488 |                                         2
       3.615 |                                         1
       3.681 |                                         4
       3.816 |                                         3
       3.885 |                                         2
       3.956 |                                         1
       4.028 |                                         1
       4.101 |                                         1
       4.176 |                                         1
       4.252 |                                         2
       4.329 |                                         4
       4.407 |                                         2
       4.487 |                                         2
       4.569 |                                         2
       4.652 |                                         1
       4.737 |                                         3
       4.999 |                                         1
       5.277 |                                         2
       5.373 |                                         3
       5.470 |                                         2
       5.570 |                                         2
       5.671 |                                         1
       6.095 |                                         2
       6.205 |                                         2
       6.433 |                                         1
       7.039 |                                         1
       7.167 |                                         3
       7.297 |                                         1
       7.565 |                                         1
 
SQL statistics:
    queries performed:
        read:                            90097
        write:                           0
        other:                           0
        total:                           90097
    transactions:                        90097  (3001.31 per sec.)
    queries:                             90097  (3001.31 per sec.)
    ignored errors:                      0      (0.00 per sec.)
    reconnects:                          0      (0.00 per sec.)

General statistics:
    total time:                          30.0180s
    total number of events:              90097

Latency (ms):
         min:                                    0.06
         avg:                                    0.14
         max:                                    7.62
         95th percentile:                        0.22
         sum:                                12812.76

Threads fairness:
    events (avg/stddev):           2815.5312/17.41
    execution time (avg/stddev):   0.4004/0.01


