sysbench 1.0.20 (using system LuaJIT 2.1.0-beta3)

Running the test with following options:
Number of threads: 32
Target transaction rate: 3000/sec
Initializing random number generator from current time


Initializing worker threads...

Threads started!

Latency histogram (values are in milliseconds)
       value  ------------- distribution ------------- count
       0.060 |                                         1
       0.061 |                                         4
       0.063 |                                         2
       0.064 |                                         3
       0.065 |                                         5
       0.066 |                                         21
       0.068 |                                         24
       0.069 |                                         23
       0.070 |                                         27
       0.071 |                                         39
       0.073 |                                         35
       0.074 |*                                        63
       0.075 |*                                        92
       0.077 |**                                       179
       0.078 |***                                      305
       0.079 |*****                                    573
       0.081 |********                                 920
       0.082 |************                             1320
       0.084 |***************                          1690
       0.085 |*******************                      2072
       0.087 |*********************                    2267
       0.089 |************************                 2663
       0.090 |***************************              2953
       0.092 |*******************************          3358
       0.093 |**********************************       3676
       0.095 |***********************************      3845
       0.097 |*************************************    4077
       0.099 |**************************************   4182
       0.100 |**************************************** 4385
       0.102 |***************************************  4307
       0.104 |***************************************  4309
       0.106 |************************************     3998
       0.108 |**********************************       3746
       0.110 |******************************           3318
       0.112 |***************************              3012
       0.114 |*************************                2767
       0.116 |************************                 2631
       0.118 |*********************                    2342
       0.120 |********************                     2244
       0.122 |******************                       1922
       0.125 |***************                          1664
       0.127 |*************                            1459
       0.129 |************                             1354
       0.132 |***********                              1178
       0.134 |*********                                1011
       0.136 |********                                 895
       0.139 |********                                 832
       0.141 |*******                                  738
       0.144 |*****                                    583
       0.147 |*****                                    581
       0.149 |*****                                    548
       0.152 |*****                                    495
       0.155 |****                                     437
       0.158 |****                                     441
       0.160 |****                                     415
       0.163 |****                                     417
       0.166 |***                                      344
       0.169 |***                                      344
       0.172 |***                                      290
       0.176 |***                                      277
       0.179 |**                                       245
       0.182 |**                                       218
       0.185 |**                                       219
       0.189 |**                                       167
       0.192 |*                                        153
       0.196 |*                                        126
       0.199 |*                                        112
       0.203 |*                                        89
       0.206 |*                                        82
       0.210 |                                         52
       0.214 |*                                        74
       0.218 |                                         43
       0.222 |                                         41
       0.226 |                                         36
       0.230 |                                         27
       0.234 |                                         25
       0.238 |                                         26
       0.243 |                                         21
       0.247 |                                         10
       0.252 |                                         14
       0.256 |                                         14
       0.261 |                                         12
       0.266 |                                         10
       0.270 |                                         4
       0.275 |                                         4
       0.280 |                                         6
       0.285 |                                         9
       0.291 |                                         1
       0.296 |                                         5
       0.301 |                                         3
       0.307 |                                         6
       0.312 |                                         3
       0.318 |                                         3
       0.324 |                                         3
       0.330 |                                         4
       0.336 |                                         6
       0.342 |                                         6
       0.348 |                                         3
       0.354 |                                         2
       0.361 |                                         1
       0.367 |                                         3
       0.374 |                                         2
       0.381 |                                         2
       0.388 |                                         2
       0.402 |                                         1
       0.409 |                                         3
       0.417 |                                         2
       0.424 |                                         2
       0.432 |                                         2
       0.440 |                                         2
       0.456 |                                         1
       0.464 |                                         1
       0.473 |                                         1
       0.499 |                                         1
       0.536 |                                         1
       0.546 |                                         2
       0.566 |                                         1
       0.576 |                                         1
       0.587 |                                         1
       0.608 |                                         1
       0.619 |                                         3
       0.654 |                                         1
       0.715 |                                         1
       0.768 |                                         1
       0.826 |                                         1
       0.920 |                                         1
       1.007 |                                         2
       1.102 |                                         1
       1.122 |                                         2
       1.142 |                                         1
       1.205 |                                         1
       1.417 |                                         1
       1.523 |                                         1
       1.996 |                                         2
       2.223 |                                         1
       2.433 |                                         1
       3.020 |                                         1
 
SQL statistics:
    queries performed:
        read:                            89642
        write:                           0
        other:                           0
        total:                           89642
    transactions:                        89642  (2986.52 per sec.)
    queries:                             89642  (2986.52 per sec.)
    ignored errors:                      0      (0.00 per sec.)
    reconnects:                          0      (0.00 per sec.)

General statistics:
    total time:                          30.0143s
    total number of events:              89642

Latency (ms):
         min:                                    0.06
         avg:                                    0.11
         max:                                    3.04
         95th percentile:                        0.15
         sum:                                 9830.91

Threads fairness:
    events (avg/stddev):           2801.3125/12.42
    execution time (avg/stddev):   0.3072/0.00


