sysbench 1.0.20 (using system LuaJIT 2.1.0-beta3)

Running the test with following options:
Number of threads: 32
Target transaction rate: 3000/sec
Initializing random number generator from current time


Initializing worker threads...

Threads started!

Latency histogram (values are in milliseconds)
       value  ------------- distribution ------------- count
       0.114 |                                         2
       0.122 |                                         4
       0.125 |                                         6
       0.127 |                                         18
       0.129 |                                         20
       0.132 |*                                        51
       0.134 |*                                        104
       0.136 |***                                      206
       0.139 |*****                                    403
       0.141 |*******                                  598
       0.144 |**********                               778
       0.147 |***********                              858
       0.149 |**************                           1145
       0.152 |*****************                        1366
       0.155 |********************                     1614
       0.158 |********************                     1595
       0.160 |********************                     1570
       0.163 |*******************                      1511
       0.166 |********************                     1612
       0.169 |***********************                  1870
       0.172 |******************************           2428
       0.176 |***********************************      2825
       0.179 |**************************************   3033
       0.182 |***************************************  3149
       0.185 |**************************************** 3191
       0.189 |***************************************  3138
       0.192 |*************************************    2919
       0.196 |*****************************            2293
       0.199 |**********************                   1722
       0.203 |*****************                        1387
       0.206 |**************                           1102
       0.210 |************                             926
       0.214 |**********                               781
       0.218 |*********                                684
       0.222 |********                                 603
       0.226 |*******                                  556
       0.230 |******                                   444
       0.234 |*****                                    425
       0.238 |*****                                    375
       0.243 |*****                                    360
       0.247 |****                                     308
       0.252 |***                                      271
       0.256 |***                                      235
       0.261 |**                                       197
       0.266 |**                                       194
       0.270 |**                                       167
       0.275 |**                                       155
       0.280 |**                                       149
       0.285 |**                                       134
       0.291 |**                                       129
       0.296 |**                                       130
       0.301 |**                                       141
       0.307 |**                                       128
       0.312 |**                                       156
       0.318 |**                                       134
       0.324 |**                                       154
       0.330 |***                                      205
       0.336 |***                                      234
       0.342 |****                                     288
       0.348 |*****                                    373
       0.354 |*****                                    417
       0.361 |******                                   470
       0.367 |*******                                  533
       0.374 |*******                                  594
       0.381 |*******                                  570
       0.388 |********                                 622
       0.395 |********                                 611
       0.402 |*******                                  582
       0.409 |******                                   510
       0.417 |*****                                    434
       0.424 |*****                                    416
       0.432 |****                                     323
       0.440 |***                                      268
       0.448 |***                                      214
       0.456 |**                                       177
       0.464 |**                                       159
       0.473 |**                                       120
       0.481 |*                                        112
       0.490 |*                                        69
       0.499 |*                                        77
       0.508 |*                                        72
       0.517 |*                                        65
       0.527 |*                                        46
       0.536 |*                                        57
       0.546 |                                         39
       0.556 |                                         30
       0.566 |                                         37
       0.576 |                                         30
       0.587 |                                         25
       0.597 |                                         26
       0.608 |                                         15
       0.619 |                                         25
       0.630 |                                         26
       0.642 |                                         21
       0.654 |                                         9
       0.665 |                                         20
       0.677 |                                         10
       0.690 |                                         6
       0.702 |                                         9
       0.715 |                                         7
       0.728 |                                         6
       0.741 |                                         6
       0.755 |                                         5
       0.797 |                                         4
       0.811 |                                         2
       0.841 |                                         2
       0.856 |                                         1
       0.872 |                                         4
       0.888 |                                         2
       0.904 |                                         1
       0.920 |                                         2
       0.937 |                                         2
       0.954 |                                         3
       1.025 |                                         2
       1.044 |                                         1
       1.063 |                                         2
       1.082 |                                         1
       1.102 |                                         1
       1.122 |                                         2
       1.142 |                                         2
       1.163 |                                         2
       1.184 |                                         1
       1.205 |                                         1
       1.227 |                                         2
       1.272 |                                         1
       1.319 |                                         1
       1.392 |                                         3
       1.417 |                                         1
       1.496 |                                         1
       1.523 |                                         2
       1.579 |                                         1
       1.637 |                                         1
       1.667 |                                         1
       1.759 |                                         1
       1.791 |                                         1
       1.996 |                                         1
       2.069 |                                         1
       2.106 |                                         1
       2.223 |                                         2
       2.615 |                                         1
       2.662 |                                         1
       2.861 |                                         1
       3.304 |                                         1
       3.425 |                                         2
       3.488 |                                         1
       3.551 |                                         1
       3.816 |                                         1
       4.101 |                                         2
       5.090 |                                         1
       5.183 |                                         1
       5.277 |                                         2
       5.570 |                                         1
       6.318 |                                         1
       6.913 |                                         1
       7.167 |                                         2
       8.581 |                                         1
       8.737 |                                         1
       9.389 |                                         1
       9.734 |                                         1
      11.041 |                                         1
      11.866 |                                         1
      13.219 |                                         3
 
SQL statistics:
    queries performed:
        read:                            59512
        write:                           0
        other:                           0
        total:                           59512
    transactions:                        59512  (2973.31 per sec.)
    queries:                             59512  (2973.31 per sec.)
    ignored errors:                      0      (0.00 per sec.)
    reconnects:                          0      (0.00 per sec.)

General statistics:
    total time:                          20.0151s
    total number of events:              59512

Latency (ms):
         min:                                    0.11
         avg:                                    0.22
         max:                                   13.15
         95th percentile:                        0.42
         sum:                                13292.75

Threads fairness:
    events (avg/stddev):           1859.7500/15.00
    execution time (avg/stddev):   0.4154/0.01


