sysbench 1.0.20 (using system LuaJIT 2.1.0-beta3)

Running the test with following options:
Number of threads: 32
Target transaction rate: 1000/sec
Initializing random number generator from current time


Initializing worker threads...

Threads started!

Latency histogram (values are in milliseconds)
       value  ------------- distribution ------------- count
       0.654 |                                         1
       0.677 |                                         2
       0.690 |                                         8
       0.702 |*                                        12
       0.715 |*                                        19
       0.728 |**                                       32
       0.741 |**                                       45
       0.755 |***                                      56
       0.768 |****                                     90
       0.782 |*****                                    100
       0.797 |******                                   115
       0.811 |********                                 153
       0.826 |********                                 162
       0.841 |*********                                179
       0.856 |***********                              227
       0.872 |**************                           290
       0.888 |*****************                        332
       0.904 |********************                     407
       0.920 |**********************                   447
       0.937 |****************************             558
       0.954 |*******************************          615
       0.971 |**********************************       679
       0.989 |***************************************  774
       1.007 |**************************************** 801
       1.025 |**************************************   754
       1.044 |*************************************    744
       1.063 |***************************************  775
       1.082 |***************************************  779
       1.102 |************************************     728
       1.122 |***********************************      702
       1.142 |***********************************      704
       1.163 |*******************************          612
       1.184 |*******************************          614
       1.205 |*****************************            582
       1.227 |***************************              550
       1.250 |**************************               523
       1.272 |***********************                  452
       1.295 |***********************                  458
       1.319 |*********************                    424
       1.343 |*******************                      388
       1.367 |*****************                        342
       1.392 |*****************                        336
       1.417 |***************                          297
       1.443 |**************                           278
       1.469 |************                             246
       1.496 |*************                            255
       1.523 |***********                              214
       1.551 |**********                               194
       1.579 |*******                                  146
       1.608 |*******                                  134
       1.637 |*****                                    109
       1.667 |******                                   122
       1.697 |****                                     87
       1.728 |***                                      66
       1.759 |****                                     86
       1.791 |***                                      56
       1.824 |***                                      51
       1.857 |***                                      67
       1.891 |**                                       41
       1.925 |**                                       44
       1.960 |**                                       33
       1.996 |**                                       37
       2.032 |**                                       35
       2.069 |*                                        30
       2.106 |*                                        29
       2.145 |*                                        27
       2.184 |**                                       31
       2.223 |*                                        17
       2.264 |*                                        15
       2.305 |*                                        17
       2.347 |**                                       32
       2.389 |*                                        29
       2.433 |*                                        13
       2.477 |*                                        27
       2.522 |*                                        18
       2.568 |*                                        22
       2.615 |*                                        21
       2.662 |*                                        18
       2.710 |*                                        21
       2.760 |*                                        25
       2.810 |*                                        26
       2.861 |*                                        24
       2.913 |*                                        17
       2.966 |*                                        13
       3.020 |*                                        19
       3.075 |*                                        20
       3.130 |*                                        21
       3.187 |*                                        16
       3.245 |*                                        14
       3.304 |*                                        18
       3.364 |*                                        12
       3.425 |*                                        16
       3.488 |*                                        22
       3.551 |*                                        13
       3.615 |*                                        25
       3.681 |*                                        11
       3.748 |*                                        18
       3.816 |*                                        17
       3.885 |*                                        16
       3.956 |*                                        14
       4.028 |*                                        13
       4.101 |*                                        23
       4.176 |*                                        19
       4.252 |*                                        16
       4.329 |*                                        13
       4.407 |*                                        12
       4.487 |*                                        20
       4.569 |*                                        20
       4.652 |                                         10
       4.737 |                                         5
       4.823 |                                         8
       4.910 |*                                        11
       4.999 |                                         4
       5.090 |                                         7
       5.183 |                                         3
       5.277 |                                         4
       5.373 |                                         4
       5.671 |                                         1
       5.774 |                                         1
       5.879 |                                         1
       5.986 |                                         1
       7.039 |                                         1
       7.167 |                                         1
       7.842 |                                         1
 
SQL statistics:
    queries performed:
        read:                            0
        write:                           20112
        other:                           0
        total:                           20112
    transactions:                        20112  (1004.76 per sec.)
    queries:                             20112  (1004.76 per sec.)
    ignored errors:                      0      (0.00 per sec.)
    reconnects:                          0      (0.00 per sec.)

General statistics:
    total time:                          20.0154s
    total number of events:              20112

Latency (ms):
         min:                                    0.65
         avg:                                    1.24
         max:                                    7.88
         95th percentile:                        2.00
         sum:                                25033.46

Threads fairness:
    events (avg/stddev):           628.5000/3.97
    execution time (avg/stddev):   0.7823/0.01


