sysbench 1.0.20 (using system LuaJIT 2.1.0-beta3)

Running the test with following options:
Number of threads: 32
Target transaction rate: 300/sec
Initializing random number generator from current time


Initializing worker threads...

Threads started!

Latency histogram (values are in milliseconds)
       value  ------------- distribution ------------- count
       1.996 |*                                        8
       2.032 |**                                       31
       2.069 |*******                                  83
       2.106 |***************                          187
       2.145 |********************                     255
       2.184 |*******************                      242
       2.223 |****************                         201
       2.264 |************                             152
       2.305 |**********                               123
       2.347 |*********                                117
       2.389 |***********                              135
       2.433 |***********                              134
       2.477 |*************                            160
       2.522 |*****************                        218
       2.568 |***********************                  289
       2.615 |**********************************       429
       2.662 |**************************************** 507
       2.710 |************************************     450
       2.760 |***************************              343
       2.810 |****************************             353
       2.861 |***************************              341
       2.913 |************************                 302
       2.966 |*******************                      243
       3.020 |****************                         209
       3.075 |**********                               124
       3.130 |*******                                  87
       3.187 |*****                                    62
       3.245 |***                                      44
       3.304 |***                                      39
       3.364 |**                                       26
       3.425 |**                                       21
       3.488 |**                                       20
       3.551 |*                                        12
       3.615 |*                                        11
       3.681 |                                         6
       3.748 |*                                        7
       3.816 |                                         6
       3.885 |                                         2
       4.028 |                                         4
       4.101 |                                         4
       4.176 |                                         4
       4.252 |                                         5
       4.329 |                                         4
       4.407 |                                         2
       4.487 |                                         3
       4.569 |                                         3
       4.737 |                                         4
       4.823 |                                         3
       4.910 |                                         2
       4.999 |                                         1
       5.183 |                                         2
       5.277 |                                         2
       5.570 |                                         1
       5.671 |                                         2
       5.774 |                                         2
       5.879 |                                         1
       6.095 |                                         3
       6.433 |                                         1
      18.612 |                                         1
 
SQL statistics:
    queries performed:
        read:                            84462
        write:                           0
        other:                           12066
        total:                           96528
    transactions:                        6033   (301.34 per sec.)
    queries:                             96528  (4821.41 per sec.)
    ignored errors:                      0      (0.00 per sec.)
    reconnects:                          0      (0.00 per sec.)

General statistics:
    total time:                          20.0203s
    total number of events:              6033

Latency (ms):
         min:                                    1.98
         avg:                                    2.66
         max:                                   18.73
         95th percentile:                        3.19
         sum:                                16026.46

Threads fairness:
    events (avg/stddev):           188.5312/1.77
    execution time (avg/stddev):   0.5008/0.01


