sysbench 1.0.20 (using system LuaJIT 2.1.0-beta3)

Running the test with following options:
Number of threads: 32
Target transaction rate: 1000/sec
Initializing random number generator from current time


Initializing worker threads...

Threads started!

Latency histogram (values are in milliseconds)
       value  ------------- distribution ------------- count
       0.654 |                                         1
       0.690 |                                         2
       0.702 |                                         1
       0.715 |                                         3
       0.728 |*                                        12
       0.741 |*                                        14
       0.755 |*                                        15
       0.768 |*                                        24
       0.782 |**                                       38
       0.797 |***                                      49
       0.811 |***                                      62
       0.826 |****                                     79
       0.841 |*****                                    89
       0.856 |******                                   113
       0.872 |*******                                  134
       0.888 |********                                 148
       0.904 |********                                 154
       0.920 |***********                              206
       0.937 |*************                            237
       0.954 |**************                           264
       0.971 |*****************                        309
       0.989 |******************                       339
       1.007 |************************                 440
       1.025 |***************************              505
       1.044 |*****************************            539
       1.063 |******************************           557
       1.082 |**********************************       635
       1.102 |*************************************    698
       1.122 |**************************************   719
       1.142 |**************************************   716
       1.163 |**************************************** 748
       1.184 |*************************************    699
       1.205 |**************************************** 742
       1.227 |**************************************** 745
       1.250 |***************************************  724
       1.272 |**************************************** 748
       1.295 |************************************     675
       1.319 |***************************************  733
       1.343 |***************************************  720
       1.367 |***************************************  730
       1.392 |**************************************   704
       1.417 |************************************     670
       1.443 |***********************************      662
       1.469 |**********************************       628
       1.496 |*********************************        611
       1.523 |******************************           566
       1.551 |*****************************            547
       1.579 |*****************************            548
       1.608 |****************************             516
       1.637 |**************************               481
       1.667 |*************************                470
       1.697 |***********************                  431
       1.728 |*********************                    399
       1.759 |*********************                    391
       1.791 |*********************                    386
       1.824 |*******************                      346
       1.857 |*******************                      349
       1.891 |*******************                      355
       1.925 |*****************                        311
       1.960 |****************                         307
       1.996 |****************                         292
       2.032 |***************                          279
       2.069 |**************                           254
       2.106 |*************                            245
       2.145 |*************                            240
       2.184 |************                             218
       2.223 |***********                              205
       2.264 |**********                               185
       2.305 |***********                              197
       2.347 |*********                                165
       2.389 |*********                                167
       2.433 |*********                                176
       2.477 |*********                                168
       2.522 |********                                 148
       2.568 |********                                 149
       2.615 |********                                 145
       2.662 |*******                                  128
       2.710 |******                                   118
       2.760 |*****                                    102
       2.810 |*****                                    97
       2.861 |*****                                    102
       2.913 |******                                   105
       2.966 |*****                                    96
       3.020 |*****                                    86
       3.075 |****                                     70
       3.130 |*****                                    86
       3.187 |*****                                    86
       3.245 |****                                     68
       3.304 |****                                     77
       3.364 |***                                      61
       3.425 |****                                     68
       3.488 |***                                      64
       3.551 |****                                     66
       3.615 |***                                      61
       3.681 |***                                      58
       3.748 |**                                       46
       3.816 |***                                      54
       3.885 |**                                       44
       3.956 |**                                       39
       4.028 |***                                      49
       4.101 |**                                       35
       4.176 |**                                       46
       4.252 |**                                       39
       4.329 |*                                        27
       4.407 |**                                       39
       4.487 |**                                       37
       4.569 |**                                       30
       4.652 |**                                       35
       4.737 |**                                       31
       4.823 |*                                        24
       4.910 |**                                       31
       4.999 |**                                       29
       5.090 |**                                       29
       5.183 |*                                        27
       5.277 |*                                        19
       5.373 |*                                        22
       5.470 |*                                        14
       5.570 |*                                        19
       5.671 |*                                        13
       5.774 |*                                        14
       5.879 |*                                        18
       5.986 |                                         9
       6.095 |*                                        15
       6.205 |                                         9
       6.318 |*                                        17
       6.433 |                                         6
       6.550 |*                                        11
       6.669 |*                                        15
       6.790 |*                                        10
       6.913 |                                         6
       7.039 |                                         8
       7.167 |*                                        17
       7.297 |                                         6
       7.430 |                                         8
       7.565 |                                         6
       7.702 |                                         6
       7.842 |                                         9
       7.985 |                                         3
       8.130 |                                         6
       8.277 |                                         6
       8.428 |                                         1
       8.581 |                                         5
       8.737 |                                         2
       8.895 |                                         8
       9.057 |                                         6
       9.222 |                                         2
       9.389 |                                         5
       9.560 |                                         3
       9.734 |                                         4
       9.910 |                                         3
      10.090 |                                         4
      10.274 |                                         2
      10.460 |                                         2
      10.651 |                                         2
      10.844 |                                         4
      11.041 |                                         5
      11.242 |                                         2
      11.654 |                                         3
      11.866 |                                         3
      12.081 |                                         1
      12.301 |                                         2
      12.524 |                                         1
      12.752 |                                         2
      12.984 |                                         1
      13.219 |                                         1
      13.460 |                                         2
      13.704 |                                         4
      13.953 |                                         3
      14.207 |                                         3
      14.465 |                                         1
      14.995 |                                         2
      15.268 |                                         1
      15.545 |                                         2
      15.828 |                                         1
      16.115 |                                         2
      16.408 |                                         2
      17.010 |                                         5
      17.319 |                                         1
      17.633 |                                         2
      17.954 |                                         3
      18.280 |                                         3
      18.612 |                                         2
      18.950 |                                         1
      19.295 |                                         5
      19.645 |                                         1
      20.002 |                                         1
      20.366 |                                         2
      20.736 |                                         3
      21.112 |                                         2
      21.496 |                                         3
      21.886 |                                         1
      22.284 |                                         1
      22.689 |                                         1
      23.101 |                                         2
      23.521 |                                         1
      23.948 |                                         2
      24.384 |                                         4
      24.827 |                                         1
      25.278 |                                         5
      25.737 |                                         1
      26.681 |                                         1
      27.659 |                                         2
      28.162 |                                         3
      28.673 |                                         1
      29.194 |                                         1
      30.265 |                                         5
      30.815 |                                         1
      31.375 |                                         1
      32.525 |                                         1
      33.116 |                                         1
      34.330 |                                         1
      38.942 |                                         1
      41.104 |                                         1
 
SQL statistics:
    queries performed:
        read:                            0
        write:                           30029
        other:                           0
        total:                           30029
    transactions:                        30029  (1000.44 per sec.)
    queries:                             30029  (1000.44 per sec.)
    ignored errors:                      0      (0.00 per sec.)
    reconnects:                          0      (0.00 per sec.)

General statistics:
    total time:                          30.0147s
    total number of events:              30029

Latency (ms):
         min:                                    0.65
         avg:                                    1.73
         max:                                   41.42
         95th percentile:                        3.36
         sum:                                51983.90

Threads fairness:
    events (avg/stddev):           938.4062/6.29
    execution time (avg/stddev):   1.6245/0.03


