sysbench 1.0.20 (using system LuaJIT 2.1.0-beta3)

Running the test with following options:
Number of threads: 32
Target transaction rate: 1000/sec
Initializing random number generator from current time


Initializing worker threads...

Threads started!

Latency histogram (values are in milliseconds)
       value  ------------- distribution ------------- count
       0.630 |                                         1
       0.654 |                                         1
       0.677 |                                         1
       0.690 |                                         8
       0.702 |                                         8
       0.715 |                                         13
       0.728 |*                                        23
       0.741 |*                                        34
       0.755 |**                                       51
       0.768 |***                                      72
       0.782 |****                                     100
       0.797 |*****                                    138
       0.811 |*****                                    145
       0.826 |******                                   175
       0.841 |*******                                  197
       0.856 |*********                                258
       0.872 |*********                                242
       0.888 |**********                               275
       0.904 |***********                              305
       0.920 |*************                            364
       0.937 |***************                          420
       0.954 |********************                     552
       0.971 |**********************                   593
       0.989 |*************************                687
       1.007 |*****************************            792
       1.025 |*********************************        908
       1.044 |*************************************    1030
       1.063 |**************************************   1057
       1.082 |***************************************  1088
       1.102 |**************************************** 1094
       1.122 |**************************************   1042
       1.142 |*************************************    1028
       1.163 |**************************************** 1102
       1.184 |*************************************    1007
       1.205 |***********************************      976
       1.227 |**********************************       926
       1.250 |***********************************      965
       1.272 |*****************************            806
       1.295 |****************************             763
       1.319 |****************************             785
       1.343 |*************************                694
       1.367 |************************                 668
       1.392 |***********************                  621
       1.417 |**********************                   594
       1.443 |********************                     564
       1.469 |*******************                      526
       1.496 |*****************                        470
       1.523 |****************                         434
       1.551 |***************                          405
       1.579 |************                             320
       1.608 |*************                            353
       1.637 |**********                               288
       1.667 |**********                               270
       1.697 |*********                                260
       1.728 |*******                                  200
       1.759 |******                                   169
       1.791 |******                                   162
       1.824 |******                                   155
       1.857 |*****                                    127
       1.891 |*****                                    126
       1.925 |*****                                    134
       1.960 |***                                      88
       1.996 |***                                      96
       2.032 |***                                      83
       2.069 |***                                      91
       2.106 |***                                      77
       2.145 |***                                      70
       2.184 |**                                       62
       2.223 |***                                      74
       2.264 |***                                      77
       2.305 |**                                       59
       2.347 |**                                       61
       2.389 |***                                      69
       2.433 |**                                       58
       2.477 |**                                       59
       2.522 |**                                       66
       2.568 |**                                       58
       2.615 |**                                       55
       2.662 |**                                       48
       2.710 |**                                       44
       2.760 |**                                       47
       2.810 |**                                       58
       2.861 |*                                        38
       2.913 |*                                        40
       2.966 |*                                        37
       3.020 |*                                        26
       3.075 |*                                        37
       3.130 |**                                       48
       3.187 |**                                       43
       3.245 |**                                       43
       3.304 |*                                        34
       3.364 |*                                        32
       3.425 |*                                        33
       3.488 |*                                        28
       3.551 |*                                        31
       3.615 |*                                        37
       3.681 |*                                        28
       3.748 |*                                        29
       3.816 |*                                        29
       3.885 |*                                        29
       3.956 |*                                        24
       4.028 |*                                        23
       4.101 |*                                        16
       4.176 |*                                        23
       4.252 |*                                        15
       4.329 |*                                        25
       4.407 |*                                        23
       4.487 |*                                        30
       4.569 |*                                        27
       4.652 |*                                        15
       4.737 |                                         11
       4.823 |                                         13
       4.910 |*                                        16
       4.999 |*                                        18
       5.090 |                                         10
       5.183 |                                         7
       5.277 |                                         6
       5.373 |                                         11
       5.470 |                                         11
       5.570 |                                         11
       5.671 |                                         5
       5.774 |                                         8
       5.879 |                                         9
       5.986 |                                         4
       6.095 |                                         5
       6.205 |                                         6
       6.318 |                                         10
       6.433 |                                         4
       6.550 |                                         4
       6.669 |                                         3
       6.790 |                                         6
       6.913 |                                         5
       7.039 |                                         2
       7.167 |                                         3
       7.297 |                                         2
       7.430 |                                         3
       7.565 |                                         4
       7.702 |                                         2
       7.842 |                                         3
       7.985 |                                         1
       8.130 |                                         1
       8.277 |                                         1
       8.581 |                                         5
       8.737 |                                         2
       9.057 |                                         1
       9.389 |                                         1
       9.734 |                                         3
       9.910 |                                         1
      10.090 |                                         2
      10.460 |                                         1
      10.651 |                                         1
      11.242 |                                         1
      11.866 |                                         1
      12.524 |                                         1
      13.219 |                                         1
      13.704 |                                         1
      13.953 |                                         1
      14.207 |                                         2
      14.465 |                                         3
      15.545 |                                         1
      15.828 |                                         1
      16.706 |                                         1
      17.010 |                                         1
      17.954 |                                         1
      18.612 |                                         3
      20.002 |                                         1
      21.112 |                                         3
      21.496 |                                         1
      22.284 |                                         4
      23.101 |                                         1
      23.521 |                                         1
      24.827 |                                         1
      26.205 |                                         1
      26.681 |                                         1
      27.659 |                                         1
      28.162 |                                         4
      29.194 |                                         1
      30.265 |                                         2
      30.815 |                                         1
      31.375 |                                         1
      33.116 |                                         1
      34.330 |                                         3
      34.954 |                                         1
      35.589 |                                         1
      36.236 |                                         1
      36.894 |                                         1
      37.565 |                                         1
      38.942 |                                         1
      39.650 |                                         1
      41.851 |                                         1
      45.793 |                                         2
      46.625 |                                         1
      47.472 |                                         2
      48.335 |                                         1
      49.213 |                                         1
 
SQL statistics:
    queries performed:
        read:                            0
        write:                           30099
        other:                           0
        total:                           30099
    transactions:                        30099  (1002.57 per sec.)
    queries:                             30099  (1002.57 per sec.)
    ignored errors:                      0      (0.00 per sec.)
    reconnects:                          0      (0.00 per sec.)

General statistics:
    total time:                          30.0207s
    total number of events:              30099

Latency (ms):
         min:                                    0.63
         avg:                                    1.42
         max:                                   49.33
         95th percentile:                        2.48
         sum:                                42699.92

Threads fairness:
    events (avg/stddev):           940.5938/4.18
    execution time (avg/stddev):   1.3344/0.02


