sysbench 1.0.20 (using system LuaJIT 2.1.0-beta3)

Running the test with following options:
Number of threads: 32
Target transaction rate: 3000/sec
Initializing random number generator from current time


Initializing worker threads...

Threads started!

Latency histogram (values are in milliseconds)
       value  ------------- distribution ------------- count
       0.114 |                                         1
       0.116 |                                         1
       0.120 |                                         2
       0.122 |                                         3
       0.125 |                                         4
       0.127 |                                         17
       0.129 |                                         36
       0.132 |                                         55
       0.134 |*                                        126
       0.136 |**                                       265
       0.139 |***                                      461
       0.141 |******                                   824
       0.144 |*******                                  1075
       0.147 |*********                                1367
       0.149 |************                             1675
       0.152 |***************                          2114
       0.155 |*****************                        2460
       0.158 |*******************                      2787
       0.160 |********************                     2888
       0.163 |*******************                      2801
       0.166 |*******************                      2765
       0.169 |********************                     2959
       0.172 |*************************                3627
       0.176 |*******************************          4409
       0.179 |**********************************       4865
       0.182 |*************************************    5352
       0.185 |*************************************    5391
       0.189 |**************************************** 5775
       0.192 |***************************************  5676
       0.196 |***********************************      5099
       0.199 |****************************             3974
       0.203 |**********************                   3166
       0.206 |*******************                      2745
       0.210 |****************                         2243
       0.214 |*************                            1901
       0.218 |***********                              1537
       0.222 |********                                 1212
       0.226 |*******                                  992
       0.230 |******                                   839
       0.234 |*****                                    709
       0.238 |****                                     571
       0.243 |****                                     549
       0.247 |***                                      441
       0.252 |***                                      375
       0.256 |**                                       351
       0.261 |**                                       316
       0.266 |**                                       255
       0.270 |**                                       232
       0.275 |**                                       222
       0.280 |**                                       220
       0.285 |*                                        201
       0.291 |*                                        213
       0.296 |*                                        190
       0.301 |*                                        184
       0.307 |*                                        174
       0.312 |*                                        178
       0.318 |*                                        179
       0.324 |*                                        158
       0.330 |*                                        135
       0.336 |*                                        141
       0.342 |*                                        111
       0.348 |*                                        103
       0.354 |                                         59
       0.361 |                                         43
       0.367 |                                         46
       0.374 |                                         36
       0.381 |                                         31
       0.388 |                                         16
       0.395 |                                         16
       0.402 |                                         18
       0.409 |                                         10
       0.417 |                                         8
       0.424 |                                         7
       0.432 |                                         6
       0.440 |                                         5
       0.448 |                                         7
       0.456 |                                         3
       0.464 |                                         4
       0.473 |                                         4
       0.481 |                                         4
       0.490 |                                         2
       0.508 |                                         2
       0.517 |                                         2
       0.527 |                                         1
       0.546 |                                         1
       0.566 |                                         1
       0.608 |                                         1
       0.619 |                                         1
       0.715 |                                         1
       0.768 |                                         1
       1.007 |                                         1
       1.063 |                                         1
 
SQL statistics:
    queries performed:
        read:                            90035
        write:                           0
        other:                           0
        total:                           90035
    transactions:                        90035  (2999.52 per sec.)
    queries:                             90035  (2999.52 per sec.)
    ignored errors:                      0      (0.00 per sec.)
    reconnects:                          0      (0.00 per sec.)

General statistics:
    total time:                          30.0160s
    total number of events:              90035

Latency (ms):
         min:                                    0.11
         avg:                                    0.19
         max:                                    1.06
         95th percentile:                        0.25
         sum:                                17005.60

Threads fairness:
    events (avg/stddev):           2813.5938/19.11
    execution time (avg/stddev):   0.5314/0.00


