sysbench 1.0.20 (using system LuaJIT 2.1.0-beta3)

Running the test with following options:
Number of threads: 32
Target transaction rate: 200/sec
Initializing random number generator from current time


Initializing worker threads...

Threads started!

Latency histogram (values are in milliseconds)
       value  ------------- distribution ------------- count
       2.861 |*                                        3
       2.966 |*                                        4
       3.020 |*****                                    16
       3.075 |****                                     14
       3.130 |******                                   19
       3.187 |***********                              35
       3.245 |*************                            43
       3.304 |**************                           46
       3.364 |****************                         52
       3.425 |*************************                80
       3.488 |*****************************            93
       3.551 |********************************         104
       3.615 |******************************           96
       3.681 |***************************              86
       3.748 |********************************         102
       3.816 |**************************************   124
       3.885 |**************************************** 129
       3.956 |**************************************   124
       4.028 |***************************************  126
       4.101 |***************************************  127
       4.176 |*************************************    120
       4.252 |*********************************        107
       4.329 |**************************************   124
       4.407 |**********************************       109
       4.487 |***************************              88
       4.569 |**********************************       110
       4.652 |*******************************          101
       4.737 |******************************           96
       4.823 |**************************               85
       4.910 |*****************************            92
       4.999 |***************************              88
       5.090 |*************************                80
       5.183 |************************                 77
       5.277 |***************************              87
       5.373 |************************                 79
       5.470 |********************                     65
       5.570 |*****************                        55
       5.671 |*******************                      60
       5.774 |****************                         51
       5.879 |*****************                        56
       5.986 |****************                         52
       6.095 |************                             39
       6.205 |**********                               33
       6.318 |*******                                  24
       6.433 |***********                              34
       6.550 |********                                 26
       6.669 |**********                               33
       6.790 |**********                               33
       6.913 |*********                                29
       7.039 |*******                                  22
       7.167 |********                                 25
       7.297 |********                                 26
       7.430 |******                                   20
       7.565 |*******                                  22
       7.702 |***                                      9
       7.842 |******                                   18
       7.985 |****                                     14
       8.130 |****                                     13
       8.277 |***                                      10
       8.428 |**                                       8
       8.581 |**                                       8
       8.737 |**                                       8
       8.895 |**                                       8
       9.057 |***                                      10
       9.222 |*                                        4
       9.389 |***                                      9
       9.560 |**                                       7
       9.734 |**                                       7
       9.910 |**                                       8
      10.090 |**                                       7
      10.274 |*                                        2
      10.460 |**                                       5
      10.651 |*                                        2
      10.844 |**                                       7
      11.242 |*                                        3
      11.446 |*                                        3
      11.654 |*                                        2
      11.866 |*                                        2
      12.301 |*                                        3
      12.524 |*                                        2
      12.752 |*                                        3
      12.984 |**                                       5
      13.219 |                                         1
      13.460 |*                                        2
      13.704 |*                                        3
      14.465 |                                         1
      14.995 |*                                        4
      15.268 |*                                        2
      15.545 |*                                        2
      15.828 |                                         1
      16.115 |                                         1
      16.408 |*                                        4
      16.706 |*                                        2
      17.319 |                                         1
      17.633 |*                                        2
      18.950 |                                         1
      22.689 |                                         1
      23.101 |                                         1
      26.681 |*                                        2
      28.673 |*                                        2
      29.725 |                                         1
      30.815 |                                         1
      31.375 |*                                        2
      37.565 |                                         1
      38.942 |                                         1
      41.851 |                                         1
      43.385 |                                         1
      44.173 |                                         1
      46.625 |                                         1
      49.213 |                                         1
      51.018 |*                                        2
      59.993 |                                         1
      61.083 |                                         1
      62.193 |                                         1
      71.830 |*                                        2
      73.135 |                                         1
      74.464 |                                         1
      84.467 |                                         1
      90.775 |                                         1
      92.424 |*                                        2
      95.814 |                                         1
      99.327 |                                         1
     101.132 |*                                        2
     108.685 |                                         1
     110.659 |*                                        2
     112.670 |                                         1
     114.717 |*                                        2
     123.285 |*                                        3
     125.525 |                                         1
     137.350 |                                         1
     153.021 |                                         1
     155.801 |                                         1
     164.449 |                                         1
     167.437 |                                         1
     170.479 |                                         1
     173.577 |                                         1
     176.731 |*                                        2
     179.942 |*                                        2
     183.211 |                                         1
     186.540 |                                         1
     189.929 |*                                        2
     193.380 |                                         1
     196.894 |                                         1
     200.472 |*                                        2
     204.114 |*                                        3
     211.599 |                                         1
     219.358 |                                         1
     223.344 |                                         1
     227.402 |                                         1
     231.534 |                                         1
     235.740 |*                                        2
     240.024 |*                                        2
     248.825 |*                                        2
     253.346 |                                         1
     257.950 |*                                        3
     262.636 |*                                        2
     267.408 |                                         1
     272.267 |*                                        2
     277.214 |*                                        4
     282.251 |*                                        4
     287.379 |*                                        3
     292.601 |*                                        2
     297.917 |*                                        3
     303.330 |*                                        4
     308.842 |*                                        2
     314.453 |*                                        3
     325.984 |                                         1
     337.938 |**                                       5
     344.078 |*                                        2
     350.330 |                                         1
     356.695 |*                                        2
     363.176 |*                                        3
     369.775 |                                         1
     383.334 |*                                        3
     390.299 |*                                        2
     397.391 |*                                        2
     404.611 |*                                        3
     411.963 |                                         1
     419.448 |                                         1
     427.069 |                                         1
     442.730 |*                                        2
     458.964 |*                                        2
     467.304 |                                         1
     475.794 |                                         1
     493.242 |                                         1
     511.328 |                                         1
     520.619 |*                                        2
     539.710 |*                                        2
     559.501 |                                         1
 
SQL statistics:
    queries performed:
        read:                            55118
        write:                           15748
        other:                           7874
        total:                           78740
    transactions:                        3937   (196.53 per sec.)
    queries:                             78740  (3930.63 per sec.)
    ignored errors:                      0      (0.00 per sec.)
    reconnects:                          0      (0.00 per sec.)

General statistics:
    total time:                          20.0312s
    total number of events:              3937

Latency (ms):
         min:                                    2.86
         avg:                                   13.92
         max:                                  558.40
         95th percentile:                       11.45
         sum:                                54789.15

Threads fairness:
    events (avg/stddev):           123.0312/1.49
    execution time (avg/stddev):   1.7122/0.16


