sysbench 1.0.20 (using system LuaJIT 2.1.0-beta3)

Running the test with following options:
Number of threads: 32
Target transaction rate: 200/sec
Initializing random number generator from current time


Initializing worker threads...

Threads started!

Latency histogram (values are in milliseconds)
       value  ------------- distribution ------------- count
       2.861 |                                         1
       2.913 |                                         1
       2.966 |*                                        3
       3.020 |***                                      12
       3.075 |***                                      11
       3.130 |******                                   24
       3.187 |******                                   24
       3.245 |*********                                33
       3.304 |**********                               38
       3.364 |*************                            48
       3.425 |****************                         60
       3.488 |******************                       69
       3.551 |*******************                      72
       3.615 |*****************************            109
       3.681 |***************************              102
       3.748 |**************************               99
       3.816 |*******************************          116
       3.885 |********************************         122
       3.956 |*********************************        124
       4.028 |*******************************          119
       4.101 |************************************     136
       4.176 |**************************               100
       4.252 |*****************************            110
       4.329 |**********************************       130
       4.407 |**************************************** 152
       4.487 |**************************************   144
       4.569 |********************************         122
       4.652 |********************************         121
       4.737 |**********************************       128
       4.823 |******************************           115
       4.910 |*****************************            112
       4.999 |***************************              103
       5.090 |****************************             107
       5.183 |***********************                  88
       5.277 |***********************                  88
       5.373 |***********************                  86
       5.470 |********************                     77
       5.570 |****************                         59
       5.671 |******************                       70
       5.774 |****************                         60
       5.879 |**********                               38
       5.986 |*************                            50
       6.095 |**************                           53
       6.205 |*************                            50
       6.318 |***********                              41
       6.433 |************                             46
       6.550 |********                                 30
       6.669 |*********                                35
       6.790 |*******                                  27
       6.913 |*******                                  28
       7.039 |**********                               38
       7.167 |******                                   24
       7.297 |*******                                  25
       7.430 |******                                   23
       7.565 |******                                   22
       7.702 |*****                                    18
       7.842 |****                                     17
       7.985 |***                                      10
       8.130 |***                                      12
       8.277 |***                                      13
       8.428 |***                                      13
       8.581 |**                                       6
       8.737 |*                                        5
       8.895 |****                                     15
       9.057 |**                                       6
       9.222 |*                                        3
       9.389 |*                                        2
       9.560 |**                                       7
       9.734 |*                                        5
       9.910 |*                                        4
      10.090 |*                                        5
      10.274 |*                                        3
      10.460 |*                                        5
      10.651 |*                                        2
      10.844 |*                                        4
      11.242 |*                                        5
      11.446 |*                                        3
      11.654 |*                                        3
      11.866 |                                         1
      12.081 |*                                        2
      12.301 |*                                        2
      12.524 |                                         1
      12.752 |                                         1
      12.984 |*                                        2
      13.219 |*                                        2
      13.460 |                                         1
      14.207 |                                         1
      14.465 |*                                        2
      14.728 |                                         1
      14.995 |*                                        2
      15.268 |                                         1
      15.545 |                                         1
      16.115 |                                         1
      16.408 |                                         1
      16.706 |*                                        4
      17.319 |                                         1
      17.633 |                                         1
      18.612 |*                                        3
      18.950 |*                                        2
      19.295 |                                         1
      20.002 |                                         1
      20.366 |                                         1
      21.496 |                                         1
      22.689 |                                         1
      23.521 |                                         1
      23.948 |*                                        2
      24.827 |                                         1
      25.737 |*                                        2
      26.681 |*                                        2
      27.165 |                                         1
      27.659 |                                         1
      28.162 |                                         1
      28.673 |*                                        4
      30.265 |*                                        2
      30.815 |*                                        3
      31.375 |                                         1
      31.945 |                                         1
      32.525 |                                         1
      33.718 |*                                        3
      34.330 |                                         1
      35.589 |                                         1
      36.236 |                                         1
      38.942 |                                         1
      40.370 |*                                        2
      42.611 |                                         1
      48.335 |                                         1
      61.083 |                                         1
      64.474 |                                         1
      65.645 |                                         1
 
SQL statistics:
    queries performed:
        read:                            56924
        write:                           16264
        other:                           8132
        total:                           81320
    transactions:                        4066   (202.99 per sec.)
    queries:                             81320  (4059.89 per sec.)
    ignored errors:                      0      (0.00 per sec.)
    reconnects:                          0      (0.00 per sec.)

General statistics:
    total time:                          20.0289s
    total number of events:              4066

Latency (ms):
         min:                                    2.85
         avg:                                    5.23
         max:                                   65.52
         95th percentile:                        7.98
         sum:                                21259.87

Threads fairness:
    events (avg/stddev):           127.0625/1.27
    execution time (avg/stddev):   0.6644/0.02


