sysbench 1.0.20 (using system LuaJIT 2.1.0-beta3)

Running the test with following options:
Number of threads: 32
Target transaction rate: 3000/sec
Initializing random number generator from current time


Initializing worker threads...

Threads started!

Latency histogram (values are in milliseconds)
       value  ------------- distribution ------------- count
       0.116 |                                         1
       0.118 |                                         2
       0.120 |                                         1
       0.122 |                                         4
       0.125 |                                         9
       0.127 |                                         20
       0.129 |                                         29
       0.132 |*                                        64
       0.134 |*                                        122
       0.136 |**                                       216
       0.139 |****                                     396
       0.141 |******                                   599
       0.144 |*********                                993
       0.147 |***********                              1179
       0.149 |*************                            1438
       0.152 |***************                          1635
       0.155 |*****************                        1801
       0.158 |******************                       1952
       0.160 |*******************                      2070
       0.163 |******************                       1919
       0.166 |*****************                        1804
       0.169 |******************                       1904
       0.172 |*********************                    2241
       0.176 |*****************************            3125
       0.179 |************************************     3887
       0.182 |**************************************** 4328
       0.185 |**************************************   4108
       0.189 |**********************************       3716
       0.192 |******************************           3194
       0.196 |************************                 2594
       0.199 |******************                       1985
       0.203 |****************                         1746
       0.206 |**************                           1506
       0.210 |************                             1275
       0.214 |**********                               1105
       0.218 |*********                                936
       0.222 |*******                                  766
       0.226 |******                                   648
       0.230 |*****                                    557
       0.234 |****                                     458
       0.238 |****                                     439
       0.243 |***                                      347
       0.247 |***                                      277
       0.252 |**                                       207
       0.256 |**                                       171
       0.261 |*                                        152
       0.266 |*                                        136
       0.270 |*                                        146
       0.275 |*                                        152
       0.280 |*                                        138
       0.285 |*                                        137
       0.291 |*                                        121
       0.296 |*                                        117
       0.301 |*                                        132
       0.307 |*                                        111
       0.312 |*                                        95
       0.318 |*                                        130
       0.324 |*                                        99
       0.330 |*                                        86
       0.336 |*                                        72
       0.342 |*                                        59
       0.348 |*                                        57
       0.354 |*                                        57
       0.361 |                                         44
       0.367 |                                         32
       0.374 |                                         35
       0.381 |                                         12
       0.388 |                                         15
       0.395 |                                         7
       0.402 |                                         11
       0.409 |                                         7
       0.417 |                                         12
       0.424 |                                         3
       0.432 |                                         9
       0.440 |                                         2
       0.448 |                                         6
       0.456 |                                         3
       0.464 |                                         3
       0.473 |                                         2
       0.481 |                                         2
       0.490 |                                         1
       0.499 |                                         1
       0.508 |                                         2
       0.527 |                                         1
       0.546 |                                         2
       0.654 |                                         1
       0.715 |                                         1
       0.826 |                                         1
       1.063 |                                         1
       1.205 |                                         1
       1.250 |                                         1
       1.343 |                                         1
       1.392 |                                         1
       1.417 |                                         1
       1.469 |                                         1
       1.551 |                                         1
       1.824 |                                         1
       1.925 |                                         2
       2.145 |                                         1
       2.264 |                                         1
       2.810 |                                         1
       3.130 |                                         1
       3.187 |                                         1
       3.885 |                                         1
       4.652 |                                         1
       4.910 |                                         1
       5.183 |                                         1
       5.373 |                                         1
       5.470 |                                         1
       6.318 |                                         1
       7.297 |                                         2
       7.430 |                                         1
       7.985 |                                         1
       8.737 |                                         3
       9.057 |                                         1
       9.222 |                                         1
       9.734 |                                         1
      10.651 |                                         2
      11.446 |                                         1
      11.654 |                                         1
      12.081 |                                         1
      12.301 |                                         1
      12.752 |                                         1
      13.219 |                                         1
      13.704 |                                         1
      15.268 |                                         1
      16.115 |                                         2
      16.706 |                                         1
 
SQL statistics:
    queries performed:
        read:                            60032
        write:                           0
        other:                           0
        total:                           60032
    transactions:                        60032  (2999.04 per sec.)
    queries:                             60032  (2999.04 per sec.)
    ignored errors:                      0      (0.00 per sec.)
    reconnects:                          0      (0.00 per sec.)

General statistics:
    total time:                          20.0167s
    total number of events:              60032

Latency (ms):
         min:                                    0.12
         avg:                                    0.19
         max:                                   16.66
         95th percentile:                        0.24
         sum:                                11511.78

Threads fairness:
    events (avg/stddev):           1876.0000/13.53
    execution time (avg/stddev):   0.3597/0.01


