sysbench 1.0.20 (using system LuaJIT 2.1.0-beta3)

Running the test with following options:
Number of threads: 32
Target transaction rate: 3000/sec
Initializing random number generator from current time


Initializing worker threads...

Threads started!

Latency histogram (values are in milliseconds)
       value  ------------- distribution ------------- count
       0.120 |                                         1
       0.125 |                                         1
       0.127 |                                         7
       0.129 |                                         8
       0.132 |                                         14
       0.134 |                                         21
       0.136 |*                                        56
       0.139 |*                                        110
       0.141 |**                                       217
       0.144 |****                                     331
       0.147 |******                                   559
       0.149 |*********                                838
       0.152 |**********                               939
       0.155 |************                             1161
       0.158 |***************                          1443
       0.160 |*****************                        1641
       0.163 |********************                     1866
       0.166 |********************                     1843
       0.169 |********************                     1860
       0.172 |*********************                    1942
       0.176 |**********************                   2077
       0.179 |***************************              2504
       0.182 |*********************************        3057
       0.185 |**************************************   3550
       0.189 |***************************************  3687
       0.192 |**************************************** 3758
       0.196 |*************************************    3501
       0.199 |**********************************       3205
       0.203 |******************************           2805
       0.206 |**************************               2411
       0.210 |*********************                    1960
       0.214 |*****************                        1614
       0.218 |***************                          1417
       0.222 |*************                            1247
       0.226 |**********                               924
       0.230 |*********                                818
       0.234 |*******                                  701
       0.238 |******                                   564
       0.243 |*****                                    515
       0.247 |****                                     397
       0.252 |****                                     352
       0.256 |****                                     334
       0.261 |***                                      235
       0.266 |**                                       215
       0.270 |**                                       201
       0.275 |**                                       176
       0.280 |**                                       157
       0.285 |**                                       141
       0.291 |**                                       163
       0.296 |**                                       149
       0.301 |*                                        140
       0.307 |*                                        138
       0.312 |**                                       144
       0.318 |**                                       142
       0.324 |**                                       143
       0.330 |*                                        108
       0.336 |*                                        119
       0.342 |*                                        105
       0.348 |*                                        98
       0.354 |*                                        80
       0.361 |*                                        67
       0.367 |*                                        60
       0.374 |*                                        58
       0.381 |*                                        70
       0.388 |*                                        49
       0.395 |*                                        59
       0.402 |*                                        52
       0.409 |*                                        70
       0.417 |*                                        66
       0.424 |*                                        59
       0.432 |*                                        65
       0.440 |*                                        68
       0.448 |*                                        52
       0.456 |*                                        53
       0.464 |                                         40
       0.473 |                                         30
       0.481 |                                         34
       0.490 |                                         18
       0.499 |                                         16
       0.508 |                                         16
       0.517 |                                         15
       0.527 |                                         11
       0.536 |                                         12
       0.546 |                                         7
       0.556 |                                         7
       0.566 |                                         6
       0.576 |                                         2
       0.587 |                                         4
       0.597 |                                         5
       0.608 |                                         4
       0.619 |                                         4
       0.630 |                                         1
       0.642 |                                         2
       0.654 |                                         2
       0.665 |                                         4
       0.677 |                                         1
       0.690 |                                         1
       0.702 |                                         1
       0.728 |                                         2
       0.741 |                                         1
       0.755 |                                         1
       0.782 |                                         1
       0.826 |                                         1
       0.841 |                                         1
       0.872 |                                         1
       0.954 |                                         1
       0.989 |                                         1
       1.025 |                                         1
       1.443 |                                         2
       1.469 |                                         1
       1.523 |                                         2
       1.728 |                                         1
       2.069 |                                         1
       2.106 |                                         1
       2.184 |                                         1
       2.477 |                                         1
       2.522 |                                         1
       2.568 |                                         1
       2.662 |                                         1
       2.760 |                                         1
       2.913 |                                         1
       3.075 |                                         1
       3.425 |                                         1
       3.488 |                                         1
       3.615 |                                         1
       3.748 |                                         1
       4.569 |                                         1
       4.652 |                                         1
       4.910 |                                         3
       4.999 |                                         1
       5.183 |                                         1
       5.470 |                                         1
       6.318 |                                         2
       6.433 |                                         1
       6.550 |                                         2
       6.913 |                                         1
       7.565 |                                         1
       8.428 |                                         1
       8.895 |                                         1
       9.560 |                                         2
       9.734 |                                         2
      10.460 |                                         2
      10.651 |                                         2
      10.844 |                                         1
      11.041 |                                         1
      11.242 |                                         2
      11.866 |                                         2
      12.752 |                                         2
      12.984 |                                         1
      13.704 |                                         2
 
SQL statistics:
    queries performed:
        read:                            60068
        write:                           0
        other:                           0
        total:                           60068
    transactions:                        60068  (3000.99 per sec.)
    queries:                             60068  (3000.99 per sec.)
    ignored errors:                      0      (0.00 per sec.)
    reconnects:                          0      (0.00 per sec.)

General statistics:
    total time:                          20.0157s
    total number of events:              60068

Latency (ms):
         min:                                    0.12
         avg:                                    0.20
         max:                                   13.79
         95th percentile:                        0.28
         sum:                                12294.16

Threads fairness:
    events (avg/stddev):           1877.1250/16.01
    execution time (avg/stddev):   0.3842/0.01


