sysbench 1.0.20 (using system LuaJIT 2.1.0-beta3)

Running the test with following options:
Number of threads: 32
Target transaction rate: 1000/sec
Initializing random number generator from current time


Initializing worker threads...

Threads started!

Latency histogram (values are in milliseconds)
       value  ------------- distribution ------------- count
       0.527 |                                         2
       0.536 |                                         4
       0.546 |                                         7
       0.556 |*                                        18
       0.566 |*                                        36
       0.576 |**                                       64
       0.587 |****                                     96
       0.597 |******                                   153
       0.608 |*******                                  171
       0.619 |*********                                231
       0.630 |*********                                226
       0.642 |*********                                238
       0.654 |***********                              270
       0.665 |*************                            338
       0.677 |***************                          388
       0.690 |*****************                        446
       0.702 |***********************                  595
       0.715 |***************************              695
       0.728 |*******************************          801
       0.741 |*********************************        834
       0.755 |**********************************       876
       0.768 |************************************     922
       0.782 |*************************************    951
       0.797 |*************************************    951
       0.811 |***************************************  997
       0.826 |**************************************** 1025
       0.841 |**************************************   967
       0.856 |***************************************  995
       0.872 |**************************************   983
       0.888 |**************************************   968
       0.904 |************************************     917
       0.920 |*************************************    942
       0.937 |*********************************        852
       0.954 |*******************************          789
       0.971 |******************************           781
       0.989 |******************************           766
       1.007 |****************************             723
       1.025 |*************************                648
       1.044 |**************************               667
       1.063 |***********************                  591
       1.082 |**********************                   576
       1.102 |*******************                      477
       1.122 |********************                     514
       1.142 |******************                       454
       1.163 |****************                         417
       1.184 |**************                           370
       1.205 |**************                           347
       1.227 |*************                            345
       1.250 |***********                              279
       1.272 |***********                              293
       1.295 |***********                              280
       1.319 |********                                 216
       1.343 |*********                                234
       1.367 |********                                 195
       1.392 |******                                   152
       1.417 |******                                   148
       1.443 |*****                                    140
       1.469 |******                                   142
       1.496 |*****                                    128
       1.523 |***                                      89
       1.551 |****                                     95
       1.579 |***                                      84
       1.608 |***                                      89
       1.637 |***                                      67
       1.667 |**                                       55
       1.697 |**                                       56
       1.728 |***                                      66
       1.759 |**                                       54
       1.791 |**                                       39
       1.824 |*                                        28
       1.857 |*                                        31
       1.891 |*                                        33
       1.925 |*                                        23
       1.960 |*                                        25
       1.996 |*                                        26
       2.032 |*                                        24
       2.069 |*                                        28
       2.106 |*                                        22
       2.145 |*                                        22
       2.184 |*                                        36
       2.223 |*                                        21
       2.264 |*                                        24
       2.305 |*                                        21
       2.347 |*                                        20
       2.389 |*                                        20
       2.433 |*                                        18
       2.477 |*                                        23
       2.522 |*                                        23
       2.568 |*                                        18
       2.615 |*                                        18
       2.662 |*                                        21
       2.710 |*                                        15
       2.760 |                                         10
       2.810 |*                                        24
       2.861 |                                         11
       2.913 |*                                        15
       2.966 |                                         8
       3.020 |                                         9
       3.075 |                                         6
       3.130 |                                         12
       3.187 |                                         8
       3.245 |                                         12
       3.304 |                                         4
       3.364 |                                         6
       3.425 |                                         1
       3.488 |                                         9
       3.551 |                                         4
       3.615 |                                         5
       3.681 |                                         3
       3.748 |                                         7
       3.816 |                                         7
       3.885 |                                         7
       3.956 |                                         2
       4.028 |                                         3
       4.101 |                                         2
       4.176 |                                         1
       4.252 |                                         4
       4.329 |                                         6
       4.407 |                                         6
       4.487 |                                         2
       4.569 |                                         3
       4.652 |                                         7
       4.737 |                                         3
       4.823 |                                         8
       4.910 |                                         2
       4.999 |                                         3
       5.090 |                                         2
       5.183 |                                         3
       5.277 |                                         2
       5.373 |                                         1
       5.470 |                                         2
       5.570 |                                         2
       5.671 |                                         3
       5.774 |                                         1
       5.879 |                                         2
       5.986 |                                         1
       6.095 |                                         1
 
SQL statistics:
    queries performed:
        read:                            0
        write:                           30105
        other:                           0
        total:                           30105
    transactions:                        30105  (1002.95 per sec.)
    queries:                             30105  (1002.95 per sec.)
    ignored errors:                      0      (0.00 per sec.)
    reconnects:                          0      (0.00 per sec.)

General statistics:
    total time:                          30.0159s
    total number of events:              30105

Latency (ms):
         min:                                    0.52
         avg:                                    0.98
         max:                                    6.12
         95th percentile:                        1.50
         sum:                                29420.04

Threads fairness:
    events (avg/stddev):           940.7812/5.27
    execution time (avg/stddev):   0.9194/0.01


