sysbench 1.0.20 (using system LuaJIT 2.1.0-beta3)

Running the test with following options:
Number of threads: 32
Target transaction rate: 1000/sec
Initializing random number generator from current time


Initializing worker threads...

Threads started!

Latency histogram (values are in milliseconds)
       value  ------------- distribution ------------- count
       0.517 |                                         1
       0.527 |                                         1
       0.536 |                                         2
       0.546 |                                         12
       0.556 |*                                        28
       0.566 |**                                       56
       0.576 |***                                      90
       0.587 |****                                     118
       0.597 |******                                   172
       0.608 |*******                                  205
       0.619 |**********                               272
       0.630 |**********                               280
       0.642 |***********                              308
       0.654 |************                             337
       0.665 |*************                            368
       0.677 |****************                         452
       0.690 |*********************                    586
       0.702 |*************************                707
       0.715 |******************************           844
       0.728 |**********************************       952
       0.741 |**********************************       978
       0.755 |*************************************    1063
       0.768 |*************************************    1061
       0.782 |**************************************   1075
       0.797 |**************************************** 1135
       0.811 |***************************************  1106
       0.826 |**************************************   1079
       0.841 |**************************************** 1126
       0.856 |**********************************       960
       0.872 |*************************************    1062
       0.888 |***********************************      986
       0.904 |********************************         916
       0.920 |*******************************          884
       0.937 |******************************           856
       0.954 |****************************             783
       0.971 |**************************               736
       0.989 |************************                 693
       1.007 |**********************                   629
       1.025 |**********************                   634
       1.044 |********************                     564
       1.063 |*****************                        474
       1.082 |****************                         442
       1.102 |***************                          418
       1.122 |**************                           396
       1.142 |************                             327
       1.163 |************                             327
       1.184 |**********                               291
       1.205 |********                                 238
       1.227 |*********                                266
       1.250 |*******                                  208
       1.272 |*******                                  206
       1.295 |*******                                  200
       1.319 |******                                   174
       1.343 |*****                                    140
       1.367 |*****                                    132
       1.392 |*****                                    138
       1.417 |****                                     109
       1.443 |***                                      95
       1.469 |***                                      91
       1.496 |**                                       62
       1.523 |**                                       65
       1.551 |**                                       64
       1.579 |**                                       54
       1.608 |**                                       58
       1.637 |**                                       48
       1.667 |**                                       46
       1.697 |**                                       44
       1.728 |*                                        42
       1.759 |*                                        36
       1.791 |*                                        19
       1.824 |*                                        32
       1.857 |*                                        32
       1.891 |*                                        37
       1.925 |*                                        22
       1.960 |*                                        38
       1.996 |*                                        25
       2.032 |*                                        21
       2.069 |*                                        16
       2.106 |*                                        18
       2.145 |*                                        26
       2.184 |*                                        28
       2.223 |*                                        21
       2.264 |*                                        22
       2.305 |*                                        22
       2.347 |*                                        28
       2.389 |*                                        25
       2.433 |*                                        16
       2.477 |*                                        17
       2.522 |*                                        18
       2.568 |*                                        18
       2.615 |                                         11
       2.662 |*                                        15
       2.710 |                                         14
       2.760 |                                         7
       2.810 |                                         11
       2.861 |                                         11
       2.913 |*                                        15
       2.966 |                                         9
       3.020 |                                         12
       3.075 |                                         13
       3.130 |                                         5
       3.187 |                                         7
       3.245 |                                         8
       3.304 |                                         6
       3.364 |                                         8
       3.425 |                                         9
       3.488 |                                         9
       3.551 |                                         3
       3.615 |                                         3
       3.681 |                                         4
       3.816 |                                         3
       3.885 |                                         6
       3.956 |                                         5
       4.028 |                                         6
       4.101 |                                         4
       4.176 |                                         1
       4.252 |                                         1
       4.329 |                                         4
       4.407 |                                         4
       4.569 |                                         4
       4.652 |                                         6
       4.737 |                                         1
       4.823 |                                         3
       4.910 |                                         3
       4.999 |                                         6
       5.090 |                                         2
       5.183 |                                         8
       5.277 |                                         3
       5.373 |                                         1
       5.470 |                                         3
       5.570 |                                         2
       5.671 |                                         2
       5.774 |                                         5
       5.879 |                                         2
       5.986 |                                         2
       6.095 |                                         1
       6.205 |                                         1
       6.433 |                                         2
       6.669 |                                         3
       6.790 |                                         1
       7.167 |                                         1
       7.430 |                                         1
       7.702 |                                         1
       8.130 |                                         1
       8.428 |                                         1
       8.581 |                                         2
 
SQL statistics:
    queries performed:
        read:                            0
        write:                           30091
        other:                           0
        total:                           30091
    transactions:                        30091  (1002.39 per sec.)
    queries:                             30091  (1002.39 per sec.)
    ignored errors:                      0      (0.00 per sec.)
    reconnects:                          0      (0.00 per sec.)

General statistics:
    total time:                          30.0188s
    total number of events:              30091

Latency (ms):
         min:                                    0.52
         avg:                                    0.94
         max:                                    8.58
         95th percentile:                        1.42
         sum:                                28380.95

Threads fairness:
    events (avg/stddev):           940.3438/5.67
    execution time (avg/stddev):   0.8869/0.01


