sysbench 1.0.20 (using system LuaJIT 2.1.0-beta3)

Running the test with following options:
Number of threads: 32
Target transaction rate: 1000/sec
Initializing random number generator from current time


Initializing worker threads...

Threads started!

Latency histogram (values are in milliseconds)
       value  ------------- distribution ------------- count
       0.536 |                                         1
       0.556 |                                         2
       0.566 |                                         11
       0.576 |*                                        30
       0.587 |**                                       58
       0.597 |****                                     109
       0.608 |****                                     123
       0.619 |*******                                  187
       0.630 |*********                                251
       0.642 |**********                               282
       0.654 |*********                                268
       0.665 |************                             333
       0.677 |***********                              321
       0.690 |**************                           391
       0.702 |****************                         443
       0.715 |*******************                      536
       0.728 |***********************                  640
       0.741 |*****************************            814
       0.755 |********************************         903
       0.768 |**********************************       966
       0.782 |***********************************      992
       0.797 |**************************************** 1130
       0.811 |*************************************    1050
       0.826 |**************************************   1086
       0.841 |**************************************   1062
       0.856 |**************************************   1063
       0.872 |**************************************   1080
       0.888 |************************************     1007
       0.904 |*********************************        942
       0.920 |**********************************       962
       0.937 |***********************************      976
       0.954 |*******************************          882
       0.971 |*****************************            833
       0.989 |***************************              768
       1.007 |*************************                701
       1.025 |***********************                  641
       1.044 |***********************                  646
       1.063 |*********************                    601
       1.082 |*******************                      539
       1.102 |******************                       499
       1.122 |*****************                        483
       1.142 |****************                         460
       1.163 |**************                           394
       1.184 |*************                            370
       1.205 |************                             346
       1.227 |***********                              305
       1.250 |***********                              305
       1.272 |********                                 239
       1.295 |*********                                255
       1.319 |********                                 216
       1.343 |******                                   166
       1.367 |*****                                    150
       1.392 |******                                   168
       1.417 |****                                     118
       1.443 |****                                     119
       1.469 |****                                     111
       1.496 |***                                      93
       1.523 |***                                      82
       1.551 |***                                      80
       1.579 |***                                      92
       1.608 |**                                       66
       1.637 |**                                       63
       1.667 |*                                        39
       1.697 |**                                       44
       1.728 |*                                        29
       1.759 |*                                        41
       1.791 |*                                        37
       1.824 |*                                        36
       1.857 |*                                        36
       1.891 |*                                        26
       1.925 |*                                        29
       1.960 |*                                        23
       1.996 |*                                        27
       2.032 |*                                        23
       2.069 |*                                        23
       2.106 |*                                        23
       2.145 |                                         9
       2.184 |*                                        23
       2.223 |*                                        19
       2.264 |*                                        24
       2.305 |*                                        20
       2.347 |                                         14
       2.389 |*                                        23
       2.433 |*                                        19
       2.477 |*                                        18
       2.522 |*                                        15
       2.568 |                                         14
       2.615 |                                         14
       2.662 |                                         12
       2.710 |                                         7
       2.760 |*                                        19
       2.810 |*                                        19
       2.861 |                                         13
       2.913 |                                         9
       2.966 |                                         11
       3.020 |                                         9
       3.075 |                                         14
       3.130 |                                         8
       3.187 |                                         6
       3.245 |                                         8
       3.304 |                                         9
       3.364 |                                         6
       3.425 |                                         8
       3.488 |                                         5
       3.615 |                                         2
       3.681 |                                         8
       3.748 |                                         4
       3.816 |                                         5
       3.885 |                                         3
       3.956 |                                         5
       4.028 |                                         4
       4.101 |                                         1
       4.176 |                                         4
       4.252 |                                         2
       4.329 |                                         3
       4.407 |                                         3
       4.487 |                                         4
       4.569 |                                         4
       4.652 |                                         2
       4.737 |                                         6
       4.823 |                                         5
       4.910 |                                         8
       4.999 |                                         5
       5.090 |                                         4
       5.183 |                                         5
       5.277 |                                         4
       5.373 |                                         2
       5.470 |                                         6
       5.570 |                                         3
       5.671 |                                         6
       5.774 |                                         6
       5.879 |                                         4
       5.986 |                                         4
       6.095 |                                         5
       6.205 |                                         6
       6.318 |                                         3
       6.433 |                                         4
       6.550 |                                         5
       6.669 |                                         3
       6.790 |                                         10
       6.913 |                                         1
       7.039 |                                         5
       7.167 |                                         3
       7.297 |                                         1
       7.565 |                                         2
       7.702 |                                         1
       7.842 |                                         1
 
SQL statistics:
    queries performed:
        read:                            0
        write:                           29793
        other:                           0
        total:                           29793
    transactions:                        29793  (992.54 per sec.)
    queries:                             29793  (992.54 per sec.)
    ignored errors:                      0      (0.00 per sec.)
    reconnects:                          0      (0.00 per sec.)

General statistics:
    total time:                          30.0167s
    total number of events:              29793

Latency (ms):
         min:                                    0.53
         avg:                                    0.98
         max:                                    7.83
         95th percentile:                        1.47
         sum:                                29331.06

Threads fairness:
    events (avg/stddev):           931.0312/5.58
    execution time (avg/stddev):   0.9166/0.01


