sysbench 1.0.20 (using system LuaJIT 2.1.0-beta3)

Running the test with following options:
Number of threads: 32
Target transaction rate: 300/sec
Initializing random number generator from current time


Initializing worker threads...

Threads started!

Latency histogram (values are in milliseconds)
       value  ------------- distribution ------------- count
       0.856 |                                         1
       0.872 |                                         2
       0.888 |*                                        14
       0.904 |**                                       32
       0.920 |*****                                    86
       0.937 |***********                              190
       0.954 |********************                     345
       0.971 |*****************************            494
       0.989 |*******************************          520
       1.007 |*****************************            497
       1.025 |*****************************            491
       1.044 |************************                 409
       1.063 |*************************                419
       1.082 |*************************************    623
       1.102 |**************************************** 679
       1.122 |**************************************** 678
       1.142 |*************************************    635
       1.163 |******************************           510
       1.184 |**********************                   372
       1.205 |******************                       308
       1.227 |****************                         265
       1.250 |***************                          254
       1.272 |**************                           231
       1.295 |***********                              194
       1.319 |***********                              180
       1.343 |********                                 141
       1.367 |*******                                  113
       1.392 |*****                                    80
       1.417 |***                                      53
       1.443 |**                                       34
       1.469 |*                                        17
       1.496 |*                                        22
       1.523 |*                                        19
       1.551 |*                                        12
       1.579 |*                                        14
       1.608 |                                         4
       1.637 |                                         6
       1.667 |                                         4
       1.697 |                                         4
       1.728 |                                         5
       1.759 |                                         4
       1.791 |                                         3
       1.824 |                                         2
       1.857 |                                         3
       1.891 |                                         3
       1.996 |                                         2
       2.032 |                                         4
       2.106 |                                         4
       2.145 |                                         2
       2.223 |                                         1
       2.264 |                                         1
       2.305 |                                         4
       2.347 |                                         1
       2.389 |                                         1
       2.433 |                                         3
       2.477 |                                         1
       2.522 |                                         3
       2.568 |                                         3
       2.615 |                                         1
       2.662 |                                         3
       2.710 |                                         3
       2.861 |                                         1
       2.913 |                                         4
       3.020 |                                         5
       3.075 |                                         5
       3.130 |                                         1
       3.187 |                                         2
       3.245 |                                         3
       3.304 |                                         2
       3.364 |                                         5
       3.425 |                                         3
       3.551 |                                         1
       3.615 |                                         2
       3.681 |                                         4
       3.748 |                                         2
       3.816 |                                         3
       3.885 |                                         3
       4.028 |                                         4
       4.101 |                                         1
       4.176 |                                         1
       4.252 |                                         2
       4.329 |                                         1
       4.407 |                                         2
       4.487 |                                         4
       4.569 |                                         4
       4.737 |                                         2
       4.910 |                                         2
       5.183 |                                         1
       5.277 |                                         2
       5.570 |                                         1
       5.671 |                                         1
       7.167 |                                         1
      11.866 |                                         1
 
SQL statistics:
    queries performed:
        read:                            127190
        write:                           0
        other:                           18170
        total:                           145360
    transactions:                        9085   (302.66 per sec.)
    queries:                             145360 (4842.60 per sec.)
    ignored errors:                      0      (0.00 per sec.)
    reconnects:                          0      (0.00 per sec.)

General statistics:
    total time:                          30.0163s
    total number of events:              9085

Latency (ms):
         min:                                    0.86
         avg:                                    1.14
         max:                                   11.95
         95th percentile:                        1.37
         sum:                                10398.25

Threads fairness:
    events (avg/stddev):           283.9062/1.13
    execution time (avg/stddev):   0.3249/0.00


