sysbench 1.0.20 (using system LuaJIT 2.1.0-beta3)

Running the test with following options:
Number of threads: 32
Target transaction rate: 300/sec
Initializing random number generator from current time


Initializing worker threads...

Threads started!

Latency histogram (values are in milliseconds)
       value  ------------- distribution ------------- count
       2.184 |                                         1
       2.264 |                                         1
       2.305 |                                         2
       2.347 |*                                        12
       2.389 |*                                        18
       2.433 |****                                     51
       2.477 |****                                     61
       2.522 |********                                 112
       2.568 |************                             177
       2.615 |*************                            189
       2.662 |*************                            185
       2.710 |***************                          213
       2.760 |****************                         228
       2.810 |***************                          221
       2.861 |****************                         226
       2.913 |*****************                        246
       2.966 |*******************                      274
       3.020 |*************************                353
       3.075 |********************************         462
       3.130 |************************************     514
       3.187 |**************************************   547
       3.245 |**************************************   550
       3.304 |**************************************** 572
       3.364 |**************************************** 573
       3.425 |***************************************  552
       3.488 |***********************************      500
       3.551 |******************************           430
       3.615 |*************************                365
       3.681 |*******************                      266
       3.748 |****************                         233
       3.816 |***********                              152
       3.885 |********                                 117
       3.956 |*******                                  103
       4.028 |******                                   79
       4.101 |***                                      50
       4.176 |***                                      43
       4.252 |**                                       32
       4.329 |**                                       24
       4.407 |*                                        21
       4.487 |*                                        17
       4.569 |*                                        12
       4.652 |*                                        14
       4.737 |*                                        12
       4.823 |*                                        10
       4.910 |*                                        10
       4.999 |*                                        10
       5.090 |                                         7
       5.183 |                                         5
       5.277 |                                         7
       5.373 |                                         6
       5.470 |                                         4
       5.570 |                                         5
       5.671 |                                         2
       5.774 |                                         3
       5.986 |                                         4
       6.095 |                                         2
       6.318 |                                         1
       6.433 |                                         4
       6.550 |                                         2
       6.913 |                                         2
       7.167 |                                         1
       7.842 |                                         1
       7.985 |                                         1
 
SQL statistics:
    queries performed:
        read:                            124558
        write:                           0
        other:                           17794
        total:                           142352
    transactions:                        8897   (296.31 per sec.)
    queries:                             142352 (4740.94 per sec.)
    ignored errors:                      0      (0.00 per sec.)
    reconnects:                          0      (0.00 per sec.)

General statistics:
    total time:                          30.0257s
    total number of events:              8897

Latency (ms):
         min:                                    2.20
         avg:                                    3.27
         max:                                    8.02
         95th percentile:                        3.96
         sum:                                29062.47

Threads fairness:
    events (avg/stddev):           278.0312/1.91
    execution time (avg/stddev):   0.9082/0.01


