sysbench 1.0.20 (using system LuaJIT 2.1.0-beta3)

Running the test with following options:
Number of threads: 32
Target transaction rate: 300/sec
Initializing random number generator from current time


Initializing worker threads...

Threads started!

Latency histogram (values are in milliseconds)
       value  ------------- distribution ------------- count
       2.145 |                                         2
       2.184 |                                         5
       2.223 |*                                        19
       2.264 |***                                      45
       2.305 |******                                   81
       2.347 |*********                                124
       2.389 |*************                            179
       2.433 |****************                         209
       2.477 |*****************                        222
       2.522 |****************                         206
       2.568 |****************                         218
       2.615 |***************                          204
       2.662 |*************                            170
       2.710 |****************                         216
       2.760 |*****************                        231
       2.810 |***********************                  307
       2.861 |***************************              360
       2.913 |************************************     481
       2.966 |************************************     476
       3.020 |**************************************   500
       3.075 |**************************************** 531
       3.130 |*************************************    491
       3.187 |***************************************  524
       3.245 |********************************         427
       3.304 |***************************              360
       3.364 |***************************              357
       3.425 |*********************                    278
       3.488 |******************                       233
       3.551 |************                             154
       3.615 |**********                               133
       3.681 |********                                 107
       3.748 |*******                                  92
       3.816 |*****                                    68
       3.885 |*****                                    63
       3.956 |****                                     53
       4.028 |***                                      40
       4.101 |***                                      44
       4.176 |**                                       30
       4.252 |**                                       30
       4.329 |***                                      35
       4.407 |**                                       28
       4.487 |**                                       20
       4.569 |*                                        19
       4.652 |***                                      35
       4.737 |**                                       22
       4.823 |**                                       26
       4.910 |**                                       20
       4.999 |*                                        19
       5.090 |*                                        11
       5.183 |                                         6
       5.277 |*                                        17
       5.373 |**                                       22
       5.470 |**                                       23
       5.570 |*                                        19
       5.671 |*                                        14
       5.774 |*                                        19
       5.879 |*                                        11
       5.986 |*                                        17
       6.095 |*                                        19
       6.205 |**                                       23
       6.318 |*                                        15
       6.433 |**                                       22
       6.550 |*                                        19
       6.669 |*                                        16
       6.790 |*                                        15
       6.913 |*                                        17
       7.039 |*                                        12
       7.167 |*                                        7
       7.297 |*                                        8
       7.430 |*                                        12
       7.565 |*                                        13
       7.702 |*                                        8
       7.842 |                                         5
       7.985 |*                                        10
       8.130 |*                                        10
       8.277 |                                         6
       8.428 |                                         4
       8.581 |                                         5
       8.737 |                                         3
       8.895 |                                         4
       9.057 |                                         4
       9.222 |                                         3
       9.389 |                                         3
       9.560 |                                         1
       9.734 |                                         1
       9.910 |                                         1
      10.274 |                                         1
      10.460 |                                         1
      11.242 |                                         1
 
SQL statistics:
    queries performed:
        read:                            124908
        write:                           0
        other:                           17844
        total:                           142752
    transactions:                        8922   (297.18 per sec.)
    queries:                             142752 (4754.91 per sec.)
    ignored errors:                      0      (0.00 per sec.)
    reconnects:                          0      (0.00 per sec.)

General statistics:
    total time:                          30.0217s
    total number of events:              8922

Latency (ms):
         min:                                    2.13
         avg:                                    3.24
         max:                                   11.18
         95th percentile:                        5.00
         sum:                                28928.10

Threads fairness:
    events (avg/stddev):           278.8125/2.05
    execution time (avg/stddev):   0.9040/0.01




sysbench 1.0.20 (using system LuaJIT 2.1.0-beta3)

Running the test with following options:
Number of threads: 32
Target transaction rate: 300/sec
Initializing random number generator from current time


Initializing worker threads...

Threads started!

Latency histogram (values are in milliseconds)
       value  ------------- distribution ------------- count
       2.305 |                                         1
       2.347 |                                         2
       2.389 |*                                        6
       2.433 |*                                        11
       2.477 |***                                      22
       2.522 |****                                     38
       2.568 |******                                   50
       2.615 |********                                 67
       2.662 |********                                 71
       2.710 |*********                                80
       2.760 |*********                                75
       2.810 |**********                               84
       2.861 |***********                              91
       2.913 |**************                           118
       2.966 |****************                         135
       3.020 |******************                       158
       3.075 |********************                     175
       3.130 |***********************                  195
       3.187 |****************************             238
       3.245 |********************************         273
       3.304 |*******************************          267
       3.364 |*********************************        280
       3.425 |***********************************      303
       3.488 |*********************************        285
       3.551 |**************************************** 344
       3.615 |*********************************        285
       3.681 |***********************************      301
       3.748 |*****************************            251
       3.816 |****************************             238
       3.885 |***************************              235
       3.956 |**************************               226
       4.028 |*************************                211
       4.101 |*************************                217
       4.176 |*************************                219
       4.252 |*********************                    183
       4.329 |*********************                    179
       4.407 |********************                     174
       4.487 |******************                       155
       4.569 |****************                         135
       4.652 |***************                          131
       4.737 |***************                          130
       4.823 |****************                         138
       4.910 |***************                          132
       4.999 |**************                           120
       5.090 |*************                            114
       5.183 |***********                              96
       5.277 |***********                              92
       5.373 |**********                               89
       5.470 |***********                              92
       5.570 |***********                              94
       5.671 |***********                              92
       5.774 |**********                               83
       5.879 |************                             100
       5.986 |********                                 70
       6.095 |********                                 73
       6.205 |*********                                81
       6.318 |***********                              96
       6.433 |*********                                74
       6.550 |********                                 68
       6.669 |******                                   51
       6.790 |********                                 67
       6.913 |******                                   49
       7.039 |*****                                    44
       7.167 |*****                                    39
       7.297 |*****                                    44
       7.430 |***                                      29
       7.565 |****                                     32
       7.702 |***                                      27
       7.842 |**                                       17
       7.985 |**                                       20
       8.130 |**                                       15
       8.277 |**                                       15
       8.428 |**                                       21
       8.581 |*                                        9
       8.737 |**                                       13
       8.895 |*                                        6
       9.057 |**                                       13
       9.222 |*                                        6
       9.389 |*                                        8
       9.560 |*                                        7
       9.734 |*                                        6
       9.910 |                                         3
      10.090 |                                         3
      10.274 |*                                        6
      10.460 |                                         3
      10.651 |                                         3
      10.844 |*                                        5
      11.041 |                                         3
      11.242 |                                         1
      11.654 |                                         1
      11.866 |                                         2
      12.081 |                                         1
      12.301 |                                         1
      12.524 |                                         2
      13.953 |                                         1
 
SQL statistics:
    queries performed:
        read:                            124824
        write:                           0
        other:                           17832
        total:                           142656
    transactions:                        8916   (296.86 per sec.)
    queries:                             142656 (4749.80 per sec.)
    ignored errors:                      0      (0.00 per sec.)
    reconnects:                          0      (0.00 per sec.)

General statistics:
    total time:                          30.0336s
    total number of events:              8916

Latency (ms):
         min:                                    2.29
         avg:                                    4.25
         max:                                   13.85
         95th percentile:                        6.91
         sum:                                37901.06

Threads fairness:
    events (avg/stddev):           278.6250/2.65
    execution time (avg/stddev):   1.1844/0.02




sysbench 1.0.20 (using system LuaJIT 2.1.0-beta3)

Running the test with following options:
Number of threads: 32
Target transaction rate: 300/sec
Initializing random number generator from current time


Initializing worker threads...

Threads started!

Latency histogram (values are in milliseconds)
       value  ------------- distribution ------------- count
       2.145 |                                         2
       2.184 |*                                        8
       2.223 |*                                        22
       2.264 |**                                       38
       2.305 |******                                   99
       2.347 |***********                              175
       2.389 |************                             185
       2.433 |***************                          240
       2.477 |****************                         256
       2.522 |***************                          230
       2.568 |*****************                        264
       2.615 |***************                          241
       2.662 |**************                           212
       2.710 |**************                           227
       2.760 |*********************                    335
       2.810 |************************                 381
       2.861 |**************************               409
       2.913 |*********************************        516
       2.966 |*************************************    584
       3.020 |**************************************** 628
       3.075 |***************************************  613
       3.130 |************************************     562
       3.187 |**********************************       538
       3.245 |*****************************            450
       3.304 |****************************             437
       3.364 |**********************                   344
       3.425 |*****************                        263
       3.488 |*************                            201
       3.551 |********                                 131
       3.615 |*****                                    84
       3.681 |****                                     67
       3.748 |****                                     58
       3.816 |**                                       35
       3.885 |**                                       36
       3.956 |**                                       26
       4.028 |*                                        14
       4.101 |*                                        12
       4.176 |*                                        14
       4.252 |                                         5
       4.329 |*                                        10
       4.407 |                                         5
       4.487 |                                         6
       4.569 |                                         3
       4.652 |                                         1
       4.737 |                                         4
       4.823 |*                                        8
       4.910 |                                         1
       4.999 |                                         1
       5.090 |                                         3
       5.183 |                                         2
       5.373 |                                         2
       5.470 |                                         1
       5.774 |                                         1
       6.095 |                                         1
       6.205 |                                         1
       6.550 |                                         1
 
SQL statistics:
    queries performed:
        read:                            125902
        write:                           0
        other:                           17986
        total:                           143888
    transactions:                        8993   (299.54 per sec.)
    queries:                             143888 (4792.67 per sec.)
    ignored errors:                      0      (0.00 per sec.)
    reconnects:                          0      (0.00 per sec.)

General statistics:
    total time:                          30.0221s
    total number of events:              8993

Latency (ms):
         min:                                    2.13
         avg:                                    2.99
         max:                                    6.49
         95th percentile:                        3.55
         sum:                                26882.14

Threads fairness:
    events (avg/stddev):           281.0312/2.52
    execution time (avg/stddev):   0.8401/0.01




sysbench 1.0.20 (using system LuaJIT 2.1.0-beta3)

Running the test with following options:
Number of threads: 32
Target transaction rate: 300/sec
Initializing random number generator from current time


Initializing worker threads...

FATAL: mysql_stmt_prepare() failed
FATAL: MySQL error: 1146 "Table 'sbtest.sbtest7' doesn't exist"
FATAL: `thread_init' function failed: /usr/share/sysbench/oltp_common.lua:284: SQL API error
FATAL: mysql_stmt_prepare() failed
FATAL: MySQL error: 1146 "Table 'sbtest.sbtest7' doesn't exist"
FATAL: `thread_init' function failed: /usr/share/sysbench/oltp_common.lua:284: SQL API error
FATAL: mysql_stmt_prepare() failed
FATAL: MySQL error: 1146 "Table 'sbtest.sbtest7' doesn't exist"
FATAL: `thread_init' function failed: /usr/share/sysbench/oltp_common.lua:284: SQL API error
FATAL: mysql_stmt_prepare() failed
FATAL: MySQL error: 1146 "Table 'sbtest.sbtest7' doesn't exist"
FATAL: `thread_init' function failed: /usr/share/sysbench/oltp_common.lua:284: SQL API error
FATAL: mysql_stmt_prepare() failed
FATAL: MySQL error: 1146 "Table 'sbtest.sbtest7' doesn't exist"
FATAL: `thread_init' function failed: /usr/share/sysbench/oltp_common.lua:284: SQL API error
FATAL: mysql_stmt_prepare() failed
FATAL: MySQL error: 1146 "Table 'sbtest.sbtest7' doesn't exist"
FATAL: `thread_init' function failed: /usr/share/sysbench/oltp_common.lua:284: SQL API error
FATAL: mysql_stmt_prepare() failed
FATAL: MySQL error: 1146 "Table 'sbtest.sbtest7' doesn't exist"
FATAL: `thread_init' function failed: /usr/share/sysbench/oltp_common.lua:284: SQL API error
FATAL: mysql_stmt_prepare() failed
FATAL: MySQL error: 1146 "Table 'sbtest.sbtest7' doesn't exist"
FATAL: `thread_init' function failed: /usr/share/sysbench/oltp_common.lua:284: SQL API error
FATAL: mysql_stmt_prepare() failed
FATAL: MySQL error: 1146 "Table 'sbtest.sbtest7' doesn't exist"
FATAL: `thread_init' function failed: /usr/share/sysbench/oltp_common.lua:284: SQL API error
FATAL: mysql_stmt_prepare() failed
FATAL: MySQL error: 1146 "Table 'sbtest.sbtest7' doesn't exist"
FATAL: `thread_init' function failed: /usr/share/sysbench/oltp_common.lua:284: SQL API error
FATAL: mysql_stmt_prepare() failed
FATAL: MySQL error: 1146 "Table 'sbtest.sbtest7' doesn't exist"
FATAL: `thread_init' function failed: /usr/share/sysbench/oltp_common.lua:284: SQL API error
FATAL: mysql_stmt_prepare() failed
FATAL: MySQL error: 1146 "Table 'sbtest.sbtest7' doesn't exist"
FATAL: `thread_init' function failed: /usr/share/sysbench/oltp_common.lua:284: SQL API error
FATAL: mysql_stmt_prepare() failed
FATAL: MySQL error: 1146 "Table 'sbtest.sbtest7' doesn't exist"
FATAL: `thread_init' function failed: /usr/share/sysbench/oltp_common.lua:284: SQL API error
FATAL: mysql_stmt_prepare() failed
FATAL: MySQL error: 1146 "Table 'sbtest.sbtest7' doesn't exist"
FATAL: `thread_init' function failed: /usr/share/sysbench/oltp_common.lua:284: SQL API error
FATAL: mysql_stmt_prepare() failed
FATAL: MySQL error: 1146 "Table 'sbtest.sbtest7' doesn't exist"
FATAL: `thread_init' function failed: /usr/share/sysbench/oltp_common.lua:284: SQL API error
FATAL: mysql_stmt_prepare() failed
FATAL: MySQL error: 1146 "Table 'sbtest.sbtest7' doesn't exist"
FATAL: `thread_init' function failed: /usr/share/sysbench/oltp_common.lua:284: SQL API error
FATAL: mysql_stmt_prepare() failed
FATAL: MySQL error: 1146 "Table 'sbtest.sbtest7' doesn't exist"
FATAL: `thread_init' function failed: /usr/share/sysbench/oltp_common.lua:284: SQL API error
FATAL: mysql_stmt_prepare() failed
FATAL: MySQL error: 1146 "Table 'sbtest.sbtest7' doesn't exist"
FATAL: `thread_init' function failed: /usr/share/sysbench/oltp_common.lua:284: SQL API error
FATAL: mysql_stmt_prepare() failed
FATAL: MySQL error: 1146 "Table 'sbtest.sbtest7' doesn't exist"
FATAL: `thread_init' function failed: /usr/share/sysbench/oltp_common.lua:284: SQL API error
FATAL: mysql_stmt_prepare() failed
FATAL: MySQL error: 1146 "Table 'sbtest.sbtest7' doesn't exist"
FATAL: `thread_init' function failed: /usr/share/sysbench/oltp_common.lua:284: SQL API error
FATAL: mysql_stmt_prepare() failed
FATAL: MySQL error: 1146 "Table 'sbtest.sbtest7' doesn't exist"
FATAL: `thread_init' function failed: /usr/share/sysbench/oltp_common.lua:284: SQL API error
FATAL: mysql_stmt_prepare() failed
FATAL: MySQL error: 1146 "Table 'sbtest.sbtest7' doesn't exist"
FATAL: `thread_init' function failed: /usr/share/sysbench/oltp_common.lua:284: SQL API error
FATAL: mysql_stmt_prepare() failed
FATAL: MySQL error: 1146 "Table 'sbtest.sbtest7' doesn't exist"
FATAL: `thread_init' function failed: /usr/share/sysbench/oltp_common.lua:284: SQL API error
FATAL: mysql_stmt_prepare() failed
FATAL: MySQL error: 1146 "Table 'sbtest.sbtest7' doesn't exist"
FATAL: `thread_init' function failed: /usr/share/sysbench/oltp_common.lua:284: SQL API error
FATAL: mysql_stmt_prepare() failed
FATAL: MySQL error: 1146 "Table 'sbtest.sbtest7' doesn't exist"
FATAL: `thread_init' function failed: /usr/share/sysbench/oltp_common.lua:284: SQL API error
FATAL: mysql_stmt_prepare() failed
FATAL: MySQL error: 1146 "Table 'sbtest.sbtest7' doesn't exist"
FATAL: `thread_init' function failed: /usr/share/sysbench/oltp_common.lua:284: SQL API error
FATAL: mysql_stmt_prepare() failed
FATAL: MySQL error: 1146 "Table 'sbtest.sbtest7' doesn't exist"
FATAL: `thread_init' function failed: /usr/share/sysbench/oltp_common.lua:284: SQL API error
FATAL: mysql_stmt_prepare() failed
FATAL: MySQL error: 1146 "Table 'sbtest.sbtest7' doesn't exist"
FATAL: `thread_init' function failed: /usr/share/sysbench/oltp_common.lua:284: SQL API error
FATAL: mysql_stmt_prepare() failed
FATAL: MySQL error: 1146 "Table 'sbtest.sbtest7' doesn't exist"
FATAL: `thread_init' function failed: /usr/share/sysbench/oltp_common.lua:284: SQL API error
FATAL: mysql_stmt_prepare() failed
FATAL: MySQL error: 1146 "Table 'sbtest.sbtest7' doesn't exist"
FATAL: `thread_init' function failed: /usr/share/sysbench/oltp_common.lua:284: SQL API error
FATAL: mysql_stmt_prepare() failed
FATAL: MySQL error: 1146 "Table 'sbtest.sbtest7' doesn't exist"
FATAL: `thread_init' function failed: /usr/share/sysbench/oltp_common.lua:284: SQL API error
FATAL: mysql_stmt_prepare() failed
FATAL: MySQL error: 1146 "Table 'sbtest.sbtest7' doesn't exist"
FATAL: `thread_init' function failed: /usr/share/sysbench/oltp_common.lua:284: SQL API error
FATAL: Thread initialization failed!



sysbench 1.0.20 (using system LuaJIT 2.1.0-beta3)

Running the test with following options:
Number of threads: 32
Target transaction rate: 300/sec
Initializing random number generator from current time


Initializing worker threads...

Threads started!

Latency histogram (values are in milliseconds)
       value  ------------- distribution ------------- count
       2.106 |                                         4
       2.145 |                                         1
       2.184 |*                                        20
       2.223 |**                                       37
       2.264 |******                                   98
       2.305 |***************                          232
       2.347 |******************                       282
       2.389 |******************                       278
       2.433 |******************                       283
       2.477 |******************                       277
       2.522 |***************                          226
       2.568 |****************                         244
       2.615 |************                             193
       2.662 |*************                            199
       2.710 |***************                          229
       2.760 |***********************                  350
       2.810 |***********************************      541
       2.861 |***************************************  600
       2.913 |*************************************    575
       2.966 |**************************************** 621
       3.020 |**************************************   594
       3.075 |************************************     556
       3.130 |***********************************      538
       3.187 |********************************         495
       3.245 |*************************                385
       3.304 |*******************                      300
       3.364 |*************                            207
       3.425 |*********                                145
       3.488 |*******                                  104
       3.551 |***                                      53
       3.615 |***                                      40
       3.681 |**                                       33
       3.748 |**                                       29
       3.816 |*                                        18
       3.885 |*                                        18
       3.956 |*                                        13
       4.028 |*                                        11
       4.101 |*                                        9
       4.176 |                                         5
       4.252 |                                         5
       4.329 |                                         3
       4.407 |                                         4
       4.487 |                                         4
       4.569 |                                         4
       4.652 |                                         2
       4.737 |                                         2
       4.823 |                                         2
       4.910 |                                         1
       4.999 |                                         3
       5.774 |                                         2
 
SQL statistics:
    queries performed:
        read:                            124250
        write:                           0
        other:                           17750
        total:                           142000
    transactions:                        8875   (295.61 per sec.)
    queries:                             142000 (4729.72 per sec.)
    ignored errors:                      0      (0.00 per sec.)
    reconnects:                          0      (0.00 per sec.)

General statistics:
    total time:                          30.0225s
    total number of events:              8875

Latency (ms):
         min:                                    2.09
         avg:                                    2.90
         max:                                    5.82
         95th percentile:                        3.43
         sum:                                25727.65

Threads fairness:
    events (avg/stddev):           277.3438/1.65
    execution time (avg/stddev):   0.8040/0.01




sysbench 1.0.20 (using system LuaJIT 2.1.0-beta3)

Running the test with following options:
Number of threads: 32
Target transaction rate: 300/sec
Initializing random number generator from current time


Initializing worker threads...

Threads started!

Latency histogram (values are in milliseconds)
       value  ------------- distribution ------------- count
       2.184 |                                         1
       2.264 |                                         1
       2.305 |                                         2
       2.347 |*                                        12
       2.389 |*                                        18
       2.433 |****                                     51
       2.477 |****                                     61
       2.522 |********                                 112
       2.568 |************                             177
       2.615 |*************                            189
       2.662 |*************                            185
       2.710 |***************                          213
       2.760 |****************                         228
       2.810 |***************                          221
       2.861 |****************                         226
       2.913 |*****************                        246
       2.966 |*******************                      274
       3.020 |*************************                353
       3.075 |********************************         462
       3.130 |************************************     514
       3.187 |**************************************   547
       3.245 |**************************************   550
       3.304 |**************************************** 572
       3.364 |**************************************** 573
       3.425 |***************************************  552
       3.488 |***********************************      500
       3.551 |******************************           430
       3.615 |*************************                365
       3.681 |*******************                      266
       3.748 |****************                         233
       3.816 |***********                              152
       3.885 |********                                 117
       3.956 |*******                                  103
       4.028 |******                                   79
       4.101 |***                                      50
       4.176 |***                                      43
       4.252 |**                                       32
       4.329 |**                                       24
       4.407 |*                                        21
       4.487 |*                                        17
       4.569 |*                                        12
       4.652 |*                                        14
       4.737 |*                                        12
       4.823 |*                                        10
       4.910 |*                                        10
       4.999 |*                                        10
       5.090 |                                         7
       5.183 |                                         5
       5.277 |                                         7
       5.373 |                                         6
       5.470 |                                         4
       5.570 |                                         5
       5.671 |                                         2
       5.774 |                                         3
       5.986 |                                         4
       6.095 |                                         2
       6.318 |                                         1
       6.433 |                                         4
       6.550 |                                         2
       6.913 |                                         2
       7.167 |                                         1
       7.842 |                                         1
       7.985 |                                         1
 
SQL statistics:
    queries performed:
        read:                            124558
        write:                           0
        other:                           17794
        total:                           142352
    transactions:                        8897   (296.31 per sec.)
    queries:                             142352 (4740.94 per sec.)
    ignored errors:                      0      (0.00 per sec.)
    reconnects:                          0      (0.00 per sec.)

General statistics:
    total time:                          30.0257s
    total number of events:              8897

Latency (ms):
         min:                                    2.20
         avg:                                    3.27
         max:                                    8.02
         95th percentile:                        3.96
         sum:                                29062.47

Threads fairness:
    events (avg/stddev):           278.0312/1.91
    execution time (avg/stddev):   0.9082/0.01


