sysbench 1.0.20 (using system LuaJIT 2.1.0-beta3)

Running the test with following options:
Number of threads: 32
Target transaction rate: 3000/sec
Initializing random number generator from current time


Initializing worker threads...

Threads started!

Latency histogram (values are in milliseconds)
       value  ------------- distribution ------------- count
       0.127 |                                         6
       0.129 |                                         5
       0.132 |                                         8
       0.134 |                                         12
       0.136 |                                         27
       0.139 |                                         44
       0.141 |*                                        85
       0.144 |**                                       169
       0.147 |**                                       255
       0.149 |***                                      347
       0.152 |*****                                    468
       0.155 |******                                   639
       0.158 |********                                 861
       0.160 |***********                              1160
       0.163 |*************                            1302
       0.166 |***************                          1550
       0.169 |*****************                        1755
       0.172 |*******************                      1967
       0.176 |*********************                    2207
       0.179 |************************                 2492
       0.182 |**************************               2685
       0.185 |******************************           3100
       0.189 |********************************         3279
       0.192 |************************************     3673
       0.196 |**************************************   3918
       0.199 |**************************************** 4137
       0.203 |**************************************** 4110
       0.206 |**************************************** 4108
       0.210 |***************************************  4040
       0.214 |**************************************   3961
       0.218 |***********************************      3577
       0.222 |********************************         3319
       0.226 |****************************             2845
       0.230 |************************                 2476
       0.234 |*********************                    2172
       0.238 |******************                       1835
       0.243 |***************                          1591
       0.247 |************                             1271
       0.252 |**********                               1080
       0.256 |*********                                955
       0.261 |********                                 817
       0.266 |******                                   656
       0.270 |*****                                    541
       0.275 |*****                                    510
       0.280 |****                                     425
       0.285 |****                                     373
       0.291 |***                                      313
       0.296 |***                                      295
       0.301 |***                                      277
       0.307 |***                                      277
       0.312 |**                                       221
       0.318 |**                                       249
       0.324 |***                                      280
       0.330 |***                                      339
       0.336 |***                                      340
       0.342 |****                                     445
       0.348 |*****                                    491
       0.354 |*****                                    531
       0.361 |******                                   576
       0.367 |******                                   652
       0.374 |*******                                  704
       0.381 |*******                                  685
       0.388 |*******                                  720
       0.395 |*******                                  736
       0.402 |******                                   642
       0.409 |******                                   571
       0.417 |*****                                    527
       0.424 |*****                                    469
       0.432 |****                                     443
       0.440 |****                                     397
       0.448 |***                                      324
       0.456 |***                                      278
       0.464 |**                                       256
       0.473 |*                                        155
       0.481 |**                                       166
       0.490 |*                                        135
       0.499 |*                                        100
       0.508 |*                                        99
       0.517 |*                                        90
       0.527 |*                                        68
       0.536 |*                                        82
       0.546 |*                                        57
       0.556 |*                                        52
       0.566 |*                                        54
       0.576 |                                         48
       0.587 |                                         39
       0.597 |                                         22
       0.608 |                                         31
       0.619 |                                         26
       0.630 |                                         26
       0.642 |                                         19
       0.654 |                                         13
       0.665 |                                         16
       0.677 |                                         11
       0.690 |                                         9
       0.702 |                                         4
       0.715 |                                         5
       0.728 |                                         2
       0.741 |                                         3
       0.755 |                                         3
       0.768 |                                         4
       0.782 |                                         5
       0.797 |                                         3
       0.811 |                                         3
       0.826 |                                         2
       0.841 |                                         2
       0.888 |                                         1
       0.920 |                                         2
       0.937 |                                         1
       0.971 |                                         3
       0.989 |                                         2
       1.007 |                                         2
       1.025 |                                         2
       1.102 |                                         1
       1.122 |                                         1
       1.205 |                                         1
       1.227 |                                         1
       1.272 |                                         2
       1.295 |                                         1
       1.367 |                                         1
       1.496 |                                         1
       1.579 |                                         1
       1.608 |                                         1
       1.637 |                                         1
       1.728 |                                         1
       1.791 |                                         1
       2.032 |                                         2
       2.305 |                                         2
       2.347 |                                         1
       2.522 |                                         1
       2.568 |                                         1
       2.662 |                                         1
       2.710 |                                         1
       2.913 |                                         1
       3.425 |                                         1
       3.551 |                                         2
       3.615 |                                         1
       3.956 |                                         1
       4.028 |                                         1
       4.176 |                                         1
       4.910 |                                         2
       4.999 |                                         1
       5.090 |                                         1
       5.183 |                                         1
       5.277 |                                         1
       5.570 |                                         2
       5.671 |                                         1
       5.774 |                                         1
       5.879 |                                         1
       5.986 |                                         1
       6.095 |                                         1
       6.433 |                                         1
       6.669 |                                         1
       6.913 |                                         2
 
SQL statistics:
    queries performed:
        read:                            90266
        write:                           0
        other:                           0
        total:                           90266
    transactions:                        90266  (3007.23 per sec.)
    queries:                             90266  (3007.23 per sec.)
    ignored errors:                      0      (0.00 per sec.)
    reconnects:                          0      (0.00 per sec.)

General statistics:
    total time:                          30.0159s
    total number of events:              90266

Latency (ms):
         min:                                    0.13
         avg:                                    0.23
         max:                                    6.97
         95th percentile:                        0.41
         sum:                                21150.78

Threads fairness:
    events (avg/stddev):           2820.8125/21.52
    execution time (avg/stddev):   0.6610/0.01


