sysbench 1.0.20 (using system LuaJIT 2.1.0-beta3)

Running the test with following options:
Number of threads: 32
Target transaction rate: 1000/sec
Initializing random number generator from current time


Initializing worker threads...

Threads started!

Latency histogram (values are in milliseconds)
       value  ------------- distribution ------------- count
       0.361 |                                         1
       0.374 |                                         1
       0.388 |                                         7
       0.395 |                                         12
       0.402 |*                                        27
       0.409 |**                                       56
       0.417 |***                                      95
       0.424 |*****                                    141
       0.432 |*******                                  189
       0.440 |**********                               263
       0.448 |*************                            356
       0.456 |***************                          400
       0.464 |****************                         432
       0.473 |*****************                        470
       0.481 |*******************                      509
       0.490 |******************                       502
       0.499 |*******************                      507
       0.508 |*********************                    573
       0.517 |*********************                    573
       0.527 |**********************                   604
       0.536 |*************************                672
       0.546 |****************************             777
       0.556 |*********************************        905
       0.566 |***********************************      966
       0.576 |**************************************   1032
       0.587 |**************************************   1054
       0.597 |***************************************  1062
       0.608 |**************************************** 1096
       0.619 |**************************************   1036
       0.630 |*************************************    1022
       0.642 |*************************************    1027
       0.654 |**********************************       936
       0.665 |*********************************        895
       0.677 |*****************************            789
       0.690 |*************************                685
       0.702 |*************************                691
       0.715 |**********************                   608
       0.728 |********************                     552
       0.741 |******************                       500
       0.755 |******************                       485
       0.768 |***************                          400
       0.782 |**************                           389
       0.797 |**************                           371
       0.811 |************                             328
       0.826 |***********                              288
       0.841 |*********                                257
       0.856 |********                                 232
       0.872 |********                                 222
       0.888 |*******                                  182
       0.904 |******                                   161
       0.920 |*****                                    129
       0.937 |*****                                    137
       0.954 |****                                     121
       0.971 |****                                     119
       0.989 |***                                      92
       1.007 |***                                      92
       1.025 |***                                      89
       1.044 |***                                      76
       1.063 |***                                      70
       1.082 |***                                      70
       1.102 |***                                      70
       1.122 |**                                       56
       1.142 |**                                       49
       1.163 |**                                       49
       1.184 |*                                        39
       1.205 |**                                       44
       1.227 |**                                       50
       1.250 |**                                       46
       1.272 |**                                       45
       1.295 |**                                       49
       1.319 |**                                       57
       1.343 |**                                       44
       1.367 |*                                        39
       1.392 |*                                        35
       1.417 |**                                       49
       1.443 |*                                        41
       1.469 |*                                        35
       1.496 |**                                       43
       1.523 |*                                        35
       1.551 |*                                        38
       1.579 |*                                        37
       1.608 |*                                        32
       1.637 |*                                        23
       1.667 |*                                        28
       1.697 |*                                        30
       1.728 |*                                        35
       1.759 |*                                        41
       1.791 |*                                        31
       1.824 |*                                        29
       1.857 |*                                        39
       1.891 |*                                        34
       1.925 |*                                        26
       1.960 |*                                        35
       1.996 |*                                        35
       2.032 |*                                        34
       2.069 |*                                        27
       2.106 |*                                        37
       2.145 |*                                        37
       2.184 |*                                        36
       2.223 |*                                        28
       2.264 |*                                        39
       2.305 |*                                        38
       2.347 |*                                        30
       2.389 |*                                        27
       2.433 |*                                        36
       2.477 |*                                        34
       2.522 |*                                        39
       2.568 |*                                        39
       2.615 |*                                        31
       2.662 |*                                        36
       2.710 |*                                        37
       2.760 |**                                       46
       2.810 |**                                       46
       2.861 |*                                        34
       2.913 |*                                        40
       2.966 |**                                       43
       3.020 |*                                        32
       3.075 |*                                        36
       3.130 |*                                        31
       3.187 |*                                        30
       3.245 |*                                        38
       3.304 |*                                        32
       3.364 |*                                        34
       3.425 |*                                        34
       3.488 |*                                        40
       3.551 |*                                        35
       3.615 |*                                        41
       3.681 |*                                        40
       3.748 |*                                        37
       3.816 |**                                       42
       3.885 |*                                        31
       3.956 |*                                        34
       4.028 |*                                        29
       4.101 |*                                        38
       4.176 |*                                        28
       4.252 |*                                        34
       4.329 |*                                        36
       4.407 |*                                        41
       4.487 |*                                        20
       4.569 |*                                        21
       4.652 |*                                        24
       4.737 |*                                        29
       4.823 |*                                        28
       4.910 |*                                        31
       4.999 |*                                        15
       5.090 |*                                        21
       5.183 |*                                        20
       5.277 |*                                        15
       5.373 |*                                        19
       5.470 |*                                        21
       5.570 |                                         7
       5.671 |                                         9
       5.774 |                                         6
       5.879 |                                         8
       5.986 |                                         5
       6.095 |                                         8
       6.205 |                                         4
       6.318 |                                         1
       6.433 |                                         5
       6.550 |                                         6
       6.669 |                                         2
       6.790 |                                         2
       6.913 |                                         2
       7.039 |                                         5
       7.167 |                                         2
       7.297 |                                         3
       7.430 |                                         3
       7.565 |                                         4
       7.702 |                                         2
       7.842 |                                         5
       7.985 |                                         3
       8.277 |                                         3
       8.428 |                                         5
       8.581 |                                         4
       8.737 |                                         4
       8.895 |                                         5
       9.057 |                                         1
       9.222 |                                         2
       9.389 |                                         2
       9.560 |                                         2
       9.734 |                                         2
       9.910 |                                         6
      10.090 |                                         2
      10.274 |                                         3
      10.460 |                                         2
      10.651 |                                         5
      10.844 |                                         6
      11.041 |                                         2
      11.242 |                                         2
      11.446 |                                         3
      11.654 |                                         4
      11.866 |                                         3
      12.081 |                                         2
      12.301 |                                         3
      12.524 |                                         2
      12.752 |                                         1
      12.984 |                                         3
      13.460 |                                         1
      13.704 |                                         3
      13.953 |                                         4
      14.207 |                                         2
      14.465 |                                         2
      14.728 |                                         7
      14.995 |                                         1
      15.268 |                                         3
      15.545 |                                         2
      15.828 |                                         1
      16.115 |                                         1
      16.706 |                                         3
      17.010 |                                         1
      17.319 |                                         1
      17.633 |                                         1
      17.954 |                                         3
      18.280 |                                         1
      18.612 |                                         1
      18.950 |                                         1
      20.002 |                                         1
      20.736 |                                         2
      21.112 |                                         2
      21.886 |                                         2
      24.827 |                                         1
      26.681 |                                         1
      27.165 |                                         1
      27.659 |                                         1
      28.673 |                                         2
      29.725 |                                         2
      30.815 |                                         1
      31.945 |                                         1
      32.525 |                                         2
      33.116 |                                         2
      33.718 |                                         3
      34.330 |                                         2
      34.954 |                                         3
      35.589 |                                         1
      36.894 |                                         2
      37.565 |                                         2
      38.247 |                                         1
      38.942 |                                         2
      39.650 |                                         1
      40.370 |                                         2
      41.104 |                                         6
      41.851 |                                         1
      42.611 |                                         4
      43.385 |                                         1
      44.173 |                                         1
      44.976 |                                         1
      45.793 |                                         2
      46.625 |                                         3
      48.335 |                                         1
      49.213 |                                         1
      50.107 |                                         1
      51.018 |                                         4
      51.945 |                                         1
      52.889 |                                         1
      53.850 |                                         2
      54.828 |                                         3
      55.824 |                                         2
      56.839 |                                         3
      57.871 |                                         6
      58.923 |                                         3
      61.083 |                                         4
      62.193 |                                         1
      63.323 |                                         3
      64.474 |                                         3
      65.645 |                                         2
      66.838 |                                         1
      68.053 |                                         3
      69.289 |                                         3
      70.548 |                                         1
      71.830 |                                         4
      73.135 |                                         3
      74.464 |                                         5
      75.817 |                                         3
      77.194 |                                         2
      78.597 |                                         3
      80.025 |                                         4
      81.479 |                                         5
      82.959 |                                         4
      84.467 |                                         1
      87.564 |                                         3
      89.155 |                                         3
      90.775 |                                         2
      92.424 |                                         3
      95.814 |                                         2
      97.555 |                                         2
      99.327 |                                         4
 
SQL statistics:
    queries performed:
        read:                            0
        write:                           29903
        other:                           0
        total:                           29903
    transactions:                        29903  (996.25 per sec.)
    queries:                             29903  (996.25 per sec.)
    ignored errors:                      0      (0.00 per sec.)
    reconnects:                          0      (0.00 per sec.)

General statistics:
    total time:                          30.0150s
    total number of events:              29903

Latency (ms):
         min:                                    0.36
         avg:                                    1.21
         max:                                   99.71
         95th percentile:                        2.86
         sum:                                36168.57

Threads fairness:
    events (avg/stddev):           934.4688/3.49
    execution time (avg/stddev):   1.1303/0.04


