sysbench 1.0.20 (using system LuaJIT 2.1.0-beta3)

Running the test with following options:
Number of threads: 32
Target transaction rate: 200/sec
Initializing random number generator from current time


Initializing worker threads...

Threads started!

Latency histogram (values are in milliseconds)
       value  ------------- distribution ------------- count
       3.488 |*                                        6
       3.551 |*                                        10
       3.615 |**                                       17
       3.681 |*******                                  54
       3.748 |**********                               80
       3.816 |************                             102
       3.885 |****************                         131
       3.956 |********************                     162
       4.028 |**********************                   180
       4.101 |***********************                  187
       4.176 |*************************                202
       4.252 |**************************               215
       4.329 |******************************           248
       4.407 |************************************     299
       4.487 |**************************************** 329
       4.569 |**************************************** 325
       4.652 |**************************************   315
       4.737 |**************************************** 328
       4.823 |**************************************   314
       4.910 |************************************     295
       4.999 |*********************************        275
       5.090 |********************************         262
       5.183 |************************                 200
       5.277 |************************                 195
       5.373 |*********************                    175
       5.470 |******************                       149
       5.570 |*****************                        143
       5.671 |**************                           119
       5.774 |*************                            104
       5.879 |**********                               84
       5.986 |**********                               79
       6.095 |*******                                  56
       6.205 |*****                                    42
       6.318 |*****                                    43
       6.433 |*****                                    40
       6.550 |***                                      21
       6.669 |***                                      23
       6.790 |**                                       18
       6.913 |**                                       16
       7.039 |*                                        8
       7.167 |**                                       15
       7.297 |*                                        12
       7.430 |**                                       16
       7.565 |                                         4
       7.702 |*                                        11
       7.842 |*                                        10
       7.985 |*                                        8
       8.130 |*                                        8
       8.277 |*                                        7
       8.428 |*                                        8
       8.581 |*                                        6
       8.737 |*                                        9
       8.895 |                                         4
       9.057 |*                                        8
       9.222 |*                                        11
       9.389 |                                         1
       9.560 |                                         4
       9.734 |*                                        5
       9.910 |*                                        5
      10.090 |*                                        5
      10.274 |                                         3
      10.460 |                                         3
      10.651 |*                                        5
      10.844 |                                         3
      11.041 |                                         3
      11.242 |                                         2
      11.446 |                                         1
      12.081 |                                         1
      12.301 |                                         2
      12.524 |                                         2
      12.752 |                                         2
      12.984 |                                         2
      13.460 |                                         1
      13.704 |                                         1
      13.953 |                                         1
      14.465 |                                         1
      14.728 |                                         1
      15.545 |                                         1
      15.828 |                                         2
      16.706 |                                         1
      17.633 |                                         1
      18.280 |                                         1
      18.612 |                                         1
 
SQL statistics:
    queries performed:
        read:                            84686
        write:                           24196
        other:                           12098
        total:                           120980
    transactions:                        6049   (201.51 per sec.)
    queries:                             120980 (4030.11 per sec.)
    ignored errors:                      0      (0.00 per sec.)
    reconnects:                          0      (0.00 per sec.)

General statistics:
    total time:                          30.0186s
    total number of events:              6049

Latency (ms):
         min:                                    3.46
         avg:                                    4.93
         max:                                   18.67
         95th percentile:                        6.43
         sum:                                29832.70

Threads fairness:
    events (avg/stddev):           189.0312/1.24
    execution time (avg/stddev):   0.9323/0.02


