sysbench 1.0.20 (using system LuaJIT 2.1.0-beta3)

Running the test with following options:
Number of threads: 32
Target transaction rate: 300/sec
Initializing random number generator from current time


Initializing worker threads...

Threads started!

Latency histogram (values are in milliseconds)
       value  ------------- distribution ------------- count
       2.069 |*                                        12
       2.106 |****                                     40
       2.145 |*************                            130
       2.184 |**********************                   225
       2.223 |**********************                   225
       2.264 |**********                               106
       2.305 |************                             126
       2.347 |***********                              118
       2.389 |**************                           141
       2.433 |***************                          152
       2.477 |*************                            134
       2.522 |***********                              119
       2.568 |*****************                        179
       2.615 |****************************             295
       2.662 |**************************************** 415
       2.710 |**********************************       349
       2.760 |***************************              278
       2.810 |**********************************       354
       2.861 |************************************     371
       2.913 |***********************************      361
       2.966 |*******************************          326
       3.020 |************************                 254
       3.075 |********************                     209
       3.130 |*******************                      195
       3.187 |****************                         161
       3.245 |************                             121
       3.304 |*********                                96
       3.364 |********                                 82
       3.425 |*******                                  71
       3.488 |****                                     43
       3.551 |****                                     45
       3.615 |**                                       23
       3.681 |**                                       21
       3.748 |**                                       18
       3.816 |*                                        13
       3.885 |*                                        9
       3.956 |*                                        7
       4.028 |*                                        14
       4.101 |                                         5
       4.176 |*                                        6
       4.252 |                                         5
       4.329 |*                                        7
       4.407 |                                         4
       4.487 |*                                        8
       4.569 |                                         1
       4.652 |                                         2
       4.737 |                                         1
       4.823 |                                         5
       4.910 |                                         2
       5.090 |                                         1
       5.183 |                                         3
       5.373 |                                         2
       5.470 |                                         1
       5.879 |                                         1
       5.986 |                                         1
       6.205 |                                         1
 
SQL statistics:
    queries performed:
        read:                            82516
        write:                           0
        other:                           11788
        total:                           94304
    transactions:                        5894   (294.35 per sec.)
    queries:                             94304  (4709.59 per sec.)
    ignored errors:                      0      (0.00 per sec.)
    reconnects:                          0      (0.00 per sec.)

General statistics:
    total time:                          20.0234s
    total number of events:              5894

Latency (ms):
         min:                                    2.06
         avg:                                    2.78
         max:                                    6.18
         95th percentile:                        3.43
         sum:                                16375.45

Threads fairness:
    events (avg/stddev):           184.1875/1.42
    execution time (avg/stddev):   0.5117/0.01


