sysbench 1.0.20 (using system LuaJIT 2.1.0-beta3)

Running the test with following options:
Number of threads: 32
Target transaction rate: 200/sec
Initializing random number generator from current time


Initializing worker threads...

Threads started!

Latency histogram (values are in milliseconds)
       value  ------------- distribution ------------- count
       2.568 |                                         1
       2.615 |**                                       20
       2.662 |****                                     38
       2.710 |**********                               90
       2.760 |*****************                        156
       2.810 |**********************                   203
       2.861 |***********************                  208
       2.913 |***************************              242
       2.966 |**************************               236
       3.020 |************************                 216
       3.075 |****************************             254
       3.130 |*********************************        301
       3.187 |**************************************** 359
       3.245 |***********************************      319
       3.304 |**************************************** 362
       3.364 |************************************     326
       3.425 |*****************************            259
       3.488 |****************************             255
       3.551 |******************************           275
       3.615 |*********************                    189
       3.681 |*******************                      169
       3.748 |******************                       159
       3.816 |*************                            118
       3.885 |************                             108
       3.956 |*************                            117
       4.028 |*******                                  67
       4.101 |*********                                82
       4.176 |******                                   55
       4.252 |****                                     39
       4.329 |****                                     35
       4.407 |****                                     40
       4.487 |***                                      28
       4.569 |***                                      23
       4.652 |***                                      24
       4.737 |**                                       20
       4.823 |*                                        10
       4.910 |**                                       16
       4.999 |*                                        13
       5.090 |*                                        12
       5.183 |*                                        7
       5.277 |*                                        11
       5.373 |*                                        12
       5.470 |*                                        9
       5.570 |**                                       17
       5.671 |**                                       15
       5.774 |**                                       16
       5.879 |**                                       15
       5.986 |**                                       15
       6.095 |*                                        13
       6.205 |*                                        8
       6.318 |*                                        12
       6.433 |**                                       16
       6.550 |***                                      26
       6.669 |***                                      24
       6.790 |**                                       21
       6.913 |***                                      27
       7.039 |**                                       20
       7.167 |***                                      29
       7.297 |**                                       16
       7.430 |**                                       19
       7.565 |**                                       15
       7.702 |**                                       19
       7.842 |**                                       15
       7.985 |*                                        12
       8.130 |*                                        10
       8.277 |***                                      23
       8.428 |**                                       20
       8.581 |*                                        12
       8.737 |*                                        10
       8.895 |*                                        9
       9.057 |*                                        13
       9.222 |*                                        8
       9.389 |*                                        7
       9.560 |*                                        6
       9.734 |*                                        10
       9.910 |*                                        10
      10.090 |*                                        6
      10.274 |                                         2
      10.460 |                                         3
      10.651 |                                         3
      10.844 |*                                        7
      11.041 |                                         1
      11.242 |                                         1
      11.446 |                                         3
      11.654 |                                         1
      11.866 |                                         3
      12.081 |                                         2
      12.524 |                                         3
      12.752 |                                         1
      12.984 |                                         1
      13.219 |                                         4
      13.460 |                                         3
      13.704 |                                         1
      13.953 |                                         1
      14.207 |                                         4
      14.465 |                                         1
      14.728 |                                         3
      14.995 |                                         1
      15.268 |                                         2
      15.545 |                                         4
      15.828 |                                         2
      16.408 |                                         2
      16.706 |                                         4
      17.010 |                                         1
      17.319 |                                         1
      17.954 |                                         1
      18.280 |                                         3
      18.950 |                                         2
      23.521 |                                         1
      24.384 |                                         1
      24.827 |                                         2
      25.278 |                                         1
      26.205 |                                         1
      28.162 |                                         2
      31.945 |                                         1
      33.718 |                                         1
 
SQL statistics:
    queries performed:
        read:                            85092
        write:                           24312
        other:                           12156
        total:                           121560
    transactions:                        6078   (202.40 per sec.)
    queries:                             121560 (4048.05 per sec.)
    ignored errors:                      0      (0.00 per sec.)
    reconnects:                          0      (0.00 per sec.)

General statistics:
    total time:                          30.0289s
    total number of events:              6078

Latency (ms):
         min:                                    2.55
         avg:                                    3.86
         max:                                   33.55
         95th percentile:                        7.43
         sum:                                23484.23

Threads fairness:
    events (avg/stddev):           189.9375/1.32
    execution time (avg/stddev):   0.7339/0.02


