sysbench 1.0.20 (using system LuaJIT 2.1.0-beta3)

Running the test with following options:
Number of threads: 32
Target transaction rate: 200/sec
Initializing random number generator from current time


Initializing worker threads...

Threads started!

Latency histogram (values are in milliseconds)
       value  ------------- distribution ------------- count
       3.364 |                                         1
       3.425 |                                         2
       3.488 |***                                      23
       3.551 |*****                                    40
       3.615 |*********                                78
       3.681 |***************                          126
       3.748 |*******************                      162
       3.816 |*******************                      166
       3.885 |*********************                    180
       3.956 |*********************                    178
       4.028 |***********************                  200
       4.101 |***********************                  200
       4.176 |*******************************          268
       4.252 |*******************************          267
       4.329 |***************************************  336
       4.407 |**************************************   322
       4.487 |**************************************** 341
       4.569 |************************************     303
       4.652 |************************************     304
       4.737 |******************************           254
       4.823 |******************************           256
       4.910 |*****************************            251
       4.999 |*************************                209
       5.090 |************************                 201
       5.183 |******************                       157
       5.277 |********************                     173
       5.373 |***************                          125
       5.470 |***********                              96
       5.570 |*********                                79
       5.671 |********                                 70
       5.774 |**********                               84
       5.879 |*********                                78
       5.986 |*******                                  60
       6.095 |*****                                    41
       6.205 |*******                                  56
       6.318 |****                                     37
       6.433 |****                                     31
       6.550 |**                                       21
       6.669 |****                                     30
       6.790 |****                                     32
       6.913 |*                                        12
       7.039 |**                                       14
       7.167 |**                                       17
       7.297 |**                                       18
       7.430 |*                                        12
       7.565 |*                                        12
       7.702 |*                                        9
       7.842 |**                                       13
       7.985 |*                                        11
       8.130 |**                                       13
       8.277 |*                                        8
       8.428 |*                                        7
       8.581 |                                         4
       8.737 |*                                        7
       8.895 |*                                        5
       9.057 |*                                        8
       9.222 |*                                        8
       9.389 |                                         3
       9.560 |                                         4
       9.734 |                                         4
       9.910 |                                         4
      10.090 |                                         3
      10.460 |                                         1
      10.844 |                                         1
      12.524 |                                         1
      13.219 |                                         2
      14.207 |                                         1
      16.408 |                                         1
      16.706 |                                         1
      17.010 |                                         1
      17.633 |                                         1
      18.280 |                                         1
      19.645 |                                         1
      20.736 |                                         1
      21.496 |                                         1
      22.284 |                                         1
 
SQL statistics:
    queries performed:
        read:                            84686
        write:                           24196
        other:                           12098
        total:                           120980
    transactions:                        6049   (201.49 per sec.)
    queries:                             120980 (4029.90 per sec.)
    ignored errors:                      0      (0.00 per sec.)
    reconnects:                          0      (0.00 per sec.)

General statistics:
    total time:                          30.0202s
    total number of events:              6049

Latency (ms):
         min:                                    3.39
         avg:                                    4.78
         max:                                   22.36
         95th percentile:                        6.43
         sum:                                28901.09

Threads fairness:
    events (avg/stddev):           189.0312/1.24
    execution time (avg/stddev):   0.9032/0.01


