sysbench 1.0.20 (using system LuaJIT 2.1.0-beta3)

Running the test with following options:
Number of threads: 32
Target transaction rate: 200/sec
Initializing random number generator from current time


Initializing worker threads...

Threads started!

Latency histogram (values are in milliseconds)
       value  ------------- distribution ------------- count
       3.488 |                                         3
       3.551 |*                                        10
       3.615 |***                                      24
       3.681 |*******                                  52
       3.748 |****************                         122
       3.816 |*****************                        133
       3.885 |**********************                   172
       3.956 |*************************                191
       4.028 |*********************                    160
       4.101 |**********************                   170
       4.176 |***************************              208
       4.252 |******************************           235
       4.329 |**********************************       266
       4.407 |*************************************    287
       4.487 |**************************************** 311
       4.569 |*************************************    285
       4.652 |***************************************  304
       4.737 |***********************************      269
       4.823 |***********************************      273
       4.910 |*******************************          238
       4.999 |******************************           230
       5.090 |***************************              209
       5.183 |*********************                    164
       5.277 |***********************                  178
       5.373 |******************                       143
       5.470 |****************                         122
       5.570 |**************                           112
       5.671 |*************                            104
       5.774 |**********                               78
       5.879 |**********                               78
       5.986 |*******                                  56
       6.095 |*******                                  58
       6.205 |******                                   45
       6.318 |*****                                    39
       6.433 |******                                   47
       6.550 |*****                                    37
       6.669 |***                                      27
       6.790 |***                                      27
       6.913 |***                                      23
       7.039 |**                                       15
       7.167 |***                                      21
       7.297 |***                                      22
       7.430 |**                                       18
       7.565 |**                                       17
       7.702 |***                                      20
       7.842 |**                                       15
       7.985 |**                                       15
       8.130 |**                                       14
       8.277 |**                                       12
       8.428 |**                                       15
       8.581 |**                                       16
       8.737 |**                                       15
       8.895 |**                                       16
       9.057 |**                                       17
       9.222 |**                                       15
       9.389 |***                                      23
       9.560 |*                                        8
       9.734 |**                                       13
       9.910 |*                                        8
      10.090 |*                                        11
      10.274 |**                                       14
      10.460 |**                                       16
      10.651 |**                                       12
      10.844 |*                                        9
      11.041 |*                                        9
      11.242 |**                                       15
      11.446 |*                                        4
      11.654 |*                                        7
      11.866 |                                         3
      12.081 |*                                        6
      12.301 |*                                        4
      12.524 |                                         3
      12.752 |*                                        4
      12.984 |                                         3
      13.219 |                                         3
      13.460 |*                                        4
      13.704 |*                                        4
      13.953 |                                         3
      14.207 |                                         2
      14.465 |                                         2
      14.728 |                                         3
      14.995 |                                         1
      15.268 |                                         1
      15.545 |                                         2
      15.828 |                                         2
      16.115 |                                         1
      16.408 |                                         1
      17.633 |                                         2
      18.612 |                                         1
      19.645 |                                         1
      20.002 |                                         2
      20.366 |                                         1
      20.736 |                                         1
 
SQL statistics:
    queries performed:
        read:                            83468
        write:                           23848
        other:                           11924
        total:                           119240
    transactions:                        5962   (198.49 per sec.)
    queries:                             119240 (3969.79 per sec.)
    ignored errors:                      0      (0.00 per sec.)
    reconnects:                          0      (0.00 per sec.)

General statistics:
    total time:                          30.0365s
    total number of events:              5962

Latency (ms):
         min:                                    3.49
         avg:                                    5.13
         max:                                   20.87
         95th percentile:                        8.43
         sum:                                30559.88

Threads fairness:
    events (avg/stddev):           186.3125/1.07
    execution time (avg/stddev):   0.9550/0.02


