sysbench 1.0.20 (using system LuaJIT 2.1.0-beta3)

Running the test with following options:
Number of threads: 32
Target transaction rate: 3000/sec
Initializing random number generator from current time


Initializing worker threads...

Threads started!

Latency histogram (values are in milliseconds)
       value  ------------- distribution ------------- count
       0.118 |                                         2
       0.120 |                                         1
       0.122 |                                         1
       0.125 |                                         3
       0.127 |                                         6
       0.129 |                                         14
       0.132 |                                         17
       0.134 |                                         36
       0.136 |*                                        80
       0.139 |*                                        177
       0.141 |**                                       310
       0.144 |****                                     533
       0.147 |*****                                    710
       0.149 |********                                 1004
       0.152 |**********                               1388
       0.155 |*************                            1686
       0.158 |***************                          1986
       0.160 |*****************                        2307
       0.163 |*******************                      2523
       0.166 |*******************                      2570
       0.169 |*********************                    2801
       0.172 |**********************                   2984
       0.176 |************************                 3170
       0.179 |*****************************            3835
       0.182 |********************************         4257
       0.185 |***********************************      4699
       0.189 |**************************************   5033
       0.192 |***************************************  5233
       0.196 |**************************************** 5341
       0.199 |***************************************  5191
       0.203 |***********************************      4649
       0.206 |*******************************          4079
       0.210 |*************************                3384
       0.214 |*********************                    2857
       0.218 |*******************                      2479
       0.222 |****************                         2193
       0.226 |*************                            1728
       0.230 |***********                              1470
       0.234 |*********                                1180
       0.238 |*******                                  994
       0.243 |******                                   811
       0.247 |*****                                    659
       0.252 |****                                     597
       0.256 |***                                      454
       0.261 |***                                      397
       0.266 |***                                      352
       0.270 |**                                       294
       0.275 |**                                       269
       0.280 |**                                       227
       0.285 |**                                       228
       0.291 |**                                       201
       0.296 |*                                        198
       0.301 |*                                        198
       0.307 |**                                       203
       0.312 |*                                        200
       0.318 |*                                        197
       0.324 |**                                       206
       0.330 |*                                        195
       0.336 |**                                       217
       0.342 |*                                        173
       0.348 |*                                        112
       0.354 |*                                        128
       0.361 |*                                        123
       0.367 |*                                        91
       0.374 |*                                        81
       0.381 |                                         51
       0.388 |                                         46
       0.395 |                                         32
       0.402 |                                         40
       0.409 |                                         25
       0.417 |                                         22
       0.424 |                                         10
       0.432 |                                         12
       0.440 |                                         18
       0.448 |                                         11
       0.456 |                                         6
       0.464 |                                         4
       0.473 |                                         5
       0.481 |                                         4
       0.490 |                                         5
       0.499 |                                         2
       0.508 |                                         3
       0.517 |                                         2
       0.527 |                                         3
       0.536 |                                         2
       0.546 |                                         1
       0.556 |                                         3
       0.576 |                                         1
       0.608 |                                         1
       0.768 |                                         1
       0.841 |                                         1
       0.872 |                                         1
       0.954 |                                         1
       1.082 |                                         1
       1.205 |                                         1
       1.227 |                                         1
       1.392 |                                         1
       1.857 |                                         1
 
SQL statistics:
    queries performed:
        read:                            90040
        write:                           0
        other:                           0
        total:                           90040
    transactions:                        90040  (2999.73 per sec.)
    queries:                             90040  (2999.73 per sec.)
    ignored errors:                      0      (0.00 per sec.)
    reconnects:                          0      (0.00 per sec.)

General statistics:
    total time:                          30.0157s
    total number of events:              90040

Latency (ms):
         min:                                    0.12
         avg:                                    0.20
         max:                                    1.84
         95th percentile:                        0.26
         sum:                                17762.67

Threads fairness:
    events (avg/stddev):           2813.7500/18.29
    execution time (avg/stddev):   0.5551/0.00


