sysbench 1.0.20 (using system LuaJIT 2.1.0-beta3)

Running the test with following options:
Number of threads: 32
Target transaction rate: 300/sec
Initializing random number generator from current time


Initializing worker threads...

Threads started!

Latency histogram (values are in milliseconds)
       value  ------------- distribution ------------- count
       2.145 |                                         2
       2.184 |*                                        7
       2.223 |*                                        15
       2.264 |***                                      41
       2.305 |****                                     62
       2.347 |**********                               138
       2.389 |***********                              150
       2.433 |**************                           193
       2.477 |***************                          202
       2.522 |****************                         224
       2.568 |***************                          208
       2.615 |***********                              153
       2.662 |***************                          205
       2.710 |***************                          202
       2.760 |*****************                        237
       2.810 |********************                     276
       2.861 |*************************                351
       2.913 |******************************           416
       2.966 |************************************     496
       3.020 |***************************************  537
       3.075 |**************************************** 552
       3.130 |*************************************    511
       3.187 |**************************************** 549
       3.245 |***********************************      477
       3.304 |*******************************          428
       3.364 |*************************                348
       3.425 |*********************                    293
       3.488 |****************                         214
       3.551 |*************                            185
       3.615 |**********                               144
       3.681 |*******                                  102
       3.748 |******                                   84
       3.816 |*****                                    75
       3.885 |****                                     61
       3.956 |*****                                    71
       4.028 |**                                       33
       4.101 |***                                      45
       4.176 |***                                      42
       4.252 |***                                      41
       4.329 |**                                       28
       4.407 |**                                       28
       4.487 |**                                       23
       4.569 |**                                       27
       4.652 |**                                       23
       4.737 |**                                       26
       4.823 |**                                       24
       4.910 |**                                       23
       4.999 |**                                       24
       5.090 |**                                       21
       5.183 |**                                       23
       5.277 |**                                       23
       5.373 |*                                        17
       5.470 |**                                       21
       5.570 |*                                        19
       5.671 |*                                        18
       5.774 |**                                       22
       5.879 |*                                        12
       5.986 |*                                        10
       6.095 |*                                        17
       6.205 |*                                        14
       6.318 |*                                        18
       6.433 |*                                        12
       6.550 |*                                        12
       6.669 |**                                       23
       6.790 |*                                        9
       6.913 |*                                        11
       7.039 |*                                        13
       7.167 |*                                        9
       7.297 |*                                        11
       7.430 |*                                        7
       7.565 |*                                        13
       7.702 |                                         4
       7.842 |*                                        12
       7.985 |*                                        15
       8.130 |*                                        9
       8.277 |                                         5
       8.428 |*                                        9
       8.581 |*                                        8
       8.737 |                                         4
       8.895 |                                         3
       9.057 |                                         4
       9.222 |                                         4
       9.389 |                                         3
       9.910 |                                         3
      10.090 |                                         3
      10.274 |                                         2
      10.460 |                                         2
      10.844 |                                         1
      11.041 |                                         1
      11.866 |                                         1
      12.301 |                                         3
      12.524 |                                         1
      12.984 |                                         1
 
SQL statistics:
    queries performed:
        read:                            126686
        write:                           0
        other:                           18098
        total:                           144784
    transactions:                        9049   (301.37 per sec.)
    queries:                             144784 (4821.89 per sec.)
    ignored errors:                      0      (0.00 per sec.)
    reconnects:                          0      (0.00 per sec.)

General statistics:
    total time:                          30.0261s
    total number of events:              9049

Latency (ms):
         min:                                    2.16
         avg:                                    3.27
         max:                                   12.97
         95th percentile:                        5.09
         sum:                                29610.97

Threads fairness:
    events (avg/stddev):           282.7812/1.60
    execution time (avg/stddev):   0.9253/0.01


