sysbench 1.0.20 (using system LuaJIT 2.1.0-beta3)

Running the test with following options:
Number of threads: 32
Target transaction rate: 3000/sec
Initializing random number generator from current time


Initializing worker threads...

Threads started!

Latency histogram (values are in milliseconds)
       value  ------------- distribution ------------- count
       0.065 |                                         1
       0.066 |                                         5
       0.068 |                                         3
       0.069 |                                         5
       0.070 |                                         10
       0.071 |                                         10
       0.073 |                                         24
       0.074 |                                         17
       0.075 |                                         21
       0.077 |                                         20
       0.078 |                                         28
       0.079 |*                                        46
       0.081 |*                                        49
       0.082 |*                                        50
       0.084 |*                                        74
       0.085 |*                                        85
       0.087 |**                                       132
       0.089 |**                                       157
       0.090 |***                                      226
       0.092 |****                                     332
       0.093 |******                                   452
       0.095 |*******                                  561
       0.097 |*********                                725
       0.099 |************                             980
       0.100 |**************                           1143
       0.102 |*****************                        1347
       0.104 |********************                     1633
       0.106 |************************                 1953
       0.108 |*************************                2011
       0.110 |*****************************            2323
       0.112 |*******************************          2464
       0.114 |***********************************      2850
       0.116 |************************************     2862
       0.118 |***************************************  3109
       0.120 |**************************************   3093
       0.122 |**************************************** 3215
       0.125 |***************************************  3148
       0.127 |**************************************   3053
       0.129 |*************************************    2984
       0.132 |*************************************    2976
       0.134 |***********************************      2848
       0.136 |*********************************        2687
       0.139 |*********************************        2663
       0.141 |*******************************          2471
       0.144 |******************************           2426
       0.147 |***************************              2210
       0.149 |***************************              2155
       0.152 |*************************                2003
       0.155 |************************                 1929
       0.158 |**********************                   1774
       0.160 |*********************                    1716
       0.163 |********************                     1608
       0.166 |******************                       1448
       0.169 |*****************                        1395
       0.172 |****************                         1253
       0.176 |**************                           1164
       0.179 |**************                           1092
       0.182 |************                             992
       0.185 |***********                              912
       0.189 |**********                               817
       0.192 |**********                               841
       0.196 |*********                                744
       0.199 |*******                                  596
       0.203 |*******                                  570
       0.206 |*******                                  538
       0.210 |******                                   490
       0.214 |*****                                    441
       0.218 |*****                                    435
       0.222 |*****                                    406
       0.226 |****                                     357
       0.230 |****                                     283
       0.234 |****                                     301
       0.238 |****                                     299
       0.243 |***                                      254
       0.247 |***                                      210
       0.252 |**                                       198
       0.256 |**                                       196
       0.261 |**                                       152
       0.266 |**                                       147
       0.270 |**                                       141
       0.275 |**                                       135
       0.280 |**                                       128
       0.285 |*                                        110
       0.291 |*                                        109
       0.296 |*                                        87
       0.301 |*                                        89
       0.307 |*                                        77
       0.312 |*                                        64
       0.318 |*                                        77
       0.324 |*                                        86
       0.330 |*                                        68
       0.336 |*                                        60
       0.342 |*                                        64
       0.348 |*                                        51
       0.354 |*                                        59
       0.361 |*                                        46
       0.367 |*                                        45
       0.374 |*                                        52
       0.381 |*                                        43
       0.388 |                                         32
       0.395 |                                         39
       0.402 |*                                        43
       0.409 |*                                        55
       0.417 |                                         36
       0.424 |                                         22
       0.432 |                                         36
       0.440 |                                         18
       0.448 |                                         30
       0.456 |                                         18
       0.464 |                                         32
       0.473 |                                         28
       0.481 |                                         23
       0.490 |*                                        45
       0.499 |                                         30
       0.508 |                                         15
       0.517 |                                         25
       0.527 |                                         18
       0.536 |                                         29
       0.546 |                                         23
       0.556 |                                         36
       0.566 |                                         25
       0.576 |                                         26
       0.587 |                                         23
       0.597 |                                         25
       0.608 |                                         20
       0.619 |                                         20
       0.630 |                                         21
       0.642 |                                         10
       0.654 |                                         17
       0.665 |                                         24
       0.677 |                                         19
       0.690 |                                         13
       0.702 |                                         10
       0.715 |                                         15
       0.728 |                                         15
       0.741 |                                         18
       0.755 |                                         9
       0.768 |                                         6
       0.782 |                                         7
       0.797 |                                         4
       0.811 |                                         3
       0.826 |                                         8
       0.841 |                                         6
       0.856 |                                         10
       0.872 |                                         4
       0.888 |                                         11
       0.904 |                                         7
       0.920 |                                         6
       0.937 |                                         5
       0.954 |                                         11
       0.971 |                                         5
       0.989 |                                         3
       1.007 |                                         5
       1.025 |                                         6
       1.044 |                                         3
       1.063 |                                         5
       1.082 |                                         3
       1.102 |                                         1
       1.122 |                                         8
       1.142 |                                         6
       1.163 |                                         4
       1.184 |                                         3
       1.205 |                                         8
       1.227 |                                         10
       1.250 |                                         5
       1.272 |                                         6
       1.295 |                                         5
       1.319 |                                         3
       1.343 |                                         5
       1.367 |                                         5
       1.392 |                                         2
       1.417 |                                         5
       1.443 |                                         2
       1.469 |                                         3
       1.496 |                                         4
       1.523 |                                         3
       1.551 |                                         3
       1.579 |                                         4
       1.608 |                                         3
       1.637 |                                         4
       1.667 |                                         3
       1.697 |                                         3
       1.728 |                                         3
       1.759 |                                         2
       1.791 |                                         2
       1.824 |                                         3
       1.857 |                                         5
       1.891 |                                         2
       1.925 |                                         5
       1.960 |                                         1
       1.996 |                                         3
       2.032 |                                         1
       2.106 |                                         2
       2.145 |                                         2
       2.184 |                                         2
       2.264 |                                         1
       2.305 |                                         1
       2.347 |                                         1
       2.477 |                                         1
       2.522 |                                         1
       2.568 |                                         1
       2.615 |                                         1
       2.662 |                                         1
       2.760 |                                         1
       2.861 |                                         1
       2.913 |                                         1
       2.966 |                                         1
       3.020 |                                         1
       3.130 |                                         1
       3.304 |                                         1
       3.364 |                                         1
       3.425 |                                         1
       3.488 |                                         1
       3.615 |                                         1
       3.748 |                                         1
       3.816 |                                         1
       3.885 |                                         2
       4.028 |                                         1
       7.430 |                                         1
 
SQL statistics:
    queries performed:
        read:                            90016
        write:                           0
        other:                           0
        total:                           90016
    transactions:                        90016  (2998.76 per sec.)
    queries:                             90016  (2998.76 per sec.)
    ignored errors:                      0      (0.00 per sec.)
    reconnects:                          0      (0.00 per sec.)

General statistics:
    total time:                          30.0165s
    total number of events:              90016

Latency (ms):
         min:                                    0.06
         avg:                                    0.15
         max:                                    7.38
         95th percentile:                        0.23
         sum:                                13574.92

Threads fairness:
    events (avg/stddev):           2813.0000/15.87
    execution time (avg/stddev):   0.4242/0.00


