sysbench 1.0.20 (using system LuaJIT 2.1.0-beta3)

Running the test with following options:
Number of threads: 32
Target transaction rate: 300/sec
Initializing random number generator from current time


Initializing worker threads...

Threads started!

Latency histogram (values are in milliseconds)
       value  ------------- distribution ------------- count
       2.145 |                                         3
       2.184 |*                                        11
       2.223 |**                                       24
       2.264 |***                                      48
       2.305 |********                                 118
       2.347 |**********                               133
       2.389 |**************                           191
       2.433 |***************                          214
       2.477 |**************                           193
       2.522 |*************                            181
       2.568 |***************                          209
       2.615 |****************                         216
       2.662 |**************                           193
       2.710 |*****************                        230
       2.760 |********************                     280
       2.810 |***************************              378
       2.861 |*******************************          434
       2.913 |*************************************    519
       2.966 |*************************************    519
       3.020 |**************************************   532
       3.075 |**************************************** 557
       3.130 |**************************************   531
       3.187 |*************************************    518
       3.245 |******************************           418
       3.304 |************************                 334
       3.364 |******************                       256
       3.425 |**************                           195
       3.488 |*************                            178
       3.551 |********                                 118
       3.615 |*******                                  93
       3.681 |******                                   81
       3.748 |*****                                    67
       3.816 |****                                     51
       3.885 |****                                     52
       3.956 |****                                     53
       4.028 |***                                      39
       4.101 |*                                        16
       4.176 |**                                       25
       4.252 |**                                       27
       4.329 |**                                       28
       4.407 |**                                       21
       4.487 |**                                       24
       4.569 |**                                       22
       4.652 |*                                        19
       4.737 |**                                       21
       4.823 |**                                       22
       4.910 |*                                        15
       4.999 |*                                        17
       5.090 |*                                        18
       5.183 |*                                        18
       5.277 |**                                       21
       5.373 |*                                        16
       5.470 |*                                        20
       5.570 |*                                        11
       5.671 |*                                        18
       5.774 |**                                       22
       5.879 |*                                        8
       5.986 |*                                        12
       6.095 |*                                        8
       6.205 |*                                        13
       6.318 |*                                        11
       6.433 |*                                        13
       6.550 |                                         4
       6.669 |*                                        12
       6.790 |*                                        9
       6.913 |                                         3
       7.039 |*                                        10
       7.167 |*                                        7
       7.297 |*                                        11
       7.430 |*                                        8
       7.565 |                                         3
       7.702 |*                                        15
       7.842 |*                                        20
       7.985 |*                                        13
       8.130 |*                                        19
       8.277 |*                                        13
       8.428 |*                                        11
       8.581 |*                                        8
       8.737 |*                                        8
       8.895 |*                                        9
       9.057 |*                                        12
       9.222 |*                                        11
       9.389 |*                                        10
       9.560 |*                                        10
       9.734 |                                         6
      10.090 |                                         5
      10.460 |                                         3
      10.651 |                                         4
      10.844 |                                         4
      11.041 |                                         2
      11.242 |                                         3
      11.446 |                                         2
      11.654 |                                         1
      11.866 |                                         2
      12.301 |                                         2
      12.524 |                                         2
      12.984 |                                         1
      13.704 |                                         2
      14.207 |                                         1
      14.465 |                                         1
      14.728 |                                         1
 
SQL statistics:
    queries performed:
        read:                            124614
        write:                           0
        other:                           17802
        total:                           142416
    transactions:                        8901   (296.50 per sec.)
    queries:                             142416 (4743.94 per sec.)
    ignored errors:                      0      (0.00 per sec.)
    reconnects:                          0      (0.00 per sec.)

General statistics:
    total time:                          30.0202s
    total number of events:              8901

Latency (ms):
         min:                                    2.13
         avg:                                    3.26
         max:                                   14.71
         95th percentile:                        5.18
         sum:                                28999.80

Threads fairness:
    events (avg/stddev):           278.1562/2.00
    execution time (avg/stddev):   0.9062/0.01


