/opt/hostedtoolcache/Java_Temurin-Hotspot_jdk/17.0.20-1/x64/bin/java  -classpath /home/runner/ycsb-mongodb-binding-0.17.0/conf:/home/runner/ycsb-mongodb-binding-0.17.0/lib/HdrHistogram-2.1.4.jar:/home/runner/ycsb-mongodb-binding-0.17.0/lib/core-0.17.0.jar:/home/runner/ycsb-mongodb-binding-0.17.0/lib/htrace-core4-4.1.0-incubating.jar:/home/runner/ycsb-mongodb-binding-0.17.0/lib/jackson-core-asl-1.9.4.jar:/home/runner/ycsb-mongodb-binding-0.17.0/lib/jackson-mapper-asl-1.9.4.jar:/home/runner/ycsb-mongodb-binding-0.17.0/lib/logback-classic-1.1.2.jar:/home/runner/ycsb-mongodb-binding-0.17.0/lib/logback-core-1.1.2.jar:/home/runner/ycsb-mongodb-binding-0.17.0/lib/mongo-java-driver-3.8.0.jar:/home/runner/ycsb-mongodb-binding-0.17.0/lib/mongodb-async-driver-2.0.1.jar:/home/runner/ycsb-mongodb-binding-0.17.0/lib/mongodb-binding-0.17.0.jar:/home/runner/ycsb-mongodb-binding-0.17.0/lib/slf4j-api-1.7.25.jar:/home/runner/ycsb-mongodb-binding-0.17.0/lib/snappy-java-1.1.7.1.jar site.ycsb.Client -t -db site.ycsb.db.MongoDbClient -s -P /home/runner/ycsb-mongodb-binding-0.17.0/workloads/workloadf -p mongodb.url=mongodb://127.0.0.1:27017/ycsb?w=1 -p measurementtype=raw -p measurement.raw.output_file=/home/runner/work/The-Omni-Compass/The-Omni-Compass/out/ycsb-f/rep-3/native/notch-1.raw -p recordcount=250000 -p operationcount=1000000000 -p maxexecutiontime=30 -p target=3000 -p threads=32 -p insertstart=0 -p insertorder=ordered -p requestdistribution=uniform -p seed=100300
mongo client connection created with mongodb://127.0.0.1:27017/ycsb?w=1
Raw data measurement: will output to result file: /home/runner/work/The-Omni-Compass/The-Omni-Compass/out/ycsb-f/rep-3/native/notch-1.raw
Raw data measurement: will output to result file: /home/runner/work/The-Omni-Compass/The-Omni-Compass/out/ycsb-f/rep-3/native/notch-1.raw
Raw data measurement: will output to result file: /home/runner/work/The-Omni-Compass/The-Omni-Compass/out/ycsb-f/rep-3/native/notch-1.raw
Raw data measurement: will output to result file: /home/runner/work/The-Omni-Compass/The-Omni-Compass/out/ycsb-f/rep-3/native/notch-1.raw
[OVERALL], RunTime(ms), 30003
[OVERALL], Throughput(ops/sec), 2947.471919474719
[TOTAL_GCS_G1_Young_Generation], Count, 21
[TOTAL_GC_TIME_G1_Young_Generation], Time(ms), 115
[TOTAL_GC_TIME_%_G1_Young_Generation], Time(%), 0.38329500383295007
[TOTAL_GCS_G1_Old_Generation], Count, 0
[TOTAL_GC_TIME_G1_Old_Generation], Time(ms), 0
[TOTAL_GC_TIME_%_G1_Old_Generation], Time(%), 0.0
[TOTAL_GCs], Count, 21
[TOTAL_GC_TIME], Time(ms), 115
[TOTAL_GC_TIME_%], Time(%), 0.38329500383295007
[READ], Total Operations, 88433
[READ], Below is a summary of latency in microseconds:, -1
[READ], Average, 209.59449526760372
[READ], Min, 125
[READ], Max, 60431
[READ], p1, 144
[READ], p5, 147
[READ], p50, 178
[READ], p90, 379
[READ], p95, 444
[READ], p99, 671
[READ], p99.9, 1598
[READ], p99.99, 6207
[READ], Return=OK, 88433
[READ-MODIFY-WRITE], Total Operations, 44062
[READ-MODIFY-WRITE], Below is a summary of latency in microseconds:, -1
[READ-MODIFY-WRITE], Average, 413.27928827561163
[READ-MODIFY-WRITE], Min, 294
[READ-MODIFY-WRITE], Max, 10755
[READ-MODIFY-WRITE], p1, 311
[READ-MODIFY-WRITE], p5, 320
[READ-MODIFY-WRITE], p50, 383
[READ-MODIFY-WRITE], p90, 586
[READ-MODIFY-WRITE], p95, 676
[READ-MODIFY-WRITE], p99, 1009
[READ-MODIFY-WRITE], p99.9, 2264
[READ-MODIFY-WRITE], p99.99, 6683
[CLEANUP], Total Operations, 1
[CLEANUP], Below is a summary of latency in microseconds:, -1
[CLEANUP], Average, 1349.0
[CLEANUP], Min, 1349
[CLEANUP], Max, 1349
[CLEANUP], p1, 1349
[CLEANUP], p5, 1349
[CLEANUP], p50, 1349
[CLEANUP], p90, 1349
[CLEANUP], p95, 1349
[CLEANUP], p99, 1349
[CLEANUP], p99.9, 1349
[CLEANUP], p99.99, 1349
[UPDATE], Total Operations, 44062
[UPDATE], Below is a summary of latency in microseconds:, -1
[UPDATE], Average, 202.54021605918933
[UPDATE], Min, 149
[UPDATE], Max, 8775
[UPDATE], p1, 165
[UPDATE], p5, 170
[UPDATE], p50, 202
[UPDATE], p90, 232
[UPDATE], p95, 247
[UPDATE], p99, 341
[UPDATE], p99.9, 706
[UPDATE], p99.99, 3503
[UPDATE], Return=OK, 44062

Command line: -t -db site.ycsb.db.MongoDbClient -s -P /home/runner/ycsb-mongodb-binding-0.17.0/workloads/workloadf -p mongodb.url=mongodb://127.0.0.1:27017/ycsb?w=1 -p measurementtype=raw -p measurement.raw.output_file=/home/runner/work/The-Omni-Compass/The-Omni-Compass/out/ycsb-f/rep-3/native/notch-1.raw -p recordcount=250000 -p operationcount=1000000000 -p maxexecutiontime=30 -p target=3000 -p threads=32 -p insertstart=0 -p insertorder=ordered -p requestdistribution=uniform -p seed=100300
YCSB Client 0.17.0

Loading workload...
Starting test.
Maximum execution time specified as: 30 secs
2026-10-10 14:44:38:945 0 sec: 0 operations; est completion in 0 second 
DBWrapper: report latency for each error is false and specific error codes to track for latency are: []
2026-10-10 14:44:48:902 10 sec: 22093 operations; 2209.3 current ops/sec; est completion in 5 days 5 hours READ count: 22095, average latency(us): 311.43 READ-MODIFY-WRITE count: 10973, average latency(us): 539.40 UPDATE count: 10973, average latency(us): 226.77 
2026-10-10 14:44:58:902 20 sec: 57848 operations; 3575.5 current ops/sec; est completion in 4 days READ count: 35754, average latency(us): 179.63 READ-MODIFY-WRITE count: 17909, average latency(us): 374.67 UPDATE count: 17909, average latency(us): 193.42 
Maximum time elapsed. Requesting stop for the workload.
Stop requested for workload. Now Joining!
2026-10-10 14:45:08:902 30 sec: 88431 operations; 3058.3 current ops/sec; est completion in 3 days 22 hours READ count: 30583, average latency(us): 171.05 READ-MODIFY-WRITE count: 15179, average latency(us): 367.62 UPDATE count: 15179, average latency(us): 195.79 
2026-10-10 14:45:08:905 30 sec: 88433 operations; 666.67 current ops/sec; est completion in 3 days 22 hours READ count: 1, average latency(us): 463.00 READ-MODIFY-WRITE count: 1, average latency(us): 904.00 CLEANUP count: 1, average latency(us): 1349.00 UPDATE count: 1, average latency(us): 222.00 


/opt/hostedtoolcache/Java_Temurin-Hotspot_jdk/17.0.20-1/x64/bin/java  -classpath /home/runner/ycsb-mongodb-binding-0.17.0/conf:/home/runner/ycsb-mongodb-binding-0.17.0/lib/HdrHistogram-2.1.4.jar:/home/runner/ycsb-mongodb-binding-0.17.0/lib/core-0.17.0.jar:/home/runner/ycsb-mongodb-binding-0.17.0/lib/htrace-core4-4.1.0-incubating.jar:/home/runner/ycsb-mongodb-binding-0.17.0/lib/jackson-core-asl-1.9.4.jar:/home/runner/ycsb-mongodb-binding-0.17.0/lib/jackson-mapper-asl-1.9.4.jar:/home/runner/ycsb-mongodb-binding-0.17.0/lib/logback-classic-1.1.2.jar:/home/runner/ycsb-mongodb-binding-0.17.0/lib/logback-core-1.1.2.jar:/home/runner/ycsb-mongodb-binding-0.17.0/lib/mongo-java-driver-3.8.0.jar:/home/runner/ycsb-mongodb-binding-0.17.0/lib/mongodb-async-driver-2.0.1.jar:/home/runner/ycsb-mongodb-binding-0.17.0/lib/mongodb-binding-0.17.0.jar:/home/runner/ycsb-mongodb-binding-0.17.0/lib/slf4j-api-1.7.25.jar:/home/runner/ycsb-mongodb-binding-0.17.0/lib/snappy-java-1.1.7.1.jar site.ycsb.Client -t -db site.ycsb.db.MongoDbClient -s -P /home/runner/ycsb-mongodb-binding-0.17.0/workloads/workloadf -p mongodb.url=mongodb://127.0.0.1:27017/ycsb?w=1 -p measurementtype=raw -p measurement.raw.output_file=/home/runner/work/The-Omni-Compass/The-Omni-Compass/out/ycsb-f/rep-3/native/notch-2.raw -p recordcount=500000 -p operationcount=1000000000 -p maxexecutiontime=30 -p target=3000 -p threads=32 -p insertstart=0 -p insertorder=ordered -p requestdistribution=uniform -p seed=100301
mongo client connection created with mongodb://127.0.0.1:27017/ycsb?w=1
Raw data measurement: will output to result file: /home/runner/work/The-Omni-Compass/The-Omni-Compass/out/ycsb-f/rep-3/native/notch-2.raw
Raw data measurement: will output to result file: /home/runner/work/The-Omni-Compass/The-Omni-Compass/out/ycsb-f/rep-3/native/notch-2.raw
Raw data measurement: will output to result file: /home/runner/work/The-Omni-Compass/The-Omni-Compass/out/ycsb-f/rep-3/native/notch-2.raw
Raw data measurement: will output to result file: /home/runner/work/The-Omni-Compass/The-Omni-Compass/out/ycsb-f/rep-3/native/notch-2.raw
[OVERALL], RunTime(ms), 30003
[OVERALL], Throughput(ops/sec), 2936.3730293637304
[TOTAL_GCS_G1_Young_Generation], Count, 21
[TOTAL_GC_TIME_G1_Young_Generation], Time(ms), 112
[TOTAL_GC_TIME_%_G1_Young_Generation], Time(%), 0.37329600373296
[TOTAL_GCS_G1_Old_Generation], Count, 0
[TOTAL_GC_TIME_G1_Old_Generation], Time(ms), 0
[TOTAL_GC_TIME_%_G1_Old_Generation], Time(%), 0.0
[TOTAL_GCs], Count, 21
[TOTAL_GC_TIME], Time(ms), 112
[TOTAL_GC_TIME_%], Time(%), 0.37329600373296
[READ], Total Operations, 88100
[READ], Below is a summary of latency in microseconds:, -1
[READ], Average, 225.91417707150964
[READ], Min, 125
[READ], Max, 59938
[READ], p1, 145
[READ], p5, 149
[READ], p50, 186
[READ], p90, 369
[READ], p95, 435
[READ], p99, 568
[READ], p99.9, 2564
[READ], p99.99, 38486
[READ], Return=OK, 88100
[READ-MODIFY-WRITE], Total Operations, 44174
[READ-MODIFY-WRITE], Below is a summary of latency in microseconds:, -1
[READ-MODIFY-WRITE], Average, 429.04004618101146
[READ-MODIFY-WRITE], Min, 295
[READ-MODIFY-WRITE], Max, 50320
[READ-MODIFY-WRITE], p1, 314
[READ-MODIFY-WRITE], p5, 323
[READ-MODIFY-WRITE], p50, 384
[READ-MODIFY-WRITE], p90, 576
[READ-MODIFY-WRITE], p95, 663
[READ-MODIFY-WRITE], p99, 929
[READ-MODIFY-WRITE], p99.9, 3349
[READ-MODIFY-WRITE], p99.99, 37393
[CLEANUP], Total Operations, 1
[CLEANUP], Below is a summary of latency in microseconds:, -1
[CLEANUP], Average, 1247.0
[CLEANUP], Min, 1247
[CLEANUP], Max, 1247
[CLEANUP], p1, 1247
[CLEANUP], p5, 1247
[CLEANUP], p50, 1247
[CLEANUP], p90, 1247
[CLEANUP], p95, 1247
[CLEANUP], p99, 1247
[CLEANUP], p99.9, 1247
[CLEANUP], p99.99, 1247
[UPDATE], Total Operations, 44174
[UPDATE], Below is a summary of latency in microseconds:, -1
[UPDATE], Average, 201.6084348259157
[UPDATE], Min, 150
[UPDATE], Max, 6287
[UPDATE], p1, 165
[UPDATE], p5, 171
[UPDATE], p50, 197
[UPDATE], p90, 232
[UPDATE], p95, 249
[UPDATE], p99, 358
[UPDATE], p99.9, 906
[UPDATE], p99.99, 3099
[UPDATE], Return=OK, 44174

Command line: -t -db site.ycsb.db.MongoDbClient -s -P /home/runner/ycsb-mongodb-binding-0.17.0/workloads/workloadf -p mongodb.url=mongodb://127.0.0.1:27017/ycsb?w=1 -p measurementtype=raw -p measurement.raw.output_file=/home/runner/work/The-Omni-Compass/The-Omni-Compass/out/ycsb-f/rep-3/native/notch-2.raw -p recordcount=500000 -p operationcount=1000000000 -p maxexecutiontime=30 -p target=3000 -p threads=32 -p insertstart=0 -p insertorder=ordered -p requestdistribution=uniform -p seed=100301
YCSB Client 0.17.0

Loading workload...
Starting test.
Maximum execution time specified as: 30 secs
2026-10-10 14:45:09:942 0 sec: 0 operations; est completion in 0 second 
DBWrapper: report latency for each error is false and specific error codes to track for latency are: []
2026-10-10 14:45:19:903 10 sec: 24869 operations; 2486.9 current ops/sec; est completion in 4 days 15 hours READ count: 24871, average latency(us): 272.86 READ-MODIFY-WRITE count: 12390, average latency(us): 495.41 UPDATE count: 12390, average latency(us): 221.94 
2026-10-10 14:45:29:902 20 sec: 55818 operations; 3094.9 current ops/sec; est completion in 4 days 3 hours READ count: 30948, average latency(us): 220.53 READ-MODIFY-WRITE count: 15627, average latency(us): 417.96 UPDATE count: 15627, average latency(us): 196.85 
Maximum time elapsed. Requesting stop for the workload.
Stop requested for workload. Now Joining!
2026-10-10 14:45:39:902 30 sec: 88098 operations; 3228 current ops/sec; est completion in 3 days 22 hours READ count: 32280, average latency(us): 194.88 READ-MODIFY-WRITE count: 16156, average latency(us): 388.82 UPDATE count: 16156, average latency(us): 190.62 
2026-10-10 14:45:39:905 30 sec: 88100 operations; 666.67 current ops/sec; est completion in 3 days 22 hours READ count: 1, average latency(us): 856.00 READ-MODIFY-WRITE count: 1, average latency(us): 1070.00 CLEANUP count: 1, average latency(us): 1247.00 UPDATE count: 1, average latency(us): 212.00 


/opt/hostedtoolcache/Java_Temurin-Hotspot_jdk/17.0.20-1/x64/bin/java  -classpath /home/runner/ycsb-mongodb-binding-0.17.0/conf:/home/runner/ycsb-mongodb-binding-0.17.0/lib/HdrHistogram-2.1.4.jar:/home/runner/ycsb-mongodb-binding-0.17.0/lib/core-0.17.0.jar:/home/runner/ycsb-mongodb-binding-0.17.0/lib/htrace-core4-4.1.0-incubating.jar:/home/runner/ycsb-mongodb-binding-0.17.0/lib/jackson-core-asl-1.9.4.jar:/home/runner/ycsb-mongodb-binding-0.17.0/lib/jackson-mapper-asl-1.9.4.jar:/home/runner/ycsb-mongodb-binding-0.17.0/lib/logback-classic-1.1.2.jar:/home/runner/ycsb-mongodb-binding-0.17.0/lib/logback-core-1.1.2.jar:/home/runner/ycsb-mongodb-binding-0.17.0/lib/mongo-java-driver-3.8.0.jar:/home/runner/ycsb-mongodb-binding-0.17.0/lib/mongodb-async-driver-2.0.1.jar:/home/runner/ycsb-mongodb-binding-0.17.0/lib/mongodb-binding-0.17.0.jar:/home/runner/ycsb-mongodb-binding-0.17.0/lib/slf4j-api-1.7.25.jar:/home/runner/ycsb-mongodb-binding-0.17.0/lib/snappy-java-1.1.7.1.jar site.ycsb.Client -t -db site.ycsb.db.MongoDbClient -s -P /home/runner/ycsb-mongodb-binding-0.17.0/workloads/workloadf -p mongodb.url=mongodb://127.0.0.1:27017/ycsb?w=1 -p measurementtype=raw -p measurement.raw.output_file=/home/runner/work/The-Omni-Compass/The-Omni-Compass/out/ycsb-f/rep-3/native/notch-3.raw -p recordcount=750000 -p operationcount=1000000000 -p maxexecutiontime=30 -p target=3000 -p threads=32 -p insertstart=0 -p insertorder=ordered -p requestdistribution=uniform -p seed=100302
mongo client connection created with mongodb://127.0.0.1:27017/ycsb?w=1
Raw data measurement: will output to result file: /home/runner/work/The-Omni-Compass/The-Omni-Compass/out/ycsb-f/rep-3/native/notch-3.raw
Raw data measurement: will output to result file: /home/runner/work/The-Omni-Compass/The-Omni-Compass/out/ycsb-f/rep-3/native/notch-3.raw
Raw data measurement: will output to result file: /home/runner/work/The-Omni-Compass/The-Omni-Compass/out/ycsb-f/rep-3/native/notch-3.raw
Raw data measurement: will output to result file: /home/runner/work/The-Omni-Compass/The-Omni-Compass/out/ycsb-f/rep-3/native/notch-3.raw
[OVERALL], RunTime(ms), 30002
[OVERALL], Throughput(ops/sec), 2963.4691020598625
[TOTAL_GCS_G1_Young_Generation], Count, 21
[TOTAL_GC_TIME_G1_Young_Generation], Time(ms), 112
[TOTAL_GC_TIME_%_G1_Young_Generation], Time(%), 0.3733084461035931
[TOTAL_GCS_G1_Old_Generation], Count, 0
[TOTAL_GC_TIME_G1_Old_Generation], Time(ms), 0
[TOTAL_GC_TIME_%_G1_Old_Generation], Time(%), 0.0
[TOTAL_GCs], Count, 21
[TOTAL_GC_TIME], Time(ms), 112
[TOTAL_GC_TIME_%], Time(%), 0.3733084461035931
[READ], Total Operations, 88910
[READ], Below is a summary of latency in microseconds:, -1
[READ], Average, 222.1508041840063
[READ], Min, 125
[READ], Max, 55230
[READ], p1, 147
[READ], p5, 150
[READ], p50, 188
[READ], p90, 350
[READ], p95, 424
[READ], p99, 543
[READ], p99.9, 2016
[READ], p99.99, 37274
[READ], Return=OK, 88910
[READ-MODIFY-WRITE], Total Operations, 44417
[READ-MODIFY-WRITE], Below is a summary of latency in microseconds:, -1
[READ-MODIFY-WRITE], Average, 427.679604655875
[READ-MODIFY-WRITE], Min, 294
[READ-MODIFY-WRITE], Max, 63239
[READ-MODIFY-WRITE], p1, 318
[READ-MODIFY-WRITE], p5, 324
[READ-MODIFY-WRITE], p50, 396
[READ-MODIFY-WRITE], p90, 560
[READ-MODIFY-WRITE], p95, 654
[READ-MODIFY-WRITE], p99, 880
[READ-MODIFY-WRITE], p99.9, 2948
[READ-MODIFY-WRITE], p99.99, 35008
[CLEANUP], Total Operations, 1
[CLEANUP], Below is a summary of latency in microseconds:, -1
[CLEANUP], Average, 1387.0
[CLEANUP], Min, 1387
[CLEANUP], Max, 1387
[CLEANUP], p1, 1387
[CLEANUP], p5, 1387
[CLEANUP], p50, 1387
[CLEANUP], p90, 1387
[CLEANUP], p95, 1387
[CLEANUP], p99, 1387
[CLEANUP], p99.9, 1387
[CLEANUP], p99.99, 1387
[UPDATE], Total Operations, 44417
[UPDATE], Below is a summary of latency in microseconds:, -1
[UPDATE], Average, 203.72193079226423
[UPDATE], Min, 149
[UPDATE], Max, 7176
[UPDATE], p1, 166
[UPDATE], p5, 171
[UPDATE], p50, 199
[UPDATE], p90, 236
[UPDATE], p95, 254
[UPDATE], p99, 364
[UPDATE], p99.9, 1144
[UPDATE], p99.99, 3370
[UPDATE], Return=OK, 44417

Command line: -t -db site.ycsb.db.MongoDbClient -s -P /home/runner/ycsb-mongodb-binding-0.17.0/workloads/workloadf -p mongodb.url=mongodb://127.0.0.1:27017/ycsb?w=1 -p measurementtype=raw -p measurement.raw.output_file=/home/runner/work/The-Omni-Compass/The-Omni-Compass/out/ycsb-f/rep-3/native/notch-3.raw -p recordcount=750000 -p operationcount=1000000000 -p maxexecutiontime=30 -p target=3000 -p threads=32 -p insertstart=0 -p insertorder=ordered -p requestdistribution=uniform -p seed=100302
YCSB Client 0.17.0

Loading workload...
Starting test.
Maximum execution time specified as: 30 secs
2026-10-10 14:45:40:940 0 sec: 0 operations; est completion in 0 second 
DBWrapper: report latency for each error is false and specific error codes to track for latency are: []
2026-10-10 14:45:50:899 10 sec: 25426 operations; 2542.6 current ops/sec; est completion in 4 days 13 hours READ count: 25429, average latency(us): 260.60 READ-MODIFY-WRITE count: 12812, average latency(us): 491.99 UPDATE count: 12812, average latency(us): 225.54 
2026-10-10 14:46:00:899 20 sec: 56251 operations; 3082.5 current ops/sec; est completion in 4 days 2 hours READ count: 30823, average latency(us): 223.85 READ-MODIFY-WRITE count: 15362, average latency(us): 417.14 UPDATE count: 15362, average latency(us): 195.45 
Maximum time elapsed. Requesting stop for the workload.
Stop requested for workload. Now Joining!
2026-10-10 14:46:10:899 30 sec: 88908 operations; 3265.7 current ops/sec; est completion in 3 days 21 hours READ count: 32657, average latency(us): 190.61 READ-MODIFY-WRITE count: 16243, average latency(us): 386.92 UPDATE count: 16243, average latency(us): 194.33 
2026-10-10 14:46:10:901 30 sec: 88910 operations; 1000 current ops/sec; est completion in 3 days 21 hours READ count: 1, average latency(us): 337.00  CLEANUP count: 1, average latency(us): 1387.00  


/opt/hostedtoolcache/Java_Temurin-Hotspot_jdk/17.0.20-1/x64/bin/java  -classpath /home/runner/ycsb-mongodb-binding-0.17.0/conf:/home/runner/ycsb-mongodb-binding-0.17.0/lib/HdrHistogram-2.1.4.jar:/home/runner/ycsb-mongodb-binding-0.17.0/lib/core-0.17.0.jar:/home/runner/ycsb-mongodb-binding-0.17.0/lib/htrace-core4-4.1.0-incubating.jar:/home/runner/ycsb-mongodb-binding-0.17.0/lib/jackson-core-asl-1.9.4.jar:/home/runner/ycsb-mongodb-binding-0.17.0/lib/jackson-mapper-asl-1.9.4.jar:/home/runner/ycsb-mongodb-binding-0.17.0/lib/logback-classic-1.1.2.jar:/home/runner/ycsb-mongodb-binding-0.17.0/lib/logback-core-1.1.2.jar:/home/runner/ycsb-mongodb-binding-0.17.0/lib/mongo-java-driver-3.8.0.jar:/home/runner/ycsb-mongodb-binding-0.17.0/lib/mongodb-async-driver-2.0.1.jar:/home/runner/ycsb-mongodb-binding-0.17.0/lib/mongodb-binding-0.17.0.jar:/home/runner/ycsb-mongodb-binding-0.17.0/lib/slf4j-api-1.7.25.jar:/home/runner/ycsb-mongodb-binding-0.17.0/lib/snappy-java-1.1.7.1.jar site.ycsb.Client -t -db site.ycsb.db.MongoDbClient -s -P /home/runner/ycsb-mongodb-binding-0.17.0/workloads/workloadf -p mongodb.url=mongodb://127.0.0.1:27017/ycsb?w=1 -p measurementtype=raw -p measurement.raw.output_file=/home/runner/work/The-Omni-Compass/The-Omni-Compass/out/ycsb-f/rep-3/native/notch-4.raw -p recordcount=500000 -p operationcount=1000000000 -p maxexecutiontime=30 -p target=3000 -p threads=32 -p insertstart=0 -p insertorder=ordered -p requestdistribution=uniform -p seed=100303
mongo client connection created with mongodb://127.0.0.1:27017/ycsb?w=1
Raw data measurement: will output to result file: /home/runner/work/The-Omni-Compass/The-Omni-Compass/out/ycsb-f/rep-3/native/notch-4.raw
Raw data measurement: will output to result file: /home/runner/work/The-Omni-Compass/The-Omni-Compass/out/ycsb-f/rep-3/native/notch-4.raw
Raw data measurement: will output to result file: /home/runner/work/The-Omni-Compass/The-Omni-Compass/out/ycsb-f/rep-3/native/notch-4.raw
Raw data measurement: will output to result file: /home/runner/work/The-Omni-Compass/The-Omni-Compass/out/ycsb-f/rep-3/native/notch-4.raw
[OVERALL], RunTime(ms), 30002
[OVERALL], Throughput(ops/sec), 2966.0355976268247
[TOTAL_GCS_G1_Young_Generation], Count, 22
[TOTAL_GC_TIME_G1_Young_Generation], Time(ms), 121
[TOTAL_GC_TIME_%_G1_Young_Generation], Time(%), 0.4033064462369175
[TOTAL_GCS_G1_Old_Generation], Count, 0
[TOTAL_GC_TIME_G1_Old_Generation], Time(ms), 0
[TOTAL_GC_TIME_%_G1_Old_Generation], Time(%), 0.0
[TOTAL_GCs], Count, 22
[TOTAL_GC_TIME], Time(ms), 121
[TOTAL_GC_TIME_%], Time(%), 0.4033064462369175
[READ], Total Operations, 88987
[READ], Below is a summary of latency in microseconds:, -1
[READ], Average, 188.20173733241936
[READ], Min, 126
[READ], Max, 54721
[READ], p1, 146
[READ], p5, 150
[READ], p50, 177
[READ], p90, 220
[READ], p95, 238
[READ], p99, 349
[READ], p99.9, 1222
[READ], p99.99, 5919
[READ], Return=OK, 88987
[READ-MODIFY-WRITE], Total Operations, 44249
[READ-MODIFY-WRITE], Below is a summary of latency in microseconds:, -1
[READ-MODIFY-WRITE], Average, 394.06861172003886
[READ-MODIFY-WRITE], Min, 292
[READ-MODIFY-WRITE], Max, 10897
[READ-MODIFY-WRITE], p1, 317
[READ-MODIFY-WRITE], p5, 325
[READ-MODIFY-WRITE], p50, 370
[READ-MODIFY-WRITE], p90, 450
[READ-MODIFY-WRITE], p95, 491
[READ-MODIFY-WRITE], p99, 758
[READ-MODIFY-WRITE], p99.9, 2295
[READ-MODIFY-WRITE], p99.99, 6809
[CLEANUP], Total Operations, 1
[CLEANUP], Below is a summary of latency in microseconds:, -1
[CLEANUP], Average, 1134.0
[CLEANUP], Min, 1134
[CLEANUP], Max, 1134
[CLEANUP], p1, 1134
[CLEANUP], p5, 1134
[CLEANUP], p50, 1134
[CLEANUP], p90, 1134
[CLEANUP], p95, 1134
[CLEANUP], p99, 1134
[CLEANUP], p99.9, 1134
[CLEANUP], p99.99, 1134
[UPDATE], Total Operations, 44249
[UPDATE], Below is a summary of latency in microseconds:, -1
[UPDATE], Average, 204.64494112861308
[UPDATE], Min, 149
[UPDATE], Max, 8154
[UPDATE], p1, 166
[UPDATE], p5, 171
[UPDATE], p50, 199
[UPDATE], p90, 234
[UPDATE], p95, 253
[UPDATE], p99, 384
[UPDATE], p99.9, 1024
[UPDATE], p99.99, 6207
[UPDATE], Return=OK, 44249

Command line: -t -db site.ycsb.db.MongoDbClient -s -P /home/runner/ycsb-mongodb-binding-0.17.0/workloads/workloadf -p mongodb.url=mongodb://127.0.0.1:27017/ycsb?w=1 -p measurementtype=raw -p measurement.raw.output_file=/home/runner/work/The-Omni-Compass/The-Omni-Compass/out/ycsb-f/rep-3/native/notch-4.raw -p recordcount=500000 -p operationcount=1000000000 -p maxexecutiontime=30 -p target=3000 -p threads=32 -p insertstart=0 -p insertorder=ordered -p requestdistribution=uniform -p seed=100303
YCSB Client 0.17.0

Loading workload...
Starting test.
Maximum execution time specified as: 30 secs
2026-10-10 14:46:11:890 0 sec: 0 operations; est completion in 0 second 
DBWrapper: report latency for each error is false and specific error codes to track for latency are: []
2026-10-10 14:46:21:851 10 sec: 28999 operations; 2899.9 current ops/sec; est completion in 3 days 23 hours READ count: 29000, average latency(us): 204.06 READ-MODIFY-WRITE count: 14512, average latency(us): 424.68 UPDATE count: 14512, average latency(us): 220.25 
2026-10-10 14:46:31:851 20 sec: 58997 operations; 2999.8 current ops/sec; est completion in 3 days 22 hours READ count: 29999, average latency(us): 182.78 READ-MODIFY-WRITE count: 14874, average latency(us): 382.33 UPDATE count: 14874, average latency(us): 198.23 
Maximum time elapsed. Requesting stop for the workload.
Stop requested for workload. Now Joining!
2026-10-10 14:46:41:851 30 sec: 88985 operations; 2998.8 current ops/sec; est completion in 3 days 21 hours READ count: 29988, average latency(us): 178.28 READ-MODIFY-WRITE count: 14863, average latency(us): 375.93 CLEANUP count: 1, average latency(us): 1134.00 UPDATE count: 14863, average latency(us): 195.83 
2026-10-10 14:46:41:854 30 sec: 88987 operations; 666.67 current ops/sec; est completion in 3 days 21 hours     


/opt/hostedtoolcache/Java_Temurin-Hotspot_jdk/17.0.20-1/x64/bin/java  -classpath /home/runner/ycsb-mongodb-binding-0.17.0/conf:/home/runner/ycsb-mongodb-binding-0.17.0/lib/HdrHistogram-2.1.4.jar:/home/runner/ycsb-mongodb-binding-0.17.0/lib/core-0.17.0.jar:/home/runner/ycsb-mongodb-binding-0.17.0/lib/htrace-core4-4.1.0-incubating.jar:/home/runner/ycsb-mongodb-binding-0.17.0/lib/jackson-core-asl-1.9.4.jar:/home/runner/ycsb-mongodb-binding-0.17.0/lib/jackson-mapper-asl-1.9.4.jar:/home/runner/ycsb-mongodb-binding-0.17.0/lib/logback-classic-1.1.2.jar:/home/runner/ycsb-mongodb-binding-0.17.0/lib/logback-core-1.1.2.jar:/home/runner/ycsb-mongodb-binding-0.17.0/lib/mongo-java-driver-3.8.0.jar:/home/runner/ycsb-mongodb-binding-0.17.0/lib/mongodb-async-driver-2.0.1.jar:/home/runner/ycsb-mongodb-binding-0.17.0/lib/mongodb-binding-0.17.0.jar:/home/runner/ycsb-mongodb-binding-0.17.0/lib/slf4j-api-1.7.25.jar:/home/runner/ycsb-mongodb-binding-0.17.0/lib/snappy-java-1.1.7.1.jar site.ycsb.Client -t -db site.ycsb.db.MongoDbClient -s -P /home/runner/ycsb-mongodb-binding-0.17.0/workloads/workloadf -p mongodb.url=mongodb://127.0.0.1:27017/ycsb?w=1 -p measurementtype=raw -p measurement.raw.output_file=/home/runner/work/The-Omni-Compass/The-Omni-Compass/out/ycsb-f/rep-3/native/notch-5.raw -p recordcount=750000 -p operationcount=1000000000 -p maxexecutiontime=30 -p target=3000 -p threads=32 -p insertstart=0 -p insertorder=ordered -p requestdistribution=uniform -p seed=100304
mongo client connection created with mongodb://127.0.0.1:27017/ycsb?w=1
Raw data measurement: will output to result file: /home/runner/work/The-Omni-Compass/The-Omni-Compass/out/ycsb-f/rep-3/native/notch-5.raw
Raw data measurement: will output to result file: /home/runner/work/The-Omni-Compass/The-Omni-Compass/out/ycsb-f/rep-3/native/notch-5.raw
Raw data measurement: will output to result file: /home/runner/work/The-Omni-Compass/The-Omni-Compass/out/ycsb-f/rep-3/native/notch-5.raw
Raw data measurement: will output to result file: /home/runner/work/The-Omni-Compass/The-Omni-Compass/out/ycsb-f/rep-3/native/notch-5.raw
[OVERALL], RunTime(ms), 30003
[OVERALL], Throughput(ops/sec), 2963.870279638703
[TOTAL_GCS_G1_Young_Generation], Count, 21
[TOTAL_GC_TIME_G1_Young_Generation], Time(ms), 112
[TOTAL_GC_TIME_%_G1_Young_Generation], Time(%), 0.37329600373296
[TOTAL_GCS_G1_Old_Generation], Count, 0
[TOTAL_GC_TIME_G1_Old_Generation], Time(ms), 0
[TOTAL_GC_TIME_%_G1_Old_Generation], Time(%), 0.0
[TOTAL_GCs], Count, 21
[TOTAL_GC_TIME], Time(ms), 112
[TOTAL_GC_TIME_%], Time(%), 0.37329600373296
[READ], Total Operations, 88925
[READ], Below is a summary of latency in microseconds:, -1
[READ], Average, 195.64364351982007
[READ], Min, 127
[READ], Max, 50747
[READ], p1, 148
[READ], p5, 152
[READ], p50, 188
[READ], p90, 225
[READ], p95, 246
[READ], p99, 413
[READ], p99.9, 1147
[READ], p99.99, 7385
[READ], Return=OK, 88925
[READ-MODIFY-WRITE], Total Operations, 44232
[READ-MODIFY-WRITE], Below is a summary of latency in microseconds:, -1
[READ-MODIFY-WRITE], Average, 407.0191038162416
[READ-MODIFY-WRITE], Min, 296
[READ-MODIFY-WRITE], Max, 58507
[READ-MODIFY-WRITE], p1, 321
[READ-MODIFY-WRITE], p5, 328
[READ-MODIFY-WRITE], p50, 395
[READ-MODIFY-WRITE], p90, 461
[READ-MODIFY-WRITE], p95, 506
[READ-MODIFY-WRITE], p99, 762
[READ-MODIFY-WRITE], p99.9, 2362
[READ-MODIFY-WRITE], p99.99, 8629
[CLEANUP], Total Operations, 1
[CLEANUP], Below is a summary of latency in microseconds:, -1
[CLEANUP], Average, 1241.0
[CLEANUP], Min, 1241
[CLEANUP], Max, 1241
[CLEANUP], p1, 1241
[CLEANUP], p5, 1241
[CLEANUP], p50, 1241
[CLEANUP], p90, 1241
[CLEANUP], p95, 1241
[CLEANUP], p99, 1241
[CLEANUP], p99.9, 1241
[CLEANUP], p99.99, 1241
[UPDATE], Total Operations, 44232
[UPDATE], Below is a summary of latency in microseconds:, -1
[UPDATE], Average, 208.67315518176886
[UPDATE], Min, 148
[UPDATE], Max, 8608
[UPDATE], p1, 168
[UPDATE], p5, 172
[UPDATE], p50, 206
[UPDATE], p90, 239
[UPDATE], p95, 258
[UPDATE], p99, 366
[UPDATE], p99.9, 1030
[UPDATE], p99.99, 6220
[UPDATE], Return=OK, 44232

Command line: -t -db site.ycsb.db.MongoDbClient -s -P /home/runner/ycsb-mongodb-binding-0.17.0/workloads/workloadf -p mongodb.url=mongodb://127.0.0.1:27017/ycsb?w=1 -p measurementtype=raw -p measurement.raw.output_file=/home/runner/work/The-Omni-Compass/The-Omni-Compass/out/ycsb-f/rep-3/native/notch-5.raw -p recordcount=750000 -p operationcount=1000000000 -p maxexecutiontime=30 -p target=3000 -p threads=32 -p insertstart=0 -p insertorder=ordered -p requestdistribution=uniform -p seed=100304
YCSB Client 0.17.0

Loading workload...
Starting test.
Maximum execution time specified as: 30 secs
2026-10-10 14:46:42:896 0 sec: 0 operations; est completion in 0 second 
DBWrapper: report latency for each error is false and specific error codes to track for latency are: []
2026-10-10 14:46:52:854 10 sec: 28923 operations; 2892.3 current ops/sec; est completion in 4 days READ count: 28925, average latency(us): 213.31 READ-MODIFY-WRITE count: 14555, average latency(us): 442.78 UPDATE count: 14555, average latency(us): 225.38 
2026-10-10 14:47:02:854 20 sec: 58922 operations; 2999.9 current ops/sec; est completion in 3 days 22 hours READ count: 29999, average latency(us): 189.63 READ-MODIFY-WRITE count: 14936, average latency(us): 393.58 UPDATE count: 14936, average latency(us): 201.68 
Maximum time elapsed. Requesting stop for the workload.
Stop requested for workload. Now Joining!
2026-10-10 14:47:12:854 30 sec: 88923 operations; 3000.1 current ops/sec; est completion in 3 days 21 hours READ count: 30000, average latency(us): 184.62 READ-MODIFY-WRITE count: 14741, average latency(us): 385.33 UPDATE count: 14741, average latency(us): 199.26 
2026-10-10 14:47:12:856 30 sec: 88925 operations; 666.67 current ops/sec; est completion in 3 days 21 hours READ count: 1, average latency(us): 313.00  CLEANUP count: 1, average latency(us): 1241.00  


/opt/hostedtoolcache/Java_Temurin-Hotspot_jdk/17.0.20-1/x64/bin/java  -classpath /home/runner/ycsb-mongodb-binding-0.17.0/conf:/home/runner/ycsb-mongodb-binding-0.17.0/lib/HdrHistogram-2.1.4.jar:/home/runner/ycsb-mongodb-binding-0.17.0/lib/core-0.17.0.jar:/home/runner/ycsb-mongodb-binding-0.17.0/lib/htrace-core4-4.1.0-incubating.jar:/home/runner/ycsb-mongodb-binding-0.17.0/lib/jackson-core-asl-1.9.4.jar:/home/runner/ycsb-mongodb-binding-0.17.0/lib/jackson-mapper-asl-1.9.4.jar:/home/runner/ycsb-mongodb-binding-0.17.0/lib/logback-classic-1.1.2.jar:/home/runner/ycsb-mongodb-binding-0.17.0/lib/logback-core-1.1.2.jar:/home/runner/ycsb-mongodb-binding-0.17.0/lib/mongo-java-driver-3.8.0.jar:/home/runner/ycsb-mongodb-binding-0.17.0/lib/mongodb-async-driver-2.0.1.jar:/home/runner/ycsb-mongodb-binding-0.17.0/lib/mongodb-binding-0.17.0.jar:/home/runner/ycsb-mongodb-binding-0.17.0/lib/slf4j-api-1.7.25.jar:/home/runner/ycsb-mongodb-binding-0.17.0/lib/snappy-java-1.1.7.1.jar site.ycsb.Client -t -db site.ycsb.db.MongoDbClient -s -P /home/runner/ycsb-mongodb-binding-0.17.0/workloads/workloadf -p mongodb.url=mongodb://127.0.0.1:27017/ycsb?w=1 -p measurementtype=raw -p measurement.raw.output_file=/home/runner/work/The-Omni-Compass/The-Omni-Compass/out/ycsb-f/rep-3/native/notch-6.raw -p recordcount=1000000 -p operationcount=1000000000 -p maxexecutiontime=30 -p target=3000 -p threads=32 -p insertstart=0 -p insertorder=ordered -p requestdistribution=uniform -p seed=100305
mongo client connection created with mongodb://127.0.0.1:27017/ycsb?w=1
Raw data measurement: will output to result file: /home/runner/work/The-Omni-Compass/The-Omni-Compass/out/ycsb-f/rep-3/native/notch-6.raw
Raw data measurement: will output to result file: /home/runner/work/The-Omni-Compass/The-Omni-Compass/out/ycsb-f/rep-3/native/notch-6.raw
Raw data measurement: will output to result file: /home/runner/work/The-Omni-Compass/The-Omni-Compass/out/ycsb-f/rep-3/native/notch-6.raw
Raw data measurement: will output to result file: /home/runner/work/The-Omni-Compass/The-Omni-Compass/out/ycsb-f/rep-3/native/notch-6.raw
[OVERALL], RunTime(ms), 30002
[OVERALL], Throughput(ops/sec), 2924.0717285514297
[TOTAL_GCS_G1_Young_Generation], Count, 21
[TOTAL_GC_TIME_G1_Young_Generation], Time(ms), 110
[TOTAL_GC_TIME_%_G1_Young_Generation], Time(%), 0.3666422238517432
[TOTAL_GCS_G1_Old_Generation], Count, 0
[TOTAL_GC_TIME_G1_Old_Generation], Time(ms), 0
[TOTAL_GC_TIME_%_G1_Old_Generation], Time(%), 0.0
[TOTAL_GCs], Count, 21
[TOTAL_GC_TIME], Time(ms), 110
[TOTAL_GC_TIME_%], Time(%), 0.3666422238517432
[READ], Total Operations, 87728
[READ], Below is a summary of latency in microseconds:, -1
[READ], Average, 231.5099512128397
[READ], Min, 125
[READ], Max, 60771
[READ], p1, 147
[READ], p5, 151
[READ], p50, 190
[READ], p90, 272
[READ], p95, 412
[READ], p99, 541
[READ], p99.9, 3010
[READ], p99.99, 42671
[READ], Return=OK, 87728
[READ-MODIFY-WRITE], Total Operations, 43777
[READ-MODIFY-WRITE], Below is a summary of latency in microseconds:, -1
[READ-MODIFY-WRITE], Average, 434.995271489595
[READ-MODIFY-WRITE], Min, 299
[READ-MODIFY-WRITE], Max, 59553
[READ-MODIFY-WRITE], p1, 319
[READ-MODIFY-WRITE], p5, 327
[READ-MODIFY-WRITE], p50, 395
[READ-MODIFY-WRITE], p90, 537
[READ-MODIFY-WRITE], p95, 634
[READ-MODIFY-WRITE], p99, 909
[READ-MODIFY-WRITE], p99.9, 3346
[READ-MODIFY-WRITE], p99.99, 40259
[CLEANUP], Total Operations, 1
[CLEANUP], Below is a summary of latency in microseconds:, -1
[CLEANUP], Average, 1226.0
[CLEANUP], Min, 1226
[CLEANUP], Max, 1226
[CLEANUP], p1, 1226
[CLEANUP], p5, 1226
[CLEANUP], p50, 1226
[CLEANUP], p90, 1226
[CLEANUP], p95, 1226
[CLEANUP], p99, 1226
[CLEANUP], p99.9, 1226
[CLEANUP], p99.99, 1226
[UPDATE], Total Operations, 43777
[UPDATE], Below is a summary of latency in microseconds:, -1
[UPDATE], Average, 204.52648651118167
[UPDATE], Min, 149
[UPDATE], Max, 7503
[UPDATE], p1, 166
[UPDATE], p5, 171
[UPDATE], p50, 200
[UPDATE], p90, 235
[UPDATE], p95, 255
[UPDATE], p99, 381
[UPDATE], p99.9, 1006
[UPDATE], p99.99, 2978
[UPDATE], Return=OK, 43777

Command line: -t -db site.ycsb.db.MongoDbClient -s -P /home/runner/ycsb-mongodb-binding-0.17.0/workloads/workloadf -p mongodb.url=mongodb://127.0.0.1:27017/ycsb?w=1 -p measurementtype=raw -p measurement.raw.output_file=/home/runner/work/The-Omni-Compass/The-Omni-Compass/out/ycsb-f/rep-3/native/notch-6.raw -p recordcount=1000000 -p operationcount=1000000000 -p maxexecutiontime=30 -p target=3000 -p threads=32 -p insertstart=0 -p insertorder=ordered -p requestdistribution=uniform -p seed=100305
YCSB Client 0.17.0

Loading workload...
Starting test.
Maximum execution time specified as: 30 secs
2026-10-10 14:47:13:924 0 sec: 0 operations; est completion in 0 second 
DBWrapper: report latency for each error is false and specific error codes to track for latency are: []
2026-10-10 14:47:23:881 10 sec: 26611 operations; 2661.1 current ops/sec; est completion in 4 days 8 hours READ count: 26612, average latency(us): 247.14 READ-MODIFY-WRITE count: 13282, average latency(us): 471.72 UPDATE count: 13282, average latency(us): 220.87 
2026-10-10 14:47:33:881 20 sec: 55077 operations; 2846.6 current ops/sec; est completion in 4 days 4 hours READ count: 28466, average latency(us): 247.14 READ-MODIFY-WRITE count: 14294, average latency(us): 434.28 UPDATE count: 14294, average latency(us): 195.92 
Maximum time elapsed. Requesting stop for the workload.
Stop requested for workload. Now Joining!
2026-10-10 14:47:43:881 30 sec: 87725 operations; 3264.8 current ops/sec; est completion in 3 days 22 hours READ count: 32649, average latency(us): 205.14 READ-MODIFY-WRITE count: 16201, average latency(us): 405.52 UPDATE count: 16201, average latency(us): 198.71 
2026-10-10 14:47:43:884 30 sec: 87728 operations; 1500 current ops/sec; est completion in 3 days 22 hours READ count: 1, average latency(us): 233.00  CLEANUP count: 1, average latency(us): 1226.00  


/opt/hostedtoolcache/Java_Temurin-Hotspot_jdk/17.0.20-1/x64/bin/java  -classpath /home/runner/ycsb-mongodb-binding-0.17.0/conf:/home/runner/ycsb-mongodb-binding-0.17.0/lib/HdrHistogram-2.1.4.jar:/home/runner/ycsb-mongodb-binding-0.17.0/lib/core-0.17.0.jar:/home/runner/ycsb-mongodb-binding-0.17.0/lib/htrace-core4-4.1.0-incubating.jar:/home/runner/ycsb-mongodb-binding-0.17.0/lib/jackson-core-asl-1.9.4.jar:/home/runner/ycsb-mongodb-binding-0.17.0/lib/jackson-mapper-asl-1.9.4.jar:/home/runner/ycsb-mongodb-binding-0.17.0/lib/logback-classic-1.1.2.jar:/home/runner/ycsb-mongodb-binding-0.17.0/lib/logback-core-1.1.2.jar:/home/runner/ycsb-mongodb-binding-0.17.0/lib/mongo-java-driver-3.8.0.jar:/home/runner/ycsb-mongodb-binding-0.17.0/lib/mongodb-async-driver-2.0.1.jar:/home/runner/ycsb-mongodb-binding-0.17.0/lib/mongodb-binding-0.17.0.jar:/home/runner/ycsb-mongodb-binding-0.17.0/lib/slf4j-api-1.7.25.jar:/home/runner/ycsb-mongodb-binding-0.17.0/lib/snappy-java-1.1.7.1.jar site.ycsb.Client -t -db site.ycsb.db.MongoDbClient -s -P /home/runner/ycsb-mongodb-binding-0.17.0/workloads/workloadf -p mongodb.url=mongodb://127.0.0.1:27017/ycsb?w=1 -p measurementtype=raw -p measurement.raw.output_file=/home/runner/work/The-Omni-Compass/The-Omni-Compass/out/ycsb-f/rep-3/native/notch-7.raw -p recordcount=1250000 -p operationcount=1000000000 -p maxexecutiontime=30 -p target=3000 -p threads=32 -p insertstart=0 -p insertorder=ordered -p requestdistribution=uniform -p seed=100306
mongo client connection created with mongodb://127.0.0.1:27017/ycsb?w=1
Raw data measurement: will output to result file: /home/runner/work/The-Omni-Compass/The-Omni-Compass/out/ycsb-f/rep-3/native/notch-7.raw
Raw data measurement: will output to result file: /home/runner/work/The-Omni-Compass/The-Omni-Compass/out/ycsb-f/rep-3/native/notch-7.raw
Raw data measurement: will output to result file: /home/runner/work/The-Omni-Compass/The-Omni-Compass/out/ycsb-f/rep-3/native/notch-7.raw
Raw data measurement: will output to result file: /home/runner/work/The-Omni-Compass/The-Omni-Compass/out/ycsb-f/rep-3/native/notch-7.raw
[OVERALL], RunTime(ms), 30003
[OVERALL], Throughput(ops/sec), 2964.236909642369
[TOTAL_GCS_G1_Young_Generation], Count, 22
[TOTAL_GC_TIME_G1_Young_Generation], Time(ms), 124
[TOTAL_GC_TIME_%_G1_Young_Generation], Time(%), 0.41329200413292005
[TOTAL_GCS_G1_Old_Generation], Count, 0
[TOTAL_GC_TIME_G1_Old_Generation], Time(ms), 0
[TOTAL_GC_TIME_%_G1_Old_Generation], Time(%), 0.0
[TOTAL_GCs], Count, 22
[TOTAL_GC_TIME], Time(ms), 124
[TOTAL_GC_TIME_%], Time(%), 0.41329200413292005
[READ], Total Operations, 88936
[READ], Below is a summary of latency in microseconds:, -1
[READ], Average, 223.79212017630655
[READ], Min, 127
[READ], Max, 54286
[READ], p1, 148
[READ], p5, 152
[READ], p50, 189
[READ], p90, 259
[READ], p95, 411
[READ], p99, 533
[READ], p99.9, 1989
[READ], p99.99, 38113
[READ], Return=OK, 88936
[READ-MODIFY-WRITE], Total Operations, 44579
[READ-MODIFY-WRITE], Below is a summary of latency in microseconds:, -1
[READ-MODIFY-WRITE], Average, 430.38168195787256
[READ-MODIFY-WRITE], Min, 297
[READ-MODIFY-WRITE], Max, 54567
[READ-MODIFY-WRITE], p1, 321
[READ-MODIFY-WRITE], p5, 329
[READ-MODIFY-WRITE], p50, 390
[READ-MODIFY-WRITE], p90, 527
[READ-MODIFY-WRITE], p95, 633
[READ-MODIFY-WRITE], p99, 857
[READ-MODIFY-WRITE], p99.9, 2567
[READ-MODIFY-WRITE], p99.99, 37632
[CLEANUP], Total Operations, 1
[CLEANUP], Below is a summary of latency in microseconds:, -1
[CLEANUP], Average, 1449.0
[CLEANUP], Min, 1449
[CLEANUP], Max, 1449
[CLEANUP], p1, 1449
[CLEANUP], p5, 1449
[CLEANUP], p50, 1449
[CLEANUP], p90, 1449
[CLEANUP], p95, 1449
[CLEANUP], p99, 1449
[CLEANUP], p99.9, 1449
[CLEANUP], p99.99, 1449
[UPDATE], Total Operations, 44579
[UPDATE], Below is a summary of latency in microseconds:, -1
[UPDATE], Average, 205.3672805581103
[UPDATE], Min, 151
[UPDATE], Max, 5750
[UPDATE], p1, 168
[UPDATE], p5, 172
[UPDATE], p50, 199
[UPDATE], p90, 239
[UPDATE], p95, 257
[UPDATE], p99, 359
[UPDATE], p99.9, 938
[UPDATE], p99.99, 3126
[UPDATE], Return=OK, 44579

Command line: -t -db site.ycsb.db.MongoDbClient -s -P /home/runner/ycsb-mongodb-binding-0.17.0/workloads/workloadf -p mongodb.url=mongodb://127.0.0.1:27017/ycsb?w=1 -p measurementtype=raw -p measurement.raw.output_file=/home/runner/work/The-Omni-Compass/The-Omni-Compass/out/ycsb-f/rep-3/native/notch-7.raw -p recordcount=1250000 -p operationcount=1000000000 -p maxexecutiontime=30 -p target=3000 -p threads=32 -p insertstart=0 -p insertorder=ordered -p requestdistribution=uniform -p seed=100306
YCSB Client 0.17.0

Loading workload...
Starting test.
Maximum execution time specified as: 30 secs
2026-10-10 14:47:44:885 0 sec: 0 operations; est completion in 0 second 
DBWrapper: report latency for each error is false and specific error codes to track for latency are: []
2026-10-10 14:47:54:846 10 sec: 26691 operations; 2669.1 current ops/sec; est completion in 4 days 8 hours READ count: 26693, average latency(us): 244.07 READ-MODIFY-WRITE count: 13398, average latency(us): 472.14 UPDATE count: 13398, average latency(us): 224.18 
2026-10-10 14:48:04:846 20 sec: 58235 operations; 3154.4 current ops/sec; est completion in 3 days 23 hours READ count: 31543, average latency(us): 210.50 READ-MODIFY-WRITE count: 15785, average latency(us): 408.49 UPDATE count: 15785, average latency(us): 197.13 
Maximum time elapsed. Requesting stop for the workload.
Stop requested for workload. Now Joining!
2026-10-10 14:48:14:846 30 sec: 88934 operations; 3069.9 current ops/sec; est completion in 3 days 21 hours READ count: 30699, average latency(us): 219.81 READ-MODIFY-WRITE count: 15396, average latency(us): 416.48 UPDATE count: 15396, average latency(us): 197.44 
2026-10-10 14:48:14:848 30 sec: 88936 operations; 666.67 current ops/sec; est completion in 3 days 21 hours READ count: 1, average latency(us): 268.00  CLEANUP count: 1, average latency(us): 1449.00  


/opt/hostedtoolcache/Java_Temurin-Hotspot_jdk/17.0.20-1/x64/bin/java  -classpath /home/runner/ycsb-mongodb-binding-0.17.0/conf:/home/runner/ycsb-mongodb-binding-0.17.0/lib/HdrHistogram-2.1.4.jar:/home/runner/ycsb-mongodb-binding-0.17.0/lib/core-0.17.0.jar:/home/runner/ycsb-mongodb-binding-0.17.0/lib/htrace-core4-4.1.0-incubating.jar:/home/runner/ycsb-mongodb-binding-0.17.0/lib/jackson-core-asl-1.9.4.jar:/home/runner/ycsb-mongodb-binding-0.17.0/lib/jackson-mapper-asl-1.9.4.jar:/home/runner/ycsb-mongodb-binding-0.17.0/lib/logback-classic-1.1.2.jar:/home/runner/ycsb-mongodb-binding-0.17.0/lib/logback-core-1.1.2.jar:/home/runner/ycsb-mongodb-binding-0.17.0/lib/mongo-java-driver-3.8.0.jar:/home/runner/ycsb-mongodb-binding-0.17.0/lib/mongodb-async-driver-2.0.1.jar:/home/runner/ycsb-mongodb-binding-0.17.0/lib/mongodb-binding-0.17.0.jar:/home/runner/ycsb-mongodb-binding-0.17.0/lib/slf4j-api-1.7.25.jar:/home/runner/ycsb-mongodb-binding-0.17.0/lib/snappy-java-1.1.7.1.jar site.ycsb.Client -t -db site.ycsb.db.MongoDbClient -s -P /home/runner/ycsb-mongodb-binding-0.17.0/workloads/workloadf -p mongodb.url=mongodb://127.0.0.1:27017/ycsb?w=1 -p measurementtype=raw -p measurement.raw.output_file=/home/runner/work/The-Omni-Compass/The-Omni-Compass/out/ycsb-f/rep-3/native/notch-8.raw -p recordcount=1500000 -p operationcount=1000000000 -p maxexecutiontime=30 -p target=3000 -p threads=32 -p insertstart=0 -p insertorder=ordered -p requestdistribution=uniform -p seed=100307
mongo client connection created with mongodb://127.0.0.1:27017/ycsb?w=1
Raw data measurement: will output to result file: /home/runner/work/The-Omni-Compass/The-Omni-Compass/out/ycsb-f/rep-3/native/notch-8.raw
Raw data measurement: will output to result file: /home/runner/work/The-Omni-Compass/The-Omni-Compass/out/ycsb-f/rep-3/native/notch-8.raw
Raw data measurement: will output to result file: /home/runner/work/The-Omni-Compass/The-Omni-Compass/out/ycsb-f/rep-3/native/notch-8.raw
Raw data measurement: will output to result file: /home/runner/work/The-Omni-Compass/The-Omni-Compass/out/ycsb-f/rep-3/native/notch-8.raw
[OVERALL], RunTime(ms), 30004
[OVERALL], Throughput(ops/sec), 2894.580722570324
[TOTAL_GCS_G1_Young_Generation], Count, 21
[TOTAL_GC_TIME_G1_Young_Generation], Time(ms), 118
[TOTAL_GC_TIME_%_G1_Young_Generation], Time(%), 0.39328089588054926
[TOTAL_GCS_G1_Old_Generation], Count, 0
[TOTAL_GC_TIME_G1_Old_Generation], Time(ms), 0
[TOTAL_GC_TIME_%_G1_Old_Generation], Time(%), 0.0
[TOTAL_GCs], Count, 21
[TOTAL_GC_TIME], Time(ms), 118
[TOTAL_GC_TIME_%], Time(%), 0.39328089588054926
[READ], Total Operations, 86849
[READ], Below is a summary of latency in microseconds:, -1
[READ], Average, 230.16162534974495
[READ], Min, 129
[READ], Max, 58800
[READ], p1, 148
[READ], p5, 154
[READ], p50, 190
[READ], p90, 258
[READ], p95, 406
[READ], p99, 530
[READ], p99.9, 2050
[READ], p99.99, 42065
[READ], Return=OK, 86849
[READ-MODIFY-WRITE], Total Operations, 43667
[READ-MODIFY-WRITE], Below is a summary of latency in microseconds:, -1
[READ-MODIFY-WRITE], Average, 434.4055923237227
[READ-MODIFY-WRITE], Min, 295
[READ-MODIFY-WRITE], Max, 60063
[READ-MODIFY-WRITE], p1, 321
[READ-MODIFY-WRITE], p5, 329
[READ-MODIFY-WRITE], p50, 393
[READ-MODIFY-WRITE], p90, 524
[READ-MODIFY-WRITE], p95, 628
[READ-MODIFY-WRITE], p99, 858
[READ-MODIFY-WRITE], p99.9, 3380
[READ-MODIFY-WRITE], p99.99, 40480
[CLEANUP], Total Operations, 1
[CLEANUP], Below is a summary of latency in microseconds:, -1
[CLEANUP], Average, 1212.0
[CLEANUP], Min, 1212
[CLEANUP], Max, 1212
[CLEANUP], p1, 1212
[CLEANUP], p5, 1212
[CLEANUP], p50, 1212
[CLEANUP], p90, 1212
[CLEANUP], p95, 1212
[CLEANUP], p99, 1212
[CLEANUP], p99.9, 1212
[CLEANUP], p99.99, 1212
[UPDATE], Total Operations, 43667
[UPDATE], Below is a summary of latency in microseconds:, -1
[UPDATE], Average, 205.9955343852337
[UPDATE], Min, 149
[UPDATE], Max, 8227
[UPDATE], p1, 166
[UPDATE], p5, 171
[UPDATE], p50, 199
[UPDATE], p90, 238
[UPDATE], p95, 260
[UPDATE], p99, 371
[UPDATE], p99.9, 1206
[UPDATE], p99.99, 5431
[UPDATE], Return=OK, 43667

Command line: -t -db site.ycsb.db.MongoDbClient -s -P /home/runner/ycsb-mongodb-binding-0.17.0/workloads/workloadf -p mongodb.url=mongodb://127.0.0.1:27017/ycsb?w=1 -p measurementtype=raw -p measurement.raw.output_file=/home/runner/work/The-Omni-Compass/The-Omni-Compass/out/ycsb-f/rep-3/native/notch-8.raw -p recordcount=1500000 -p operationcount=1000000000 -p maxexecutiontime=30 -p target=3000 -p threads=32 -p insertstart=0 -p insertorder=ordered -p requestdistribution=uniform -p seed=100307
YCSB Client 0.17.0

Loading workload...
Starting test.
Maximum execution time specified as: 30 secs
2026-10-10 14:48:15:878 0 sec: 0 operations; est completion in 0 second 
DBWrapper: report latency for each error is false and specific error codes to track for latency are: []
2026-10-10 14:48:25:839 10 sec: 26686 operations; 2668.6 current ops/sec; est completion in 4 days 8 hours READ count: 26687, average latency(us): 241.79 READ-MODIFY-WRITE count: 13508, average latency(us): 474.00 UPDATE count: 13508, average latency(us): 226.46 
2026-10-10 14:48:35:839 20 sec: 58913 operations; 3222.7 current ops/sec; est completion in 3 days 22 hours READ count: 32227, average latency(us): 201.06 READ-MODIFY-WRITE count: 16119, average latency(us): 398.50 UPDATE count: 16119, average latency(us): 195.80 
2026-10-10 14:48:45:839 30 sec: 86843 operations; 2793 current ops/sec; est completion in 3 days 23 hours READ count: 27930, average latency(us): 252.63 READ-MODIFY-WRITE count: 14036, average latency(us): 437.53 UPDATE count: 14036, average latency(us): 198.00 
Maximum time elapsed. Requesting stop for the workload.
Stop requested for workload. Now Joining!
2026-10-10 14:48:45:843 30 sec: 86849 operations; 1500 current ops/sec; est completion in 3 days 23 hours READ count: 5, average latency(us): 228.40 READ-MODIFY-WRITE count: 4, average latency(us): 458.00 CLEANUP count: 1, average latency(us): 1212.00 UPDATE count: 4, average latency(us): 233.25 


/opt/hostedtoolcache/Java_Temurin-Hotspot_jdk/17.0.20-1/x64/bin/java  -classpath /home/runner/ycsb-mongodb-binding-0.17.0/conf:/home/runner/ycsb-mongodb-binding-0.17.0/lib/HdrHistogram-2.1.4.jar:/home/runner/ycsb-mongodb-binding-0.17.0/lib/core-0.17.0.jar:/home/runner/ycsb-mongodb-binding-0.17.0/lib/htrace-core4-4.1.0-incubating.jar:/home/runner/ycsb-mongodb-binding-0.17.0/lib/jackson-core-asl-1.9.4.jar:/home/runner/ycsb-mongodb-binding-0.17.0/lib/jackson-mapper-asl-1.9.4.jar:/home/runner/ycsb-mongodb-binding-0.17.0/lib/logback-classic-1.1.2.jar:/home/runner/ycsb-mongodb-binding-0.17.0/lib/logback-core-1.1.2.jar:/home/runner/ycsb-mongodb-binding-0.17.0/lib/mongo-java-driver-3.8.0.jar:/home/runner/ycsb-mongodb-binding-0.17.0/lib/mongodb-async-driver-2.0.1.jar:/home/runner/ycsb-mongodb-binding-0.17.0/lib/mongodb-binding-0.17.0.jar:/home/runner/ycsb-mongodb-binding-0.17.0/lib/slf4j-api-1.7.25.jar:/home/runner/ycsb-mongodb-binding-0.17.0/lib/snappy-java-1.1.7.1.jar site.ycsb.Client -t -db site.ycsb.db.MongoDbClient -s -P /home/runner/ycsb-mongodb-binding-0.17.0/workloads/workloadf -p mongodb.url=mongodb://127.0.0.1:27017/ycsb?w=1 -p measurementtype=raw -p measurement.raw.output_file=/home/runner/work/The-Omni-Compass/The-Omni-Compass/out/ycsb-f/rep-3/native/notch-9.raw -p recordcount=1250000 -p operationcount=1000000000 -p maxexecutiontime=30 -p target=3000 -p threads=32 -p insertstart=0 -p insertorder=ordered -p requestdistribution=uniform -p seed=100308
mongo client connection created with mongodb://127.0.0.1:27017/ycsb?w=1
Raw data measurement: will output to result file: /home/runner/work/The-Omni-Compass/The-Omni-Compass/out/ycsb-f/rep-3/native/notch-9.raw
Raw data measurement: will output to result file: /home/runner/work/The-Omni-Compass/The-Omni-Compass/out/ycsb-f/rep-3/native/notch-9.raw
Raw data measurement: will output to result file: /home/runner/work/The-Omni-Compass/The-Omni-Compass/out/ycsb-f/rep-3/native/notch-9.raw
Raw data measurement: will output to result file: /home/runner/work/The-Omni-Compass/The-Omni-Compass/out/ycsb-f/rep-3/native/notch-9.raw
[OVERALL], RunTime(ms), 30003
[OVERALL], Throughput(ops/sec), 2963.7369596373696
[TOTAL_GCS_G1_Young_Generation], Count, 22
[TOTAL_GC_TIME_G1_Young_Generation], Time(ms), 125
[TOTAL_GC_TIME_%_G1_Young_Generation], Time(%), 0.41662500416625003
[TOTAL_GCS_G1_Old_Generation], Count, 0
[TOTAL_GC_TIME_G1_Old_Generation], Time(ms), 0
[TOTAL_GC_TIME_%_G1_Old_Generation], Time(%), 0.0
[TOTAL_GCs], Count, 22
[TOTAL_GC_TIME], Time(ms), 125
[TOTAL_GC_TIME_%], Time(%), 0.41662500416625003
[READ], Total Operations, 88921
[READ], Below is a summary of latency in microseconds:, -1
[READ], Average, 200.76967195600588
[READ], Min, 128
[READ], Max, 51078
[READ], p1, 149
[READ], p5, 154
[READ], p50, 191
[READ], p90, 229
[READ], p95, 246
[READ], p99, 376
[READ], p99.9, 1182
[READ], p99.99, 9591
[READ], Return=OK, 88921
[READ-MODIFY-WRITE], Total Operations, 44692
[READ-MODIFY-WRITE], Below is a summary of latency in microseconds:, -1
[READ-MODIFY-WRITE], Average, 410.71305826546137
[READ-MODIFY-WRITE], Min, 296
[READ-MODIFY-WRITE], Max, 59700
[READ-MODIFY-WRITE], p1, 319
[READ-MODIFY-WRITE], p5, 329
[READ-MODIFY-WRITE], p50, 393
[READ-MODIFY-WRITE], p90, 464
[READ-MODIFY-WRITE], p95, 503
[READ-MODIFY-WRITE], p99, 777
[READ-MODIFY-WRITE], p99.9, 2436
[READ-MODIFY-WRITE], p99.99, 32566
[CLEANUP], Total Operations, 1
[CLEANUP], Below is a summary of latency in microseconds:, -1
[CLEANUP], Average, 1922.0
[CLEANUP], Min, 1922
[CLEANUP], Max, 1922
[CLEANUP], p1, 1922
[CLEANUP], p5, 1922
[CLEANUP], p50, 1922
[CLEANUP], p90, 1922
[CLEANUP], p95, 1922
[CLEANUP], p99, 1922
[CLEANUP], p99.9, 1922
[CLEANUP], p99.99, 1922
[UPDATE], Total Operations, 44692
[UPDATE], Below is a summary of latency in microseconds:, -1
[UPDATE], Average, 206.35453772487247
[UPDATE], Min, 150
[UPDATE], Max, 9991
[UPDATE], p1, 165
[UPDATE], p5, 171
[UPDATE], p50, 201
[UPDATE], p90, 240
[UPDATE], p95, 261
[UPDATE], p99, 377
[UPDATE], p99.9, 1163
[UPDATE], p99.99, 5518
[UPDATE], Return=OK, 44692

Command line: -t -db site.ycsb.db.MongoDbClient -s -P /home/runner/ycsb-mongodb-binding-0.17.0/workloads/workloadf -p mongodb.url=mongodb://127.0.0.1:27017/ycsb?w=1 -p measurementtype=raw -p measurement.raw.output_file=/home/runner/work/The-Omni-Compass/The-Omni-Compass/out/ycsb-f/rep-3/native/notch-9.raw -p recordcount=1250000 -p operationcount=1000000000 -p maxexecutiontime=30 -p target=3000 -p threads=32 -p insertstart=0 -p insertorder=ordered -p requestdistribution=uniform -p seed=100308
YCSB Client 0.17.0

Loading workload...
Starting test.
Maximum execution time specified as: 30 secs
2026-10-10 14:48:46:886 0 sec: 0 operations; est completion in 0 second 
DBWrapper: report latency for each error is false and specific error codes to track for latency are: []
2026-10-10 14:48:56:846 10 sec: 28891 operations; 2888.81 current ops/sec; est completion in 4 days READ count: 28894, average latency(us): 215.22 READ-MODIFY-WRITE count: 14437, average latency(us): 448.31 UPDATE count: 14437, average latency(us): 227.99 
2026-10-10 14:49:06:846 20 sec: 58954 operations; 3006.6 current ops/sec; est completion in 3 days 22 hours READ count: 30061, average latency(us): 190.98 READ-MODIFY-WRITE count: 15152, average latency(us): 388.35 UPDATE count: 15152, average latency(us): 195.96 
Maximum time elapsed. Requesting stop for the workload.
Stop requested for workload. Now Joining!
2026-10-10 14:49:16:846 30 sec: 88921 operations; 2996.4 current ops/sec; est completion in 3 days 21 hours READ count: 29966, average latency(us): 196.66 READ-MODIFY-WRITE count: 15103, average latency(us): 397.21 UPDATE count: 15103, average latency(us): 196.10 
2026-10-10 14:49:16:849 30 sec: 88921 operations; 0 current ops/sec; est completion in 3 days 21 hours   CLEANUP count: 1, average latency(us): 1922.00  


/opt/hostedtoolcache/Java_Temurin-Hotspot_jdk/17.0.20-1/x64/bin/java  -classpath /home/runner/ycsb-mongodb-binding-0.17.0/conf:/home/runner/ycsb-mongodb-binding-0.17.0/lib/HdrHistogram-2.1.4.jar:/home/runner/ycsb-mongodb-binding-0.17.0/lib/core-0.17.0.jar:/home/runner/ycsb-mongodb-binding-0.17.0/lib/htrace-core4-4.1.0-incubating.jar:/home/runner/ycsb-mongodb-binding-0.17.0/lib/jackson-core-asl-1.9.4.jar:/home/runner/ycsb-mongodb-binding-0.17.0/lib/jackson-mapper-asl-1.9.4.jar:/home/runner/ycsb-mongodb-binding-0.17.0/lib/logback-classic-1.1.2.jar:/home/runner/ycsb-mongodb-binding-0.17.0/lib/logback-core-1.1.2.jar:/home/runner/ycsb-mongodb-binding-0.17.0/lib/mongo-java-driver-3.8.0.jar:/home/runner/ycsb-mongodb-binding-0.17.0/lib/mongodb-async-driver-2.0.1.jar:/home/runner/ycsb-mongodb-binding-0.17.0/lib/mongodb-binding-0.17.0.jar:/home/runner/ycsb-mongodb-binding-0.17.0/lib/slf4j-api-1.7.25.jar:/home/runner/ycsb-mongodb-binding-0.17.0/lib/snappy-java-1.1.7.1.jar site.ycsb.Client -t -db site.ycsb.db.MongoDbClient -s -P /home/runner/ycsb-mongodb-binding-0.17.0/workloads/workloadf -p mongodb.url=mongodb://127.0.0.1:27017/ycsb?w=1 -p measurementtype=raw -p measurement.raw.output_file=/home/runner/work/The-Omni-Compass/The-Omni-Compass/out/ycsb-f/rep-3/native/notch-10.raw -p recordcount=1000000 -p operationcount=1000000000 -p maxexecutiontime=30 -p target=3000 -p threads=32 -p insertstart=0 -p insertorder=ordered -p requestdistribution=uniform -p seed=100309
mongo client connection created with mongodb://127.0.0.1:27017/ycsb?w=1
Raw data measurement: will output to result file: /home/runner/work/The-Omni-Compass/The-Omni-Compass/out/ycsb-f/rep-3/native/notch-10.raw
Raw data measurement: will output to result file: /home/runner/work/The-Omni-Compass/The-Omni-Compass/out/ycsb-f/rep-3/native/notch-10.raw
Raw data measurement: will output to result file: /home/runner/work/The-Omni-Compass/The-Omni-Compass/out/ycsb-f/rep-3/native/notch-10.raw
Raw data measurement: will output to result file: /home/runner/work/The-Omni-Compass/The-Omni-Compass/out/ycsb-f/rep-3/native/notch-10.raw
[OVERALL], RunTime(ms), 30010
[OVERALL], Throughput(ops/sec), 2963.5121626124624
[TOTAL_GCS_G1_Young_Generation], Count, 22
[TOTAL_GC_TIME_G1_Young_Generation], Time(ms), 127
[TOTAL_GC_TIME_%_G1_Young_Generation], Time(%), 0.4231922692435855
[TOTAL_GCS_G1_Old_Generation], Count, 0
[TOTAL_GC_TIME_G1_Old_Generation], Time(ms), 0
[TOTAL_GC_TIME_%_G1_Old_Generation], Time(%), 0.0
[TOTAL_GCs], Count, 22
[TOTAL_GC_TIME], Time(ms), 127
[TOTAL_GC_TIME_%], Time(%), 0.4231922692435855
[READ], Total Operations, 88935
[READ], Below is a summary of latency in microseconds:, -1
[READ], Average, 194.79813346826333
[READ], Min, 127
[READ], Max, 46196
[READ], p1, 148
[READ], p5, 152
[READ], p50, 189
[READ], p90, 225
[READ], p95, 242
[READ], p99, 337
[READ], p99.9, 1140
[READ], p99.99, 6952
[READ], Return=OK, 88935
[READ-MODIFY-WRITE], Total Operations, 44554
[READ-MODIFY-WRITE], Below is a summary of latency in microseconds:, -1
[READ-MODIFY-WRITE], Average, 400.447928356601
[READ-MODIFY-WRITE], Min, 297
[READ-MODIFY-WRITE], Max, 11831
[READ-MODIFY-WRITE], p1, 315
[READ-MODIFY-WRITE], p5, 326
[READ-MODIFY-WRITE], p50, 389
[READ-MODIFY-WRITE], p90, 456
[READ-MODIFY-WRITE], p95, 494
[READ-MODIFY-WRITE], p99, 729
[READ-MODIFY-WRITE], p99.9, 2222
[READ-MODIFY-WRITE], p99.99, 7850
[CLEANUP], Total Operations, 1
[CLEANUP], Below is a summary of latency in microseconds:, -1
[CLEANUP], Average, 1329.0
[CLEANUP], Min, 1329
[CLEANUP], Max, 1329
[CLEANUP], p1, 1329
[CLEANUP], p5, 1329
[CLEANUP], p50, 1329
[CLEANUP], p90, 1329
[CLEANUP], p95, 1329
[CLEANUP], p99, 1329
[CLEANUP], p99.9, 1329
[CLEANUP], p99.99, 1329
[UPDATE], Total Operations, 44554
[UPDATE], Below is a summary of latency in microseconds:, -1
[UPDATE], Average, 204.30493333931858
[UPDATE], Min, 149
[UPDATE], Max, 8042
[UPDATE], p1, 164
[UPDATE], p5, 170
[UPDATE], p50, 199
[UPDATE], p90, 236
[UPDATE], p95, 257
[UPDATE], p99, 365
[UPDATE], p99.9, 1144
[UPDATE], p99.99, 4808
[UPDATE], Return=OK, 44554

Command line: -t -db site.ycsb.db.MongoDbClient -s -P /home/runner/ycsb-mongodb-binding-0.17.0/workloads/workloadf -p mongodb.url=mongodb://127.0.0.1:27017/ycsb?w=1 -p measurementtype=raw -p measurement.raw.output_file=/home/runner/work/The-Omni-Compass/The-Omni-Compass/out/ycsb-f/rep-3/native/notch-10.raw -p recordcount=1000000 -p operationcount=1000000000 -p maxexecutiontime=30 -p target=3000 -p threads=32 -p insertstart=0 -p insertorder=ordered -p requestdistribution=uniform -p seed=100309
YCSB Client 0.17.0

Loading workload...
Starting test.
Maximum execution time specified as: 30 secs
2026-10-10 14:49:17:907 0 sec: 0 operations; est completion in 0 second 
DBWrapper: report latency for each error is false and specific error codes to track for latency are: []
2026-10-10 14:49:27:864 10 sec: 28934 operations; 2893.4 current ops/sec; est completion in 4 days READ count: 28936, average latency(us): 209.89 READ-MODIFY-WRITE count: 14474, average latency(us): 435.49 UPDATE count: 14474, average latency(us): 224.39 
2026-10-10 14:49:37:864 20 sec: 58936 operations; 3000.2 current ops/sec; est completion in 3 days 22 hours READ count: 30002, average latency(us): 187.13 READ-MODIFY-WRITE count: 15110, average latency(us): 380.78 UPDATE count: 15110, average latency(us): 192.92 
Maximum time elapsed. Requesting stop for the workload.
Stop requested for workload. Now Joining!
2026-10-10 14:49:47:873 30 sec: 88935 operations; 2997.5 current ops/sec; est completion in 3 days 21 hours READ count: 29997, average latency(us): 187.91 READ-MODIFY-WRITE count: 14970, average latency(us): 386.41 UPDATE count: 14970, average latency(us): 196.38 
2026-10-10 14:49:47:875 30 sec: 88935 operations; 0 current ops/sec; est completion in 3 days 21 hours   CLEANUP count: 1, average latency(us): 1329.00  


/opt/hostedtoolcache/Java_Temurin-Hotspot_jdk/17.0.20-1/x64/bin/java  -classpath /home/runner/ycsb-mongodb-binding-0.17.0/conf:/home/runner/ycsb-mongodb-binding-0.17.0/lib/HdrHistogram-2.1.4.jar:/home/runner/ycsb-mongodb-binding-0.17.0/lib/core-0.17.0.jar:/home/runner/ycsb-mongodb-binding-0.17.0/lib/htrace-core4-4.1.0-incubating.jar:/home/runner/ycsb-mongodb-binding-0.17.0/lib/jackson-core-asl-1.9.4.jar:/home/runner/ycsb-mongodb-binding-0.17.0/lib/jackson-mapper-asl-1.9.4.jar:/home/runner/ycsb-mongodb-binding-0.17.0/lib/logback-classic-1.1.2.jar:/home/runner/ycsb-mongodb-binding-0.17.0/lib/logback-core-1.1.2.jar:/home/runner/ycsb-mongodb-binding-0.17.0/lib/mongo-java-driver-3.8.0.jar:/home/runner/ycsb-mongodb-binding-0.17.0/lib/mongodb-async-driver-2.0.1.jar:/home/runner/ycsb-mongodb-binding-0.17.0/lib/mongodb-binding-0.17.0.jar:/home/runner/ycsb-mongodb-binding-0.17.0/lib/slf4j-api-1.7.25.jar:/home/runner/ycsb-mongodb-binding-0.17.0/lib/snappy-java-1.1.7.1.jar site.ycsb.Client -t -db site.ycsb.db.MongoDbClient -s -P /home/runner/ycsb-mongodb-binding-0.17.0/workloads/workloadf -p mongodb.url=mongodb://127.0.0.1:27017/ycsb?w=1 -p measurementtype=raw -p measurement.raw.output_file=/home/runner/work/The-Omni-Compass/The-Omni-Compass/out/ycsb-f/rep-3/native/notch-11.raw -p recordcount=750000 -p operationcount=1000000000 -p maxexecutiontime=30 -p target=3000 -p threads=32 -p insertstart=0 -p insertorder=ordered -p requestdistribution=uniform -p seed=100310
mongo client connection created with mongodb://127.0.0.1:27017/ycsb?w=1
Raw data measurement: will output to result file: /home/runner/work/The-Omni-Compass/The-Omni-Compass/out/ycsb-f/rep-3/native/notch-11.raw
Raw data measurement: will output to result file: /home/runner/work/The-Omni-Compass/The-Omni-Compass/out/ycsb-f/rep-3/native/notch-11.raw
Raw data measurement: will output to result file: /home/runner/work/The-Omni-Compass/The-Omni-Compass/out/ycsb-f/rep-3/native/notch-11.raw
Raw data measurement: will output to result file: /home/runner/work/The-Omni-Compass/The-Omni-Compass/out/ycsb-f/rep-3/native/notch-11.raw
[OVERALL], RunTime(ms), 30002
[OVERALL], Throughput(ops/sec), 2963.669088727418
[TOTAL_GCS_G1_Young_Generation], Count, 21
[TOTAL_GC_TIME_G1_Young_Generation], Time(ms), 112
[TOTAL_GC_TIME_%_G1_Young_Generation], Time(%), 0.3733084461035931
[TOTAL_GCS_G1_Old_Generation], Count, 0
[TOTAL_GC_TIME_G1_Old_Generation], Time(ms), 0
[TOTAL_GC_TIME_%_G1_Old_Generation], Time(%), 0.0
[TOTAL_GCs], Count, 21
[TOTAL_GC_TIME], Time(ms), 112
[TOTAL_GC_TIME_%], Time(%), 0.3733084461035931
[READ], Total Operations, 88916
[READ], Below is a summary of latency in microseconds:, -1
[READ], Average, 192.4507062845832
[READ], Min, 129
[READ], Max, 53501
[READ], p1, 148
[READ], p5, 151
[READ], p50, 187
[READ], p90, 223
[READ], p95, 240
[READ], p99, 343
[READ], p99.9, 1142
[READ], p99.99, 6100
[READ], Return=OK, 88916
[READ-MODIFY-WRITE], Total Operations, 44527
[READ-MODIFY-WRITE], Below is a summary of latency in microseconds:, -1
[READ-MODIFY-WRITE], Average, 396.7589552406405
[READ-MODIFY-WRITE], Min, 297
[READ-MODIFY-WRITE], Max, 9162
[READ-MODIFY-WRITE], p1, 314
[READ-MODIFY-WRITE], p5, 325
[READ-MODIFY-WRITE], p50, 386
[READ-MODIFY-WRITE], p90, 452
[READ-MODIFY-WRITE], p95, 493
[READ-MODIFY-WRITE], p99, 757
[READ-MODIFY-WRITE], p99.9, 2145
[READ-MODIFY-WRITE], p99.99, 7687
[CLEANUP], Total Operations, 1
[CLEANUP], Below is a summary of latency in microseconds:, -1
[CLEANUP], Average, 1257.0
[CLEANUP], Min, 1257
[CLEANUP], Max, 1257
[CLEANUP], p1, 1257
[CLEANUP], p5, 1257
[CLEANUP], p50, 1257
[CLEANUP], p90, 1257
[CLEANUP], p95, 1257
[CLEANUP], p99, 1257
[CLEANUP], p99.9, 1257
[CLEANUP], p99.99, 1257
[UPDATE], Total Operations, 44527
[UPDATE], Below is a summary of latency in microseconds:, -1
[UPDATE], Average, 202.7616726929728
[UPDATE], Min, 148
[UPDATE], Max, 7151
[UPDATE], p1, 164
[UPDATE], p5, 171
[UPDATE], p50, 198
[UPDATE], p90, 234
[UPDATE], p95, 255
[UPDATE], p99, 368
[UPDATE], p99.9, 1061
[UPDATE], p99.99, 2782
[UPDATE], Return=OK, 44527

Command line: -t -db site.ycsb.db.MongoDbClient -s -P /home/runner/ycsb-mongodb-binding-0.17.0/workloads/workloadf -p mongodb.url=mongodb://127.0.0.1:27017/ycsb?w=1 -p measurementtype=raw -p measurement.raw.output_file=/home/runner/work/The-Omni-Compass/The-Omni-Compass/out/ycsb-f/rep-3/native/notch-11.raw -p recordcount=750000 -p operationcount=1000000000 -p maxexecutiontime=30 -p target=3000 -p threads=32 -p insertstart=0 -p insertorder=ordered -p requestdistribution=uniform -p seed=100310
YCSB Client 0.17.0

Loading workload...
Starting test.
Maximum execution time specified as: 30 secs
2026-10-10 14:49:48:920 0 sec: 0 operations; est completion in 0 second 
DBWrapper: report latency for each error is false and specific error codes to track for latency are: []
2026-10-10 14:49:58:881 10 sec: 28915 operations; 2891.5 current ops/sec; est completion in 4 days READ count: 28916, average latency(us): 207.67 READ-MODIFY-WRITE count: 14487, average latency(us): 429.29 UPDATE count: 14487, average latency(us): 221.16 
2026-10-10 14:50:08:881 20 sec: 58913 operations; 2999.8 current ops/sec; est completion in 3 days 22 hours READ count: 29998, average latency(us): 183.45 READ-MODIFY-WRITE count: 14964, average latency(us): 378.40 UPDATE count: 14964, average latency(us): 192.57 
Maximum time elapsed. Requesting stop for the workload.
Stop requested for workload. Now Joining!
2026-10-10 14:50:18:881 30 sec: 88914 operations; 3000.1 current ops/sec; est completion in 3 days 21 hours READ count: 30002, average latency(us): 186.78 READ-MODIFY-WRITE count: 15076, average latency(us): 383.71 UPDATE count: 15076, average latency(us): 195.19 
2026-10-10 14:50:18:884 30 sec: 88916 operations; 1000 current ops/sec; est completion in 3 days 21 hours   CLEANUP count: 1, average latency(us): 1257.00  


/opt/hostedtoolcache/Java_Temurin-Hotspot_jdk/17.0.20-1/x64/bin/java  -classpath /home/runner/ycsb-mongodb-binding-0.17.0/conf:/home/runner/ycsb-mongodb-binding-0.17.0/lib/HdrHistogram-2.1.4.jar:/home/runner/ycsb-mongodb-binding-0.17.0/lib/core-0.17.0.jar:/home/runner/ycsb-mongodb-binding-0.17.0/lib/htrace-core4-4.1.0-incubating.jar:/home/runner/ycsb-mongodb-binding-0.17.0/lib/jackson-core-asl-1.9.4.jar:/home/runner/ycsb-mongodb-binding-0.17.0/lib/jackson-mapper-asl-1.9.4.jar:/home/runner/ycsb-mongodb-binding-0.17.0/lib/logback-classic-1.1.2.jar:/home/runner/ycsb-mongodb-binding-0.17.0/lib/logback-core-1.1.2.jar:/home/runner/ycsb-mongodb-binding-0.17.0/lib/mongo-java-driver-3.8.0.jar:/home/runner/ycsb-mongodb-binding-0.17.0/lib/mongodb-async-driver-2.0.1.jar:/home/runner/ycsb-mongodb-binding-0.17.0/lib/mongodb-binding-0.17.0.jar:/home/runner/ycsb-mongodb-binding-0.17.0/lib/slf4j-api-1.7.25.jar:/home/runner/ycsb-mongodb-binding-0.17.0/lib/snappy-java-1.1.7.1.jar site.ycsb.Client -t -db site.ycsb.db.MongoDbClient -s -P /home/runner/ycsb-mongodb-binding-0.17.0/workloads/workloadf -p mongodb.url=mongodb://127.0.0.1:27017/ycsb?w=1 -p measurementtype=raw -p measurement.raw.output_file=/home/runner/work/The-Omni-Compass/The-Omni-Compass/out/ycsb-f/rep-3/native/notch-12.raw -p recordcount=500000 -p operationcount=1000000000 -p maxexecutiontime=30 -p target=3000 -p threads=32 -p insertstart=0 -p insertorder=ordered -p requestdistribution=uniform -p seed=100311
mongo client connection created with mongodb://127.0.0.1:27017/ycsb?w=1
Raw data measurement: will output to result file: /home/runner/work/The-Omni-Compass/The-Omni-Compass/out/ycsb-f/rep-3/native/notch-12.raw
Raw data measurement: will output to result file: /home/runner/work/The-Omni-Compass/The-Omni-Compass/out/ycsb-f/rep-3/native/notch-12.raw
Raw data measurement: will output to result file: /home/runner/work/The-Omni-Compass/The-Omni-Compass/out/ycsb-f/rep-3/native/notch-12.raw
Raw data measurement: will output to result file: /home/runner/work/The-Omni-Compass/The-Omni-Compass/out/ycsb-f/rep-3/native/notch-12.raw
[OVERALL], RunTime(ms), 30006
[OVERALL], Throughput(ops/sec), 2963.1740318602947
[TOTAL_GCS_G1_Young_Generation], Count, 22
[TOTAL_GC_TIME_G1_Young_Generation], Time(ms), 124
[TOTAL_GC_TIME_%_G1_Young_Generation], Time(%), 0.413250683196694
[TOTAL_GCS_G1_Old_Generation], Count, 0
[TOTAL_GC_TIME_G1_Old_Generation], Time(ms), 0
[TOTAL_GC_TIME_%_G1_Old_Generation], Time(%), 0.0
[TOTAL_GCs], Count, 22
[TOTAL_GC_TIME], Time(ms), 124
[TOTAL_GC_TIME_%], Time(%), 0.413250683196694
[READ], Total Operations, 88913
[READ], Below is a summary of latency in microseconds:, -1
[READ], Average, 188.4752960759394
[READ], Min, 125
[READ], Max, 50006
[READ], p1, 147
[READ], p5, 151
[READ], p50, 178
[READ], p90, 221
[READ], p95, 240
[READ], p99, 345
[READ], p99.9, 1074
[READ], p99.99, 5985
[READ], Return=OK, 88913
[READ-MODIFY-WRITE], Total Operations, 44353
[READ-MODIFY-WRITE], Below is a summary of latency in microseconds:, -1
[READ-MODIFY-WRITE], Average, 396.34295312605684
[READ-MODIFY-WRITE], Min, 294
[READ-MODIFY-WRITE], Max, 60901
[READ-MODIFY-WRITE], p1, 317
[READ-MODIFY-WRITE], p5, 325
[READ-MODIFY-WRITE], p50, 372
[READ-MODIFY-WRITE], p90, 453
[READ-MODIFY-WRITE], p95, 496
[READ-MODIFY-WRITE], p99, 733
[READ-MODIFY-WRITE], p99.9, 2475
[READ-MODIFY-WRITE], p99.99, 7684
[CLEANUP], Total Operations, 1
[CLEANUP], Below is a summary of latency in microseconds:, -1
[CLEANUP], Average, 1279.0
[CLEANUP], Min, 1279
[CLEANUP], Max, 1279
[CLEANUP], p1, 1279
[CLEANUP], p5, 1279
[CLEANUP], p50, 1279
[CLEANUP], p90, 1279
[CLEANUP], p95, 1279
[CLEANUP], p99, 1279
[CLEANUP], p99.9, 1279
[CLEANUP], p99.99, 1279
[UPDATE], Total Operations, 44353
[UPDATE], Below is a summary of latency in microseconds:, -1
[UPDATE], Average, 204.91506775189953
[UPDATE], Min, 150
[UPDATE], Max, 11024
[UPDATE], p1, 166
[UPDATE], p5, 171
[UPDATE], p50, 200
[UPDATE], p90, 235
[UPDATE], p95, 255
[UPDATE], p99, 368
[UPDATE], p99.9, 1028
[UPDATE], p99.99, 4408
[UPDATE], Return=OK, 44353

Command line: -t -db site.ycsb.db.MongoDbClient -s -P /home/runner/ycsb-mongodb-binding-0.17.0/workloads/workloadf -p mongodb.url=mongodb://127.0.0.1:27017/ycsb?w=1 -p measurementtype=raw -p measurement.raw.output_file=/home/runner/work/The-Omni-Compass/The-Omni-Compass/out/ycsb-f/rep-3/native/notch-12.raw -p recordcount=500000 -p operationcount=1000000000 -p maxexecutiontime=30 -p target=3000 -p threads=32 -p insertstart=0 -p insertorder=ordered -p requestdistribution=uniform -p seed=100311
YCSB Client 0.17.0

Loading workload...
Starting test.
Maximum execution time specified as: 30 secs
2026-10-10 14:50:19:936 0 sec: 0 operations; est completion in 0 second 
DBWrapper: report latency for each error is false and specific error codes to track for latency are: []
2026-10-10 14:50:29:893 10 sec: 28925 operations; 2892.21 current ops/sec; est completion in 4 days READ count: 28927, average latency(us): 207.02 READ-MODIFY-WRITE count: 14367, average latency(us): 434.44 UPDATE count: 14367, average latency(us): 222.62 
2026-10-10 14:50:39:893 20 sec: 58925 operations; 3000.3 current ops/sec; est completion in 3 days 22 hours READ count: 29999, average latency(us): 180.73 READ-MODIFY-WRITE count: 14970, average latency(us): 379.07 UPDATE count: 14970, average latency(us): 195.48 
2026-10-10 14:50:49:893 30 sec: 88903 operations; 2997.8 current ops/sec; est completion in 3 days 21 hours READ count: 29979, average latency(us): 178.33 READ-MODIFY-WRITE count: 15011, average latency(us): 377.08 UPDATE count: 15011, average latency(us): 197.37 
Maximum time elapsed. Requesting stop for the workload.
Stop requested for workload. Now Joining!
2026-10-10 14:50:49:898 30 sec: 88913 operations; 1666.67 current ops/sec; est completion in 3 days 21 hours READ count: 8, average latency(us): 208.13 READ-MODIFY-WRITE count: 5, average latency(us): 477.40 CLEANUP count: 1, average latency(us): 1279.00 UPDATE count: 5, average latency(us): 228.60 


/opt/hostedtoolcache/Java_Temurin-Hotspot_jdk/17.0.20-1/x64/bin/java  -classpath /home/runner/ycsb-mongodb-binding-0.17.0/conf:/home/runner/ycsb-mongodb-binding-0.17.0/lib/HdrHistogram-2.1.4.jar:/home/runner/ycsb-mongodb-binding-0.17.0/lib/core-0.17.0.jar:/home/runner/ycsb-mongodb-binding-0.17.0/lib/htrace-core4-4.1.0-incubating.jar:/home/runner/ycsb-mongodb-binding-0.17.0/lib/jackson-core-asl-1.9.4.jar:/home/runner/ycsb-mongodb-binding-0.17.0/lib/jackson-mapper-asl-1.9.4.jar:/home/runner/ycsb-mongodb-binding-0.17.0/lib/logback-classic-1.1.2.jar:/home/runner/ycsb-mongodb-binding-0.17.0/lib/logback-core-1.1.2.jar:/home/runner/ycsb-mongodb-binding-0.17.0/lib/mongo-java-driver-3.8.0.jar:/home/runner/ycsb-mongodb-binding-0.17.0/lib/mongodb-async-driver-2.0.1.jar:/home/runner/ycsb-mongodb-binding-0.17.0/lib/mongodb-binding-0.17.0.jar:/home/runner/ycsb-mongodb-binding-0.17.0/lib/slf4j-api-1.7.25.jar:/home/runner/ycsb-mongodb-binding-0.17.0/lib/snappy-java-1.1.7.1.jar site.ycsb.Client -t -db site.ycsb.db.MongoDbClient -s -P /home/runner/ycsb-mongodb-binding-0.17.0/workloads/workloadf -p mongodb.url=mongodb://127.0.0.1:27017/ycsb?w=1 -p measurementtype=raw -p measurement.raw.output_file=/home/runner/work/The-Omni-Compass/The-Omni-Compass/out/ycsb-f/rep-3/native/notch-13.raw -p recordcount=250000 -p operationcount=1000000000 -p maxexecutiontime=30 -p target=3000 -p threads=32 -p insertstart=0 -p insertorder=ordered -p requestdistribution=uniform -p seed=100312
mongo client connection created with mongodb://127.0.0.1:27017/ycsb?w=1
Raw data measurement: will output to result file: /home/runner/work/The-Omni-Compass/The-Omni-Compass/out/ycsb-f/rep-3/native/notch-13.raw
Raw data measurement: will output to result file: /home/runner/work/The-Omni-Compass/The-Omni-Compass/out/ycsb-f/rep-3/native/notch-13.raw
Raw data measurement: will output to result file: /home/runner/work/The-Omni-Compass/The-Omni-Compass/out/ycsb-f/rep-3/native/notch-13.raw
Raw data measurement: will output to result file: /home/runner/work/The-Omni-Compass/The-Omni-Compass/out/ycsb-f/rep-3/native/notch-13.raw
[OVERALL], RunTime(ms), 30002
[OVERALL], Throughput(ops/sec), 2963.8357442837146
[TOTAL_GCS_G1_Young_Generation], Count, 22
[TOTAL_GC_TIME_G1_Young_Generation], Time(ms), 124
[TOTAL_GC_TIME_%_G1_Young_Generation], Time(%), 0.41330577961469234
[TOTAL_GCS_G1_Old_Generation], Count, 0
[TOTAL_GC_TIME_G1_Old_Generation], Time(ms), 0
[TOTAL_GC_TIME_%_G1_Old_Generation], Time(%), 0.0
[TOTAL_GCs], Count, 22
[TOTAL_GC_TIME], Time(ms), 124
[TOTAL_GC_TIME_%], Time(%), 0.41330577961469234
[READ], Total Operations, 88921
[READ], Below is a summary of latency in microseconds:, -1
[READ], Average, 184.416594505235
[READ], Min, 125
[READ], Max, 49779
[READ], p1, 146
[READ], p5, 150
[READ], p50, 186
[READ], p90, 213
[READ], p95, 232
[READ], p99, 325
[READ], p99.9, 893
[READ], p99.99, 6542
[READ], Return=OK, 88921
[READ-MODIFY-WRITE], Total Operations, 44384
[READ-MODIFY-WRITE], Below is a summary of latency in microseconds:, -1
[READ-MODIFY-WRITE], Average, 391.3863779740447
[READ-MODIFY-WRITE], Min, 298
[READ-MODIFY-WRITE], Max, 8792
[READ-MODIFY-WRITE], p1, 316
[READ-MODIFY-WRITE], p5, 323
[READ-MODIFY-WRITE], p50, 395
[READ-MODIFY-WRITE], p90, 446
[READ-MODIFY-WRITE], p95, 489
[READ-MODIFY-WRITE], p99, 689
[READ-MODIFY-WRITE], p99.9, 2134
[READ-MODIFY-WRITE], p99.99, 7709
[CLEANUP], Total Operations, 1
[CLEANUP], Below is a summary of latency in microseconds:, -1
[CLEANUP], Average, 1499.0
[CLEANUP], Min, 1499
[CLEANUP], Max, 1499
[CLEANUP], p1, 1499
[CLEANUP], p5, 1499
[CLEANUP], p50, 1499
[CLEANUP], p90, 1499
[CLEANUP], p95, 1499
[CLEANUP], p99, 1499
[CLEANUP], p99.9, 1499
[CLEANUP], p99.99, 1499
[UPDATE], Total Operations, 44384
[UPDATE], Below is a summary of latency in microseconds:, -1
[UPDATE], Average, 205.58307047584717
[UPDATE], Min, 151
[UPDATE], Max, 8305
[UPDATE], p1, 166
[UPDATE], p5, 171
[UPDATE], p50, 206
[UPDATE], p90, 237
[UPDATE], p95, 257
[UPDATE], p99, 354
[UPDATE], p99.9, 1086
[UPDATE], p99.99, 5134
[UPDATE], Return=OK, 44384

Command line: -t -db site.ycsb.db.MongoDbClient -s -P /home/runner/ycsb-mongodb-binding-0.17.0/workloads/workloadf -p mongodb.url=mongodb://127.0.0.1:27017/ycsb?w=1 -p measurementtype=raw -p measurement.raw.output_file=/home/runner/work/The-Omni-Compass/The-Omni-Compass/out/ycsb-f/rep-3/native/notch-13.raw -p recordcount=250000 -p operationcount=1000000000 -p maxexecutiontime=30 -p target=3000 -p threads=32 -p insertstart=0 -p insertorder=ordered -p requestdistribution=uniform -p seed=100312
YCSB Client 0.17.0

Loading workload...
Starting test.
Maximum execution time specified as: 30 secs
2026-10-10 14:50:50:893 0 sec: 0 operations; est completion in 0 second 
DBWrapper: report latency for each error is false and specific error codes to track for latency are: []
2026-10-10 14:51:00:854 10 sec: 28920 operations; 2892 current ops/sec; est completion in 4 days READ count: 28922, average latency(us): 204.38 READ-MODIFY-WRITE count: 14444, average latency(us): 432.16 UPDATE count: 14444, average latency(us): 227.25 
2026-10-10 14:51:10:854 20 sec: 58920 operations; 3000 current ops/sec; est completion in 3 days 22 hours READ count: 29999, average latency(us): 175.36 READ-MODIFY-WRITE count: 14948, average latency(us): 372.76 UPDATE count: 14948, average latency(us): 195.28 
Maximum time elapsed. Requesting stop for the workload.
Stop requested for workload. Now Joining!
2026-10-10 14:51:20:854 30 sec: 88919 operations; 2999.9 current ops/sec; est completion in 3 days 21 hours READ count: 30000, average latency(us): 174.22 READ-MODIFY-WRITE count: 14992, average latency(us): 370.68 UPDATE count: 14992, average latency(us): 194.99 
2026-10-10 14:51:20:856 30 sec: 88921 operations; 1000 current ops/sec; est completion in 3 days 21 hours   CLEANUP count: 1, average latency(us): 1499.00  


/opt/hostedtoolcache/Java_Temurin-Hotspot_jdk/17.0.20-1/x64/bin/java  -classpath /home/runner/ycsb-mongodb-binding-0.17.0/conf:/home/runner/ycsb-mongodb-binding-0.17.0/lib/HdrHistogram-2.1.4.jar:/home/runner/ycsb-mongodb-binding-0.17.0/lib/core-0.17.0.jar:/home/runner/ycsb-mongodb-binding-0.17.0/lib/htrace-core4-4.1.0-incubating.jar:/home/runner/ycsb-mongodb-binding-0.17.0/lib/jackson-core-asl-1.9.4.jar:/home/runner/ycsb-mongodb-binding-0.17.0/lib/jackson-mapper-asl-1.9.4.jar:/home/runner/ycsb-mongodb-binding-0.17.0/lib/logback-classic-1.1.2.jar:/home/runner/ycsb-mongodb-binding-0.17.0/lib/logback-core-1.1.2.jar:/home/runner/ycsb-mongodb-binding-0.17.0/lib/mongo-java-driver-3.8.0.jar:/home/runner/ycsb-mongodb-binding-0.17.0/lib/mongodb-async-driver-2.0.1.jar:/home/runner/ycsb-mongodb-binding-0.17.0/lib/mongodb-binding-0.17.0.jar:/home/runner/ycsb-mongodb-binding-0.17.0/lib/slf4j-api-1.7.25.jar:/home/runner/ycsb-mongodb-binding-0.17.0/lib/snappy-java-1.1.7.1.jar site.ycsb.Client -t -db site.ycsb.db.MongoDbClient -s -P /home/runner/ycsb-mongodb-binding-0.17.0/workloads/workloadf -p mongodb.url=mongodb://127.0.0.1:27017/ycsb?w=1 -p measurementtype=raw -p measurement.raw.output_file=/home/runner/work/The-Omni-Compass/The-Omni-Compass/out/ycsb-f/rep-3/native/notch-14.raw -p recordcount=500000 -p operationcount=1000000000 -p maxexecutiontime=30 -p target=3000 -p threads=32 -p insertstart=0 -p insertorder=ordered -p requestdistribution=uniform -p seed=100313
mongo client connection created with mongodb://127.0.0.1:27017/ycsb?w=1
Raw data measurement: will output to result file: /home/runner/work/The-Omni-Compass/The-Omni-Compass/out/ycsb-f/rep-3/native/notch-14.raw
Raw data measurement: will output to result file: /home/runner/work/The-Omni-Compass/The-Omni-Compass/out/ycsb-f/rep-3/native/notch-14.raw
Raw data measurement: will output to result file: /home/runner/work/The-Omni-Compass/The-Omni-Compass/out/ycsb-f/rep-3/native/notch-14.raw
Raw data measurement: will output to result file: /home/runner/work/The-Omni-Compass/The-Omni-Compass/out/ycsb-f/rep-3/native/notch-14.raw
[OVERALL], RunTime(ms), 30003
[OVERALL], Throughput(ops/sec), 2963.903609639036
[TOTAL_GCS_G1_Young_Generation], Count, 21
[TOTAL_GC_TIME_G1_Young_Generation], Time(ms), 113
[TOTAL_GC_TIME_%_G1_Young_Generation], Time(%), 0.37662900376629005
[TOTAL_GCS_G1_Old_Generation], Count, 0
[TOTAL_GC_TIME_G1_Old_Generation], Time(ms), 0
[TOTAL_GC_TIME_%_G1_Old_Generation], Time(%), 0.0
[TOTAL_GCs], Count, 21
[TOTAL_GC_TIME], Time(ms), 113
[TOTAL_GC_TIME_%], Time(%), 0.37662900376629005
[READ], Total Operations, 88926
[READ], Below is a summary of latency in microseconds:, -1
[READ], Average, 187.54906326608642
[READ], Min, 125
[READ], Max, 53601
[READ], p1, 146
[READ], p5, 150
[READ], p50, 181
[READ], p90, 217
[READ], p95, 233
[READ], p99, 335
[READ], p99.9, 1218
[READ], p99.99, 6209
[READ], Return=OK, 88926
[READ-MODIFY-WRITE], Total Operations, 44601
[READ-MODIFY-WRITE], Below is a summary of latency in microseconds:, -1
[READ-MODIFY-WRITE], Average, 393.2716082599045
[READ-MODIFY-WRITE], Min, 297
[READ-MODIFY-WRITE], Max, 9693
[READ-MODIFY-WRITE], p1, 316
[READ-MODIFY-WRITE], p5, 324
[READ-MODIFY-WRITE], p50, 378
[READ-MODIFY-WRITE], p90, 451
[READ-MODIFY-WRITE], p95, 485
[READ-MODIFY-WRITE], p99, 714
[READ-MODIFY-WRITE], p99.9, 2206
[READ-MODIFY-WRITE], p99.99, 7780
[CLEANUP], Total Operations, 1
[CLEANUP], Below is a summary of latency in microseconds:, -1
[CLEANUP], Average, 1347.0
[CLEANUP], Min, 1347
[CLEANUP], Max, 1347
[CLEANUP], p1, 1347
[CLEANUP], p5, 1347
[CLEANUP], p50, 1347
[CLEANUP], p90, 1347
[CLEANUP], p95, 1347
[CLEANUP], p99, 1347
[CLEANUP], p99.9, 1347
[CLEANUP], p99.99, 1347
[UPDATE], Total Operations, 44601
[UPDATE], Below is a summary of latency in microseconds:, -1
[UPDATE], Average, 204.8256989753593
[UPDATE], Min, 148
[UPDATE], Max, 9499
[UPDATE], p1, 167
[UPDATE], p5, 171
[UPDATE], p50, 199
[UPDATE], p90, 238
[UPDATE], p95, 255
[UPDATE], p99, 357
[UPDATE], p99.9, 1222
[UPDATE], p99.99, 4711
[UPDATE], Return=OK, 44601

Command line: -t -db site.ycsb.db.MongoDbClient -s -P /home/runner/ycsb-mongodb-binding-0.17.0/workloads/workloadf -p mongodb.url=mongodb://127.0.0.1:27017/ycsb?w=1 -p measurementtype=raw -p measurement.raw.output_file=/home/runner/work/The-Omni-Compass/The-Omni-Compass/out/ycsb-f/rep-3/native/notch-14.raw -p recordcount=500000 -p operationcount=1000000000 -p maxexecutiontime=30 -p target=3000 -p threads=32 -p insertstart=0 -p insertorder=ordered -p requestdistribution=uniform -p seed=100313
YCSB Client 0.17.0

Loading workload...
Starting test.
Maximum execution time specified as: 30 secs
2026-10-10 14:51:21:954 0 sec: 0 operations; est completion in 0 second 
DBWrapper: report latency for each error is false and specific error codes to track for latency are: []
2026-10-10 14:51:31:911 10 sec: 28924 operations; 2892.4 current ops/sec; est completion in 4 days READ count: 28927, average latency(us): 203.39 READ-MODIFY-WRITE count: 14547, average latency(us): 427.68 UPDATE count: 14547, average latency(us): 225.05 
2026-10-10 14:51:41:911 20 sec: 58924 operations; 3000 current ops/sec; est completion in 3 days 22 hours READ count: 29998, average latency(us): 177.02 READ-MODIFY-WRITE count: 15033, average latency(us): 370.70 UPDATE count: 15033, average latency(us): 191.33 
Maximum time elapsed. Requesting stop for the workload.
Stop requested for workload. Now Joining!
2026-10-10 14:51:51:911 30 sec: 88924 operations; 3000 current ops/sec; est completion in 3 days 21 hours READ count: 30000, average latency(us): 182.79 READ-MODIFY-WRITE count: 15020, average latency(us): 382.51 UPDATE count: 15020, average latency(us): 198.74 
2026-10-10 14:51:51:913 30 sec: 88926 operations; 666.67 current ops/sec; est completion in 3 days 21 hours READ count: 1, average latency(us): 440.00 READ-MODIFY-WRITE count: 1, average latency(us): 756.00 CLEANUP count: 1, average latency(us): 1347.00 UPDATE count: 1, average latency(us): 239.00 


/opt/hostedtoolcache/Java_Temurin-Hotspot_jdk/17.0.20-1/x64/bin/java  -classpath /home/runner/ycsb-mongodb-binding-0.17.0/conf:/home/runner/ycsb-mongodb-binding-0.17.0/lib/HdrHistogram-2.1.4.jar:/home/runner/ycsb-mongodb-binding-0.17.0/lib/core-0.17.0.jar:/home/runner/ycsb-mongodb-binding-0.17.0/lib/htrace-core4-4.1.0-incubating.jar:/home/runner/ycsb-mongodb-binding-0.17.0/lib/jackson-core-asl-1.9.4.jar:/home/runner/ycsb-mongodb-binding-0.17.0/lib/jackson-mapper-asl-1.9.4.jar:/home/runner/ycsb-mongodb-binding-0.17.0/lib/logback-classic-1.1.2.jar:/home/runner/ycsb-mongodb-binding-0.17.0/lib/logback-core-1.1.2.jar:/home/runner/ycsb-mongodb-binding-0.17.0/lib/mongo-java-driver-3.8.0.jar:/home/runner/ycsb-mongodb-binding-0.17.0/lib/mongodb-async-driver-2.0.1.jar:/home/runner/ycsb-mongodb-binding-0.17.0/lib/mongodb-binding-0.17.0.jar:/home/runner/ycsb-mongodb-binding-0.17.0/lib/slf4j-api-1.7.25.jar:/home/runner/ycsb-mongodb-binding-0.17.0/lib/snappy-java-1.1.7.1.jar site.ycsb.Client -t -db site.ycsb.db.MongoDbClient -s -P /home/runner/ycsb-mongodb-binding-0.17.0/workloads/workloadf -p mongodb.url=mongodb://127.0.0.1:27017/ycsb?w=1 -p measurementtype=raw -p measurement.raw.output_file=/home/runner/work/The-Omni-Compass/The-Omni-Compass/out/ycsb-f/rep-3/native/notch-15.raw -p recordcount=250000 -p operationcount=1000000000 -p maxexecutiontime=30 -p target=3000 -p threads=32 -p insertstart=0 -p insertorder=ordered -p requestdistribution=uniform -p seed=100314
mongo client connection created with mongodb://127.0.0.1:27017/ycsb?w=1
Raw data measurement: will output to result file: /home/runner/work/The-Omni-Compass/The-Omni-Compass/out/ycsb-f/rep-3/native/notch-15.raw
Raw data measurement: will output to result file: /home/runner/work/The-Omni-Compass/The-Omni-Compass/out/ycsb-f/rep-3/native/notch-15.raw
Raw data measurement: will output to result file: /home/runner/work/The-Omni-Compass/The-Omni-Compass/out/ycsb-f/rep-3/native/notch-15.raw
Raw data measurement: will output to result file: /home/runner/work/The-Omni-Compass/The-Omni-Compass/out/ycsb-f/rep-3/native/notch-15.raw
[OVERALL], RunTime(ms), 30003
[OVERALL], Throughput(ops/sec), 2963.7702896377027
[TOTAL_GCS_G1_Young_Generation], Count, 21
[TOTAL_GC_TIME_G1_Young_Generation], Time(ms), 113
[TOTAL_GC_TIME_%_G1_Young_Generation], Time(%), 0.37662900376629005
[TOTAL_GCS_G1_Old_Generation], Count, 0
[TOTAL_GC_TIME_G1_Old_Generation], Time(ms), 0
[TOTAL_GC_TIME_%_G1_Old_Generation], Time(%), 0.0
[TOTAL_GCs], Count, 21
[TOTAL_GC_TIME], Time(ms), 113
[TOTAL_GC_TIME_%], Time(%), 0.37662900376629005
[READ], Total Operations, 88922
[READ], Below is a summary of latency in microseconds:, -1
[READ], Average, 182.73772519736397
[READ], Min, 123
[READ], Max, 53448
[READ], p1, 146
[READ], p5, 150
[READ], p50, 175
[READ], p90, 209
[READ], p95, 229
[READ], p99, 326
[READ], p99.9, 1097
[READ], p99.99, 6605
[READ], Return=OK, 88922
[READ-MODIFY-WRITE], Total Operations, 44320
[READ-MODIFY-WRITE], Below is a summary of latency in microseconds:, -1
[READ-MODIFY-WRITE], Average, 390.75773916967506
[READ-MODIFY-WRITE], Min, 293
[READ-MODIFY-WRITE], Max, 8998
[READ-MODIFY-WRITE], p1, 317
[READ-MODIFY-WRITE], p5, 325
[READ-MODIFY-WRITE], p50, 376
[READ-MODIFY-WRITE], p90, 442
[READ-MODIFY-WRITE], p95, 483
[READ-MODIFY-WRITE], p99, 704
[READ-MODIFY-WRITE], p99.9, 2204
[READ-MODIFY-WRITE], p99.99, 6890
[CLEANUP], Total Operations, 1
[CLEANUP], Below is a summary of latency in microseconds:, -1
[CLEANUP], Average, 1531.0
[CLEANUP], Min, 1531
[CLEANUP], Max, 1531
[CLEANUP], p1, 1531
[CLEANUP], p5, 1531
[CLEANUP], p50, 1531
[CLEANUP], p90, 1531
[CLEANUP], p95, 1531
[CLEANUP], p99, 1531
[CLEANUP], p99.9, 1531
[CLEANUP], p99.99, 1531
[UPDATE], Total Operations, 44320
[UPDATE], Below is a summary of latency in microseconds:, -1
[UPDATE], Average, 207.076940433213
[UPDATE], Min, 149
[UPDATE], Max, 7801
[UPDATE], p1, 168
[UPDATE], p5, 172
[UPDATE], p50, 206
[UPDATE], p90, 234
[UPDATE], p95, 253
[UPDATE], p99, 357
[UPDATE], p99.9, 1032
[UPDATE], p99.99, 4793
[UPDATE], Return=OK, 44320

Command line: -t -db site.ycsb.db.MongoDbClient -s -P /home/runner/ycsb-mongodb-binding-0.17.0/workloads/workloadf -p mongodb.url=mongodb://127.0.0.1:27017/ycsb?w=1 -p measurementtype=raw -p measurement.raw.output_file=/home/runner/work/The-Omni-Compass/The-Omni-Compass/out/ycsb-f/rep-3/native/notch-15.raw -p recordcount=250000 -p operationcount=1000000000 -p maxexecutiontime=30 -p target=3000 -p threads=32 -p insertstart=0 -p insertorder=ordered -p requestdistribution=uniform -p seed=100314
YCSB Client 0.17.0

Loading workload...
Starting test.
Maximum execution time specified as: 30 secs
2026-10-10 14:51:52:906 0 sec: 0 operations; est completion in 0 second 
DBWrapper: report latency for each error is false and specific error codes to track for latency are: []
2026-10-10 14:52:02:867 10 sec: 28922 operations; 2891.91 current ops/sec; est completion in 4 days READ count: 28924, average latency(us): 201.20 READ-MODIFY-WRITE count: 14430, average latency(us): 426.45 UPDATE count: 14430, average latency(us): 224.83 
2026-10-10 14:52:12:867 20 sec: 58922 operations; 3000.3 current ops/sec; est completion in 3 days 22 hours READ count: 29999, average latency(us): 174.73 READ-MODIFY-WRITE count: 14880, average latency(us): 374.70 UPDATE count: 14880, average latency(us): 198.90 
Maximum time elapsed. Requesting stop for the workload.
Stop requested for workload. Now Joining!
2026-10-10 14:52:22:867 30 sec: 88920 operations; 2999.8 current ops/sec; est completion in 3 days 21 hours READ count: 29999, average latency(us): 172.94 READ-MODIFY-WRITE count: 15010, average latency(us): 372.36 UPDATE count: 15010, average latency(us): 198.12 
2026-10-10 14:52:22:869 30 sec: 88922 operations; 666.67 current ops/sec; est completion in 3 days 21 hours   CLEANUP count: 1, average latency(us): 1531.00  
