sysbench 1.0.20 (using system LuaJIT 2.1.0-beta3)

Running the test with following options:
Number of threads: 32
Target transaction rate: 1000/sec
Initializing random number generator from current time


Initializing worker threads...

Threads started!

Latency histogram (values are in milliseconds)
       value  ------------- distribution ------------- count
       0.556 |                                         1
       0.566 |                                         3
       0.576 |*                                        8
       0.587 |*                                        13
       0.597 |*                                        20
       0.608 |**                                       34
       0.619 |***                                      46
       0.630 |****                                     55
       0.642 |*****                                    82
       0.654 |*****                                    79
       0.665 |********                                 118
       0.677 |*******                                  111
       0.690 |**********                               147
       0.702 |***********                              169
       0.715 |*************                            198
       0.728 |****************                         241
       0.741 |*******************                      286
       0.755 |********************                     307
       0.768 |*************************                375
       0.782 |*************************                384
       0.797 |******************************           448
       0.811 |******************************           457
       0.826 |*********************************        500
       0.841 |*********************************        506
       0.856 |**********************************       511
       0.872 |************************************     545
       0.888 |**************************************   573
       0.904 |**************************************   572
       0.920 |**************************************   571
       0.937 |**************************************** 606
       0.954 |**************************************** 599
       0.971 |**************************************   573
       0.989 |***************************************  594
       1.007 |***************************************  585
       1.025 |*************************************    562
       1.044 |*************************************    564
       1.063 |************************************     545
       1.082 |*********************************        496
       1.102 |**********************************       518
       1.122 |*******************************          476
       1.142 |******************************           458
       1.163 |****************************             422
       1.184 |*************************                382
       1.205 |*************************                373
       1.227 |*********************                    320
       1.250 |*******************                      293
       1.272 |********************                     302
       1.295 |******************                       270
       1.319 |******************                       274
       1.343 |****************                         236
       1.367 |****************                         235
       1.392 |****************                         247
       1.417 |*************                            196
       1.443 |*************                            194
       1.469 |*************                            192
       1.496 |***********                              169
       1.523 |***********                              161
       1.551 |*******                                  113
       1.579 |********                                 114
       1.608 |******                                   98
       1.637 |******                                   97
       1.667 |******                                   87
       1.697 |*****                                    81
       1.728 |******                                   94
       1.759 |****                                     64
       1.791 |****                                     66
       1.824 |***                                      49
       1.857 |***                                      41
       1.891 |***                                      52
       1.925 |***                                      45
       1.960 |***                                      47
       1.996 |**                                       36
       2.032 |***                                      46
       2.069 |**                                       33
       2.106 |**                                       30
       2.145 |**                                       36
       2.184 |**                                       29
       2.223 |**                                       27
       2.264 |**                                       33
       2.305 |**                                       28
       2.347 |**                                       26
       2.389 |*                                        18
       2.433 |**                                       23
       2.477 |*                                        18
       2.522 |*                                        21
       2.568 |*                                        14
       2.615 |*                                        12
       2.662 |*                                        12
       2.710 |*                                        20
       2.760 |*                                        18
       2.810 |*                                        15
       2.861 |**                                       28
       2.913 |**                                       28
       2.966 |*                                        17
       3.020 |*                                        17
       3.075 |*                                        11
       3.130 |**                                       24
       3.187 |*                                        19
       3.245 |*                                        18
       3.304 |*                                        19
       3.364 |*                                        19
       3.425 |*                                        21
       3.488 |*                                        15
       3.551 |*                                        18
       3.615 |*                                        21
       3.681 |*                                        16
       3.748 |*                                        8
       3.816 |*                                        12
       3.885 |*                                        9
       3.956 |*                                        12
       4.028 |*                                        10
       4.101 |*                                        14
       4.176 |                                         7
       4.252 |                                         5
       4.329 |                                         7
       4.407 |                                         6
       4.487 |                                         5
       4.569 |*                                        11
       4.652 |                                         4
       4.737 |                                         3
       4.823 |                                         5
       4.910 |                                         5
       4.999 |                                         1
       5.090 |                                         2
       5.183 |                                         2
       5.277 |                                         2
       5.373 |                                         1
       5.570 |                                         1
       7.297 |                                         1
       7.702 |                                         1
       7.985 |                                         1
       8.130 |                                         1
       9.057 |                                         1
      12.984 |                                         1
 
SQL statistics:
    queries performed:
        read:                            0
        write:                           20174
        other:                           0
        total:                           20174
    transactions:                        20174  (1007.78 per sec.)
    queries:                             20174  (1007.78 per sec.)
    ignored errors:                      0      (0.00 per sec.)
    reconnects:                          0      (0.00 per sec.)

General statistics:
    total time:                          20.0179s
    total number of events:              20174

Latency (ms):
         min:                                    0.56
         avg:                                    1.13
         max:                                   12.95
         95th percentile:                        1.93
         sum:                                22803.12

Threads fairness:
    events (avg/stddev):           630.4375/5.62
    execution time (avg/stddev):   0.7126/0.01


