sysbench 1.0.20 (using system LuaJIT 2.1.0-beta3)

Running the test with following options:
Number of threads: 32
Target transaction rate: 1000/sec
Initializing random number generator from current time


Initializing worker threads...

Threads started!

Latency histogram (values are in milliseconds)
       value  ------------- distribution ------------- count
       0.566 |                                         2
       0.576 |*                                        8
       0.587 |*                                        9
       0.597 |*                                        14
       0.608 |**                                       30
       0.619 |***                                      47
       0.630 |***                                      50
       0.642 |***                                      54
       0.654 |*****                                    77
       0.665 |******                                   91
       0.677 |********                                 132
       0.690 |********                                 120
       0.702 |**********                               153
       0.715 |***********                              166
       0.728 |**************                           214
       0.741 |*****************                        264
       0.755 |******************                       281
       0.768 |*********************                    334
       0.782 |*************************                384
       0.797 |****************************             441
       0.811 |******************************           472
       0.826 |********************************         505
       0.841 |************************************     560
       0.856 |************************************     566
       0.872 |************************************     563
       0.888 |***************************************  612
       0.904 |***************************************  609
       0.920 |***************************************  608
       0.937 |***************************************  609
       0.954 |***************************************  609
       0.971 |*************************************    573
       0.989 |**************************************** 622
       1.007 |***********************************      549
       1.025 |************************************     566
       1.044 |**********************************       528
       1.063 |***********************************      545
       1.082 |*********************************        509
       1.102 |********************************         503
       1.122 |*****************************            446
       1.142 |***************************              424
       1.163 |**************************               399
       1.184 |************************                 376
       1.205 |*************************                384
       1.227 |**********************                   335
       1.250 |**********************                   335
       1.272 |*******************                      299
       1.295 |*****************                        269
       1.319 |****************                         245
       1.343 |****************                         242
       1.367 |****************                         251
       1.392 |*************                            208
       1.417 |***********                              174
       1.443 |********                                 131
       1.469 |**********                               148
       1.496 |***********                              166
       1.523 |********                                 132
       1.551 |*******                                  116
       1.579 |*******                                  109
       1.608 |******                                   92
       1.637 |*****                                    85
       1.667 |****                                     65
       1.697 |****                                     69
       1.728 |*****                                    71
       1.759 |***                                      47
       1.791 |***                                      50
       1.824 |***                                      43
       1.857 |***                                      50
       1.891 |***                                      46
       1.925 |***                                      41
       1.960 |***                                      39
       1.996 |**                                       35
       2.032 |**                                       32
       2.069 |**                                       26
       2.106 |*                                        21
       2.145 |*                                        22
       2.184 |**                                       26
       2.223 |**                                       24
       2.264 |*                                        21
       2.305 |**                                       27
       2.347 |*                                        19
       2.389 |*                                        21
       2.433 |**                                       27
       2.477 |*                                        16
       2.522 |*                                        18
       2.568 |*                                        20
       2.615 |*                                        21
       2.662 |*                                        22
       2.710 |*                                        16
       2.760 |*                                        18
       2.810 |**                                       29
       2.861 |*                                        20
       2.913 |*                                        9
       2.966 |*                                        20
       3.020 |*                                        11
       3.075 |*                                        22
       3.130 |*                                        16
       3.187 |*                                        19
       3.245 |*                                        15
       3.304 |*                                        11
       3.364 |*                                        20
       3.425 |**                                       24
       3.488 |*                                        20
       3.551 |*                                        10
       3.615 |                                         7
       3.681 |*                                        8
       3.748 |*                                        10
       3.816 |*                                        12
       3.885 |                                         7
       3.956 |*                                        14
       4.028 |                                         6
       4.101 |*                                        8
       4.176 |                                         7
       4.252 |                                         5
       4.329 |                                         6
       4.407 |                                         6
       4.487 |                                         7
       4.569 |                                         5
       4.652 |                                         3
       4.737 |                                         6
       4.823 |                                         4
       4.910 |*                                        9
       4.999 |                                         5
       5.090 |                                         4
       5.183 |                                         6
       5.277 |                                         5
       5.373 |                                         4
       5.470 |                                         2
       5.570 |                                         1
       5.671 |                                         3
       5.774 |                                         2
       5.986 |                                         1
       6.318 |                                         1
       6.433 |                                         1
       6.669 |                                         1
       6.790 |                                         1
       6.913 |                                         2
       7.167 |                                         2
       7.297 |                                         2
       7.430 |                                         1
       7.702 |                                         1
       7.842 |                                         1
       7.985 |                                         1
      11.242 |                                         1
      12.301 |                                         2
      14.207 |                                         1
      14.465 |                                         2
      14.995 |                                         1
      15.268 |                                         1
      15.545 |                                         1
      15.828 |                                         1
      16.408 |                                         1
      16.706 |                                         1
      17.633 |                                         1
      17.954 |                                         2
      18.612 |                                         1
 
SQL statistics:
    queries performed:
        read:                            0
        write:                           19737
        other:                           0
        total:                           19737
    transactions:                        19737  (985.96 per sec.)
    queries:                             19737  (985.96 per sec.)
    ignored errors:                      0      (0.00 per sec.)
    reconnects:                          0      (0.00 per sec.)

General statistics:
    total time:                          20.0177s
    total number of events:              19737

Latency (ms):
         min:                                    0.57
         avg:                                    1.14
         max:                                   18.47
         95th percentile:                        1.89
         sum:                                22417.87

Threads fairness:
    events (avg/stddev):           616.7812/5.08
    execution time (avg/stddev):   0.7006/0.02


