sysbench 1.0.20 (using system LuaJIT 2.1.0-beta3)

Running the test with following options:
Number of threads: 32
Target transaction rate: 1000/sec
Initializing random number generator from current time


Initializing worker threads...

Threads started!

Latency histogram (values are in milliseconds)
       value  ------------- distribution ------------- count
       0.536 |                                         1
       0.546 |                                         2
       0.556 |                                         4
       0.566 |                                         3
       0.576 |*                                        15
       0.587 |*                                        14
       0.597 |**                                       37
       0.608 |****                                     57
       0.619 |*****                                    80
       0.630 |******                                   90
       0.642 |*******                                  115
       0.654 |*******                                  111
       0.665 |*********                                143
       0.677 |*********                                151
       0.690 |************                             187
       0.702 |*************                            215
       0.715 |***************                          243
       0.728 |******************                       294
       0.741 |************************                 383
       0.755 |***************************              432
       0.768 |*****************************            463
       0.782 |*******************************          490
       0.797 |**********************************       547
       0.811 |***********************************      568
       0.826 |*************************************    597
       0.841 |************************************     570
       0.856 |*************************************    598
       0.872 |**************************************** 642
       0.888 |**************************************** 634
       0.904 |***********************************      564
       0.920 |**************************************   608
       0.937 |**************************************   604
       0.954 |*************************************    595
       0.971 |*************************************    595
       0.989 |************************************     577
       1.007 |********************************         518
       1.025 |********************************         510
       1.044 |******************************           486
       1.063 |****************************             452
       1.082 |******************************           483
       1.102 |****************************             444
       1.122 |*************************                399
       1.142 |********************                     324
       1.163 |***********************                  374
       1.184 |*********************                    342
       1.205 |***********************                  363
       1.227 |******************                       287
       1.250 |*****************                        280
       1.272 |****************                         251
       1.295 |*****************                        276
       1.319 |**************                           224
       1.343 |*************                            201
       1.367 |*************                            208
       1.392 |**********                               168
       1.417 |**********                               155
       1.443 |********                                 136
       1.469 |********                                 135
       1.496 |*******                                  108
       1.523 |******                                   100
       1.551 |*****                                    85
       1.579 |******                                   90
       1.608 |****                                     68
       1.637 |****                                     72
       1.667 |****                                     61
       1.697 |*****                                    78
       1.728 |****                                     67
       1.759 |****                                     58
       1.791 |***                                      46
       1.824 |**                                       38
       1.857 |**                                       31
       1.891 |**                                       37
       1.925 |**                                       31
       1.960 |**                                       33
       1.996 |*                                        22
       2.032 |**                                       30
       2.069 |**                                       30
       2.106 |*                                        22
       2.145 |*                                        22
       2.184 |*                                        21
       2.223 |**                                       25
       2.264 |*                                        11
       2.305 |*                                        19
       2.347 |*                                        15
       2.389 |*                                        20
       2.433 |*                                        14
       2.477 |*                                        14
       2.522 |*                                        15
       2.568 |*                                        19
       2.615 |*                                        19
       2.662 |*                                        12
       2.710 |*                                        17
       2.760 |*                                        14
       2.810 |                                         8
       2.861 |*                                        16
       2.913 |*                                        15
       2.966 |*                                        22
       3.020 |*                                        15
       3.075 |*                                        15
       3.130 |*                                        17
       3.187 |*                                        16
       3.245 |*                                        15
       3.304 |*                                        18
       3.364 |*                                        19
       3.425 |*                                        12
       3.488 |*                                        21
       3.551 |*                                        18
       3.615 |*                                        14
       3.681 |*                                        9
       3.748 |*                                        10
       3.816 |*                                        12
       3.885 |                                         8
       3.956 |*                                        14
       4.028 |*                                        9
       4.101 |                                         7
       4.176 |                                         8
       4.252 |                                         5
       4.329 |                                         5
       4.407 |                                         6
       4.487 |                                         2
       4.569 |                                         2
       4.652 |                                         3
       4.737 |                                         5
       4.823 |                                         1
       4.910 |                                         1
       5.090 |                                         3
       5.183 |                                         2
       5.277 |                                         1
       5.373 |                                         1
       5.470 |                                         3
       5.570 |                                         2
       5.671 |                                         1
       5.774 |                                         1
       5.879 |                                         1
       5.986 |                                         2
       6.669 |                                         1
       7.039 |                                         1
       7.430 |                                         1
       7.842 |                                         1
       7.985 |                                         2
       8.130 |                                         1
       8.737 |                                         1
       9.910 |                                         1
      12.301 |                                         1
      12.524 |                                         1
      12.752 |                                         1
      13.460 |                                         1
      13.704 |                                         1
      14.207 |                                         1
      14.728 |                                         1
      15.828 |                                         1
      17.010 |                                         1
      18.280 |                                         1
      18.612 |                                         1
      20.736 |                                         1
      23.101 |                                         1
      23.521 |                                         1
      24.384 |                                         1
      24.827 |                                         1
      26.205 |                                         3
      27.659 |                                         2
      28.162 |                                         2
      29.194 |                                         1
      29.725 |                                         1
      31.945 |                                         1
      33.718 |                                         2
      34.954 |                                         1
      35.589 |                                         1
      36.236 |                                         3
      36.894 |                                         1
 
SQL statistics:
    queries performed:
        read:                            0
        write:                           20017
        other:                           0
        total:                           20017
    transactions:                        20017  (1000.01 per sec.)
    queries:                             20017  (1000.01 per sec.)
    ignored errors:                      0      (0.00 per sec.)
    reconnects:                          0      (0.00 per sec.)

General statistics:
    total time:                          20.0163s
    total number of events:              20017

Latency (ms):
         min:                                    0.54
         avg:                                    1.12
         max:                                   37.11
         95th percentile:                        1.76
         sum:                                22342.42

Threads fairness:
    events (avg/stddev):           625.5312/5.55
    execution time (avg/stddev):   0.6982/0.01


