sysbench 1.0.20 (using system LuaJIT 2.1.0-beta3)

Running the test with following options:
Number of threads: 32
Target transaction rate: 1000/sec
Initializing random number generator from current time


Initializing worker threads...

Threads started!

Latency histogram (values are in milliseconds)
       value  ------------- distribution ------------- count
       0.456 |                                         1
       0.464 |*                                        4
       0.473 |                                         2
       0.481 |***                                      11
       0.490 |***                                      11
       0.499 |*****                                    20
       0.508 |****                                     17
       0.517 |******                                   26
       0.527 |*********                                38
       0.536 |********                                 31
       0.546 |**********                               41
       0.556 |**********                               40
       0.566 |***********                              45
       0.576 |**************                           58
       0.587 |***********                              43
       0.597 |**********************                   89
       0.608 |**********************                   87
       0.619 |*************************                102
       0.630 |**************************               105
       0.642 |*********************************        133
       0.654 |**********************************       136
       0.665 |*********************************        133
       0.677 |************************************     143
       0.690 |*****************************            115
       0.702 |***********************************      141
       0.715 |**************************************** 161
       0.728 |*********************************        131
       0.741 |*******************************          126
       0.755 |***********************************      141
       0.768 |************************************     145
       0.782 |*********************************        133
       0.797 |***************************************  157
       0.811 |************************************     143
       0.826 |**********************************       138
       0.841 |***********************************      140
       0.856 |**************************************   154
       0.872 |*************************************    147
       0.888 |**********************************       135
       0.904 |**************************************   152
       0.920 |*******************************          123
       0.937 |**********************************       136
       0.954 |*****************************            117
       0.971 |****************************             112
       0.989 |***************************              110
       1.007 |****************************             113
       1.025 |***********************                  93
       1.044 |***********************                  91
       1.063 |*******************                      78
       1.082 |******************                       74
       1.102 |*******************                      78
       1.122 |********************                     80
       1.142 |***************                          60
       1.163 |***************                          62
       1.184 |****************                         63
       1.205 |*****************                        70
       1.227 |***************                          62
       1.250 |***************                          62
       1.272 |***************                          59
       1.295 |**********                               41
       1.319 |************                             48
       1.343 |***********                              45
       1.367 |***********                              46
       1.392 |********                                 34
       1.417 |********                                 33
       1.443 |**********                               40
       1.469 |*******                                  28
       1.496 |********                                 32
       1.523 |***********                              45
       1.551 |******                                   23
       1.579 |******                                   24
       1.608 |******                                   24
       1.637 |*******                                  30
       1.667 |*****                                    22
       1.697 |*******                                  29
       1.728 |******                                   26
       1.759 |*****                                    21
       1.791 |*****                                    22
       1.824 |*******                                  30
       1.857 |****                                     18
       1.891 |*****                                    22
       1.925 |*****                                    20
       1.960 |*****                                    22
       1.996 |*******                                  29
       2.032 |****                                     18
       2.069 |*****                                    19
       2.106 |*****                                    22
       2.145 |*****                                    21
       2.184 |***                                      13
       2.223 |***                                      14
       2.264 |*****                                    20
       2.305 |****                                     15
       2.347 |****                                     18
       2.389 |*****                                    19
       2.433 |***                                      11
       2.477 |****                                     16
       2.522 |*****                                    20
       2.568 |****                                     15
       2.615 |*****                                    19
       2.662 |***                                      11
       2.710 |***                                      12
       2.760 |*****                                    19
       2.810 |******                                   25
       2.861 |***                                      14
       2.913 |*****                                    19
       2.966 |***                                      14
       3.020 |**                                       10
       3.075 |*****                                    21
       3.130 |***                                      12
       3.187 |******                                   24
       3.245 |******                                   24
       3.304 |****                                     16
       3.364 |****                                     15
       3.425 |****                                     17
       3.488 |*****                                    19
       3.551 |**                                       10
       3.615 |******                                   24
       3.681 |*****                                    20
       3.748 |*****                                    19
       3.816 |***                                      11
       3.885 |****                                     15
       3.956 |***                                      11
       4.028 |***                                      14
       4.101 |****                                     18
       4.176 |****                                     17
       4.252 |***                                      11
       4.329 |*****                                    22
       4.407 |****                                     15
       4.487 |*****                                    21
       4.569 |***                                      11
       4.652 |***                                      13
       4.737 |****                                     15
       4.823 |*****                                    19
       4.910 |****                                     15
       4.999 |****                                     17
       5.090 |**                                       9
       5.183 |*****                                    22
       5.277 |****                                     17
       5.373 |****                                     15
       5.470 |*****                                    22
       5.570 |****                                     17
       5.671 |***                                      14
       5.774 |**                                       10
       5.879 |****                                     18
       5.986 |****                                     18
       6.095 |*******                                  27
       6.205 |*******                                  27
       6.318 |****                                     18
       6.433 |***                                      14
       6.550 |***                                      13
       6.669 |****                                     17
       6.790 |*****                                    19
       6.913 |******                                   23
       7.039 |***                                      13
       7.167 |******                                   26
       7.297 |****                                     15
       7.430 |*****                                    22
       7.565 |*****                                    19
       7.702 |****                                     18
       7.842 |****                                     17
       7.985 |******                                   25
       8.130 |*****                                    21
       8.277 |****                                     18
       8.428 |****                                     16
       8.581 |*****                                    19
       8.737 |****                                     18
       8.895 |*****                                    21
       9.057 |****                                     15
       9.222 |***                                      14
       9.389 |*****                                    22
       9.560 |*******                                  27
       9.734 |****                                     18
       9.910 |****                                     16
      10.090 |***                                      14
      10.274 |*****                                    19
      10.460 |***                                      13
      10.651 |******                                   26
      10.844 |*****                                    21
      11.041 |********                                 32
      11.242 |*****                                    20
      11.446 |******                                   24
      11.654 |*******                                  30
      11.866 |***                                      13
      12.081 |****                                     18
      12.301 |****                                     17
      12.524 |*****                                    20
      12.752 |*******                                  28
      12.984 |******                                   25
      13.219 |*****                                    22
      13.460 |***                                      13
      13.704 |*******                                  27
      13.953 |****                                     15
      14.207 |*******                                  28
      14.465 |********                                 32
      14.728 |*******                                  29
      14.995 |******                                   23
      15.268 |******                                   26
      15.545 |******                                   26
      15.828 |*********                                38
      16.115 |********                                 34
      16.408 |*******                                  30
      16.706 |*******                                  27
      17.010 |*****                                    22
      17.319 |*********                                38
      17.633 |*********                                35
      17.954 |**********                               40
      18.280 |********                                 33
      18.612 |********                                 31
      18.950 |*******                                  27
      19.295 |*****                                    20
      19.645 |***********                              46
      20.002 |*******                                  28
      20.366 |*********                                36
      20.736 |*******                                  27
      21.112 |**********                               40
      21.496 |********                                 31
      21.886 |*********                                36
      22.284 |***********                              43
      22.689 |*********                                35
      23.101 |**********                               40
      23.521 |*************                            53
      23.948 |*********                                37
      24.384 |********                                 32
      24.827 |******                                   24
      25.278 |********                                 33
      25.737 |***********                              44
      26.205 |*********                                36
      26.681 |*********                                36
      27.165 |***********                              45
      27.659 |**********                               39
      28.162 |*********                                38
      28.673 |************                             48
      29.194 |***********                              45
      29.725 |***********                              44
      30.265 |************                             49
      30.815 |**************                           56
      31.375 |***********                              43
      31.945 |*********                                37
      32.525 |***********                              44
      33.116 |************                             47
      33.718 |*************                            52
      34.330 |*************                            52
      34.954 |****************                         63
      35.589 |************                             48
      36.236 |***********                              43
      36.894 |***********                              45
      37.565 |**************                           56
      38.247 |**********                               39
      38.942 |*************                            54
      39.650 |**************                           56
      40.370 |************                             50
      41.104 |***********                              46
      41.851 |************                             47
      42.611 |************                             48
      43.385 |***************                          62
      44.173 |**************                           56
      44.976 |***************                          62
      45.793 |*************                            53
      46.625 |***************                          60
      47.472 |*****************                        68
      48.335 |****************                         65
      49.213 |****************                         64
      50.107 |*************                            53
      51.018 |**************                           57
      51.945 |*****************                        68
      52.889 |***************                          61
      53.850 |*************                            54
      54.828 |*****************                        68
      55.824 |********************                     79
      56.839 |*****************                        70
      57.871 |**********************                   87
      58.923 |********************                     80
      59.993 |****************                         64
      61.083 |****************                         65
      62.193 |********************                     79
      63.323 |*******************                      78
      64.474 |******************                       73
      65.645 |***********************                  94
      66.838 |***********************                  93
      68.053 |********************                     82
      69.289 |*********************                    85
      70.548 |********************                     82
      71.830 |**********************                   89
      73.135 |*********************                    86
      74.464 |**********************                   89
      75.817 |*****************************            116
      77.194 |**********************                   87
      78.597 |***********************                  92
      80.025 |*********************                    86
      81.479 |*********************                    86
      82.959 |*************************                99
      84.467 |*********************                    84
      86.002 |*******************                      78
      87.564 |*************************                100
      89.155 |****************************             112
      90.775 |**********************                   87
      92.424 |*********************                    83
      94.104 |***********************                  93
      95.814 |*********************                    83
      97.555 |********************                     82
      99.327 |*****************************            117
     101.132 |*************************                102
     102.969 |************************                 98
     104.840 |***********************                  93
     106.745 |*********************                    86
     108.685 |**************************               103
     110.659 |****************************             114
     112.670 |*************************                101
     114.717 |*************************                100
     116.802 |**************************               104
     118.924 |************************                 95
     121.085 |************************                 98
     123.285 |*************************                100
     125.525 |****************************             114
     127.805 |***********************                  92
     130.128 |***************************              107
     132.492 |************************                 96
     134.899 |*******************                      77
     137.350 |*********************                    83
     139.846 |*************************                99
     142.387 |***********************                  91
     144.974 |***********************                  91
     147.608 |***************                          62
     150.290 |******************                       71
     153.021 |************************                 96
     155.801 |*********************                    83
     158.632 |************************                 95
     161.514 |**********************                   88
     164.449 |*******************                      78
     167.437 |********************                     82
     170.479 |*********************                    83
     173.577 |*******************                      78
     176.731 |*********************                    86
     179.942 |*********************                    86
     183.211 |*******************                      75
     186.540 |********************                     79
     189.929 |*******************                      78
     193.380 |*****************                        67
     196.894 |********************                     79
     200.472 |****************                         65
     204.114 |*****************                        69
     207.823 |**********************                   89
     211.599 |****************                         65
     215.443 |********************                     82
     219.358 |*********************                    83
     223.344 |*************                            51
     227.402 |*************                            54
     231.534 |****************                         66
     235.740 |**************                           55
     240.024 |****************                         64
     244.385 |******************                       74
     248.825 |*****************                        67
     253.346 |*********                                35
     257.950 |**************                           55
     262.636 |*****************                        67
     267.408 |****************                         63
     272.267 |**********                               40
     277.214 |***********                              44
     282.251 |*****************                        67
     287.379 |************                             47
     292.601 |*****************                        67
     297.917 |***************                          60
     303.330 |*************                            53
     308.842 |***********                              45
     314.453 |************                             47
     320.167 |***************                          60
     325.984 |*************                            51
     331.907 |*********                                38
     337.938 |*******                                  30
     344.078 |**********                               41
     350.330 |********                                 33
     356.695 |***********                              44
     363.176 |********                                 33
     369.775 |**********                               39
     376.494 |*******                                  29
     383.334 |*******                                  29
     390.299 |******                                   25
     397.391 |********                                 33
     404.611 |******                                   24
     411.963 |***********                              43
     419.448 |********                                 34
     427.069 |********                                 34
     434.829 |*********                                38
     442.730 |******                                   26
     450.774 |******                                   24
     458.964 |*******                                  28
     467.304 |**                                       10
     475.794 |****                                     15
     484.439 |***                                      12
     493.242 |**                                       10
     502.204 |***                                      13
     511.328 |**                                       10
     520.619 |***                                      12
     530.078 |***                                      11
     539.710 |****                                     17
     549.516 |***                                      13
     559.501 |***                                      14
     569.667 |*                                        6
     580.017 |***                                      12
     590.556 |*****                                    20
     601.286 |***                                      11
     612.211 |**                                       7
     623.335 |                                         1
     634.661 |                                         1
     646.192 |*                                        3
     657.933 |                                         2
 
SQL statistics:
    queries performed:
        read:                            0
        write:                           19980
        other:                           0
        total:                           19980
    transactions:                        19980  (998.20 per sec.)
    queries:                             19980  (998.20 per sec.)
    ignored errors:                      0      (0.00 per sec.)
    reconnects:                          0      (0.00 per sec.)

General statistics:
    total time:                          20.0157s
    total number of events:              19980

Latency (ms):
         min:                                    0.46
         avg:                                   80.41
         max:                                  654.86
         95th percentile:                      308.84
         sum:                              1606525.45

Threads fairness:
    events (avg/stddev):           624.3750/6.84
    execution time (avg/stddev):   50.2039/0.76


