sysbench 1.0.20 (using system LuaJIT 2.1.0-beta3)

Running the test with following options:
Number of threads: 32
Target transaction rate: 1000/sec
Initializing random number generator from current time


Initializing worker threads...

Threads started!

Latency histogram (values are in milliseconds)
       value  ------------- distribution ------------- count
       0.473 |                                         1
       0.481 |                                         2
       0.490 |*                                        5
       0.499 |*                                        4
       0.508 |***                                      15
       0.517 |***                                      15
       0.527 |*****                                    24
       0.536 |******                                   28
       0.546 |********                                 36
       0.556 |*****                                    24
       0.566 |**********                               44
       0.576 |*********                                38
       0.587 |**********                               42
       0.597 |*************                            57
       0.608 |******************                       78
       0.619 |*****************                        74
       0.630 |*********************                    94
       0.642 |************************                 106
       0.654 |***************************              117
       0.665 |*********************************        143
       0.677 |*******************************          134
       0.690 |**********************************       147
       0.702 |**********************************       149
       0.715 |*************************************    164
       0.728 |**************************************** 175
       0.741 |************************************     159
       0.755 |*********************************        145
       0.768 |***********************************      155
       0.782 |********************************         141
       0.797 |************************************     159
       0.811 |***********************************      153
       0.826 |************************************     157
       0.841 |************************************     158
       0.856 |*********************************        146
       0.872 |*********************************        146
       0.888 |*************************************    163
       0.904 |*********************************        145
       0.920 |********************************         139
       0.937 |***********************************      153
       0.954 |**************************************   166
       0.971 |*********************************        145
       0.989 |******************************           131
       1.007 |***************************              120
       1.025 |*******************************          137
       1.044 |*************************                108
       1.063 |*************************                109
       1.082 |**************************               112
       1.102 |**********************                   96
       1.122 |**********************                   98
       1.142 |**********************                   96
       1.163 |********************                     86
       1.184 |********************                     86
       1.205 |******************                       80
       1.227 |*****************                        76
       1.250 |******************                       78
       1.272 |*************                            58
       1.295 |*************                            58
       1.319 |***************                          65
       1.343 |************                             53
       1.367 |*****************                        73
       1.392 |*****************                        73
       1.417 |************                             51
       1.443 |*************                            59
       1.469 |**********                               43
       1.496 |********                                 34
       1.523 |*********                                40
       1.551 |***********                              47
       1.579 |*******                                  32
       1.608 |*********                                40
       1.637 |*********                                38
       1.667 |**********                               42
       1.697 |********                                 35
       1.728 |***********                              50
       1.759 |*******                                  31
       1.791 |***********                              47
       1.824 |***********                              50
       1.857 |********                                 36
       1.891 |*********                                41
       1.925 |********                                 34
       1.960 |********                                 36
       1.996 |********                                 35
       2.032 |***********                              46
       2.069 |********                                 35
       2.106 |**********                               42
       2.145 |********                                 35
       2.184 |*********                                38
       2.223 |**********                               42
       2.264 |*********                                39
       2.305 |*******                                  31
       2.347 |*******                                  32
       2.389 |**********                               43
       2.433 |********                                 36
       2.477 |********                                 35
       2.522 |*********                                38
       2.568 |******                                   26
       2.615 |********                                 36
       2.662 |******                                   25
       2.710 |********                                 37
       2.760 |*********                                38
       2.810 |*******                                  30
       2.861 |**********                               42
       2.913 |********                                 36
       2.966 |**********                               42
       3.020 |*********                                40
       3.075 |*****                                    24
       3.130 |*********                                39
       3.187 |*********                                39
       3.245 |*******                                  32
       3.304 |********                                 36
       3.364 |*******                                  29
       3.425 |**********                               42
       3.488 |*********                                38
       3.551 |******                                   27
       3.615 |********                                 33
       3.681 |*********                                38
       3.748 |*********                                38
       3.816 |********                                 37
       3.885 |********                                 34
       3.956 |*********                                39
       4.028 |*********                                40
       4.101 |*********                                39
       4.176 |*******                                  32
       4.252 |********                                 35
       4.329 |*********                                39
       4.407 |********                                 37
       4.487 |******                                   26
       4.569 |*********                                39
       4.652 |******                                   25
       4.737 |*********                                39
       4.823 |*******                                  31
       4.910 |*****                                    22
       4.999 |*****                                    23
       5.090 |******                                   27
       5.183 |******                                   26
       5.277 |*******                                  30
       5.373 |********                                 33
       5.470 |******                                   26
       5.570 |******                                   26
       5.671 |******                                   28
       5.774 |*******                                  31
       5.879 |******                                   27
       5.986 |******                                   26
       6.095 |******                                   26
       6.205 |******                                   25
       6.318 |********                                 35
       6.433 |*******                                  29
       6.550 |********                                 35
       6.669 |******                                   28
       6.790 |*******                                  31
       6.913 |******                                   26
       7.039 |******                                   28
       7.167 |*******                                  31
       7.297 |******                                   26
       7.430 |********                                 35
       7.565 |*****                                    22
       7.702 |*****                                    23
       7.842 |******                                   25
       7.985 |*****                                    22
       8.130 |*********                                41
       8.277 |******                                   28
       8.428 |******                                   28
       8.581 |******                                   28
       8.737 |******                                   25
       8.895 |********                                 34
       9.057 |*******                                  31
       9.222 |*********                                40
       9.389 |******                                   27
       9.560 |********                                 36
       9.734 |*******                                  32
       9.910 |*******                                  29
      10.090 |********                                 33
      10.274 |********                                 35
      10.460 |******                                   25
      10.651 |*********                                38
      10.844 |********                                 36
      11.041 |********                                 35
      11.242 |********                                 34
      11.446 |****                                     19
      11.654 |*****                                    24
      11.866 |******                                   28
      12.081 |********                                 33
      12.301 |******                                   26
      12.524 |********                                 37
      12.752 |********                                 35
      12.984 |********                                 33
      13.219 |*********                                38
      13.460 |********                                 36
      13.704 |*******                                  31
      13.953 |********                                 34
      14.207 |******                                   28
      14.465 |*******                                  29
      14.728 |*********                                39
      14.995 |*******                                  30
      15.268 |*******                                  30
      15.545 |********                                 35
      15.828 |********                                 34
      16.115 |********                                 35
      16.408 |*********                                38
      16.706 |********                                 37
      17.010 |**********                               44
      17.319 |*********                                41
      17.633 |**********                               42
      17.954 |******                                   28
      18.280 |********                                 34
      18.612 |********                                 33
      18.950 |************                             54
      19.295 |*********                                38
      19.645 |******                                   28
      20.002 |******                                   27
      20.366 |**********                               42
      20.736 |************                             51
      21.112 |*************                            55
      21.496 |**********                               42
      21.886 |*********                                39
      22.284 |*********                                40
      22.689 |********                                 35
      23.101 |**********                               45
      23.521 |**********                               43
      23.948 |********                                 36
      24.384 |***********                              47
      24.827 |*************                            56
      25.278 |**************                           61
      25.737 |**********                               42
      26.205 |*********                                40
      26.681 |*************                            59
      27.165 |************                             54
      27.659 |************                             51
      28.162 |***********                              49
      28.673 |***********                              48
      29.194 |*************                            55
      29.725 |**********                               43
      30.265 |************                             54
      30.815 |**************                           62
      31.375 |************                             52
      31.945 |***********                              47
      32.525 |*************                            57
      33.116 |***********                              49
      33.718 |***********                              50
      34.330 |**************                           62
      34.954 |**********                               44
      35.589 |***********                              46
      36.236 |*************                            57
      36.894 |*************                            57
      37.565 |***************                          65
      38.247 |***************                          66
      38.942 |**************                           61
      39.650 |*************                            57
      40.370 |*************                            56
      41.104 |*************                            56
      41.851 |**************                           62
      42.611 |************                             54
      43.385 |****************                         70
      44.173 |*************                            59
      44.976 |*************                            58
      45.793 |***************                          65
      46.625 |***************                          64
      47.472 |*************                            57
      48.335 |*************                            58
      49.213 |*************                            55
      50.107 |***************                          66
      51.018 |****************                         71
      51.945 |*******************                      81
      52.889 |****************                         70
      53.850 |************                             54
      54.828 |*****************                        74
      55.824 |***********                              49
      56.839 |****************                         69
      57.871 |*****************                        75
      58.923 |************                             53
      59.993 |***************                          65
      61.083 |*************                            59
      62.193 |*************                            55
      63.323 |*************                            58
      64.474 |***************                          65
      65.645 |*****************                        73
      66.838 |********************                     88
      68.053 |****************                         69
      69.289 |*******************                      81
      70.548 |*****************                        75
      71.830 |****************                         68
      73.135 |***************                          66
      74.464 |*******************                      82
      75.817 |********************                     86
      77.194 |*******************                      82
      78.597 |******************                       77
      80.025 |*****************                        76
      81.479 |***********************                  102
      82.959 |******************                       80
      84.467 |********************                     86
      86.002 |*********************                    90
      87.564 |*******************                      83
      89.155 |*****************                        75
      90.775 |*******************                      83
      92.424 |*****************                        75
      94.104 |*************                            58
      95.814 |******************                       78
      97.555 |**************                           62
      99.327 |********************                     88
     101.132 |******************                       80
     102.969 |*******************                      85
     104.840 |***************                          65
     106.745 |**************                           61
     108.685 |******************                       78
     110.659 |****************                         69
     112.670 |***************                          64
     114.717 |*****************                        74
     116.802 |*******************                      82
     118.924 |*********************                    91
     121.085 |****************                         71
     123.285 |********************                     88
     125.525 |*****************                        75
     127.805 |*****************                        76
     130.128 |*******************                      82
     132.492 |*********************                    90
     134.899 |***************                          67
     137.350 |*******************                      84
     139.846 |******************                       78
     142.387 |****************                         69
     144.974 |**************                           60
     147.608 |**************                           62
     150.290 |*************                            55
     153.021 |****************                         71
     155.801 |***********                              49
     158.632 |***********                              46
     161.514 |**************                           60
     164.449 |************                             54
     167.437 |**************                           61
     170.479 |**************                           60
     173.577 |***************                          66
     176.731 |***************                          64
     179.942 |***********                              49
     183.211 |**********                               42
     186.540 |*********                                40
     189.929 |********                                 33
     193.380 |******                                   25
     196.894 |*******                                  30
     200.472 |******                                   28
     204.114 |*****                                    20
     207.823 |*******                                  29
     211.599 |********                                 36
     215.443 |*******                                  29
     219.358 |******                                   26
     223.344 |*********                                40
     227.402 |********                                 35
     231.534 |******                                   25
     235.740 |****                                     19
     240.024 |******                                   26
     244.385 |******                                   25
     248.825 |*****                                    20
     253.346 |*****                                    23
     257.950 |*****                                    24
     262.636 |******                                   25
     267.408 |***                                      11
     272.267 |*****                                    21
     277.214 |***                                      12
     282.251 |****                                     18
     287.379 |****                                     16
     292.601 |*****                                    21
     297.917 |**                                       10
     303.330 |*****                                    21
     308.842 |*****                                    21
     314.453 |******                                   27
     320.167 |*****                                    23
     325.984 |******                                   25
     331.907 |*****                                    22
     337.938 |***                                      12
     344.078 |***                                      14
     350.330 |***                                      12
     356.695 |**                                       8
     363.176 |*                                        4
     369.775 |*                                        5
     376.494 |*                                        6
     383.334 |*                                        5
     390.299 |**                                       8
     397.391 |*                                        6
     404.611 |*                                        5
     411.963 |***                                      13
     419.448 |*                                        6
     427.069 |*                                        5
     434.829 |***                                      11
     442.730 |**                                       10
     450.774 |**                                       10
     458.964 |**                                       9
     467.304 |***                                      11
     475.794 |**                                       8
     484.439 |***                                      14
     493.242 |***                                      13
     502.204 |****                                     18
     511.328 |***                                      14
     520.619 |***                                      11
     530.078 |**                                       9
     539.710 |**                                       7
     549.516 |***                                      11
     559.501 |***                                      12
     569.667 |**                                       8
     580.017 |**                                       8
     590.556 |*                                        6
 
SQL statistics:
    queries performed:
        read:                            0
        write:                           19889
        other:                           0
        total:                           19889
    transactions:                        19889  (993.68 per sec.)
    queries:                             19889  (993.68 per sec.)
    ignored errors:                      0      (0.00 per sec.)
    reconnects:                          0      (0.00 per sec.)

General statistics:
    total time:                          20.0152s
    total number of events:              19889

Latency (ms):
         min:                                    0.47
         avg:                                   49.57
         max:                                  592.42
         95th percentile:                      196.89
         sum:                               985919.07

Threads fairness:
    events (avg/stddev):           621.5312/6.23
    execution time (avg/stddev):   30.8100/0.40


