sysbench 1.0.20 (using system LuaJIT 2.1.0-beta3)

Running the test with following options:
Number of threads: 32
Target transaction rate: 300/sec
Initializing random number generator from current time


Initializing worker threads...

Threads started!

Latency histogram (values are in milliseconds)
       value  ------------- distribution ------------- count
       2.305 |                                         1
       2.347 |                                         6
       2.389 |**                                       23
       2.433 |***                                      40
       2.477 |*******                                  92
       2.522 |********                                 103
       2.568 |************                             165
       2.615 |*************                            174
       2.662 |*************                            177
       2.710 |*************                            176
       2.760 |*************                            181
       2.810 |*************                            178
       2.861 |***************                          202
       2.913 |*****************                        226
       2.966 |*********************                    288
       3.020 |*******************************          414
       3.075 |*******************************          422
       3.130 |*************************************    501
       3.187 |************************************     486
       3.245 |**************************************** 541
       3.304 |***************************************  521
       3.364 |************************************     482
       3.425 |*************************************    496
       3.488 |******************************           407
       3.551 |************************                 330
       3.615 |**********************                   302
       3.681 |******************                       238
       3.748 |***************                          199
       3.816 |*************                            179
       3.885 |**********                               132
       3.956 |***********                              149
       4.028 |********                                 114
       4.101 |*******                                  90
       4.176 |******                                   87
       4.252 |******                                   80
       4.329 |*****                                    66
       4.407 |****                                     59
       4.487 |*****                                    66
       4.569 |****                                     60
       4.652 |****                                     49
       4.737 |**                                       33
       4.823 |****                                     51
       4.910 |***                                      42
       4.999 |**                                       30
       5.090 |***                                      34
       5.183 |***                                      38
       5.277 |***                                      41
       5.373 |**                                       27
       5.470 |**                                       30
       5.570 |**                                       26
       5.671 |*                                        14
       5.774 |**                                       22
       5.879 |**                                       28
       5.986 |*                                        12
       6.095 |*                                        17
       6.205 |*                                        11
       6.318 |*                                        19
       6.433 |*                                        19
       6.550 |*                                        8
       6.669 |                                         6
       6.790 |*                                        8
       6.913 |*                                        7
       7.039 |                                         6
       7.167 |                                         5
       7.297 |                                         1
       7.565 |                                         5
       7.702 |                                         6
       7.842 |                                         4
       7.985 |                                         2
       8.130 |                                         1
       8.277 |                                         2
       8.428 |                                         2
       8.737 |                                         1
       8.895 |                                         1
       9.057 |                                         2
       9.389 |                                         1
       9.734 |                                         1
       9.910 |                                         1
      10.090 |                                         1
      11.446 |                                         1
 
SQL statistics:
    queries performed:
        read:                            126952
        write:                           0
        other:                           18136
        total:                           145088
    transactions:                        9068   (302.04 per sec.)
    queries:                             145088 (4832.71 per sec.)
    ignored errors:                      0      (0.00 per sec.)
    reconnects:                          0      (0.00 per sec.)

General statistics:
    total time:                          30.0217s
    total number of events:              9068

Latency (ms):
         min:                                    2.32
         avg:                                    3.44
         max:                                   11.44
         95th percentile:                        4.91
         sum:                                31196.12

Threads fairness:
    events (avg/stddev):           283.3750/1.96
    execution time (avg/stddev):   0.9749/0.01


