sysbench 1.0.20 (using system LuaJIT 2.1.0-beta3)

Running the test with following options:
Number of threads: 32
Target transaction rate: 3000/sec
Initializing random number generator from current time


Initializing worker threads...

Threads started!

Latency histogram (values are in milliseconds)
       value  ------------- distribution ------------- count
       0.116 |                                         1
       0.118 |                                         2
       0.120 |                                         2
       0.122 |                                         8
       0.125 |                                         4
       0.127 |                                         19
       0.129 |                                         41
       0.132 |*                                        56
       0.134 |*                                        126
       0.136 |***                                      328
       0.139 |******                                   633
       0.141 |*********                                958
       0.144 |***********                              1277
       0.147 |*************                            1502
       0.149 |**************                           1537
       0.152 |***************                          1707
       0.155 |******************                       1993
       0.158 |********************                     2189
       0.160 |*******************                      2114
       0.163 |****************                         1748
       0.166 |**************                           1595
       0.169 |****************                         1826
       0.172 |************************                 2659
       0.176 |**********************************       3762
       0.179 |***************************************  4386
       0.182 |**************************************** 4474
       0.185 |***********************************      3907
       0.189 |****************************             3147
       0.192 |************************                 2657
       0.196 |********************                     2193
       0.199 |****************                         1770
       0.203 |************                             1363
       0.206 |*********                                1050
       0.210 |********                                 873
       0.214 |******                                   713
       0.218 |*****                                    572
       0.222 |****                                     481
       0.226 |***                                      342
       0.230 |***                                      319
       0.234 |***                                      292
       0.238 |**                                       211
       0.243 |**                                       230
       0.247 |**                                       181
       0.252 |**                                       182
       0.256 |*                                        136
       0.261 |*                                        112
       0.266 |*                                        133
       0.270 |*                                        136
       0.275 |*                                        128
       0.280 |*                                        114
       0.285 |*                                        109
       0.291 |*                                        116
       0.296 |*                                        113
       0.301 |*                                        104
       0.307 |*                                        108
       0.312 |*                                        94
       0.318 |*                                        94
       0.324 |*                                        94
       0.330 |*                                        77
       0.336 |*                                        69
       0.342 |*                                        79
       0.348 |*                                        75
       0.354 |*                                        99
       0.361 |*                                        103
       0.367 |*                                        119
       0.374 |*                                        154
       0.381 |*                                        160
       0.388 |*                                        160
       0.395 |**                                       191
       0.402 |**                                       194
       0.409 |*                                        164
       0.417 |*                                        153
       0.424 |*                                        122
       0.432 |*                                        110
       0.440 |*                                        103
       0.448 |*                                        78
       0.456 |*                                        71
       0.464 |*                                        61
       0.473 |                                         38
       0.481 |                                         29
       0.490 |                                         40
       0.499 |                                         27
       0.508 |                                         30
       0.517 |                                         20
       0.527 |                                         18
       0.536 |                                         16
       0.546 |                                         13
       0.556 |                                         13
       0.566 |                                         6
       0.576 |                                         12
       0.587 |                                         8
       0.597 |                                         6
       0.608 |                                         6
       0.619 |                                         9
       0.630 |                                         5
       0.642 |                                         5
       0.654 |                                         3
       0.665 |                                         2
       0.677 |                                         4
       0.690 |                                         3
       0.702 |                                         5
       0.715 |                                         1
       0.755 |                                         1
       0.782 |                                         1
       0.797 |                                         1
       0.856 |                                         4
       0.872 |                                         2
       0.888 |                                         1
       0.937 |                                         1
       1.007 |                                         1
       1.082 |                                         1
       1.122 |                                         1
       1.142 |                                         2
       1.184 |                                         2
       1.205 |                                         1
       1.250 |                                         1
       1.367 |                                         1
       1.469 |                                         1
       1.496 |                                         1
       1.551 |                                         1
       2.032 |                                         1
       2.106 |                                         2
       2.184 |                                         1
       2.264 |                                         1
       2.347 |                                         1
       2.389 |                                         2
       2.433 |                                         1
       2.913 |                                         1
       3.020 |                                         1
       3.130 |                                         2
       3.364 |                                         1
 
SQL statistics:
    queries performed:
        read:                            59720
        write:                           0
        other:                           0
        total:                           59720
    transactions:                        59720  (2983.74 per sec.)
    queries:                             59720  (2983.74 per sec.)
    ignored errors:                      0      (0.00 per sec.)
    reconnects:                          0      (0.00 per sec.)

General statistics:
    total time:                          20.0148s
    total number of events:              59720

Latency (ms):
         min:                                    0.12
         avg:                                    0.19
         max:                                    3.34
         95th percentile:                        0.31
         sum:                                11458.54

Threads fairness:
    events (avg/stddev):           1866.2500/15.73
    execution time (avg/stddev):   0.3581/0.00


