sysbench 1.0.20 (using system LuaJIT 2.1.0-beta3)

Running the test with following options:
Number of threads: 32
Target transaction rate: 200/sec
Initializing random number generator from current time


Initializing worker threads...

Threads started!

Latency histogram (values are in milliseconds)
       value  ------------- distribution ------------- count
       3.488 |*                                        4
       3.551 |*                                        6
       3.615 |***                                      19
       3.681 |*******                                  41
       3.748 |*********                                51
       3.816 |**************                           76
       3.885 |******************                       103
       3.956 |****************                         91
       4.028 |*********************                    119
       4.101 |*******************                      105
       4.176 |**********************                   125
       4.252 |***************************              152
       4.329 |**********************************       193
       4.407 |************************************     205
       4.487 |*********************************        188
       4.569 |***************************************  222
       4.652 |**************************************** 224
       4.737 |************************************     202
       4.823 |**************************************** 225
       4.910 |***********************************      197
       4.999 |**********************************       193
       5.090 |******************************           171
       5.183 |*******************************          174
       5.277 |*************************                141
       5.373 |******************                       102
       5.470 |*****************                        98
       5.570 |**************                           78
       5.671 |****************                         92
       5.774 |**************                           76
       5.879 |*********                                49
       5.986 |*******                                  42
       6.095 |*******                                  40
       6.205 |******                                   36
       6.318 |******                                   34
       6.433 |*****                                    26
       6.550 |**                                       11
       6.669 |**                                       13
       6.790 |**                                       11
       6.913 |**                                       9
       7.039 |**                                       12
       7.167 |*                                        6
       7.297 |*                                        8
       7.430 |*                                        4
       7.565 |*                                        4
       7.702 |*                                        5
       7.842 |*                                        3
       7.985 |*                                        5
       8.130 |*                                        5
       8.277 |*                                        5
       8.428 |*                                        3
       8.581 |                                         2
       8.737 |                                         2
       9.057 |                                         2
       9.222 |                                         1
       9.389 |                                         1
       9.560 |*                                        4
       9.734 |                                         1
       9.910 |                                         1
      10.090 |*                                        3
      10.274 |                                         1
      10.460 |                                         1
      12.524 |                                         1
      12.752 |                                         1
      13.219 |                                         1
      13.953 |                                         1
      15.268 |                                         1
      15.545 |                                         1
      17.010 |                                         1
      20.366 |                                         1
      21.886 |                                         1
      28.673 |                                         1
      29.194 |                                         1
      33.718 |                                         1
      34.954 |                                         1
 
SQL statistics:
    queries performed:
        read:                            56504
        write:                           16144
        other:                           8072
        total:                           80720
    transactions:                        4036   (201.57 per sec.)
    queries:                             80720  (4031.47 per sec.)
    ignored errors:                      0      (0.00 per sec.)
    reconnects:                          0      (0.00 per sec.)

General statistics:
    total time:                          20.0221s
    total number of events:              4036

Latency (ms):
         min:                                    3.47
         avg:                                    4.90
         max:                                   34.92
         95th percentile:                        6.21
         sum:                                19771.52

Threads fairness:
    events (avg/stddev):           126.1250/0.78
    execution time (avg/stddev):   0.6179/0.02


