sysbench 1.0.20 (using system LuaJIT 2.1.0-beta3)

Running the test with following options:
Number of threads: 32
Target transaction rate: 200/sec
Initializing random number generator from current time


Initializing worker threads...

Threads started!

Latency histogram (values are in milliseconds)
       value  ------------- distribution ------------- count
       3.488 |                                         1
       3.551 |*                                        3
       3.615 |**                                       10
       3.681 |****                                     19
       3.748 |*******                                  36
       3.816 |**************                           70
       3.885 |***************                          77
       3.956 |******************                       91
       4.028 |********************                     99
       4.101 |*********************                    108
       4.176 |*************************                128
       4.252 |*********************************        168
       4.329 |********************************         164
       4.407 |*********************************        166
       4.487 |**************************************** 203
       4.569 |**************************************   194
       4.652 |**************************************   194
       4.737 |**************************************** 203
       4.823 |**********************************       174
       4.910 |**************************************   195
       4.999 |************************************     185
       5.090 |**********************************       171
       5.183 |**************************************   191
       5.277 |*******************************          159
       5.373 |***********************                  119
       5.470 |*************************                126
       5.570 |********************                     99
       5.671 |*******************                      98
       5.774 |***************                          78
       5.879 |***************                          77
       5.986 |*************                            66
       6.095 |***********                              58
       6.205 |**********                               50
       6.318 |******                                   28
       6.433 |******                                   30
       6.550 |*****                                    23
       6.669 |******                                   28
       6.790 |*******                                  34
       6.913 |***                                      17
       7.039 |**                                       11
       7.167 |***                                      16
       7.297 |**                                       12
       7.430 |***                                      14
       7.565 |**                                       8
       7.702 |*                                        5
       7.842 |**                                       9
       7.985 |*                                        6
       8.130 |*                                        6
       8.277 |                                         2
       8.428 |*                                        6
       8.581 |*                                        6
       8.737 |*                                        3
       8.895 |*                                        3
       9.057 |*                                        4
       9.222 |*                                        4
       9.389 |                                         1
       9.560 |                                         2
       9.734 |                                         1
      10.090 |                                         1
      10.274 |                                         2
      10.460 |                                         1
      10.651 |                                         1
      10.844 |                                         1
      11.446 |                                         1
      12.301 |                                         1
      13.704 |                                         1
      17.010 |                                         1
      17.954 |                                         1
      18.950 |                                         2
      21.112 |                                         1
      21.496 |                                         1
      22.284 |                                         1
      23.101 |                                         2
      29.725 |                                         1
 
SQL statistics:
    queries performed:
        read:                            57092
        write:                           16312
        other:                           8156
        total:                           81560
    transactions:                        4078   (203.53 per sec.)
    queries:                             81560  (4070.68 per sec.)
    ignored errors:                      0      (0.00 per sec.)
    reconnects:                          0      (0.00 per sec.)

General statistics:
    total time:                          20.0356s
    total number of events:              4078

Latency (ms):
         min:                                    3.51
         avg:                                    5.03
         max:                                   29.58
         95th percentile:                        6.67
         sum:                                20495.59

Threads fairness:
    events (avg/stddev):           127.4375/1.17
    execution time (avg/stddev):   0.6405/0.01


