sysbench 1.0.20 (using system LuaJIT 2.1.0-beta3)

Running the test with following options:
Number of threads: 32
Target transaction rate: 300/sec
Initializing random number generator from current time


Initializing worker threads...

Threads started!

Latency histogram (values are in milliseconds)
       value  ------------- distribution ------------- count
       1.319 |                                         4
       1.343 |*                                        17
       1.367 |***                                      35
       1.392 |*******                                  103
       1.417 |****************                         216
       1.443 |*************************                342
       1.469 |********************************         450
       1.496 |**********************************       475
       1.523 |****************************             386
       1.551 |***********************                  320
       1.579 |*******************                      258
       1.608 |*****************                        232
       1.637 |****************                         223
       1.667 |******************                       246
       1.697 |*****************                        239
       1.728 |*********************                    288
       1.759 |***************************              372
       1.791 |************************************     497
       1.824 |**************************************** 556
       1.857 |***************************************  538
       1.891 |**********************************       467
       1.925 |****************************             386
       1.960 |*************************                345
       1.996 |*************************                341
       2.032 |*********************                    298
       2.069 |******************                       255
       2.106 |******************                       246
       2.145 |**************                           194
       2.184 |************                             164
       2.223 |**********                               134
       2.264 |******                                   90
       2.305 |*****                                    68
       2.347 |***                                      39
       2.389 |**                                       34
       2.433 |**                                       27
       2.477 |*                                        14
       2.522 |*                                        7
       2.568 |*                                        11
       2.615 |                                         4
       2.710 |                                         2
       2.760 |                                         4
       2.810 |                                         2
       2.966 |                                         1
       3.075 |                                         1
       3.187 |                                         1
       3.488 |                                         2
       3.615 |                                         1
 
SQL statistics:
    queries performed:
        read:                            125090
        write:                           0
        other:                           17870
        total:                           142960
    transactions:                        8935   (297.64 per sec.)
    queries:                             142960 (4762.26 per sec.)
    ignored errors:                      0      (0.00 per sec.)
    reconnects:                          0      (0.00 per sec.)

General statistics:
    total time:                          30.0182s
    total number of events:              8935

Latency (ms):
         min:                                    1.31
         avg:                                    1.78
         max:                                    3.62
         95th percentile:                        2.18
         sum:                                15931.70

Threads fairness:
    events (avg/stddev):           279.2188/1.62
    execution time (avg/stddev):   0.4979/0.01


