sysbench 1.0.20 (using system LuaJIT 2.1.0-beta3)

Running the test with following options:
Number of threads: 32
Target transaction rate: 200/sec
Initializing random number generator from current time


Initializing worker threads...

Threads started!

Latency histogram (values are in milliseconds)
       value  ------------- distribution ------------- count
       3.425 |                                         1
       3.488 |                                         2
       3.551 |*                                        4
       3.615 |*                                        10
       3.681 |*****                                    34
       3.748 |******                                   44
       3.816 |********                                 54
       3.885 |**********                               69
       3.956 |*************                            92
       4.028 |***************                          106
       4.101 |*****************                        120
       4.176 |*********************                    145
       4.252 |*************************                174
       4.329 |*****************************            206
       4.407 |****************************             198
       4.487 |***********************************      245
       4.569 |**************************************   266
       4.652 |*************************************    261
       4.737 |**********************************       240
       4.823 |**************************************** 278
       4.910 |**************************************** 280
       4.999 |***********************************      245
       5.090 |**********************************       237
       5.183 |***********************************      242
       5.277 |****************************             199
       5.373 |****************************             198
       5.470 |************************                 168
       5.570 |************************                 165
       5.671 |********************                     140
       5.774 |********************                     138
       5.879 |******************                       128
       5.986 |***************                          108
       6.095 |************                             84
       6.205 |*************                            92
       6.318 |************                             82
       6.433 |*************                            92
       6.550 |***********                              74
       6.669 |**********                               72
       6.790 |**********                               73
       6.913 |********                                 55
       7.039 |******                                   45
       7.167 |********                                 58
       7.297 |********                                 55
       7.430 |*****                                    34
       7.565 |*****                                    36
       7.702 |*****                                    38
       7.842 |***                                      23
       7.985 |****                                     30
       8.130 |****                                     27
       8.277 |****                                     31
       8.428 |***                                      19
       8.581 |****                                     26
       8.737 |***                                      18
       8.895 |***                                      23
       9.057 |**                                       17
       9.222 |**                                       14
       9.389 |*                                        6
       9.560 |*                                        7
       9.734 |*                                        7
       9.910 |*                                        6
      10.090 |                                         2
      10.274 |*                                        6
      10.460 |                                         2
      10.651 |                                         3
      10.844 |                                         3
      11.041 |                                         2
      11.242 |                                         2
      11.446 |                                         3
      11.654 |                                         2
      11.866 |                                         1
      13.219 |                                         1
      13.460 |                                         1
      14.728 |                                         1
      14.995 |                                         1
      15.828 |                                         1
      16.115 |                                         1
      16.408 |                                         1
      16.706 |                                         2
      17.010 |                                         2
      17.319 |                                         3
      17.954 |                                         1
      18.612 |                                         1
 
SQL statistics:
    queries performed:
        read:                            83762
        write:                           23932
        other:                           11966
        total:                           119660
    transactions:                        5983   (199.24 per sec.)
    queries:                             119660 (3984.72 per sec.)
    ignored errors:                      0      (0.00 per sec.)
    reconnects:                          0      (0.00 per sec.)

General statistics:
    total time:                          30.0293s
    total number of events:              5983

Latency (ms):
         min:                                    3.43
         avg:                                    5.34
         max:                                   18.46
         95th percentile:                        7.70
         sum:                                31923.28

Threads fairness:
    events (avg/stddev):           186.9688/1.29
    execution time (avg/stddev):   0.9976/0.01


