/opt/hostedtoolcache/Java_Temurin-Hotspot_jdk/17.0.20-1/x64/bin/java  -classpath /home/runner/ycsb-mongodb-binding-0.17.0/conf:/home/runner/ycsb-mongodb-binding-0.17.0/lib/HdrHistogram-2.1.4.jar:/home/runner/ycsb-mongodb-binding-0.17.0/lib/core-0.17.0.jar:/home/runner/ycsb-mongodb-binding-0.17.0/lib/htrace-core4-4.1.0-incubating.jar:/home/runner/ycsb-mongodb-binding-0.17.0/lib/jackson-core-asl-1.9.4.jar:/home/runner/ycsb-mongodb-binding-0.17.0/lib/jackson-mapper-asl-1.9.4.jar:/home/runner/ycsb-mongodb-binding-0.17.0/lib/logback-classic-1.1.2.jar:/home/runner/ycsb-mongodb-binding-0.17.0/lib/logback-core-1.1.2.jar:/home/runner/ycsb-mongodb-binding-0.17.0/lib/mongo-java-driver-3.8.0.jar:/home/runner/ycsb-mongodb-binding-0.17.0/lib/mongodb-async-driver-2.0.1.jar:/home/runner/ycsb-mongodb-binding-0.17.0/lib/mongodb-binding-0.17.0.jar:/home/runner/ycsb-mongodb-binding-0.17.0/lib/slf4j-api-1.7.25.jar:/home/runner/ycsb-mongodb-binding-0.17.0/lib/snappy-java-1.1.7.1.jar site.ycsb.Client -t -db site.ycsb.db.MongoDbClient -s -P /home/runner/ycsb-mongodb-binding-0.17.0/workloads/workloada -p mongodb.url=mongodb://127.0.0.1:27017/ycsb?w=1 -p measurementtype=raw -p measurement.raw.output_file=/home/runner/work/The-Omni-Compass/The-Omni-Compass/out/ycsb-tuning/rep-2/omni/notch-1.raw -p recordcount=250000 -p operationcount=1000000000 -p maxexecutiontime=20 -p target=3000 -p threads=32 -p insertstart=0 -p insertorder=ordered -p requestdistribution=uniform -p seed=100200
mongo client connection created with mongodb://127.0.0.1:27017/ycsb?w=1
Raw data measurement: will output to result file: /home/runner/work/The-Omni-Compass/The-Omni-Compass/out/ycsb-tuning/rep-2/omni/notch-1.raw
Raw data measurement: will output to result file: /home/runner/work/The-Omni-Compass/The-Omni-Compass/out/ycsb-tuning/rep-2/omni/notch-1.raw
Raw data measurement: will output to result file: /home/runner/work/The-Omni-Compass/The-Omni-Compass/out/ycsb-tuning/rep-2/omni/notch-1.raw
[OVERALL], RunTime(ms), 20003
[OVERALL], Throughput(ops/sec), 2944.308353746938
[TOTAL_GCS_G1_Young_Generation], Count, 10
[TOTAL_GC_TIME_G1_Young_Generation], Time(ms), 38
[TOTAL_GC_TIME_%_G1_Young_Generation], Time(%), 0.18997150427435883
[TOTAL_GCS_G1_Old_Generation], Count, 0
[TOTAL_GC_TIME_G1_Old_Generation], Time(ms), 0
[TOTAL_GC_TIME_%_G1_Old_Generation], Time(%), 0.0
[TOTAL_GCs], Count, 10
[TOTAL_GC_TIME], Time(ms), 38
[TOTAL_GC_TIME_%], Time(%), 0.18997150427435883
[READ], Total Operations, 29408
[READ], Below is a summary of latency in microseconds:, -1
[READ], Average, 178.73299782372143
[READ], Min, 47
[READ], Max, 49812
[READ], p1, 81
[READ], p5, 88
[READ], p50, 108
[READ], p90, 406
[READ], p95, 468
[READ], p99, 816
[READ], p99.9, 1560
[READ], p99.99, 5093
[READ], Return=OK, 29408
[CLEANUP], Total Operations, 1
[CLEANUP], Below is a summary of latency in microseconds:, -1
[CLEANUP], Average, 1520.0
[CLEANUP], Min, 1520
[CLEANUP], Max, 1520
[CLEANUP], p1, 1520
[CLEANUP], p5, 1520
[CLEANUP], p50, 1520
[CLEANUP], p90, 1520
[CLEANUP], p95, 1520
[CLEANUP], p99, 1520
[CLEANUP], p99.9, 1520
[CLEANUP], p99.99, 1520
[UPDATE], Total Operations, 29487
[UPDATE], Below is a summary of latency in microseconds:, -1
[UPDATE], Average, 193.83782683894597
[UPDATE], Min, 56
[UPDATE], Max, 7411
[UPDATE], p1, 96
[UPDATE], p5, 102
[UPDATE], p50, 122
[UPDATE], p90, 425
[UPDATE], p95, 501
[UPDATE], p99, 858
[UPDATE], p99.9, 1791
[UPDATE], p99.99, 5566
[UPDATE], Return=OK, 29487

Command line: -t -db site.ycsb.db.MongoDbClient -s -P /home/runner/ycsb-mongodb-binding-0.17.0/workloads/workloada -p mongodb.url=mongodb://127.0.0.1:27017/ycsb?w=1 -p measurementtype=raw -p measurement.raw.output_file=/home/runner/work/The-Omni-Compass/The-Omni-Compass/out/ycsb-tuning/rep-2/omni/notch-1.raw -p recordcount=250000 -p operationcount=1000000000 -p maxexecutiontime=20 -p target=3000 -p threads=32 -p insertstart=0 -p insertorder=ordered -p requestdistribution=uniform -p seed=100200
YCSB Client 0.17.0

Loading workload...
Starting test.
Maximum execution time specified as: 20 secs
2026-10-08 04:46:56:472 0 sec: 0 operations; est completion in 0 second 
DBWrapper: report latency for each error is false and specific error codes to track for latency are: []
2026-10-08 04:47:06:446 10 sec: 28894 operations; 2889.11 current ops/sec; est completion in 4 days READ count: 14513, average latency(us): 243.13 UPDATE count: 14384, average latency(us): 259.39 
Maximum time elapsed. Requesting stop for the workload.
Stop requested for workload. Now Joining!
2026-10-08 04:47:16:446 20 sec: 58894 operations; 3000 current ops/sec; est completion in 3 days 22 hours READ count: 14895, average latency(us): 115.98 UPDATE count: 15103, average latency(us): 131.40 
2026-10-08 04:47:16:448 20 sec: 58895 operations; 500 current ops/sec; est completion in 3 days 22 hours  CLEANUP count: 1, average latency(us): 1520.00  


/opt/hostedtoolcache/Java_Temurin-Hotspot_jdk/17.0.20-1/x64/bin/java  -classpath /home/runner/ycsb-mongodb-binding-0.17.0/conf:/home/runner/ycsb-mongodb-binding-0.17.0/lib/HdrHistogram-2.1.4.jar:/home/runner/ycsb-mongodb-binding-0.17.0/lib/core-0.17.0.jar:/home/runner/ycsb-mongodb-binding-0.17.0/lib/htrace-core4-4.1.0-incubating.jar:/home/runner/ycsb-mongodb-binding-0.17.0/lib/jackson-core-asl-1.9.4.jar:/home/runner/ycsb-mongodb-binding-0.17.0/lib/jackson-mapper-asl-1.9.4.jar:/home/runner/ycsb-mongodb-binding-0.17.0/lib/logback-classic-1.1.2.jar:/home/runner/ycsb-mongodb-binding-0.17.0/lib/logback-core-1.1.2.jar:/home/runner/ycsb-mongodb-binding-0.17.0/lib/mongo-java-driver-3.8.0.jar:/home/runner/ycsb-mongodb-binding-0.17.0/lib/mongodb-async-driver-2.0.1.jar:/home/runner/ycsb-mongodb-binding-0.17.0/lib/mongodb-binding-0.17.0.jar:/home/runner/ycsb-mongodb-binding-0.17.0/lib/slf4j-api-1.7.25.jar:/home/runner/ycsb-mongodb-binding-0.17.0/lib/snappy-java-1.1.7.1.jar site.ycsb.Client -t -db site.ycsb.db.MongoDbClient -s -P /home/runner/ycsb-mongodb-binding-0.17.0/workloads/workloada -p mongodb.url=mongodb://127.0.0.1:27017/ycsb?w=1 -p measurementtype=raw -p measurement.raw.output_file=/home/runner/work/The-Omni-Compass/The-Omni-Compass/out/ycsb-tuning/rep-2/omni/notch-2.raw -p recordcount=500000 -p operationcount=1000000000 -p maxexecutiontime=20 -p target=3000 -p threads=32 -p insertstart=0 -p insertorder=ordered -p requestdistribution=uniform -p seed=100201
mongo client connection created with mongodb://127.0.0.1:27017/ycsb?w=1
Raw data measurement: will output to result file: /home/runner/work/The-Omni-Compass/The-Omni-Compass/out/ycsb-tuning/rep-2/omni/notch-2.raw
Raw data measurement: will output to result file: /home/runner/work/The-Omni-Compass/The-Omni-Compass/out/ycsb-tuning/rep-2/omni/notch-2.raw
Raw data measurement: will output to result file: /home/runner/work/The-Omni-Compass/The-Omni-Compass/out/ycsb-tuning/rep-2/omni/notch-2.raw
[OVERALL], RunTime(ms), 20003
[OVERALL], Throughput(ops/sec), 2959.0561415787633
[TOTAL_GCS_G1_Young_Generation], Count, 10
[TOTAL_GC_TIME_G1_Young_Generation], Time(ms), 40
[TOTAL_GC_TIME_%_G1_Young_Generation], Time(%), 0.1999700044993251
[TOTAL_GCS_G1_Old_Generation], Count, 0
[TOTAL_GC_TIME_G1_Old_Generation], Time(ms), 0
[TOTAL_GC_TIME_%_G1_Old_Generation], Time(%), 0.0
[TOTAL_GCs], Count, 10
[TOTAL_GC_TIME], Time(ms), 40
[TOTAL_GC_TIME_%], Time(%), 0.1999700044993251
[READ], Total Operations, 29423
[READ], Below is a summary of latency in microseconds:, -1
[READ], Average, 188.6158787343235
[READ], Min, 67
[READ], Max, 9569
[READ], p1, 83
[READ], p5, 93
[READ], p50, 121
[READ], p90, 393
[READ], p95, 442
[READ], p99, 672
[READ], p99.9, 6593
[READ], p99.99, 8796
[READ], Return=OK, 29423
[CLEANUP], Total Operations, 1
[CLEANUP], Below is a summary of latency in microseconds:, -1
[CLEANUP], Average, 1158.0
[CLEANUP], Min, 1158
[CLEANUP], Max, 1158
[CLEANUP], p1, 1158
[CLEANUP], p5, 1158
[CLEANUP], p50, 1158
[CLEANUP], p90, 1158
[CLEANUP], p95, 1158
[CLEANUP], p99, 1158
[CLEANUP], p99.9, 1158
[CLEANUP], p99.99, 1158
[UPDATE], Total Operations, 29767
[UPDATE], Below is a summary of latency in microseconds:, -1
[UPDATE], Average, 210.72432559545805
[UPDATE], Min, 69
[UPDATE], Max, 36164
[UPDATE], p1, 98
[UPDATE], p5, 106
[UPDATE], p50, 136
[UPDATE], p90, 411
[UPDATE], p95, 463
[UPDATE], p99, 681
[UPDATE], p99.9, 7533
[UPDATE], p99.99, 9466
[UPDATE], Return=OK, 29767

Command line: -t -db site.ycsb.db.MongoDbClient -s -P /home/runner/ycsb-mongodb-binding-0.17.0/workloads/workloada -p mongodb.url=mongodb://127.0.0.1:27017/ycsb?w=1 -p measurementtype=raw -p measurement.raw.output_file=/home/runner/work/The-Omni-Compass/The-Omni-Compass/out/ycsb-tuning/rep-2/omni/notch-2.raw -p recordcount=500000 -p operationcount=1000000000 -p maxexecutiontime=20 -p target=3000 -p threads=32 -p insertstart=0 -p insertorder=ordered -p requestdistribution=uniform -p seed=100201
YCSB Client 0.17.0

Loading workload...
Starting test.
Maximum execution time specified as: 20 secs
2026-10-08 04:47:16:832 0 sec: 0 operations; est completion in 0 second 
DBWrapper: report latency for each error is false and specific error codes to track for latency are: []
2026-10-08 04:47:26:807 10 sec: 29187 operations; 2918.7 current ops/sec; est completion in 3 days 23 hours READ count: 14469, average latency(us): 214.18 UPDATE count: 14719, average latency(us): 233.58 
2026-10-08 04:47:36:807 20 sec: 59186 operations; 2999.9 current ops/sec; est completion in 3 days 21 hours READ count: 14953, average latency(us): 163.88 UPDATE count: 15047, average latency(us): 188.36 
Maximum time elapsed. Requesting stop for the workload.
Stop requested for workload. Now Joining!
2026-10-08 04:47:36:810 20 sec: 59190 operations; 1333.33 current ops/sec; est completion in 3 days 21 hours READ count: 1, average latency(us): 200.00 CLEANUP count: 1, average latency(us): 1158.00 UPDATE count: 1, average latency(us): 322.00 


/opt/hostedtoolcache/Java_Temurin-Hotspot_jdk/17.0.20-1/x64/bin/java  -classpath /home/runner/ycsb-mongodb-binding-0.17.0/conf:/home/runner/ycsb-mongodb-binding-0.17.0/lib/HdrHistogram-2.1.4.jar:/home/runner/ycsb-mongodb-binding-0.17.0/lib/core-0.17.0.jar:/home/runner/ycsb-mongodb-binding-0.17.0/lib/htrace-core4-4.1.0-incubating.jar:/home/runner/ycsb-mongodb-binding-0.17.0/lib/jackson-core-asl-1.9.4.jar:/home/runner/ycsb-mongodb-binding-0.17.0/lib/jackson-mapper-asl-1.9.4.jar:/home/runner/ycsb-mongodb-binding-0.17.0/lib/logback-classic-1.1.2.jar:/home/runner/ycsb-mongodb-binding-0.17.0/lib/logback-core-1.1.2.jar:/home/runner/ycsb-mongodb-binding-0.17.0/lib/mongo-java-driver-3.8.0.jar:/home/runner/ycsb-mongodb-binding-0.17.0/lib/mongodb-async-driver-2.0.1.jar:/home/runner/ycsb-mongodb-binding-0.17.0/lib/mongodb-binding-0.17.0.jar:/home/runner/ycsb-mongodb-binding-0.17.0/lib/slf4j-api-1.7.25.jar:/home/runner/ycsb-mongodb-binding-0.17.0/lib/snappy-java-1.1.7.1.jar site.ycsb.Client -t -db site.ycsb.db.MongoDbClient -s -P /home/runner/ycsb-mongodb-binding-0.17.0/workloads/workloada -p mongodb.url=mongodb://127.0.0.1:27017/ycsb?w=1 -p measurementtype=raw -p measurement.raw.output_file=/home/runner/work/The-Omni-Compass/The-Omni-Compass/out/ycsb-tuning/rep-2/omni/notch-3.raw -p recordcount=750000 -p operationcount=1000000000 -p maxexecutiontime=20 -p target=3000 -p threads=32 -p insertstart=0 -p insertorder=ordered -p requestdistribution=uniform -p seed=100202
mongo client connection created with mongodb://127.0.0.1:27017/ycsb?w=1
Raw data measurement: will output to result file: /home/runner/work/The-Omni-Compass/The-Omni-Compass/out/ycsb-tuning/rep-2/omni/notch-3.raw
Raw data measurement: will output to result file: /home/runner/work/The-Omni-Compass/The-Omni-Compass/out/ycsb-tuning/rep-2/omni/notch-3.raw
Raw data measurement: will output to result file: /home/runner/work/The-Omni-Compass/The-Omni-Compass/out/ycsb-tuning/rep-2/omni/notch-3.raw
[OVERALL], RunTime(ms), 20004
[OVERALL], Throughput(ops/sec), 2958.6582683463307
[TOTAL_GCS_G1_Young_Generation], Count, 10
[TOTAL_GC_TIME_G1_Young_Generation], Time(ms), 40
[TOTAL_GC_TIME_%_G1_Young_Generation], Time(%), 0.19996000799840033
[TOTAL_GCS_G1_Old_Generation], Count, 0
[TOTAL_GC_TIME_G1_Old_Generation], Time(ms), 0
[TOTAL_GC_TIME_%_G1_Old_Generation], Time(%), 0.0
[TOTAL_GCs], Count, 10
[TOTAL_GC_TIME], Time(ms), 40
[TOTAL_GC_TIME_%], Time(%), 0.19996000799840033
[READ], Total Operations, 29487
[READ], Below is a summary of latency in microseconds:, -1
[READ], Average, 201.61596635805608
[READ], Min, 66
[READ], Max, 13894
[READ], p1, 83
[READ], p5, 91
[READ], p50, 117
[READ], p90, 372
[READ], p95, 426
[READ], p99, 698
[READ], p99.9, 9074
[READ], p99.99, 9967
[READ], Return=OK, 29487
[CLEANUP], Total Operations, 1
[CLEANUP], Below is a summary of latency in microseconds:, -1
[CLEANUP], Average, 1303.0
[CLEANUP], Min, 1303
[CLEANUP], Max, 1303
[CLEANUP], p1, 1303
[CLEANUP], p5, 1303
[CLEANUP], p50, 1303
[CLEANUP], p90, 1303
[CLEANUP], p95, 1303
[CLEANUP], p99, 1303
[CLEANUP], p99.9, 1303
[CLEANUP], p99.99, 1303
[UPDATE], Total Operations, 29698
[UPDATE], Below is a summary of latency in microseconds:, -1
[UPDATE], Average, 217.25399016768807
[UPDATE], Min, 79
[UPDATE], Max, 44025
[UPDATE], p1, 99
[UPDATE], p5, 105
[UPDATE], p50, 133
[UPDATE], p90, 391
[UPDATE], p95, 449
[UPDATE], p99, 686
[UPDATE], p99.9, 8948
[UPDATE], p99.99, 14631
[UPDATE], Return=OK, 29698

Command line: -t -db site.ycsb.db.MongoDbClient -s -P /home/runner/ycsb-mongodb-binding-0.17.0/workloads/workloada -p mongodb.url=mongodb://127.0.0.1:27017/ycsb?w=1 -p measurementtype=raw -p measurement.raw.output_file=/home/runner/work/The-Omni-Compass/The-Omni-Compass/out/ycsb-tuning/rep-2/omni/notch-3.raw -p recordcount=750000 -p operationcount=1000000000 -p maxexecutiontime=20 -p target=3000 -p threads=32 -p insertstart=0 -p insertorder=ordered -p requestdistribution=uniform -p seed=100202
YCSB Client 0.17.0

Loading workload...
Starting test.
Maximum execution time specified as: 20 secs
2026-10-08 04:47:37:249 0 sec: 0 operations; est completion in 0 second 
DBWrapper: report latency for each error is false and specific error codes to track for latency are: []
2026-10-08 04:47:47:208 10 sec: 29180 operations; 2918 current ops/sec; est completion in 3 days 23 hours READ count: 14566, average latency(us): 242.92 UPDATE count: 14614, average latency(us): 263.77 
2026-10-08 04:47:57:208 20 sec: 59180 operations; 3000 current ops/sec; est completion in 3 days 21 hours READ count: 14918, average latency(us): 161.28 UPDATE count: 15083, average latency(us): 172.18 
Maximum time elapsed. Requesting stop for the workload.
Stop requested for workload. Now Joining!
2026-10-08 04:47:57:212 20 sec: 59185 operations; 1666.67 current ops/sec; est completion in 3 days 21 hours READ count: 3, average latency(us): 220.33 CLEANUP count: 1, average latency(us): 1303.00 UPDATE count: 1, average latency(us): 238.00 


/opt/hostedtoolcache/Java_Temurin-Hotspot_jdk/17.0.20-1/x64/bin/java  -classpath /home/runner/ycsb-mongodb-binding-0.17.0/conf:/home/runner/ycsb-mongodb-binding-0.17.0/lib/HdrHistogram-2.1.4.jar:/home/runner/ycsb-mongodb-binding-0.17.0/lib/core-0.17.0.jar:/home/runner/ycsb-mongodb-binding-0.17.0/lib/htrace-core4-4.1.0-incubating.jar:/home/runner/ycsb-mongodb-binding-0.17.0/lib/jackson-core-asl-1.9.4.jar:/home/runner/ycsb-mongodb-binding-0.17.0/lib/jackson-mapper-asl-1.9.4.jar:/home/runner/ycsb-mongodb-binding-0.17.0/lib/logback-classic-1.1.2.jar:/home/runner/ycsb-mongodb-binding-0.17.0/lib/logback-core-1.1.2.jar:/home/runner/ycsb-mongodb-binding-0.17.0/lib/mongo-java-driver-3.8.0.jar:/home/runner/ycsb-mongodb-binding-0.17.0/lib/mongodb-async-driver-2.0.1.jar:/home/runner/ycsb-mongodb-binding-0.17.0/lib/mongodb-binding-0.17.0.jar:/home/runner/ycsb-mongodb-binding-0.17.0/lib/slf4j-api-1.7.25.jar:/home/runner/ycsb-mongodb-binding-0.17.0/lib/snappy-java-1.1.7.1.jar site.ycsb.Client -t -db site.ycsb.db.MongoDbClient -s -P /home/runner/ycsb-mongodb-binding-0.17.0/workloads/workloada -p mongodb.url=mongodb://127.0.0.1:27017/ycsb?w=1 -p measurementtype=raw -p measurement.raw.output_file=/home/runner/work/The-Omni-Compass/The-Omni-Compass/out/ycsb-tuning/rep-2/omni/notch-4.raw -p recordcount=500000 -p operationcount=1000000000 -p maxexecutiontime=20 -p target=3000 -p threads=32 -p insertstart=0 -p insertorder=ordered -p requestdistribution=uniform -p seed=100203
mongo client connection created with mongodb://127.0.0.1:27017/ycsb?w=1
Raw data measurement: will output to result file: /home/runner/work/The-Omni-Compass/The-Omni-Compass/out/ycsb-tuning/rep-2/omni/notch-4.raw
Raw data measurement: will output to result file: /home/runner/work/The-Omni-Compass/The-Omni-Compass/out/ycsb-tuning/rep-2/omni/notch-4.raw
Raw data measurement: will output to result file: /home/runner/work/The-Omni-Compass/The-Omni-Compass/out/ycsb-tuning/rep-2/omni/notch-4.raw
[OVERALL], RunTime(ms), 20003
[OVERALL], Throughput(ops/sec), 2963.255511673249
[TOTAL_GCS_G1_Young_Generation], Count, 10
[TOTAL_GC_TIME_G1_Young_Generation], Time(ms), 40
[TOTAL_GC_TIME_%_G1_Young_Generation], Time(%), 0.1999700044993251
[TOTAL_GCS_G1_Old_Generation], Count, 0
[TOTAL_GC_TIME_G1_Old_Generation], Time(ms), 0
[TOTAL_GC_TIME_%_G1_Old_Generation], Time(%), 0.0
[TOTAL_GCs], Count, 10
[TOTAL_GC_TIME], Time(ms), 40
[TOTAL_GC_TIME_%], Time(%), 0.1999700044993251
[READ], Total Operations, 29578
[READ], Below is a summary of latency in microseconds:, -1
[READ], Average, 130.33477584691326
[READ], Min, 55
[READ], Max, 35842
[READ], p1, 82
[READ], p5, 90
[READ], p50, 114
[READ], p90, 171
[READ], p95, 202
[READ], p99, 395
[READ], p99.9, 1050
[READ], p99.99, 4205
[READ], Return=OK, 29578
[CLEANUP], Total Operations, 1
[CLEANUP], Below is a summary of latency in microseconds:, -1
[CLEANUP], Average, 1596.0
[CLEANUP], Min, 1596
[CLEANUP], Max, 1596
[CLEANUP], p1, 1596
[CLEANUP], p5, 1596
[CLEANUP], p50, 1596
[CLEANUP], p90, 1596
[CLEANUP], p95, 1596
[CLEANUP], p99, 1596
[CLEANUP], p99.9, 1596
[CLEANUP], p99.99, 1596
[UPDATE], Total Operations, 29696
[UPDATE], Below is a summary of latency in microseconds:, -1
[UPDATE], Average, 147.94568292025863
[UPDATE], Min, 62
[UPDATE], Max, 6848
[UPDATE], p1, 98
[UPDATE], p5, 104
[UPDATE], p50, 127
[UPDATE], p90, 197
[UPDATE], p95, 232
[UPDATE], p99, 405
[UPDATE], p99.9, 1338
[UPDATE], p99.99, 4990
[UPDATE], Return=OK, 29696

Command line: -t -db site.ycsb.db.MongoDbClient -s -P /home/runner/ycsb-mongodb-binding-0.17.0/workloads/workloada -p mongodb.url=mongodb://127.0.0.1:27017/ycsb?w=1 -p measurementtype=raw -p measurement.raw.output_file=/home/runner/work/The-Omni-Compass/The-Omni-Compass/out/ycsb-tuning/rep-2/omni/notch-4.raw -p recordcount=500000 -p operationcount=1000000000 -p maxexecutiontime=20 -p target=3000 -p threads=32 -p insertstart=0 -p insertorder=ordered -p requestdistribution=uniform -p seed=100203
YCSB Client 0.17.0

Loading workload...
Starting test.
Maximum execution time specified as: 20 secs
2026-10-08 04:47:57:613 0 sec: 0 operations; est completion in 0 second 
DBWrapper: report latency for each error is false and specific error codes to track for latency are: []
2026-10-08 04:48:07:587 10 sec: 29273 operations; 2927.3 current ops/sec; est completion in 3 days 22 hours READ count: 14538, average latency(us): 146.82 UPDATE count: 14737, average latency(us): 163.72 
Maximum time elapsed. Requesting stop for the workload.
Stop requested for workload. Now Joining!
2026-10-08 04:48:17:586 20 sec: 59273 operations; 3000 current ops/sec; est completion in 3 days 21 hours READ count: 15040, average latency(us): 114.40 UPDATE count: 14959, average latency(us): 132.41 
2026-10-08 04:48:17:589 20 sec: 59274 operations; 333.33 current ops/sec; est completion in 3 days 21 hours  CLEANUP count: 1, average latency(us): 1596.00  


/opt/hostedtoolcache/Java_Temurin-Hotspot_jdk/17.0.20-1/x64/bin/java  -classpath /home/runner/ycsb-mongodb-binding-0.17.0/conf:/home/runner/ycsb-mongodb-binding-0.17.0/lib/HdrHistogram-2.1.4.jar:/home/runner/ycsb-mongodb-binding-0.17.0/lib/core-0.17.0.jar:/home/runner/ycsb-mongodb-binding-0.17.0/lib/htrace-core4-4.1.0-incubating.jar:/home/runner/ycsb-mongodb-binding-0.17.0/lib/jackson-core-asl-1.9.4.jar:/home/runner/ycsb-mongodb-binding-0.17.0/lib/jackson-mapper-asl-1.9.4.jar:/home/runner/ycsb-mongodb-binding-0.17.0/lib/logback-classic-1.1.2.jar:/home/runner/ycsb-mongodb-binding-0.17.0/lib/logback-core-1.1.2.jar:/home/runner/ycsb-mongodb-binding-0.17.0/lib/mongo-java-driver-3.8.0.jar:/home/runner/ycsb-mongodb-binding-0.17.0/lib/mongodb-async-driver-2.0.1.jar:/home/runner/ycsb-mongodb-binding-0.17.0/lib/mongodb-binding-0.17.0.jar:/home/runner/ycsb-mongodb-binding-0.17.0/lib/slf4j-api-1.7.25.jar:/home/runner/ycsb-mongodb-binding-0.17.0/lib/snappy-java-1.1.7.1.jar site.ycsb.Client -t -db site.ycsb.db.MongoDbClient -s -P /home/runner/ycsb-mongodb-binding-0.17.0/workloads/workloada -p mongodb.url=mongodb://127.0.0.1:27017/ycsb?w=1 -p measurementtype=raw -p measurement.raw.output_file=/home/runner/work/The-Omni-Compass/The-Omni-Compass/out/ycsb-tuning/rep-2/omni/notch-5.raw -p recordcount=750000 -p operationcount=1000000000 -p maxexecutiontime=20 -p target=3000 -p threads=32 -p insertstart=0 -p insertorder=ordered -p requestdistribution=uniform -p seed=100204
mongo client connection created with mongodb://127.0.0.1:27017/ycsb?w=1
Raw data measurement: will output to result file: /home/runner/work/The-Omni-Compass/The-Omni-Compass/out/ycsb-tuning/rep-2/omni/notch-5.raw
Raw data measurement: will output to result file: /home/runner/work/The-Omni-Compass/The-Omni-Compass/out/ycsb-tuning/rep-2/omni/notch-5.raw
Raw data measurement: will output to result file: /home/runner/work/The-Omni-Compass/The-Omni-Compass/out/ycsb-tuning/rep-2/omni/notch-5.raw
[OVERALL], RunTime(ms), 20004
[OVERALL], Throughput(ops/sec), 2964.9070185962805
[TOTAL_GCS_G1_Young_Generation], Count, 10
[TOTAL_GC_TIME_G1_Young_Generation], Time(ms), 40
[TOTAL_GC_TIME_%_G1_Young_Generation], Time(%), 0.19996000799840033
[TOTAL_GCS_G1_Old_Generation], Count, 0
[TOTAL_GC_TIME_G1_Old_Generation], Time(ms), 0
[TOTAL_GC_TIME_%_G1_Old_Generation], Time(%), 0.0
[TOTAL_GCs], Count, 10
[TOTAL_GC_TIME], Time(ms), 40
[TOTAL_GC_TIME_%], Time(%), 0.19996000799840033
[READ], Total Operations, 29775
[READ], Below is a summary of latency in microseconds:, -1
[READ], Average, 138.85719563392107
[READ], Min, 63
[READ], Max, 8217
[READ], p1, 82
[READ], p5, 91
[READ], p50, 113
[READ], p90, 182
[READ], p95, 242
[READ], p99, 483
[READ], p99.9, 2559
[READ], p99.99, 7268
[READ], Return=OK, 29775
[CLEANUP], Total Operations, 1
[CLEANUP], Below is a summary of latency in microseconds:, -1
[CLEANUP], Average, 1236.0
[CLEANUP], Min, 1236
[CLEANUP], Max, 1236
[CLEANUP], p1, 1236
[CLEANUP], p5, 1236
[CLEANUP], p50, 1236
[CLEANUP], p90, 1236
[CLEANUP], p95, 1236
[CLEANUP], p99, 1236
[CLEANUP], p99.9, 1236
[CLEANUP], p99.99, 1236
[UPDATE], Total Operations, 29535
[UPDATE], Below is a summary of latency in microseconds:, -1
[UPDATE], Average, 158.6173692229558
[UPDATE], Min, 76
[UPDATE], Max, 47935
[UPDATE], p1, 98
[UPDATE], p5, 104
[UPDATE], p50, 127
[UPDATE], p90, 214
[UPDATE], p95, 279
[UPDATE], p99, 512
[UPDATE], p99.9, 2455
[UPDATE], p99.99, 9345
[UPDATE], Return=OK, 29535

Command line: -t -db site.ycsb.db.MongoDbClient -s -P /home/runner/ycsb-mongodb-binding-0.17.0/workloads/workloada -p mongodb.url=mongodb://127.0.0.1:27017/ycsb?w=1 -p measurementtype=raw -p measurement.raw.output_file=/home/runner/work/The-Omni-Compass/The-Omni-Compass/out/ycsb-tuning/rep-2/omni/notch-5.raw -p recordcount=750000 -p operationcount=1000000000 -p maxexecutiontime=20 -p target=3000 -p threads=32 -p insertstart=0 -p insertorder=ordered -p requestdistribution=uniform -p seed=100204
YCSB Client 0.17.0

Loading workload...
Starting test.
Maximum execution time specified as: 20 secs
2026-10-08 04:48:17:996 0 sec: 0 operations; est completion in 0 second 
DBWrapper: report latency for each error is false and specific error codes to track for latency are: []
2026-10-08 04:48:27:968 10 sec: 29305 operations; 2930.21 current ops/sec; est completion in 3 days 22 hours READ count: 14742, average latency(us): 157.68 UPDATE count: 14565, average latency(us): 183.16 
2026-10-08 04:48:37:968 20 sec: 59305 operations; 3000.3 current ops/sec; est completion in 3 days 21 hours READ count: 15030, average latency(us): 120.38 UPDATE count: 14968, average latency(us): 134.72 
Maximum time elapsed. Requesting stop for the workload.
Stop requested for workload. Now Joining!
2026-10-08 04:48:37:971 20 sec: 59310 operations; 1250 current ops/sec; est completion in 3 days 21 hours READ count: 3, average latency(us): 202.00 CLEANUP count: 1, average latency(us): 1236.00 UPDATE count: 2, average latency(us): 220.50 


/opt/hostedtoolcache/Java_Temurin-Hotspot_jdk/17.0.20-1/x64/bin/java  -classpath /home/runner/ycsb-mongodb-binding-0.17.0/conf:/home/runner/ycsb-mongodb-binding-0.17.0/lib/HdrHistogram-2.1.4.jar:/home/runner/ycsb-mongodb-binding-0.17.0/lib/core-0.17.0.jar:/home/runner/ycsb-mongodb-binding-0.17.0/lib/htrace-core4-4.1.0-incubating.jar:/home/runner/ycsb-mongodb-binding-0.17.0/lib/jackson-core-asl-1.9.4.jar:/home/runner/ycsb-mongodb-binding-0.17.0/lib/jackson-mapper-asl-1.9.4.jar:/home/runner/ycsb-mongodb-binding-0.17.0/lib/logback-classic-1.1.2.jar:/home/runner/ycsb-mongodb-binding-0.17.0/lib/logback-core-1.1.2.jar:/home/runner/ycsb-mongodb-binding-0.17.0/lib/mongo-java-driver-3.8.0.jar:/home/runner/ycsb-mongodb-binding-0.17.0/lib/mongodb-async-driver-2.0.1.jar:/home/runner/ycsb-mongodb-binding-0.17.0/lib/mongodb-binding-0.17.0.jar:/home/runner/ycsb-mongodb-binding-0.17.0/lib/slf4j-api-1.7.25.jar:/home/runner/ycsb-mongodb-binding-0.17.0/lib/snappy-java-1.1.7.1.jar site.ycsb.Client -t -db site.ycsb.db.MongoDbClient -s -P /home/runner/ycsb-mongodb-binding-0.17.0/workloads/workloada -p mongodb.url=mongodb://127.0.0.1:27017/ycsb?w=1 -p measurementtype=raw -p measurement.raw.output_file=/home/runner/work/The-Omni-Compass/The-Omni-Compass/out/ycsb-tuning/rep-2/omni/notch-6.raw -p recordcount=1000000 -p operationcount=1000000000 -p maxexecutiontime=20 -p target=3000 -p threads=32 -p insertstart=0 -p insertorder=ordered -p requestdistribution=uniform -p seed=100205
mongo client connection created with mongodb://127.0.0.1:27017/ycsb?w=1
Raw data measurement: will output to result file: /home/runner/work/The-Omni-Compass/The-Omni-Compass/out/ycsb-tuning/rep-2/omni/notch-6.raw
Raw data measurement: will output to result file: /home/runner/work/The-Omni-Compass/The-Omni-Compass/out/ycsb-tuning/rep-2/omni/notch-6.raw
Raw data measurement: will output to result file: /home/runner/work/The-Omni-Compass/The-Omni-Compass/out/ycsb-tuning/rep-2/omni/notch-6.raw
[OVERALL], RunTime(ms), 20002
[OVERALL], Throughput(ops/sec), 2964.7535246475354
[TOTAL_GCS_G1_Young_Generation], Count, 10
[TOTAL_GC_TIME_G1_Young_Generation], Time(ms), 38
[TOTAL_GC_TIME_%_G1_Young_Generation], Time(%), 0.18998100189981001
[TOTAL_GCS_G1_Old_Generation], Count, 0
[TOTAL_GC_TIME_G1_Old_Generation], Time(ms), 0
[TOTAL_GC_TIME_%_G1_Old_Generation], Time(%), 0.0
[TOTAL_GCs], Count, 10
[TOTAL_GC_TIME], Time(ms), 38
[TOTAL_GC_TIME_%], Time(%), 0.18998100189981001
[READ], Total Operations, 29653
[READ], Below is a summary of latency in microseconds:, -1
[READ], Average, 201.55340100495735
[READ], Min, 59
[READ], Max, 16782
[READ], p1, 82
[READ], p5, 92
[READ], p50, 118
[READ], p90, 345
[READ], p95, 409
[READ], p99, 740
[READ], p99.9, 8789
[READ], p99.99, 9709
[READ], Return=OK, 29653
[CLEANUP], Total Operations, 1
[CLEANUP], Below is a summary of latency in microseconds:, -1
[CLEANUP], Average, 1334.0
[CLEANUP], Min, 1334
[CLEANUP], Max, 1334
[CLEANUP], p1, 1334
[CLEANUP], p5, 1334
[CLEANUP], p50, 1334
[CLEANUP], p90, 1334
[CLEANUP], p95, 1334
[CLEANUP], p99, 1334
[CLEANUP], p99.9, 1334
[CLEANUP], p99.99, 1334
[UPDATE], Total Operations, 29648
[UPDATE], Below is a summary of latency in microseconds:, -1
[UPDATE], Average, 215.3913248785753
[UPDATE], Min, 76
[UPDATE], Max, 39722
[UPDATE], p1, 96
[UPDATE], p5, 105
[UPDATE], p50, 133
[UPDATE], p90, 361
[UPDATE], p95, 429
[UPDATE], p99, 723
[UPDATE], p99.9, 9001
[UPDATE], p99.99, 9857
[UPDATE], Return=OK, 29648

Command line: -t -db site.ycsb.db.MongoDbClient -s -P /home/runner/ycsb-mongodb-binding-0.17.0/workloads/workloada -p mongodb.url=mongodb://127.0.0.1:27017/ycsb?w=1 -p measurementtype=raw -p measurement.raw.output_file=/home/runner/work/The-Omni-Compass/The-Omni-Compass/out/ycsb-tuning/rep-2/omni/notch-6.raw -p recordcount=1000000 -p operationcount=1000000000 -p maxexecutiontime=20 -p target=3000 -p threads=32 -p insertstart=0 -p insertorder=ordered -p requestdistribution=uniform -p seed=100205
YCSB Client 0.17.0

Loading workload...
Starting test.
Maximum execution time specified as: 20 secs
2026-10-08 04:48:38:371 0 sec: 0 operations; est completion in 0 second 
DBWrapper: report latency for each error is false and specific error codes to track for latency are: []
2026-10-08 04:48:48:345 10 sec: 29300 operations; 2930 current ops/sec; est completion in 3 days 22 hours READ count: 14711, average latency(us): 188.83 UPDATE count: 14590, average latency(us): 207.39 
Maximum time elapsed. Requesting stop for the workload.
Stop requested for workload. Now Joining!
2026-10-08 04:48:58:345 20 sec: 59300 operations; 3000 current ops/sec; est completion in 3 days 21 hours READ count: 14942, average latency(us): 214.08 UPDATE count: 15058, average latency(us): 223.15 
2026-10-08 04:48:58:347 20 sec: 59301 operations; 500 current ops/sec; est completion in 3 days 21 hours  CLEANUP count: 1, average latency(us): 1334.00  


/opt/hostedtoolcache/Java_Temurin-Hotspot_jdk/17.0.20-1/x64/bin/java  -classpath /home/runner/ycsb-mongodb-binding-0.17.0/conf:/home/runner/ycsb-mongodb-binding-0.17.0/lib/HdrHistogram-2.1.4.jar:/home/runner/ycsb-mongodb-binding-0.17.0/lib/core-0.17.0.jar:/home/runner/ycsb-mongodb-binding-0.17.0/lib/htrace-core4-4.1.0-incubating.jar:/home/runner/ycsb-mongodb-binding-0.17.0/lib/jackson-core-asl-1.9.4.jar:/home/runner/ycsb-mongodb-binding-0.17.0/lib/jackson-mapper-asl-1.9.4.jar:/home/runner/ycsb-mongodb-binding-0.17.0/lib/logback-classic-1.1.2.jar:/home/runner/ycsb-mongodb-binding-0.17.0/lib/logback-core-1.1.2.jar:/home/runner/ycsb-mongodb-binding-0.17.0/lib/mongo-java-driver-3.8.0.jar:/home/runner/ycsb-mongodb-binding-0.17.0/lib/mongodb-async-driver-2.0.1.jar:/home/runner/ycsb-mongodb-binding-0.17.0/lib/mongodb-binding-0.17.0.jar:/home/runner/ycsb-mongodb-binding-0.17.0/lib/slf4j-api-1.7.25.jar:/home/runner/ycsb-mongodb-binding-0.17.0/lib/snappy-java-1.1.7.1.jar site.ycsb.Client -t -db site.ycsb.db.MongoDbClient -s -P /home/runner/ycsb-mongodb-binding-0.17.0/workloads/workloada -p mongodb.url=mongodb://127.0.0.1:27017/ycsb?w=1 -p measurementtype=raw -p measurement.raw.output_file=/home/runner/work/The-Omni-Compass/The-Omni-Compass/out/ycsb-tuning/rep-2/omni/notch-7.raw -p recordcount=1250000 -p operationcount=1000000000 -p maxexecutiontime=20 -p target=3000 -p threads=32 -p insertstart=0 -p insertorder=ordered -p requestdistribution=uniform -p seed=100206
mongo client connection created with mongodb://127.0.0.1:27017/ycsb?w=1
Raw data measurement: will output to result file: /home/runner/work/The-Omni-Compass/The-Omni-Compass/out/ycsb-tuning/rep-2/omni/notch-7.raw
Raw data measurement: will output to result file: /home/runner/work/The-Omni-Compass/The-Omni-Compass/out/ycsb-tuning/rep-2/omni/notch-7.raw
Raw data measurement: will output to result file: /home/runner/work/The-Omni-Compass/The-Omni-Compass/out/ycsb-tuning/rep-2/omni/notch-7.raw
[OVERALL], RunTime(ms), 20002
[OVERALL], Throughput(ops/sec), 2961.5038496150387
[TOTAL_GCS_G1_Young_Generation], Count, 10
[TOTAL_GC_TIME_G1_Young_Generation], Time(ms), 42
[TOTAL_GC_TIME_%_G1_Young_Generation], Time(%), 0.20997900209979004
[TOTAL_GCS_G1_Old_Generation], Count, 0
[TOTAL_GC_TIME_G1_Old_Generation], Time(ms), 0
[TOTAL_GC_TIME_%_G1_Old_Generation], Time(%), 0.0
[TOTAL_GCs], Count, 10
[TOTAL_GC_TIME], Time(ms), 42
[TOTAL_GC_TIME_%], Time(%), 0.20997900209979004
[READ], Total Operations, 29716
[READ], Below is a summary of latency in microseconds:, -1
[READ], Average, 168.67048054919908
[READ], Min, 77
[READ], Max, 16525
[READ], p1, 92
[READ], p5, 100
[READ], p50, 130
[READ], p90, 351
[READ], p95, 409
[READ], p99, 535
[READ], p99.9, 1556
[READ], p99.99, 6363
[READ], Return=OK, 29716
[CLEANUP], Total Operations, 1
[CLEANUP], Below is a summary of latency in microseconds:, -1
[CLEANUP], Average, 1401.0
[CLEANUP], Min, 1401
[CLEANUP], Max, 1401
[CLEANUP], p1, 1401
[CLEANUP], p5, 1401
[CLEANUP], p50, 1401
[CLEANUP], p90, 1401
[CLEANUP], p95, 1401
[CLEANUP], p99, 1401
[CLEANUP], p99.9, 1401
[CLEANUP], p99.99, 1401
[UPDATE], Total Operations, 29520
[UPDATE], Below is a summary of latency in microseconds:, -1
[UPDATE], Average, 188.68082655826558
[UPDATE], Min, 80
[UPDATE], Max, 31802
[UPDATE], p1, 106
[UPDATE], p5, 116
[UPDATE], p50, 146
[UPDATE], p90, 375
[UPDATE], p95, 432
[UPDATE], p99, 579
[UPDATE], p99.9, 1428
[UPDATE], p99.99, 3853
[UPDATE], Return=OK, 29520

Command line: -t -db site.ycsb.db.MongoDbClient -s -P /home/runner/ycsb-mongodb-binding-0.17.0/workloads/workloada -p mongodb.url=mongodb://127.0.0.1:27017/ycsb?w=1 -p measurementtype=raw -p measurement.raw.output_file=/home/runner/work/The-Omni-Compass/The-Omni-Compass/out/ycsb-tuning/rep-2/omni/notch-7.raw -p recordcount=1250000 -p operationcount=1000000000 -p maxexecutiontime=20 -p target=3000 -p threads=32 -p insertstart=0 -p insertorder=ordered -p requestdistribution=uniform -p seed=100206
YCSB Client 0.17.0

Loading workload...
Starting test.
Maximum execution time specified as: 20 secs
2026-10-08 04:48:58:735 0 sec: 0 operations; est completion in 0 second 
DBWrapper: report latency for each error is false and specific error codes to track for latency are: []
2026-10-08 04:49:08:707 10 sec: 29234 operations; 2923.4 current ops/sec; est completion in 3 days 23 hours READ count: 14636, average latency(us): 190.83 UPDATE count: 14599, average latency(us): 214.13 
Maximum time elapsed. Requesting stop for the workload.
Stop requested for workload. Now Joining!
2026-10-08 04:49:18:707 20 sec: 59234 operations; 3000 current ops/sec; est completion in 3 days 21 hours READ count: 15080, average latency(us): 147.17 UPDATE count: 14920, average latency(us): 163.78 
2026-10-08 04:49:18:709 20 sec: 59236 operations; 1000 current ops/sec; est completion in 3 days 21 hours  CLEANUP count: 1, average latency(us): 1401.00 UPDATE count: 1, average latency(us): 231.00 


/opt/hostedtoolcache/Java_Temurin-Hotspot_jdk/17.0.20-1/x64/bin/java  -classpath /home/runner/ycsb-mongodb-binding-0.17.0/conf:/home/runner/ycsb-mongodb-binding-0.17.0/lib/HdrHistogram-2.1.4.jar:/home/runner/ycsb-mongodb-binding-0.17.0/lib/core-0.17.0.jar:/home/runner/ycsb-mongodb-binding-0.17.0/lib/htrace-core4-4.1.0-incubating.jar:/home/runner/ycsb-mongodb-binding-0.17.0/lib/jackson-core-asl-1.9.4.jar:/home/runner/ycsb-mongodb-binding-0.17.0/lib/jackson-mapper-asl-1.9.4.jar:/home/runner/ycsb-mongodb-binding-0.17.0/lib/logback-classic-1.1.2.jar:/home/runner/ycsb-mongodb-binding-0.17.0/lib/logback-core-1.1.2.jar:/home/runner/ycsb-mongodb-binding-0.17.0/lib/mongo-java-driver-3.8.0.jar:/home/runner/ycsb-mongodb-binding-0.17.0/lib/mongodb-async-driver-2.0.1.jar:/home/runner/ycsb-mongodb-binding-0.17.0/lib/mongodb-binding-0.17.0.jar:/home/runner/ycsb-mongodb-binding-0.17.0/lib/slf4j-api-1.7.25.jar:/home/runner/ycsb-mongodb-binding-0.17.0/lib/snappy-java-1.1.7.1.jar site.ycsb.Client -t -db site.ycsb.db.MongoDbClient -s -P /home/runner/ycsb-mongodb-binding-0.17.0/workloads/workloada -p mongodb.url=mongodb://127.0.0.1:27017/ycsb?w=1 -p measurementtype=raw -p measurement.raw.output_file=/home/runner/work/The-Omni-Compass/The-Omni-Compass/out/ycsb-tuning/rep-2/omni/notch-8.raw -p recordcount=1500000 -p operationcount=1000000000 -p maxexecutiontime=20 -p target=3000 -p threads=32 -p insertstart=0 -p insertorder=ordered -p requestdistribution=uniform -p seed=100207
mongo client connection created with mongodb://127.0.0.1:27017/ycsb?w=1
Raw data measurement: will output to result file: /home/runner/work/The-Omni-Compass/The-Omni-Compass/out/ycsb-tuning/rep-2/omni/notch-8.raw
Raw data measurement: will output to result file: /home/runner/work/The-Omni-Compass/The-Omni-Compass/out/ycsb-tuning/rep-2/omni/notch-8.raw
Raw data measurement: will output to result file: /home/runner/work/The-Omni-Compass/The-Omni-Compass/out/ycsb-tuning/rep-2/omni/notch-8.raw
[OVERALL], RunTime(ms), 20003
[OVERALL], Throughput(ops/sec), 2965.4051892216166
[TOTAL_GCS_G1_Young_Generation], Count, 10
[TOTAL_GC_TIME_G1_Young_Generation], Time(ms), 40
[TOTAL_GC_TIME_%_G1_Young_Generation], Time(%), 0.1999700044993251
[TOTAL_GCS_G1_Old_Generation], Count, 0
[TOTAL_GC_TIME_G1_Old_Generation], Time(ms), 0
[TOTAL_GC_TIME_%_G1_Old_Generation], Time(%), 0.0
[TOTAL_GCs], Count, 10
[TOTAL_GC_TIME], Time(ms), 40
[TOTAL_GC_TIME_%], Time(%), 0.1999700044993251
[READ], Total Operations, 29686
[READ], Below is a summary of latency in microseconds:, -1
[READ], Average, 215.4471468032069
[READ], Min, 63
[READ], Max, 26207
[READ], p1, 82
[READ], p5, 92
[READ], p50, 121
[READ], p90, 345
[READ], p95, 411
[READ], p99, 874
[READ], p99.9, 9040
[READ], p99.99, 10031
[READ], Return=OK, 29686
[CLEANUP], Total Operations, 1
[CLEANUP], Below is a summary of latency in microseconds:, -1
[CLEANUP], Average, 1285.0
[CLEANUP], Min, 1285
[CLEANUP], Max, 1285
[CLEANUP], p1, 1285
[CLEANUP], p5, 1285
[CLEANUP], p50, 1285
[CLEANUP], p90, 1285
[CLEANUP], p95, 1285
[CLEANUP], p99, 1285
[CLEANUP], p99.9, 1285
[CLEANUP], p99.99, 1285
[UPDATE], Total Operations, 29631
[UPDATE], Below is a summary of latency in microseconds:, -1
[UPDATE], Average, 225.0099220411056
[UPDATE], Min, 75
[UPDATE], Max, 35983
[UPDATE], p1, 96
[UPDATE], p5, 107
[UPDATE], p50, 141
[UPDATE], p90, 361
[UPDATE], p95, 431
[UPDATE], p99, 770
[UPDATE], p99.9, 9218
[UPDATE], p99.99, 10012
[UPDATE], Return=OK, 29631

Command line: -t -db site.ycsb.db.MongoDbClient -s -P /home/runner/ycsb-mongodb-binding-0.17.0/workloads/workloada -p mongodb.url=mongodb://127.0.0.1:27017/ycsb?w=1 -p measurementtype=raw -p measurement.raw.output_file=/home/runner/work/The-Omni-Compass/The-Omni-Compass/out/ycsb-tuning/rep-2/omni/notch-8.raw -p recordcount=1500000 -p operationcount=1000000000 -p maxexecutiontime=20 -p target=3000 -p threads=32 -p insertstart=0 -p insertorder=ordered -p requestdistribution=uniform -p seed=100207
YCSB Client 0.17.0

Loading workload...
Starting test.
Maximum execution time specified as: 20 secs
2026-10-08 04:49:19:144 0 sec: 0 operations; est completion in 0 second 
DBWrapper: report latency for each error is false and specific error codes to track for latency are: []
2026-10-08 04:49:29:120 10 sec: 29315 operations; 2931.5 current ops/sec; est completion in 3 days 22 hours READ count: 14737, average latency(us): 188.79 UPDATE count: 14579, average latency(us): 212.29 
Maximum time elapsed. Requesting stop for the workload.
2026-10-08 04:49:39:120 20 sec: 59315 operations; 3000 current ops/sec; est completion in 3 days 21 hours READ count: 14949, average latency(us): 241.73 UPDATE count: 15051, average latency(us): 237.34 
Stop requested for workload. Now Joining!
2026-10-08 04:49:39:122 20 sec: 59317 operations; 666.67 current ops/sec; est completion in 3 days 21 hours  CLEANUP count: 1, average latency(us): 1285.00 UPDATE count: 1, average latency(us): 171.00 


/opt/hostedtoolcache/Java_Temurin-Hotspot_jdk/17.0.20-1/x64/bin/java  -classpath /home/runner/ycsb-mongodb-binding-0.17.0/conf:/home/runner/ycsb-mongodb-binding-0.17.0/lib/HdrHistogram-2.1.4.jar:/home/runner/ycsb-mongodb-binding-0.17.0/lib/core-0.17.0.jar:/home/runner/ycsb-mongodb-binding-0.17.0/lib/htrace-core4-4.1.0-incubating.jar:/home/runner/ycsb-mongodb-binding-0.17.0/lib/jackson-core-asl-1.9.4.jar:/home/runner/ycsb-mongodb-binding-0.17.0/lib/jackson-mapper-asl-1.9.4.jar:/home/runner/ycsb-mongodb-binding-0.17.0/lib/logback-classic-1.1.2.jar:/home/runner/ycsb-mongodb-binding-0.17.0/lib/logback-core-1.1.2.jar:/home/runner/ycsb-mongodb-binding-0.17.0/lib/mongo-java-driver-3.8.0.jar:/home/runner/ycsb-mongodb-binding-0.17.0/lib/mongodb-async-driver-2.0.1.jar:/home/runner/ycsb-mongodb-binding-0.17.0/lib/mongodb-binding-0.17.0.jar:/home/runner/ycsb-mongodb-binding-0.17.0/lib/slf4j-api-1.7.25.jar:/home/runner/ycsb-mongodb-binding-0.17.0/lib/snappy-java-1.1.7.1.jar site.ycsb.Client -t -db site.ycsb.db.MongoDbClient -s -P /home/runner/ycsb-mongodb-binding-0.17.0/workloads/workloada -p mongodb.url=mongodb://127.0.0.1:27017/ycsb?w=1 -p measurementtype=raw -p measurement.raw.output_file=/home/runner/work/The-Omni-Compass/The-Omni-Compass/out/ycsb-tuning/rep-2/omni/notch-9.raw -p recordcount=1250000 -p operationcount=1000000000 -p maxexecutiontime=20 -p target=3000 -p threads=32 -p insertstart=0 -p insertorder=ordered -p requestdistribution=uniform -p seed=100208
mongo client connection created with mongodb://127.0.0.1:27017/ycsb?w=1
Raw data measurement: will output to result file: /home/runner/work/The-Omni-Compass/The-Omni-Compass/out/ycsb-tuning/rep-2/omni/notch-9.raw
Raw data measurement: will output to result file: /home/runner/work/The-Omni-Compass/The-Omni-Compass/out/ycsb-tuning/rep-2/omni/notch-9.raw
Raw data measurement: will output to result file: /home/runner/work/The-Omni-Compass/The-Omni-Compass/out/ycsb-tuning/rep-2/omni/notch-9.raw
[OVERALL], RunTime(ms), 20003
[OVERALL], Throughput(ops/sec), 2961.1058341248813
[TOTAL_GCS_G1_Young_Generation], Count, 10
[TOTAL_GC_TIME_G1_Young_Generation], Time(ms), 46
[TOTAL_GC_TIME_%_G1_Young_Generation], Time(%), 0.22996550517422387
[TOTAL_GCS_G1_Old_Generation], Count, 0
[TOTAL_GC_TIME_G1_Old_Generation], Time(ms), 0
[TOTAL_GC_TIME_%_G1_Old_Generation], Time(%), 0.0
[TOTAL_GCs], Count, 10
[TOTAL_GC_TIME], Time(ms), 46
[TOTAL_GC_TIME_%], Time(%), 0.22996550517422387
[READ], Total Operations, 29527
[READ], Below is a summary of latency in microseconds:, -1
[READ], Average, 138.74213431774308
[READ], Min, 69
[READ], Max, 8673
[READ], p1, 85
[READ], p5, 93
[READ], p50, 115
[READ], p90, 180
[READ], p95, 236
[READ], p99, 450
[READ], p99.9, 3209
[READ], p99.99, 8312
[READ], Return=OK, 29527
[CLEANUP], Total Operations, 1
[CLEANUP], Below is a summary of latency in microseconds:, -1
[CLEANUP], Average, 1529.0
[CLEANUP], Min, 1529
[CLEANUP], Max, 1529
[CLEANUP], p1, 1529
[CLEANUP], p5, 1529
[CLEANUP], p50, 1529
[CLEANUP], p90, 1529
[CLEANUP], p95, 1529
[CLEANUP], p99, 1529
[CLEANUP], p99.9, 1529
[CLEANUP], p99.99, 1529
[UPDATE], Total Operations, 29704
[UPDATE], Below is a summary of latency in microseconds:, -1
[UPDATE], Average, 158.03157823862105
[UPDATE], Min, 77
[UPDATE], Max, 39069
[UPDATE], p1, 100
[UPDATE], p5, 107
[UPDATE], p50, 130
[UPDATE], p90, 207
[UPDATE], p95, 274
[UPDATE], p99, 483
[UPDATE], p99.9, 2517
[UPDATE], p99.99, 9057
[UPDATE], Return=OK, 29704

Command line: -t -db site.ycsb.db.MongoDbClient -s -P /home/runner/ycsb-mongodb-binding-0.17.0/workloads/workloada -p mongodb.url=mongodb://127.0.0.1:27017/ycsb?w=1 -p measurementtype=raw -p measurement.raw.output_file=/home/runner/work/The-Omni-Compass/The-Omni-Compass/out/ycsb-tuning/rep-2/omni/notch-9.raw -p recordcount=1250000 -p operationcount=1000000000 -p maxexecutiontime=20 -p target=3000 -p threads=32 -p insertstart=0 -p insertorder=ordered -p requestdistribution=uniform -p seed=100208
YCSB Client 0.17.0

Loading workload...
Starting test.
Maximum execution time specified as: 20 secs
2026-10-08 04:49:39:520 0 sec: 0 operations; est completion in 0 second 
DBWrapper: report latency for each error is false and specific error codes to track for latency are: []
2026-10-08 04:49:49:482 10 sec: 29231 operations; 2922.81 current ops/sec; est completion in 3 days 23 hours READ count: 14621, average latency(us): 158.84 UPDATE count: 14612, average latency(us): 181.58 
Maximum time elapsed. Requesting stop for the workload.
Stop requested for workload. Now Joining!
2026-10-08 04:49:59:482 20 sec: 59230 operations; 3000.2 current ops/sec; est completion in 3 days 21 hours READ count: 14906, average latency(us): 119.03 UPDATE count: 15092, average latency(us): 135.23 
2026-10-08 04:49:59:484 20 sec: 59231 operations; 333.33 current ops/sec; est completion in 3 days 21 hours  CLEANUP count: 1, average latency(us): 1529.00  


/opt/hostedtoolcache/Java_Temurin-Hotspot_jdk/17.0.20-1/x64/bin/java  -classpath /home/runner/ycsb-mongodb-binding-0.17.0/conf:/home/runner/ycsb-mongodb-binding-0.17.0/lib/HdrHistogram-2.1.4.jar:/home/runner/ycsb-mongodb-binding-0.17.0/lib/core-0.17.0.jar:/home/runner/ycsb-mongodb-binding-0.17.0/lib/htrace-core4-4.1.0-incubating.jar:/home/runner/ycsb-mongodb-binding-0.17.0/lib/jackson-core-asl-1.9.4.jar:/home/runner/ycsb-mongodb-binding-0.17.0/lib/jackson-mapper-asl-1.9.4.jar:/home/runner/ycsb-mongodb-binding-0.17.0/lib/logback-classic-1.1.2.jar:/home/runner/ycsb-mongodb-binding-0.17.0/lib/logback-core-1.1.2.jar:/home/runner/ycsb-mongodb-binding-0.17.0/lib/mongo-java-driver-3.8.0.jar:/home/runner/ycsb-mongodb-binding-0.17.0/lib/mongodb-async-driver-2.0.1.jar:/home/runner/ycsb-mongodb-binding-0.17.0/lib/mongodb-binding-0.17.0.jar:/home/runner/ycsb-mongodb-binding-0.17.0/lib/slf4j-api-1.7.25.jar:/home/runner/ycsb-mongodb-binding-0.17.0/lib/snappy-java-1.1.7.1.jar site.ycsb.Client -t -db site.ycsb.db.MongoDbClient -s -P /home/runner/ycsb-mongodb-binding-0.17.0/workloads/workloada -p mongodb.url=mongodb://127.0.0.1:27017/ycsb?w=1 -p measurementtype=raw -p measurement.raw.output_file=/home/runner/work/The-Omni-Compass/The-Omni-Compass/out/ycsb-tuning/rep-2/omni/notch-10.raw -p recordcount=1000000 -p operationcount=1000000000 -p maxexecutiontime=20 -p target=3000 -p threads=32 -p insertstart=0 -p insertorder=ordered -p requestdistribution=uniform -p seed=100209
mongo client connection created with mongodb://127.0.0.1:27017/ycsb?w=1
Raw data measurement: will output to result file: /home/runner/work/The-Omni-Compass/The-Omni-Compass/out/ycsb-tuning/rep-2/omni/notch-10.raw
Raw data measurement: will output to result file: /home/runner/work/The-Omni-Compass/The-Omni-Compass/out/ycsb-tuning/rep-2/omni/notch-10.raw
Raw data measurement: will output to result file: /home/runner/work/The-Omni-Compass/The-Omni-Compass/out/ycsb-tuning/rep-2/omni/notch-10.raw
[OVERALL], RunTime(ms), 20003
[OVERALL], Throughput(ops/sec), 2962.8055791631255
[TOTAL_GCS_G1_Young_Generation], Count, 10
[TOTAL_GC_TIME_G1_Young_Generation], Time(ms), 42
[TOTAL_GC_TIME_%_G1_Young_Generation], Time(%), 0.20996850472429135
[TOTAL_GCS_G1_Old_Generation], Count, 0
[TOTAL_GC_TIME_G1_Old_Generation], Time(ms), 0
[TOTAL_GC_TIME_%_G1_Old_Generation], Time(%), 0.0
[TOTAL_GCs], Count, 10
[TOTAL_GC_TIME], Time(ms), 42
[TOTAL_GC_TIME_%], Time(%), 0.20996850472429135
[READ], Total Operations, 29671
[READ], Below is a summary of latency in microseconds:, -1
[READ], Average, 132.12136429510295
[READ], Min, 68
[READ], Max, 8327
[READ], p1, 83
[READ], p5, 92
[READ], p50, 114
[READ], p90, 173
[READ], p95, 213
[READ], p99, 408
[READ], p99.9, 1330
[READ], p99.99, 5742
[READ], Return=OK, 29671
[CLEANUP], Total Operations, 1
[CLEANUP], Below is a summary of latency in microseconds:, -1
[CLEANUP], Average, 1111.0
[CLEANUP], Min, 1111
[CLEANUP], Max, 1111
[CLEANUP], p1, 1111
[CLEANUP], p5, 1111
[CLEANUP], p50, 1111
[CLEANUP], p90, 1111
[CLEANUP], p95, 1111
[CLEANUP], p99, 1111
[CLEANUP], p99.9, 1111
[CLEANUP], p99.99, 1111
[UPDATE], Total Operations, 29594
[UPDATE], Below is a summary of latency in microseconds:, -1
[UPDATE], Average, 151.27478542947895
[UPDATE], Min, 68
[UPDATE], Max, 38650
[UPDATE], p1, 98
[UPDATE], p5, 105
[UPDATE], p50, 128
[UPDATE], p90, 202
[UPDATE], p95, 242
[UPDATE], p99, 437
[UPDATE], p99.9, 1235
[UPDATE], p99.99, 5988
[UPDATE], Return=OK, 29594

Command line: -t -db site.ycsb.db.MongoDbClient -s -P /home/runner/ycsb-mongodb-binding-0.17.0/workloads/workloada -p mongodb.url=mongodb://127.0.0.1:27017/ycsb?w=1 -p measurementtype=raw -p measurement.raw.output_file=/home/runner/work/The-Omni-Compass/The-Omni-Compass/out/ycsb-tuning/rep-2/omni/notch-10.raw -p recordcount=1000000 -p operationcount=1000000000 -p maxexecutiontime=20 -p target=3000 -p threads=32 -p insertstart=0 -p insertorder=ordered -p requestdistribution=uniform -p seed=100209
YCSB Client 0.17.0

Loading workload...
Starting test.
Maximum execution time specified as: 20 secs
2026-10-08 04:49:59:859 0 sec: 0 operations; est completion in 0 second 
DBWrapper: report latency for each error is false and specific error codes to track for latency are: []
2026-10-08 04:50:09:835 10 sec: 29264 operations; 2926.4 current ops/sec; est completion in 3 days 22 hours READ count: 14583, average latency(us): 148.21 UPDATE count: 14685, average latency(us): 172.21 
Maximum time elapsed. Requesting stop for the workload.
Stop requested for workload. Now Joining!
2026-10-08 04:50:19:835 20 sec: 59264 operations; 3000 current ops/sec; est completion in 3 days 21 hours READ count: 15087, average latency(us): 116.49 UPDATE count: 14909, average latency(us): 130.66 
2026-10-08 04:50:19:838 20 sec: 59265 operations; 333.33 current ops/sec; est completion in 3 days 21 hours READ count: 1, average latency(us): 1330.00 CLEANUP count: 1, average latency(us): 1111.00  


/opt/hostedtoolcache/Java_Temurin-Hotspot_jdk/17.0.20-1/x64/bin/java  -classpath /home/runner/ycsb-mongodb-binding-0.17.0/conf:/home/runner/ycsb-mongodb-binding-0.17.0/lib/HdrHistogram-2.1.4.jar:/home/runner/ycsb-mongodb-binding-0.17.0/lib/core-0.17.0.jar:/home/runner/ycsb-mongodb-binding-0.17.0/lib/htrace-core4-4.1.0-incubating.jar:/home/runner/ycsb-mongodb-binding-0.17.0/lib/jackson-core-asl-1.9.4.jar:/home/runner/ycsb-mongodb-binding-0.17.0/lib/jackson-mapper-asl-1.9.4.jar:/home/runner/ycsb-mongodb-binding-0.17.0/lib/logback-classic-1.1.2.jar:/home/runner/ycsb-mongodb-binding-0.17.0/lib/logback-core-1.1.2.jar:/home/runner/ycsb-mongodb-binding-0.17.0/lib/mongo-java-driver-3.8.0.jar:/home/runner/ycsb-mongodb-binding-0.17.0/lib/mongodb-async-driver-2.0.1.jar:/home/runner/ycsb-mongodb-binding-0.17.0/lib/mongodb-binding-0.17.0.jar:/home/runner/ycsb-mongodb-binding-0.17.0/lib/slf4j-api-1.7.25.jar:/home/runner/ycsb-mongodb-binding-0.17.0/lib/snappy-java-1.1.7.1.jar site.ycsb.Client -t -db site.ycsb.db.MongoDbClient -s -P /home/runner/ycsb-mongodb-binding-0.17.0/workloads/workloada -p mongodb.url=mongodb://127.0.0.1:27017/ycsb?w=1 -p measurementtype=raw -p measurement.raw.output_file=/home/runner/work/The-Omni-Compass/The-Omni-Compass/out/ycsb-tuning/rep-2/omni/notch-11.raw -p recordcount=750000 -p operationcount=1000000000 -p maxexecutiontime=20 -p target=3000 -p threads=32 -p insertstart=0 -p insertorder=ordered -p requestdistribution=uniform -p seed=100210
mongo client connection created with mongodb://127.0.0.1:27017/ycsb?w=1
Raw data measurement: will output to result file: /home/runner/work/The-Omni-Compass/The-Omni-Compass/out/ycsb-tuning/rep-2/omni/notch-11.raw
Raw data measurement: will output to result file: /home/runner/work/The-Omni-Compass/The-Omni-Compass/out/ycsb-tuning/rep-2/omni/notch-11.raw
Raw data measurement: will output to result file: /home/runner/work/The-Omni-Compass/The-Omni-Compass/out/ycsb-tuning/rep-2/omni/notch-11.raw
[OVERALL], RunTime(ms), 20003
[OVERALL], Throughput(ops/sec), 2962.305654151877
[TOTAL_GCS_G1_Young_Generation], Count, 10
[TOTAL_GC_TIME_G1_Young_Generation], Time(ms), 38
[TOTAL_GC_TIME_%_G1_Young_Generation], Time(%), 0.18997150427435883
[TOTAL_GCS_G1_Old_Generation], Count, 0
[TOTAL_GC_TIME_G1_Old_Generation], Time(ms), 0
[TOTAL_GC_TIME_%_G1_Old_Generation], Time(%), 0.0
[TOTAL_GCs], Count, 10
[TOTAL_GC_TIME], Time(ms), 38
[TOTAL_GC_TIME_%], Time(%), 0.18997150427435883
[READ], Total Operations, 29669
[READ], Below is a summary of latency in microseconds:, -1
[READ], Average, 132.3729144898716
[READ], Min, 62
[READ], Max, 5940
[READ], p1, 83
[READ], p5, 92
[READ], p50, 114
[READ], p90, 171
[READ], p95, 212
[READ], p99, 413
[READ], p99.9, 1532
[READ], p99.99, 4879
[READ], Return=OK, 29669
[CLEANUP], Total Operations, 1
[CLEANUP], Below is a summary of latency in microseconds:, -1
[CLEANUP], Average, 1403.0
[CLEANUP], Min, 1403
[CLEANUP], Max, 1403
[CLEANUP], p1, 1403
[CLEANUP], p5, 1403
[CLEANUP], p50, 1403
[CLEANUP], p90, 1403
[CLEANUP], p95, 1403
[CLEANUP], p99, 1403
[CLEANUP], p99.9, 1403
[CLEANUP], p99.99, 1403
[UPDATE], Total Operations, 29586
[UPDATE], Below is a summary of latency in microseconds:, -1
[UPDATE], Average, 150.70486040694922
[UPDATE], Min, 78
[UPDATE], Max, 37954
[UPDATE], p1, 98
[UPDATE], p5, 104
[UPDATE], p50, 128
[UPDATE], p90, 198
[UPDATE], p95, 242
[UPDATE], p99, 441
[UPDATE], p99.9, 1531
[UPDATE], p99.99, 5783
[UPDATE], Return=OK, 29586

Command line: -t -db site.ycsb.db.MongoDbClient -s -P /home/runner/ycsb-mongodb-binding-0.17.0/workloads/workloada -p mongodb.url=mongodb://127.0.0.1:27017/ycsb?w=1 -p measurementtype=raw -p measurement.raw.output_file=/home/runner/work/The-Omni-Compass/The-Omni-Compass/out/ycsb-tuning/rep-2/omni/notch-11.raw -p recordcount=750000 -p operationcount=1000000000 -p maxexecutiontime=20 -p target=3000 -p threads=32 -p insertstart=0 -p insertorder=ordered -p requestdistribution=uniform -p seed=100210
YCSB Client 0.17.0

Loading workload...
Starting test.
Maximum execution time specified as: 20 secs
2026-10-08 04:50:20:208 0 sec: 0 operations; est completion in 0 second 
DBWrapper: report latency for each error is false and specific error codes to track for latency are: []
2026-10-08 04:50:30:185 10 sec: 29254 operations; 2925.11 current ops/sec; est completion in 3 days 22 hours READ count: 14786, average latency(us): 148.05 UPDATE count: 14469, average latency(us): 169.98 
Maximum time elapsed. Requesting stop for the workload.
2026-10-08 04:50:40:185 20 sec: 59253 operations; 3000.2 current ops/sec; est completion in 3 days 21 hours READ count: 14882, average latency(us): 116.79 UPDATE count: 15117, average latency(us): 132.25 
Stop requested for workload. Now Joining!
2026-10-08 04:50:40:187 20 sec: 59255 operations; 666.67 current ops/sec; est completion in 3 days 21 hours READ count: 1, average latency(us): 209.00 CLEANUP count: 1, average latency(us): 1403.00  


/opt/hostedtoolcache/Java_Temurin-Hotspot_jdk/17.0.20-1/x64/bin/java  -classpath /home/runner/ycsb-mongodb-binding-0.17.0/conf:/home/runner/ycsb-mongodb-binding-0.17.0/lib/HdrHistogram-2.1.4.jar:/home/runner/ycsb-mongodb-binding-0.17.0/lib/core-0.17.0.jar:/home/runner/ycsb-mongodb-binding-0.17.0/lib/htrace-core4-4.1.0-incubating.jar:/home/runner/ycsb-mongodb-binding-0.17.0/lib/jackson-core-asl-1.9.4.jar:/home/runner/ycsb-mongodb-binding-0.17.0/lib/jackson-mapper-asl-1.9.4.jar:/home/runner/ycsb-mongodb-binding-0.17.0/lib/logback-classic-1.1.2.jar:/home/runner/ycsb-mongodb-binding-0.17.0/lib/logback-core-1.1.2.jar:/home/runner/ycsb-mongodb-binding-0.17.0/lib/mongo-java-driver-3.8.0.jar:/home/runner/ycsb-mongodb-binding-0.17.0/lib/mongodb-async-driver-2.0.1.jar:/home/runner/ycsb-mongodb-binding-0.17.0/lib/mongodb-binding-0.17.0.jar:/home/runner/ycsb-mongodb-binding-0.17.0/lib/slf4j-api-1.7.25.jar:/home/runner/ycsb-mongodb-binding-0.17.0/lib/snappy-java-1.1.7.1.jar site.ycsb.Client -t -db site.ycsb.db.MongoDbClient -s -P /home/runner/ycsb-mongodb-binding-0.17.0/workloads/workloada -p mongodb.url=mongodb://127.0.0.1:27017/ycsb?w=1 -p measurementtype=raw -p measurement.raw.output_file=/home/runner/work/The-Omni-Compass/The-Omni-Compass/out/ycsb-tuning/rep-2/omni/notch-12.raw -p recordcount=500000 -p operationcount=1000000000 -p maxexecutiontime=20 -p target=3000 -p threads=32 -p insertstart=0 -p insertorder=ordered -p requestdistribution=uniform -p seed=100211
mongo client connection created with mongodb://127.0.0.1:27017/ycsb?w=1
Raw data measurement: will output to result file: /home/runner/work/The-Omni-Compass/The-Omni-Compass/out/ycsb-tuning/rep-2/omni/notch-12.raw
Raw data measurement: will output to result file: /home/runner/work/The-Omni-Compass/The-Omni-Compass/out/ycsb-tuning/rep-2/omni/notch-12.raw
Raw data measurement: will output to result file: /home/runner/work/The-Omni-Compass/The-Omni-Compass/out/ycsb-tuning/rep-2/omni/notch-12.raw
[OVERALL], RunTime(ms), 20003
[OVERALL], Throughput(ops/sec), 2965.555166724991
[TOTAL_GCS_G1_Young_Generation], Count, 10
[TOTAL_GC_TIME_G1_Young_Generation], Time(ms), 42
[TOTAL_GC_TIME_%_G1_Young_Generation], Time(%), 0.20996850472429135
[TOTAL_GCS_G1_Old_Generation], Count, 0
[TOTAL_GC_TIME_G1_Old_Generation], Time(ms), 0
[TOTAL_GC_TIME_%_G1_Old_Generation], Time(%), 0.0
[TOTAL_GCs], Count, 10
[TOTAL_GC_TIME], Time(ms), 42
[TOTAL_GC_TIME_%], Time(%), 0.20996850472429135
[READ], Total Operations, 29551
[READ], Below is a summary of latency in microseconds:, -1
[READ], Average, 126.88575682718013
[READ], Min, 61
[READ], Max, 5416
[READ], p1, 79
[READ], p5, 87
[READ], p50, 108
[READ], p90, 173
[READ], p95, 214
[READ], p99, 389
[READ], p99.9, 1585
[READ], p99.99, 4322
[READ], Return=OK, 29551
[CLEANUP], Total Operations, 1
[CLEANUP], Below is a summary of latency in microseconds:, -1
[CLEANUP], Average, 1618.0
[CLEANUP], Min, 1618
[CLEANUP], Max, 1618
[CLEANUP], p1, 1618
[CLEANUP], p5, 1618
[CLEANUP], p50, 1618
[CLEANUP], p90, 1618
[CLEANUP], p95, 1618
[CLEANUP], p99, 1618
[CLEANUP], p99.9, 1618
[CLEANUP], p99.99, 1618
[UPDATE], Total Operations, 29769
[UPDATE], Below is a summary of latency in microseconds:, -1
[UPDATE], Average, 144.77372434411637
[UPDATE], Min, 72
[UPDATE], Max, 34056
[UPDATE], p1, 94
[UPDATE], p5, 100
[UPDATE], p50, 122
[UPDATE], p90, 198
[UPDATE], p95, 245
[UPDATE], p99, 413
[UPDATE], p99.9, 1527
[UPDATE], p99.99, 7111
[UPDATE], Return=OK, 29769

Command line: -t -db site.ycsb.db.MongoDbClient -s -P /home/runner/ycsb-mongodb-binding-0.17.0/workloads/workloada -p mongodb.url=mongodb://127.0.0.1:27017/ycsb?w=1 -p measurementtype=raw -p measurement.raw.output_file=/home/runner/work/The-Omni-Compass/The-Omni-Compass/out/ycsb-tuning/rep-2/omni/notch-12.raw -p recordcount=500000 -p operationcount=1000000000 -p maxexecutiontime=20 -p target=3000 -p threads=32 -p insertstart=0 -p insertorder=ordered -p requestdistribution=uniform -p seed=100211
YCSB Client 0.17.0

Loading workload...
Starting test.
Maximum execution time specified as: 20 secs
2026-10-08 04:50:40:595 0 sec: 0 operations; est completion in 0 second 
DBWrapper: report latency for each error is false and specific error codes to track for latency are: []
2026-10-08 04:50:50:571 10 sec: 29320 operations; 2931.71 current ops/sec; est completion in 3 days 22 hours READ count: 14665, average latency(us): 143.76 UPDATE count: 14659, average latency(us): 163.49 
Maximum time elapsed. Requesting stop for the workload.
Stop requested for workload. Now Joining!
2026-10-08 04:51:00:571 20 sec: 59320 operations; 3000.3 current ops/sec; est completion in 3 days 21 hours READ count: 14886, average latency(us): 110.26 UPDATE count: 15110, average latency(us): 126.61 
2026-10-08 04:51:00:573 20 sec: 59320 operations; 0 current ops/sec; est completion in 3 days 21 hours  CLEANUP count: 1, average latency(us): 1618.00  


/opt/hostedtoolcache/Java_Temurin-Hotspot_jdk/17.0.20-1/x64/bin/java  -classpath /home/runner/ycsb-mongodb-binding-0.17.0/conf:/home/runner/ycsb-mongodb-binding-0.17.0/lib/HdrHistogram-2.1.4.jar:/home/runner/ycsb-mongodb-binding-0.17.0/lib/core-0.17.0.jar:/home/runner/ycsb-mongodb-binding-0.17.0/lib/htrace-core4-4.1.0-incubating.jar:/home/runner/ycsb-mongodb-binding-0.17.0/lib/jackson-core-asl-1.9.4.jar:/home/runner/ycsb-mongodb-binding-0.17.0/lib/jackson-mapper-asl-1.9.4.jar:/home/runner/ycsb-mongodb-binding-0.17.0/lib/logback-classic-1.1.2.jar:/home/runner/ycsb-mongodb-binding-0.17.0/lib/logback-core-1.1.2.jar:/home/runner/ycsb-mongodb-binding-0.17.0/lib/mongo-java-driver-3.8.0.jar:/home/runner/ycsb-mongodb-binding-0.17.0/lib/mongodb-async-driver-2.0.1.jar:/home/runner/ycsb-mongodb-binding-0.17.0/lib/mongodb-binding-0.17.0.jar:/home/runner/ycsb-mongodb-binding-0.17.0/lib/slf4j-api-1.7.25.jar:/home/runner/ycsb-mongodb-binding-0.17.0/lib/snappy-java-1.1.7.1.jar site.ycsb.Client -t -db site.ycsb.db.MongoDbClient -s -P /home/runner/ycsb-mongodb-binding-0.17.0/workloads/workloada -p mongodb.url=mongodb://127.0.0.1:27017/ycsb?w=1 -p measurementtype=raw -p measurement.raw.output_file=/home/runner/work/The-Omni-Compass/The-Omni-Compass/out/ycsb-tuning/rep-2/omni/notch-13.raw -p recordcount=250000 -p operationcount=1000000000 -p maxexecutiontime=20 -p target=3000 -p threads=32 -p insertstart=0 -p insertorder=ordered -p requestdistribution=uniform -p seed=100212
mongo client connection created with mongodb://127.0.0.1:27017/ycsb?w=1
Raw data measurement: will output to result file: /home/runner/work/The-Omni-Compass/The-Omni-Compass/out/ycsb-tuning/rep-2/omni/notch-13.raw
Raw data measurement: will output to result file: /home/runner/work/The-Omni-Compass/The-Omni-Compass/out/ycsb-tuning/rep-2/omni/notch-13.raw
Raw data measurement: will output to result file: /home/runner/work/The-Omni-Compass/The-Omni-Compass/out/ycsb-tuning/rep-2/omni/notch-13.raw
[OVERALL], RunTime(ms), 20002
[OVERALL], Throughput(ops/sec), 2965.953404659534
[TOTAL_GCS_G1_Young_Generation], Count, 10
[TOTAL_GC_TIME_G1_Young_Generation], Time(ms), 38
[TOTAL_GC_TIME_%_G1_Young_Generation], Time(%), 0.18998100189981001
[TOTAL_GCS_G1_Old_Generation], Count, 0
[TOTAL_GC_TIME_G1_Old_Generation], Time(ms), 0
[TOTAL_GC_TIME_%_G1_Old_Generation], Time(%), 0.0
[TOTAL_GCs], Count, 10
[TOTAL_GC_TIME], Time(ms), 38
[TOTAL_GC_TIME_%], Time(%), 0.18998100189981001
[READ], Total Operations, 29734
[READ], Below is a summary of latency in microseconds:, -1
[READ], Average, 122.31247057240869
[READ], Min, 46
[READ], Max, 41701
[READ], p1, 78
[READ], p5, 84
[READ], p50, 101
[READ], p90, 161
[READ], p95, 206
[READ], p99, 402
[READ], p99.9, 1833
[READ], p99.99, 4929
[READ], Return=OK, 29734
[CLEANUP], Total Operations, 1
[CLEANUP], Below is a summary of latency in microseconds:, -1
[CLEANUP], Average, 1318.0
[CLEANUP], Min, 1318
[CLEANUP], Max, 1318
[CLEANUP], p1, 1318
[CLEANUP], p5, 1318
[CLEANUP], p50, 1318
[CLEANUP], p90, 1318
[CLEANUP], p95, 1318
[CLEANUP], p99, 1318
[CLEANUP], p99.9, 1318
[CLEANUP], p99.99, 1318
[UPDATE], Total Operations, 29591
[UPDATE], Below is a summary of latency in microseconds:, -1
[UPDATE], Average, 134.862593356088
[UPDATE], Min, 57
[UPDATE], Max, 5646
[UPDATE], p1, 92
[UPDATE], p5, 97
[UPDATE], p50, 113
[UPDATE], p90, 188
[UPDATE], p95, 236
[UPDATE], p99, 412
[UPDATE], p99.9, 1467
[UPDATE], p99.99, 5221
[UPDATE], Return=OK, 29591

Command line: -t -db site.ycsb.db.MongoDbClient -s -P /home/runner/ycsb-mongodb-binding-0.17.0/workloads/workloada -p mongodb.url=mongodb://127.0.0.1:27017/ycsb?w=1 -p measurementtype=raw -p measurement.raw.output_file=/home/runner/work/The-Omni-Compass/The-Omni-Compass/out/ycsb-tuning/rep-2/omni/notch-13.raw -p recordcount=250000 -p operationcount=1000000000 -p maxexecutiontime=20 -p target=3000 -p threads=32 -p insertstart=0 -p insertorder=ordered -p requestdistribution=uniform -p seed=100212
YCSB Client 0.17.0

Loading workload...
Starting test.
Maximum execution time specified as: 20 secs
2026-10-08 04:51:00:948 0 sec: 0 operations; est completion in 0 second 
DBWrapper: report latency for each error is false and specific error codes to track for latency are: []
2026-10-08 04:51:10:921 10 sec: 29325 operations; 2932.5 current ops/sec; est completion in 3 days 22 hours READ count: 14665, average latency(us): 141.23 UPDATE count: 14662, average latency(us): 153.94 
Maximum time elapsed. Requesting stop for the workload.
Stop requested for workload. Now Joining!
2026-10-08 04:51:20:921 20 sec: 59324 operations; 2999.9 current ops/sec; est completion in 3 days 21 hours READ count: 15069, average latency(us): 103.90 UPDATE count: 14929, average latency(us): 116.13 
2026-10-08 04:51:20:923 20 sec: 59325 operations; 500 current ops/sec; est completion in 3 days 21 hours  CLEANUP count: 1, average latency(us): 1318.00  


/opt/hostedtoolcache/Java_Temurin-Hotspot_jdk/17.0.20-1/x64/bin/java  -classpath /home/runner/ycsb-mongodb-binding-0.17.0/conf:/home/runner/ycsb-mongodb-binding-0.17.0/lib/HdrHistogram-2.1.4.jar:/home/runner/ycsb-mongodb-binding-0.17.0/lib/core-0.17.0.jar:/home/runner/ycsb-mongodb-binding-0.17.0/lib/htrace-core4-4.1.0-incubating.jar:/home/runner/ycsb-mongodb-binding-0.17.0/lib/jackson-core-asl-1.9.4.jar:/home/runner/ycsb-mongodb-binding-0.17.0/lib/jackson-mapper-asl-1.9.4.jar:/home/runner/ycsb-mongodb-binding-0.17.0/lib/logback-classic-1.1.2.jar:/home/runner/ycsb-mongodb-binding-0.17.0/lib/logback-core-1.1.2.jar:/home/runner/ycsb-mongodb-binding-0.17.0/lib/mongo-java-driver-3.8.0.jar:/home/runner/ycsb-mongodb-binding-0.17.0/lib/mongodb-async-driver-2.0.1.jar:/home/runner/ycsb-mongodb-binding-0.17.0/lib/mongodb-binding-0.17.0.jar:/home/runner/ycsb-mongodb-binding-0.17.0/lib/slf4j-api-1.7.25.jar:/home/runner/ycsb-mongodb-binding-0.17.0/lib/snappy-java-1.1.7.1.jar site.ycsb.Client -t -db site.ycsb.db.MongoDbClient -s -P /home/runner/ycsb-mongodb-binding-0.17.0/workloads/workloada -p mongodb.url=mongodb://127.0.0.1:27017/ycsb?w=1 -p measurementtype=raw -p measurement.raw.output_file=/home/runner/work/The-Omni-Compass/The-Omni-Compass/out/ycsb-tuning/rep-2/omni/notch-14.raw -p recordcount=500000 -p operationcount=1000000000 -p maxexecutiontime=20 -p target=3000 -p threads=32 -p insertstart=0 -p insertorder=ordered -p requestdistribution=uniform -p seed=100213
mongo client connection created with mongodb://127.0.0.1:27017/ycsb?w=1
Raw data measurement: will output to result file: /home/runner/work/The-Omni-Compass/The-Omni-Compass/out/ycsb-tuning/rep-2/omni/notch-14.raw
Raw data measurement: will output to result file: /home/runner/work/The-Omni-Compass/The-Omni-Compass/out/ycsb-tuning/rep-2/omni/notch-14.raw
Raw data measurement: will output to result file: /home/runner/work/The-Omni-Compass/The-Omni-Compass/out/ycsb-tuning/rep-2/omni/notch-14.raw
[OVERALL], RunTime(ms), 20002
[OVERALL], Throughput(ops/sec), 2961.6038396160384
[TOTAL_GCS_G1_Young_Generation], Count, 10
[TOTAL_GC_TIME_G1_Young_Generation], Time(ms), 39
[TOTAL_GC_TIME_%_G1_Young_Generation], Time(%), 0.19498050194980504
[TOTAL_GCS_G1_Old_Generation], Count, 0
[TOTAL_GC_TIME_G1_Old_Generation], Time(ms), 0
[TOTAL_GC_TIME_%_G1_Old_Generation], Time(%), 0.0
[TOTAL_GCs], Count, 10
[TOTAL_GC_TIME], Time(ms), 39
[TOTAL_GC_TIME_%], Time(%), 0.19498050194980504
[READ], Total Operations, 29833
[READ], Below is a summary of latency in microseconds:, -1
[READ], Average, 129.49415077263433
[READ], Min, 60
[READ], Max, 37633
[READ], p1, 81
[READ], p5, 89
[READ], p50, 111
[READ], p90, 165
[READ], p95, 204
[READ], p99, 390
[READ], p99.9, 1712
[READ], p99.99, 4791
[READ], Return=OK, 29833
[CLEANUP], Total Operations, 1
[CLEANUP], Below is a summary of latency in microseconds:, -1
[CLEANUP], Average, 1324.0
[CLEANUP], Min, 1324
[CLEANUP], Max, 1324
[CLEANUP], p1, 1324
[CLEANUP], p5, 1324
[CLEANUP], p50, 1324
[CLEANUP], p90, 1324
[CLEANUP], p95, 1324
[CLEANUP], p99, 1324
[CLEANUP], p99.9, 1324
[CLEANUP], p99.99, 1324
[UPDATE], Total Operations, 29405
[UPDATE], Below is a summary of latency in microseconds:, -1
[UPDATE], Average, 145.24080938615882
[UPDATE], Min, 62
[UPDATE], Max, 5749
[UPDATE], p1, 94
[UPDATE], p5, 102
[UPDATE], p50, 125
[UPDATE], p90, 191
[UPDATE], p95, 234
[UPDATE], p99, 406
[UPDATE], p99.9, 1768
[UPDATE], p99.99, 4731
[UPDATE], Return=OK, 29405

Command line: -t -db site.ycsb.db.MongoDbClient -s -P /home/runner/ycsb-mongodb-binding-0.17.0/workloads/workloada -p mongodb.url=mongodb://127.0.0.1:27017/ycsb?w=1 -p measurementtype=raw -p measurement.raw.output_file=/home/runner/work/The-Omni-Compass/The-Omni-Compass/out/ycsb-tuning/rep-2/omni/notch-14.raw -p recordcount=500000 -p operationcount=1000000000 -p maxexecutiontime=20 -p target=3000 -p threads=32 -p insertstart=0 -p insertorder=ordered -p requestdistribution=uniform -p seed=100213
YCSB Client 0.17.0

Loading workload...
Starting test.
Maximum execution time specified as: 20 secs
2026-10-08 04:51:21:271 0 sec: 0 operations; est completion in 0 second 
DBWrapper: report latency for each error is false and specific error codes to track for latency are: []
2026-10-08 04:51:31:248 10 sec: 29238 operations; 2923.8 current ops/sec; est completion in 3 days 23 hours READ count: 14774, average latency(us): 143.89 UPDATE count: 14468, average latency(us): 159.55 
Maximum time elapsed. Requesting stop for the workload.
Stop requested for workload. Now Joining!
2026-10-08 04:51:41:248 20 sec: 59238 operations; 3000 current ops/sec; est completion in 3 days 21 hours READ count: 15059, average latency(us): 115.37 UPDATE count: 14937, average latency(us): 131.38 
2026-10-08 04:51:41:250 20 sec: 59238 operations; 0 current ops/sec; est completion in 3 days 21 hours  CLEANUP count: 1, average latency(us): 1324.00  


/opt/hostedtoolcache/Java_Temurin-Hotspot_jdk/17.0.20-1/x64/bin/java  -classpath /home/runner/ycsb-mongodb-binding-0.17.0/conf:/home/runner/ycsb-mongodb-binding-0.17.0/lib/HdrHistogram-2.1.4.jar:/home/runner/ycsb-mongodb-binding-0.17.0/lib/core-0.17.0.jar:/home/runner/ycsb-mongodb-binding-0.17.0/lib/htrace-core4-4.1.0-incubating.jar:/home/runner/ycsb-mongodb-binding-0.17.0/lib/jackson-core-asl-1.9.4.jar:/home/runner/ycsb-mongodb-binding-0.17.0/lib/jackson-mapper-asl-1.9.4.jar:/home/runner/ycsb-mongodb-binding-0.17.0/lib/logback-classic-1.1.2.jar:/home/runner/ycsb-mongodb-binding-0.17.0/lib/logback-core-1.1.2.jar:/home/runner/ycsb-mongodb-binding-0.17.0/lib/mongo-java-driver-3.8.0.jar:/home/runner/ycsb-mongodb-binding-0.17.0/lib/mongodb-async-driver-2.0.1.jar:/home/runner/ycsb-mongodb-binding-0.17.0/lib/mongodb-binding-0.17.0.jar:/home/runner/ycsb-mongodb-binding-0.17.0/lib/slf4j-api-1.7.25.jar:/home/runner/ycsb-mongodb-binding-0.17.0/lib/snappy-java-1.1.7.1.jar site.ycsb.Client -t -db site.ycsb.db.MongoDbClient -s -P /home/runner/ycsb-mongodb-binding-0.17.0/workloads/workloada -p mongodb.url=mongodb://127.0.0.1:27017/ycsb?w=1 -p measurementtype=raw -p measurement.raw.output_file=/home/runner/work/The-Omni-Compass/The-Omni-Compass/out/ycsb-tuning/rep-2/omni/notch-15.raw -p recordcount=250000 -p operationcount=1000000000 -p maxexecutiontime=20 -p target=3000 -p threads=32 -p insertstart=0 -p insertorder=ordered -p requestdistribution=uniform -p seed=100214
mongo client connection created with mongodb://127.0.0.1:27017/ycsb?w=1
Raw data measurement: will output to result file: /home/runner/work/The-Omni-Compass/The-Omni-Compass/out/ycsb-tuning/rep-2/omni/notch-15.raw
Raw data measurement: will output to result file: /home/runner/work/The-Omni-Compass/The-Omni-Compass/out/ycsb-tuning/rep-2/omni/notch-15.raw
Raw data measurement: will output to result file: /home/runner/work/The-Omni-Compass/The-Omni-Compass/out/ycsb-tuning/rep-2/omni/notch-15.raw
[OVERALL], RunTime(ms), 20003
[OVERALL], Throughput(ops/sec), 2964.8552717092434
[TOTAL_GCS_G1_Young_Generation], Count, 10
[TOTAL_GC_TIME_G1_Young_Generation], Time(ms), 40
[TOTAL_GC_TIME_%_G1_Young_Generation], Time(%), 0.1999700044993251
[TOTAL_GCS_G1_Old_Generation], Count, 0
[TOTAL_GC_TIME_G1_Old_Generation], Time(ms), 0
[TOTAL_GC_TIME_%_G1_Old_Generation], Time(%), 0.0
[TOTAL_GCs], Count, 10
[TOTAL_GC_TIME], Time(ms), 40
[TOTAL_GC_TIME_%], Time(%), 0.1999700044993251
[READ], Total Operations, 29714
[READ], Below is a summary of latency in microseconds:, -1
[READ], Average, 119.82230598371139
[READ], Min, 61
[READ], Max, 5766
[READ], p1, 78
[READ], p5, 83
[READ], p50, 99
[READ], p90, 157
[READ], p95, 203
[READ], p99, 402
[READ], p99.9, 1957
[READ], p99.99, 4758
[READ], Return=OK, 29714
[CLEANUP], Total Operations, 1
[CLEANUP], Below is a summary of latency in microseconds:, -1
[CLEANUP], Average, 1164.0
[CLEANUP], Min, 1164
[CLEANUP], Max, 1164
[CLEANUP], p1, 1164
[CLEANUP], p5, 1164
[CLEANUP], p50, 1164
[CLEANUP], p90, 1164
[CLEANUP], p95, 1164
[CLEANUP], p99, 1164
[CLEANUP], p99.9, 1164
[CLEANUP], p99.99, 1164
[UPDATE], Total Operations, 29592
[UPDATE], Below is a summary of latency in microseconds:, -1
[UPDATE], Average, 136.69400513652337
[UPDATE], Min, 74
[UPDATE], Max, 34130
[UPDATE], p1, 90
[UPDATE], p5, 97
[UPDATE], p50, 111
[UPDATE], p90, 186
[UPDATE], p95, 236
[UPDATE], p99, 414
[UPDATE], p99.9, 2163
[UPDATE], p99.99, 6025
[UPDATE], Return=OK, 29592

Command line: -t -db site.ycsb.db.MongoDbClient -s -P /home/runner/ycsb-mongodb-binding-0.17.0/workloads/workloada -p mongodb.url=mongodb://127.0.0.1:27017/ycsb?w=1 -p measurementtype=raw -p measurement.raw.output_file=/home/runner/work/The-Omni-Compass/The-Omni-Compass/out/ycsb-tuning/rep-2/omni/notch-15.raw -p recordcount=250000 -p operationcount=1000000000 -p maxexecutiontime=20 -p target=3000 -p threads=32 -p insertstart=0 -p insertorder=ordered -p requestdistribution=uniform -p seed=100214
YCSB Client 0.17.0

Loading workload...
Starting test.
Maximum execution time specified as: 20 secs
2026-10-08 04:51:41:650 0 sec: 0 operations; est completion in 0 second 
DBWrapper: report latency for each error is false and specific error codes to track for latency are: []
2026-10-08 04:51:51:624 10 sec: 29302 operations; 2930.2 current ops/sec; est completion in 3 days 22 hours READ count: 14621, average latency(us): 137.21 UPDATE count: 14684, average latency(us): 156.13 
2026-10-08 04:52:01:624 20 sec: 59302 operations; 3000 current ops/sec; est completion in 3 days 21 hours READ count: 15091, average latency(us): 102.96 UPDATE count: 14907, average latency(us): 117.55 
Maximum time elapsed. Requesting stop for the workload.
Stop requested for workload. Now Joining!
2026-10-08 04:52:01:627 20 sec: 59306 operations; 1333.33 current ops/sec; est completion in 3 days 21 hours READ count: 2, average latency(us): 238.50 CLEANUP count: 1, average latency(us): 1164.00 UPDATE count: 1, average latency(us): 189.00 
