sysbench 1.0.20 (using system LuaJIT 2.1.0-beta3)

Running the test with following options:
Number of threads: 32
Target transaction rate: 300/sec
Initializing random number generator from current time


Initializing worker threads...

Threads started!

Latency histogram (values are in milliseconds)
       value  ------------- distribution ------------- count
       0.856 |                                         5
       0.872 |**                                       30
       0.888 |****                                     50
       0.904 |**********                               139
       0.920 |********************                     276
       0.937 |*****************************            399
       0.954 |*******************************          425
       0.971 |******************************           409
       0.989 |**************************               351
       1.007 |*********************                    292
       1.025 |**********************                   299
       1.044 |*******************************          428
       1.063 |**************************************   524
       1.082 |**************************************** 545
       1.102 |********************************         435
       1.122 |****************************             386
       1.142 |*************************                341
       1.163 |*********************                    288
       1.184 |*******************                      258
       1.205 |****************                         219
       1.227 |****************                         221
       1.250 |****************                         220
       1.272 |***************                          203
       1.295 |************                             166
       1.319 |************                             164
       1.343 |*********                                121
       1.367 |*********                                117
       1.392 |*******                                  89
       1.417 |*******                                  92
       1.443 |******                                   81
       1.469 |******                                   76
       1.496 |*******                                  89
       1.523 |****                                     61
       1.551 |*****                                    62
       1.579 |****                                     52
       1.608 |*****                                    63
       1.637 |****                                     61
       1.667 |***                                      37
       1.697 |****                                     52
       1.728 |***                                      38
       1.759 |****                                     53
       1.791 |**                                       28
       1.824 |****                                     48
       1.857 |**                                       30
       1.891 |***                                      35
       1.925 |**                                       33
       1.960 |***                                      35
       1.996 |***                                      40
       2.032 |**                                       30
       2.069 |**                                       29
       2.106 |**                                       22
       2.145 |**                                       23
       2.184 |**                                       27
       2.223 |**                                       23
       2.264 |**                                       21
       2.305 |*                                        17
       2.347 |**                                       23
       2.389 |*                                        20
       2.433 |*                                        17
       2.477 |*                                        18
       2.522 |*                                        14
       2.568 |*                                        14
       2.615 |*                                        15
       2.662 |**                                       28
       2.710 |*                                        18
       2.760 |*                                        18
       2.810 |**                                       21
       2.861 |*                                        20
       2.913 |*                                        12
       2.966 |*                                        17
       3.020 |*                                        19
       3.075 |*                                        10
       3.130 |*                                        10
       3.187 |*                                        20
       3.245 |*                                        13
       3.304 |*                                        13
       3.364 |*                                        12
       3.425 |*                                        12
       3.488 |                                         5
       3.551 |*                                        7
       3.615 |*                                        8
       3.681 |*                                        9
       3.748 |*                                        7
       3.816 |                                         5
       3.885 |                                         3
       3.956 |                                         4
       4.028 |*                                        8
       4.101 |*                                        7
       4.176 |                                         5
       4.252 |                                         2
       4.329 |                                         6
       4.407 |                                         2
       4.487 |                                         3
       4.569 |                                         2
       4.652 |                                         1
       4.737 |                                         1
       4.823 |                                         1
       4.910 |                                         1
       4.999 |                                         2
       5.090 |                                         3
       5.277 |                                         2
       5.470 |                                         1
       5.671 |                                         2
       5.986 |                                         2
       6.550 |                                         1
       7.702 |                                         1
       8.428 |                                         1
      12.301 |                                         1
 
SQL statistics:
    queries performed:
        read:                            127750
        write:                           0
        other:                           18250
        total:                           146000
    transactions:                        9125   (303.94 per sec.)
    queries:                             146000 (4863.11 per sec.)
    ignored errors:                      0      (0.00 per sec.)
    reconnects:                          0      (0.00 per sec.)

General statistics:
    total time:                          30.0213s
    total number of events:              9125

Latency (ms):
         min:                                    0.85
         avg:                                    1.28
         max:                                   12.41
         95th percentile:                        2.35
         sum:                                11682.72

Threads fairness:
    events (avg/stddev):           285.1562/1.18
    execution time (avg/stddev):   0.3651/0.01


