sysbench 1.0.20 (using system LuaJIT 2.1.0-beta3)

Running the test with following options:
Number of threads: 32
Target transaction rate: 1000/sec
Initializing random number generator from current time


Initializing worker threads...

Threads started!

Latency histogram (values are in milliseconds)
       value  ------------- distribution ------------- count
       0.381 |                                         1
       0.388 |                                         5
       0.395 |                                         13
       0.402 |*                                        42
       0.409 |*                                        45
       0.417 |****                                     112
       0.424 |*****                                    170
       0.432 |*******                                  203
       0.440 |**********                               304
       0.448 |***********                              352
       0.456 |*************                            417
       0.464 |***************                          479
       0.473 |**************                           437
       0.481 |***************                          478
       0.490 |***************                          481
       0.499 |****************                         483
       0.508 |*****************                        519
       0.517 |******************                       562
       0.527 |********************                     620
       0.536 |************************                 733
       0.546 |****************************             879
       0.556 |********************************         986
       0.566 |**********************************       1074
       0.576 |**************************************   1197
       0.587 |*************************************    1159
       0.597 |***************************************  1220
       0.608 |**************************************** 1246
       0.619 |*************************************    1160
       0.630 |**********************************       1071
       0.642 |*********************************        1030
       0.654 |********************************         1001
       0.665 |*****************************            905
       0.677 |***************************              828
       0.690 |**************************               802
       0.702 |***********************                  713
       0.715 |*********************                    667
       0.728 |*******************                      585
       0.741 |*****************                        524
       0.755 |**************                           439
       0.768 |*************                            397
       0.782 |************                             378
       0.797 |***********                              334
       0.811 |***********                              341
       0.826 |*********                                287
       0.841 |*********                                266
       0.856 |********                                 234
       0.872 |******                                   202
       0.888 |******                                   187
       0.904 |******                                   173
       0.920 |****                                     133
       0.937 |****                                     113
       0.954 |***                                      105
       0.971 |****                                     124
       0.989 |***                                      78
       1.007 |***                                      86
       1.025 |**                                       76
       1.044 |***                                      86
       1.063 |**                                       57
       1.082 |**                                       54
       1.102 |**                                       52
       1.122 |**                                       50
       1.142 |*                                        42
       1.163 |*                                        38
       1.184 |**                                       52
       1.205 |*                                        35
       1.227 |*                                        35
       1.250 |*                                        35
       1.272 |*                                        30
       1.295 |*                                        32
       1.319 |*                                        20
       1.343 |*                                        18
       1.367 |*                                        29
       1.392 |*                                        28
       1.417 |*                                        18
       1.443 |*                                        16
       1.469 |*                                        23
       1.496 |                                         15
       1.523 |*                                        20
       1.551 |*                                        21
       1.579 |*                                        23
       1.608 |*                                        20
       1.637 |*                                        33
       1.667 |*                                        22
       1.697 |*                                        21
       1.728 |*                                        21
       1.759 |*                                        24
       1.791 |*                                        28
       1.824 |*                                        20
       1.857 |*                                        23
       1.891 |*                                        24
       1.925 |*                                        17
       1.960 |*                                        22
       1.996 |*                                        27
       2.032 |*                                        19
       2.069 |*                                        20
       2.106 |                                         13
       2.145 |*                                        23
       2.184 |*                                        25
       2.223 |*                                        22
       2.264 |*                                        22
       2.305 |*                                        32
       2.347 |*                                        20
       2.389 |*                                        31
       2.433 |*                                        35
       2.477 |*                                        26
       2.522 |*                                        18
       2.568 |*                                        30
       2.615 |*                                        32
       2.662 |*                                        39
       2.710 |*                                        37
       2.760 |*                                        18
       2.810 |*                                        25
       2.861 |*                                        27
       2.913 |*                                        29
       2.966 |*                                        27
       3.020 |*                                        24
       3.075 |*                                        24
       3.130 |*                                        36
       3.187 |*                                        27
       3.245 |*                                        34
       3.304 |*                                        31
       3.364 |*                                        21
       3.425 |*                                        35
       3.488 |*                                        30
       3.551 |*                                        23
       3.615 |*                                        35
       3.681 |*                                        26
       3.748 |*                                        22
       3.816 |*                                        37
       3.885 |*                                        29
       3.956 |*                                        33
       4.028 |*                                        30
       4.101 |*                                        28
       4.176 |*                                        32
       4.252 |*                                        35
       4.329 |*                                        30
       4.407 |*                                        26
       4.487 |*                                        31
       4.569 |*                                        24
       4.652 |*                                        18
       4.737 |*                                        29
       4.823 |                                         15
       4.910 |*                                        24
       4.999 |*                                        21
       5.090 |*                                        20
       5.183 |*                                        24
       5.277 |*                                        20
       5.373 |*                                        16
       5.470 |*                                        25
       5.570 |*                                        18
       5.671 |                                         15
       5.774 |                                         14
       5.879 |                                         13
       5.986 |                                         11
       6.095 |                                         15
       6.205 |*                                        17
       6.318 |                                         12
       6.433 |                                         11
       6.550 |                                         14
       6.669 |                                         7
       6.790 |                                         2
       6.913 |                                         3
       7.039 |                                         1
       7.167 |                                         1
       7.430 |                                         1
       7.842 |                                         1
       7.985 |                                         1
       8.428 |                                         1
       8.737 |                                         1
       9.560 |                                         2
       9.910 |                                         1
      10.274 |                                         1
      10.460 |                                         1
      10.651 |                                         1
      11.041 |                                         3
      11.242 |                                         1
      11.866 |                                         1
      12.752 |                                         1
      12.984 |                                         1
      13.219 |                                         1
      13.704 |                                         1
      13.953 |                                         1
      14.207 |                                         2
      14.465 |                                         3
      14.728 |                                         1
      15.268 |                                         2
      16.115 |                                         2
      16.706 |                                         1
      17.010 |                                         2
      17.319 |                                         1
      18.612 |                                         1
      19.645 |                                         1
      20.366 |                                         2
      21.886 |                                         1
      23.948 |                                         1
      26.205 |                                         1
      27.659 |                                         1
      28.673 |                                         1
      29.194 |                                         1
      29.725 |                                         1
 
SQL statistics:
    queries performed:
        read:                            0
        write:                           30272
        other:                           0
        total:                           30272
    transactions:                        30272  (1008.57 per sec.)
    queries:                             30272  (1008.57 per sec.)
    ignored errors:                      0      (0.00 per sec.)
    reconnects:                          0      (0.00 per sec.)

General statistics:
    total time:                          30.0141s
    total number of events:              30272

Latency (ms):
         min:                                    0.38
         avg:                                    0.84
         max:                                   29.62
         95th percentile:                        2.30
         sum:                                25511.31

Threads fairness:
    events (avg/stddev):           946.0000/4.68
    execution time (avg/stddev):   0.7972/0.02


