sysbench 1.0.20 (using system LuaJIT 2.1.0-beta3)

Running the test with following options:
Number of threads: 32
Target transaction rate: 300/sec
Initializing random number generator from current time


Initializing worker threads...

Threads started!

Latency histogram (values are in milliseconds)
       value  ------------- distribution ------------- count
       1.824 |*                                        10
       1.857 |***                                      38
       1.891 |**********                               140
       1.925 |*************************                328
       1.960 |**************************               350
       1.996 |****************                         217
       2.032 |*********                                126
       2.069 |********                                 113
       2.106 |**********                               129
       2.145 |************                             154
       2.184 |***********                              141
       2.223 |**********                               132
       2.264 |**********                               140
       2.305 |*************                            168
       2.347 |*************************                337
       2.389 |**************************************** 535
       2.433 |****************************             374
       2.477 |***********************                  304
       2.522 |***********************                  307
       2.568 |**************************               354
       2.615 |************************                 325
       2.662 |*********************                    286
       2.710 |****************                         219
       2.760 |************                             165
       2.810 |***********                              149
       2.861 |********                                 104
       2.913 |******                                   77
       2.966 |***                                      35
       3.020 |***                                      34
       3.075 |**                                       29
       3.130 |*                                        13
       3.187 |*                                        14
       3.245 |*                                        14
       3.304 |*                                        9
       3.364 |*                                        7
       3.425 |                                         6
       3.488 |                                         5
       3.551 |                                         2
       3.615 |                                         2
       3.681 |                                         3
       3.748 |                                         2
       3.816 |                                         1
       3.885 |                                         2
       3.956 |                                         4
       4.028 |                                         1
       4.101 |                                         1
       4.176 |                                         1
       4.252 |                                         4
       4.329 |                                         3
       4.407 |                                         1
       5.090 |                                         1
 
SQL statistics:
    queries performed:
        read:                            82824
        write:                           0
        other:                           11832
        total:                           94656
    transactions:                        5916   (295.46 per sec.)
    queries:                             94656  (4727.29 per sec.)
    ignored errors:                      0      (0.00 per sec.)
    reconnects:                          0      (0.00 per sec.)

General statistics:
    total time:                          20.0228s
    total number of events:              5916

Latency (ms):
         min:                                    1.81
         avg:                                    2.39
         max:                                    5.06
         95th percentile:                        2.86
         sum:                                14146.68

Threads fairness:
    events (avg/stddev):           184.8750/1.29
    execution time (avg/stddev):   0.4421/0.00


