sysbench 1.0.20 (using system LuaJIT 2.1.0-beta3)

Running the test with following options:
Number of threads: 32
Target transaction rate: 300/sec
Initializing random number generator from current time


Initializing worker threads...

Threads started!

Latency histogram (values are in milliseconds)
       value  ------------- distribution ------------- count
       1.960 |                                         2
       1.996 |*                                        9
       2.032 |****                                     40
       2.069 |********                                 79
       2.106 |*******************                      196
       2.145 |***********************                  244
       2.184 |*************************                264
       2.223 |*******************                      199
       2.264 |***************                          158
       2.305 |**************                           142
       2.347 |***********                              116
       2.389 |*************                            134
       2.433 |************                             128
       2.477 |****************                         164
       2.522 |************************                 252
       2.568 |********************************         332
       2.615 |**************************************** 419
       2.662 |*************************************    389
       2.710 |*********************************        347
       2.760 |*********************************        341
       2.810 |********************************         336
       2.861 |*******************************          328
       2.913 |****************************             289
       2.966 |**********************                   226
       3.020 |******************                       190
       3.075 |**************                           149
       3.130 |***********                              118
       3.187 |*******                                  77
       3.245 |*****                                    52
       3.304 |****                                     44
       3.364 |****                                     45
       3.425 |****                                     41
       3.488 |**                                       18
       3.551 |*                                        11
       3.615 |**                                       16
       3.681 |*                                        8
       3.748 |**                                       17
       3.816 |*                                        6
       3.885 |                                         5
       3.956 |                                         3
       4.028 |                                         3
       4.101 |                                         2
       4.176 |                                         5
       4.252 |                                         2
       4.329 |                                         4
       4.407 |                                         3
       4.487 |                                         2
       4.569 |                                         1
       4.652 |                                         3
       4.737 |                                         1
       4.823 |                                         1
       4.910 |                                         2
       4.999 |                                         5
       5.090 |                                         1
       5.183 |                                         3
       5.277 |                                         2
       5.373 |                                         1
       5.470 |                                         1
       5.570 |                                         2
       5.671 |                                         2
       5.774 |                                         3
       5.879 |                                         3
       6.318 |                                         2
       6.550 |                                         1
       6.669 |                                         1
 
SQL statistics:
    queries performed:
        read:                            83860
        write:                           0
        other:                           11980
        total:                           95840
    transactions:                        5990   (299.19 per sec.)
    queries:                             95840  (4787.03 per sec.)
    ignored errors:                      0      (0.00 per sec.)
    reconnects:                          0      (0.00 per sec.)

General statistics:
    total time:                          20.0203s
    total number of events:              5990

Latency (ms):
         min:                                    1.96
         avg:                                    2.66
         max:                                    6.65
         95th percentile:                        3.25
         sum:                                15951.41

Threads fairness:
    events (avg/stddev):           187.1875/1.65
    execution time (avg/stddev):   0.4985/0.01


