sysbench 1.0.20 (using system LuaJIT 2.1.0-beta3)

Running the test with following options:
Number of threads: 32
Target transaction rate: 1000/sec
Initializing random number generator from current time


Initializing worker threads...

Threads started!

Latency histogram (values are in milliseconds)
       value  ------------- distribution ------------- count
       0.481 |                                         2
       0.490 |                                         1
       0.508 |                                         4
       0.517 |*                                        12
       0.527 |*                                        14
       0.536 |***                                      44
       0.546 |***                                      52
       0.556 |****                                     65
       0.566 |*******                                  108
       0.576 |*******                                  120
       0.587 |*********                                141
       0.597 |*********                                144
       0.608 |***********                              179
       0.619 |*************                            219
       0.630 |****************                         264
       0.642 |*****************                        278
       0.654 |********************                     326
       0.665 |**********************                   361
       0.677 |**************************               430
       0.690 |**************************               437
       0.702 |******************************           489
       0.715 |********************************         533
       0.728 |***********************************      584
       0.741 |*************************************    617
       0.755 |**********************************       571
       0.768 |************************************     589
       0.782 |***********************************      578
       0.797 |***************************************  641
       0.811 |**************************************   631
       0.826 |**************************************** 663
       0.841 |***********************************      588
       0.856 |************************************     603
       0.872 |***************************************  644
       0.888 |************************************     592
       0.904 |**************************************   622
       0.920 |**********************************       557
       0.937 |***********************************      581
       0.954 |*******************************          517
       0.971 |****************************             466
       0.989 |****************************             465
       1.007 |*************************                416
       1.025 |***********************                  380
       1.044 |***********************                  385
       1.063 |*********************                    348
       1.082 |*********************                    343
       1.102 |******************                       295
       1.122 |***************                          254
       1.142 |**************                           228
       1.163 |************                             206
       1.184 |*************                            217
       1.205 |**********                               169
       1.227 |**********                               168
       1.250 |*********                                142
       1.272 |********                                 132
       1.295 |********                                 130
       1.319 |******                                   99
       1.343 |******                                   93
       1.367 |*****                                    88
       1.392 |*****                                    75
       1.417 |*****                                    83
       1.443 |***                                      57
       1.469 |***                                      50
       1.496 |***                                      44
       1.523 |**                                       41
       1.551 |***                                      53
       1.579 |**                                       40
       1.608 |***                                      44
       1.637 |***                                      46
       1.667 |**                                       28
       1.697 |**                                       31
       1.728 |*                                        23
       1.759 |**                                       27
       1.791 |*                                        24
       1.824 |*                                        24
       1.857 |*                                        22
       1.891 |*                                        20
       1.925 |*                                        20
       1.960 |*                                        13
       1.996 |*                                        23
       2.032 |*                                        9
       2.069 |*                                        17
       2.106 |*                                        11
       2.145 |*                                        13
       2.184 |                                         7
       2.223 |*                                        9
       2.264 |*                                        12
       2.305 |                                         8
       2.347 |                                         2
       2.389 |                                         4
       2.433 |                                         4
       2.477 |                                         7
       2.522 |*                                        10
       2.568 |                                         4
       2.615 |                                         2
       2.662 |                                         3
       2.710 |                                         5
       2.760 |                                         6
       2.810 |                                         2
       2.861 |                                         5
       2.913 |                                         4
       2.966 |                                         5
       3.020 |                                         4
       3.075 |                                         4
       3.130 |                                         2
       3.187 |                                         7
       3.304 |                                         3
       3.364 |                                         2
       3.425 |                                         2
       3.488 |                                         4
       3.551 |                                         4
       3.615 |                                         3
       3.681 |                                         5
       3.748 |                                         4
       3.816 |                                         2
       3.885 |                                         4
       3.956 |                                         1
       4.028 |                                         3
       4.101 |                                         2
       4.176 |                                         1
       4.329 |                                         2
       4.407 |                                         2
       4.487 |                                         1
       4.569 |                                         1
       4.652 |                                         2
       4.737 |                                         3
       4.823 |                                         2
       4.910 |                                         4
       4.999 |                                         3
       5.090 |                                         5
       5.277 |                                         1
       5.373 |                                         1
       5.470 |                                         2
       5.570 |                                         3
       5.671 |                                         3
       5.774 |                                         1
       5.879 |                                         4
       5.986 |                                         2
       6.095 |                                         2
       6.205 |                                         2
       6.318 |                                         6
       6.433 |                                         3
       6.550 |                                         4
       6.669 |                                         4
       6.790 |                                         2
       6.913 |                                         3
       7.039 |                                         3
       7.167 |                                         1
       7.297 |                                         2
       7.430 |                                         3
       7.565 |                                         1
       7.702 |                                         3
       7.842 |                                         2
       7.985 |                                         5
       8.277 |                                         3
       8.428 |                                         1
       8.737 |                                         3
       9.057 |                                         2
       9.389 |                                         3
       9.560 |                                         1
       9.734 |                                         2
       9.910 |                                         1
      10.090 |                                         1
      10.274 |                                         3
      10.460 |                                         2
      10.651 |                                         1
      10.844 |                                         1
      11.041 |                                         1
      11.242 |                                         1
      11.446 |                                         1
      11.654 |                                         1
      11.866 |                                         3
      12.301 |                                         3
      12.524 |                                         2
      12.984 |                                         1
      14.995 |                                         1
      15.545 |                                         1
      15.828 |                                         1
      16.115 |                                         2
      16.408 |                                         1
 
SQL statistics:
    queries performed:
        read:                            0
        write:                           19950
        other:                           0
        total:                           19950
    transactions:                        19950  (996.49 per sec.)
    queries:                             19950  (996.49 per sec.)
    ignored errors:                      0      (0.00 per sec.)
    reconnects:                          0      (0.00 per sec.)

General statistics:
    total time:                          20.0198s
    total number of events:              19950

Latency (ms):
         min:                                    0.48
         avg:                                    0.96
         max:                                   16.30
         95th percentile:                        1.42
         sum:                                19118.46

Threads fairness:
    events (avg/stddev):           623.4375/4.44
    execution time (avg/stddev):   0.5975/0.01


