sysbench 1.0.20 (using system LuaJIT 2.1.0-beta3)

Running the test with following options:
Number of threads: 32
Target transaction rate: 1000/sec
Initializing random number generator from current time


Initializing worker threads...

Threads started!

Latency histogram (values are in milliseconds)
       value  ------------- distribution ------------- count
       0.490 |                                         1
       0.499 |                                         6
       0.508 |*                                        12
       0.517 |**                                       32
       0.527 |**                                       49
       0.536 |*****                                    91
       0.546 |******                                   124
       0.556 |*********                                172
       0.566 |**********                               199
       0.576 |************                             241
       0.587 |************                             244
       0.597 |****************                         318
       0.608 |*****************                        341
       0.619 |******************                       368
       0.630 |**********************                   435
       0.642 |**************************               516
       0.654 |*********************************        666
       0.665 |************************************     723
       0.677 |***************************************  775
       0.690 |**************************************** 798
       0.702 |**************************************** 803
       0.715 |***************************************  792
       0.728 |***************************************  780
       0.741 |**************************************** 805
       0.755 |*************************************    746
       0.768 |***************************************  788
       0.782 |*************************************    744
       0.797 |**********************************       682
       0.811 |*********************************        660
       0.826 |*******************************          617
       0.841 |***************************              546
       0.856 |*************************                496
       0.872 |*************************                496
       0.888 |***********************                  457
       0.904 |*********************                    419
       0.920 |*****************                        336
       0.937 |******************                       370
       0.954 |****************                         314
       0.971 |*************                            260
       0.989 |*************                            266
       1.007 |**********                               203
       1.025 |**********                               198
       1.044 |*********                                184
       1.063 |********                                 171
       1.082 |********                                 160
       1.102 |********                                 154
       1.122 |******                                   129
       1.142 |******                                   121
       1.163 |*****                                    92
       1.184 |****                                     79
       1.205 |****                                     78
       1.227 |****                                     75
       1.250 |***                                      68
       1.272 |**                                       43
       1.295 |***                                      61
       1.319 |***                                      55
       1.343 |**                                       37
       1.367 |**                                       45
       1.392 |**                                       43
       1.417 |**                                       36
       1.443 |**                                       34
       1.469 |*                                        27
       1.496 |*                                        27
       1.523 |*                                        26
       1.551 |*                                        25
       1.579 |**                                       31
       1.608 |*                                        27
       1.637 |*                                        25
       1.667 |*                                        24
       1.697 |*                                        23
       1.728 |*                                        13
       1.759 |                                         9
       1.791 |*                                        21
       1.824 |*                                        15
       1.857 |*                                        19
       1.891 |*                                        15
       1.925 |*                                        17
       1.960 |                                         6
       1.996 |                                         8
       2.032 |                                         5
       2.069 |                                         3
       2.106 |                                         8
       2.145 |                                         4
       2.184 |                                         5
       2.223 |                                         8
       2.264 |                                         5
       2.305 |                                         3
       2.347 |                                         9
       2.389 |                                         3
       2.433 |                                         2
       2.477 |                                         4
       2.522 |                                         6
       2.568 |                                         6
       2.615 |                                         4
       2.662 |                                         2
       2.710 |                                         1
       2.760 |                                         3
       2.810 |                                         4
       2.861 |                                         3
       2.913 |                                         3
       3.020 |                                         1
       3.245 |                                         3
       3.364 |                                         3
       3.551 |                                         2
       3.748 |                                         2
       3.816 |                                         1
       3.885 |                                         1
       4.028 |                                         1
       4.101 |                                         2
       4.176 |                                         2
       4.329 |                                         2
       4.407 |                                         2
       4.569 |                                         2
       4.652 |                                         6
       4.737 |                                         2
       4.823 |                                         3
       4.910 |                                         2
       5.090 |                                         2
       5.183 |                                         2
       5.277 |                                         1
       5.373 |                                         1
       5.470 |                                         1
       5.570 |                                         1
       5.671 |                                         4
       5.774 |                                         3
       5.879 |                                         1
       5.986 |                                         1
       6.095 |                                         2
       6.205 |                                         1
       6.318 |                                         1
       6.433 |                                         1
       6.550 |                                         2
       6.669 |                                         1
       6.790 |                                         1
       6.913 |                                         3
       7.039 |                                         1
       7.167 |                                         3
       7.297 |                                         1
       7.430 |                                         3
       7.565 |                                         1
       7.702 |                                         4
       7.842 |                                         4
       7.985 |                                         1
       8.130 |                                         2
       8.277 |                                         2
       8.428 |                                         1
       8.581 |                                         4
       9.734 |                                         1
       9.910 |                                         1
      10.274 |                                         1
      10.460 |                                         1
      10.651 |                                         2
      11.041 |                                         2
      11.242 |                                         1
      11.654 |                                         4
      11.866 |                                         1
      12.081 |                                         1
      12.301 |                                         2
      12.524 |                                         1
      12.752 |                                         1
      12.984 |                                         3
      13.460 |                                         3
      13.953 |                                         2
      14.207 |                                         2
      14.465 |                                         4
      14.728 |                                         2
      14.995 |                                         2
      15.828 |                                         3
      16.115 |                                         3
      16.408 |                                         4
      16.706 |                                         1
      17.010 |                                         4
      17.319 |                                         2
      17.633 |                                         3
      17.954 |                                         2
      18.280 |                                         2
      18.612 |                                         3
      18.950 |                                         1
      19.295 |                                         2
      19.645 |                                         2
      20.002 |                                         2
      21.112 |                                         1
      21.886 |                                         2
      22.284 |                                         1
      22.689 |                                         1
      23.101 |                                         3
      23.521 |                                         2
      23.948 |                                         2
      24.384 |                                         2
      25.737 |                                         1
      26.205 |                                         1
      27.165 |                                         1
      28.162 |                                         1
      28.673 |                                         1
      33.116 |                                         1
      33.718 |                                         1
      36.894 |                                         1
      39.650 |                                         1
      40.370 |                                         1
      41.104 |                                         1
      41.851 |                                         1
      42.611 |                                         1
      43.385 |                                         1
      44.173 |                                         1
 
SQL statistics:
    queries performed:
        read:                            0
        write:                           20196
        other:                           0
        total:                           20196
    transactions:                        20196  (1008.90 per sec.)
    queries:                             20196  (1008.90 per sec.)
    ignored errors:                      0      (0.00 per sec.)
    reconnects:                          0      (0.00 per sec.)

General statistics:
    total time:                          20.0174s
    total number of events:              20196

Latency (ms):
         min:                                    0.49
         avg:                                    0.93
         max:                                   43.93
         95th percentile:                        1.25
         sum:                                18718.30

Threads fairness:
    events (avg/stddev):           631.1250/4.15
    execution time (avg/stddev):   0.5849/0.02


