sysbench 1.0.20 (using system LuaJIT 2.1.0-beta3)

Running the test with following options:
Number of threads: 32
Target transaction rate: 1000/sec
Initializing random number generator from current time


Initializing worker threads...

Threads started!

Latency histogram (values are in milliseconds)
       value  ------------- distribution ------------- count
       0.508 |                                         1
       0.517 |                                         4
       0.527 |                                         3
       0.536 |*                                        16
       0.546 |**                                       33
       0.556 |***                                      44
       0.566 |****                                     63
       0.576 |*****                                    88
       0.587 |******                                   93
       0.597 |*******                                  107
       0.608 |*********                                141
       0.619 |**********                               157
       0.630 |************                             189
       0.642 |***************                          235
       0.654 |*****************                        267
       0.665 |********************                     327
       0.677 |********************                     321
       0.690 |***********************                  372
       0.702 |***************************              435
       0.715 |*******************************          500
       0.728 |******************************           480
       0.741 |*********************************        536
       0.755 |**********************************       553
       0.768 |***********************************      566
       0.782 |*************************************    589
       0.797 |**************************************   609
       0.811 |*************************************    596
       0.826 |**************************************   613
       0.841 |**************************************** 644
       0.856 |***************************************  632
       0.872 |***************************************  627
       0.888 |***************************************  629
       0.904 |************************************     573
       0.920 |***********************************      566
       0.937 |***********************************      561
       0.954 |********************************         521
       0.971 |*********************************        529
       0.989 |*****************************            473
       1.007 |******************************           480
       1.025 |****************************             451
       1.044 |***************************              437
       1.063 |************************                 391
       1.082 |***********************                  366
       1.102 |**********************                   348
       1.122 |*******************                      298
       1.142 |******************                       285
       1.163 |****************                         253
       1.184 |***************                          234
       1.205 |*************                            213
       1.227 |***********                              183
       1.250 |************                             186
       1.272 |************                             189
       1.295 |**********                               155
       1.319 |*********                                149
       1.343 |********                                 127
       1.367 |******                                   91
       1.392 |******                                   99
       1.417 |******                                   101
       1.443 |*****                                    79
       1.469 |*****                                    78
       1.496 |*****                                    75
       1.523 |*****                                    87
       1.551 |****                                     70
       1.579 |****                                     60
       1.608 |***                                      44
       1.637 |***                                      51
       1.667 |***                                      44
       1.697 |***                                      45
       1.728 |***                                      41
       1.759 |**                                       38
       1.791 |**                                       40
       1.824 |**                                       27
       1.857 |**                                       30
       1.891 |**                                       30
       1.925 |**                                       30
       1.960 |*                                        24
       1.996 |*                                        13
       2.032 |**                                       27
       2.069 |*                                        15
       2.106 |*                                        16
       2.145 |*                                        13
       2.184 |*                                        11
       2.223 |*                                        13
       2.264 |*                                        13
       2.305 |*                                        10
       2.347 |                                         7
       2.389 |                                         7
       2.433 |*                                        10
       2.477 |                                         8
       2.522 |*                                        12
       2.568 |                                         8
       2.615 |                                         5
       2.662 |                                         3
       2.710 |                                         4
       2.760 |                                         2
       2.810 |                                         3
       2.861 |                                         4
       2.913 |                                         5
       2.966 |                                         4
       3.020 |                                         4
       3.075 |                                         2
       3.130 |                                         4
       3.187 |                                         6
       3.304 |                                         2
       3.364 |                                         3
       3.425 |                                         1
       3.488 |                                         2
       3.551 |                                         2
       3.615 |                                         4
       3.681 |                                         2
       3.748 |                                         2
       3.816 |                                         3
       3.885 |                                         2
       3.956 |                                         2
       4.101 |                                         1
       4.176 |                                         1
       4.252 |                                         2
       4.329 |                                         3
       4.487 |                                         1
       4.569 |                                         2
       4.737 |                                         1
       4.823 |                                         2
       4.999 |                                         1
       5.183 |                                         1
       5.373 |                                         1
       5.570 |                                         1
       5.671 |                                         3
       5.986 |                                         1
       6.433 |                                         1
       6.790 |                                         2
       7.167 |                                         1
       8.428 |                                         2
       9.222 |                                         1
      10.274 |                                         1
      11.041 |                                         1
      11.446 |                                         1
      11.654 |                                         1
      12.081 |                                         1
      12.524 |                                         1
      12.752 |                                         1
      12.984 |                                         2
      13.953 |                                         1
      14.995 |                                         1
      15.828 |                                         1
      16.115 |                                         1
      16.706 |                                         1
      18.612 |                                         1
 
SQL statistics:
    queries performed:
        read:                            0
        write:                           19919
        other:                           0
        total:                           19919
    transactions:                        19919  (995.02 per sec.)
    queries:                             19919  (995.02 per sec.)
    ignored errors:                      0      (0.00 per sec.)
    reconnects:                          0      (0.00 per sec.)

General statistics:
    total time:                          20.0183s
    total number of events:              19919

Latency (ms):
         min:                                    0.51
         avg:                                    0.96
         max:                                   18.59
         95th percentile:                        1.50
         sum:                                19208.12

Threads fairness:
    events (avg/stddev):           622.4688/5.32
    execution time (avg/stddev):   0.6003/0.01


