sysbench 1.0.20 (using system LuaJIT 2.1.0-beta3)

Running the test with following options:
Number of threads: 32
Target transaction rate: 3000/sec
Initializing random number generator from current time


Initializing worker threads...

Threads started!

Latency histogram (values are in milliseconds)
       value  ------------- distribution ------------- count
       0.120 |                                         1
       0.122 |                                         4
       0.125 |                                         3
       0.127 |                                         7
       0.129 |                                         22
       0.132 |                                         25
       0.134 |                                         70
       0.136 |*                                        126
       0.139 |**                                       243
       0.141 |***                                      451
       0.144 |*****                                    668
       0.147 |******                                   888
       0.149 |********                                 1168
       0.152 |***********                              1596
       0.155 |**************                           1945
       0.158 |****************                         2292
       0.160 |*****************                        2421
       0.163 |*****************                        2462
       0.166 |******************                       2602
       0.169 |********************                     2824
       0.172 |**********************                   3059
       0.176 |*************************                3558
       0.179 |****************************             3879
       0.182 |******************************           4204
       0.185 |***********************************      4865
       0.189 |**************************************   5350
       0.192 |**************************************** 5637
       0.196 |************************************     5050
       0.199 |****************************             3960
       0.203 |**********************                   3108
       0.206 |******************                       2563
       0.210 |***************                          2147
       0.214 |*************                            1853
       0.218 |***********                              1527
       0.222 |*********                                1284
       0.226 |*******                                  1021
       0.230 |******                                   811
       0.234 |*****                                    741
       0.238 |*****                                    647
       0.243 |****                                     523
       0.247 |***                                      488
       0.252 |***                                      406
       0.256 |***                                      358
       0.261 |**                                       294
       0.266 |**                                       284
       0.270 |**                                       235
       0.275 |*                                        209
       0.280 |**                                       217
       0.285 |*                                        200
       0.291 |*                                        185
       0.296 |*                                        194
       0.301 |*                                        209
       0.307 |**                                       220
       0.312 |**                                       223
       0.318 |**                                       247
       0.324 |**                                       225
       0.330 |**                                       278
       0.336 |**                                       332
       0.342 |***                                      358
       0.348 |***                                      435
       0.354 |****                                     504
       0.361 |****                                     594
       0.367 |*****                                    636
       0.374 |*****                                    643
       0.381 |****                                     610
       0.388 |****                                     587
       0.395 |****                                     616
       0.402 |****                                     557
       0.409 |****                                     496
       0.417 |***                                      451
       0.424 |***                                      417
       0.432 |***                                      366
       0.440 |**                                       324
       0.448 |**                                       258
       0.456 |**                                       238
       0.464 |**                                       215
       0.473 |*                                        142
       0.481 |*                                        133
       0.490 |*                                        120
       0.499 |*                                        111
       0.508 |*                                        90
       0.517 |                                         60
       0.527 |                                         67
       0.536 |                                         52
       0.546 |                                         40
       0.556 |                                         29
       0.566 |                                         34
       0.576 |                                         27
       0.587 |                                         28
       0.597 |                                         29
       0.608 |                                         14
       0.619 |                                         16
       0.630 |                                         8
       0.642 |                                         8
       0.654 |                                         14
       0.665 |                                         8
       0.677 |                                         6
       0.690 |                                         12
       0.702 |                                         4
       0.715 |                                         8
       0.728 |                                         5
       0.741 |                                         4
       0.755 |                                         5
       0.768 |                                         2
       0.782 |                                         3
       0.797 |                                         1
       0.811 |                                         3
       0.826 |                                         1
       0.841 |                                         1
       0.856 |                                         1
       0.872 |                                         2
       0.920 |                                         2
       0.937 |                                         2
       0.954 |                                         2
       0.989 |                                         1
       1.044 |                                         2
       1.063 |                                         1
       1.102 |                                         1
       1.205 |                                         1
       1.272 |                                         2
       1.319 |                                         1
       1.343 |                                         1
       1.523 |                                         2
       1.608 |                                         1
       1.637 |                                         1
       1.667 |                                         1
       1.697 |                                         1
       1.960 |                                         1
       1.996 |                                         1
       2.223 |                                         1
       2.389 |                                         1
       3.020 |                                         1
       3.130 |                                         2
       3.245 |                                         1
       3.551 |                                         1
       3.885 |                                         1
       4.176 |                                         1
       7.842 |                                         1
      15.268 |                                         1
      20.736 |                                         1
 
SQL statistics:
    queries performed:
        read:                            89838
        write:                           0
        other:                           0
        total:                           89838
    transactions:                        89838  (2992.91 per sec.)
    queries:                             89838  (2992.91 per sec.)
    ignored errors:                      0      (0.00 per sec.)
    reconnects:                          0      (0.00 per sec.)

General statistics:
    total time:                          30.0165s
    total number of events:              89838

Latency (ms):
         min:                                    0.12
         avg:                                    0.22
         max:                                   20.67
         95th percentile:                        0.39
         sum:                                19326.85

Threads fairness:
    events (avg/stddev):           2807.4375/14.99
    execution time (avg/stddev):   0.6040/0.01


