sysbench 1.0.20 (using system LuaJIT 2.1.0-beta3)

Running the test with following options:
Number of threads: 32
Target transaction rate: 1000/sec
Initializing random number generator from current time


Initializing worker threads...

Threads started!

Latency histogram (values are in milliseconds)
       value  ------------- distribution ------------- count
       0.597 |                                         1
       0.619 |                                         1
       0.665 |                                         2
       0.677 |                                         2
       0.690 |                                         2
       0.702 |                                         3
       0.715 |                                         10
       0.728 |                                         11
       0.741 |*                                        16
       0.755 |*                                        28
       0.768 |*                                        37
       0.782 |**                                       44
       0.797 |***                                      77
       0.811 |****                                     108
       0.826 |*****                                    123
       0.841 |******                                   151
       0.856 |*******                                  183
       0.872 |*********                                249
       0.888 |**********                               262
       0.904 |***********                              297
       0.920 |***********                              293
       0.937 |**************                           368
       0.954 |**************                           358
       0.971 |*****************                        443
       0.989 |********************                     513
       1.007 |**********************                   570
       1.025 |************************                 620
       1.044 |******************************           796
       1.063 |**********************************       882
       1.082 |***********************************      922
       1.102 |***************************************  1029
       1.122 |**************************************   985
       1.142 |**************************************** 1049
       1.163 |***************************************  1035
       1.184 |**************************************** 1044
       1.205 |***************************************  1014
       1.227 |*************************************    962
       1.250 |************************************     937
       1.272 |************************************     945
       1.295 |**********************************       890
       1.319 |**********************************       892
       1.343 |*******************************          824
       1.367 |******************************           788
       1.392 |***************************              721
       1.417 |*****************************            748
       1.443 |*************************                662
       1.469 |***********************                  606
       1.496 |***********************                  591
       1.523 |********************                     520
       1.551 |******************                       461
       1.579 |******************                       471
       1.608 |****************                         428
       1.637 |*************                            354
       1.667 |************                             310
       1.697 |************                             302
       1.728 |***********                              283
       1.759 |**********                               272
       1.791 |********                                 208
       1.824 |********                                 201
       1.857 |********                                 206
       1.891 |******                                   170
       1.925 |*****                                    141
       1.960 |*****                                    131
       1.996 |****                                     109
       2.032 |****                                     97
       2.069 |***                                      91
       2.106 |****                                     100
       2.145 |***                                      90
       2.184 |***                                      85
       2.223 |***                                      71
       2.264 |**                                       61
       2.305 |**                                       50
       2.347 |**                                       64
       2.389 |**                                       50
       2.433 |**                                       50
       2.477 |**                                       44
       2.522 |**                                       49
       2.568 |**                                       48
       2.615 |**                                       48
       2.662 |**                                       45
       2.710 |**                                       48
       2.760 |**                                       43
       2.810 |*                                        39
       2.861 |*                                        39
       2.913 |*                                        35
       2.966 |*                                        30
       3.020 |*                                        33
       3.075 |**                                       41
       3.130 |*                                        23
       3.187 |*                                        28
       3.245 |*                                        32
       3.304 |*                                        37
       3.364 |*                                        21
       3.425 |*                                        18
       3.488 |*                                        27
       3.551 |*                                        30
       3.615 |*                                        21
       3.681 |*                                        22
       3.748 |*                                        24
       3.816 |*                                        25
       3.885 |*                                        25
       3.956 |*                                        18
       4.028 |*                                        16
       4.101 |*                                        24
       4.176 |*                                        17
       4.252 |*                                        19
       4.329 |*                                        19
       4.407 |*                                        17
       4.487 |*                                        15
       4.569 |*                                        25
       4.652 |                                         6
       4.737 |*                                        20
       4.823 |*                                        17
       4.910 |                                         12
       4.999 |                                         13
       5.090 |                                         7
       5.183 |                                         12
       5.277 |                                         9
       5.373 |*                                        18
       5.470 |                                         13
       5.570 |*                                        18
       5.671 |                                         10
       5.774 |                                         11
       5.879 |                                         11
       5.986 |                                         12
       6.095 |*                                        19
       6.205 |*                                        19
       6.318 |                                         7
       6.433 |                                         10
       6.550 |                                         6
       6.669 |                                         5
       6.790 |                                         7
       6.913 |*                                        14
       7.039 |                                         4
       7.167 |                                         1
       7.297 |                                         5
       7.430 |                                         4
       7.565 |                                         6
       7.702 |                                         2
       7.842 |                                         3
       8.130 |                                         1
       8.277 |                                         3
       8.428 |                                         1
       8.581 |                                         2
       8.737 |                                         2
       8.895 |                                         1
       9.057 |                                         2
       9.222 |                                         2
       9.560 |                                         1
      10.460 |                                         1
      10.651 |                                         1
      10.844 |                                         1
      11.041 |                                         1
      11.242 |                                         1
      12.301 |                                         1
      12.524 |                                         2
      12.984 |                                         1
      14.465 |                                         1
      14.728 |                                         1
      14.995 |                                         4
      15.268 |                                         2
      16.115 |                                         1
      16.408 |                                         2
      16.706 |                                         2
      17.633 |                                         1
      18.612 |                                         1
      18.950 |                                         1
      19.295 |                                         1
      19.645 |                                         2
      20.736 |                                         2
      21.112 |                                         1
      21.886 |                                         2
      23.521 |                                         2
      24.384 |                                         3
      24.827 |                                         1
      27.165 |                                         1
      27.659 |                                         1
      29.194 |                                         1
      29.725 |                                         1
      30.815 |                                         1
      31.375 |                                         1
      32.525 |                                         1
 
SQL statistics:
    queries performed:
        read:                            0
        write:                           29877
        other:                           0
        total:                           29877
    transactions:                        29877  (995.34 per sec.)
    queries:                             29877  (995.34 per sec.)
    ignored errors:                      0      (0.00 per sec.)
    reconnects:                          0      (0.00 per sec.)

General statistics:
    total time:                          30.0159s
    total number of events:              29877

Latency (ms):
         min:                                    0.60
         avg:                                    1.43
         max:                                   32.58
         95th percentile:                        2.39
         sum:                                42806.45

Threads fairness:
    events (avg/stddev):           933.6562/5.54
    execution time (avg/stddev):   1.3377/0.02


