/opt/hostedtoolcache/Java_Temurin-Hotspot_jdk/17.0.20-1/x64/bin/java  -classpath /home/runner/ycsb-mongodb-binding-0.17.0/conf:/home/runner/ycsb-mongodb-binding-0.17.0/lib/HdrHistogram-2.1.4.jar:/home/runner/ycsb-mongodb-binding-0.17.0/lib/core-0.17.0.jar:/home/runner/ycsb-mongodb-binding-0.17.0/lib/htrace-core4-4.1.0-incubating.jar:/home/runner/ycsb-mongodb-binding-0.17.0/lib/jackson-core-asl-1.9.4.jar:/home/runner/ycsb-mongodb-binding-0.17.0/lib/jackson-mapper-asl-1.9.4.jar:/home/runner/ycsb-mongodb-binding-0.17.0/lib/logback-classic-1.1.2.jar:/home/runner/ycsb-mongodb-binding-0.17.0/lib/logback-core-1.1.2.jar:/home/runner/ycsb-mongodb-binding-0.17.0/lib/mongo-java-driver-3.8.0.jar:/home/runner/ycsb-mongodb-binding-0.17.0/lib/mongodb-async-driver-2.0.1.jar:/home/runner/ycsb-mongodb-binding-0.17.0/lib/mongodb-binding-0.17.0.jar:/home/runner/ycsb-mongodb-binding-0.17.0/lib/slf4j-api-1.7.25.jar:/home/runner/ycsb-mongodb-binding-0.17.0/lib/snappy-java-1.1.7.1.jar site.ycsb.Client -t -db site.ycsb.db.MongoDbClient -s -P /home/runner/ycsb-mongodb-binding-0.17.0/workloads/workloada -p mongodb.url=mongodb://127.0.0.1:27017/ycsb?w=1 -p measurementtype=raw -p measurement.raw.output_file=/home/runner/work/The-Omni-Compass/The-Omni-Compass/out/ycsb-tuning/rep-3/omni/notch-1.raw -p recordcount=250000 -p operationcount=1000000000 -p maxexecutiontime=20 -p target=3000 -p threads=32 -p insertstart=0 -p insertorder=ordered -p requestdistribution=uniform -p seed=100300
mongo client connection created with mongodb://127.0.0.1:27017/ycsb?w=1
Raw data measurement: will output to result file: /home/runner/work/The-Omni-Compass/The-Omni-Compass/out/ycsb-tuning/rep-3/omni/notch-1.raw
Raw data measurement: will output to result file: /home/runner/work/The-Omni-Compass/The-Omni-Compass/out/ycsb-tuning/rep-3/omni/notch-1.raw
Raw data measurement: will output to result file: /home/runner/work/The-Omni-Compass/The-Omni-Compass/out/ycsb-tuning/rep-3/omni/notch-1.raw
[OVERALL], RunTime(ms), 20003
[OVERALL], Throughput(ops/sec), 2929.6605509173623
[TOTAL_GCS_G1_Young_Generation], Count, 10
[TOTAL_GC_TIME_G1_Young_Generation], Time(ms), 37
[TOTAL_GC_TIME_%_G1_Young_Generation], Time(%), 0.18497225416187574
[TOTAL_GCS_G1_Old_Generation], Count, 0
[TOTAL_GC_TIME_G1_Old_Generation], Time(ms), 0
[TOTAL_GC_TIME_%_G1_Old_Generation], Time(%), 0.0
[TOTAL_GCs], Count, 10
[TOTAL_GC_TIME], Time(ms), 37
[TOTAL_GC_TIME_%], Time(%), 0.18497225416187574
[READ], Total Operations, 29347
[READ], Below is a summary of latency in microseconds:, -1
[READ], Average, 223.47050805874537
[READ], Min, 115
[READ], Max, 57362
[READ], p1, 124
[READ], p5, 126
[READ], p50, 177
[READ], p90, 398
[READ], p95, 470
[READ], p99, 790
[READ], p99.9, 1951
[READ], p99.99, 5498
[READ], Return=OK, 29347
[CLEANUP], Total Operations, 1
[CLEANUP], Below is a summary of latency in microseconds:, -1
[CLEANUP], Average, 1417.0
[CLEANUP], Min, 1417
[CLEANUP], Max, 1417
[CLEANUP], p1, 1417
[CLEANUP], p5, 1417
[CLEANUP], p50, 1417
[CLEANUP], p90, 1417
[CLEANUP], p95, 1417
[CLEANUP], p99, 1417
[CLEANUP], p99.9, 1417
[CLEANUP], p99.99, 1417
[UPDATE], Total Operations, 29255
[UPDATE], Below is a summary of latency in microseconds:, -1
[UPDATE], Average, 252.88781404888053
[UPDATE], Min, 139
[UPDATE], Max, 9790
[UPDATE], p1, 157
[UPDATE], p5, 160
[UPDATE], p50, 204
[UPDATE], p90, 430
[UPDATE], p95, 505
[UPDATE], p99, 843
[UPDATE], p99.9, 2198
[UPDATE], p99.99, 5896
[UPDATE], Return=OK, 29255

Command line: -t -db site.ycsb.db.MongoDbClient -s -P /home/runner/ycsb-mongodb-binding-0.17.0/workloads/workloada -p mongodb.url=mongodb://127.0.0.1:27017/ycsb?w=1 -p measurementtype=raw -p measurement.raw.output_file=/home/runner/work/The-Omni-Compass/The-Omni-Compass/out/ycsb-tuning/rep-3/omni/notch-1.raw -p recordcount=250000 -p operationcount=1000000000 -p maxexecutiontime=20 -p target=3000 -p threads=32 -p insertstart=0 -p insertorder=ordered -p requestdistribution=uniform -p seed=100300
YCSB Client 0.17.0

Loading workload...
Starting test.
Maximum execution time specified as: 20 secs
2026-10-08 23:48:38:990 0 sec: 0 operations; est completion in 0 second 
DBWrapper: report latency for each error is false and specific error codes to track for latency are: []
2026-10-08 23:48:48:955 10 sec: 28600 operations; 2860 current ops/sec; est completion in 4 days 1 hour READ count: 14336, average latency(us): 279.79 UPDATE count: 14267, average latency(us): 306.39 
Maximum time elapsed. Requesting stop for the workload.
Stop requested for workload. Now Joining!
2026-10-08 23:48:58:955 20 sec: 58600 operations; 3000 current ops/sec; est completion in 3 days 22 hours READ count: 15010, average latency(us): 169.68 UPDATE count: 14988, average latency(us): 201.96 
2026-10-08 23:48:58:957 20 sec: 58602 operations; 666.67 current ops/sec; est completion in 3 days 22 hours READ count: 1, average latency(us): 225.00 CLEANUP count: 1, average latency(us): 1417.00  


/opt/hostedtoolcache/Java_Temurin-Hotspot_jdk/17.0.20-1/x64/bin/java  -classpath /home/runner/ycsb-mongodb-binding-0.17.0/conf:/home/runner/ycsb-mongodb-binding-0.17.0/lib/HdrHistogram-2.1.4.jar:/home/runner/ycsb-mongodb-binding-0.17.0/lib/core-0.17.0.jar:/home/runner/ycsb-mongodb-binding-0.17.0/lib/htrace-core4-4.1.0-incubating.jar:/home/runner/ycsb-mongodb-binding-0.17.0/lib/jackson-core-asl-1.9.4.jar:/home/runner/ycsb-mongodb-binding-0.17.0/lib/jackson-mapper-asl-1.9.4.jar:/home/runner/ycsb-mongodb-binding-0.17.0/lib/logback-classic-1.1.2.jar:/home/runner/ycsb-mongodb-binding-0.17.0/lib/logback-core-1.1.2.jar:/home/runner/ycsb-mongodb-binding-0.17.0/lib/mongo-java-driver-3.8.0.jar:/home/runner/ycsb-mongodb-binding-0.17.0/lib/mongodb-async-driver-2.0.1.jar:/home/runner/ycsb-mongodb-binding-0.17.0/lib/mongodb-binding-0.17.0.jar:/home/runner/ycsb-mongodb-binding-0.17.0/lib/slf4j-api-1.7.25.jar:/home/runner/ycsb-mongodb-binding-0.17.0/lib/snappy-java-1.1.7.1.jar site.ycsb.Client -t -db site.ycsb.db.MongoDbClient -s -P /home/runner/ycsb-mongodb-binding-0.17.0/workloads/workloada -p mongodb.url=mongodb://127.0.0.1:27017/ycsb?w=1 -p measurementtype=raw -p measurement.raw.output_file=/home/runner/work/The-Omni-Compass/The-Omni-Compass/out/ycsb-tuning/rep-3/omni/notch-2.raw -p recordcount=500000 -p operationcount=1000000000 -p maxexecutiontime=20 -p target=3000 -p threads=32 -p insertstart=0 -p insertorder=ordered -p requestdistribution=uniform -p seed=100301
mongo client connection created with mongodb://127.0.0.1:27017/ycsb?w=1
Raw data measurement: will output to result file: /home/runner/work/The-Omni-Compass/The-Omni-Compass/out/ycsb-tuning/rep-3/omni/notch-2.raw
Raw data measurement: will output to result file: /home/runner/work/The-Omni-Compass/The-Omni-Compass/out/ycsb-tuning/rep-3/omni/notch-2.raw
Raw data measurement: will output to result file: /home/runner/work/The-Omni-Compass/The-Omni-Compass/out/ycsb-tuning/rep-3/omni/notch-2.raw
[OVERALL], RunTime(ms), 20003
[OVERALL], Throughput(ops/sec), 2951.5072739089137
[TOTAL_GCS_G1_Young_Generation], Count, 10
[TOTAL_GC_TIME_G1_Young_Generation], Time(ms), 35
[TOTAL_GC_TIME_%_G1_Young_Generation], Time(%), 0.17497375393690948
[TOTAL_GCS_G1_Old_Generation], Count, 0
[TOTAL_GC_TIME_G1_Old_Generation], Time(ms), 0
[TOTAL_GC_TIME_%_G1_Old_Generation], Time(%), 0.0
[TOTAL_GCs], Count, 10
[TOTAL_GC_TIME], Time(ms), 35
[TOTAL_GC_TIME_%], Time(%), 0.17497375393690948
[READ], Total Operations, 29536
[READ], Below is a summary of latency in microseconds:, -1
[READ], Average, 238.77999729144096
[READ], Min, 111
[READ], Max, 51155
[READ], p1, 126
[READ], p5, 131
[READ], p50, 182
[READ], p90, 384
[READ], p95, 439
[READ], p99, 713
[READ], p99.9, 2933
[READ], p99.99, 40081
[READ], Return=OK, 29536
[CLEANUP], Total Operations, 1
[CLEANUP], Below is a summary of latency in microseconds:, -1
[CLEANUP], Average, 1324.0
[CLEANUP], Min, 1324
[CLEANUP], Max, 1324
[CLEANUP], p1, 1324
[CLEANUP], p5, 1324
[CLEANUP], p50, 1324
[CLEANUP], p90, 1324
[CLEANUP], p95, 1324
[CLEANUP], p99, 1324
[CLEANUP], p99.9, 1324
[CLEANUP], p99.99, 1324
[UPDATE], Total Operations, 29503
[UPDATE], Below is a summary of latency in microseconds:, -1
[UPDATE], Average, 263.7795817374504
[UPDATE], Min, 139
[UPDATE], Max, 54539
[UPDATE], p1, 157
[UPDATE], p5, 162
[UPDATE], p50, 207
[UPDATE], p90, 413
[UPDATE], p95, 472
[UPDATE], p99, 752
[UPDATE], p99.9, 2866
[UPDATE], p99.99, 41054
[UPDATE], Return=OK, 29503

Command line: -t -db site.ycsb.db.MongoDbClient -s -P /home/runner/ycsb-mongodb-binding-0.17.0/workloads/workloada -p mongodb.url=mongodb://127.0.0.1:27017/ycsb?w=1 -p measurementtype=raw -p measurement.raw.output_file=/home/runner/work/The-Omni-Compass/The-Omni-Compass/out/ycsb-tuning/rep-3/omni/notch-2.raw -p recordcount=500000 -p operationcount=1000000000 -p maxexecutiontime=20 -p target=3000 -p threads=32 -p insertstart=0 -p insertorder=ordered -p requestdistribution=uniform -p seed=100301
YCSB Client 0.17.0

Loading workload...
Starting test.
Maximum execution time specified as: 20 secs
2026-10-08 23:48:59:566 0 sec: 0 operations; est completion in 0 second 
DBWrapper: report latency for each error is false and specific error codes to track for latency are: []
2026-10-08 23:49:09:527 10 sec: 29038 operations; 2903.8 current ops/sec; est completion in 3 days 23 hours READ count: 14455, average latency(us): 267.86 UPDATE count: 14585, average latency(us): 292.39 
Maximum time elapsed. Requesting stop for the workload.
Stop requested for workload. Now Joining!
2026-10-08 23:49:19:527 20 sec: 59037 operations; 2999.9 current ops/sec; est completion in 3 days 22 hours READ count: 15080, average latency(us): 210.89 UPDATE count: 14918, average latency(us): 235.81 
2026-10-08 23:49:19:529 20 sec: 59039 operations; 666.67 current ops/sec; est completion in 3 days 22 hours READ count: 1, average latency(us): 472.00 CLEANUP count: 1, average latency(us): 1324.00  


/opt/hostedtoolcache/Java_Temurin-Hotspot_jdk/17.0.20-1/x64/bin/java  -classpath /home/runner/ycsb-mongodb-binding-0.17.0/conf:/home/runner/ycsb-mongodb-binding-0.17.0/lib/HdrHistogram-2.1.4.jar:/home/runner/ycsb-mongodb-binding-0.17.0/lib/core-0.17.0.jar:/home/runner/ycsb-mongodb-binding-0.17.0/lib/htrace-core4-4.1.0-incubating.jar:/home/runner/ycsb-mongodb-binding-0.17.0/lib/jackson-core-asl-1.9.4.jar:/home/runner/ycsb-mongodb-binding-0.17.0/lib/jackson-mapper-asl-1.9.4.jar:/home/runner/ycsb-mongodb-binding-0.17.0/lib/logback-classic-1.1.2.jar:/home/runner/ycsb-mongodb-binding-0.17.0/lib/logback-core-1.1.2.jar:/home/runner/ycsb-mongodb-binding-0.17.0/lib/mongo-java-driver-3.8.0.jar:/home/runner/ycsb-mongodb-binding-0.17.0/lib/mongodb-async-driver-2.0.1.jar:/home/runner/ycsb-mongodb-binding-0.17.0/lib/mongodb-binding-0.17.0.jar:/home/runner/ycsb-mongodb-binding-0.17.0/lib/slf4j-api-1.7.25.jar:/home/runner/ycsb-mongodb-binding-0.17.0/lib/snappy-java-1.1.7.1.jar site.ycsb.Client -t -db site.ycsb.db.MongoDbClient -s -P /home/runner/ycsb-mongodb-binding-0.17.0/workloads/workloada -p mongodb.url=mongodb://127.0.0.1:27017/ycsb?w=1 -p measurementtype=raw -p measurement.raw.output_file=/home/runner/work/The-Omni-Compass/The-Omni-Compass/out/ycsb-tuning/rep-3/omni/notch-3.raw -p recordcount=750000 -p operationcount=1000000000 -p maxexecutiontime=20 -p target=3000 -p threads=32 -p insertstart=0 -p insertorder=ordered -p requestdistribution=uniform -p seed=100302
mongo client connection created with mongodb://127.0.0.1:27017/ycsb?w=1
Raw data measurement: will output to result file: /home/runner/work/The-Omni-Compass/The-Omni-Compass/out/ycsb-tuning/rep-3/omni/notch-3.raw
Raw data measurement: will output to result file: /home/runner/work/The-Omni-Compass/The-Omni-Compass/out/ycsb-tuning/rep-3/omni/notch-3.raw
Raw data measurement: will output to result file: /home/runner/work/The-Omni-Compass/The-Omni-Compass/out/ycsb-tuning/rep-3/omni/notch-3.raw
[OVERALL], RunTime(ms), 20009
[OVERALL], Throughput(ops/sec), 2817.5321105502526
[TOTAL_GCS_G1_Young_Generation], Count, 10
[TOTAL_GC_TIME_G1_Young_Generation], Time(ms), 36
[TOTAL_GC_TIME_%_G1_Young_Generation], Time(%), 0.17991903643360488
[TOTAL_GCS_G1_Old_Generation], Count, 0
[TOTAL_GC_TIME_G1_Old_Generation], Time(ms), 0
[TOTAL_GC_TIME_%_G1_Old_Generation], Time(%), 0.0
[TOTAL_GCs], Count, 10
[TOTAL_GC_TIME], Time(ms), 36
[TOTAL_GC_TIME_%], Time(%), 0.17991903643360488
[READ], Total Operations, 28180
[READ], Below is a summary of latency in microseconds:, -1
[READ], Average, 236.03133427963095
[READ], Min, 116
[READ], Max, 57397
[READ], p1, 127
[READ], p5, 134
[READ], p50, 188
[READ], p90, 372
[READ], p95, 431
[READ], p99, 658
[READ], p99.9, 2065
[READ], p99.99, 45015
[READ], Return=OK, 28180
[CLEANUP], Total Operations, 1
[CLEANUP], Below is a summary of latency in microseconds:, -1
[CLEANUP], Average, 1369.0
[CLEANUP], Min, 1369
[CLEANUP], Max, 1369
[CLEANUP], p1, 1369
[CLEANUP], p5, 1369
[CLEANUP], p50, 1369
[CLEANUP], p90, 1369
[CLEANUP], p95, 1369
[CLEANUP], p99, 1369
[CLEANUP], p99.9, 1369
[CLEANUP], p99.99, 1369
[UPDATE], Total Operations, 28196
[UPDATE], Below is a summary of latency in microseconds:, -1
[UPDATE], Average, 281.69208398354374
[UPDATE], Min, 143
[UPDATE], Max, 61915
[UPDATE], p1, 160
[UPDATE], p5, 165
[UPDATE], p50, 219
[UPDATE], p90, 404
[UPDATE], p95, 464
[UPDATE], p99, 707
[UPDATE], p99.9, 2361
[UPDATE], p99.99, 58446
[UPDATE], Return=OK, 28196

Command line: -t -db site.ycsb.db.MongoDbClient -s -P /home/runner/ycsb-mongodb-binding-0.17.0/workloads/workloada -p mongodb.url=mongodb://127.0.0.1:27017/ycsb?w=1 -p measurementtype=raw -p measurement.raw.output_file=/home/runner/work/The-Omni-Compass/The-Omni-Compass/out/ycsb-tuning/rep-3/omni/notch-3.raw -p recordcount=750000 -p operationcount=1000000000 -p maxexecutiontime=20 -p target=3000 -p threads=32 -p insertstart=0 -p insertorder=ordered -p requestdistribution=uniform -p seed=100302
YCSB Client 0.17.0

Loading workload...
Starting test.
Maximum execution time specified as: 20 secs
2026-10-08 23:49:20:109 0 sec: 0 operations; est completion in 0 second 
DBWrapper: report latency for each error is false and specific error codes to track for latency are: []
2026-10-08 23:49:30:074 10 sec: 29020 operations; 2901.71 current ops/sec; est completion in 3 days 23 hours READ count: 14618, average latency(us): 257.32 UPDATE count: 14407, average latency(us): 283.86 
Maximum time elapsed. Requesting stop for the workload.
Stop requested for workload. Now Joining!
2026-10-08 23:49:40:079 20 sec: 56375 operations; 2734.13 current ops/sec; est completion in 4 days 2 hours READ count: 13562, average latency(us): 213.08 UPDATE count: 13788, average latency(us): 279.33 
2026-10-08 23:49:40:082 20 sec: 56376 operations; 333.33 current ops/sec; est completion in 4 days 2 hours  CLEANUP count: 1, average latency(us): 1369.00 UPDATE count: 1, average latency(us): 1619.00 


/opt/hostedtoolcache/Java_Temurin-Hotspot_jdk/17.0.20-1/x64/bin/java  -classpath /home/runner/ycsb-mongodb-binding-0.17.0/conf:/home/runner/ycsb-mongodb-binding-0.17.0/lib/HdrHistogram-2.1.4.jar:/home/runner/ycsb-mongodb-binding-0.17.0/lib/core-0.17.0.jar:/home/runner/ycsb-mongodb-binding-0.17.0/lib/htrace-core4-4.1.0-incubating.jar:/home/runner/ycsb-mongodb-binding-0.17.0/lib/jackson-core-asl-1.9.4.jar:/home/runner/ycsb-mongodb-binding-0.17.0/lib/jackson-mapper-asl-1.9.4.jar:/home/runner/ycsb-mongodb-binding-0.17.0/lib/logback-classic-1.1.2.jar:/home/runner/ycsb-mongodb-binding-0.17.0/lib/logback-core-1.1.2.jar:/home/runner/ycsb-mongodb-binding-0.17.0/lib/mongo-java-driver-3.8.0.jar:/home/runner/ycsb-mongodb-binding-0.17.0/lib/mongodb-async-driver-2.0.1.jar:/home/runner/ycsb-mongodb-binding-0.17.0/lib/mongodb-binding-0.17.0.jar:/home/runner/ycsb-mongodb-binding-0.17.0/lib/slf4j-api-1.7.25.jar:/home/runner/ycsb-mongodb-binding-0.17.0/lib/snappy-java-1.1.7.1.jar site.ycsb.Client -t -db site.ycsb.db.MongoDbClient -s -P /home/runner/ycsb-mongodb-binding-0.17.0/workloads/workloada -p mongodb.url=mongodb://127.0.0.1:27017/ycsb?w=1 -p measurementtype=raw -p measurement.raw.output_file=/home/runner/work/The-Omni-Compass/The-Omni-Compass/out/ycsb-tuning/rep-3/omni/notch-4.raw -p recordcount=500000 -p operationcount=1000000000 -p maxexecutiontime=20 -p target=3000 -p threads=32 -p insertstart=0 -p insertorder=ordered -p requestdistribution=uniform -p seed=100303
mongo client connection created with mongodb://127.0.0.1:27017/ycsb?w=1
Raw data measurement: will output to result file: /home/runner/work/The-Omni-Compass/The-Omni-Compass/out/ycsb-tuning/rep-3/omni/notch-4.raw
Raw data measurement: will output to result file: /home/runner/work/The-Omni-Compass/The-Omni-Compass/out/ycsb-tuning/rep-3/omni/notch-4.raw
Raw data measurement: will output to result file: /home/runner/work/The-Omni-Compass/The-Omni-Compass/out/ycsb-tuning/rep-3/omni/notch-4.raw
[OVERALL], RunTime(ms), 20002
[OVERALL], Throughput(ops/sec), 2946.305369463054
[TOTAL_GCS_G1_Young_Generation], Count, 10
[TOTAL_GC_TIME_G1_Young_Generation], Time(ms), 36
[TOTAL_GC_TIME_%_G1_Young_Generation], Time(%), 0.17998200179982002
[TOTAL_GCS_G1_Old_Generation], Count, 0
[TOTAL_GC_TIME_G1_Old_Generation], Time(ms), 0
[TOTAL_GC_TIME_%_G1_Old_Generation], Time(%), 0.0
[TOTAL_GCs], Count, 10
[TOTAL_GC_TIME], Time(ms), 36
[TOTAL_GC_TIME_%], Time(%), 0.17998200179982002
[READ], Total Operations, 29456
[READ], Below is a summary of latency in microseconds:, -1
[READ], Average, 193.3613185768604
[READ], Min, 109
[READ], Max, 46786
[READ], p1, 126
[READ], p5, 130
[READ], p50, 180
[READ], p90, 237
[READ], p95, 275
[READ], p99, 481
[READ], p99.9, 1901
[READ], p99.99, 4798
[READ], Return=OK, 29456
[CLEANUP], Total Operations, 1
[CLEANUP], Below is a summary of latency in microseconds:, -1
[CLEANUP], Average, 1294.0
[CLEANUP], Min, 1294
[CLEANUP], Max, 1294
[CLEANUP], p1, 1294
[CLEANUP], p5, 1294
[CLEANUP], p50, 1294
[CLEANUP], p90, 1294
[CLEANUP], p95, 1294
[CLEANUP], p99, 1294
[CLEANUP], p99.9, 1294
[CLEANUP], p99.99, 1294
[UPDATE], Total Operations, 29476
[UPDATE], Below is a summary of latency in microseconds:, -1
[UPDATE], Average, 219.42753426516487
[UPDATE], Min, 148
[UPDATE], Max, 21917
[UPDATE], p1, 158
[UPDATE], p5, 161
[UPDATE], p50, 205
[UPDATE], p90, 269
[UPDATE], p95, 308
[UPDATE], p99, 511
[UPDATE], p99.9, 1855
[UPDATE], p99.99, 5579
[UPDATE], Return=OK, 29476

Command line: -t -db site.ycsb.db.MongoDbClient -s -P /home/runner/ycsb-mongodb-binding-0.17.0/workloads/workloada -p mongodb.url=mongodb://127.0.0.1:27017/ycsb?w=1 -p measurementtype=raw -p measurement.raw.output_file=/home/runner/work/The-Omni-Compass/The-Omni-Compass/out/ycsb-tuning/rep-3/omni/notch-4.raw -p recordcount=500000 -p operationcount=1000000000 -p maxexecutiontime=20 -p target=3000 -p threads=32 -p insertstart=0 -p insertorder=ordered -p requestdistribution=uniform -p seed=100303
YCSB Client 0.17.0

Loading workload...
Starting test.
Maximum execution time specified as: 20 secs
2026-10-08 23:49:40:634 0 sec: 0 operations; est completion in 0 second 
DBWrapper: report latency for each error is false and specific error codes to track for latency are: []
2026-10-08 23:49:50:597 10 sec: 28930 operations; 2893 current ops/sec; est completion in 4 days READ count: 14498, average latency(us): 214.46 UPDATE count: 14433, average latency(us): 241.76 
Maximum time elapsed. Requesting stop for the workload.
Stop requested for workload. Now Joining!
2026-10-08 23:50:00:597 20 sec: 58930 operations; 3000 current ops/sec; est completion in 3 days 22 hours READ count: 14957, average latency(us): 172.90 UPDATE count: 15043, average latency(us): 198.00 
2026-10-08 23:50:00:600 20 sec: 58932 operations; 1000 current ops/sec; est completion in 3 days 22 hours READ count: 1, average latency(us): 375.00 CLEANUP count: 1, average latency(us): 1294.00  


/opt/hostedtoolcache/Java_Temurin-Hotspot_jdk/17.0.20-1/x64/bin/java  -classpath /home/runner/ycsb-mongodb-binding-0.17.0/conf:/home/runner/ycsb-mongodb-binding-0.17.0/lib/HdrHistogram-2.1.4.jar:/home/runner/ycsb-mongodb-binding-0.17.0/lib/core-0.17.0.jar:/home/runner/ycsb-mongodb-binding-0.17.0/lib/htrace-core4-4.1.0-incubating.jar:/home/runner/ycsb-mongodb-binding-0.17.0/lib/jackson-core-asl-1.9.4.jar:/home/runner/ycsb-mongodb-binding-0.17.0/lib/jackson-mapper-asl-1.9.4.jar:/home/runner/ycsb-mongodb-binding-0.17.0/lib/logback-classic-1.1.2.jar:/home/runner/ycsb-mongodb-binding-0.17.0/lib/logback-core-1.1.2.jar:/home/runner/ycsb-mongodb-binding-0.17.0/lib/mongo-java-driver-3.8.0.jar:/home/runner/ycsb-mongodb-binding-0.17.0/lib/mongodb-async-driver-2.0.1.jar:/home/runner/ycsb-mongodb-binding-0.17.0/lib/mongodb-binding-0.17.0.jar:/home/runner/ycsb-mongodb-binding-0.17.0/lib/slf4j-api-1.7.25.jar:/home/runner/ycsb-mongodb-binding-0.17.0/lib/snappy-java-1.1.7.1.jar site.ycsb.Client -t -db site.ycsb.db.MongoDbClient -s -P /home/runner/ycsb-mongodb-binding-0.17.0/workloads/workloada -p mongodb.url=mongodb://127.0.0.1:27017/ycsb?w=1 -p measurementtype=raw -p measurement.raw.output_file=/home/runner/work/The-Omni-Compass/The-Omni-Compass/out/ycsb-tuning/rep-3/omni/notch-5.raw -p recordcount=750000 -p operationcount=1000000000 -p maxexecutiontime=20 -p target=3000 -p threads=32 -p insertstart=0 -p insertorder=ordered -p requestdistribution=uniform -p seed=100304
mongo client connection created with mongodb://127.0.0.1:27017/ycsb?w=1
Raw data measurement: will output to result file: /home/runner/work/The-Omni-Compass/The-Omni-Compass/out/ycsb-tuning/rep-3/omni/notch-5.raw
Raw data measurement: will output to result file: /home/runner/work/The-Omni-Compass/The-Omni-Compass/out/ycsb-tuning/rep-3/omni/notch-5.raw
Raw data measurement: will output to result file: /home/runner/work/The-Omni-Compass/The-Omni-Compass/out/ycsb-tuning/rep-3/omni/notch-5.raw
[OVERALL], RunTime(ms), 20019
[OVERALL], Throughput(ops/sec), 2944.502722413707
[TOTAL_GCS_G1_Young_Generation], Count, 10
[TOTAL_GC_TIME_G1_Young_Generation], Time(ms), 37
[TOTAL_GC_TIME_%_G1_Young_Generation], Time(%), 0.18482441680403616
[TOTAL_GCS_G1_Old_Generation], Count, 0
[TOTAL_GC_TIME_G1_Old_Generation], Time(ms), 0
[TOTAL_GC_TIME_%_G1_Old_Generation], Time(%), 0.0
[TOTAL_GCs], Count, 10
[TOTAL_GC_TIME], Time(ms), 37
[TOTAL_GC_TIME_%], Time(%), 0.18482441680403616
[READ], Total Operations, 29386
[READ], Below is a summary of latency in microseconds:, -1
[READ], Average, 195.19635200435582
[READ], Min, 119
[READ], Max, 23039
[READ], p1, 127
[READ], p5, 133
[READ], p50, 180
[READ], p90, 238
[READ], p95, 286
[READ], p99, 503
[READ], p99.9, 1685
[READ], p99.99, 8243
[READ], Return=OK, 29386
[CLEANUP], Total Operations, 1
[CLEANUP], Below is a summary of latency in microseconds:, -1
[CLEANUP], Average, 1406.0
[CLEANUP], Min, 1406
[CLEANUP], Max, 1406
[CLEANUP], p1, 1406
[CLEANUP], p5, 1406
[CLEANUP], p50, 1406
[CLEANUP], p90, 1406
[CLEANUP], p95, 1406
[CLEANUP], p99, 1406
[CLEANUP], p99.9, 1406
[CLEANUP], p99.99, 1406
[UPDATE], Total Operations, 29560
[UPDATE], Below is a summary of latency in microseconds:, -1
[UPDATE], Average, 222.33545331529092
[UPDATE], Min, 146
[UPDATE], Max, 48764
[UPDATE], p1, 159
[UPDATE], p5, 163
[UPDATE], p50, 206
[UPDATE], p90, 268
[UPDATE], p95, 317
[UPDATE], p99, 521
[UPDATE], p99.9, 1561
[UPDATE], p99.99, 7795
[UPDATE], Return=OK, 29560

Command line: -t -db site.ycsb.db.MongoDbClient -s -P /home/runner/ycsb-mongodb-binding-0.17.0/workloads/workloada -p mongodb.url=mongodb://127.0.0.1:27017/ycsb?w=1 -p measurementtype=raw -p measurement.raw.output_file=/home/runner/work/The-Omni-Compass/The-Omni-Compass/out/ycsb-tuning/rep-3/omni/notch-5.raw -p recordcount=750000 -p operationcount=1000000000 -p maxexecutiontime=20 -p target=3000 -p threads=32 -p insertstart=0 -p insertorder=ordered -p requestdistribution=uniform -p seed=100304
YCSB Client 0.17.0

Loading workload...
Starting test.
Maximum execution time specified as: 20 secs
2026-10-08 23:50:01:215 0 sec: 0 operations; est completion in 0 second 
DBWrapper: report latency for each error is false and specific error codes to track for latency are: []
2026-10-08 23:50:11:179 10 sec: 28950 operations; 2895 current ops/sec; est completion in 3 days 23 hours READ count: 14436, average latency(us): 212.38 UPDATE count: 14516, average latency(us): 243.81 
Maximum time elapsed. Requesting stop for the workload.
Stop requested for workload. Now Joining!
2026-10-08 23:50:21:178 20 sec: 58945 operations; 2999.5 current ops/sec; est completion in 3 days 22 hours READ count: 14949, average latency(us): 177.41 UPDATE count: 15044, average latency(us): 201.62 
2026-10-08 23:50:21:197 20 sec: 58946 operations; 55.56 current ops/sec; est completion in 3 days 22 hours READ count: 1, average latency(us): 17953.00 CLEANUP count: 1, average latency(us): 1406.00  


/opt/hostedtoolcache/Java_Temurin-Hotspot_jdk/17.0.20-1/x64/bin/java  -classpath /home/runner/ycsb-mongodb-binding-0.17.0/conf:/home/runner/ycsb-mongodb-binding-0.17.0/lib/HdrHistogram-2.1.4.jar:/home/runner/ycsb-mongodb-binding-0.17.0/lib/core-0.17.0.jar:/home/runner/ycsb-mongodb-binding-0.17.0/lib/htrace-core4-4.1.0-incubating.jar:/home/runner/ycsb-mongodb-binding-0.17.0/lib/jackson-core-asl-1.9.4.jar:/home/runner/ycsb-mongodb-binding-0.17.0/lib/jackson-mapper-asl-1.9.4.jar:/home/runner/ycsb-mongodb-binding-0.17.0/lib/logback-classic-1.1.2.jar:/home/runner/ycsb-mongodb-binding-0.17.0/lib/logback-core-1.1.2.jar:/home/runner/ycsb-mongodb-binding-0.17.0/lib/mongo-java-driver-3.8.0.jar:/home/runner/ycsb-mongodb-binding-0.17.0/lib/mongodb-async-driver-2.0.1.jar:/home/runner/ycsb-mongodb-binding-0.17.0/lib/mongodb-binding-0.17.0.jar:/home/runner/ycsb-mongodb-binding-0.17.0/lib/slf4j-api-1.7.25.jar:/home/runner/ycsb-mongodb-binding-0.17.0/lib/snappy-java-1.1.7.1.jar site.ycsb.Client -t -db site.ycsb.db.MongoDbClient -s -P /home/runner/ycsb-mongodb-binding-0.17.0/workloads/workloada -p mongodb.url=mongodb://127.0.0.1:27017/ycsb?w=1 -p measurementtype=raw -p measurement.raw.output_file=/home/runner/work/The-Omni-Compass/The-Omni-Compass/out/ycsb-tuning/rep-3/omni/notch-6.raw -p recordcount=1000000 -p operationcount=1000000000 -p maxexecutiontime=20 -p target=3000 -p threads=32 -p insertstart=0 -p insertorder=ordered -p requestdistribution=uniform -p seed=100305
mongo client connection created with mongodb://127.0.0.1:27017/ycsb?w=1
Raw data measurement: will output to result file: /home/runner/work/The-Omni-Compass/The-Omni-Compass/out/ycsb-tuning/rep-3/omni/notch-6.raw
Raw data measurement: will output to result file: /home/runner/work/The-Omni-Compass/The-Omni-Compass/out/ycsb-tuning/rep-3/omni/notch-6.raw
Raw data measurement: will output to result file: /home/runner/work/The-Omni-Compass/The-Omni-Compass/out/ycsb-tuning/rep-3/omni/notch-6.raw
[OVERALL], RunTime(ms), 20003
[OVERALL], Throughput(ops/sec), 2879.918012298155
[TOTAL_GCS_G1_Young_Generation], Count, 10
[TOTAL_GC_TIME_G1_Young_Generation], Time(ms), 40
[TOTAL_GC_TIME_%_G1_Young_Generation], Time(%), 0.1999700044993251
[TOTAL_GCS_G1_Old_Generation], Count, 0
[TOTAL_GC_TIME_G1_Old_Generation], Time(ms), 0
[TOTAL_GC_TIME_%_G1_Old_Generation], Time(%), 0.0
[TOTAL_GCs], Count, 10
[TOTAL_GC_TIME], Time(ms), 40
[TOTAL_GC_TIME_%], Time(%), 0.1999700044993251
[READ], Total Operations, 28700
[READ], Below is a summary of latency in microseconds:, -1
[READ], Average, 242.53787456445994
[READ], Min, 118
[READ], Max, 63756
[READ], p1, 128
[READ], p5, 140
[READ], p50, 190
[READ], p90, 354
[READ], p95, 412
[READ], p99, 608
[READ], p99.9, 2844
[READ], p99.99, 46939
[READ], Return=OK, 28700
[CLEANUP], Total Operations, 1
[CLEANUP], Below is a summary of latency in microseconds:, -1
[CLEANUP], Average, 1418.0
[CLEANUP], Min, 1418
[CLEANUP], Max, 1418
[CLEANUP], p1, 1418
[CLEANUP], p5, 1418
[CLEANUP], p50, 1418
[CLEANUP], p90, 1418
[CLEANUP], p95, 1418
[CLEANUP], p99, 1418
[CLEANUP], p99.9, 1418
[CLEANUP], p99.99, 1418
[UPDATE], Total Operations, 28907
[UPDATE], Below is a summary of latency in microseconds:, -1
[UPDATE], Average, 255.80931954197945
[UPDATE], Min, 142
[UPDATE], Max, 61124
[UPDATE], p1, 160
[UPDATE], p5, 165
[UPDATE], p50, 218
[UPDATE], p90, 384
[UPDATE], p95, 443
[UPDATE], p99, 629
[UPDATE], p99.9, 2019
[UPDATE], p99.99, 58287
[UPDATE], Return=OK, 28907

Command line: -t -db site.ycsb.db.MongoDbClient -s -P /home/runner/ycsb-mongodb-binding-0.17.0/workloads/workloada -p mongodb.url=mongodb://127.0.0.1:27017/ycsb?w=1 -p measurementtype=raw -p measurement.raw.output_file=/home/runner/work/The-Omni-Compass/The-Omni-Compass/out/ycsb-tuning/rep-3/omni/notch-6.raw -p recordcount=1000000 -p operationcount=1000000000 -p maxexecutiontime=20 -p target=3000 -p threads=32 -p insertstart=0 -p insertorder=ordered -p requestdistribution=uniform -p seed=100305
YCSB Client 0.17.0

Loading workload...
Starting test.
Maximum execution time specified as: 20 secs
2026-10-08 23:50:21:852 0 sec: 0 operations; est completion in 0 second 
DBWrapper: report latency for each error is false and specific error codes to track for latency are: []
2026-10-08 23:50:31:813 10 sec: 29019 operations; 2901.9 current ops/sec; est completion in 3 days 23 hours READ count: 14466, average latency(us): 250.80 UPDATE count: 14557, average latency(us): 269.68 
Maximum time elapsed. Requesting stop for the workload.
Stop requested for workload. Now Joining!
2026-10-08 23:50:41:813 20 sec: 57605 operations; 2858.6 current ops/sec; est completion in 4 days READ count: 14234, average latency(us): 234.14 UPDATE count: 14350, average latency(us): 241.74 
2026-10-08 23:50:41:815 20 sec: 57607 operations; 666.67 current ops/sec; est completion in 4 days  CLEANUP count: 1, average latency(us): 1418.00  


/opt/hostedtoolcache/Java_Temurin-Hotspot_jdk/17.0.20-1/x64/bin/java  -classpath /home/runner/ycsb-mongodb-binding-0.17.0/conf:/home/runner/ycsb-mongodb-binding-0.17.0/lib/HdrHistogram-2.1.4.jar:/home/runner/ycsb-mongodb-binding-0.17.0/lib/core-0.17.0.jar:/home/runner/ycsb-mongodb-binding-0.17.0/lib/htrace-core4-4.1.0-incubating.jar:/home/runner/ycsb-mongodb-binding-0.17.0/lib/jackson-core-asl-1.9.4.jar:/home/runner/ycsb-mongodb-binding-0.17.0/lib/jackson-mapper-asl-1.9.4.jar:/home/runner/ycsb-mongodb-binding-0.17.0/lib/logback-classic-1.1.2.jar:/home/runner/ycsb-mongodb-binding-0.17.0/lib/logback-core-1.1.2.jar:/home/runner/ycsb-mongodb-binding-0.17.0/lib/mongo-java-driver-3.8.0.jar:/home/runner/ycsb-mongodb-binding-0.17.0/lib/mongodb-async-driver-2.0.1.jar:/home/runner/ycsb-mongodb-binding-0.17.0/lib/mongodb-binding-0.17.0.jar:/home/runner/ycsb-mongodb-binding-0.17.0/lib/slf4j-api-1.7.25.jar:/home/runner/ycsb-mongodb-binding-0.17.0/lib/snappy-java-1.1.7.1.jar site.ycsb.Client -t -db site.ycsb.db.MongoDbClient -s -P /home/runner/ycsb-mongodb-binding-0.17.0/workloads/workloada -p mongodb.url=mongodb://127.0.0.1:27017/ycsb?w=1 -p measurementtype=raw -p measurement.raw.output_file=/home/runner/work/The-Omni-Compass/The-Omni-Compass/out/ycsb-tuning/rep-3/omni/notch-7.raw -p recordcount=1250000 -p operationcount=1000000000 -p maxexecutiontime=20 -p target=3000 -p threads=32 -p insertstart=0 -p insertorder=ordered -p requestdistribution=uniform -p seed=100306
mongo client connection created with mongodb://127.0.0.1:27017/ycsb?w=1
Raw data measurement: will output to result file: /home/runner/work/The-Omni-Compass/The-Omni-Compass/out/ycsb-tuning/rep-3/omni/notch-7.raw
Raw data measurement: will output to result file: /home/runner/work/The-Omni-Compass/The-Omni-Compass/out/ycsb-tuning/rep-3/omni/notch-7.raw
Raw data measurement: will output to result file: /home/runner/work/The-Omni-Compass/The-Omni-Compass/out/ycsb-tuning/rep-3/omni/notch-7.raw
[OVERALL], RunTime(ms), 20003
[OVERALL], Throughput(ops/sec), 2948.0077988301755
[TOTAL_GCS_G1_Young_Generation], Count, 10
[TOTAL_GC_TIME_G1_Young_Generation], Time(ms), 36
[TOTAL_GC_TIME_%_G1_Young_Generation], Time(%), 0.1799730040493926
[TOTAL_GCS_G1_Old_Generation], Count, 0
[TOTAL_GC_TIME_G1_Old_Generation], Time(ms), 0
[TOTAL_GC_TIME_%_G1_Old_Generation], Time(%), 0.0
[TOTAL_GCs], Count, 10
[TOTAL_GC_TIME], Time(ms), 36
[TOTAL_GC_TIME_%], Time(%), 0.1799730040493926
[READ], Total Operations, 29336
[READ], Below is a summary of latency in microseconds:, -1
[READ], Average, 227.0184415053177
[READ], Min, 119
[READ], Max, 55018
[READ], p1, 129
[READ], p5, 140
[READ], p50, 191
[READ], p90, 354
[READ], p95, 412
[READ], p99, 615
[READ], p99.9, 1859
[READ], p99.99, 36471
[READ], Return=OK, 29336
[CLEANUP], Total Operations, 1
[CLEANUP], Below is a summary of latency in microseconds:, -1
[CLEANUP], Average, 1502.0
[CLEANUP], Min, 1502
[CLEANUP], Max, 1502
[CLEANUP], p1, 1502
[CLEANUP], p5, 1502
[CLEANUP], p50, 1502
[CLEANUP], p90, 1502
[CLEANUP], p95, 1502
[CLEANUP], p99, 1502
[CLEANUP], p99.9, 1502
[CLEANUP], p99.99, 1502
[UPDATE], Total Operations, 29633
[UPDATE], Below is a summary of latency in microseconds:, -1
[UPDATE], Average, 256.3432322073364
[UPDATE], Min, 143
[UPDATE], Max, 57221
[UPDATE], p1, 161
[UPDATE], p5, 167
[UPDATE], p50, 218
[UPDATE], p90, 386
[UPDATE], p95, 444
[UPDATE], p99, 628
[UPDATE], p99.9, 1861
[UPDATE], p99.99, 42515
[UPDATE], Return=OK, 29633

Command line: -t -db site.ycsb.db.MongoDbClient -s -P /home/runner/ycsb-mongodb-binding-0.17.0/workloads/workloada -p mongodb.url=mongodb://127.0.0.1:27017/ycsb?w=1 -p measurementtype=raw -p measurement.raw.output_file=/home/runner/work/The-Omni-Compass/The-Omni-Compass/out/ycsb-tuning/rep-3/omni/notch-7.raw -p recordcount=1250000 -p operationcount=1000000000 -p maxexecutiontime=20 -p target=3000 -p threads=32 -p insertstart=0 -p insertorder=ordered -p requestdistribution=uniform -p seed=100306
YCSB Client 0.17.0

Loading workload...
Starting test.
Maximum execution time specified as: 20 secs
2026-10-08 23:50:42:433 0 sec: 0 operations; est completion in 0 second 
DBWrapper: report latency for each error is false and specific error codes to track for latency are: []
2026-10-08 23:50:52:397 10 sec: 28968 operations; 2896.51 current ops/sec; est completion in 3 days 23 hours READ count: 14497, average latency(us): 243.41 UPDATE count: 14475, average latency(us): 269.90 
Maximum time elapsed. Requesting stop for the workload.
Stop requested for workload. Now Joining!
2026-10-08 23:51:02:397 20 sec: 58967 operations; 3000.2 current ops/sec; est completion in 3 days 22 hours READ count: 14839, average latency(us): 211.00 UPDATE count: 15157, average latency(us): 243.38 
2026-10-08 23:51:02:399 20 sec: 58969 operations; 666.67 current ops/sec; est completion in 3 days 22 hours  CLEANUP count: 1, average latency(us): 1502.00 UPDATE count: 1, average latency(us): 524.00 


/opt/hostedtoolcache/Java_Temurin-Hotspot_jdk/17.0.20-1/x64/bin/java  -classpath /home/runner/ycsb-mongodb-binding-0.17.0/conf:/home/runner/ycsb-mongodb-binding-0.17.0/lib/HdrHistogram-2.1.4.jar:/home/runner/ycsb-mongodb-binding-0.17.0/lib/core-0.17.0.jar:/home/runner/ycsb-mongodb-binding-0.17.0/lib/htrace-core4-4.1.0-incubating.jar:/home/runner/ycsb-mongodb-binding-0.17.0/lib/jackson-core-asl-1.9.4.jar:/home/runner/ycsb-mongodb-binding-0.17.0/lib/jackson-mapper-asl-1.9.4.jar:/home/runner/ycsb-mongodb-binding-0.17.0/lib/logback-classic-1.1.2.jar:/home/runner/ycsb-mongodb-binding-0.17.0/lib/logback-core-1.1.2.jar:/home/runner/ycsb-mongodb-binding-0.17.0/lib/mongo-java-driver-3.8.0.jar:/home/runner/ycsb-mongodb-binding-0.17.0/lib/mongodb-async-driver-2.0.1.jar:/home/runner/ycsb-mongodb-binding-0.17.0/lib/mongodb-binding-0.17.0.jar:/home/runner/ycsb-mongodb-binding-0.17.0/lib/slf4j-api-1.7.25.jar:/home/runner/ycsb-mongodb-binding-0.17.0/lib/snappy-java-1.1.7.1.jar site.ycsb.Client -t -db site.ycsb.db.MongoDbClient -s -P /home/runner/ycsb-mongodb-binding-0.17.0/workloads/workloada -p mongodb.url=mongodb://127.0.0.1:27017/ycsb?w=1 -p measurementtype=raw -p measurement.raw.output_file=/home/runner/work/The-Omni-Compass/The-Omni-Compass/out/ycsb-tuning/rep-3/omni/notch-8.raw -p recordcount=1500000 -p operationcount=1000000000 -p maxexecutiontime=20 -p target=3000 -p threads=32 -p insertstart=0 -p insertorder=ordered -p requestdistribution=uniform -p seed=100307
mongo client connection created with mongodb://127.0.0.1:27017/ycsb?w=1
Raw data measurement: will output to result file: /home/runner/work/The-Omni-Compass/The-Omni-Compass/out/ycsb-tuning/rep-3/omni/notch-8.raw
Raw data measurement: will output to result file: /home/runner/work/The-Omni-Compass/The-Omni-Compass/out/ycsb-tuning/rep-3/omni/notch-8.raw
Raw data measurement: will output to result file: /home/runner/work/The-Omni-Compass/The-Omni-Compass/out/ycsb-tuning/rep-3/omni/notch-8.raw
[OVERALL], RunTime(ms), 20003
[OVERALL], Throughput(ops/sec), 2946.8079788031796
[TOTAL_GCS_G1_Young_Generation], Count, 10
[TOTAL_GC_TIME_G1_Young_Generation], Time(ms), 37
[TOTAL_GC_TIME_%_G1_Young_Generation], Time(%), 0.18497225416187574
[TOTAL_GCS_G1_Old_Generation], Count, 0
[TOTAL_GC_TIME_G1_Old_Generation], Time(ms), 0
[TOTAL_GC_TIME_%_G1_Old_Generation], Time(%), 0.0
[TOTAL_GCs], Count, 10
[TOTAL_GC_TIME], Time(ms), 37
[TOTAL_GC_TIME_%], Time(%), 0.18497225416187574
[READ], Total Operations, 29552
[READ], Below is a summary of latency in microseconds:, -1
[READ], Average, 220.29385489983758
[READ], Min, 120
[READ], Max, 50485
[READ], p1, 130
[READ], p5, 143
[READ], p50, 193
[READ], p90, 349
[READ], p95, 413
[READ], p99, 582
[READ], p99.9, 1620
[READ], p99.99, 6050
[READ], Return=OK, 29552
[CLEANUP], Total Operations, 1
[CLEANUP], Below is a summary of latency in microseconds:, -1
[CLEANUP], Average, 1404.0
[CLEANUP], Min, 1404
[CLEANUP], Max, 1404
[CLEANUP], p1, 1404
[CLEANUP], p5, 1404
[CLEANUP], p50, 1404
[CLEANUP], p90, 1404
[CLEANUP], p95, 1404
[CLEANUP], p99, 1404
[CLEANUP], p99.9, 1404
[CLEANUP], p99.99, 1404
[UPDATE], Total Operations, 29393
[UPDATE], Below is a summary of latency in microseconds:, -1
[UPDATE], Average, 246.01357466063348
[UPDATE], Min, 142
[UPDATE], Max, 6842
[UPDATE], p1, 162
[UPDATE], p5, 173
[UPDATE], p50, 220
[UPDATE], p90, 377
[UPDATE], p95, 438
[UPDATE], p99, 616
[UPDATE], p99.9, 1652
[UPDATE], p99.99, 5785
[UPDATE], Return=OK, 29393

Command line: -t -db site.ycsb.db.MongoDbClient -s -P /home/runner/ycsb-mongodb-binding-0.17.0/workloads/workloada -p mongodb.url=mongodb://127.0.0.1:27017/ycsb?w=1 -p measurementtype=raw -p measurement.raw.output_file=/home/runner/work/The-Omni-Compass/The-Omni-Compass/out/ycsb-tuning/rep-3/omni/notch-8.raw -p recordcount=1500000 -p operationcount=1000000000 -p maxexecutiontime=20 -p target=3000 -p threads=32 -p insertstart=0 -p insertorder=ordered -p requestdistribution=uniform -p seed=100307
YCSB Client 0.17.0

Loading workload...
Starting test.
Maximum execution time specified as: 20 secs
2026-10-08 23:51:03:006 0 sec: 0 operations; est completion in 0 second 
DBWrapper: report latency for each error is false and specific error codes to track for latency are: []
2026-10-08 23:51:12:972 10 sec: 28943 operations; 2894.01 current ops/sec; est completion in 3 days 23 hours READ count: 14484, average latency(us): 245.54 UPDATE count: 14461, average latency(us): 271.10 
Maximum time elapsed. Requesting stop for the workload.
Stop requested for workload. Now Joining!
2026-10-08 23:51:22:972 20 sec: 58942 operations; 3000.2 current ops/sec; est completion in 3 days 22 hours READ count: 15068, average latency(us): 196.02 UPDATE count: 14931, average latency(us): 221.71 
2026-10-08 23:51:22:974 20 sec: 58945 operations; 1000 current ops/sec; est completion in 3 days 22 hours  CLEANUP count: 1, average latency(us): 1404.00 UPDATE count: 1, average latency(us): 246.00 


/opt/hostedtoolcache/Java_Temurin-Hotspot_jdk/17.0.20-1/x64/bin/java  -classpath /home/runner/ycsb-mongodb-binding-0.17.0/conf:/home/runner/ycsb-mongodb-binding-0.17.0/lib/HdrHistogram-2.1.4.jar:/home/runner/ycsb-mongodb-binding-0.17.0/lib/core-0.17.0.jar:/home/runner/ycsb-mongodb-binding-0.17.0/lib/htrace-core4-4.1.0-incubating.jar:/home/runner/ycsb-mongodb-binding-0.17.0/lib/jackson-core-asl-1.9.4.jar:/home/runner/ycsb-mongodb-binding-0.17.0/lib/jackson-mapper-asl-1.9.4.jar:/home/runner/ycsb-mongodb-binding-0.17.0/lib/logback-classic-1.1.2.jar:/home/runner/ycsb-mongodb-binding-0.17.0/lib/logback-core-1.1.2.jar:/home/runner/ycsb-mongodb-binding-0.17.0/lib/mongo-java-driver-3.8.0.jar:/home/runner/ycsb-mongodb-binding-0.17.0/lib/mongodb-async-driver-2.0.1.jar:/home/runner/ycsb-mongodb-binding-0.17.0/lib/mongodb-binding-0.17.0.jar:/home/runner/ycsb-mongodb-binding-0.17.0/lib/slf4j-api-1.7.25.jar:/home/runner/ycsb-mongodb-binding-0.17.0/lib/snappy-java-1.1.7.1.jar site.ycsb.Client -t -db site.ycsb.db.MongoDbClient -s -P /home/runner/ycsb-mongodb-binding-0.17.0/workloads/workloada -p mongodb.url=mongodb://127.0.0.1:27017/ycsb?w=1 -p measurementtype=raw -p measurement.raw.output_file=/home/runner/work/The-Omni-Compass/The-Omni-Compass/out/ycsb-tuning/rep-3/omni/notch-9.raw -p recordcount=1250000 -p operationcount=1000000000 -p maxexecutiontime=20 -p target=3000 -p threads=32 -p insertstart=0 -p insertorder=ordered -p requestdistribution=uniform -p seed=100308
mongo client connection created with mongodb://127.0.0.1:27017/ycsb?w=1
Raw data measurement: will output to result file: /home/runner/work/The-Omni-Compass/The-Omni-Compass/out/ycsb-tuning/rep-3/omni/notch-9.raw
Raw data measurement: will output to result file: /home/runner/work/The-Omni-Compass/The-Omni-Compass/out/ycsb-tuning/rep-3/omni/notch-9.raw
Raw data measurement: will output to result file: /home/runner/work/The-Omni-Compass/The-Omni-Compass/out/ycsb-tuning/rep-3/omni/notch-9.raw
[OVERALL], RunTime(ms), 20002
[OVERALL], Throughput(ops/sec), 2948.5551444855514
[TOTAL_GCS_G1_Young_Generation], Count, 10
[TOTAL_GC_TIME_G1_Young_Generation], Time(ms), 35
[TOTAL_GC_TIME_%_G1_Young_Generation], Time(%), 0.17498250174982502
[TOTAL_GCS_G1_Old_Generation], Count, 0
[TOTAL_GC_TIME_G1_Old_Generation], Time(ms), 0
[TOTAL_GC_TIME_%_G1_Old_Generation], Time(%), 0.0
[TOTAL_GCs], Count, 10
[TOTAL_GC_TIME], Time(ms), 35
[TOTAL_GC_TIME_%], Time(%), 0.17498250174982502
[READ], Total Operations, 29204
[READ], Below is a summary of latency in microseconds:, -1
[READ], Average, 227.14504862347624
[READ], Min, 120
[READ], Max, 53678
[READ], p1, 127
[READ], p5, 139
[READ], p50, 185
[READ], p90, 241
[READ], p95, 294
[READ], p99, 524
[READ], p99.9, 5281
[READ], p99.99, 48451
[READ], Return=OK, 29204
[CLEANUP], Total Operations, 1
[CLEANUP], Below is a summary of latency in microseconds:, -1
[CLEANUP], Average, 1379.0
[CLEANUP], Min, 1379
[CLEANUP], Max, 1379
[CLEANUP], p1, 1379
[CLEANUP], p5, 1379
[CLEANUP], p50, 1379
[CLEANUP], p90, 1379
[CLEANUP], p95, 1379
[CLEANUP], p99, 1379
[CLEANUP], p99.9, 1379
[CLEANUP], p99.99, 1379
[UPDATE], Total Operations, 29773
[UPDATE], Below is a summary of latency in microseconds:, -1
[UPDATE], Average, 241.36015853289894
[UPDATE], Min, 140
[UPDATE], Max, 59193
[UPDATE], p1, 160
[UPDATE], p5, 166
[UPDATE], p50, 214
[UPDATE], p90, 270
[UPDATE], p95, 317
[UPDATE], p99, 529
[UPDATE], p99.9, 2124
[UPDATE], p99.99, 39614
[UPDATE], Return=OK, 29773

Command line: -t -db site.ycsb.db.MongoDbClient -s -P /home/runner/ycsb-mongodb-binding-0.17.0/workloads/workloada -p mongodb.url=mongodb://127.0.0.1:27017/ycsb?w=1 -p measurementtype=raw -p measurement.raw.output_file=/home/runner/work/The-Omni-Compass/The-Omni-Compass/out/ycsb-tuning/rep-3/omni/notch-9.raw -p recordcount=1250000 -p operationcount=1000000000 -p maxexecutiontime=20 -p target=3000 -p threads=32 -p insertstart=0 -p insertorder=ordered -p requestdistribution=uniform -p seed=100308
YCSB Client 0.17.0

Loading workload...
Starting test.
Maximum execution time specified as: 20 secs
2026-10-08 23:51:23:582 0 sec: 0 operations; est completion in 0 second 
DBWrapper: report latency for each error is false and specific error codes to track for latency are: []
2026-10-08 23:51:33:545 10 sec: 28976 operations; 2897.6 current ops/sec; est completion in 3 days 23 hours READ count: 14270, average latency(us): 266.99 UPDATE count: 14710, average latency(us): 278.03 
Maximum time elapsed. Requesting stop for the workload.
Stop requested for workload. Now Joining!
2026-10-08 23:51:43:545 20 sec: 58975 operations; 2999.9 current ops/sec; est completion in 3 days 22 hours READ count: 14933, average latency(us): 189.07 UPDATE count: 15063, average latency(us): 205.55 
2026-10-08 23:51:43:548 20 sec: 58977 operations; 1000 current ops/sec; est completion in 3 days 22 hours READ count: 1, average latency(us): 199.00 CLEANUP count: 1, average latency(us): 1379.00  


/opt/hostedtoolcache/Java_Temurin-Hotspot_jdk/17.0.20-1/x64/bin/java  -classpath /home/runner/ycsb-mongodb-binding-0.17.0/conf:/home/runner/ycsb-mongodb-binding-0.17.0/lib/HdrHistogram-2.1.4.jar:/home/runner/ycsb-mongodb-binding-0.17.0/lib/core-0.17.0.jar:/home/runner/ycsb-mongodb-binding-0.17.0/lib/htrace-core4-4.1.0-incubating.jar:/home/runner/ycsb-mongodb-binding-0.17.0/lib/jackson-core-asl-1.9.4.jar:/home/runner/ycsb-mongodb-binding-0.17.0/lib/jackson-mapper-asl-1.9.4.jar:/home/runner/ycsb-mongodb-binding-0.17.0/lib/logback-classic-1.1.2.jar:/home/runner/ycsb-mongodb-binding-0.17.0/lib/logback-core-1.1.2.jar:/home/runner/ycsb-mongodb-binding-0.17.0/lib/mongo-java-driver-3.8.0.jar:/home/runner/ycsb-mongodb-binding-0.17.0/lib/mongodb-async-driver-2.0.1.jar:/home/runner/ycsb-mongodb-binding-0.17.0/lib/mongodb-binding-0.17.0.jar:/home/runner/ycsb-mongodb-binding-0.17.0/lib/slf4j-api-1.7.25.jar:/home/runner/ycsb-mongodb-binding-0.17.0/lib/snappy-java-1.1.7.1.jar site.ycsb.Client -t -db site.ycsb.db.MongoDbClient -s -P /home/runner/ycsb-mongodb-binding-0.17.0/workloads/workloada -p mongodb.url=mongodb://127.0.0.1:27017/ycsb?w=1 -p measurementtype=raw -p measurement.raw.output_file=/home/runner/work/The-Omni-Compass/The-Omni-Compass/out/ycsb-tuning/rep-3/omni/notch-10.raw -p recordcount=1000000 -p operationcount=1000000000 -p maxexecutiontime=20 -p target=3000 -p threads=32 -p insertstart=0 -p insertorder=ordered -p requestdistribution=uniform -p seed=100309
mongo client connection created with mongodb://127.0.0.1:27017/ycsb?w=1
Raw data measurement: will output to result file: /home/runner/work/The-Omni-Compass/The-Omni-Compass/out/ycsb-tuning/rep-3/omni/notch-10.raw
Raw data measurement: will output to result file: /home/runner/work/The-Omni-Compass/The-Omni-Compass/out/ycsb-tuning/rep-3/omni/notch-10.raw
Raw data measurement: will output to result file: /home/runner/work/The-Omni-Compass/The-Omni-Compass/out/ycsb-tuning/rep-3/omni/notch-10.raw
[OVERALL], RunTime(ms), 20003
[OVERALL], Throughput(ops/sec), 2948.8076788481726
[TOTAL_GCS_G1_Young_Generation], Count, 10
[TOTAL_GC_TIME_G1_Young_Generation], Time(ms), 35
[TOTAL_GC_TIME_%_G1_Young_Generation], Time(%), 0.17497375393690948
[TOTAL_GCS_G1_Old_Generation], Count, 0
[TOTAL_GC_TIME_G1_Old_Generation], Time(ms), 0
[TOTAL_GC_TIME_%_G1_Old_Generation], Time(%), 0.0
[TOTAL_GCs], Count, 10
[TOTAL_GC_TIME], Time(ms), 35
[TOTAL_GC_TIME_%], Time(%), 0.17497375393690948
[READ], Total Operations, 29538
[READ], Below is a summary of latency in microseconds:, -1
[READ], Average, 191.34213555420138
[READ], Min, 118
[READ], Max, 17411
[READ], p1, 127
[READ], p5, 138
[READ], p50, 180
[READ], p90, 236
[READ], p95, 269
[READ], p99, 445
[READ], p99.9, 1488
[READ], p99.99, 5171
[READ], Return=OK, 29538
[CLEANUP], Total Operations, 1
[CLEANUP], Below is a summary of latency in microseconds:, -1
[CLEANUP], Average, 1278.0
[CLEANUP], Min, 1278
[CLEANUP], Max, 1278
[CLEANUP], p1, 1278
[CLEANUP], p5, 1278
[CLEANUP], p50, 1278
[CLEANUP], p90, 1278
[CLEANUP], p95, 1278
[CLEANUP], p99, 1278
[CLEANUP], p99.9, 1278
[CLEANUP], p99.99, 1278
[UPDATE], Total Operations, 29447
[UPDATE], Below is a summary of latency in microseconds:, -1
[UPDATE], Average, 223.29340849662105
[UPDATE], Min, 141
[UPDATE], Max, 48589
[UPDATE], p1, 159
[UPDATE], p5, 164
[UPDATE], p50, 208
[UPDATE], p90, 266
[UPDATE], p95, 305
[UPDATE], p99, 476
[UPDATE], p99.9, 1408
[UPDATE], p99.99, 27330
[UPDATE], Return=OK, 29447

Command line: -t -db site.ycsb.db.MongoDbClient -s -P /home/runner/ycsb-mongodb-binding-0.17.0/workloads/workloada -p mongodb.url=mongodb://127.0.0.1:27017/ycsb?w=1 -p measurementtype=raw -p measurement.raw.output_file=/home/runner/work/The-Omni-Compass/The-Omni-Compass/out/ycsb-tuning/rep-3/omni/notch-10.raw -p recordcount=1000000 -p operationcount=1000000000 -p maxexecutiontime=20 -p target=3000 -p threads=32 -p insertstart=0 -p insertorder=ordered -p requestdistribution=uniform -p seed=100309
YCSB Client 0.17.0

Loading workload...
Starting test.
Maximum execution time specified as: 20 secs
2026-10-08 23:51:44:168 0 sec: 0 operations; est completion in 0 second 
DBWrapper: report latency for each error is false and specific error codes to track for latency are: []
2026-10-08 23:51:54:130 10 sec: 28984 operations; 2898.11 current ops/sec; est completion in 3 days 23 hours READ count: 14416, average latency(us): 209.04 UPDATE count: 14573, average latency(us): 240.82 
Maximum time elapsed. Requesting stop for the workload.
Stop requested for workload. Now Joining!
2026-10-08 23:52:04:130 20 sec: 58983 operations; 3000.2 current ops/sec; est completion in 3 days 22 hours READ count: 15122, average latency(us): 174.47 UPDATE count: 14873, average latency(us): 206.09 
2026-10-08 23:52:04:132 20 sec: 58985 operations; 666.67 current ops/sec; est completion in 3 days 22 hours  CLEANUP count: 1, average latency(us): 1278.00 UPDATE count: 1, average latency(us): 675.00 


/opt/hostedtoolcache/Java_Temurin-Hotspot_jdk/17.0.20-1/x64/bin/java  -classpath /home/runner/ycsb-mongodb-binding-0.17.0/conf:/home/runner/ycsb-mongodb-binding-0.17.0/lib/HdrHistogram-2.1.4.jar:/home/runner/ycsb-mongodb-binding-0.17.0/lib/core-0.17.0.jar:/home/runner/ycsb-mongodb-binding-0.17.0/lib/htrace-core4-4.1.0-incubating.jar:/home/runner/ycsb-mongodb-binding-0.17.0/lib/jackson-core-asl-1.9.4.jar:/home/runner/ycsb-mongodb-binding-0.17.0/lib/jackson-mapper-asl-1.9.4.jar:/home/runner/ycsb-mongodb-binding-0.17.0/lib/logback-classic-1.1.2.jar:/home/runner/ycsb-mongodb-binding-0.17.0/lib/logback-core-1.1.2.jar:/home/runner/ycsb-mongodb-binding-0.17.0/lib/mongo-java-driver-3.8.0.jar:/home/runner/ycsb-mongodb-binding-0.17.0/lib/mongodb-async-driver-2.0.1.jar:/home/runner/ycsb-mongodb-binding-0.17.0/lib/mongodb-binding-0.17.0.jar:/home/runner/ycsb-mongodb-binding-0.17.0/lib/slf4j-api-1.7.25.jar:/home/runner/ycsb-mongodb-binding-0.17.0/lib/snappy-java-1.1.7.1.jar site.ycsb.Client -t -db site.ycsb.db.MongoDbClient -s -P /home/runner/ycsb-mongodb-binding-0.17.0/workloads/workloada -p mongodb.url=mongodb://127.0.0.1:27017/ycsb?w=1 -p measurementtype=raw -p measurement.raw.output_file=/home/runner/work/The-Omni-Compass/The-Omni-Compass/out/ycsb-tuning/rep-3/omni/notch-11.raw -p recordcount=750000 -p operationcount=1000000000 -p maxexecutiontime=20 -p target=3000 -p threads=32 -p insertstart=0 -p insertorder=ordered -p requestdistribution=uniform -p seed=100310
mongo client connection created with mongodb://127.0.0.1:27017/ycsb?w=1
Raw data measurement: will output to result file: /home/runner/work/The-Omni-Compass/The-Omni-Compass/out/ycsb-tuning/rep-3/omni/notch-11.raw
Raw data measurement: will output to result file: /home/runner/work/The-Omni-Compass/The-Omni-Compass/out/ycsb-tuning/rep-3/omni/notch-11.raw
Raw data measurement: will output to result file: /home/runner/work/The-Omni-Compass/The-Omni-Compass/out/ycsb-tuning/rep-3/omni/notch-11.raw
[OVERALL], RunTime(ms), 20003
[OVERALL], Throughput(ops/sec), 2946.3080537919313
[TOTAL_GCS_G1_Young_Generation], Count, 10
[TOTAL_GC_TIME_G1_Young_Generation], Time(ms), 43
[TOTAL_GC_TIME_%_G1_Young_Generation], Time(%), 0.2149677548367745
[TOTAL_GCS_G1_Old_Generation], Count, 0
[TOTAL_GC_TIME_G1_Old_Generation], Time(ms), 0
[TOTAL_GC_TIME_%_G1_Old_Generation], Time(%), 0.0
[TOTAL_GCs], Count, 10
[TOTAL_GC_TIME], Time(ms), 43
[TOTAL_GC_TIME_%], Time(%), 0.2149677548367745
[READ], Total Operations, 29280
[READ], Below is a summary of latency in microseconds:, -1
[READ], Average, 198.4040300546448
[READ], Min, 122
[READ], Max, 47032
[READ], p1, 129
[READ], p5, 139
[READ], p50, 188
[READ], p90, 240
[READ], p95, 267
[READ], p99, 440
[READ], p99.9, 1518
[READ], p99.99, 5133
[READ], Return=OK, 29280
[CLEANUP], Total Operations, 1
[CLEANUP], Below is a summary of latency in microseconds:, -1
[CLEANUP], Average, 1400.0
[CLEANUP], Min, 1400
[CLEANUP], Max, 1400
[CLEANUP], p1, 1400
[CLEANUP], p5, 1400
[CLEANUP], p50, 1400
[CLEANUP], p90, 1400
[CLEANUP], p95, 1400
[CLEANUP], p99, 1400
[CLEANUP], p99.9, 1400
[CLEANUP], p99.99, 1400
[UPDATE], Total Operations, 29655
[UPDATE], Below is a summary of latency in microseconds:, -1
[UPDATE], Average, 224.44764795144158
[UPDATE], Min, 143
[UPDATE], Max, 6657
[UPDATE], p1, 160
[UPDATE], p5, 166
[UPDATE], p50, 217
[UPDATE], p90, 270
[UPDATE], p95, 296
[UPDATE], p99, 460
[UPDATE], p99.9, 1396
[UPDATE], p99.99, 3254
[UPDATE], Return=OK, 29655

Command line: -t -db site.ycsb.db.MongoDbClient -s -P /home/runner/ycsb-mongodb-binding-0.17.0/workloads/workloada -p mongodb.url=mongodb://127.0.0.1:27017/ycsb?w=1 -p measurementtype=raw -p measurement.raw.output_file=/home/runner/work/The-Omni-Compass/The-Omni-Compass/out/ycsb-tuning/rep-3/omni/notch-11.raw -p recordcount=750000 -p operationcount=1000000000 -p maxexecutiontime=20 -p target=3000 -p threads=32 -p insertstart=0 -p insertorder=ordered -p requestdistribution=uniform -p seed=100310
YCSB Client 0.17.0

Loading workload...
Starting test.
Maximum execution time specified as: 20 secs
2026-10-08 23:52:04:761 0 sec: 0 operations; est completion in 0 second 
DBWrapper: report latency for each error is false and specific error codes to track for latency are: []
2026-10-08 23:52:14:719 10 sec: 28934 operations; 2893.11 current ops/sec; est completion in 4 days READ count: 14443, average latency(us): 220.15 UPDATE count: 14494, average latency(us): 244.71 
Maximum time elapsed. Requesting stop for the workload.
Stop requested for workload. Now Joining!
2026-10-08 23:52:24:719 20 sec: 58934 operations; 3000.3 current ops/sec; est completion in 3 days 22 hours READ count: 14836, average latency(us): 177.23 UPDATE count: 15161, average latency(us): 205.07 
2026-10-08 23:52:24:721 20 sec: 58935 operations; 333.33 current ops/sec; est completion in 3 days 22 hours READ count: 1, average latency(us): 366.00 CLEANUP count: 1, average latency(us): 1400.00  


/opt/hostedtoolcache/Java_Temurin-Hotspot_jdk/17.0.20-1/x64/bin/java  -classpath /home/runner/ycsb-mongodb-binding-0.17.0/conf:/home/runner/ycsb-mongodb-binding-0.17.0/lib/HdrHistogram-2.1.4.jar:/home/runner/ycsb-mongodb-binding-0.17.0/lib/core-0.17.0.jar:/home/runner/ycsb-mongodb-binding-0.17.0/lib/htrace-core4-4.1.0-incubating.jar:/home/runner/ycsb-mongodb-binding-0.17.0/lib/jackson-core-asl-1.9.4.jar:/home/runner/ycsb-mongodb-binding-0.17.0/lib/jackson-mapper-asl-1.9.4.jar:/home/runner/ycsb-mongodb-binding-0.17.0/lib/logback-classic-1.1.2.jar:/home/runner/ycsb-mongodb-binding-0.17.0/lib/logback-core-1.1.2.jar:/home/runner/ycsb-mongodb-binding-0.17.0/lib/mongo-java-driver-3.8.0.jar:/home/runner/ycsb-mongodb-binding-0.17.0/lib/mongodb-async-driver-2.0.1.jar:/home/runner/ycsb-mongodb-binding-0.17.0/lib/mongodb-binding-0.17.0.jar:/home/runner/ycsb-mongodb-binding-0.17.0/lib/slf4j-api-1.7.25.jar:/home/runner/ycsb-mongodb-binding-0.17.0/lib/snappy-java-1.1.7.1.jar site.ycsb.Client -t -db site.ycsb.db.MongoDbClient -s -P /home/runner/ycsb-mongodb-binding-0.17.0/workloads/workloada -p mongodb.url=mongodb://127.0.0.1:27017/ycsb?w=1 -p measurementtype=raw -p measurement.raw.output_file=/home/runner/work/The-Omni-Compass/The-Omni-Compass/out/ycsb-tuning/rep-3/omni/notch-12.raw -p recordcount=500000 -p operationcount=1000000000 -p maxexecutiontime=20 -p target=3000 -p threads=32 -p insertstart=0 -p insertorder=ordered -p requestdistribution=uniform -p seed=100311
mongo client connection created with mongodb://127.0.0.1:27017/ycsb?w=1
Raw data measurement: will output to result file: /home/runner/work/The-Omni-Compass/The-Omni-Compass/out/ycsb-tuning/rep-3/omni/notch-12.raw
Raw data measurement: will output to result file: /home/runner/work/The-Omni-Compass/The-Omni-Compass/out/ycsb-tuning/rep-3/omni/notch-12.raw
Raw data measurement: will output to result file: /home/runner/work/The-Omni-Compass/The-Omni-Compass/out/ycsb-tuning/rep-3/omni/notch-12.raw
[OVERALL], RunTime(ms), 20003
[OVERALL], Throughput(ops/sec), 2952.4571314302852
[TOTAL_GCS_G1_Young_Generation], Count, 10
[TOTAL_GC_TIME_G1_Young_Generation], Time(ms), 35
[TOTAL_GC_TIME_%_G1_Young_Generation], Time(%), 0.17497375393690948
[TOTAL_GCS_G1_Old_Generation], Count, 0
[TOTAL_GC_TIME_G1_Old_Generation], Time(ms), 0
[TOTAL_GC_TIME_%_G1_Old_Generation], Time(%), 0.0
[TOTAL_GCs], Count, 10
[TOTAL_GC_TIME], Time(ms), 35
[TOTAL_GC_TIME_%], Time(%), 0.17497375393690948
[READ], Total Operations, 29310
[READ], Below is a summary of latency in microseconds:, -1
[READ], Average, 195.3510747185261
[READ], Min, 117
[READ], Max, 8396
[READ], p1, 126
[READ], p5, 132
[READ], p50, 184
[READ], p90, 237
[READ], p95, 271
[READ], p99, 471
[READ], p99.9, 1905
[READ], p99.99, 4488
[READ], Return=OK, 29310
[CLEANUP], Total Operations, 1
[CLEANUP], Below is a summary of latency in microseconds:, -1
[CLEANUP], Average, 1482.0
[CLEANUP], Min, 1482
[CLEANUP], Max, 1482
[CLEANUP], p1, 1482
[CLEANUP], p5, 1482
[CLEANUP], p50, 1482
[CLEANUP], p90, 1482
[CLEANUP], p95, 1482
[CLEANUP], p99, 1482
[CLEANUP], p99.9, 1482
[CLEANUP], p99.99, 1482
[UPDATE], Total Operations, 29748
[UPDATE], Below is a summary of latency in microseconds:, -1
[UPDATE], Average, 225.481981981982
[UPDATE], Min, 143
[UPDATE], Max, 50640
[UPDATE], p1, 159
[UPDATE], p5, 163
[UPDATE], p50, 211
[UPDATE], p90, 267
[UPDATE], p95, 299
[UPDATE], p99, 498
[UPDATE], p99.9, 1514
[UPDATE], p99.99, 4923
[UPDATE], Return=OK, 29748

Command line: -t -db site.ycsb.db.MongoDbClient -s -P /home/runner/ycsb-mongodb-binding-0.17.0/workloads/workloada -p mongodb.url=mongodb://127.0.0.1:27017/ycsb?w=1 -p measurementtype=raw -p measurement.raw.output_file=/home/runner/work/The-Omni-Compass/The-Omni-Compass/out/ycsb-tuning/rep-3/omni/notch-12.raw -p recordcount=500000 -p operationcount=1000000000 -p maxexecutiontime=20 -p target=3000 -p threads=32 -p insertstart=0 -p insertorder=ordered -p requestdistribution=uniform -p seed=100311
YCSB Client 0.17.0

Loading workload...
Starting test.
Maximum execution time specified as: 20 secs
2026-10-08 23:52:25:314 0 sec: 0 operations; est completion in 0 second 
DBWrapper: report latency for each error is false and specific error codes to track for latency are: []
2026-10-08 23:52:35:278 10 sec: 29056 operations; 2905.6 current ops/sec; est completion in 3 days 23 hours READ count: 14455, average latency(us): 213.38 UPDATE count: 14603, average latency(us): 245.82 
Maximum time elapsed. Requesting stop for the workload.
Stop requested for workload. Now Joining!
2026-10-08 23:52:45:278 20 sec: 59055 operations; 2999.9 current ops/sec; est completion in 3 days 22 hours READ count: 14854, average latency(us): 177.80 UPDATE count: 15145, average latency(us): 205.87 
2026-10-08 23:52:45:281 20 sec: 59058 operations; 1000 current ops/sec; est completion in 3 days 22 hours READ count: 1, average latency(us): 283.00 CLEANUP count: 1, average latency(us): 1482.00  


/opt/hostedtoolcache/Java_Temurin-Hotspot_jdk/17.0.20-1/x64/bin/java  -classpath /home/runner/ycsb-mongodb-binding-0.17.0/conf:/home/runner/ycsb-mongodb-binding-0.17.0/lib/HdrHistogram-2.1.4.jar:/home/runner/ycsb-mongodb-binding-0.17.0/lib/core-0.17.0.jar:/home/runner/ycsb-mongodb-binding-0.17.0/lib/htrace-core4-4.1.0-incubating.jar:/home/runner/ycsb-mongodb-binding-0.17.0/lib/jackson-core-asl-1.9.4.jar:/home/runner/ycsb-mongodb-binding-0.17.0/lib/jackson-mapper-asl-1.9.4.jar:/home/runner/ycsb-mongodb-binding-0.17.0/lib/logback-classic-1.1.2.jar:/home/runner/ycsb-mongodb-binding-0.17.0/lib/logback-core-1.1.2.jar:/home/runner/ycsb-mongodb-binding-0.17.0/lib/mongo-java-driver-3.8.0.jar:/home/runner/ycsb-mongodb-binding-0.17.0/lib/mongodb-async-driver-2.0.1.jar:/home/runner/ycsb-mongodb-binding-0.17.0/lib/mongodb-binding-0.17.0.jar:/home/runner/ycsb-mongodb-binding-0.17.0/lib/slf4j-api-1.7.25.jar:/home/runner/ycsb-mongodb-binding-0.17.0/lib/snappy-java-1.1.7.1.jar site.ycsb.Client -t -db site.ycsb.db.MongoDbClient -s -P /home/runner/ycsb-mongodb-binding-0.17.0/workloads/workloada -p mongodb.url=mongodb://127.0.0.1:27017/ycsb?w=1 -p measurementtype=raw -p measurement.raw.output_file=/home/runner/work/The-Omni-Compass/The-Omni-Compass/out/ycsb-tuning/rep-3/omni/notch-13.raw -p recordcount=250000 -p operationcount=1000000000 -p maxexecutiontime=20 -p target=3000 -p threads=32 -p insertstart=0 -p insertorder=ordered -p requestdistribution=uniform -p seed=100312
mongo client connection created with mongodb://127.0.0.1:27017/ycsb?w=1
Raw data measurement: will output to result file: /home/runner/work/The-Omni-Compass/The-Omni-Compass/out/ycsb-tuning/rep-3/omni/notch-13.raw
Raw data measurement: will output to result file: /home/runner/work/The-Omni-Compass/The-Omni-Compass/out/ycsb-tuning/rep-3/omni/notch-13.raw
Raw data measurement: will output to result file: /home/runner/work/The-Omni-Compass/The-Omni-Compass/out/ycsb-tuning/rep-3/omni/notch-13.raw
[OVERALL], RunTime(ms), 20003
[OVERALL], Throughput(ops/sec), 2951.7572364145376
[TOTAL_GCS_G1_Young_Generation], Count, 10
[TOTAL_GC_TIME_G1_Young_Generation], Time(ms), 44
[TOTAL_GC_TIME_%_G1_Young_Generation], Time(%), 0.2199670049492576
[TOTAL_GCS_G1_Old_Generation], Count, 0
[TOTAL_GC_TIME_G1_Old_Generation], Time(ms), 0
[TOTAL_GC_TIME_%_G1_Old_Generation], Time(%), 0.0
[TOTAL_GCs], Count, 10
[TOTAL_GC_TIME], Time(ms), 44
[TOTAL_GC_TIME_%], Time(%), 0.2199670049492576
[READ], Total Operations, 29469
[READ], Below is a summary of latency in microseconds:, -1
[READ], Average, 186.21717737283248
[READ], Min, 117
[READ], Max, 9577
[READ], p1, 123
[READ], p5, 126
[READ], p50, 175
[READ], p90, 228
[READ], p95, 259
[READ], p99, 449
[READ], p99.9, 2248
[READ], p99.99, 6427
[READ], Return=OK, 29469
[CLEANUP], Total Operations, 1
[CLEANUP], Below is a summary of latency in microseconds:, -1
[CLEANUP], Average, 1368.0
[CLEANUP], Min, 1368
[CLEANUP], Max, 1368
[CLEANUP], p1, 1368
[CLEANUP], p5, 1368
[CLEANUP], p50, 1368
[CLEANUP], p90, 1368
[CLEANUP], p95, 1368
[CLEANUP], p99, 1368
[CLEANUP], p99.9, 1368
[CLEANUP], p99.99, 1368
[UPDATE], Total Operations, 29575
[UPDATE], Below is a summary of latency in microseconds:, -1
[UPDATE], Average, 215.42207945900253
[UPDATE], Min, 143
[UPDATE], Max, 46230
[UPDATE], p1, 156
[UPDATE], p5, 159
[UPDATE], p50, 203
[UPDATE], p90, 258
[UPDATE], p95, 291
[UPDATE], p99, 452
[UPDATE], p99.9, 1828
[UPDATE], p99.99, 5404
[UPDATE], Return=OK, 29575

Command line: -t -db site.ycsb.db.MongoDbClient -s -P /home/runner/ycsb-mongodb-binding-0.17.0/workloads/workloada -p mongodb.url=mongodb://127.0.0.1:27017/ycsb?w=1 -p measurementtype=raw -p measurement.raw.output_file=/home/runner/work/The-Omni-Compass/The-Omni-Compass/out/ycsb-tuning/rep-3/omni/notch-13.raw -p recordcount=250000 -p operationcount=1000000000 -p maxexecutiontime=20 -p target=3000 -p threads=32 -p insertstart=0 -p insertorder=ordered -p requestdistribution=uniform -p seed=100312
YCSB Client 0.17.0

Loading workload...
Starting test.
Maximum execution time specified as: 20 secs
2026-10-08 23:52:45:875 0 sec: 0 operations; est completion in 0 second 
DBWrapper: report latency for each error is false and specific error codes to track for latency are: []
2026-10-08 23:52:55:839 10 sec: 29043 operations; 2904.3 current ops/sec; est completion in 3 days 23 hours READ count: 14526, average latency(us): 206.74 UPDATE count: 14518, average latency(us): 236.80 
Maximum time elapsed. Requesting stop for the workload.
Stop requested for workload. Now Joining!
2026-10-08 23:53:05:839 20 sec: 59042 operations; 2999.9 current ops/sec; est completion in 3 days 22 hours READ count: 14943, average latency(us): 166.27 UPDATE count: 15057, average latency(us): 194.81 
2026-10-08 23:53:05:841 20 sec: 59044 operations; 666.67 current ops/sec; est completion in 3 days 22 hours  CLEANUP count: 1, average latency(us): 1368.00  


/opt/hostedtoolcache/Java_Temurin-Hotspot_jdk/17.0.20-1/x64/bin/java  -classpath /home/runner/ycsb-mongodb-binding-0.17.0/conf:/home/runner/ycsb-mongodb-binding-0.17.0/lib/HdrHistogram-2.1.4.jar:/home/runner/ycsb-mongodb-binding-0.17.0/lib/core-0.17.0.jar:/home/runner/ycsb-mongodb-binding-0.17.0/lib/htrace-core4-4.1.0-incubating.jar:/home/runner/ycsb-mongodb-binding-0.17.0/lib/jackson-core-asl-1.9.4.jar:/home/runner/ycsb-mongodb-binding-0.17.0/lib/jackson-mapper-asl-1.9.4.jar:/home/runner/ycsb-mongodb-binding-0.17.0/lib/logback-classic-1.1.2.jar:/home/runner/ycsb-mongodb-binding-0.17.0/lib/logback-core-1.1.2.jar:/home/runner/ycsb-mongodb-binding-0.17.0/lib/mongo-java-driver-3.8.0.jar:/home/runner/ycsb-mongodb-binding-0.17.0/lib/mongodb-async-driver-2.0.1.jar:/home/runner/ycsb-mongodb-binding-0.17.0/lib/mongodb-binding-0.17.0.jar:/home/runner/ycsb-mongodb-binding-0.17.0/lib/slf4j-api-1.7.25.jar:/home/runner/ycsb-mongodb-binding-0.17.0/lib/snappy-java-1.1.7.1.jar site.ycsb.Client -t -db site.ycsb.db.MongoDbClient -s -P /home/runner/ycsb-mongodb-binding-0.17.0/workloads/workloada -p mongodb.url=mongodb://127.0.0.1:27017/ycsb?w=1 -p measurementtype=raw -p measurement.raw.output_file=/home/runner/work/The-Omni-Compass/The-Omni-Compass/out/ycsb-tuning/rep-3/omni/notch-14.raw -p recordcount=500000 -p operationcount=1000000000 -p maxexecutiontime=20 -p target=3000 -p threads=32 -p insertstart=0 -p insertorder=ordered -p requestdistribution=uniform -p seed=100313
mongo client connection created with mongodb://127.0.0.1:27017/ycsb?w=1
Raw data measurement: will output to result file: /home/runner/work/The-Omni-Compass/The-Omni-Compass/out/ycsb-tuning/rep-3/omni/notch-14.raw
Raw data measurement: will output to result file: /home/runner/work/The-Omni-Compass/The-Omni-Compass/out/ycsb-tuning/rep-3/omni/notch-14.raw
Raw data measurement: will output to result file: /home/runner/work/The-Omni-Compass/The-Omni-Compass/out/ycsb-tuning/rep-3/omni/notch-14.raw
[OVERALL], RunTime(ms), 20003
[OVERALL], Throughput(ops/sec), 2950.9073638954155
[TOTAL_GCS_G1_Young_Generation], Count, 10
[TOTAL_GC_TIME_G1_Young_Generation], Time(ms), 43
[TOTAL_GC_TIME_%_G1_Young_Generation], Time(%), 0.2149677548367745
[TOTAL_GCS_G1_Old_Generation], Count, 0
[TOTAL_GC_TIME_G1_Old_Generation], Time(ms), 0
[TOTAL_GC_TIME_%_G1_Old_Generation], Time(%), 0.0
[TOTAL_GCs], Count, 10
[TOTAL_GC_TIME], Time(ms), 43
[TOTAL_GC_TIME_%], Time(%), 0.2149677548367745
[READ], Total Operations, 29461
[READ], Below is a summary of latency in microseconds:, -1
[READ], Average, 189.22219205050746
[READ], Min, 114
[READ], Max, 6829
[READ], p1, 124
[READ], p5, 128
[READ], p50, 175
[READ], p90, 233
[READ], p95, 268
[READ], p99, 486
[READ], p99.9, 2152
[READ], p99.99, 5967
[READ], Return=OK, 29461
[CLEANUP], Total Operations, 1
[CLEANUP], Below is a summary of latency in microseconds:, -1
[CLEANUP], Average, 1485.0
[CLEANUP], Min, 1485
[CLEANUP], Max, 1485
[CLEANUP], p1, 1485
[CLEANUP], p5, 1485
[CLEANUP], p50, 1485
[CLEANUP], p90, 1485
[CLEANUP], p95, 1485
[CLEANUP], p99, 1485
[CLEANUP], p99.9, 1485
[CLEANUP], p99.99, 1485
[UPDATE], Total Operations, 29566
[UPDATE], Below is a summary of latency in microseconds:, -1
[UPDATE], Average, 218.390685246567
[UPDATE], Min, 145
[UPDATE], Max, 42650
[UPDATE], p1, 158
[UPDATE], p5, 162
[UPDATE], p50, 203
[UPDATE], p90, 261
[UPDATE], p95, 296
[UPDATE], p99, 490
[UPDATE], p99.9, 1826
[UPDATE], p99.99, 5073
[UPDATE], Return=OK, 29566

Command line: -t -db site.ycsb.db.MongoDbClient -s -P /home/runner/ycsb-mongodb-binding-0.17.0/workloads/workloada -p mongodb.url=mongodb://127.0.0.1:27017/ycsb?w=1 -p measurementtype=raw -p measurement.raw.output_file=/home/runner/work/The-Omni-Compass/The-Omni-Compass/out/ycsb-tuning/rep-3/omni/notch-14.raw -p recordcount=500000 -p operationcount=1000000000 -p maxexecutiontime=20 -p target=3000 -p threads=32 -p insertstart=0 -p insertorder=ordered -p requestdistribution=uniform -p seed=100313
YCSB Client 0.17.0

Loading workload...
Starting test.
Maximum execution time specified as: 20 secs
2026-10-08 23:53:06:451 0 sec: 0 operations; est completion in 0 second 
DBWrapper: report latency for each error is false and specific error codes to track for latency are: []
2026-10-08 23:53:16:412 10 sec: 29026 operations; 2902.31 current ops/sec; est completion in 3 days 23 hours READ count: 14566, average latency(us): 209.65 UPDATE count: 14464, average latency(us): 238.85 
Maximum time elapsed. Requesting stop for the workload.
Stop requested for workload. Now Joining!
2026-10-08 23:53:26:412 20 sec: 59026 operations; 3000 current ops/sec; est completion in 3 days 22 hours READ count: 14895, average latency(us): 169.25 UPDATE count: 15101, average latency(us): 198.78 
2026-10-08 23:53:26:414 20 sec: 59027 operations; 500 current ops/sec; est completion in 3 days 22 hours  CLEANUP count: 1, average latency(us): 1485.00 UPDATE count: 1, average latency(us): 442.00 


/opt/hostedtoolcache/Java_Temurin-Hotspot_jdk/17.0.20-1/x64/bin/java  -classpath /home/runner/ycsb-mongodb-binding-0.17.0/conf:/home/runner/ycsb-mongodb-binding-0.17.0/lib/HdrHistogram-2.1.4.jar:/home/runner/ycsb-mongodb-binding-0.17.0/lib/core-0.17.0.jar:/home/runner/ycsb-mongodb-binding-0.17.0/lib/htrace-core4-4.1.0-incubating.jar:/home/runner/ycsb-mongodb-binding-0.17.0/lib/jackson-core-asl-1.9.4.jar:/home/runner/ycsb-mongodb-binding-0.17.0/lib/jackson-mapper-asl-1.9.4.jar:/home/runner/ycsb-mongodb-binding-0.17.0/lib/logback-classic-1.1.2.jar:/home/runner/ycsb-mongodb-binding-0.17.0/lib/logback-core-1.1.2.jar:/home/runner/ycsb-mongodb-binding-0.17.0/lib/mongo-java-driver-3.8.0.jar:/home/runner/ycsb-mongodb-binding-0.17.0/lib/mongodb-async-driver-2.0.1.jar:/home/runner/ycsb-mongodb-binding-0.17.0/lib/mongodb-binding-0.17.0.jar:/home/runner/ycsb-mongodb-binding-0.17.0/lib/slf4j-api-1.7.25.jar:/home/runner/ycsb-mongodb-binding-0.17.0/lib/snappy-java-1.1.7.1.jar site.ycsb.Client -t -db site.ycsb.db.MongoDbClient -s -P /home/runner/ycsb-mongodb-binding-0.17.0/workloads/workloada -p mongodb.url=mongodb://127.0.0.1:27017/ycsb?w=1 -p measurementtype=raw -p measurement.raw.output_file=/home/runner/work/The-Omni-Compass/The-Omni-Compass/out/ycsb-tuning/rep-3/omni/notch-15.raw -p recordcount=250000 -p operationcount=1000000000 -p maxexecutiontime=20 -p target=3000 -p threads=32 -p insertstart=0 -p insertorder=ordered -p requestdistribution=uniform -p seed=100314
mongo client connection created with mongodb://127.0.0.1:27017/ycsb?w=1
Raw data measurement: will output to result file: /home/runner/work/The-Omni-Compass/The-Omni-Compass/out/ycsb-tuning/rep-3/omni/notch-15.raw
Raw data measurement: will output to result file: /home/runner/work/The-Omni-Compass/The-Omni-Compass/out/ycsb-tuning/rep-3/omni/notch-15.raw
Raw data measurement: will output to result file: /home/runner/work/The-Omni-Compass/The-Omni-Compass/out/ycsb-tuning/rep-3/omni/notch-15.raw
[OVERALL], RunTime(ms), 20003
[OVERALL], Throughput(ops/sec), 2949.7075438684196
[TOTAL_GCS_G1_Young_Generation], Count, 10
[TOTAL_GC_TIME_G1_Young_Generation], Time(ms), 36
[TOTAL_GC_TIME_%_G1_Young_Generation], Time(%), 0.1799730040493926
[TOTAL_GCS_G1_Old_Generation], Count, 0
[TOTAL_GC_TIME_G1_Old_Generation], Time(ms), 0
[TOTAL_GC_TIME_%_G1_Old_Generation], Time(%), 0.0
[TOTAL_GCs], Count, 10
[TOTAL_GC_TIME], Time(ms), 36
[TOTAL_GC_TIME_%], Time(%), 0.1799730040493926
[READ], Total Operations, 29704
[READ], Below is a summary of latency in microseconds:, -1
[READ], Average, 184.3834500403986
[READ], Min, 115
[READ], Max, 9175
[READ], p1, 124
[READ], p5, 128
[READ], p50, 174
[READ], p90, 227
[READ], p95, 258
[READ], p99, 439
[READ], p99.9, 1316
[READ], p99.99, 3874
[READ], Return=OK, 29704
[CLEANUP], Total Operations, 1
[CLEANUP], Below is a summary of latency in microseconds:, -1
[CLEANUP], Average, 1297.0
[CLEANUP], Min, 1297
[CLEANUP], Max, 1297
[CLEANUP], p1, 1297
[CLEANUP], p5, 1297
[CLEANUP], p50, 1297
[CLEANUP], p90, 1297
[CLEANUP], p95, 1297
[CLEANUP], p99, 1297
[CLEANUP], p99.9, 1297
[CLEANUP], p99.99, 1297
[UPDATE], Total Operations, 29299
[UPDATE], Below is a summary of latency in microseconds:, -1
[UPDATE], Average, 215.12648895866752
[UPDATE], Min, 150
[UPDATE], Max, 42126
[UPDATE], p1, 157
[UPDATE], p5, 160
[UPDATE], p50, 202
[UPDATE], p90, 257
[UPDATE], p95, 289
[UPDATE], p99, 476
[UPDATE], p99.9, 1723
[UPDATE], p99.99, 5343
[UPDATE], Return=OK, 29299

Command line: -t -db site.ycsb.db.MongoDbClient -s -P /home/runner/ycsb-mongodb-binding-0.17.0/workloads/workloada -p mongodb.url=mongodb://127.0.0.1:27017/ycsb?w=1 -p measurementtype=raw -p measurement.raw.output_file=/home/runner/work/The-Omni-Compass/The-Omni-Compass/out/ycsb-tuning/rep-3/omni/notch-15.raw -p recordcount=250000 -p operationcount=1000000000 -p maxexecutiontime=20 -p target=3000 -p threads=32 -p insertstart=0 -p insertorder=ordered -p requestdistribution=uniform -p seed=100314
YCSB Client 0.17.0

Loading workload...
Starting test.
Maximum execution time specified as: 20 secs
2026-10-08 23:53:27:040 0 sec: 0 operations; est completion in 0 second 
DBWrapper: report latency for each error is false and specific error codes to track for latency are: []
2026-10-08 23:53:37:002 10 sec: 29002 operations; 2900.2 current ops/sec; est completion in 3 days 23 hours READ count: 14640, average latency(us): 200.50 UPDATE count: 14363, average latency(us): 233.81 
2026-10-08 23:53:47:002 20 sec: 59001 operations; 2999.9 current ops/sec; est completion in 3 days 22 hours READ count: 15063, average latency(us): 168.64 UPDATE count: 14935, average latency(us): 197.15 
Maximum time elapsed. Requesting stop for the workload.
Stop requested for workload. Now Joining!
2026-10-08 23:53:47:005 20 sec: 59003 operations; 666.67 current ops/sec; est completion in 3 days 22 hours READ count: 1, average latency(us): 1329.00 CLEANUP count: 1, average latency(us): 1297.00 UPDATE count: 1, average latency(us): 328.00 
