sysbench 1.0.20 (using system LuaJIT 2.1.0-beta3)

Running the test with following options:
Number of threads: 32
Target transaction rate: 300/sec
Initializing random number generator from current time


Initializing worker threads...

Threads started!

Latency histogram (values are in milliseconds)
       value  ------------- distribution ------------- count
       2.347 |*                                        6
       2.389 |**                                       17
       2.433 |*****                                    51
       2.477 |*********                                100
       2.522 |************                             137
       2.568 |***************                          164
       2.615 |******************                       195
       2.662 |*****************                        189
       2.710 |***************                          164
       2.760 |**************                           153
       2.810 |*************                            141
       2.861 |************                             136
       2.913 |*****************                        182
       2.966 |*********************                    235
       3.020 |******************************           325
       3.075 |***********************************      387
       3.130 |**************************************   415
       3.187 |***************************************  424
       3.245 |**************************************** 439
       3.304 |***************************************  432
       3.364 |***********************************      381
       3.425 |*****************************            319
       3.488 |***********************                  256
       3.551 |********************                     220
       3.615 |***********                              124
       3.681 |********                                 90
       3.748 |*******                                  72
       3.816 |*****                                    57
       3.885 |***                                      38
       3.956 |***                                      36
       4.028 |**                                       22
       4.101 |**                                       19
       4.176 |*                                        11
       4.252 |**                                       18
       4.329 |*                                        13
       4.407 |*                                        10
       4.487 |*                                        9
       4.569 |*                                        10
       4.652 |*                                        10
       4.737 |                                         1
       4.823 |                                         4
       4.910 |                                         4
       4.999 |                                         5
       5.090 |                                         2
       5.183 |                                         1
       5.277 |                                         1
       5.373 |                                         2
       5.470 |                                         2
       5.570 |                                         1
       5.774 |                                         1
       5.879 |                                         4
       5.986 |                                         1
       6.433 |                                         1
       6.550 |                                         1
 
SQL statistics:
    queries performed:
        read:                            84532
        write:                           0
        other:                           12076
        total:                           96608
    transactions:                        6038   (301.55 per sec.)
    queries:                             96608  (4824.86 per sec.)
    ignored errors:                      0      (0.00 per sec.)
    reconnects:                          0      (0.00 per sec.)

General statistics:
    total time:                          20.0226s
    total number of events:              6038

Latency (ms):
         min:                                    2.33
         avg:                                    3.16
         max:                                    6.50
         95th percentile:                        3.75
         sum:                                19051.01

Threads fairness:
    events (avg/stddev):           188.6875/1.57
    execution time (avg/stddev):   0.5953/0.01


