sysbench 1.0.20 (using system LuaJIT 2.1.0-beta3)

Running the test with following options:
Number of threads: 32
Target transaction rate: 1000/sec
Initializing random number generator from current time


Initializing worker threads...

Threads started!

Latency histogram (values are in milliseconds)
       value  ------------- distribution ------------- count
       0.527 |                                         1
       0.536 |                                         3
       0.546 |                                         3
       0.556 |                                         7
       0.566 |*                                        18
       0.576 |**                                       43
       0.587 |***                                      63
       0.597 |***                                      82
       0.608 |*****                                    119
       0.619 |******                                   148
       0.630 |*******                                  176
       0.642 |*********                                211
       0.654 |*********                                222
       0.665 |************                             273
       0.677 |************                             287
       0.690 |****************                         370
       0.702 |******************                       430
       0.715 |*********************                    487
       0.728 |***************************              644
       0.741 |*****************************            688
       0.755 |********************************         753
       0.768 |********************************         747
       0.782 |*************************************    877
       0.797 |*************************************    879
       0.811 |*************************************    878
       0.826 |***************************************  920
       0.841 |*************************************    881
       0.856 |**************************************   898
       0.872 |**************************************** 937
       0.888 |**************************************   907
       0.904 |**************************************   897
       0.920 |***************************************  927
       0.937 |**************************************** 944
       0.954 |**************************************   893
       0.971 |************************************     860
       0.989 |********************************         749
       1.007 |********************************         762
       1.025 |*********************************        776
       1.044 |*******************************          729
       1.063 |*****************************            677
       1.082 |****************************             649
       1.102 |***************************              628
       1.122 |************************                 566
       1.142 |**********************                   514
       1.163 |********************                     468
       1.184 |*******************                      450
       1.205 |*******************                      455
       1.227 |*****************                        400
       1.250 |***************                          353
       1.272 |**************                           336
       1.295 |*************                            306
       1.319 |************                             273
       1.343 |**********                               225
       1.367 |*********                                218
       1.392 |*********                                218
       1.417 |********                                 182
       1.443 |*******                                  159
       1.469 |*******                                  154
       1.496 |******                                   147
       1.523 |*****                                    127
       1.551 |*****                                    112
       1.579 |****                                     94
       1.608 |****                                     106
       1.637 |****                                     85
       1.667 |***                                      74
       1.697 |***                                      73
       1.728 |**                                       56
       1.759 |***                                      64
       1.791 |**                                       53
       1.824 |**                                       50
       1.857 |**                                       57
       1.891 |**                                       52
       1.925 |**                                       38
       1.960 |*                                        33
       1.996 |**                                       37
       2.032 |*                                        33
       2.069 |*                                        31
       2.106 |*                                        34
       2.145 |*                                        29
       2.184 |**                                       46
       2.223 |*                                        34
       2.264 |*                                        20
       2.305 |*                                        22
       2.347 |*                                        29
       2.389 |*                                        22
       2.433 |*                                        19
       2.477 |*                                        15
       2.522 |*                                        17
       2.568 |*                                        21
       2.615 |*                                        17
       2.662 |*                                        26
       2.710 |*                                        17
       2.760 |*                                        13
       2.810 |*                                        17
       2.861 |                                         11
       2.913 |*                                        12
       2.966 |*                                        12
       3.020 |                                         8
       3.075 |*                                        13
       3.130 |*                                        12
       3.187 |                                         9
       3.245 |                                         8
       3.304 |*                                        12
       3.364 |*                                        19
       3.425 |                                         9
       3.488 |                                         6
       3.551 |                                         9
       3.615 |                                         11
       3.681 |                                         8
       3.748 |                                         10
       3.816 |                                         2
       3.885 |                                         7
       3.956 |                                         7
       4.028 |                                         7
       4.101 |                                         3
       4.176 |                                         6
       4.252 |                                         2
       4.329 |                                         2
       4.407 |                                         4
       4.487 |                                         3
       4.569 |                                         3
       4.652 |                                         1
       4.737 |                                         1
       4.823 |                                         2
       4.910 |                                         1
       4.999 |                                         3
       5.090 |                                         1
       5.183 |                                         2
       5.277 |                                         1
       5.373 |                                         1
       5.470 |                                         2
       5.570 |                                         2
       5.774 |                                         1
       6.095 |                                         1
       6.433 |                                         1
       6.913 |                                         2
       7.985 |                                         1
 
SQL statistics:
    queries performed:
        read:                            0
        write:                           29678
        other:                           0
        total:                           29678
    transactions:                        29678  (988.72 per sec.)
    queries:                             29678  (988.72 per sec.)
    ignored errors:                      0      (0.00 per sec.)
    reconnects:                          0      (0.00 per sec.)

General statistics:
    total time:                          30.0163s
    total number of events:              29678

Latency (ms):
         min:                                    0.53
         avg:                                    1.02
         max:                                    7.95
         95th percentile:                        1.58
         sum:                                30123.89

Threads fairness:
    events (avg/stddev):           927.4375/5.66
    execution time (avg/stddev):   0.9414/0.01


