sysbench 1.0.20 (using system LuaJIT 2.1.0-beta3)

Running the test with following options:
Number of threads: 32
Target transaction rate: 1000/sec
Initializing random number generator from current time


Initializing worker threads...

Threads started!

Latency histogram (values are in milliseconds)
       value  ------------- distribution ------------- count
       0.527 |                                         1
       0.536 |                                         3
       0.546 |                                         8
       0.556 |                                         12
       0.566 |*                                        23
       0.576 |**                                       45
       0.587 |***                                      80
       0.597 |*****                                    114
       0.608 |*****                                    124
       0.619 |********                                 205
       0.630 |********                                 212
       0.642 |*********                                224
       0.654 |**********                               250
       0.665 |***********                              280
       0.677 |*************                            331
       0.690 |***************                          373
       0.702 |*********************                    517
       0.715 |************************                 600
       0.728 |******************************           755
       0.741 |*******************************          779
       0.755 |**********************************       854
       0.768 |*************************************    927
       0.782 |***************************************  973
       0.797 |************************************     913
       0.811 |***************************************  966
       0.826 |**************************************** 1002
       0.841 |**************************************   961
       0.856 |*************************************    923
       0.872 |***************************************  968
       0.888 |**************************************** 993
       0.904 |**************************************   947
       0.920 |************************************     901
       0.937 |***********************************      870
       0.954 |*********************************        829
       0.971 |********************************         809
       0.989 |*******************************          785
       1.007 |*****************************            723
       1.025 |****************************             711
       1.044 |**************************               639
       1.063 |****************************             692
       1.082 |************************                 589
       1.102 |***********************                  579
       1.122 |*********************                    522
       1.142 |********************                     506
       1.163 |********************                     511
       1.184 |****************                         406
       1.205 |***************                          369
       1.227 |**************                           355
       1.250 |************                             310
       1.272 |************                             295
       1.295 |***********                              271
       1.319 |**********                               239
       1.343 |*********                                213
       1.367 |********                                 208
       1.392 |*******                                  187
       1.417 |*******                                  169
       1.443 |******                                   154
       1.469 |*****                                    137
       1.496 |*****                                    131
       1.523 |****                                     108
       1.551 |****                                     99
       1.579 |***                                      85
       1.608 |****                                     90
       1.637 |***                                      64
       1.667 |***                                      81
       1.697 |**                                       59
       1.728 |**                                       61
       1.759 |**                                       51
       1.791 |**                                       43
       1.824 |**                                       52
       1.857 |**                                       41
       1.891 |*                                        35
       1.925 |**                                       41
       1.960 |*                                        30
       1.996 |*                                        32
       2.032 |*                                        28
       2.069 |*                                        32
       2.106 |*                                        27
       2.145 |*                                        22
       2.184 |*                                        29
       2.223 |*                                        17
       2.264 |*                                        28
       2.305 |*                                        26
       2.347 |*                                        27
       2.389 |*                                        18
       2.433 |*                                        18
       2.477 |                                         12
       2.522 |*                                        14
       2.568 |*                                        13
       2.615 |*                                        15
       2.662 |*                                        27
       2.710 |*                                        18
       2.760 |*                                        15
       2.810 |*                                        15
       2.861 |                                         7
       2.913 |                                         9
       2.966 |                                         10
       3.020 |                                         12
       3.075 |                                         9
       3.130 |                                         2
       3.187 |                                         11
       3.245 |                                         5
       3.304 |                                         9
       3.364 |                                         6
       3.425 |                                         9
       3.488 |                                         4
       3.551 |                                         6
       3.615 |                                         11
       3.681 |                                         4
       3.748 |                                         6
       3.816 |                                         5
       3.885 |                                         5
       3.956 |                                         5
       4.028 |                                         8
       4.101 |                                         5
       4.176 |                                         3
       4.252 |                                         1
       4.329 |                                         4
       4.407 |                                         2
       4.487 |                                         3
       4.569 |                                         1
       4.652 |                                         4
       4.737 |                                         2
       4.823 |                                         2
       4.910 |                                         1
       4.999 |                                         3
       5.090 |                                         3
       5.183 |                                         1
       5.277 |                                         1
       5.373 |                                         1
       5.671 |                                         1
       5.774 |                                         1
       5.986 |                                         1
       6.433 |                                         2
       7.039 |                                         2
       7.297 |                                         1
       7.565 |                                         1
       8.130 |                                         1
       8.737 |                                         1
       9.734 |                                         1
 
SQL statistics:
    queries performed:
        read:                            0
        write:                           30038
        other:                           0
        total:                           30038
    transactions:                        30038  (1000.68 per sec.)
    queries:                             30038  (1000.68 per sec.)
    ignored errors:                      0      (0.00 per sec.)
    reconnects:                          0      (0.00 per sec.)

General statistics:
    total time:                          30.0171s
    total number of events:              30038

Latency (ms):
         min:                                    0.53
         avg:                                    0.99
         max:                                    9.79
         95th percentile:                        1.52
         sum:                                29730.09

Threads fairness:
    events (avg/stddev):           938.6875/5.64
    execution time (avg/stddev):   0.9291/0.01


