sysbench 1.0.20 (using system LuaJIT 2.1.0-beta3)

Running the test with following options:
Number of threads: 32
Target transaction rate: 300/sec
Initializing random number generator from current time


Initializing worker threads...

Threads started!

Latency histogram (values are in milliseconds)
       value  ------------- distribution ------------- count
       0.937 |                                         2
       0.954 |                                         4
       0.971 |*                                        6
       0.989 |****                                     50
       1.007 |*******                                  81
       1.025 |**************                           160
       1.044 |***********************                  265
       1.063 |********************************         366
       1.082 |*******************************          354
       1.102 |**************************               298
       1.122 |************************                 281
       1.142 |***********************                  267
       1.163 |*************************                288
       1.184 |***********************************      406
       1.205 |************************************     414
       1.227 |**************************************** 459
       1.250 |********************************         371
       1.272 |**************************               294
       1.295 |********************                     226
       1.319 |******************                       211
       1.343 |******************                       206
       1.367 |****************                         189
       1.392 |**************                           160
       1.417 |************                             143
       1.443 |**********                               110
       1.469 |*********                                99
       1.496 |*******                                  78
       1.523 |*****                                    60
       1.551 |***                                      35
       1.579 |****                                     43
       1.608 |**                                       27
       1.637 |*                                        13
       1.667 |*                                        9
       1.697 |*                                        11
       1.728 |*                                        11
       1.759 |*                                        6
       1.791 |*                                        8
       1.824 |                                         3
       1.857 |                                         2
       1.891 |                                         1
       1.925 |                                         3
       1.960 |                                         1
       1.996 |                                         1
       2.032 |                                         1
       2.069 |                                         2
       2.106 |                                         1
       2.223 |                                         1
       2.264 |                                         1
       2.477 |                                         1
       2.861 |                                         1
       2.913 |                                         1
       3.245 |                                         2
       3.488 |                                         1
       3.615 |                                         4
       3.816 |                                         1
       3.885 |                                         1
       3.956 |                                         1
       4.101 |                                         2
       4.252 |                                         1
       4.407 |                                         1
       4.487 |                                         2
       4.569 |                                         1
       4.652 |                                         1
       4.737 |                                         1
       5.090 |                                         2
       5.183 |                                         1
       5.277 |                                         2
       5.570 |                                         2
       5.671 |                                         3
       5.879 |                                         1
       5.986 |                                         1
       6.095 |                                         1
       6.205 |                                         2
       6.318 |                                         1
       6.433 |                                         1
       6.550 |                                         1
       6.669 |                                         1
       6.790 |                                         1
 
SQL statistics:
    queries performed:
        read:                            84980
        write:                           0
        other:                           12140
        total:                           97120
    transactions:                        6070   (303.19 per sec.)
    queries:                             97120  (4851.00 per sec.)
    ignored errors:                      0      (0.00 per sec.)
    reconnects:                          0      (0.00 per sec.)

General statistics:
    total time:                          20.0200s
    total number of events:              6070

Latency (ms):
         min:                                    0.94
         avg:                                    1.25
         max:                                    6.84
         95th percentile:                        1.50
         sum:                                 7562.66

Threads fairness:
    events (avg/stddev):           189.6875/1.40
    execution time (avg/stddev):   0.2363/0.01


