sysbench 1.0.20 (using system LuaJIT 2.1.0-beta3)

Running the test with following options:
Number of threads: 32
Target transaction rate: 300/sec
Initializing random number generator from current time


Initializing worker threads...

Threads started!

Latency histogram (values are in milliseconds)
       value  ------------- distribution ------------- count
       0.920 |                                         2
       0.937 |                                         5
       0.954 |*                                        7
       0.971 |**                                       19
       0.989 |****                                     41
       1.007 |********                                 79
       1.025 |*************                            126
       1.044 |******************                       176
       1.063 |**********************                   220
       1.082 |*****************************            289
       1.102 |**************************               259
       1.122 |*******************************          308
       1.142 |*********************************        329
       1.163 |************************************     359
       1.184 |************************************     358
       1.205 |**************************************** 402
       1.227 |**********************************       343
       1.250 |**********************************       342
       1.272 |********************************         318
       1.295 |****************************             286
       1.319 |***********************                  228
       1.343 |**********************                   219
       1.367 |*******************                      193
       1.392 |****************                         164
       1.417 |**************                           145
       1.443 |**************                           141
       1.469 |********                                 80
       1.496 |********                                 80
       1.523 |******                                   65
       1.551 |***                                      34
       1.579 |****                                     38
       1.608 |***                                      26
       1.637 |*                                        15
       1.667 |**                                       17
       1.697 |*                                        11
       1.728 |*                                        7
       1.759 |*                                        9
       1.791 |*                                        6
       1.824 |                                         5
       1.857 |                                         3
       1.891 |                                         3
       1.925 |                                         3
       1.960 |                                         2
       2.069 |                                         3
       2.106 |                                         3
       2.184 |                                         5
       2.223 |                                         2
       2.264 |                                         1
       2.305 |                                         2
       2.347 |                                         1
       2.389 |                                         1
       2.477 |                                         2
       2.522 |                                         1
       2.615 |                                         2
       2.662 |                                         3
       2.710 |                                         1
       2.810 |                                         2
       2.861 |                                         1
       2.966 |                                         3
       3.020 |                                         1
       3.075 |                                         2
       3.130 |                                         5
       3.187 |*                                        6
       3.245 |                                         3
       3.304 |                                         3
       3.425 |                                         1
       3.488 |*                                        7
       3.551 |                                         5
       3.615 |*                                        6
       3.681 |                                         4
       3.816 |                                         4
       3.885 |                                         2
       3.956 |                                         2
       4.028 |                                         1
       4.101 |                                         1
       4.176 |                                         1
       4.329 |                                         1
       4.407 |                                         2
       4.487 |                                         3
       4.569 |                                         1
       4.652 |                                         4
       4.737 |                                         1
       4.910 |                                         2
       4.999 |                                         1
       5.090 |                                         1
       5.183 |                                         2
       5.277 |                                         2
       5.373 |                                         1
       5.470 |                                         2
       5.570 |                                         2
       5.671 |                                         2
       5.774 |                                         2
       5.879 |                                         3
       5.986 |                                         2
       6.095 |                                         2
       6.205 |                                         1
       6.318 |                                         2
       6.913 |                                         1
       8.130 |                                         1
 
SQL statistics:
    queries performed:
        read:                            82460
        write:                           0
        other:                           11780
        total:                           94240
    transactions:                        5890   (294.16 per sec.)
    queries:                             94240  (4706.52 per sec.)
    ignored errors:                      0      (0.00 per sec.)
    reconnects:                          0      (0.00 per sec.)

General statistics:
    total time:                          20.0227s
    total number of events:              5890

Latency (ms):
         min:                                    0.92
         avg:                                    1.29
         max:                                    8.11
         95th percentile:                        1.55
         sum:                                 7586.32

Threads fairness:
    events (avg/stddev):           184.0625/1.17
    execution time (avg/stddev):   0.2371/0.01


