/opt/hostedtoolcache/Java_Temurin-Hotspot_jdk/17.0.20-1/x64/bin/java  -classpath /home/runner/ycsb-mongodb-binding-0.17.0/conf:/home/runner/ycsb-mongodb-binding-0.17.0/lib/HdrHistogram-2.1.4.jar:/home/runner/ycsb-mongodb-binding-0.17.0/lib/core-0.17.0.jar:/home/runner/ycsb-mongodb-binding-0.17.0/lib/htrace-core4-4.1.0-incubating.jar:/home/runner/ycsb-mongodb-binding-0.17.0/lib/jackson-core-asl-1.9.4.jar:/home/runner/ycsb-mongodb-binding-0.17.0/lib/jackson-mapper-asl-1.9.4.jar:/home/runner/ycsb-mongodb-binding-0.17.0/lib/logback-classic-1.1.2.jar:/home/runner/ycsb-mongodb-binding-0.17.0/lib/logback-core-1.1.2.jar:/home/runner/ycsb-mongodb-binding-0.17.0/lib/mongo-java-driver-3.8.0.jar:/home/runner/ycsb-mongodb-binding-0.17.0/lib/mongodb-async-driver-2.0.1.jar:/home/runner/ycsb-mongodb-binding-0.17.0/lib/mongodb-binding-0.17.0.jar:/home/runner/ycsb-mongodb-binding-0.17.0/lib/slf4j-api-1.7.25.jar:/home/runner/ycsb-mongodb-binding-0.17.0/lib/snappy-java-1.1.7.1.jar site.ycsb.Client -t -db site.ycsb.db.MongoDbClient -s -P /home/runner/ycsb-mongodb-binding-0.17.0/workloads/workloada -p mongodb.url=mongodb://127.0.0.1:27017/ycsb?w=1 -p measurementtype=raw -p measurement.raw.output_file=/home/runner/work/The-Omni-Compass/The-Omni-Compass/out/ycsb-tuning/rep-2/native/notch-1.raw -p recordcount=250000 -p operationcount=1000000000 -p maxexecutiontime=30 -p target=3000 -p threads=32 -p insertstart=0 -p insertorder=ordered -p requestdistribution=uniform -p seed=100200
mongo client connection created with mongodb://127.0.0.1:27017/ycsb?w=1
Raw data measurement: will output to result file: /home/runner/work/The-Omni-Compass/The-Omni-Compass/out/ycsb-tuning/rep-2/native/notch-1.raw
Raw data measurement: will output to result file: /home/runner/work/The-Omni-Compass/The-Omni-Compass/out/ycsb-tuning/rep-2/native/notch-1.raw
Raw data measurement: will output to result file: /home/runner/work/The-Omni-Compass/The-Omni-Compass/out/ycsb-tuning/rep-2/native/notch-1.raw
[OVERALL], RunTime(ms), 30003
[OVERALL], Throughput(ops/sec), 2949.271739492717
[TOTAL_GCS_G1_Young_Generation], Count, 14
[TOTAL_GC_TIME_G1_Young_Generation], Time(ms), 57
[TOTAL_GC_TIME_%_G1_Young_Generation], Time(%), 0.18998100189981001
[TOTAL_GCS_G1_Old_Generation], Count, 0
[TOTAL_GC_TIME_G1_Old_Generation], Time(ms), 0
[TOTAL_GC_TIME_%_G1_Old_Generation], Time(%), 0.0
[TOTAL_GCs], Count, 14
[TOTAL_GC_TIME], Time(ms), 57
[TOTAL_GC_TIME_%], Time(%), 0.18998100189981001
[READ], Total Operations, 44341
[READ], Below is a summary of latency in microseconds:, -1
[READ], Average, 216.2229088202792
[READ], Min, 123
[READ], Max, 72354
[READ], p1, 143
[READ], p5, 146
[READ], p50, 180
[READ], p90, 393
[READ], p95, 450
[READ], p99, 748
[READ], p99.9, 2505
[READ], p99.99, 5977
[READ], Return=OK, 44341
[CLEANUP], Total Operations, 1
[CLEANUP], Below is a summary of latency in microseconds:, -1
[CLEANUP], Average, 1314.0
[CLEANUP], Min, 1314
[CLEANUP], Max, 1314
[CLEANUP], p1, 1314
[CLEANUP], p5, 1314
[CLEANUP], p50, 1314
[CLEANUP], p90, 1314
[CLEANUP], p95, 1314
[CLEANUP], p99, 1314
[CLEANUP], p99.9, 1314
[CLEANUP], p99.99, 1314
[UPDATE], Total Operations, 44146
[UPDATE], Below is a summary of latency in microseconds:, -1
[UPDATE], Average, 241.56643863543695
[UPDATE], Min, 148
[UPDATE], Max, 11123
[UPDATE], p1, 167
[UPDATE], p5, 170
[UPDATE], p50, 206
[UPDATE], p90, 420
[UPDATE], p95, 478
[UPDATE], p99, 759
[UPDATE], p99.9, 2489
[UPDATE], p99.99, 5907
[UPDATE], Return=OK, 44146

Command line: -t -db site.ycsb.db.MongoDbClient -s -P /home/runner/ycsb-mongodb-binding-0.17.0/workloads/workloada -p mongodb.url=mongodb://127.0.0.1:27017/ycsb?w=1 -p measurementtype=raw -p measurement.raw.output_file=/home/runner/work/The-Omni-Compass/The-Omni-Compass/out/ycsb-tuning/rep-2/native/notch-1.raw -p recordcount=250000 -p operationcount=1000000000 -p maxexecutiontime=30 -p target=3000 -p threads=32 -p insertstart=0 -p insertorder=ordered -p requestdistribution=uniform -p seed=100200
YCSB Client 0.17.0

Loading workload...
Starting test.
Maximum execution time specified as: 30 secs
2026-10-10 13:42:40:838 0 sec: 0 operations; est completion in 0 second 
DBWrapper: report latency for each error is false and specific error codes to track for latency are: []
2026-10-10 13:42:50:795 10 sec: 28486 operations; 2848.6 current ops/sec; est completion in 4 days 1 hour READ count: 14155, average latency(us): 297.83 UPDATE count: 14332, average latency(us): 318.05 
2026-10-10 13:43:00:795 20 sec: 58486 operations; 3000 current ops/sec; est completion in 3 days 22 hours READ count: 15107, average latency(us): 182.38 UPDATE count: 14893, average latency(us): 208.70 
Maximum time elapsed. Requesting stop for the workload.
Stop requested for workload. Now Joining!
2026-10-10 13:43:10:795 30 sec: 88486 operations; 3000 current ops/sec; est completion in 3 days 22 hours READ count: 15078, average latency(us): 173.52 UPDATE count: 14921, average latency(us): 200.90 
2026-10-10 13:43:10:797 30 sec: 88487 operations; 333.33 current ops/sec; est completion in 3 days 22 hours READ count: 1, average latency(us): 207.00 CLEANUP count: 1, average latency(us): 1314.00  


/opt/hostedtoolcache/Java_Temurin-Hotspot_jdk/17.0.20-1/x64/bin/java  -classpath /home/runner/ycsb-mongodb-binding-0.17.0/conf:/home/runner/ycsb-mongodb-binding-0.17.0/lib/HdrHistogram-2.1.4.jar:/home/runner/ycsb-mongodb-binding-0.17.0/lib/core-0.17.0.jar:/home/runner/ycsb-mongodb-binding-0.17.0/lib/htrace-core4-4.1.0-incubating.jar:/home/runner/ycsb-mongodb-binding-0.17.0/lib/jackson-core-asl-1.9.4.jar:/home/runner/ycsb-mongodb-binding-0.17.0/lib/jackson-mapper-asl-1.9.4.jar:/home/runner/ycsb-mongodb-binding-0.17.0/lib/logback-classic-1.1.2.jar:/home/runner/ycsb-mongodb-binding-0.17.0/lib/logback-core-1.1.2.jar:/home/runner/ycsb-mongodb-binding-0.17.0/lib/mongo-java-driver-3.8.0.jar:/home/runner/ycsb-mongodb-binding-0.17.0/lib/mongodb-async-driver-2.0.1.jar:/home/runner/ycsb-mongodb-binding-0.17.0/lib/mongodb-binding-0.17.0.jar:/home/runner/ycsb-mongodb-binding-0.17.0/lib/slf4j-api-1.7.25.jar:/home/runner/ycsb-mongodb-binding-0.17.0/lib/snappy-java-1.1.7.1.jar site.ycsb.Client -t -db site.ycsb.db.MongoDbClient -s -P /home/runner/ycsb-mongodb-binding-0.17.0/workloads/workloada -p mongodb.url=mongodb://127.0.0.1:27017/ycsb?w=1 -p measurementtype=raw -p measurement.raw.output_file=/home/runner/work/The-Omni-Compass/The-Omni-Compass/out/ycsb-tuning/rep-2/native/notch-2.raw -p recordcount=500000 -p operationcount=1000000000 -p maxexecutiontime=30 -p target=3000 -p threads=32 -p insertstart=0 -p insertorder=ordered -p requestdistribution=uniform -p seed=100201
mongo client connection created with mongodb://127.0.0.1:27017/ycsb?w=1
Raw data measurement: will output to result file: /home/runner/work/The-Omni-Compass/The-Omni-Compass/out/ycsb-tuning/rep-2/native/notch-2.raw
Raw data measurement: will output to result file: /home/runner/work/The-Omni-Compass/The-Omni-Compass/out/ycsb-tuning/rep-2/native/notch-2.raw
Raw data measurement: will output to result file: /home/runner/work/The-Omni-Compass/The-Omni-Compass/out/ycsb-tuning/rep-2/native/notch-2.raw
[OVERALL], RunTime(ms), 30005
[OVERALL], Throughput(ops/sec), 2953.0078320279954
[TOTAL_GCS_G1_Young_Generation], Count, 14
[TOTAL_GC_TIME_G1_Young_Generation], Time(ms), 61
[TOTAL_GC_TIME_%_G1_Young_Generation], Time(%), 0.20329945009165137
[TOTAL_GCS_G1_Old_Generation], Count, 0
[TOTAL_GC_TIME_G1_Old_Generation], Time(ms), 0
[TOTAL_GC_TIME_%_G1_Old_Generation], Time(%), 0.0
[TOTAL_GCs], Count, 14
[TOTAL_GC_TIME], Time(ms), 61
[TOTAL_GC_TIME_%], Time(%), 0.20329945009165137
[READ], Total Operations, 44196
[READ], Below is a summary of latency in microseconds:, -1
[READ], Average, 225.9154448366368
[READ], Min, 121
[READ], Max, 54779
[READ], p1, 144
[READ], p5, 147
[READ], p50, 183
[READ], p90, 382
[READ], p95, 434
[READ], p99, 610
[READ], p99.9, 2986
[READ], p99.99, 39720
[READ], Return=OK, 44196
[CLEANUP], Total Operations, 1
[CLEANUP], Below is a summary of latency in microseconds:, -1
[CLEANUP], Average, 1357.0
[CLEANUP], Min, 1357
[CLEANUP], Max, 1357
[CLEANUP], p1, 1357
[CLEANUP], p5, 1357
[CLEANUP], p50, 1357
[CLEANUP], p90, 1357
[CLEANUP], p95, 1357
[CLEANUP], p99, 1357
[CLEANUP], p99.9, 1357
[CLEANUP], p99.99, 1357
[UPDATE], Total Operations, 44409
[UPDATE], Below is a summary of latency in microseconds:, -1
[UPDATE], Average, 249.88358215677002
[UPDATE], Min, 149
[UPDATE], Max, 60798
[UPDATE], p1, 168
[UPDATE], p5, 171
[UPDATE], p50, 206
[UPDATE], p90, 407
[UPDATE], p95, 462
[UPDATE], p99, 640
[UPDATE], p99.9, 2353
[UPDATE], p99.99, 42160
[UPDATE], Return=OK, 44409

Command line: -t -db site.ycsb.db.MongoDbClient -s -P /home/runner/ycsb-mongodb-binding-0.17.0/workloads/workloada -p mongodb.url=mongodb://127.0.0.1:27017/ycsb?w=1 -p measurementtype=raw -p measurement.raw.output_file=/home/runner/work/The-Omni-Compass/The-Omni-Compass/out/ycsb-tuning/rep-2/native/notch-2.raw -p recordcount=500000 -p operationcount=1000000000 -p maxexecutiontime=30 -p target=3000 -p threads=32 -p insertstart=0 -p insertorder=ordered -p requestdistribution=uniform -p seed=100201
YCSB Client 0.17.0

Loading workload...
Starting test.
Maximum execution time specified as: 30 secs
2026-10-10 13:43:11:491 0 sec: 0 operations; est completion in 0 second 
DBWrapper: report latency for each error is false and specific error codes to track for latency are: []
2026-10-10 13:43:21:436 10 sec: 28940 operations; 2894 current ops/sec; est completion in 3 days 23 hours READ count: 14463, average latency(us): 290.61 UPDATE count: 14479, average latency(us): 310.85 
2026-10-10 13:43:31:436 20 sec: 58939 operations; 2999.9 current ops/sec; est completion in 3 days 22 hours READ count: 14914, average latency(us): 194.92 UPDATE count: 15086, average latency(us): 216.27 
2026-10-10 13:43:41:436 30 sec: 88592 operations; 2965.3 current ops/sec; est completion in 3 days 22 hours READ count: 14812, average latency(us): 193.98 UPDATE count: 14840, average latency(us): 224.57 
Maximum time elapsed. Requesting stop for the workload.
Stop requested for workload. Now Joining!
2026-10-10 13:43:41:440 30 sec: 88605 operations; 2600 current ops/sec; est completion in 3 days 22 hours READ count: 7, average latency(us): 169.71 CLEANUP count: 1, average latency(us): 1357.00 UPDATE count: 4, average latency(us): 229.50 


/opt/hostedtoolcache/Java_Temurin-Hotspot_jdk/17.0.20-1/x64/bin/java  -classpath /home/runner/ycsb-mongodb-binding-0.17.0/conf:/home/runner/ycsb-mongodb-binding-0.17.0/lib/HdrHistogram-2.1.4.jar:/home/runner/ycsb-mongodb-binding-0.17.0/lib/core-0.17.0.jar:/home/runner/ycsb-mongodb-binding-0.17.0/lib/htrace-core4-4.1.0-incubating.jar:/home/runner/ycsb-mongodb-binding-0.17.0/lib/jackson-core-asl-1.9.4.jar:/home/runner/ycsb-mongodb-binding-0.17.0/lib/jackson-mapper-asl-1.9.4.jar:/home/runner/ycsb-mongodb-binding-0.17.0/lib/logback-classic-1.1.2.jar:/home/runner/ycsb-mongodb-binding-0.17.0/lib/logback-core-1.1.2.jar:/home/runner/ycsb-mongodb-binding-0.17.0/lib/mongo-java-driver-3.8.0.jar:/home/runner/ycsb-mongodb-binding-0.17.0/lib/mongodb-async-driver-2.0.1.jar:/home/runner/ycsb-mongodb-binding-0.17.0/lib/mongodb-binding-0.17.0.jar:/home/runner/ycsb-mongodb-binding-0.17.0/lib/slf4j-api-1.7.25.jar:/home/runner/ycsb-mongodb-binding-0.17.0/lib/snappy-java-1.1.7.1.jar site.ycsb.Client -t -db site.ycsb.db.MongoDbClient -s -P /home/runner/ycsb-mongodb-binding-0.17.0/workloads/workloada -p mongodb.url=mongodb://127.0.0.1:27017/ycsb?w=1 -p measurementtype=raw -p measurement.raw.output_file=/home/runner/work/The-Omni-Compass/The-Omni-Compass/out/ycsb-tuning/rep-2/native/notch-3.raw -p recordcount=750000 -p operationcount=1000000000 -p maxexecutiontime=30 -p target=3000 -p threads=32 -p insertstart=0 -p insertorder=ordered -p requestdistribution=uniform -p seed=100202
mongo client connection created with mongodb://127.0.0.1:27017/ycsb?w=1
Raw data measurement: will output to result file: /home/runner/work/The-Omni-Compass/The-Omni-Compass/out/ycsb-tuning/rep-2/native/notch-3.raw
Raw data measurement: will output to result file: /home/runner/work/The-Omni-Compass/The-Omni-Compass/out/ycsb-tuning/rep-2/native/notch-3.raw
Raw data measurement: will output to result file: /home/runner/work/The-Omni-Compass/The-Omni-Compass/out/ycsb-tuning/rep-2/native/notch-3.raw
[OVERALL], RunTime(ms), 30003
[OVERALL], Throughput(ops/sec), 2965.5034496550343
[TOTAL_GCS_G1_Young_Generation], Count, 14
[TOTAL_GC_TIME_G1_Young_Generation], Time(ms), 55
[TOTAL_GC_TIME_%_G1_Young_Generation], Time(%), 0.18331500183315003
[TOTAL_GCS_G1_Old_Generation], Count, 0
[TOTAL_GC_TIME_G1_Old_Generation], Time(ms), 0
[TOTAL_GC_TIME_%_G1_Old_Generation], Time(%), 0.0
[TOTAL_GCs], Count, 14
[TOTAL_GC_TIME], Time(ms), 55
[TOTAL_GC_TIME_%], Time(%), 0.18331500183315003
[READ], Total Operations, 44305
[READ], Below is a summary of latency in microseconds:, -1
[READ], Average, 224.2937140277621
[READ], Min, 126
[READ], Max, 49524
[READ], p1, 146
[READ], p5, 150
[READ], p50, 188
[READ], p90, 377
[READ], p95, 433
[READ], p99, 629
[READ], p99.9, 2395
[READ], p99.99, 6122
[READ], Return=OK, 44305
[CLEANUP], Total Operations, 1
[CLEANUP], Below is a summary of latency in microseconds:, -1
[CLEANUP], Average, 1324.0
[CLEANUP], Min, 1324
[CLEANUP], Max, 1324
[CLEANUP], p1, 1324
[CLEANUP], p5, 1324
[CLEANUP], p50, 1324
[CLEANUP], p90, 1324
[CLEANUP], p95, 1324
[CLEANUP], p99, 1324
[CLEANUP], p99.9, 1324
[CLEANUP], p99.99, 1324
[UPDATE], Total Operations, 44669
[UPDATE], Below is a summary of latency in microseconds:, -1
[UPDATE], Average, 250.16017819964628
[UPDATE], Min, 153
[UPDATE], Max, 45799
[UPDATE], p1, 170
[UPDATE], p5, 173
[UPDATE], p50, 214
[UPDATE], p90, 399
[UPDATE], p95, 457
[UPDATE], p99, 645
[UPDATE], p99.9, 2265
[UPDATE], p99.99, 7525
[UPDATE], Return=OK, 44669

Command line: -t -db site.ycsb.db.MongoDbClient -s -P /home/runner/ycsb-mongodb-binding-0.17.0/workloads/workloada -p mongodb.url=mongodb://127.0.0.1:27017/ycsb?w=1 -p measurementtype=raw -p measurement.raw.output_file=/home/runner/work/The-Omni-Compass/The-Omni-Compass/out/ycsb-tuning/rep-2/native/notch-3.raw -p recordcount=750000 -p operationcount=1000000000 -p maxexecutiontime=30 -p target=3000 -p threads=32 -p insertstart=0 -p insertorder=ordered -p requestdistribution=uniform -p seed=100202
YCSB Client 0.17.0

Loading workload...
Starting test.
Maximum execution time specified as: 30 secs
2026-10-10 13:43:42:148 0 sec: 0 operations; est completion in 0 second 
DBWrapper: report latency for each error is false and specific error codes to track for latency are: []
2026-10-10 13:43:52:103 10 sec: 28971 operations; 2897.1 current ops/sec; est completion in 3 days 23 hours READ count: 14566, average latency(us): 275.07 UPDATE count: 14407, average latency(us): 301.95 
2026-10-10 13:44:02:103 20 sec: 58971 operations; 3000 current ops/sec; est completion in 3 days 22 hours READ count: 14822, average latency(us): 204.79 UPDATE count: 15177, average latency(us): 229.72 
2026-10-10 13:44:12:103 30 sec: 88966 operations; 2999.5 current ops/sec; est completion in 3 days 21 hours READ count: 14915, average latency(us): 194.09 UPDATE count: 15081, average latency(us): 221.27 
Maximum time elapsed. Requesting stop for the workload.
Stop requested for workload. Now Joining!
2026-10-10 13:44:12:106 30 sec: 88974 operations; 2666.67 current ops/sec; est completion in 3 days 21 hours READ count: 2, average latency(us): 220.50 CLEANUP count: 1, average latency(us): 1324.00 UPDATE count: 4, average latency(us): 205.50 


/opt/hostedtoolcache/Java_Temurin-Hotspot_jdk/17.0.20-1/x64/bin/java  -classpath /home/runner/ycsb-mongodb-binding-0.17.0/conf:/home/runner/ycsb-mongodb-binding-0.17.0/lib/HdrHistogram-2.1.4.jar:/home/runner/ycsb-mongodb-binding-0.17.0/lib/core-0.17.0.jar:/home/runner/ycsb-mongodb-binding-0.17.0/lib/htrace-core4-4.1.0-incubating.jar:/home/runner/ycsb-mongodb-binding-0.17.0/lib/jackson-core-asl-1.9.4.jar:/home/runner/ycsb-mongodb-binding-0.17.0/lib/jackson-mapper-asl-1.9.4.jar:/home/runner/ycsb-mongodb-binding-0.17.0/lib/logback-classic-1.1.2.jar:/home/runner/ycsb-mongodb-binding-0.17.0/lib/logback-core-1.1.2.jar:/home/runner/ycsb-mongodb-binding-0.17.0/lib/mongo-java-driver-3.8.0.jar:/home/runner/ycsb-mongodb-binding-0.17.0/lib/mongodb-async-driver-2.0.1.jar:/home/runner/ycsb-mongodb-binding-0.17.0/lib/mongodb-binding-0.17.0.jar:/home/runner/ycsb-mongodb-binding-0.17.0/lib/slf4j-api-1.7.25.jar:/home/runner/ycsb-mongodb-binding-0.17.0/lib/snappy-java-1.1.7.1.jar site.ycsb.Client -t -db site.ycsb.db.MongoDbClient -s -P /home/runner/ycsb-mongodb-binding-0.17.0/workloads/workloada -p mongodb.url=mongodb://127.0.0.1:27017/ycsb?w=1 -p measurementtype=raw -p measurement.raw.output_file=/home/runner/work/The-Omni-Compass/The-Omni-Compass/out/ycsb-tuning/rep-2/native/notch-4.raw -p recordcount=500000 -p operationcount=1000000000 -p maxexecutiontime=30 -p target=3000 -p threads=32 -p insertstart=0 -p insertorder=ordered -p requestdistribution=uniform -p seed=100203
mongo client connection created with mongodb://127.0.0.1:27017/ycsb?w=1
Raw data measurement: will output to result file: /home/runner/work/The-Omni-Compass/The-Omni-Compass/out/ycsb-tuning/rep-2/native/notch-4.raw
Raw data measurement: will output to result file: /home/runner/work/The-Omni-Compass/The-Omni-Compass/out/ycsb-tuning/rep-2/native/notch-4.raw
Raw data measurement: will output to result file: /home/runner/work/The-Omni-Compass/The-Omni-Compass/out/ycsb-tuning/rep-2/native/notch-4.raw
[OVERALL], RunTime(ms), 30003
[OVERALL], Throughput(ops/sec), 2964.7035296470353
[TOTAL_GCS_G1_Young_Generation], Count, 14
[TOTAL_GC_TIME_G1_Young_Generation], Time(ms), 57
[TOTAL_GC_TIME_%_G1_Young_Generation], Time(%), 0.18998100189981001
[TOTAL_GCS_G1_Old_Generation], Count, 0
[TOTAL_GC_TIME_G1_Old_Generation], Time(ms), 0
[TOTAL_GC_TIME_%_G1_Old_Generation], Time(%), 0.0
[TOTAL_GCs], Count, 14
[TOTAL_GC_TIME], Time(ms), 57
[TOTAL_GC_TIME_%], Time(%), 0.18998100189981001
[READ], Total Operations, 44458
[READ], Below is a summary of latency in microseconds:, -1
[READ], Average, 194.16372756309326
[READ], Min, 135
[READ], Max, 45274
[READ], p1, 144
[READ], p5, 147
[READ], p50, 183
[READ], p90, 227
[READ], p95, 256
[READ], p99, 451
[READ], p99.9, 2236
[READ], p99.99, 5758
[READ], Return=OK, 44458
[CLEANUP], Total Operations, 1
[CLEANUP], Below is a summary of latency in microseconds:, -1
[CLEANUP], Average, 1248.0
[CLEANUP], Min, 1248
[CLEANUP], Max, 1248
[CLEANUP], p1, 1248
[CLEANUP], p5, 1248
[CLEANUP], p50, 1248
[CLEANUP], p90, 1248
[CLEANUP], p95, 1248
[CLEANUP], p99, 1248
[CLEANUP], p99.9, 1248
[CLEANUP], p99.99, 1248
[UPDATE], Total Operations, 44492
[UPDATE], Below is a summary of latency in microseconds:, -1
[UPDATE], Average, 217.2618897779376
[UPDATE], Min, 149
[UPDATE], Max, 51501
[UPDATE], p1, 168
[UPDATE], p5, 171
[UPDATE], p50, 205
[UPDATE], p90, 253
[UPDATE], p95, 285
[UPDATE], p99, 463
[UPDATE], p99.9, 2259
[UPDATE], p99.99, 5542
[UPDATE], Return=OK, 44492

Command line: -t -db site.ycsb.db.MongoDbClient -s -P /home/runner/ycsb-mongodb-binding-0.17.0/workloads/workloada -p mongodb.url=mongodb://127.0.0.1:27017/ycsb?w=1 -p measurementtype=raw -p measurement.raw.output_file=/home/runner/work/The-Omni-Compass/The-Omni-Compass/out/ycsb-tuning/rep-2/native/notch-4.raw -p recordcount=500000 -p operationcount=1000000000 -p maxexecutiontime=30 -p target=3000 -p threads=32 -p insertstart=0 -p insertorder=ordered -p requestdistribution=uniform -p seed=100203
YCSB Client 0.17.0

Loading workload...
Starting test.
Maximum execution time specified as: 30 secs
2026-10-10 13:44:12:836 0 sec: 0 operations; est completion in 0 second 
DBWrapper: report latency for each error is false and specific error codes to track for latency are: []
2026-10-10 13:44:22:794 10 sec: 28947 operations; 2894.7 current ops/sec; est completion in 3 days 23 hours READ count: 14600, average latency(us): 220.60 UPDATE count: 14352, average latency(us): 244.14 
2026-10-10 13:44:32:793 20 sec: 58946 operations; 2999.9 current ops/sec; est completion in 3 days 22 hours READ count: 14919, average latency(us): 182.69 UPDATE count: 15077, average latency(us): 205.27 
2026-10-10 13:44:42:793 30 sec: 88946 operations; 3000 current ops/sec; est completion in 3 days 21 hours READ count: 14939, average latency(us): 179.79 UPDATE count: 15060, average latency(us): 203.65 
Maximum time elapsed. Requesting stop for the workload.
Stop requested for workload. Now Joining!
2026-10-10 13:44:42:796 30 sec: 88950 operations; 1333.33 current ops/sec; est completion in 3 days 21 hours  CLEANUP count: 1, average latency(us): 1248.00 UPDATE count: 3, average latency(us): 261.67 


/opt/hostedtoolcache/Java_Temurin-Hotspot_jdk/17.0.20-1/x64/bin/java  -classpath /home/runner/ycsb-mongodb-binding-0.17.0/conf:/home/runner/ycsb-mongodb-binding-0.17.0/lib/HdrHistogram-2.1.4.jar:/home/runner/ycsb-mongodb-binding-0.17.0/lib/core-0.17.0.jar:/home/runner/ycsb-mongodb-binding-0.17.0/lib/htrace-core4-4.1.0-incubating.jar:/home/runner/ycsb-mongodb-binding-0.17.0/lib/jackson-core-asl-1.9.4.jar:/home/runner/ycsb-mongodb-binding-0.17.0/lib/jackson-mapper-asl-1.9.4.jar:/home/runner/ycsb-mongodb-binding-0.17.0/lib/logback-classic-1.1.2.jar:/home/runner/ycsb-mongodb-binding-0.17.0/lib/logback-core-1.1.2.jar:/home/runner/ycsb-mongodb-binding-0.17.0/lib/mongo-java-driver-3.8.0.jar:/home/runner/ycsb-mongodb-binding-0.17.0/lib/mongodb-async-driver-2.0.1.jar:/home/runner/ycsb-mongodb-binding-0.17.0/lib/mongodb-binding-0.17.0.jar:/home/runner/ycsb-mongodb-binding-0.17.0/lib/slf4j-api-1.7.25.jar:/home/runner/ycsb-mongodb-binding-0.17.0/lib/snappy-java-1.1.7.1.jar site.ycsb.Client -t -db site.ycsb.db.MongoDbClient -s -P /home/runner/ycsb-mongodb-binding-0.17.0/workloads/workloada -p mongodb.url=mongodb://127.0.0.1:27017/ycsb?w=1 -p measurementtype=raw -p measurement.raw.output_file=/home/runner/work/The-Omni-Compass/The-Omni-Compass/out/ycsb-tuning/rep-2/native/notch-5.raw -p recordcount=750000 -p operationcount=1000000000 -p maxexecutiontime=30 -p target=3000 -p threads=32 -p insertstart=0 -p insertorder=ordered -p requestdistribution=uniform -p seed=100204
mongo client connection created with mongodb://127.0.0.1:27017/ycsb?w=1
Raw data measurement: will output to result file: /home/runner/work/The-Omni-Compass/The-Omni-Compass/out/ycsb-tuning/rep-2/native/notch-5.raw
Raw data measurement: will output to result file: /home/runner/work/The-Omni-Compass/The-Omni-Compass/out/ycsb-tuning/rep-2/native/notch-5.raw
Raw data measurement: will output to result file: /home/runner/work/The-Omni-Compass/The-Omni-Compass/out/ycsb-tuning/rep-2/native/notch-5.raw
[OVERALL], RunTime(ms), 30002
[OVERALL], Throughput(ops/sec), 2963.1691220585294
[TOTAL_GCS_G1_Young_Generation], Count, 14
[TOTAL_GC_TIME_G1_Young_Generation], Time(ms), 56
[TOTAL_GC_TIME_%_G1_Young_Generation], Time(%), 0.18665422305179655
[TOTAL_GCS_G1_Old_Generation], Count, 0
[TOTAL_GC_TIME_G1_Old_Generation], Time(ms), 0
[TOTAL_GC_TIME_%_G1_Old_Generation], Time(%), 0.0
[TOTAL_GCs], Count, 14
[TOTAL_GC_TIME], Time(ms), 56
[TOTAL_GC_TIME_%], Time(%), 0.18665422305179655
[READ], Total Operations, 44614
[READ], Below is a summary of latency in microseconds:, -1
[READ], Average, 202.6030618191599
[READ], Min, 132
[READ], Max, 28007
[READ], p1, 147
[READ], p5, 151
[READ], p50, 189
[READ], p90, 234
[READ], p95, 264
[READ], p99, 471
[READ], p99.9, 2052
[READ], p99.99, 8755
[READ], Return=OK, 44614
[CLEANUP], Total Operations, 1
[CLEANUP], Below is a summary of latency in microseconds:, -1
[CLEANUP], Average, 1392.0
[CLEANUP], Min, 1392
[CLEANUP], Max, 1392
[CLEANUP], p1, 1392
[CLEANUP], p5, 1392
[CLEANUP], p50, 1392
[CLEANUP], p90, 1392
[CLEANUP], p95, 1392
[CLEANUP], p99, 1392
[CLEANUP], p99.9, 1392
[CLEANUP], p99.99, 1392
[UPDATE], Total Operations, 44287
[UPDATE], Below is a summary of latency in microseconds:, -1
[UPDATE], Average, 228.69530562015942
[UPDATE], Min, 157
[UPDATE], Max, 50812
[UPDATE], p1, 170
[UPDATE], p5, 174
[UPDATE], p50, 214
[UPDATE], p90, 262
[UPDATE], p95, 292
[UPDATE], p99, 489
[UPDATE], p99.9, 1824
[UPDATE], p99.99, 9008
[UPDATE], Return=OK, 44287

Command line: -t -db site.ycsb.db.MongoDbClient -s -P /home/runner/ycsb-mongodb-binding-0.17.0/workloads/workloada -p mongodb.url=mongodb://127.0.0.1:27017/ycsb?w=1 -p measurementtype=raw -p measurement.raw.output_file=/home/runner/work/The-Omni-Compass/The-Omni-Compass/out/ycsb-tuning/rep-2/native/notch-5.raw -p recordcount=750000 -p operationcount=1000000000 -p maxexecutiontime=30 -p target=3000 -p threads=32 -p insertstart=0 -p insertorder=ordered -p requestdistribution=uniform -p seed=100204
YCSB Client 0.17.0

Loading workload...
Starting test.
Maximum execution time specified as: 30 secs
2026-10-10 13:44:43:501 0 sec: 0 operations; est completion in 0 second 
DBWrapper: report latency for each error is false and specific error codes to track for latency are: []
2026-10-10 13:44:53:462 10 sec: 28900 operations; 2890 current ops/sec; est completion in 4 days READ count: 14421, average latency(us): 224.93 UPDATE count: 14481, average latency(us): 252.02 
2026-10-10 13:45:03:462 20 sec: 58899 operations; 2999.9 current ops/sec; est completion in 3 days 22 hours READ count: 15064, average latency(us): 194.80 UPDATE count: 14936, average latency(us): 222.18 
Maximum time elapsed. Requesting stop for the workload.
Stop requested for workload. Now Joining!
2026-10-10 13:45:13:462 30 sec: 88899 operations; 3000 current ops/sec; est completion in 3 days 21 hours READ count: 15128, average latency(us): 189.09 UPDATE count: 14870, average latency(us): 212.52 
2026-10-10 13:45:13:465 30 sec: 88901 operations; 1000 current ops/sec; est completion in 3 days 21 hours READ count: 1, average latency(us): 213.00 CLEANUP count: 1, average latency(us): 1392.00  


/opt/hostedtoolcache/Java_Temurin-Hotspot_jdk/17.0.20-1/x64/bin/java  -classpath /home/runner/ycsb-mongodb-binding-0.17.0/conf:/home/runner/ycsb-mongodb-binding-0.17.0/lib/HdrHistogram-2.1.4.jar:/home/runner/ycsb-mongodb-binding-0.17.0/lib/core-0.17.0.jar:/home/runner/ycsb-mongodb-binding-0.17.0/lib/htrace-core4-4.1.0-incubating.jar:/home/runner/ycsb-mongodb-binding-0.17.0/lib/jackson-core-asl-1.9.4.jar:/home/runner/ycsb-mongodb-binding-0.17.0/lib/jackson-mapper-asl-1.9.4.jar:/home/runner/ycsb-mongodb-binding-0.17.0/lib/logback-classic-1.1.2.jar:/home/runner/ycsb-mongodb-binding-0.17.0/lib/logback-core-1.1.2.jar:/home/runner/ycsb-mongodb-binding-0.17.0/lib/mongo-java-driver-3.8.0.jar:/home/runner/ycsb-mongodb-binding-0.17.0/lib/mongodb-async-driver-2.0.1.jar:/home/runner/ycsb-mongodb-binding-0.17.0/lib/mongodb-binding-0.17.0.jar:/home/runner/ycsb-mongodb-binding-0.17.0/lib/slf4j-api-1.7.25.jar:/home/runner/ycsb-mongodb-binding-0.17.0/lib/snappy-java-1.1.7.1.jar site.ycsb.Client -t -db site.ycsb.db.MongoDbClient -s -P /home/runner/ycsb-mongodb-binding-0.17.0/workloads/workloada -p mongodb.url=mongodb://127.0.0.1:27017/ycsb?w=1 -p measurementtype=raw -p measurement.raw.output_file=/home/runner/work/The-Omni-Compass/The-Omni-Compass/out/ycsb-tuning/rep-2/native/notch-6.raw -p recordcount=1000000 -p operationcount=1000000000 -p maxexecutiontime=30 -p target=3000 -p threads=32 -p insertstart=0 -p insertorder=ordered -p requestdistribution=uniform -p seed=100205
mongo client connection created with mongodb://127.0.0.1:27017/ycsb?w=1
Raw data measurement: will output to result file: /home/runner/work/The-Omni-Compass/The-Omni-Compass/out/ycsb-tuning/rep-2/native/notch-6.raw
Raw data measurement: will output to result file: /home/runner/work/The-Omni-Compass/The-Omni-Compass/out/ycsb-tuning/rep-2/native/notch-6.raw
Raw data measurement: will output to result file: /home/runner/work/The-Omni-Compass/The-Omni-Compass/out/ycsb-tuning/rep-2/native/notch-6.raw
[OVERALL], RunTime(ms), 30003
[OVERALL], Throughput(ops/sec), 2930.473619304736
[TOTAL_GCS_G1_Young_Generation], Count, 14
[TOTAL_GC_TIME_G1_Young_Generation], Time(ms), 61
[TOTAL_GC_TIME_%_G1_Young_Generation], Time(%), 0.20331300203313002
[TOTAL_GCS_G1_Old_Generation], Count, 0
[TOTAL_GC_TIME_G1_Old_Generation], Time(ms), 0
[TOTAL_GC_TIME_%_G1_Old_Generation], Time(%), 0.0
[TOTAL_GCs], Count, 14
[TOTAL_GC_TIME], Time(ms), 61
[TOTAL_GC_TIME_%], Time(%), 0.20331300203313002
[READ], Total Operations, 44228
[READ], Below is a summary of latency in microseconds:, -1
[READ], Average, 243.27830785927466
[READ], Min, 129
[READ], Max, 63120
[READ], p1, 147
[READ], p5, 152
[READ], p50, 192
[READ], p90, 303
[READ], p95, 430
[READ], p99, 575
[READ], p99.9, 2955
[READ], p99.99, 46304
[READ], Return=OK, 44228
[CLEANUP], Total Operations, 1
[CLEANUP], Below is a summary of latency in microseconds:, -1
[CLEANUP], Average, 1282.0
[CLEANUP], Min, 1282
[CLEANUP], Max, 1282
[CLEANUP], p1, 1282
[CLEANUP], p5, 1282
[CLEANUP], p50, 1282
[CLEANUP], p90, 1282
[CLEANUP], p95, 1282
[CLEANUP], p99, 1282
[CLEANUP], p99.9, 1282
[CLEANUP], p99.99, 1282
[UPDATE], Total Operations, 43695
[UPDATE], Below is a summary of latency in microseconds:, -1
[UPDATE], Average, 263.84311706144865
[UPDATE], Min, 152
[UPDATE], Max, 59456
[UPDATE], p1, 170
[UPDATE], p5, 174
[UPDATE], p50, 213
[UPDATE], p90, 329
[UPDATE], p95, 455
[UPDATE], p99, 605
[UPDATE], p99.9, 2672
[UPDATE], p99.99, 44213
[UPDATE], Return=OK, 43695

Command line: -t -db site.ycsb.db.MongoDbClient -s -P /home/runner/ycsb-mongodb-binding-0.17.0/workloads/workloada -p mongodb.url=mongodb://127.0.0.1:27017/ycsb?w=1 -p measurementtype=raw -p measurement.raw.output_file=/home/runner/work/The-Omni-Compass/The-Omni-Compass/out/ycsb-tuning/rep-2/native/notch-6.raw -p recordcount=1000000 -p operationcount=1000000000 -p maxexecutiontime=30 -p target=3000 -p threads=32 -p insertstart=0 -p insertorder=ordered -p requestdistribution=uniform -p seed=100205
YCSB Client 0.17.0

Loading workload...
Starting test.
Maximum execution time specified as: 30 secs
2026-10-10 13:45:14:207 0 sec: 0 operations; est completion in 0 second 
DBWrapper: report latency for each error is false and specific error codes to track for latency are: []
2026-10-10 13:45:24:155 10 sec: 28885 operations; 2888.5 current ops/sec; est completion in 4 days READ count: 14475, average latency(us): 260.27 UPDATE count: 14413, average latency(us): 281.69 
2026-10-10 13:45:34:155 20 sec: 58885 operations; 3000 current ops/sec; est completion in 3 days 22 hours READ count: 15117, average latency(us): 240.71 UPDATE count: 14882, average latency(us): 271.19 
2026-10-10 13:45:44:155 30 sec: 87918 operations; 2903.3 current ops/sec; est completion in 3 days 22 hours READ count: 14635, average latency(us): 229.11 UPDATE count: 14398, average latency(us): 238.38 
Maximum time elapsed. Requesting stop for the workload.
Stop requested for workload. Now Joining!
2026-10-10 13:45:44:158 30 sec: 87923 operations; 1666.67 current ops/sec; est completion in 3 days 22 hours READ count: 1, average latency(us): 506.00 CLEANUP count: 1, average latency(us): 1282.00 UPDATE count: 2, average latency(us): 264.50 


/opt/hostedtoolcache/Java_Temurin-Hotspot_jdk/17.0.20-1/x64/bin/java  -classpath /home/runner/ycsb-mongodb-binding-0.17.0/conf:/home/runner/ycsb-mongodb-binding-0.17.0/lib/HdrHistogram-2.1.4.jar:/home/runner/ycsb-mongodb-binding-0.17.0/lib/core-0.17.0.jar:/home/runner/ycsb-mongodb-binding-0.17.0/lib/htrace-core4-4.1.0-incubating.jar:/home/runner/ycsb-mongodb-binding-0.17.0/lib/jackson-core-asl-1.9.4.jar:/home/runner/ycsb-mongodb-binding-0.17.0/lib/jackson-mapper-asl-1.9.4.jar:/home/runner/ycsb-mongodb-binding-0.17.0/lib/logback-classic-1.1.2.jar:/home/runner/ycsb-mongodb-binding-0.17.0/lib/logback-core-1.1.2.jar:/home/runner/ycsb-mongodb-binding-0.17.0/lib/mongo-java-driver-3.8.0.jar:/home/runner/ycsb-mongodb-binding-0.17.0/lib/mongodb-async-driver-2.0.1.jar:/home/runner/ycsb-mongodb-binding-0.17.0/lib/mongodb-binding-0.17.0.jar:/home/runner/ycsb-mongodb-binding-0.17.0/lib/slf4j-api-1.7.25.jar:/home/runner/ycsb-mongodb-binding-0.17.0/lib/snappy-java-1.1.7.1.jar site.ycsb.Client -t -db site.ycsb.db.MongoDbClient -s -P /home/runner/ycsb-mongodb-binding-0.17.0/workloads/workloada -p mongodb.url=mongodb://127.0.0.1:27017/ycsb?w=1 -p measurementtype=raw -p measurement.raw.output_file=/home/runner/work/The-Omni-Compass/The-Omni-Compass/out/ycsb-tuning/rep-2/native/notch-7.raw -p recordcount=1250000 -p operationcount=1000000000 -p maxexecutiontime=30 -p target=3000 -p threads=32 -p insertstart=0 -p insertorder=ordered -p requestdistribution=uniform -p seed=100206
mongo client connection created with mongodb://127.0.0.1:27017/ycsb?w=1
Raw data measurement: will output to result file: /home/runner/work/The-Omni-Compass/The-Omni-Compass/out/ycsb-tuning/rep-2/native/notch-7.raw
Raw data measurement: will output to result file: /home/runner/work/The-Omni-Compass/The-Omni-Compass/out/ycsb-tuning/rep-2/native/notch-7.raw
Raw data measurement: will output to result file: /home/runner/work/The-Omni-Compass/The-Omni-Compass/out/ycsb-tuning/rep-2/native/notch-7.raw
[OVERALL], RunTime(ms), 30006
[OVERALL], Throughput(ops/sec), 2962.974071852296
[TOTAL_GCS_G1_Young_Generation], Count, 14
[TOTAL_GC_TIME_G1_Young_Generation], Time(ms), 59
[TOTAL_GC_TIME_%_G1_Young_Generation], Time(%), 0.19662734119842698
[TOTAL_GCS_G1_Old_Generation], Count, 0
[TOTAL_GC_TIME_G1_Old_Generation], Time(ms), 0
[TOTAL_GC_TIME_%_G1_Old_Generation], Time(%), 0.0
[TOTAL_GCs], Count, 14
[TOTAL_GC_TIME], Time(ms), 59
[TOTAL_GC_TIME_%], Time(%), 0.19662734119842698
[READ], Total Operations, 44504
[READ], Below is a summary of latency in microseconds:, -1
[READ], Average, 231.96838486428186
[READ], Min, 132
[READ], Max, 56033
[READ], p1, 147
[READ], p5, 153
[READ], p50, 195
[READ], p90, 290
[READ], p95, 424
[READ], p99, 577
[READ], p99.9, 2545
[READ], p99.99, 38201
[READ], Return=OK, 44504
[CLEANUP], Total Operations, 1
[CLEANUP], Below is a summary of latency in microseconds:, -1
[CLEANUP], Average, 1798.0
[CLEANUP], Min, 1798
[CLEANUP], Max, 1798
[CLEANUP], p1, 1798
[CLEANUP], p5, 1798
[CLEANUP], p50, 1798
[CLEANUP], p90, 1798
[CLEANUP], p95, 1798
[CLEANUP], p99, 1798
[CLEANUP], p99.9, 1798
[CLEANUP], p99.99, 1798
[UPDATE], Total Operations, 44403
[UPDATE], Below is a summary of latency in microseconds:, -1
[UPDATE], Average, 252.9551381663401
[UPDATE], Min, 153
[UPDATE], Max, 51767
[UPDATE], p1, 171
[UPDATE], p5, 176
[UPDATE], p50, 220
[UPDATE], p90, 310
[UPDATE], p95, 447
[UPDATE], p99, 584
[UPDATE], p99.9, 2280
[UPDATE], p99.99, 36314
[UPDATE], Return=OK, 44403

Command line: -t -db site.ycsb.db.MongoDbClient -s -P /home/runner/ycsb-mongodb-binding-0.17.0/workloads/workloada -p mongodb.url=mongodb://127.0.0.1:27017/ycsb?w=1 -p measurementtype=raw -p measurement.raw.output_file=/home/runner/work/The-Omni-Compass/The-Omni-Compass/out/ycsb-tuning/rep-2/native/notch-7.raw -p recordcount=1250000 -p operationcount=1000000000 -p maxexecutiontime=30 -p target=3000 -p threads=32 -p insertstart=0 -p insertorder=ordered -p requestdistribution=uniform -p seed=100206
YCSB Client 0.17.0

Loading workload...
Starting test.
Maximum execution time specified as: 30 secs
2026-10-10 13:45:44:872 0 sec: 0 operations; est completion in 0 second 
DBWrapper: report latency for each error is false and specific error codes to track for latency are: []
2026-10-10 13:45:54:827 10 sec: 28916 operations; 2891.6 current ops/sec; est completion in 4 days READ count: 14429, average latency(us): 257.03 UPDATE count: 14489, average latency(us): 284.92 
2026-10-10 13:46:04:827 20 sec: 58911 operations; 2999.5 current ops/sec; est completion in 3 days 22 hours READ count: 15026, average latency(us): 239.05 UPDATE count: 14969, average latency(us): 251.12 
Maximum time elapsed. Requesting stop for the workload.
Stop requested for workload. Now Joining!
2026-10-10 13:46:14:827 30 sec: 88904 operations; 2999.3 current ops/sec; est completion in 3 days 21 hours READ count: 15048, average latency(us): 200.71 UPDATE count: 14945, average latency(us): 223.81 
2026-10-10 13:46:14:833 30 sec: 88907 operations; 500 current ops/sec; est completion in 3 days 21 hours READ count: 1, average latency(us): 2545.00 CLEANUP count: 1, average latency(us): 1798.00  


/opt/hostedtoolcache/Java_Temurin-Hotspot_jdk/17.0.20-1/x64/bin/java  -classpath /home/runner/ycsb-mongodb-binding-0.17.0/conf:/home/runner/ycsb-mongodb-binding-0.17.0/lib/HdrHistogram-2.1.4.jar:/home/runner/ycsb-mongodb-binding-0.17.0/lib/core-0.17.0.jar:/home/runner/ycsb-mongodb-binding-0.17.0/lib/htrace-core4-4.1.0-incubating.jar:/home/runner/ycsb-mongodb-binding-0.17.0/lib/jackson-core-asl-1.9.4.jar:/home/runner/ycsb-mongodb-binding-0.17.0/lib/jackson-mapper-asl-1.9.4.jar:/home/runner/ycsb-mongodb-binding-0.17.0/lib/logback-classic-1.1.2.jar:/home/runner/ycsb-mongodb-binding-0.17.0/lib/logback-core-1.1.2.jar:/home/runner/ycsb-mongodb-binding-0.17.0/lib/mongo-java-driver-3.8.0.jar:/home/runner/ycsb-mongodb-binding-0.17.0/lib/mongodb-async-driver-2.0.1.jar:/home/runner/ycsb-mongodb-binding-0.17.0/lib/mongodb-binding-0.17.0.jar:/home/runner/ycsb-mongodb-binding-0.17.0/lib/slf4j-api-1.7.25.jar:/home/runner/ycsb-mongodb-binding-0.17.0/lib/snappy-java-1.1.7.1.jar site.ycsb.Client -t -db site.ycsb.db.MongoDbClient -s -P /home/runner/ycsb-mongodb-binding-0.17.0/workloads/workloada -p mongodb.url=mongodb://127.0.0.1:27017/ycsb?w=1 -p measurementtype=raw -p measurement.raw.output_file=/home/runner/work/The-Omni-Compass/The-Omni-Compass/out/ycsb-tuning/rep-2/native/notch-8.raw -p recordcount=1500000 -p operationcount=1000000000 -p maxexecutiontime=30 -p target=3000 -p threads=32 -p insertstart=0 -p insertorder=ordered -p requestdistribution=uniform -p seed=100207
mongo client connection created with mongodb://127.0.0.1:27017/ycsb?w=1
Raw data measurement: will output to result file: /home/runner/work/The-Omni-Compass/The-Omni-Compass/out/ycsb-tuning/rep-2/native/notch-8.raw
Raw data measurement: will output to result file: /home/runner/work/The-Omni-Compass/The-Omni-Compass/out/ycsb-tuning/rep-2/native/notch-8.raw
Raw data measurement: will output to result file: /home/runner/work/The-Omni-Compass/The-Omni-Compass/out/ycsb-tuning/rep-2/native/notch-8.raw
[OVERALL], RunTime(ms), 30002
[OVERALL], Throughput(ops/sec), 2964.5356976201588
[TOTAL_GCS_G1_Young_Generation], Count, 14
[TOTAL_GC_TIME_G1_Young_Generation], Time(ms), 69
[TOTAL_GC_TIME_%_G1_Young_Generation], Time(%), 0.22998466768882073
[TOTAL_GCS_G1_Old_Generation], Count, 0
[TOTAL_GC_TIME_G1_Old_Generation], Time(ms), 0
[TOTAL_GC_TIME_%_G1_Old_Generation], Time(%), 0.0
[TOTAL_GCs], Count, 14
[TOTAL_GC_TIME], Time(ms), 69
[TOTAL_GC_TIME_%], Time(%), 0.22998466768882073
[READ], Total Operations, 44264
[READ], Below is a summary of latency in microseconds:, -1
[READ], Average, 234.31928881257906
[READ], Min, 125
[READ], Max, 57759
[READ], p1, 146
[READ], p5, 152
[READ], p50, 190
[READ], p90, 272
[READ], p95, 411
[READ], p99, 549
[READ], p99.9, 2639
[READ], p99.99, 45208
[READ], Return=OK, 44264
[CLEANUP], Total Operations, 1
[CLEANUP], Below is a summary of latency in microseconds:, -1
[CLEANUP], Average, 1241.0
[CLEANUP], Min, 1241
[CLEANUP], Max, 1241
[CLEANUP], p1, 1241
[CLEANUP], p5, 1241
[CLEANUP], p50, 1241
[CLEANUP], p90, 1241
[CLEANUP], p95, 1241
[CLEANUP], p99, 1241
[CLEANUP], p99.9, 1241
[CLEANUP], p99.99, 1241
[UPDATE], Total Operations, 44678
[UPDATE], Below is a summary of latency in microseconds:, -1
[UPDATE], Average, 273.77892922691257
[UPDATE], Min, 151
[UPDATE], Max, 58659
[UPDATE], p1, 170
[UPDATE], p5, 175
[UPDATE], p50, 217
[UPDATE], p90, 303
[UPDATE], p95, 436
[UPDATE], p99, 589
[UPDATE], p99.9, 4471
[UPDATE], p99.99, 50213
[UPDATE], Return=OK, 44678

Command line: -t -db site.ycsb.db.MongoDbClient -s -P /home/runner/ycsb-mongodb-binding-0.17.0/workloads/workloada -p mongodb.url=mongodb://127.0.0.1:27017/ycsb?w=1 -p measurementtype=raw -p measurement.raw.output_file=/home/runner/work/The-Omni-Compass/The-Omni-Compass/out/ycsb-tuning/rep-2/native/notch-8.raw -p recordcount=1500000 -p operationcount=1000000000 -p maxexecutiontime=30 -p target=3000 -p threads=32 -p insertstart=0 -p insertorder=ordered -p requestdistribution=uniform -p seed=100207
YCSB Client 0.17.0

Loading workload...
Starting test.
Maximum execution time specified as: 30 secs
2026-10-10 13:46:15:560 0 sec: 0 operations; est completion in 0 second 
DBWrapper: report latency for each error is false and specific error codes to track for latency are: []
2026-10-10 13:46:25:522 10 sec: 28940 operations; 2894 current ops/sec; est completion in 3 days 23 hours READ count: 14318, average latency(us): 250.09 UPDATE count: 14624, average latency(us): 279.62 
2026-10-10 13:46:35:522 20 sec: 57062 operations; 2812.2 current ops/sec; est completion in 4 days 1 hour READ count: 13991, average latency(us): 245.71 UPDATE count: 14130, average latency(us): 301.88 
Maximum time elapsed. Requesting stop for the workload.
Stop requested for workload. Now Joining!
2026-10-10 13:46:45:522 30 sec: 88940 operations; 3187.8 current ops/sec; est completion in 3 days 21 hours READ count: 15955, average latency(us): 210.17 UPDATE count: 15923, average latency(us): 243.47 
2026-10-10 13:46:45:524 30 sec: 88942 operations; 1000 current ops/sec; est completion in 3 days 21 hours  CLEANUP count: 1, average latency(us): 1241.00 UPDATE count: 1, average latency(us): 326.00 


/opt/hostedtoolcache/Java_Temurin-Hotspot_jdk/17.0.20-1/x64/bin/java  -classpath /home/runner/ycsb-mongodb-binding-0.17.0/conf:/home/runner/ycsb-mongodb-binding-0.17.0/lib/HdrHistogram-2.1.4.jar:/home/runner/ycsb-mongodb-binding-0.17.0/lib/core-0.17.0.jar:/home/runner/ycsb-mongodb-binding-0.17.0/lib/htrace-core4-4.1.0-incubating.jar:/home/runner/ycsb-mongodb-binding-0.17.0/lib/jackson-core-asl-1.9.4.jar:/home/runner/ycsb-mongodb-binding-0.17.0/lib/jackson-mapper-asl-1.9.4.jar:/home/runner/ycsb-mongodb-binding-0.17.0/lib/logback-classic-1.1.2.jar:/home/runner/ycsb-mongodb-binding-0.17.0/lib/logback-core-1.1.2.jar:/home/runner/ycsb-mongodb-binding-0.17.0/lib/mongo-java-driver-3.8.0.jar:/home/runner/ycsb-mongodb-binding-0.17.0/lib/mongodb-async-driver-2.0.1.jar:/home/runner/ycsb-mongodb-binding-0.17.0/lib/mongodb-binding-0.17.0.jar:/home/runner/ycsb-mongodb-binding-0.17.0/lib/slf4j-api-1.7.25.jar:/home/runner/ycsb-mongodb-binding-0.17.0/lib/snappy-java-1.1.7.1.jar site.ycsb.Client -t -db site.ycsb.db.MongoDbClient -s -P /home/runner/ycsb-mongodb-binding-0.17.0/workloads/workloada -p mongodb.url=mongodb://127.0.0.1:27017/ycsb?w=1 -p measurementtype=raw -p measurement.raw.output_file=/home/runner/work/The-Omni-Compass/The-Omni-Compass/out/ycsb-tuning/rep-2/native/notch-9.raw -p recordcount=1250000 -p operationcount=1000000000 -p maxexecutiontime=30 -p target=3000 -p threads=32 -p insertstart=0 -p insertorder=ordered -p requestdistribution=uniform -p seed=100208
mongo client connection created with mongodb://127.0.0.1:27017/ycsb?w=1
Raw data measurement: will output to result file: /home/runner/work/The-Omni-Compass/The-Omni-Compass/out/ycsb-tuning/rep-2/native/notch-9.raw
Raw data measurement: will output to result file: /home/runner/work/The-Omni-Compass/The-Omni-Compass/out/ycsb-tuning/rep-2/native/notch-9.raw
Raw data measurement: will output to result file: /home/runner/work/The-Omni-Compass/The-Omni-Compass/out/ycsb-tuning/rep-2/native/notch-9.raw
[OVERALL], RunTime(ms), 30003
[OVERALL], Throughput(ops/sec), 2963.570309635703
[TOTAL_GCS_G1_Young_Generation], Count, 14
[TOTAL_GC_TIME_G1_Young_Generation], Time(ms), 58
[TOTAL_GC_TIME_%_G1_Young_Generation], Time(%), 0.19331400193314002
[TOTAL_GCS_G1_Old_Generation], Count, 0
[TOTAL_GC_TIME_G1_Old_Generation], Time(ms), 0
[TOTAL_GC_TIME_%_G1_Old_Generation], Time(%), 0.0
[TOTAL_GCs], Count, 14
[TOTAL_GC_TIME], Time(ms), 58
[TOTAL_GC_TIME_%], Time(%), 0.19331400193314002
[READ], Total Operations, 44235
[READ], Below is a summary of latency in microseconds:, -1
[READ], Average, 204.72591839041482
[READ], Min, 132
[READ], Max, 52620
[READ], p1, 148
[READ], p5, 153
[READ], p50, 190
[READ], p90, 236
[READ], p95, 262
[READ], p99, 468
[READ], p99.9, 1857
[READ], p99.99, 6320
[READ], Return=OK, 44235
[CLEANUP], Total Operations, 1
[CLEANUP], Below is a summary of latency in microseconds:, -1
[CLEANUP], Average, 1120.0
[CLEANUP], Min, 1120
[CLEANUP], Max, 1120
[CLEANUP], p1, 1120
[CLEANUP], p5, 1120
[CLEANUP], p50, 1120
[CLEANUP], p90, 1120
[CLEANUP], p95, 1120
[CLEANUP], p99, 1120
[CLEANUP], p99.9, 1120
[CLEANUP], p99.99, 1120
[UPDATE], Total Operations, 44681
[UPDATE], Below is a summary of latency in microseconds:, -1
[UPDATE], Average, 227.270719097603
[UPDATE], Min, 160
[UPDATE], Max, 8476
[UPDATE], p1, 171
[UPDATE], p5, 176
[UPDATE], p50, 216
[UPDATE], p90, 261
[UPDATE], p95, 290
[UPDATE], p99, 488
[UPDATE], p99.9, 1823
[UPDATE], p99.99, 4210
[UPDATE], Return=OK, 44681

Command line: -t -db site.ycsb.db.MongoDbClient -s -P /home/runner/ycsb-mongodb-binding-0.17.0/workloads/workloada -p mongodb.url=mongodb://127.0.0.1:27017/ycsb?w=1 -p measurementtype=raw -p measurement.raw.output_file=/home/runner/work/The-Omni-Compass/The-Omni-Compass/out/ycsb-tuning/rep-2/native/notch-9.raw -p recordcount=1250000 -p operationcount=1000000000 -p maxexecutiontime=30 -p target=3000 -p threads=32 -p insertstart=0 -p insertorder=ordered -p requestdistribution=uniform -p seed=100208
YCSB Client 0.17.0

Loading workload...
Starting test.
Maximum execution time specified as: 30 secs
2026-10-10 13:46:46:281 0 sec: 0 operations; est completion in 0 second 
DBWrapper: report latency for each error is false and specific error codes to track for latency are: []
2026-10-10 13:46:56:235 10 sec: 28914 operations; 2891.11 current ops/sec; est completion in 4 days READ count: 14334, average latency(us): 230.11 UPDATE count: 14583, average latency(us): 249.53 
2026-10-10 13:47:06:235 20 sec: 58914 operations; 3000 current ops/sec; est completion in 3 days 22 hours READ count: 14887, average latency(us): 193.88 UPDATE count: 15111, average latency(us): 217.57 
Maximum time elapsed. Requesting stop for the workload.
Stop requested for workload. Now Joining!
2026-10-10 13:47:16:235 30 sec: 88914 operations; 3000 current ops/sec; est completion in 3 days 21 hours READ count: 15013, average latency(us): 191.22 UPDATE count: 14987, average latency(us): 215.39 
2026-10-10 13:47:16:237 30 sec: 88916 operations; 1000 current ops/sec; est completion in 3 days 21 hours READ count: 1, average latency(us): 486.00 CLEANUP count: 1, average latency(us): 1120.00  


/opt/hostedtoolcache/Java_Temurin-Hotspot_jdk/17.0.20-1/x64/bin/java  -classpath /home/runner/ycsb-mongodb-binding-0.17.0/conf:/home/runner/ycsb-mongodb-binding-0.17.0/lib/HdrHistogram-2.1.4.jar:/home/runner/ycsb-mongodb-binding-0.17.0/lib/core-0.17.0.jar:/home/runner/ycsb-mongodb-binding-0.17.0/lib/htrace-core4-4.1.0-incubating.jar:/home/runner/ycsb-mongodb-binding-0.17.0/lib/jackson-core-asl-1.9.4.jar:/home/runner/ycsb-mongodb-binding-0.17.0/lib/jackson-mapper-asl-1.9.4.jar:/home/runner/ycsb-mongodb-binding-0.17.0/lib/logback-classic-1.1.2.jar:/home/runner/ycsb-mongodb-binding-0.17.0/lib/logback-core-1.1.2.jar:/home/runner/ycsb-mongodb-binding-0.17.0/lib/mongo-java-driver-3.8.0.jar:/home/runner/ycsb-mongodb-binding-0.17.0/lib/mongodb-async-driver-2.0.1.jar:/home/runner/ycsb-mongodb-binding-0.17.0/lib/mongodb-binding-0.17.0.jar:/home/runner/ycsb-mongodb-binding-0.17.0/lib/slf4j-api-1.7.25.jar:/home/runner/ycsb-mongodb-binding-0.17.0/lib/snappy-java-1.1.7.1.jar site.ycsb.Client -t -db site.ycsb.db.MongoDbClient -s -P /home/runner/ycsb-mongodb-binding-0.17.0/workloads/workloada -p mongodb.url=mongodb://127.0.0.1:27017/ycsb?w=1 -p measurementtype=raw -p measurement.raw.output_file=/home/runner/work/The-Omni-Compass/The-Omni-Compass/out/ycsb-tuning/rep-2/native/notch-10.raw -p recordcount=1000000 -p operationcount=1000000000 -p maxexecutiontime=30 -p target=3000 -p threads=32 -p insertstart=0 -p insertorder=ordered -p requestdistribution=uniform -p seed=100209
mongo client connection created with mongodb://127.0.0.1:27017/ycsb?w=1
Raw data measurement: will output to result file: /home/runner/work/The-Omni-Compass/The-Omni-Compass/out/ycsb-tuning/rep-2/native/notch-10.raw
Raw data measurement: will output to result file: /home/runner/work/The-Omni-Compass/The-Omni-Compass/out/ycsb-tuning/rep-2/native/notch-10.raw
Raw data measurement: will output to result file: /home/runner/work/The-Omni-Compass/The-Omni-Compass/out/ycsb-tuning/rep-2/native/notch-10.raw
[OVERALL], RunTime(ms), 30004
[OVERALL], Throughput(ops/sec), 2965.704572723637
[TOTAL_GCS_G1_Young_Generation], Count, 14
[TOTAL_GC_TIME_G1_Young_Generation], Time(ms), 61
[TOTAL_GC_TIME_%_G1_Young_Generation], Time(%), 0.2033062258365551
[TOTAL_GCS_G1_Old_Generation], Count, 0
[TOTAL_GC_TIME_G1_Old_Generation], Time(ms), 0
[TOTAL_GC_TIME_%_G1_Old_Generation], Time(%), 0.0
[TOTAL_GCs], Count, 14
[TOTAL_GC_TIME], Time(ms), 61
[TOTAL_GC_TIME_%], Time(%), 0.2033062258365551
[READ], Total Operations, 44397
[READ], Below is a summary of latency in microseconds:, -1
[READ], Average, 202.59645922021758
[READ], Min, 135
[READ], Max, 50507
[READ], p1, 147
[READ], p5, 152
[READ], p50, 191
[READ], p90, 231
[READ], p95, 255
[READ], p99, 436
[READ], p99.9, 1758
[READ], p99.99, 5173
[READ], Return=OK, 44397
[CLEANUP], Total Operations, 1
[CLEANUP], Below is a summary of latency in microseconds:, -1
[CLEANUP], Average, 1170.0
[CLEANUP], Min, 1170
[CLEANUP], Max, 1170
[CLEANUP], p1, 1170
[CLEANUP], p5, 1170
[CLEANUP], p50, 1170
[CLEANUP], p90, 1170
[CLEANUP], p95, 1170
[CLEANUP], p99, 1170
[CLEANUP], p99.9, 1170
[CLEANUP], p99.99, 1170
[UPDATE], Total Operations, 44586
[UPDATE], Below is a summary of latency in microseconds:, -1
[UPDATE], Average, 225.95617458395012
[UPDATE], Min, 159
[UPDATE], Max, 9134
[UPDATE], p1, 171
[UPDATE], p5, 175
[UPDATE], p50, 217
[UPDATE], p90, 257
[UPDATE], p95, 282
[UPDATE], p99, 457
[UPDATE], p99.9, 1704
[UPDATE], p99.99, 4899
[UPDATE], Return=OK, 44586

Command line: -t -db site.ycsb.db.MongoDbClient -s -P /home/runner/ycsb-mongodb-binding-0.17.0/workloads/workloada -p mongodb.url=mongodb://127.0.0.1:27017/ycsb?w=1 -p measurementtype=raw -p measurement.raw.output_file=/home/runner/work/The-Omni-Compass/The-Omni-Compass/out/ycsb-tuning/rep-2/native/notch-10.raw -p recordcount=1000000 -p operationcount=1000000000 -p maxexecutiontime=30 -p target=3000 -p threads=32 -p insertstart=0 -p insertorder=ordered -p requestdistribution=uniform -p seed=100209
YCSB Client 0.17.0

Loading workload...
Starting test.
Maximum execution time specified as: 30 secs
2026-10-10 13:47:16:964 0 sec: 0 operations; est completion in 0 second 
DBWrapper: report latency for each error is false and specific error codes to track for latency are: []
2026-10-10 13:47:26:921 10 sec: 28977 operations; 2897.7 current ops/sec; est completion in 3 days 23 hours READ count: 14431, average latency(us): 224.99 UPDATE count: 14549, average latency(us): 244.38 
2026-10-10 13:47:36:921 20 sec: 58977 operations; 3000 current ops/sec; est completion in 3 days 22 hours READ count: 15018, average latency(us): 190.96 UPDATE count: 14981, average latency(us): 215.42 
2026-10-10 13:47:46:921 30 sec: 88977 operations; 3000 current ops/sec; est completion in 3 days 21 hours READ count: 14946, average latency(us): 192.66 UPDATE count: 15053, average latency(us): 218.62 
Maximum time elapsed. Requesting stop for the workload.
Stop requested for workload. Now Joining!
2026-10-10 13:47:46:924 30 sec: 88983 operations; 1500 current ops/sec; est completion in 3 days 21 hours READ count: 2, average latency(us): 206.50 CLEANUP count: 1, average latency(us): 1170.00 UPDATE count: 3, average latency(us): 263.33 


/opt/hostedtoolcache/Java_Temurin-Hotspot_jdk/17.0.20-1/x64/bin/java  -classpath /home/runner/ycsb-mongodb-binding-0.17.0/conf:/home/runner/ycsb-mongodb-binding-0.17.0/lib/HdrHistogram-2.1.4.jar:/home/runner/ycsb-mongodb-binding-0.17.0/lib/core-0.17.0.jar:/home/runner/ycsb-mongodb-binding-0.17.0/lib/htrace-core4-4.1.0-incubating.jar:/home/runner/ycsb-mongodb-binding-0.17.0/lib/jackson-core-asl-1.9.4.jar:/home/runner/ycsb-mongodb-binding-0.17.0/lib/jackson-mapper-asl-1.9.4.jar:/home/runner/ycsb-mongodb-binding-0.17.0/lib/logback-classic-1.1.2.jar:/home/runner/ycsb-mongodb-binding-0.17.0/lib/logback-core-1.1.2.jar:/home/runner/ycsb-mongodb-binding-0.17.0/lib/mongo-java-driver-3.8.0.jar:/home/runner/ycsb-mongodb-binding-0.17.0/lib/mongodb-async-driver-2.0.1.jar:/home/runner/ycsb-mongodb-binding-0.17.0/lib/mongodb-binding-0.17.0.jar:/home/runner/ycsb-mongodb-binding-0.17.0/lib/slf4j-api-1.7.25.jar:/home/runner/ycsb-mongodb-binding-0.17.0/lib/snappy-java-1.1.7.1.jar site.ycsb.Client -t -db site.ycsb.db.MongoDbClient -s -P /home/runner/ycsb-mongodb-binding-0.17.0/workloads/workloada -p mongodb.url=mongodb://127.0.0.1:27017/ycsb?w=1 -p measurementtype=raw -p measurement.raw.output_file=/home/runner/work/The-Omni-Compass/The-Omni-Compass/out/ycsb-tuning/rep-2/native/notch-11.raw -p recordcount=750000 -p operationcount=1000000000 -p maxexecutiontime=30 -p target=3000 -p threads=32 -p insertstart=0 -p insertorder=ordered -p requestdistribution=uniform -p seed=100210
mongo client connection created with mongodb://127.0.0.1:27017/ycsb?w=1
Raw data measurement: will output to result file: /home/runner/work/The-Omni-Compass/The-Omni-Compass/out/ycsb-tuning/rep-2/native/notch-11.raw
Raw data measurement: will output to result file: /home/runner/work/The-Omni-Compass/The-Omni-Compass/out/ycsb-tuning/rep-2/native/notch-11.raw
Raw data measurement: will output to result file: /home/runner/work/The-Omni-Compass/The-Omni-Compass/out/ycsb-tuning/rep-2/native/notch-11.raw
[OVERALL], RunTime(ms), 30003
[OVERALL], Throughput(ops/sec), 2965.2701396527013
[TOTAL_GCS_G1_Young_Generation], Count, 14
[TOTAL_GC_TIME_G1_Young_Generation], Time(ms), 61
[TOTAL_GC_TIME_%_G1_Young_Generation], Time(%), 0.20331300203313002
[TOTAL_GCS_G1_Old_Generation], Count, 0
[TOTAL_GC_TIME_G1_Old_Generation], Time(ms), 0
[TOTAL_GC_TIME_%_G1_Old_Generation], Time(%), 0.0
[TOTAL_GCs], Count, 14
[TOTAL_GC_TIME], Time(ms), 61
[TOTAL_GC_TIME_%], Time(%), 0.20331300203313002
[READ], Total Operations, 44448
[READ], Below is a summary of latency in microseconds:, -1
[READ], Average, 198.2507649388049
[READ], Min, 131
[READ], Max, 9111
[READ], p1, 146
[READ], p5, 150
[READ], p50, 187
[READ], p90, 227
[READ], p95, 254
[READ], p99, 450
[READ], p99.9, 2221
[READ], p99.99, 5977
[READ], Return=OK, 44448
[CLEANUP], Total Operations, 1
[CLEANUP], Below is a summary of latency in microseconds:, -1
[CLEANUP], Average, 1222.0
[CLEANUP], Min, 1222
[CLEANUP], Max, 1222
[CLEANUP], p1, 1222
[CLEANUP], p5, 1222
[CLEANUP], p50, 1222
[CLEANUP], p90, 1222
[CLEANUP], p95, 1222
[CLEANUP], p99, 1222
[CLEANUP], p99.9, 1222
[CLEANUP], p99.99, 1222
[UPDATE], Total Operations, 44519
[UPDATE], Below is a summary of latency in microseconds:, -1
[UPDATE], Average, 219.73045216649072
[UPDATE], Min, 159
[UPDATE], Max, 50415
[UPDATE], p1, 170
[UPDATE], p5, 173
[UPDATE], p50, 208
[UPDATE], p90, 252
[UPDATE], p95, 281
[UPDATE], p99, 449
[UPDATE], p99.9, 1883
[UPDATE], p99.99, 5317
[UPDATE], Return=OK, 44519

Command line: -t -db site.ycsb.db.MongoDbClient -s -P /home/runner/ycsb-mongodb-binding-0.17.0/workloads/workloada -p mongodb.url=mongodb://127.0.0.1:27017/ycsb?w=1 -p measurementtype=raw -p measurement.raw.output_file=/home/runner/work/The-Omni-Compass/The-Omni-Compass/out/ycsb-tuning/rep-2/native/notch-11.raw -p recordcount=750000 -p operationcount=1000000000 -p maxexecutiontime=30 -p target=3000 -p threads=32 -p insertstart=0 -p insertorder=ordered -p requestdistribution=uniform -p seed=100210
YCSB Client 0.17.0

Loading workload...
Starting test.
Maximum execution time specified as: 30 secs
2026-10-10 13:47:47:615 0 sec: 0 operations; est completion in 0 second 
DBWrapper: report latency for each error is false and specific error codes to track for latency are: []
2026-10-10 13:47:57:575 10 sec: 28966 operations; 2896.6 current ops/sec; est completion in 3 days 23 hours READ count: 14526, average latency(us): 220.97 UPDATE count: 14442, average latency(us): 245.50 
2026-10-10 13:48:07:575 20 sec: 58966 operations; 3000 current ops/sec; est completion in 3 days 22 hours READ count: 14846, average latency(us): 189.82 UPDATE count: 15153, average latency(us): 209.25 
Maximum time elapsed. Requesting stop for the workload.
Stop requested for workload. Now Joining!
2026-10-10 13:48:17:575 30 sec: 88966 operations; 3000 current ops/sec; est completion in 3 days 21 hours READ count: 15076, average latency(us): 184.66 UPDATE count: 14924, average latency(us): 205.44 
2026-10-10 13:48:17:577 30 sec: 88967 operations; 500 current ops/sec; est completion in 3 days 21 hours  CLEANUP count: 1, average latency(us): 1222.00  


/opt/hostedtoolcache/Java_Temurin-Hotspot_jdk/17.0.20-1/x64/bin/java  -classpath /home/runner/ycsb-mongodb-binding-0.17.0/conf:/home/runner/ycsb-mongodb-binding-0.17.0/lib/HdrHistogram-2.1.4.jar:/home/runner/ycsb-mongodb-binding-0.17.0/lib/core-0.17.0.jar:/home/runner/ycsb-mongodb-binding-0.17.0/lib/htrace-core4-4.1.0-incubating.jar:/home/runner/ycsb-mongodb-binding-0.17.0/lib/jackson-core-asl-1.9.4.jar:/home/runner/ycsb-mongodb-binding-0.17.0/lib/jackson-mapper-asl-1.9.4.jar:/home/runner/ycsb-mongodb-binding-0.17.0/lib/logback-classic-1.1.2.jar:/home/runner/ycsb-mongodb-binding-0.17.0/lib/logback-core-1.1.2.jar:/home/runner/ycsb-mongodb-binding-0.17.0/lib/mongo-java-driver-3.8.0.jar:/home/runner/ycsb-mongodb-binding-0.17.0/lib/mongodb-async-driver-2.0.1.jar:/home/runner/ycsb-mongodb-binding-0.17.0/lib/mongodb-binding-0.17.0.jar:/home/runner/ycsb-mongodb-binding-0.17.0/lib/slf4j-api-1.7.25.jar:/home/runner/ycsb-mongodb-binding-0.17.0/lib/snappy-java-1.1.7.1.jar site.ycsb.Client -t -db site.ycsb.db.MongoDbClient -s -P /home/runner/ycsb-mongodb-binding-0.17.0/workloads/workloada -p mongodb.url=mongodb://127.0.0.1:27017/ycsb?w=1 -p measurementtype=raw -p measurement.raw.output_file=/home/runner/work/The-Omni-Compass/The-Omni-Compass/out/ycsb-tuning/rep-2/native/notch-12.raw -p recordcount=500000 -p operationcount=1000000000 -p maxexecutiontime=30 -p target=3000 -p threads=32 -p insertstart=0 -p insertorder=ordered -p requestdistribution=uniform -p seed=100211
mongo client connection created with mongodb://127.0.0.1:27017/ycsb?w=1
Raw data measurement: will output to result file: /home/runner/work/The-Omni-Compass/The-Omni-Compass/out/ycsb-tuning/rep-2/native/notch-12.raw
Raw data measurement: will output to result file: /home/runner/work/The-Omni-Compass/The-Omni-Compass/out/ycsb-tuning/rep-2/native/notch-12.raw
Raw data measurement: will output to result file: /home/runner/work/The-Omni-Compass/The-Omni-Compass/out/ycsb-tuning/rep-2/native/notch-12.raw
[OVERALL], RunTime(ms), 30003
[OVERALL], Throughput(ops/sec), 2965.670099656701
[TOTAL_GCS_G1_Young_Generation], Count, 14
[TOTAL_GC_TIME_G1_Young_Generation], Time(ms), 58
[TOTAL_GC_TIME_%_G1_Young_Generation], Time(%), 0.19331400193314002
[TOTAL_GCS_G1_Old_Generation], Count, 0
[TOTAL_GC_TIME_G1_Old_Generation], Time(ms), 0
[TOTAL_GC_TIME_%_G1_Old_Generation], Time(%), 0.0
[TOTAL_GCs], Count, 14
[TOTAL_GC_TIME], Time(ms), 58
[TOTAL_GC_TIME_%], Time(%), 0.19331400193314002
[READ], Total Operations, 44813
[READ], Below is a summary of latency in microseconds:, -1
[READ], Average, 193.05290875415616
[READ], Min, 135
[READ], Max, 6506
[READ], p1, 146
[READ], p5, 149
[READ], p50, 182
[READ], p90, 228
[READ], p95, 255
[READ], p99, 425
[READ], p99.9, 1931
[READ], p99.99, 5530
[READ], Return=OK, 44813
[CLEANUP], Total Operations, 1
[CLEANUP], Below is a summary of latency in microseconds:, -1
[CLEANUP], Average, 1151.0
[CLEANUP], Min, 1151
[CLEANUP], Max, 1151
[CLEANUP], p1, 1151
[CLEANUP], p5, 1151
[CLEANUP], p50, 1151
[CLEANUP], p90, 1151
[CLEANUP], p95, 1151
[CLEANUP], p99, 1151
[CLEANUP], p99.9, 1151
[CLEANUP], p99.99, 1151
[UPDATE], Total Operations, 44166
[UPDATE], Below is a summary of latency in microseconds:, -1
[UPDATE], Average, 218.6976860028076
[UPDATE], Min, 150
[UPDATE], Max, 46224
[UPDATE], p1, 170
[UPDATE], p5, 172
[UPDATE], p50, 206
[UPDATE], p90, 253
[UPDATE], p95, 283
[UPDATE], p99, 455
[UPDATE], p99.9, 2196
[UPDATE], p99.99, 5634
[UPDATE], Return=OK, 44166

Command line: -t -db site.ycsb.db.MongoDbClient -s -P /home/runner/ycsb-mongodb-binding-0.17.0/workloads/workloada -p mongodb.url=mongodb://127.0.0.1:27017/ycsb?w=1 -p measurementtype=raw -p measurement.raw.output_file=/home/runner/work/The-Omni-Compass/The-Omni-Compass/out/ycsb-tuning/rep-2/native/notch-12.raw -p recordcount=500000 -p operationcount=1000000000 -p maxexecutiontime=30 -p target=3000 -p threads=32 -p insertstart=0 -p insertorder=ordered -p requestdistribution=uniform -p seed=100211
YCSB Client 0.17.0

Loading workload...
Starting test.
Maximum execution time specified as: 30 secs
2026-10-10 13:48:18:283 0 sec: 0 operations; est completion in 0 second 
DBWrapper: report latency for each error is false and specific error codes to track for latency are: []
2026-10-10 13:48:28:236 10 sec: 28975 operations; 2897.5 current ops/sec; est completion in 3 days 23 hours READ count: 14558, average latency(us): 218.05 UPDATE count: 14419, average latency(us): 245.10 
2026-10-10 13:48:38:236 20 sec: 58975 operations; 3000 current ops/sec; est completion in 3 days 22 hours READ count: 15112, average latency(us): 178.55 UPDATE count: 14888, average latency(us): 203.13 
2026-10-10 13:48:48:236 30 sec: 88975 operations; 3000 current ops/sec; est completion in 3 days 21 hours READ count: 15142, average latency(us): 183.49 UPDATE count: 14857, average latency(us): 208.67 
Maximum time elapsed. Requesting stop for the workload.
Stop requested for workload. Now Joining!
2026-10-10 13:48:48:239 30 sec: 88979 operations; 1333.33 current ops/sec; est completion in 3 days 21 hours READ count: 1, average latency(us): 205.00 CLEANUP count: 1, average latency(us): 1151.00 UPDATE count: 2, average latency(us): 248.00 


/opt/hostedtoolcache/Java_Temurin-Hotspot_jdk/17.0.20-1/x64/bin/java  -classpath /home/runner/ycsb-mongodb-binding-0.17.0/conf:/home/runner/ycsb-mongodb-binding-0.17.0/lib/HdrHistogram-2.1.4.jar:/home/runner/ycsb-mongodb-binding-0.17.0/lib/core-0.17.0.jar:/home/runner/ycsb-mongodb-binding-0.17.0/lib/htrace-core4-4.1.0-incubating.jar:/home/runner/ycsb-mongodb-binding-0.17.0/lib/jackson-core-asl-1.9.4.jar:/home/runner/ycsb-mongodb-binding-0.17.0/lib/jackson-mapper-asl-1.9.4.jar:/home/runner/ycsb-mongodb-binding-0.17.0/lib/logback-classic-1.1.2.jar:/home/runner/ycsb-mongodb-binding-0.17.0/lib/logback-core-1.1.2.jar:/home/runner/ycsb-mongodb-binding-0.17.0/lib/mongo-java-driver-3.8.0.jar:/home/runner/ycsb-mongodb-binding-0.17.0/lib/mongodb-async-driver-2.0.1.jar:/home/runner/ycsb-mongodb-binding-0.17.0/lib/mongodb-binding-0.17.0.jar:/home/runner/ycsb-mongodb-binding-0.17.0/lib/slf4j-api-1.7.25.jar:/home/runner/ycsb-mongodb-binding-0.17.0/lib/snappy-java-1.1.7.1.jar site.ycsb.Client -t -db site.ycsb.db.MongoDbClient -s -P /home/runner/ycsb-mongodb-binding-0.17.0/workloads/workloada -p mongodb.url=mongodb://127.0.0.1:27017/ycsb?w=1 -p measurementtype=raw -p measurement.raw.output_file=/home/runner/work/The-Omni-Compass/The-Omni-Compass/out/ycsb-tuning/rep-2/native/notch-13.raw -p recordcount=250000 -p operationcount=1000000000 -p maxexecutiontime=30 -p target=3000 -p threads=32 -p insertstart=0 -p insertorder=ordered -p requestdistribution=uniform -p seed=100212
mongo client connection created with mongodb://127.0.0.1:27017/ycsb?w=1
Raw data measurement: will output to result file: /home/runner/work/The-Omni-Compass/The-Omni-Compass/out/ycsb-tuning/rep-2/native/notch-13.raw
Raw data measurement: will output to result file: /home/runner/work/The-Omni-Compass/The-Omni-Compass/out/ycsb-tuning/rep-2/native/notch-13.raw
Raw data measurement: will output to result file: /home/runner/work/The-Omni-Compass/The-Omni-Compass/out/ycsb-tuning/rep-2/native/notch-13.raw
[OVERALL], RunTime(ms), 30003
[OVERALL], Throughput(ops/sec), 2964.336899643369
[TOTAL_GCS_G1_Young_Generation], Count, 14
[TOTAL_GC_TIME_G1_Young_Generation], Time(ms), 59
[TOTAL_GC_TIME_%_G1_Young_Generation], Time(%), 0.19664700196647
[TOTAL_GCS_G1_Old_Generation], Count, 0
[TOTAL_GC_TIME_G1_Old_Generation], Time(ms), 0
[TOTAL_GC_TIME_%_G1_Old_Generation], Time(%), 0.0
[TOTAL_GCs], Count, 14
[TOTAL_GC_TIME], Time(ms), 59
[TOTAL_GC_TIME_%], Time(%), 0.19664700196647
[READ], Total Operations, 44402
[READ], Below is a summary of latency in microseconds:, -1
[READ], Average, 185.90586009639205
[READ], Min, 131
[READ], Max, 7786
[READ], p1, 144
[READ], p5, 148
[READ], p50, 165
[READ], p90, 217
[READ], p95, 245
[READ], p99, 416
[READ], p99.9, 2316
[READ], p99.99, 6117
[READ], Return=OK, 44402
[CLEANUP], Total Operations, 1
[CLEANUP], Below is a summary of latency in microseconds:, -1
[CLEANUP], Average, 1271.0
[CLEANUP], Min, 1271
[CLEANUP], Max, 1271
[CLEANUP], p1, 1271
[CLEANUP], p5, 1271
[CLEANUP], p50, 1271
[CLEANUP], p90, 1271
[CLEANUP], p95, 1271
[CLEANUP], p99, 1271
[CLEANUP], p99.9, 1271
[CLEANUP], p99.99, 1271
[UPDATE], Total Operations, 44537
[UPDATE], Below is a summary of latency in microseconds:, -1
[UPDATE], Average, 208.24887172463346
[UPDATE], Min, 150
[UPDATE], Max, 48100
[UPDATE], p1, 168
[UPDATE], p5, 171
[UPDATE], p50, 187
[UPDATE], p90, 245
[UPDATE], p95, 272
[UPDATE], p99, 432
[UPDATE], p99.9, 2045
[UPDATE], p99.99, 5509
[UPDATE], Return=OK, 44537

Command line: -t -db site.ycsb.db.MongoDbClient -s -P /home/runner/ycsb-mongodb-binding-0.17.0/workloads/workloada -p mongodb.url=mongodb://127.0.0.1:27017/ycsb?w=1 -p measurementtype=raw -p measurement.raw.output_file=/home/runner/work/The-Omni-Compass/The-Omni-Compass/out/ycsb-tuning/rep-2/native/notch-13.raw -p recordcount=250000 -p operationcount=1000000000 -p maxexecutiontime=30 -p target=3000 -p threads=32 -p insertstart=0 -p insertorder=ordered -p requestdistribution=uniform -p seed=100212
YCSB Client 0.17.0

Loading workload...
Starting test.
Maximum execution time specified as: 30 secs
2026-10-10 13:48:48:957 0 sec: 0 operations; est completion in 0 second 
DBWrapper: report latency for each error is false and specific error codes to track for latency are: []
2026-10-10 13:48:58:912 10 sec: 28938 operations; 2893.51 current ops/sec; est completion in 3 days 23 hours READ count: 14292, average latency(us): 214.35 UPDATE count: 14649, average latency(us): 238.87 
2026-10-10 13:49:08:912 20 sec: 58937 operations; 2999.9 current ops/sec; est completion in 3 days 22 hours READ count: 15018, average latency(us): 172.02 UPDATE count: 14978, average latency(us): 192.74 
Maximum time elapsed. Requesting stop for the workload.
Stop requested for workload. Now Joining!
2026-10-10 13:49:18:912 30 sec: 88937 operations; 3000 current ops/sec; est completion in 3 days 21 hours READ count: 15092, average latency(us): 172.79 UPDATE count: 14909, average latency(us): 193.73 
2026-10-10 13:49:18:914 30 sec: 88939 operations; 1000 current ops/sec; est completion in 3 days 21 hours  CLEANUP count: 1, average latency(us): 1271.00 UPDATE count: 1, average latency(us): 332.00 


/opt/hostedtoolcache/Java_Temurin-Hotspot_jdk/17.0.20-1/x64/bin/java  -classpath /home/runner/ycsb-mongodb-binding-0.17.0/conf:/home/runner/ycsb-mongodb-binding-0.17.0/lib/HdrHistogram-2.1.4.jar:/home/runner/ycsb-mongodb-binding-0.17.0/lib/core-0.17.0.jar:/home/runner/ycsb-mongodb-binding-0.17.0/lib/htrace-core4-4.1.0-incubating.jar:/home/runner/ycsb-mongodb-binding-0.17.0/lib/jackson-core-asl-1.9.4.jar:/home/runner/ycsb-mongodb-binding-0.17.0/lib/jackson-mapper-asl-1.9.4.jar:/home/runner/ycsb-mongodb-binding-0.17.0/lib/logback-classic-1.1.2.jar:/home/runner/ycsb-mongodb-binding-0.17.0/lib/logback-core-1.1.2.jar:/home/runner/ycsb-mongodb-binding-0.17.0/lib/mongo-java-driver-3.8.0.jar:/home/runner/ycsb-mongodb-binding-0.17.0/lib/mongodb-async-driver-2.0.1.jar:/home/runner/ycsb-mongodb-binding-0.17.0/lib/mongodb-binding-0.17.0.jar:/home/runner/ycsb-mongodb-binding-0.17.0/lib/slf4j-api-1.7.25.jar:/home/runner/ycsb-mongodb-binding-0.17.0/lib/snappy-java-1.1.7.1.jar site.ycsb.Client -t -db site.ycsb.db.MongoDbClient -s -P /home/runner/ycsb-mongodb-binding-0.17.0/workloads/workloada -p mongodb.url=mongodb://127.0.0.1:27017/ycsb?w=1 -p measurementtype=raw -p measurement.raw.output_file=/home/runner/work/The-Omni-Compass/The-Omni-Compass/out/ycsb-tuning/rep-2/native/notch-14.raw -p recordcount=500000 -p operationcount=1000000000 -p maxexecutiontime=30 -p target=3000 -p threads=32 -p insertstart=0 -p insertorder=ordered -p requestdistribution=uniform -p seed=100213
mongo client connection created with mongodb://127.0.0.1:27017/ycsb?w=1
Raw data measurement: will output to result file: /home/runner/work/The-Omni-Compass/The-Omni-Compass/out/ycsb-tuning/rep-2/native/notch-14.raw
Raw data measurement: will output to result file: /home/runner/work/The-Omni-Compass/The-Omni-Compass/out/ycsb-tuning/rep-2/native/notch-14.raw
Raw data measurement: will output to result file: /home/runner/work/The-Omni-Compass/The-Omni-Compass/out/ycsb-tuning/rep-2/native/notch-14.raw
[OVERALL], RunTime(ms), 30003
[OVERALL], Throughput(ops/sec), 2964.4702196447024
[TOTAL_GCS_G1_Young_Generation], Count, 14
[TOTAL_GC_TIME_G1_Young_Generation], Time(ms), 55
[TOTAL_GC_TIME_%_G1_Young_Generation], Time(%), 0.18331500183315003
[TOTAL_GCS_G1_Old_Generation], Count, 0
[TOTAL_GC_TIME_G1_Old_Generation], Time(ms), 0
[TOTAL_GC_TIME_%_G1_Old_Generation], Time(%), 0.0
[TOTAL_GCs], Count, 14
[TOTAL_GC_TIME], Time(ms), 55
[TOTAL_GC_TIME_%], Time(%), 0.18331500183315003
[READ], Total Operations, 44437
[READ], Below is a summary of latency in microseconds:, -1
[READ], Average, 192.1763620406418
[READ], Min, 135
[READ], Max, 50943
[READ], p1, 145
[READ], p5, 148
[READ], p50, 184
[READ], p90, 226
[READ], p95, 249
[READ], p99, 389
[READ], p99.9, 1645
[READ], p99.99, 5136
[READ], Return=OK, 44437
[CLEANUP], Total Operations, 1
[CLEANUP], Below is a summary of latency in microseconds:, -1
[CLEANUP], Average, 1088.0
[CLEANUP], Min, 1088
[CLEANUP], Max, 1088
[CLEANUP], p1, 1088
[CLEANUP], p5, 1088
[CLEANUP], p50, 1088
[CLEANUP], p90, 1088
[CLEANUP], p95, 1088
[CLEANUP], p99, 1088
[CLEANUP], p99.9, 1088
[CLEANUP], p99.99, 1088
[UPDATE], Total Operations, 44506
[UPDATE], Below is a summary of latency in microseconds:, -1
[UPDATE], Average, 218.81380038646475
[UPDATE], Min, 155
[UPDATE], Max, 7032
[UPDATE], p1, 170
[UPDATE], p5, 172
[UPDATE], p50, 208
[UPDATE], p90, 252
[UPDATE], p95, 276
[UPDATE], p99, 428
[UPDATE], p99.9, 1688
[UPDATE], p99.99, 5577
[UPDATE], Return=OK, 44506

Command line: -t -db site.ycsb.db.MongoDbClient -s -P /home/runner/ycsb-mongodb-binding-0.17.0/workloads/workloada -p mongodb.url=mongodb://127.0.0.1:27017/ycsb?w=1 -p measurementtype=raw -p measurement.raw.output_file=/home/runner/work/The-Omni-Compass/The-Omni-Compass/out/ycsb-tuning/rep-2/native/notch-14.raw -p recordcount=500000 -p operationcount=1000000000 -p maxexecutiontime=30 -p target=3000 -p threads=32 -p insertstart=0 -p insertorder=ordered -p requestdistribution=uniform -p seed=100213
YCSB Client 0.17.0

Loading workload...
Starting test.
Maximum execution time specified as: 30 secs
2026-10-10 13:49:19:607 0 sec: 0 operations; est completion in 0 second 
DBWrapper: report latency for each error is false and specific error codes to track for latency are: []
2026-10-10 13:49:29:565 10 sec: 28940 operations; 2893.71 current ops/sec; est completion in 3 days 23 hours READ count: 14438, average latency(us): 216.89 UPDATE count: 14504, average latency(us): 240.83 
2026-10-10 13:49:39:565 20 sec: 58940 operations; 3000 current ops/sec; est completion in 3 days 22 hours READ count: 14952, average latency(us): 183.09 UPDATE count: 15047, average latency(us): 209.25 
Maximum time elapsed. Requesting stop for the workload.
Stop requested for workload. Now Joining!
2026-10-10 13:49:49:565 30 sec: 88940 operations; 3000 current ops/sec; est completion in 3 days 21 hours READ count: 15046, average latency(us): 177.48 UPDATE count: 14954, average latency(us): 207.08 
2026-10-10 13:49:49:567 30 sec: 88943 operations; 1500 current ops/sec; est completion in 3 days 21 hours READ count: 1, average latency(us): 260.00 CLEANUP count: 1, average latency(us): 1088.00 UPDATE count: 1, average latency(us): 270.00 


/opt/hostedtoolcache/Java_Temurin-Hotspot_jdk/17.0.20-1/x64/bin/java  -classpath /home/runner/ycsb-mongodb-binding-0.17.0/conf:/home/runner/ycsb-mongodb-binding-0.17.0/lib/HdrHistogram-2.1.4.jar:/home/runner/ycsb-mongodb-binding-0.17.0/lib/core-0.17.0.jar:/home/runner/ycsb-mongodb-binding-0.17.0/lib/htrace-core4-4.1.0-incubating.jar:/home/runner/ycsb-mongodb-binding-0.17.0/lib/jackson-core-asl-1.9.4.jar:/home/runner/ycsb-mongodb-binding-0.17.0/lib/jackson-mapper-asl-1.9.4.jar:/home/runner/ycsb-mongodb-binding-0.17.0/lib/logback-classic-1.1.2.jar:/home/runner/ycsb-mongodb-binding-0.17.0/lib/logback-core-1.1.2.jar:/home/runner/ycsb-mongodb-binding-0.17.0/lib/mongo-java-driver-3.8.0.jar:/home/runner/ycsb-mongodb-binding-0.17.0/lib/mongodb-async-driver-2.0.1.jar:/home/runner/ycsb-mongodb-binding-0.17.0/lib/mongodb-binding-0.17.0.jar:/home/runner/ycsb-mongodb-binding-0.17.0/lib/slf4j-api-1.7.25.jar:/home/runner/ycsb-mongodb-binding-0.17.0/lib/snappy-java-1.1.7.1.jar site.ycsb.Client -t -db site.ycsb.db.MongoDbClient -s -P /home/runner/ycsb-mongodb-binding-0.17.0/workloads/workloada -p mongodb.url=mongodb://127.0.0.1:27017/ycsb?w=1 -p measurementtype=raw -p measurement.raw.output_file=/home/runner/work/The-Omni-Compass/The-Omni-Compass/out/ycsb-tuning/rep-2/native/notch-15.raw -p recordcount=250000 -p operationcount=1000000000 -p maxexecutiontime=30 -p target=3000 -p threads=32 -p insertstart=0 -p insertorder=ordered -p requestdistribution=uniform -p seed=100214
mongo client connection created with mongodb://127.0.0.1:27017/ycsb?w=1
Raw data measurement: will output to result file: /home/runner/work/The-Omni-Compass/The-Omni-Compass/out/ycsb-tuning/rep-2/native/notch-15.raw
Raw data measurement: will output to result file: /home/runner/work/The-Omni-Compass/The-Omni-Compass/out/ycsb-tuning/rep-2/native/notch-15.raw
Raw data measurement: will output to result file: /home/runner/work/The-Omni-Compass/The-Omni-Compass/out/ycsb-tuning/rep-2/native/notch-15.raw
[OVERALL], RunTime(ms), 30003
[OVERALL], Throughput(ops/sec), 2963.5036496350367
[TOTAL_GCS_G1_Young_Generation], Count, 14
[TOTAL_GC_TIME_G1_Young_Generation], Time(ms), 60
[TOTAL_GC_TIME_%_G1_Young_Generation], Time(%), 0.1999800019998
[TOTAL_GCS_G1_Old_Generation], Count, 0
[TOTAL_GC_TIME_G1_Old_Generation], Time(ms), 0
[TOTAL_GC_TIME_%_G1_Old_Generation], Time(%), 0.0
[TOTAL_GCs], Count, 14
[TOTAL_GC_TIME], Time(ms), 60
[TOTAL_GC_TIME_%], Time(%), 0.1999800019998
[READ], Total Operations, 44394
[READ], Below is a summary of latency in microseconds:, -1
[READ], Average, 186.90253187367662
[READ], Min, 136
[READ], Max, 7946
[READ], p1, 145
[READ], p5, 148
[READ], p50, 169
[READ], p90, 218
[READ], p95, 242
[READ], p99, 397
[READ], p99.9, 2196
[READ], p99.99, 5597
[READ], Return=OK, 44394
[CLEANUP], Total Operations, 1
[CLEANUP], Below is a summary of latency in microseconds:, -1
[CLEANUP], Average, 1168.0
[CLEANUP], Min, 1168
[CLEANUP], Max, 1168
[CLEANUP], p1, 1168
[CLEANUP], p5, 1168
[CLEANUP], p50, 1168
[CLEANUP], p90, 1168
[CLEANUP], p95, 1168
[CLEANUP], p99, 1168
[CLEANUP], p99.9, 1168
[CLEANUP], p99.99, 1168
[UPDATE], Total Operations, 44520
[UPDATE], Below is a summary of latency in microseconds:, -1
[UPDATE], Average, 215.7199460916442
[UPDATE], Min, 156
[UPDATE], Max, 51629
[UPDATE], p1, 168
[UPDATE], p5, 171
[UPDATE], p50, 204
[UPDATE], p90, 246
[UPDATE], p95, 273
[UPDATE], p99, 430
[UPDATE], p99.9, 2239
[UPDATE], p99.99, 5877
[UPDATE], Return=OK, 44520

Command line: -t -db site.ycsb.db.MongoDbClient -s -P /home/runner/ycsb-mongodb-binding-0.17.0/workloads/workloada -p mongodb.url=mongodb://127.0.0.1:27017/ycsb?w=1 -p measurementtype=raw -p measurement.raw.output_file=/home/runner/work/The-Omni-Compass/The-Omni-Compass/out/ycsb-tuning/rep-2/native/notch-15.raw -p recordcount=250000 -p operationcount=1000000000 -p maxexecutiontime=30 -p target=3000 -p threads=32 -p insertstart=0 -p insertorder=ordered -p requestdistribution=uniform -p seed=100214
YCSB Client 0.17.0

Loading workload...
Starting test.
Maximum execution time specified as: 30 secs
2026-10-10 13:49:50:285 0 sec: 0 operations; est completion in 0 second 
DBWrapper: report latency for each error is false and specific error codes to track for latency are: []
2026-10-10 13:50:00:242 10 sec: 28910 operations; 2891 current ops/sec; est completion in 4 days READ count: 14381, average latency(us): 213.06 UPDATE count: 14532, average latency(us): 244.16 
2026-10-10 13:50:10:242 20 sec: 58910 operations; 3000 current ops/sec; est completion in 3 days 22 hours READ count: 15055, average latency(us): 175.41 UPDATE count: 14943, average latency(us): 202.29 
2026-10-10 13:50:20:242 30 sec: 88910 operations; 3000 current ops/sec; est completion in 3 days 21 hours READ count: 14956, average latency(us): 173.32 UPDATE count: 15044, average latency(us): 201.58 
Maximum time elapsed. Requesting stop for the workload.
Stop requested for workload. Now Joining!
2026-10-10 13:50:20:244 30 sec: 88914 operations; 1333.33 current ops/sec; est completion in 3 days 21 hours READ count: 2, average latency(us): 211.50 CLEANUP count: 1, average latency(us): 1168.00 UPDATE count: 1, average latency(us): 249.00 
