/opt/hostedtoolcache/Java_Temurin-Hotspot_jdk/17.0.20-1/x64/bin/java  -classpath /home/runner/ycsb-mongodb-binding-0.17.0/conf:/home/runner/ycsb-mongodb-binding-0.17.0/lib/HdrHistogram-2.1.4.jar:/home/runner/ycsb-mongodb-binding-0.17.0/lib/core-0.17.0.jar:/home/runner/ycsb-mongodb-binding-0.17.0/lib/htrace-core4-4.1.0-incubating.jar:/home/runner/ycsb-mongodb-binding-0.17.0/lib/jackson-core-asl-1.9.4.jar:/home/runner/ycsb-mongodb-binding-0.17.0/lib/jackson-mapper-asl-1.9.4.jar:/home/runner/ycsb-mongodb-binding-0.17.0/lib/logback-classic-1.1.2.jar:/home/runner/ycsb-mongodb-binding-0.17.0/lib/logback-core-1.1.2.jar:/home/runner/ycsb-mongodb-binding-0.17.0/lib/mongo-java-driver-3.8.0.jar:/home/runner/ycsb-mongodb-binding-0.17.0/lib/mongodb-async-driver-2.0.1.jar:/home/runner/ycsb-mongodb-binding-0.17.0/lib/mongodb-binding-0.17.0.jar:/home/runner/ycsb-mongodb-binding-0.17.0/lib/slf4j-api-1.7.25.jar:/home/runner/ycsb-mongodb-binding-0.17.0/lib/snappy-java-1.1.7.1.jar site.ycsb.Client -t -db site.ycsb.db.MongoDbClient -s -P /home/runner/ycsb-mongodb-binding-0.17.0/workloads/workloadc -p mongodb.url=mongodb://127.0.0.1:27017/ycsb?w=1 -p measurementtype=raw -p measurement.raw.output_file=/home/runner/work/The-Omni-Compass/The-Omni-Compass/out/ycsb-c/rep-3/native/notch-1.raw -p recordcount=250000 -p operationcount=1000000000 -p maxexecutiontime=30 -p target=3000 -p threads=32 -p insertstart=0 -p insertorder=ordered -p requestdistribution=uniform -p seed=100300
mongo client connection created with mongodb://127.0.0.1:27017/ycsb?w=1
Raw data measurement: will output to result file: /home/runner/work/The-Omni-Compass/The-Omni-Compass/out/ycsb-c/rep-3/native/notch-1.raw
Raw data measurement: will output to result file: /home/runner/work/The-Omni-Compass/The-Omni-Compass/out/ycsb-c/rep-3/native/notch-1.raw
[OVERALL], RunTime(ms), 30003
[OVERALL], Throughput(ops/sec), 2932.6067393260673
[TOTAL_GCS_G1_Young_Generation], Count, 17
[TOTAL_GC_TIME_G1_Young_Generation], Time(ms), 89
[TOTAL_GC_TIME_%_G1_Young_Generation], Time(%), 0.29663700296637
[TOTAL_GCS_G1_Old_Generation], Count, 0
[TOTAL_GC_TIME_G1_Old_Generation], Time(ms), 0
[TOTAL_GC_TIME_%_G1_Old_Generation], Time(%), 0.0
[TOTAL_GCs], Count, 17
[TOTAL_GC_TIME], Time(ms), 89
[TOTAL_GC_TIME_%], Time(%), 0.29663700296637
[READ], Total Operations, 87987
[READ], Below is a summary of latency in microseconds:, -1
[READ], Average, 206.60726016343324
[READ], Min, 82
[READ], Max, 215939
[READ], p1, 92
[READ], p5, 94
[READ], p50, 113
[READ], p90, 242
[READ], p95, 349
[READ], p99, 598
[READ], p99.9, 10101
[READ], p99.99, 162519
[READ], Return=OK, 87987
[CLEANUP], Total Operations, 1
[CLEANUP], Below is a summary of latency in microseconds:, -1
[CLEANUP], Average, 1066.0
[CLEANUP], Min, 1066
[CLEANUP], Max, 1066
[CLEANUP], p1, 1066
[CLEANUP], p5, 1066
[CLEANUP], p50, 1066
[CLEANUP], p90, 1066
[CLEANUP], p95, 1066
[CLEANUP], p99, 1066
[CLEANUP], p99.9, 1066
[CLEANUP], p99.99, 1066

Command line: -t -db site.ycsb.db.MongoDbClient -s -P /home/runner/ycsb-mongodb-binding-0.17.0/workloads/workloadc -p mongodb.url=mongodb://127.0.0.1:27017/ycsb?w=1 -p measurementtype=raw -p measurement.raw.output_file=/home/runner/work/The-Omni-Compass/The-Omni-Compass/out/ycsb-c/rep-3/native/notch-1.raw -p recordcount=250000 -p operationcount=1000000000 -p maxexecutiontime=30 -p target=3000 -p threads=32 -p insertstart=0 -p insertorder=ordered -p requestdistribution=uniform -p seed=100300
YCSB Client 0.17.0

Loading workload...
Starting test.
Maximum execution time specified as: 30 secs
2026-10-10 03:43:23:075 0 sec: 0 operations; est completion in 0 second 
DBWrapper: report latency for each error is false and specific error codes to track for latency are: []
2026-10-10 03:43:33:051 10 sec: 23722 operations; 2371.96 current ops/sec; est completion in 4 days 21 hours READ count: 23728, average latency(us): 390.42 
2026-10-10 03:43:43:051 20 sec: 57986 operations; 3426.74 current ops/sec; est completion in 3 days 23 hours READ count: 34258, average latency(us): 153.19 
Maximum time elapsed. Requesting stop for the workload.
Stop requested for workload. Now Joining!
2026-10-10 03:43:53:051 30 sec: 87986 operations; 3000 current ops/sec; est completion in 3 days 22 hours READ count: 30000, average latency(us): 122.22 
2026-10-10 03:43:53:053 30 sec: 87987 operations; 500 current ops/sec; est completion in 3 days 22 hours READ count: 1, average latency(us): 367.00 CLEANUP count: 1, average latency(us): 1066.00 


/opt/hostedtoolcache/Java_Temurin-Hotspot_jdk/17.0.20-1/x64/bin/java  -classpath /home/runner/ycsb-mongodb-binding-0.17.0/conf:/home/runner/ycsb-mongodb-binding-0.17.0/lib/HdrHistogram-2.1.4.jar:/home/runner/ycsb-mongodb-binding-0.17.0/lib/core-0.17.0.jar:/home/runner/ycsb-mongodb-binding-0.17.0/lib/htrace-core4-4.1.0-incubating.jar:/home/runner/ycsb-mongodb-binding-0.17.0/lib/jackson-core-asl-1.9.4.jar:/home/runner/ycsb-mongodb-binding-0.17.0/lib/jackson-mapper-asl-1.9.4.jar:/home/runner/ycsb-mongodb-binding-0.17.0/lib/logback-classic-1.1.2.jar:/home/runner/ycsb-mongodb-binding-0.17.0/lib/logback-core-1.1.2.jar:/home/runner/ycsb-mongodb-binding-0.17.0/lib/mongo-java-driver-3.8.0.jar:/home/runner/ycsb-mongodb-binding-0.17.0/lib/mongodb-async-driver-2.0.1.jar:/home/runner/ycsb-mongodb-binding-0.17.0/lib/mongodb-binding-0.17.0.jar:/home/runner/ycsb-mongodb-binding-0.17.0/lib/slf4j-api-1.7.25.jar:/home/runner/ycsb-mongodb-binding-0.17.0/lib/snappy-java-1.1.7.1.jar site.ycsb.Client -t -db site.ycsb.db.MongoDbClient -s -P /home/runner/ycsb-mongodb-binding-0.17.0/workloads/workloadc -p mongodb.url=mongodb://127.0.0.1:27017/ycsb?w=1 -p measurementtype=raw -p measurement.raw.output_file=/home/runner/work/The-Omni-Compass/The-Omni-Compass/out/ycsb-c/rep-3/native/notch-2.raw -p recordcount=500000 -p operationcount=1000000000 -p maxexecutiontime=30 -p target=3000 -p threads=32 -p insertstart=0 -p insertorder=ordered -p requestdistribution=uniform -p seed=100301
mongo client connection created with mongodb://127.0.0.1:27017/ycsb?w=1
Raw data measurement: will output to result file: /home/runner/work/The-Omni-Compass/The-Omni-Compass/out/ycsb-c/rep-3/native/notch-2.raw
Raw data measurement: will output to result file: /home/runner/work/The-Omni-Compass/The-Omni-Compass/out/ycsb-c/rep-3/native/notch-2.raw
[OVERALL], RunTime(ms), 30003
[OVERALL], Throughput(ops/sec), 2973.102689731027
[TOTAL_GCS_G1_Young_Generation], Count, 17
[TOTAL_GC_TIME_G1_Young_Generation], Time(ms), 88
[TOTAL_GC_TIME_%_G1_Young_Generation], Time(%), 0.29330400293304
[TOTAL_GCS_G1_Old_Generation], Count, 0
[TOTAL_GC_TIME_G1_Old_Generation], Time(ms), 0
[TOTAL_GC_TIME_%_G1_Old_Generation], Time(%), 0.0
[TOTAL_GCs], Count, 17
[TOTAL_GC_TIME], Time(ms), 88
[TOTAL_GC_TIME_%], Time(%), 0.29330400293304
[READ], Total Operations, 89202
[READ], Below is a summary of latency in microseconds:, -1
[READ], Average, 275.8678280756037
[READ], Min, 82
[READ], Max, 217184
[READ], p1, 93
[READ], p5, 95
[READ], p50, 115
[READ], p90, 268
[READ], p95, 330
[READ], p99, 476
[READ], p99.9, 48257
[READ], p99.99, 191661
[READ], Return=OK, 89202
[CLEANUP], Total Operations, 1
[CLEANUP], Below is a summary of latency in microseconds:, -1
[CLEANUP], Average, 1148.0
[CLEANUP], Min, 1148
[CLEANUP], Max, 1148
[CLEANUP], p1, 1148
[CLEANUP], p5, 1148
[CLEANUP], p50, 1148
[CLEANUP], p90, 1148
[CLEANUP], p95, 1148
[CLEANUP], p99, 1148
[CLEANUP], p99.9, 1148
[CLEANUP], p99.99, 1148

Command line: -t -db site.ycsb.db.MongoDbClient -s -P /home/runner/ycsb-mongodb-binding-0.17.0/workloads/workloadc -p mongodb.url=mongodb://127.0.0.1:27017/ycsb?w=1 -p measurementtype=raw -p measurement.raw.output_file=/home/runner/work/The-Omni-Compass/The-Omni-Compass/out/ycsb-c/rep-3/native/notch-2.raw -p recordcount=500000 -p operationcount=1000000000 -p maxexecutiontime=30 -p target=3000 -p threads=32 -p insertstart=0 -p insertorder=ordered -p requestdistribution=uniform -p seed=100301
YCSB Client 0.17.0

Loading workload...
Starting test.
Maximum execution time specified as: 30 secs
2026-10-10 03:43:53:813 0 sec: 0 operations; est completion in 0 second 
DBWrapper: report latency for each error is false and specific error codes to track for latency are: []
2026-10-10 03:44:03:785 10 sec: 14323 operations; 1432.16 current ops/sec; est completion in 8 days 1 hour READ count: 14325, average latency(us): 675.89 
2026-10-10 03:44:13:785 20 sec: 55720 operations; 4139.7 current ops/sec; est completion in 4 days 3 hours READ count: 41395, average latency(us): 239.74 
Maximum time elapsed. Requesting stop for the workload.
Stop requested for workload. Now Joining!
2026-10-10 03:44:23:785 30 sec: 89201 operations; 3348.1 current ops/sec; est completion in 3 days 21 hours READ count: 33482, average latency(us): 149.39 
2026-10-10 03:44:23:787 30 sec: 89202 operations; 500 current ops/sec; est completion in 3 days 21 hours  CLEANUP count: 1, average latency(us): 1148.00 


/opt/hostedtoolcache/Java_Temurin-Hotspot_jdk/17.0.20-1/x64/bin/java  -classpath /home/runner/ycsb-mongodb-binding-0.17.0/conf:/home/runner/ycsb-mongodb-binding-0.17.0/lib/HdrHistogram-2.1.4.jar:/home/runner/ycsb-mongodb-binding-0.17.0/lib/core-0.17.0.jar:/home/runner/ycsb-mongodb-binding-0.17.0/lib/htrace-core4-4.1.0-incubating.jar:/home/runner/ycsb-mongodb-binding-0.17.0/lib/jackson-core-asl-1.9.4.jar:/home/runner/ycsb-mongodb-binding-0.17.0/lib/jackson-mapper-asl-1.9.4.jar:/home/runner/ycsb-mongodb-binding-0.17.0/lib/logback-classic-1.1.2.jar:/home/runner/ycsb-mongodb-binding-0.17.0/lib/logback-core-1.1.2.jar:/home/runner/ycsb-mongodb-binding-0.17.0/lib/mongo-java-driver-3.8.0.jar:/home/runner/ycsb-mongodb-binding-0.17.0/lib/mongodb-async-driver-2.0.1.jar:/home/runner/ycsb-mongodb-binding-0.17.0/lib/mongodb-binding-0.17.0.jar:/home/runner/ycsb-mongodb-binding-0.17.0/lib/slf4j-api-1.7.25.jar:/home/runner/ycsb-mongodb-binding-0.17.0/lib/snappy-java-1.1.7.1.jar site.ycsb.Client -t -db site.ycsb.db.MongoDbClient -s -P /home/runner/ycsb-mongodb-binding-0.17.0/workloads/workloadc -p mongodb.url=mongodb://127.0.0.1:27017/ycsb?w=1 -p measurementtype=raw -p measurement.raw.output_file=/home/runner/work/The-Omni-Compass/The-Omni-Compass/out/ycsb-c/rep-3/native/notch-3.raw -p recordcount=750000 -p operationcount=1000000000 -p maxexecutiontime=30 -p target=3000 -p threads=32 -p insertstart=0 -p insertorder=ordered -p requestdistribution=uniform -p seed=100302
mongo client connection created with mongodb://127.0.0.1:27017/ycsb?w=1
Raw data measurement: will output to result file: /home/runner/work/The-Omni-Compass/The-Omni-Compass/out/ycsb-c/rep-3/native/notch-3.raw
Raw data measurement: will output to result file: /home/runner/work/The-Omni-Compass/The-Omni-Compass/out/ycsb-c/rep-3/native/notch-3.raw
[OVERALL], RunTime(ms), 30002
[OVERALL], Throughput(ops/sec), 2972.435170988601
[TOTAL_GCS_G1_Young_Generation], Count, 17
[TOTAL_GC_TIME_G1_Young_Generation], Time(ms), 73
[TOTAL_GC_TIME_%_G1_Young_Generation], Time(%), 0.24331711219252047
[TOTAL_GCS_G1_Old_Generation], Count, 0
[TOTAL_GC_TIME_G1_Old_Generation], Time(ms), 0
[TOTAL_GC_TIME_%_G1_Old_Generation], Time(%), 0.0
[TOTAL_GCs], Count, 17
[TOTAL_GC_TIME], Time(ms), 73
[TOTAL_GC_TIME_%], Time(%), 0.24331711219252047
[READ], Total Operations, 89179
[READ], Below is a summary of latency in microseconds:, -1
[READ], Average, 240.94671391246817
[READ], Min, 83
[READ], Max, 293391
[READ], p1, 94
[READ], p5, 97
[READ], p50, 116
[READ], p90, 272
[READ], p95, 330
[READ], p99, 450
[READ], p99.9, 20215
[READ], p99.99, 158537
[READ], Return=OK, 89179
[CLEANUP], Total Operations, 1
[CLEANUP], Below is a summary of latency in microseconds:, -1
[CLEANUP], Average, 1087.0
[CLEANUP], Min, 1087
[CLEANUP], Max, 1087
[CLEANUP], p1, 1087
[CLEANUP], p5, 1087
[CLEANUP], p50, 1087
[CLEANUP], p90, 1087
[CLEANUP], p95, 1087
[CLEANUP], p99, 1087
[CLEANUP], p99.9, 1087
[CLEANUP], p99.99, 1087

Command line: -t -db site.ycsb.db.MongoDbClient -s -P /home/runner/ycsb-mongodb-binding-0.17.0/workloads/workloadc -p mongodb.url=mongodb://127.0.0.1:27017/ycsb?w=1 -p measurementtype=raw -p measurement.raw.output_file=/home/runner/work/The-Omni-Compass/The-Omni-Compass/out/ycsb-c/rep-3/native/notch-3.raw -p recordcount=750000 -p operationcount=1000000000 -p maxexecutiontime=30 -p target=3000 -p threads=32 -p insertstart=0 -p insertorder=ordered -p requestdistribution=uniform -p seed=100302
YCSB Client 0.17.0

Loading workload...
Starting test.
Maximum execution time specified as: 30 secs
2026-10-10 03:44:24:343 0 sec: 0 operations; est completion in 0 second 
DBWrapper: report latency for each error is false and specific error codes to track for latency are: []
2026-10-10 03:44:34:313 10 sec: 28056 operations; 2805.6 current ops/sec; est completion in 4 days 3 hours READ count: 28056, average latency(us): 317.48 
2026-10-10 03:44:44:313 20 sec: 59178 operations; 3112.2 current ops/sec; est completion in 3 days 21 hours READ count: 31123, average latency(us): 216.29 
Maximum time elapsed. Requesting stop for the workload.
Stop requested for workload. Now Joining!
2026-10-10 03:44:54:313 30 sec: 89178 operations; 3000 current ops/sec; est completion in 3 days 21 hours READ count: 29999, average latency(us): 194.95 
2026-10-10 03:44:54:315 30 sec: 89179 operations; 500 current ops/sec; est completion in 3 days 21 hours READ count: 1, average latency(us): 219.00 CLEANUP count: 1, average latency(us): 1087.00 


/opt/hostedtoolcache/Java_Temurin-Hotspot_jdk/17.0.20-1/x64/bin/java  -classpath /home/runner/ycsb-mongodb-binding-0.17.0/conf:/home/runner/ycsb-mongodb-binding-0.17.0/lib/HdrHistogram-2.1.4.jar:/home/runner/ycsb-mongodb-binding-0.17.0/lib/core-0.17.0.jar:/home/runner/ycsb-mongodb-binding-0.17.0/lib/htrace-core4-4.1.0-incubating.jar:/home/runner/ycsb-mongodb-binding-0.17.0/lib/jackson-core-asl-1.9.4.jar:/home/runner/ycsb-mongodb-binding-0.17.0/lib/jackson-mapper-asl-1.9.4.jar:/home/runner/ycsb-mongodb-binding-0.17.0/lib/logback-classic-1.1.2.jar:/home/runner/ycsb-mongodb-binding-0.17.0/lib/logback-core-1.1.2.jar:/home/runner/ycsb-mongodb-binding-0.17.0/lib/mongo-java-driver-3.8.0.jar:/home/runner/ycsb-mongodb-binding-0.17.0/lib/mongodb-async-driver-2.0.1.jar:/home/runner/ycsb-mongodb-binding-0.17.0/lib/mongodb-binding-0.17.0.jar:/home/runner/ycsb-mongodb-binding-0.17.0/lib/slf4j-api-1.7.25.jar:/home/runner/ycsb-mongodb-binding-0.17.0/lib/snappy-java-1.1.7.1.jar site.ycsb.Client -t -db site.ycsb.db.MongoDbClient -s -P /home/runner/ycsb-mongodb-binding-0.17.0/workloads/workloadc -p mongodb.url=mongodb://127.0.0.1:27017/ycsb?w=1 -p measurementtype=raw -p measurement.raw.output_file=/home/runner/work/The-Omni-Compass/The-Omni-Compass/out/ycsb-c/rep-3/native/notch-4.raw -p recordcount=500000 -p operationcount=1000000000 -p maxexecutiontime=30 -p target=3000 -p threads=32 -p insertstart=0 -p insertorder=ordered -p requestdistribution=uniform -p seed=100303
mongo client connection created with mongodb://127.0.0.1:27017/ycsb?w=1
Raw data measurement: will output to result file: /home/runner/work/The-Omni-Compass/The-Omni-Compass/out/ycsb-c/rep-3/native/notch-4.raw
Raw data measurement: will output to result file: /home/runner/work/The-Omni-Compass/The-Omni-Compass/out/ycsb-c/rep-3/native/notch-4.raw
[OVERALL], RunTime(ms), 30012
[OVERALL], Throughput(ops/sec), 2973.0441156870584
[TOTAL_GCS_G1_Young_Generation], Count, 18
[TOTAL_GC_TIME_G1_Young_Generation], Time(ms), 87
[TOTAL_GC_TIME_%_G1_Young_Generation], Time(%), 0.28988404638144744
[TOTAL_GCS_G1_Old_Generation], Count, 0
[TOTAL_GC_TIME_G1_Old_Generation], Time(ms), 0
[TOTAL_GC_TIME_%_G1_Old_Generation], Time(%), 0.0
[TOTAL_GCs], Count, 18
[TOTAL_GC_TIME], Time(ms), 87
[TOTAL_GC_TIME_%], Time(%), 0.28988404638144744
[READ], Total Operations, 89227
[READ], Below is a summary of latency in microseconds:, -1
[READ], Average, 127.50380490210362
[READ], Min, 89
[READ], Max, 32834
[READ], p1, 95
[READ], p5, 96
[READ], p50, 113
[READ], p90, 154
[READ], p95, 173
[READ], p99, 285
[READ], p99.9, 677
[READ], p99.99, 4757
[READ], Return=OK, 89227
[CLEANUP], Total Operations, 1
[CLEANUP], Below is a summary of latency in microseconds:, -1
[CLEANUP], Average, 11334.0
[CLEANUP], Min, 11334
[CLEANUP], Max, 11334
[CLEANUP], p1, 11334
[CLEANUP], p5, 11334
[CLEANUP], p50, 11334
[CLEANUP], p90, 11334
[CLEANUP], p95, 11334
[CLEANUP], p99, 11334
[CLEANUP], p99.9, 11334
[CLEANUP], p99.99, 11334

Command line: -t -db site.ycsb.db.MongoDbClient -s -P /home/runner/ycsb-mongodb-binding-0.17.0/workloads/workloadc -p mongodb.url=mongodb://127.0.0.1:27017/ycsb?w=1 -p measurementtype=raw -p measurement.raw.output_file=/home/runner/work/The-Omni-Compass/The-Omni-Compass/out/ycsb-c/rep-3/native/notch-4.raw -p recordcount=500000 -p operationcount=1000000000 -p maxexecutiontime=30 -p target=3000 -p threads=32 -p insertstart=0 -p insertorder=ordered -p requestdistribution=uniform -p seed=100303
YCSB Client 0.17.0

Loading workload...
Starting test.
Maximum execution time specified as: 30 secs
2026-10-10 03:44:54:873 0 sec: 0 operations; est completion in 0 second 
DBWrapper: report latency for each error is false and specific error codes to track for latency are: []
2026-10-10 03:45:04:845 10 sec: 29226 operations; 2922.6 current ops/sec; est completion in 3 days 23 hours READ count: 29227, average latency(us): 137.79 
2026-10-10 03:45:14:845 20 sec: 59226 operations; 3000 current ops/sec; est completion in 3 days 21 hours READ count: 29999, average latency(us): 120.21 
Maximum time elapsed. Requesting stop for the workload.
Stop requested for workload. Now Joining!
2026-10-10 03:45:24:845 30 sec: 89225 operations; 2999.9 current ops/sec; est completion in 3 days 21 hours READ count: 30000, average latency(us): 124.78 
2026-10-10 03:45:24:857 30 sec: 89227 operations; 166.67 current ops/sec; est completion in 3 days 21 hours READ count: 1, average latency(us): 262.00 CLEANUP count: 1, average latency(us): 11334.00 


/opt/hostedtoolcache/Java_Temurin-Hotspot_jdk/17.0.20-1/x64/bin/java  -classpath /home/runner/ycsb-mongodb-binding-0.17.0/conf:/home/runner/ycsb-mongodb-binding-0.17.0/lib/HdrHistogram-2.1.4.jar:/home/runner/ycsb-mongodb-binding-0.17.0/lib/core-0.17.0.jar:/home/runner/ycsb-mongodb-binding-0.17.0/lib/htrace-core4-4.1.0-incubating.jar:/home/runner/ycsb-mongodb-binding-0.17.0/lib/jackson-core-asl-1.9.4.jar:/home/runner/ycsb-mongodb-binding-0.17.0/lib/jackson-mapper-asl-1.9.4.jar:/home/runner/ycsb-mongodb-binding-0.17.0/lib/logback-classic-1.1.2.jar:/home/runner/ycsb-mongodb-binding-0.17.0/lib/logback-core-1.1.2.jar:/home/runner/ycsb-mongodb-binding-0.17.0/lib/mongo-java-driver-3.8.0.jar:/home/runner/ycsb-mongodb-binding-0.17.0/lib/mongodb-async-driver-2.0.1.jar:/home/runner/ycsb-mongodb-binding-0.17.0/lib/mongodb-binding-0.17.0.jar:/home/runner/ycsb-mongodb-binding-0.17.0/lib/slf4j-api-1.7.25.jar:/home/runner/ycsb-mongodb-binding-0.17.0/lib/snappy-java-1.1.7.1.jar site.ycsb.Client -t -db site.ycsb.db.MongoDbClient -s -P /home/runner/ycsb-mongodb-binding-0.17.0/workloads/workloadc -p mongodb.url=mongodb://127.0.0.1:27017/ycsb?w=1 -p measurementtype=raw -p measurement.raw.output_file=/home/runner/work/The-Omni-Compass/The-Omni-Compass/out/ycsb-c/rep-3/native/notch-5.raw -p recordcount=750000 -p operationcount=1000000000 -p maxexecutiontime=30 -p target=3000 -p threads=32 -p insertstart=0 -p insertorder=ordered -p requestdistribution=uniform -p seed=100304
mongo client connection created with mongodb://127.0.0.1:27017/ycsb?w=1
Raw data measurement: will output to result file: /home/runner/work/The-Omni-Compass/The-Omni-Compass/out/ycsb-c/rep-3/native/notch-5.raw
Raw data measurement: will output to result file: /home/runner/work/The-Omni-Compass/The-Omni-Compass/out/ycsb-c/rep-3/native/notch-5.raw
[OVERALL], RunTime(ms), 30002
[OVERALL], Throughput(ops/sec), 2972.1018598760083
[TOTAL_GCS_G1_Young_Generation], Count, 17
[TOTAL_GC_TIME_G1_Young_Generation], Time(ms), 88
[TOTAL_GC_TIME_%_G1_Young_Generation], Time(%), 0.29331377908139455
[TOTAL_GCS_G1_Old_Generation], Count, 0
[TOTAL_GC_TIME_G1_Old_Generation], Time(ms), 0
[TOTAL_GC_TIME_%_G1_Old_Generation], Time(%), 0.0
[TOTAL_GCs], Count, 17
[TOTAL_GC_TIME], Time(ms), 88
[TOTAL_GC_TIME_%], Time(%), 0.29331377908139455
[READ], Total Operations, 89169
[READ], Below is a summary of latency in microseconds:, -1
[READ], Average, 137.2589577095179
[READ], Min, 88
[READ], Max, 94782
[READ], p1, 96
[READ], p5, 98
[READ], p50, 114
[READ], p90, 164
[READ], p95, 182
[READ], p99, 301
[READ], p99.9, 710
[READ], p99.99, 28936
[READ], Return=OK, 89169
[CLEANUP], Total Operations, 1
[CLEANUP], Below is a summary of latency in microseconds:, -1
[CLEANUP], Average, 1002.0
[CLEANUP], Min, 1002
[CLEANUP], Max, 1002
[CLEANUP], p1, 1002
[CLEANUP], p5, 1002
[CLEANUP], p50, 1002
[CLEANUP], p90, 1002
[CLEANUP], p95, 1002
[CLEANUP], p99, 1002
[CLEANUP], p99.9, 1002
[CLEANUP], p99.99, 1002

Command line: -t -db site.ycsb.db.MongoDbClient -s -P /home/runner/ycsb-mongodb-binding-0.17.0/workloads/workloadc -p mongodb.url=mongodb://127.0.0.1:27017/ycsb?w=1 -p measurementtype=raw -p measurement.raw.output_file=/home/runner/work/The-Omni-Compass/The-Omni-Compass/out/ycsb-c/rep-3/native/notch-5.raw -p recordcount=750000 -p operationcount=1000000000 -p maxexecutiontime=30 -p target=3000 -p threads=32 -p insertstart=0 -p insertorder=ordered -p requestdistribution=uniform -p seed=100304
YCSB Client 0.17.0

Loading workload...
Starting test.
Maximum execution time specified as: 30 secs
2026-10-10 03:45:25:397 0 sec: 0 operations; est completion in 0 second 
DBWrapper: report latency for each error is false and specific error codes to track for latency are: []
2026-10-10 03:45:35:369 10 sec: 29168 operations; 2916.51 current ops/sec; est completion in 3 days 23 hours READ count: 29170, average latency(us): 154.92 
2026-10-10 03:45:45:369 20 sec: 59168 operations; 3000 current ops/sec; est completion in 3 days 21 hours READ count: 29998, average latency(us): 129.39 
Maximum time elapsed. Requesting stop for the workload.
Stop requested for workload. Now Joining!
2026-10-10 03:45:55:369 30 sec: 89168 operations; 3000.3 current ops/sec; est completion in 3 days 21 hours READ count: 30001, average latency(us): 127.96 
2026-10-10 03:45:55:370 30 sec: 89169 operations; 500 current ops/sec; est completion in 3 days 21 hours  CLEANUP count: 1, average latency(us): 1002.00 


/opt/hostedtoolcache/Java_Temurin-Hotspot_jdk/17.0.20-1/x64/bin/java  -classpath /home/runner/ycsb-mongodb-binding-0.17.0/conf:/home/runner/ycsb-mongodb-binding-0.17.0/lib/HdrHistogram-2.1.4.jar:/home/runner/ycsb-mongodb-binding-0.17.0/lib/core-0.17.0.jar:/home/runner/ycsb-mongodb-binding-0.17.0/lib/htrace-core4-4.1.0-incubating.jar:/home/runner/ycsb-mongodb-binding-0.17.0/lib/jackson-core-asl-1.9.4.jar:/home/runner/ycsb-mongodb-binding-0.17.0/lib/jackson-mapper-asl-1.9.4.jar:/home/runner/ycsb-mongodb-binding-0.17.0/lib/logback-classic-1.1.2.jar:/home/runner/ycsb-mongodb-binding-0.17.0/lib/logback-core-1.1.2.jar:/home/runner/ycsb-mongodb-binding-0.17.0/lib/mongo-java-driver-3.8.0.jar:/home/runner/ycsb-mongodb-binding-0.17.0/lib/mongodb-async-driver-2.0.1.jar:/home/runner/ycsb-mongodb-binding-0.17.0/lib/mongodb-binding-0.17.0.jar:/home/runner/ycsb-mongodb-binding-0.17.0/lib/slf4j-api-1.7.25.jar:/home/runner/ycsb-mongodb-binding-0.17.0/lib/snappy-java-1.1.7.1.jar site.ycsb.Client -t -db site.ycsb.db.MongoDbClient -s -P /home/runner/ycsb-mongodb-binding-0.17.0/workloads/workloadc -p mongodb.url=mongodb://127.0.0.1:27017/ycsb?w=1 -p measurementtype=raw -p measurement.raw.output_file=/home/runner/work/The-Omni-Compass/The-Omni-Compass/out/ycsb-c/rep-3/native/notch-6.raw -p recordcount=1000000 -p operationcount=1000000000 -p maxexecutiontime=30 -p target=3000 -p threads=32 -p insertstart=0 -p insertorder=ordered -p requestdistribution=uniform -p seed=100305
mongo client connection created with mongodb://127.0.0.1:27017/ycsb?w=1
Raw data measurement: will output to result file: /home/runner/work/The-Omni-Compass/The-Omni-Compass/out/ycsb-c/rep-3/native/notch-6.raw
Raw data measurement: will output to result file: /home/runner/work/The-Omni-Compass/The-Omni-Compass/out/ycsb-c/rep-3/native/notch-6.raw
[OVERALL], RunTime(ms), 30002
[OVERALL], Throughput(ops/sec), 2973.8684087727484
[TOTAL_GCS_G1_Young_Generation], Count, 18
[TOTAL_GC_TIME_G1_Young_Generation], Time(ms), 92
[TOTAL_GC_TIME_%_G1_Young_Generation], Time(%), 0.3066462235850943
[TOTAL_GCS_G1_Old_Generation], Count, 0
[TOTAL_GC_TIME_G1_Old_Generation], Time(ms), 0
[TOTAL_GC_TIME_%_G1_Old_Generation], Time(%), 0.0
[TOTAL_GCs], Count, 18
[TOTAL_GC_TIME], Time(ms), 92
[TOTAL_GC_TIME_%], Time(%), 0.3066462235850943
[READ], Total Operations, 89222
[READ], Below is a summary of latency in microseconds:, -1
[READ], Average, 288.0428257604627
[READ], Min, 83
[READ], Max, 387883
[READ], p1, 95
[READ], p5, 97
[READ], p50, 116
[READ], p90, 251
[READ], p95, 321
[READ], p99, 454
[READ], p99.9, 43128
[READ], p99.99, 207181
[READ], Return=OK, 89222
[CLEANUP], Total Operations, 1
[CLEANUP], Below is a summary of latency in microseconds:, -1
[CLEANUP], Average, 1038.0
[CLEANUP], Min, 1038
[CLEANUP], Max, 1038
[CLEANUP], p1, 1038
[CLEANUP], p5, 1038
[CLEANUP], p50, 1038
[CLEANUP], p90, 1038
[CLEANUP], p95, 1038
[CLEANUP], p99, 1038
[CLEANUP], p99.9, 1038
[CLEANUP], p99.99, 1038

Command line: -t -db site.ycsb.db.MongoDbClient -s -P /home/runner/ycsb-mongodb-binding-0.17.0/workloads/workloadc -p mongodb.url=mongodb://127.0.0.1:27017/ycsb?w=1 -p measurementtype=raw -p measurement.raw.output_file=/home/runner/work/The-Omni-Compass/The-Omni-Compass/out/ycsb-c/rep-3/native/notch-6.raw -p recordcount=1000000 -p operationcount=1000000000 -p maxexecutiontime=30 -p target=3000 -p threads=32 -p insertstart=0 -p insertorder=ordered -p requestdistribution=uniform -p seed=100305
YCSB Client 0.17.0

Loading workload...
Starting test.
Maximum execution time specified as: 30 secs
2026-10-10 03:45:55:908 0 sec: 0 operations; est completion in 0 second 
DBWrapper: report latency for each error is false and specific error codes to track for latency are: []
2026-10-10 03:46:05:881 10 sec: 21034 operations; 2103.4 current ops/sec; est completion in 5 days 12 hours READ count: 21037, average latency(us): 460.18 
2026-10-10 03:46:15:881 20 sec: 56126 operations; 3509.2 current ops/sec; est completion in 4 days 2 hours READ count: 35091, average latency(us): 283.64 
2026-10-10 03:46:25:881 30 sec: 89219 operations; 3309.3 current ops/sec; est completion in 3 days 21 hours READ count: 33092, average latency(us): 183.29 
Maximum time elapsed. Requesting stop for the workload.
Stop requested for workload. Now Joining!
2026-10-10 03:46:25:883 30 sec: 89222 operations; 1500 current ops/sec; est completion in 3 days 21 hours READ count: 2, average latency(us): 167.50 CLEANUP count: 1, average latency(us): 1038.00 


/opt/hostedtoolcache/Java_Temurin-Hotspot_jdk/17.0.20-1/x64/bin/java  -classpath /home/runner/ycsb-mongodb-binding-0.17.0/conf:/home/runner/ycsb-mongodb-binding-0.17.0/lib/HdrHistogram-2.1.4.jar:/home/runner/ycsb-mongodb-binding-0.17.0/lib/core-0.17.0.jar:/home/runner/ycsb-mongodb-binding-0.17.0/lib/htrace-core4-4.1.0-incubating.jar:/home/runner/ycsb-mongodb-binding-0.17.0/lib/jackson-core-asl-1.9.4.jar:/home/runner/ycsb-mongodb-binding-0.17.0/lib/jackson-mapper-asl-1.9.4.jar:/home/runner/ycsb-mongodb-binding-0.17.0/lib/logback-classic-1.1.2.jar:/home/runner/ycsb-mongodb-binding-0.17.0/lib/logback-core-1.1.2.jar:/home/runner/ycsb-mongodb-binding-0.17.0/lib/mongo-java-driver-3.8.0.jar:/home/runner/ycsb-mongodb-binding-0.17.0/lib/mongodb-async-driver-2.0.1.jar:/home/runner/ycsb-mongodb-binding-0.17.0/lib/mongodb-binding-0.17.0.jar:/home/runner/ycsb-mongodb-binding-0.17.0/lib/slf4j-api-1.7.25.jar:/home/runner/ycsb-mongodb-binding-0.17.0/lib/snappy-java-1.1.7.1.jar site.ycsb.Client -t -db site.ycsb.db.MongoDbClient -s -P /home/runner/ycsb-mongodb-binding-0.17.0/workloads/workloadc -p mongodb.url=mongodb://127.0.0.1:27017/ycsb?w=1 -p measurementtype=raw -p measurement.raw.output_file=/home/runner/work/The-Omni-Compass/The-Omni-Compass/out/ycsb-c/rep-3/native/notch-7.raw -p recordcount=1250000 -p operationcount=1000000000 -p maxexecutiontime=30 -p target=3000 -p threads=32 -p insertstart=0 -p insertorder=ordered -p requestdistribution=uniform -p seed=100306
mongo client connection created with mongodb://127.0.0.1:27017/ycsb?w=1
Raw data measurement: will output to result file: /home/runner/work/The-Omni-Compass/The-Omni-Compass/out/ycsb-c/rep-3/native/notch-7.raw
Raw data measurement: will output to result file: /home/runner/work/The-Omni-Compass/The-Omni-Compass/out/ycsb-c/rep-3/native/notch-7.raw
[OVERALL], RunTime(ms), 30002
[OVERALL], Throughput(ops/sec), 2967.935470968602
[TOTAL_GCS_G1_Young_Generation], Count, 17
[TOTAL_GC_TIME_G1_Young_Generation], Time(ms), 87
[TOTAL_GC_TIME_%_G1_Young_Generation], Time(%), 0.2899806679554696
[TOTAL_GCS_G1_Old_Generation], Count, 0
[TOTAL_GC_TIME_G1_Old_Generation], Time(ms), 0
[TOTAL_GC_TIME_%_G1_Old_Generation], Time(%), 0.0
[TOTAL_GCs], Count, 17
[TOTAL_GC_TIME], Time(ms), 87
[TOTAL_GC_TIME_%], Time(%), 0.2899806679554696
[READ], Total Operations, 89044
[READ], Below is a summary of latency in microseconds:, -1
[READ], Average, 317.8082745608912
[READ], Min, 80
[READ], Max, 218810
[READ], p1, 94
[READ], p5, 97
[READ], p50, 133
[READ], p90, 264
[READ], p95, 326
[READ], p99, 474
[READ], p99.9, 59876
[READ], p99.99, 178796
[READ], Return=OK, 89044
[CLEANUP], Total Operations, 1
[CLEANUP], Below is a summary of latency in microseconds:, -1
[CLEANUP], Average, 1016.0
[CLEANUP], Min, 1016
[CLEANUP], Max, 1016
[CLEANUP], p1, 1016
[CLEANUP], p5, 1016
[CLEANUP], p50, 1016
[CLEANUP], p90, 1016
[CLEANUP], p95, 1016
[CLEANUP], p99, 1016
[CLEANUP], p99.9, 1016
[CLEANUP], p99.99, 1016

Command line: -t -db site.ycsb.db.MongoDbClient -s -P /home/runner/ycsb-mongodb-binding-0.17.0/workloads/workloadc -p mongodb.url=mongodb://127.0.0.1:27017/ycsb?w=1 -p measurementtype=raw -p measurement.raw.output_file=/home/runner/work/The-Omni-Compass/The-Omni-Compass/out/ycsb-c/rep-3/native/notch-7.raw -p recordcount=1250000 -p operationcount=1000000000 -p maxexecutiontime=30 -p target=3000 -p threads=32 -p insertstart=0 -p insertorder=ordered -p requestdistribution=uniform -p seed=100306
YCSB Client 0.17.0

Loading workload...
Starting test.
Maximum execution time specified as: 30 secs
2026-10-10 03:46:26:434 0 sec: 0 operations; est completion in 0 second 
DBWrapper: report latency for each error is false and specific error codes to track for latency are: []
2026-10-10 03:46:36:406 10 sec: 28582 operations; 2857.91 current ops/sec; est completion in 4 days 1 hour READ count: 28582, average latency(us): 337.35 
2026-10-10 03:46:46:406 20 sec: 55776 operations; 2719.67 current ops/sec; est completion in 4 days 3 hours READ count: 27194, average latency(us): 342.55 
Maximum time elapsed. Requesting stop for the workload.
Stop requested for workload. Now Joining!
2026-10-10 03:46:56:406 30 sec: 89042 operations; 3326.6 current ops/sec; est completion in 3 days 21 hours READ count: 33267, average latency(us): 280.80 
2026-10-10 03:46:56:407 30 sec: 89044 operations; 1000 current ops/sec; est completion in 3 days 21 hours READ count: 1, average latency(us): 155.00 CLEANUP count: 1, average latency(us): 1016.00 


/opt/hostedtoolcache/Java_Temurin-Hotspot_jdk/17.0.20-1/x64/bin/java  -classpath /home/runner/ycsb-mongodb-binding-0.17.0/conf:/home/runner/ycsb-mongodb-binding-0.17.0/lib/HdrHistogram-2.1.4.jar:/home/runner/ycsb-mongodb-binding-0.17.0/lib/core-0.17.0.jar:/home/runner/ycsb-mongodb-binding-0.17.0/lib/htrace-core4-4.1.0-incubating.jar:/home/runner/ycsb-mongodb-binding-0.17.0/lib/jackson-core-asl-1.9.4.jar:/home/runner/ycsb-mongodb-binding-0.17.0/lib/jackson-mapper-asl-1.9.4.jar:/home/runner/ycsb-mongodb-binding-0.17.0/lib/logback-classic-1.1.2.jar:/home/runner/ycsb-mongodb-binding-0.17.0/lib/logback-core-1.1.2.jar:/home/runner/ycsb-mongodb-binding-0.17.0/lib/mongo-java-driver-3.8.0.jar:/home/runner/ycsb-mongodb-binding-0.17.0/lib/mongodb-async-driver-2.0.1.jar:/home/runner/ycsb-mongodb-binding-0.17.0/lib/mongodb-binding-0.17.0.jar:/home/runner/ycsb-mongodb-binding-0.17.0/lib/slf4j-api-1.7.25.jar:/home/runner/ycsb-mongodb-binding-0.17.0/lib/snappy-java-1.1.7.1.jar site.ycsb.Client -t -db site.ycsb.db.MongoDbClient -s -P /home/runner/ycsb-mongodb-binding-0.17.0/workloads/workloadc -p mongodb.url=mongodb://127.0.0.1:27017/ycsb?w=1 -p measurementtype=raw -p measurement.raw.output_file=/home/runner/work/The-Omni-Compass/The-Omni-Compass/out/ycsb-c/rep-3/native/notch-8.raw -p recordcount=1500000 -p operationcount=1000000000 -p maxexecutiontime=30 -p target=3000 -p threads=32 -p insertstart=0 -p insertorder=ordered -p requestdistribution=uniform -p seed=100307
mongo client connection created with mongodb://127.0.0.1:27017/ycsb?w=1
Raw data measurement: will output to result file: /home/runner/work/The-Omni-Compass/The-Omni-Compass/out/ycsb-c/rep-3/native/notch-8.raw
Raw data measurement: will output to result file: /home/runner/work/The-Omni-Compass/The-Omni-Compass/out/ycsb-c/rep-3/native/notch-8.raw
[OVERALL], RunTime(ms), 30024
[OVERALL], Throughput(ops/sec), 2968.8249400479617
[TOTAL_GCS_G1_Young_Generation], Count, 17
[TOTAL_GC_TIME_G1_Young_Generation], Time(ms), 87
[TOTAL_GC_TIME_%_G1_Young_Generation], Time(%), 0.2897681854516387
[TOTAL_GCS_G1_Old_Generation], Count, 0
[TOTAL_GC_TIME_G1_Old_Generation], Time(ms), 0
[TOTAL_GC_TIME_%_G1_Old_Generation], Time(%), 0.0
[TOTAL_GCs], Count, 17
[TOTAL_GC_TIME], Time(ms), 87
[TOTAL_GC_TIME_%], Time(%), 0.2897681854516387
[READ], Total Operations, 89136
[READ], Below is a summary of latency in microseconds:, -1
[READ], Average, 274.07267546221505
[READ], Min, 89
[READ], Max, 429032
[READ], p1, 96
[READ], p5, 99
[READ], p50, 127
[READ], p90, 261
[READ], p95, 324
[READ], p99, 453
[READ], p99.9, 42303
[READ], p99.99, 143442
[READ], Return=OK, 89136
[CLEANUP], Total Operations, 1
[CLEANUP], Below is a summary of latency in microseconds:, -1
[CLEANUP], Average, 1151.0
[CLEANUP], Min, 1151
[CLEANUP], Max, 1151
[CLEANUP], p1, 1151
[CLEANUP], p5, 1151
[CLEANUP], p50, 1151
[CLEANUP], p90, 1151
[CLEANUP], p95, 1151
[CLEANUP], p99, 1151
[CLEANUP], p99.9, 1151
[CLEANUP], p99.99, 1151

Command line: -t -db site.ycsb.db.MongoDbClient -s -P /home/runner/ycsb-mongodb-binding-0.17.0/workloads/workloadc -p mongodb.url=mongodb://127.0.0.1:27017/ycsb?w=1 -p measurementtype=raw -p measurement.raw.output_file=/home/runner/work/The-Omni-Compass/The-Omni-Compass/out/ycsb-c/rep-3/native/notch-8.raw -p recordcount=1500000 -p operationcount=1000000000 -p maxexecutiontime=30 -p target=3000 -p threads=32 -p insertstart=0 -p insertorder=ordered -p requestdistribution=uniform -p seed=100307
YCSB Client 0.17.0

Loading workload...
Starting test.
Maximum execution time specified as: 30 secs
2026-10-10 03:46:56:969 0 sec: 0 operations; est completion in 0 second 
DBWrapper: report latency for each error is false and specific error codes to track for latency are: []
2026-10-10 03:47:06:942 10 sec: 26008 operations; 2600.8 current ops/sec; est completion in 4 days 10 hours READ count: 26010, average latency(us): 371.60 
2026-10-10 03:47:16:941 20 sec: 59212 operations; 3320.4 current ops/sec; est completion in 3 days 21 hours READ count: 33204, average latency(us): 269.96 
Maximum time elapsed. Requesting stop for the workload.
Stop requested for workload. Now Joining!
2026-10-10 03:47:26:941 30 sec: 89135 operations; 2992.3 current ops/sec; est completion in 3 days 21 hours READ count: 29921, average latency(us): 192.27 
2026-10-10 03:47:26:965 30 sec: 89136 operations; 41.67 current ops/sec; est completion in 3 days 21 hours READ count: 1, average latency(us): 48093.00 CLEANUP count: 1, average latency(us): 1151.00 


/opt/hostedtoolcache/Java_Temurin-Hotspot_jdk/17.0.20-1/x64/bin/java  -classpath /home/runner/ycsb-mongodb-binding-0.17.0/conf:/home/runner/ycsb-mongodb-binding-0.17.0/lib/HdrHistogram-2.1.4.jar:/home/runner/ycsb-mongodb-binding-0.17.0/lib/core-0.17.0.jar:/home/runner/ycsb-mongodb-binding-0.17.0/lib/htrace-core4-4.1.0-incubating.jar:/home/runner/ycsb-mongodb-binding-0.17.0/lib/jackson-core-asl-1.9.4.jar:/home/runner/ycsb-mongodb-binding-0.17.0/lib/jackson-mapper-asl-1.9.4.jar:/home/runner/ycsb-mongodb-binding-0.17.0/lib/logback-classic-1.1.2.jar:/home/runner/ycsb-mongodb-binding-0.17.0/lib/logback-core-1.1.2.jar:/home/runner/ycsb-mongodb-binding-0.17.0/lib/mongo-java-driver-3.8.0.jar:/home/runner/ycsb-mongodb-binding-0.17.0/lib/mongodb-async-driver-2.0.1.jar:/home/runner/ycsb-mongodb-binding-0.17.0/lib/mongodb-binding-0.17.0.jar:/home/runner/ycsb-mongodb-binding-0.17.0/lib/slf4j-api-1.7.25.jar:/home/runner/ycsb-mongodb-binding-0.17.0/lib/snappy-java-1.1.7.1.jar site.ycsb.Client -t -db site.ycsb.db.MongoDbClient -s -P /home/runner/ycsb-mongodb-binding-0.17.0/workloads/workloadc -p mongodb.url=mongodb://127.0.0.1:27017/ycsb?w=1 -p measurementtype=raw -p measurement.raw.output_file=/home/runner/work/The-Omni-Compass/The-Omni-Compass/out/ycsb-c/rep-3/native/notch-9.raw -p recordcount=1250000 -p operationcount=1000000000 -p maxexecutiontime=30 -p target=3000 -p threads=32 -p insertstart=0 -p insertorder=ordered -p requestdistribution=uniform -p seed=100308
mongo client connection created with mongodb://127.0.0.1:27017/ycsb?w=1
Raw data measurement: will output to result file: /home/runner/work/The-Omni-Compass/The-Omni-Compass/out/ycsb-c/rep-3/native/notch-9.raw
Raw data measurement: will output to result file: /home/runner/work/The-Omni-Compass/The-Omni-Compass/out/ycsb-c/rep-3/native/notch-9.raw
[OVERALL], RunTime(ms), 30002
[OVERALL], Throughput(ops/sec), 2972.4018398773414
[TOTAL_GCS_G1_Young_Generation], Count, 17
[TOTAL_GC_TIME_G1_Young_Generation], Time(ms), 87
[TOTAL_GC_TIME_%_G1_Young_Generation], Time(%), 0.2899806679554696
[TOTAL_GCS_G1_Old_Generation], Count, 0
[TOTAL_GC_TIME_G1_Old_Generation], Time(ms), 0
[TOTAL_GC_TIME_%_G1_Old_Generation], Time(%), 0.0
[TOTAL_GCs], Count, 17
[TOTAL_GC_TIME], Time(ms), 87
[TOTAL_GC_TIME_%], Time(%), 0.2899806679554696
[READ], Total Operations, 89178
[READ], Below is a summary of latency in microseconds:, -1
[READ], Average, 145.1736078404988
[READ], Min, 90
[READ], Max, 224529
[READ], p1, 97
[READ], p5, 99
[READ], p50, 118
[READ], p90, 161
[READ], p95, 182
[READ], p99, 303
[READ], p99.9, 695
[READ], p99.99, 22315
[READ], Return=OK, 89178
[CLEANUP], Total Operations, 1
[CLEANUP], Below is a summary of latency in microseconds:, -1
[CLEANUP], Average, 1088.0
[CLEANUP], Min, 1088
[CLEANUP], Max, 1088
[CLEANUP], p1, 1088
[CLEANUP], p5, 1088
[CLEANUP], p50, 1088
[CLEANUP], p90, 1088
[CLEANUP], p95, 1088
[CLEANUP], p99, 1088
[CLEANUP], p99.9, 1088
[CLEANUP], p99.99, 1088

Command line: -t -db site.ycsb.db.MongoDbClient -s -P /home/runner/ycsb-mongodb-binding-0.17.0/workloads/workloadc -p mongodb.url=mongodb://127.0.0.1:27017/ycsb?w=1 -p measurementtype=raw -p measurement.raw.output_file=/home/runner/work/The-Omni-Compass/The-Omni-Compass/out/ycsb-c/rep-3/native/notch-9.raw -p recordcount=1250000 -p operationcount=1000000000 -p maxexecutiontime=30 -p target=3000 -p threads=32 -p insertstart=0 -p insertorder=ordered -p requestdistribution=uniform -p seed=100308
YCSB Client 0.17.0

Loading workload...
Starting test.
Maximum execution time specified as: 30 secs
2026-10-10 03:47:27:503 0 sec: 0 operations; est completion in 0 second 
DBWrapper: report latency for each error is false and specific error codes to track for latency are: []
2026-10-10 03:47:37:471 10 sec: 29177 operations; 2917.7 current ops/sec; est completion in 3 days 23 hours READ count: 29179, average latency(us): 174.43 
2026-10-10 03:47:47:471 20 sec: 59177 operations; 3000 current ops/sec; est completion in 3 days 21 hours READ count: 29999, average latency(us): 135.55 
Maximum time elapsed. Requesting stop for the workload.
Stop requested for workload. Now Joining!
2026-10-10 03:47:57:471 30 sec: 89177 operations; 3000 current ops/sec; est completion in 3 days 21 hours READ count: 30000, average latency(us): 126.34 
2026-10-10 03:47:57:473 30 sec: 89178 operations; 500 current ops/sec; est completion in 3 days 21 hours  CLEANUP count: 1, average latency(us): 1088.00 


/opt/hostedtoolcache/Java_Temurin-Hotspot_jdk/17.0.20-1/x64/bin/java  -classpath /home/runner/ycsb-mongodb-binding-0.17.0/conf:/home/runner/ycsb-mongodb-binding-0.17.0/lib/HdrHistogram-2.1.4.jar:/home/runner/ycsb-mongodb-binding-0.17.0/lib/core-0.17.0.jar:/home/runner/ycsb-mongodb-binding-0.17.0/lib/htrace-core4-4.1.0-incubating.jar:/home/runner/ycsb-mongodb-binding-0.17.0/lib/jackson-core-asl-1.9.4.jar:/home/runner/ycsb-mongodb-binding-0.17.0/lib/jackson-mapper-asl-1.9.4.jar:/home/runner/ycsb-mongodb-binding-0.17.0/lib/logback-classic-1.1.2.jar:/home/runner/ycsb-mongodb-binding-0.17.0/lib/logback-core-1.1.2.jar:/home/runner/ycsb-mongodb-binding-0.17.0/lib/mongo-java-driver-3.8.0.jar:/home/runner/ycsb-mongodb-binding-0.17.0/lib/mongodb-async-driver-2.0.1.jar:/home/runner/ycsb-mongodb-binding-0.17.0/lib/mongodb-binding-0.17.0.jar:/home/runner/ycsb-mongodb-binding-0.17.0/lib/slf4j-api-1.7.25.jar:/home/runner/ycsb-mongodb-binding-0.17.0/lib/snappy-java-1.1.7.1.jar site.ycsb.Client -t -db site.ycsb.db.MongoDbClient -s -P /home/runner/ycsb-mongodb-binding-0.17.0/workloads/workloadc -p mongodb.url=mongodb://127.0.0.1:27017/ycsb?w=1 -p measurementtype=raw -p measurement.raw.output_file=/home/runner/work/The-Omni-Compass/The-Omni-Compass/out/ycsb-c/rep-3/native/notch-10.raw -p recordcount=1000000 -p operationcount=1000000000 -p maxexecutiontime=30 -p target=3000 -p threads=32 -p insertstart=0 -p insertorder=ordered -p requestdistribution=uniform -p seed=100309
mongo client connection created with mongodb://127.0.0.1:27017/ycsb?w=1
Raw data measurement: will output to result file: /home/runner/work/The-Omni-Compass/The-Omni-Compass/out/ycsb-c/rep-3/native/notch-10.raw
Raw data measurement: will output to result file: /home/runner/work/The-Omni-Compass/The-Omni-Compass/out/ycsb-c/rep-3/native/notch-10.raw
[OVERALL], RunTime(ms), 30002
[OVERALL], Throughput(ops/sec), 2974.868342110526
[TOTAL_GCS_G1_Young_Generation], Count, 18
[TOTAL_GC_TIME_G1_Young_Generation], Time(ms), 102
[TOTAL_GC_TIME_%_G1_Young_Generation], Time(%), 0.33997733484434367
[TOTAL_GCS_G1_Old_Generation], Count, 0
[TOTAL_GC_TIME_G1_Old_Generation], Time(ms), 0
[TOTAL_GC_TIME_%_G1_Old_Generation], Time(%), 0.0
[TOTAL_GCs], Count, 18
[TOTAL_GC_TIME], Time(ms), 102
[TOTAL_GC_TIME_%], Time(%), 0.33997733484434367
[READ], Total Operations, 89252
[READ], Below is a summary of latency in microseconds:, -1
[READ], Average, 137.79460404248644
[READ], Min, 90
[READ], Max, 35368
[READ], p1, 97
[READ], p5, 100
[READ], p50, 135
[READ], p90, 164
[READ], p95, 181
[READ], p99, 281
[READ], p99.9, 676
[READ], p99.99, 6645
[READ], Return=OK, 89252
[CLEANUP], Total Operations, 1
[CLEANUP], Below is a summary of latency in microseconds:, -1
[CLEANUP], Average, 1061.0
[CLEANUP], Min, 1061
[CLEANUP], Max, 1061
[CLEANUP], p1, 1061
[CLEANUP], p5, 1061
[CLEANUP], p50, 1061
[CLEANUP], p90, 1061
[CLEANUP], p95, 1061
[CLEANUP], p99, 1061
[CLEANUP], p99.9, 1061
[CLEANUP], p99.99, 1061

Command line: -t -db site.ycsb.db.MongoDbClient -s -P /home/runner/ycsb-mongodb-binding-0.17.0/workloads/workloadc -p mongodb.url=mongodb://127.0.0.1:27017/ycsb?w=1 -p measurementtype=raw -p measurement.raw.output_file=/home/runner/work/The-Omni-Compass/The-Omni-Compass/out/ycsb-c/rep-3/native/notch-10.raw -p recordcount=1000000 -p operationcount=1000000000 -p maxexecutiontime=30 -p target=3000 -p threads=32 -p insertstart=0 -p insertorder=ordered -p requestdistribution=uniform -p seed=100309
YCSB Client 0.17.0

Loading workload...
Starting test.
Maximum execution time specified as: 30 secs
2026-10-10 03:47:58:013 0 sec: 0 operations; est completion in 0 second 
DBWrapper: report latency for each error is false and specific error codes to track for latency are: []
2026-10-10 03:48:07:981 10 sec: 29251 operations; 2925.1 current ops/sec; est completion in 3 days 22 hours READ count: 29253, average latency(us): 152.44 
2026-10-10 03:48:17:981 20 sec: 59251 operations; 3000 current ops/sec; est completion in 3 days 21 hours READ count: 29999, average latency(us): 130.43 
Maximum time elapsed. Requesting stop for the workload.
Stop requested for workload. Now Joining!
2026-10-10 03:48:27:981 30 sec: 89251 operations; 3000 current ops/sec; est completion in 3 days 21 hours READ count: 29999, average latency(us): 130.88 
2026-10-10 03:48:27:983 30 sec: 89252 operations; 500 current ops/sec; est completion in 3 days 21 hours READ count: 1, average latency(us): 273.00 CLEANUP count: 1, average latency(us): 1061.00 


/opt/hostedtoolcache/Java_Temurin-Hotspot_jdk/17.0.20-1/x64/bin/java  -classpath /home/runner/ycsb-mongodb-binding-0.17.0/conf:/home/runner/ycsb-mongodb-binding-0.17.0/lib/HdrHistogram-2.1.4.jar:/home/runner/ycsb-mongodb-binding-0.17.0/lib/core-0.17.0.jar:/home/runner/ycsb-mongodb-binding-0.17.0/lib/htrace-core4-4.1.0-incubating.jar:/home/runner/ycsb-mongodb-binding-0.17.0/lib/jackson-core-asl-1.9.4.jar:/home/runner/ycsb-mongodb-binding-0.17.0/lib/jackson-mapper-asl-1.9.4.jar:/home/runner/ycsb-mongodb-binding-0.17.0/lib/logback-classic-1.1.2.jar:/home/runner/ycsb-mongodb-binding-0.17.0/lib/logback-core-1.1.2.jar:/home/runner/ycsb-mongodb-binding-0.17.0/lib/mongo-java-driver-3.8.0.jar:/home/runner/ycsb-mongodb-binding-0.17.0/lib/mongodb-async-driver-2.0.1.jar:/home/runner/ycsb-mongodb-binding-0.17.0/lib/mongodb-binding-0.17.0.jar:/home/runner/ycsb-mongodb-binding-0.17.0/lib/slf4j-api-1.7.25.jar:/home/runner/ycsb-mongodb-binding-0.17.0/lib/snappy-java-1.1.7.1.jar site.ycsb.Client -t -db site.ycsb.db.MongoDbClient -s -P /home/runner/ycsb-mongodb-binding-0.17.0/workloads/workloadc -p mongodb.url=mongodb://127.0.0.1:27017/ycsb?w=1 -p measurementtype=raw -p measurement.raw.output_file=/home/runner/work/The-Omni-Compass/The-Omni-Compass/out/ycsb-c/rep-3/native/notch-11.raw -p recordcount=750000 -p operationcount=1000000000 -p maxexecutiontime=30 -p target=3000 -p threads=32 -p insertstart=0 -p insertorder=ordered -p requestdistribution=uniform -p seed=100310
mongo client connection created with mongodb://127.0.0.1:27017/ycsb?w=1
Raw data measurement: will output to result file: /home/runner/work/The-Omni-Compass/The-Omni-Compass/out/ycsb-c/rep-3/native/notch-11.raw
Raw data measurement: will output to result file: /home/runner/work/The-Omni-Compass/The-Omni-Compass/out/ycsb-c/rep-3/native/notch-11.raw
[OVERALL], RunTime(ms), 30002
[OVERALL], Throughput(ops/sec), 2973.6017598826743
[TOTAL_GCS_G1_Young_Generation], Count, 17
[TOTAL_GC_TIME_G1_Young_Generation], Time(ms), 86
[TOTAL_GC_TIME_%_G1_Young_Generation], Time(%), 0.2866475568295447
[TOTAL_GCS_G1_Old_Generation], Count, 0
[TOTAL_GC_TIME_G1_Old_Generation], Time(ms), 0
[TOTAL_GC_TIME_%_G1_Old_Generation], Time(%), 0.0
[TOTAL_GCs], Count, 17
[TOTAL_GC_TIME], Time(ms), 86
[TOTAL_GC_TIME_%], Time(%), 0.2866475568295447
[READ], Total Operations, 89214
[READ], Below is a summary of latency in microseconds:, -1
[READ], Average, 134.044354025153
[READ], Min, 89
[READ], Max, 39222
[READ], p1, 96
[READ], p5, 98
[READ], p50, 125
[READ], p90, 165
[READ], p95, 180
[READ], p99, 280
[READ], p99.9, 628
[READ], p99.99, 4897
[READ], Return=OK, 89214
[CLEANUP], Total Operations, 1
[CLEANUP], Below is a summary of latency in microseconds:, -1
[CLEANUP], Average, 1041.0
[CLEANUP], Min, 1041
[CLEANUP], Max, 1041
[CLEANUP], p1, 1041
[CLEANUP], p5, 1041
[CLEANUP], p50, 1041
[CLEANUP], p90, 1041
[CLEANUP], p95, 1041
[CLEANUP], p99, 1041
[CLEANUP], p99.9, 1041
[CLEANUP], p99.99, 1041

Command line: -t -db site.ycsb.db.MongoDbClient -s -P /home/runner/ycsb-mongodb-binding-0.17.0/workloads/workloadc -p mongodb.url=mongodb://127.0.0.1:27017/ycsb?w=1 -p measurementtype=raw -p measurement.raw.output_file=/home/runner/work/The-Omni-Compass/The-Omni-Compass/out/ycsb-c/rep-3/native/notch-11.raw -p recordcount=750000 -p operationcount=1000000000 -p maxexecutiontime=30 -p target=3000 -p threads=32 -p insertstart=0 -p insertorder=ordered -p requestdistribution=uniform -p seed=100310
YCSB Client 0.17.0

Loading workload...
Starting test.
Maximum execution time specified as: 30 secs
2026-10-10 03:48:28:535 0 sec: 0 operations; est completion in 0 second 
DBWrapper: report latency for each error is false and specific error codes to track for latency are: []
2026-10-10 03:48:38:505 10 sec: 29213 operations; 2921.3 current ops/sec; est completion in 3 days 23 hours READ count: 29214, average latency(us): 151.19 
2026-10-10 03:48:48:505 20 sec: 59213 operations; 3000 current ops/sec; est completion in 3 days 21 hours READ count: 29999, average latency(us): 124.34 
Maximum time elapsed. Requesting stop for the workload.
Stop requested for workload. Now Joining!
2026-10-10 03:48:58:505 30 sec: 89212 operations; 2999.9 current ops/sec; est completion in 3 days 21 hours READ count: 30000, average latency(us): 127.05 
2026-10-10 03:48:58:507 30 sec: 89214 operations; 1000 current ops/sec; est completion in 3 days 21 hours READ count: 1, average latency(us): 268.00 CLEANUP count: 1, average latency(us): 1041.00 


/opt/hostedtoolcache/Java_Temurin-Hotspot_jdk/17.0.20-1/x64/bin/java  -classpath /home/runner/ycsb-mongodb-binding-0.17.0/conf:/home/runner/ycsb-mongodb-binding-0.17.0/lib/HdrHistogram-2.1.4.jar:/home/runner/ycsb-mongodb-binding-0.17.0/lib/core-0.17.0.jar:/home/runner/ycsb-mongodb-binding-0.17.0/lib/htrace-core4-4.1.0-incubating.jar:/home/runner/ycsb-mongodb-binding-0.17.0/lib/jackson-core-asl-1.9.4.jar:/home/runner/ycsb-mongodb-binding-0.17.0/lib/jackson-mapper-asl-1.9.4.jar:/home/runner/ycsb-mongodb-binding-0.17.0/lib/logback-classic-1.1.2.jar:/home/runner/ycsb-mongodb-binding-0.17.0/lib/logback-core-1.1.2.jar:/home/runner/ycsb-mongodb-binding-0.17.0/lib/mongo-java-driver-3.8.0.jar:/home/runner/ycsb-mongodb-binding-0.17.0/lib/mongodb-async-driver-2.0.1.jar:/home/runner/ycsb-mongodb-binding-0.17.0/lib/mongodb-binding-0.17.0.jar:/home/runner/ycsb-mongodb-binding-0.17.0/lib/slf4j-api-1.7.25.jar:/home/runner/ycsb-mongodb-binding-0.17.0/lib/snappy-java-1.1.7.1.jar site.ycsb.Client -t -db site.ycsb.db.MongoDbClient -s -P /home/runner/ycsb-mongodb-binding-0.17.0/workloads/workloadc -p mongodb.url=mongodb://127.0.0.1:27017/ycsb?w=1 -p measurementtype=raw -p measurement.raw.output_file=/home/runner/work/The-Omni-Compass/The-Omni-Compass/out/ycsb-c/rep-3/native/notch-12.raw -p recordcount=500000 -p operationcount=1000000000 -p maxexecutiontime=30 -p target=3000 -p threads=32 -p insertstart=0 -p insertorder=ordered -p requestdistribution=uniform -p seed=100311
mongo client connection created with mongodb://127.0.0.1:27017/ycsb?w=1
Raw data measurement: will output to result file: /home/runner/work/The-Omni-Compass/The-Omni-Compass/out/ycsb-c/rep-3/native/notch-12.raw
Raw data measurement: will output to result file: /home/runner/work/The-Omni-Compass/The-Omni-Compass/out/ycsb-c/rep-3/native/notch-12.raw
[OVERALL], RunTime(ms), 30003
[OVERALL], Throughput(ops/sec), 2972.0361297203613
[TOTAL_GCS_G1_Young_Generation], Count, 17
[TOTAL_GC_TIME_G1_Young_Generation], Time(ms), 89
[TOTAL_GC_TIME_%_G1_Young_Generation], Time(%), 0.29663700296637
[TOTAL_GCS_G1_Old_Generation], Count, 0
[TOTAL_GC_TIME_G1_Old_Generation], Time(ms), 0
[TOTAL_GC_TIME_%_G1_Old_Generation], Time(%), 0.0
[TOTAL_GCs], Count, 17
[TOTAL_GC_TIME], Time(ms), 89
[TOTAL_GC_TIME_%], Time(%), 0.29663700296637
[READ], Total Operations, 89170
[READ], Below is a summary of latency in microseconds:, -1
[READ], Average, 130.13839856453964
[READ], Min, 86
[READ], Max, 43028
[READ], p1, 95
[READ], p5, 96
[READ], p50, 115
[READ], p90, 156
[READ], p95, 182
[READ], p99, 278
[READ], p99.9, 687
[READ], p99.99, 5404
[READ], Return=OK, 89170
[CLEANUP], Total Operations, 1
[CLEANUP], Below is a summary of latency in microseconds:, -1
[CLEANUP], Average, 1072.0
[CLEANUP], Min, 1072
[CLEANUP], Max, 1072
[CLEANUP], p1, 1072
[CLEANUP], p5, 1072
[CLEANUP], p50, 1072
[CLEANUP], p90, 1072
[CLEANUP], p95, 1072
[CLEANUP], p99, 1072
[CLEANUP], p99.9, 1072
[CLEANUP], p99.99, 1072

Command line: -t -db site.ycsb.db.MongoDbClient -s -P /home/runner/ycsb-mongodb-binding-0.17.0/workloads/workloadc -p mongodb.url=mongodb://127.0.0.1:27017/ycsb?w=1 -p measurementtype=raw -p measurement.raw.output_file=/home/runner/work/The-Omni-Compass/The-Omni-Compass/out/ycsb-c/rep-3/native/notch-12.raw -p recordcount=500000 -p operationcount=1000000000 -p maxexecutiontime=30 -p target=3000 -p threads=32 -p insertstart=0 -p insertorder=ordered -p requestdistribution=uniform -p seed=100311
YCSB Client 0.17.0

Loading workload...
Starting test.
Maximum execution time specified as: 30 secs
2026-10-10 03:48:59:056 0 sec: 0 operations; est completion in 0 second 
DBWrapper: report latency for each error is false and specific error codes to track for latency are: []
2026-10-10 03:49:09:029 10 sec: 29168 operations; 2916.51 current ops/sec; est completion in 3 days 23 hours READ count: 29170, average latency(us): 148.87 
2026-10-10 03:49:19:029 20 sec: 59168 operations; 3000.3 current ops/sec; est completion in 3 days 21 hours READ count: 29999, average latency(us): 121.25 
Maximum time elapsed. Requesting stop for the workload.
2026-10-10 03:49:29:029 30 sec: 89168 operations; 3000 current ops/sec; est completion in 3 days 21 hours READ count: 30000, average latency(us): 120.81 
Stop requested for workload. Now Joining!
2026-10-10 03:49:29:031 30 sec: 89170 operations; 666.67 current ops/sec; est completion in 3 days 21 hours READ count: 1, average latency(us): 210.00 CLEANUP count: 1, average latency(us): 1072.00 


/opt/hostedtoolcache/Java_Temurin-Hotspot_jdk/17.0.20-1/x64/bin/java  -classpath /home/runner/ycsb-mongodb-binding-0.17.0/conf:/home/runner/ycsb-mongodb-binding-0.17.0/lib/HdrHistogram-2.1.4.jar:/home/runner/ycsb-mongodb-binding-0.17.0/lib/core-0.17.0.jar:/home/runner/ycsb-mongodb-binding-0.17.0/lib/htrace-core4-4.1.0-incubating.jar:/home/runner/ycsb-mongodb-binding-0.17.0/lib/jackson-core-asl-1.9.4.jar:/home/runner/ycsb-mongodb-binding-0.17.0/lib/jackson-mapper-asl-1.9.4.jar:/home/runner/ycsb-mongodb-binding-0.17.0/lib/logback-classic-1.1.2.jar:/home/runner/ycsb-mongodb-binding-0.17.0/lib/logback-core-1.1.2.jar:/home/runner/ycsb-mongodb-binding-0.17.0/lib/mongo-java-driver-3.8.0.jar:/home/runner/ycsb-mongodb-binding-0.17.0/lib/mongodb-async-driver-2.0.1.jar:/home/runner/ycsb-mongodb-binding-0.17.0/lib/mongodb-binding-0.17.0.jar:/home/runner/ycsb-mongodb-binding-0.17.0/lib/slf4j-api-1.7.25.jar:/home/runner/ycsb-mongodb-binding-0.17.0/lib/snappy-java-1.1.7.1.jar site.ycsb.Client -t -db site.ycsb.db.MongoDbClient -s -P /home/runner/ycsb-mongodb-binding-0.17.0/workloads/workloadc -p mongodb.url=mongodb://127.0.0.1:27017/ycsb?w=1 -p measurementtype=raw -p measurement.raw.output_file=/home/runner/work/The-Omni-Compass/The-Omni-Compass/out/ycsb-c/rep-3/native/notch-13.raw -p recordcount=250000 -p operationcount=1000000000 -p maxexecutiontime=30 -p target=3000 -p threads=32 -p insertstart=0 -p insertorder=ordered -p requestdistribution=uniform -p seed=100312
mongo client connection created with mongodb://127.0.0.1:27017/ycsb?w=1
Raw data measurement: will output to result file: /home/runner/work/The-Omni-Compass/The-Omni-Compass/out/ycsb-c/rep-3/native/notch-13.raw
Raw data measurement: will output to result file: /home/runner/work/The-Omni-Compass/The-Omni-Compass/out/ycsb-c/rep-3/native/notch-13.raw
[OVERALL], RunTime(ms), 30002
[OVERALL], Throughput(ops/sec), 2975.3683087794147
[TOTAL_GCS_G1_Young_Generation], Count, 17
[TOTAL_GC_TIME_G1_Young_Generation], Time(ms), 88
[TOTAL_GC_TIME_%_G1_Young_Generation], Time(%), 0.29331377908139455
[TOTAL_GCS_G1_Old_Generation], Count, 0
[TOTAL_GC_TIME_G1_Old_Generation], Time(ms), 0
[TOTAL_GC_TIME_%_G1_Old_Generation], Time(%), 0.0
[TOTAL_GCs], Count, 17
[TOTAL_GC_TIME], Time(ms), 88
[TOTAL_GC_TIME_%], Time(%), 0.29331377908139455
[READ], Total Operations, 89267
[READ], Below is a summary of latency in microseconds:, -1
[READ], Average, 130.23635834070822
[READ], Min, 88
[READ], Max, 39978
[READ], p1, 94
[READ], p5, 96
[READ], p50, 129
[READ], p90, 156
[READ], p95, 176
[READ], p99, 285
[READ], p99.9, 652
[READ], p99.99, 5627
[READ], Return=OK, 89267
[CLEANUP], Total Operations, 1
[CLEANUP], Below is a summary of latency in microseconds:, -1
[CLEANUP], Average, 1061.0
[CLEANUP], Min, 1061
[CLEANUP], Max, 1061
[CLEANUP], p1, 1061
[CLEANUP], p5, 1061
[CLEANUP], p50, 1061
[CLEANUP], p90, 1061
[CLEANUP], p95, 1061
[CLEANUP], p99, 1061
[CLEANUP], p99.9, 1061
[CLEANUP], p99.99, 1061

Command line: -t -db site.ycsb.db.MongoDbClient -s -P /home/runner/ycsb-mongodb-binding-0.17.0/workloads/workloadc -p mongodb.url=mongodb://127.0.0.1:27017/ycsb?w=1 -p measurementtype=raw -p measurement.raw.output_file=/home/runner/work/The-Omni-Compass/The-Omni-Compass/out/ycsb-c/rep-3/native/notch-13.raw -p recordcount=250000 -p operationcount=1000000000 -p maxexecutiontime=30 -p target=3000 -p threads=32 -p insertstart=0 -p insertorder=ordered -p requestdistribution=uniform -p seed=100312
YCSB Client 0.17.0

Loading workload...
Starting test.
Maximum execution time specified as: 30 secs
2026-10-10 03:49:29:589 0 sec: 0 operations; est completion in 0 second 
DBWrapper: report latency for each error is false and specific error codes to track for latency are: []
2026-10-10 03:49:39:559 10 sec: 29265 operations; 2926.5 current ops/sec; est completion in 3 days 22 hours READ count: 29265, average latency(us): 144.64 
2026-10-10 03:49:49:559 20 sec: 59264 operations; 2999.9 current ops/sec; est completion in 3 days 21 hours READ count: 30001, average latency(us): 123.62 
2026-10-10 03:49:59:559 30 sec: 89265 operations; 3000.1 current ops/sec; est completion in 3 days 21 hours READ count: 29999, average latency(us): 122.80 
Maximum time elapsed. Requesting stop for the workload.
Stop requested for workload. Now Joining!
2026-10-10 03:49:59:561 30 sec: 89267 operations; 1000 current ops/sec; est completion in 3 days 21 hours READ count: 2, average latency(us): 141.50 CLEANUP count: 1, average latency(us): 1061.00 


/opt/hostedtoolcache/Java_Temurin-Hotspot_jdk/17.0.20-1/x64/bin/java  -classpath /home/runner/ycsb-mongodb-binding-0.17.0/conf:/home/runner/ycsb-mongodb-binding-0.17.0/lib/HdrHistogram-2.1.4.jar:/home/runner/ycsb-mongodb-binding-0.17.0/lib/core-0.17.0.jar:/home/runner/ycsb-mongodb-binding-0.17.0/lib/htrace-core4-4.1.0-incubating.jar:/home/runner/ycsb-mongodb-binding-0.17.0/lib/jackson-core-asl-1.9.4.jar:/home/runner/ycsb-mongodb-binding-0.17.0/lib/jackson-mapper-asl-1.9.4.jar:/home/runner/ycsb-mongodb-binding-0.17.0/lib/logback-classic-1.1.2.jar:/home/runner/ycsb-mongodb-binding-0.17.0/lib/logback-core-1.1.2.jar:/home/runner/ycsb-mongodb-binding-0.17.0/lib/mongo-java-driver-3.8.0.jar:/home/runner/ycsb-mongodb-binding-0.17.0/lib/mongodb-async-driver-2.0.1.jar:/home/runner/ycsb-mongodb-binding-0.17.0/lib/mongodb-binding-0.17.0.jar:/home/runner/ycsb-mongodb-binding-0.17.0/lib/slf4j-api-1.7.25.jar:/home/runner/ycsb-mongodb-binding-0.17.0/lib/snappy-java-1.1.7.1.jar site.ycsb.Client -t -db site.ycsb.db.MongoDbClient -s -P /home/runner/ycsb-mongodb-binding-0.17.0/workloads/workloadc -p mongodb.url=mongodb://127.0.0.1:27017/ycsb?w=1 -p measurementtype=raw -p measurement.raw.output_file=/home/runner/work/The-Omni-Compass/The-Omni-Compass/out/ycsb-c/rep-3/native/notch-14.raw -p recordcount=500000 -p operationcount=1000000000 -p maxexecutiontime=30 -p target=3000 -p threads=32 -p insertstart=0 -p insertorder=ordered -p requestdistribution=uniform -p seed=100313
mongo client connection created with mongodb://127.0.0.1:27017/ycsb?w=1
Raw data measurement: will output to result file: /home/runner/work/The-Omni-Compass/The-Omni-Compass/out/ycsb-c/rep-3/native/notch-14.raw
Raw data measurement: will output to result file: /home/runner/work/The-Omni-Compass/The-Omni-Compass/out/ycsb-c/rep-3/native/notch-14.raw
[OVERALL], RunTime(ms), 30002
[OVERALL], Throughput(ops/sec), 2973.6017598826743
[TOTAL_GCS_G1_Young_Generation], Count, 17
[TOTAL_GC_TIME_G1_Young_Generation], Time(ms), 89
[TOTAL_GC_TIME_%_G1_Young_Generation], Time(%), 0.2966468902073195
[TOTAL_GCS_G1_Old_Generation], Count, 0
[TOTAL_GC_TIME_G1_Old_Generation], Time(ms), 0
[TOTAL_GC_TIME_%_G1_Old_Generation], Time(%), 0.0
[TOTAL_GCs], Count, 17
[TOTAL_GC_TIME], Time(ms), 89
[TOTAL_GC_TIME_%], Time(%), 0.2966468902073195
[READ], Total Operations, 89214
[READ], Below is a summary of latency in microseconds:, -1
[READ], Average, 128.16774273096152
[READ], Min, 86
[READ], Max, 44121
[READ], p1, 95
[READ], p5, 97
[READ], p50, 113
[READ], p90, 159
[READ], p95, 176
[READ], p99, 292
[READ], p99.9, 632
[READ], p99.99, 5193
[READ], Return=OK, 89214
[CLEANUP], Total Operations, 1
[CLEANUP], Below is a summary of latency in microseconds:, -1
[CLEANUP], Average, 967.0
[CLEANUP], Min, 967
[CLEANUP], Max, 967
[CLEANUP], p1, 967
[CLEANUP], p5, 967
[CLEANUP], p50, 967
[CLEANUP], p90, 967
[CLEANUP], p95, 967
[CLEANUP], p99, 967
[CLEANUP], p99.9, 967
[CLEANUP], p99.99, 967

Command line: -t -db site.ycsb.db.MongoDbClient -s -P /home/runner/ycsb-mongodb-binding-0.17.0/workloads/workloadc -p mongodb.url=mongodb://127.0.0.1:27017/ycsb?w=1 -p measurementtype=raw -p measurement.raw.output_file=/home/runner/work/The-Omni-Compass/The-Omni-Compass/out/ycsb-c/rep-3/native/notch-14.raw -p recordcount=500000 -p operationcount=1000000000 -p maxexecutiontime=30 -p target=3000 -p threads=32 -p insertstart=0 -p insertorder=ordered -p requestdistribution=uniform -p seed=100313
YCSB Client 0.17.0

Loading workload...
Starting test.
Maximum execution time specified as: 30 secs
2026-10-10 03:50:00:101 0 sec: 0 operations; est completion in 0 second 
DBWrapper: report latency for each error is false and specific error codes to track for latency are: []
2026-10-10 03:50:10:073 10 sec: 29212 operations; 2921.2 current ops/sec; est completion in 3 days 23 hours READ count: 29214, average latency(us): 144.08 
2026-10-10 03:50:20:073 20 sec: 59212 operations; 3000 current ops/sec; est completion in 3 days 21 hours READ count: 29999, average latency(us): 122.42 
Maximum time elapsed. Requesting stop for the workload.
2026-10-10 03:50:30:073 30 sec: 89212 operations; 3000 current ops/sec; est completion in 3 days 21 hours READ count: 30000, average latency(us): 118.41 
Stop requested for workload. Now Joining!
2026-10-10 03:50:30:075 30 sec: 89214 operations; 1000 current ops/sec; est completion in 3 days 21 hours READ count: 1, average latency(us): 225.00 CLEANUP count: 1, average latency(us): 967.00 


/opt/hostedtoolcache/Java_Temurin-Hotspot_jdk/17.0.20-1/x64/bin/java  -classpath /home/runner/ycsb-mongodb-binding-0.17.0/conf:/home/runner/ycsb-mongodb-binding-0.17.0/lib/HdrHistogram-2.1.4.jar:/home/runner/ycsb-mongodb-binding-0.17.0/lib/core-0.17.0.jar:/home/runner/ycsb-mongodb-binding-0.17.0/lib/htrace-core4-4.1.0-incubating.jar:/home/runner/ycsb-mongodb-binding-0.17.0/lib/jackson-core-asl-1.9.4.jar:/home/runner/ycsb-mongodb-binding-0.17.0/lib/jackson-mapper-asl-1.9.4.jar:/home/runner/ycsb-mongodb-binding-0.17.0/lib/logback-classic-1.1.2.jar:/home/runner/ycsb-mongodb-binding-0.17.0/lib/logback-core-1.1.2.jar:/home/runner/ycsb-mongodb-binding-0.17.0/lib/mongo-java-driver-3.8.0.jar:/home/runner/ycsb-mongodb-binding-0.17.0/lib/mongodb-async-driver-2.0.1.jar:/home/runner/ycsb-mongodb-binding-0.17.0/lib/mongodb-binding-0.17.0.jar:/home/runner/ycsb-mongodb-binding-0.17.0/lib/slf4j-api-1.7.25.jar:/home/runner/ycsb-mongodb-binding-0.17.0/lib/snappy-java-1.1.7.1.jar site.ycsb.Client -t -db site.ycsb.db.MongoDbClient -s -P /home/runner/ycsb-mongodb-binding-0.17.0/workloads/workloadc -p mongodb.url=mongodb://127.0.0.1:27017/ycsb?w=1 -p measurementtype=raw -p measurement.raw.output_file=/home/runner/work/The-Omni-Compass/The-Omni-Compass/out/ycsb-c/rep-3/native/notch-15.raw -p recordcount=250000 -p operationcount=1000000000 -p maxexecutiontime=30 -p target=3000 -p threads=32 -p insertstart=0 -p insertorder=ordered -p requestdistribution=uniform -p seed=100314
mongo client connection created with mongodb://127.0.0.1:27017/ycsb?w=1
Raw data measurement: will output to result file: /home/runner/work/The-Omni-Compass/The-Omni-Compass/out/ycsb-c/rep-3/native/notch-15.raw
Raw data measurement: will output to result file: /home/runner/work/The-Omni-Compass/The-Omni-Compass/out/ycsb-c/rep-3/native/notch-15.raw
[OVERALL], RunTime(ms), 30011
[OVERALL], Throughput(ops/sec), 2972.010262903602
[TOTAL_GCS_G1_Young_Generation], Count, 18
[TOTAL_GC_TIME_G1_Young_Generation], Time(ms), 95
[TOTAL_GC_TIME_%_G1_Young_Generation], Time(%), 0.31655059811402486
[TOTAL_GCS_G1_Old_Generation], Count, 0
[TOTAL_GC_TIME_G1_Old_Generation], Time(ms), 0
[TOTAL_GC_TIME_%_G1_Old_Generation], Time(%), 0.0
[TOTAL_GCs], Count, 18
[TOTAL_GC_TIME], Time(ms), 95
[TOTAL_GC_TIME_%], Time(%), 0.31655059811402486
[READ], Total Operations, 89193
[READ], Below is a summary of latency in microseconds:, -1
[READ], Average, 130.05987016918368
[READ], Min, 88
[READ], Max, 29457
[READ], p1, 95
[READ], p5, 97
[READ], p50, 117
[READ], p90, 158
[READ], p95, 178
[READ], p99, 272
[READ], p99.9, 689
[READ], p99.99, 5097
[READ], Return=OK, 89193
[CLEANUP], Total Operations, 1
[CLEANUP], Below is a summary of latency in microseconds:, -1
[CLEANUP], Average, 10626.0
[CLEANUP], Min, 10626
[CLEANUP], Max, 10626
[CLEANUP], p1, 10626
[CLEANUP], p5, 10626
[CLEANUP], p50, 10626
[CLEANUP], p90, 10626
[CLEANUP], p95, 10626
[CLEANUP], p99, 10626
[CLEANUP], p99.9, 10626
[CLEANUP], p99.99, 10626

Command line: -t -db site.ycsb.db.MongoDbClient -s -P /home/runner/ycsb-mongodb-binding-0.17.0/workloads/workloadc -p mongodb.url=mongodb://127.0.0.1:27017/ycsb?w=1 -p measurementtype=raw -p measurement.raw.output_file=/home/runner/work/The-Omni-Compass/The-Omni-Compass/out/ycsb-c/rep-3/native/notch-15.raw -p recordcount=250000 -p operationcount=1000000000 -p maxexecutiontime=30 -p target=3000 -p threads=32 -p insertstart=0 -p insertorder=ordered -p requestdistribution=uniform -p seed=100314
YCSB Client 0.17.0

Loading workload...
Starting test.
Maximum execution time specified as: 30 secs
2026-10-10 03:50:30:647 0 sec: 0 operations; est completion in 0 second 
DBWrapper: report latency for each error is false and specific error codes to track for latency are: []
2026-10-10 03:50:40:619 10 sec: 29192 operations; 2919.2 current ops/sec; est completion in 3 days 23 hours READ count: 29194, average latency(us): 145.73 
2026-10-10 03:50:50:619 20 sec: 59192 operations; 3000 current ops/sec; est completion in 3 days 21 hours READ count: 29999, average latency(us): 123.40 
Maximum time elapsed. Requesting stop for the workload.
Stop requested for workload. Now Joining!
2026-10-10 03:51:00:619 30 sec: 89192 operations; 3000 current ops/sec; est completion in 3 days 21 hours READ count: 30000, average latency(us): 121.47 
2026-10-10 03:51:00:631 30 sec: 89193 operations; 90.91 current ops/sec; est completion in 3 days 21 hours  CLEANUP count: 1, average latency(us): 10626.00 
