sysbench 1.0.20 (using system LuaJIT 2.1.0-beta3)

Running the test with following options:
Number of threads: 32
Target transaction rate: 300/sec
Initializing random number generator from current time


Initializing worker threads...

Threads started!

Latency histogram (values are in milliseconds)
       value  ------------- distribution ------------- count
       2.145 |                                         1
       2.184 |*                                        9
       2.223 |**                                       32
       2.264 |****                                     74
       2.305 |**********                               167
       2.347 |**************                           230
       2.389 |*************                            221
       2.433 |***************                          246
       2.477 |**************                           242
       2.522 |***************                          243
       2.568 |**************                           242
       2.615 |**************                           237
       2.662 |************                             193
       2.710 |***************                          243
       2.760 |******************                       300
       2.810 |**************************               442
       2.861 |***********************************      593
       2.913 |********************************         539
       2.966 |************************************     608
       3.020 |**************************************** 670
       3.075 |*************************************    617
       3.130 |************************************     598
       3.187 |*******************************          521
       3.245 |************************                 402
       3.304 |********************                     342
       3.364 |****************                         272
       3.425 |************                             196
       3.488 |********                                 128
       3.551 |******                                   104
       3.615 |****                                     69
       3.681 |**                                       40
       3.748 |***                                      42
       3.816 |**                                       33
       3.885 |**                                       32
       3.956 |*                                        16
       4.028 |*                                        16
       4.101 |*                                        11
       4.176 |                                         6
       4.252 |*                                        13
       4.329 |                                         4
       4.407 |                                         8
       4.487 |                                         3
       4.569 |                                         6
       4.652 |                                         2
       4.737 |                                         2
       4.823 |                                         2
       4.910 |                                         2
       4.999 |                                         2
       5.090 |                                         1
       5.373 |                                         1
 
SQL statistics:
    queries performed:
        read:                            126322
        write:                           0
        other:                           18046
        total:                           144368
    transactions:                        9023   (300.56 per sec.)
    queries:                             144368 (4808.99 per sec.)
    ignored errors:                      0      (0.00 per sec.)
    reconnects:                          0      (0.00 per sec.)

General statistics:
    total time:                          30.0200s
    total number of events:              9023

Latency (ms):
         min:                                    2.16
         avg:                                    2.95
         max:                                    5.41
         95th percentile:                        3.49
         sum:                                26576.33

Threads fairness:
    events (avg/stddev):           281.9688/2.47
    execution time (avg/stddev):   0.8305/0.01


