/opt/hostedtoolcache/Java_Temurin-Hotspot_jdk/17.0.20-1/x64/bin/java  -classpath /home/runner/ycsb-mongodb-binding-0.17.0/conf:/home/runner/ycsb-mongodb-binding-0.17.0/lib/HdrHistogram-2.1.4.jar:/home/runner/ycsb-mongodb-binding-0.17.0/lib/core-0.17.0.jar:/home/runner/ycsb-mongodb-binding-0.17.0/lib/htrace-core4-4.1.0-incubating.jar:/home/runner/ycsb-mongodb-binding-0.17.0/lib/jackson-core-asl-1.9.4.jar:/home/runner/ycsb-mongodb-binding-0.17.0/lib/jackson-mapper-asl-1.9.4.jar:/home/runner/ycsb-mongodb-binding-0.17.0/lib/logback-classic-1.1.2.jar:/home/runner/ycsb-mongodb-binding-0.17.0/lib/logback-core-1.1.2.jar:/home/runner/ycsb-mongodb-binding-0.17.0/lib/mongo-java-driver-3.8.0.jar:/home/runner/ycsb-mongodb-binding-0.17.0/lib/mongodb-async-driver-2.0.1.jar:/home/runner/ycsb-mongodb-binding-0.17.0/lib/mongodb-binding-0.17.0.jar:/home/runner/ycsb-mongodb-binding-0.17.0/lib/slf4j-api-1.7.25.jar:/home/runner/ycsb-mongodb-binding-0.17.0/lib/snappy-java-1.1.7.1.jar site.ycsb.Client -t -db site.ycsb.db.MongoDbClient -s -P /home/runner/ycsb-mongodb-binding-0.17.0/workloads/workloadb -p mongodb.url=mongodb://127.0.0.1:27017/ycsb?w=1 -p measurementtype=raw -p measurement.raw.output_file=/home/runner/work/The-Omni-Compass/The-Omni-Compass/out/ycsb-burst/rep-3/omni/notch-1.raw -p recordcount=250000 -p operationcount=1000000000 -p maxexecutiontime=20 -p target=3000 -p threads=32 -p insertstart=0 -p insertorder=ordered -p requestdistribution=uniform -p seed=100300
mongo client connection created with mongodb://127.0.0.1:27017/ycsb?w=1
Raw data measurement: will output to result file: /home/runner/work/The-Omni-Compass/The-Omni-Compass/out/ycsb-burst/rep-3/omni/notch-1.raw
Raw data measurement: will output to result file: /home/runner/work/The-Omni-Compass/The-Omni-Compass/out/ycsb-burst/rep-3/omni/notch-1.raw
Raw data measurement: will output to result file: /home/runner/work/The-Omni-Compass/The-Omni-Compass/out/ycsb-burst/rep-3/omni/notch-1.raw
[OVERALL], RunTime(ms), 20003
[OVERALL], Throughput(ops/sec), 2916.762485627156
[TOTAL_GCS_G1_Young_Generation], Count, 12
[TOTAL_GC_TIME_G1_Young_Generation], Time(ms), 52
[TOTAL_GC_TIME_%_G1_Young_Generation], Time(%), 0.25996100584912263
[TOTAL_GCS_G1_Old_Generation], Count, 0
[TOTAL_GC_TIME_G1_Old_Generation], Time(ms), 0
[TOTAL_GC_TIME_%_G1_Old_Generation], Time(%), 0.0
[TOTAL_GCs], Count, 12
[TOTAL_GC_TIME], Time(ms), 52
[TOTAL_GC_TIME_%], Time(%), 0.25996100584912263
[READ], Total Operations, 55466
[READ], Below is a summary of latency in microseconds:, -1
[READ], Average, 248.57460426207047
[READ], Min, 128
[READ], Max, 66267
[READ], p1, 151
[READ], p5, 155
[READ], p50, 197
[READ], p90, 426
[READ], p95, 489
[READ], p99, 808
[READ], p99.9, 2821
[READ], p99.99, 7206
[READ], Return=OK, 55466
[CLEANUP], Total Operations, 1
[CLEANUP], Below is a summary of latency in microseconds:, -1
[CLEANUP], Average, 1664.0
[CLEANUP], Min, 1664
[CLEANUP], Max, 1664
[CLEANUP], p1, 1664
[CLEANUP], p5, 1664
[CLEANUP], p50, 1664
[CLEANUP], p90, 1664
[CLEANUP], p95, 1664
[CLEANUP], p99, 1664
[CLEANUP], p99.9, 1664
[CLEANUP], p99.99, 1664
[UPDATE], Total Operations, 2878
[UPDATE], Below is a summary of latency in microseconds:, -1
[UPDATE], Average, 374.11570535093813
[UPDATE], Min, 194
[UPDATE], Max, 11210
[UPDATE], p1, 204
[UPDATE], p5, 218
[UPDATE], p50, 302
[UPDATE], p90, 619
[UPDATE], p95, 745
[UPDATE], p99, 1044
[UPDATE], p99.9, 4456
[UPDATE], p99.99, 11210
[UPDATE], Return=OK, 2878

Command line: -t -db site.ycsb.db.MongoDbClient -s -P /home/runner/ycsb-mongodb-binding-0.17.0/workloads/workloadb -p mongodb.url=mongodb://127.0.0.1:27017/ycsb?w=1 -p measurementtype=raw -p measurement.raw.output_file=/home/runner/work/The-Omni-Compass/The-Omni-Compass/out/ycsb-burst/rep-3/omni/notch-1.raw -p recordcount=250000 -p operationcount=1000000000 -p maxexecutiontime=20 -p target=3000 -p threads=32 -p insertstart=0 -p insertorder=ordered -p requestdistribution=uniform -p seed=100300
YCSB Client 0.17.0

Loading workload...
Starting test.
Maximum execution time specified as: 20 secs
2026-10-08 06:00:30:718 0 sec: 0 operations; est completion in 0 second 
DBWrapper: report latency for each error is false and specific error codes to track for latency are: []
2026-10-08 06:00:40:677 10 sec: 28343 operations; 2834.3 current ops/sec; est completion in 4 days 2 hours READ count: 26958, average latency(us): 302.60 UPDATE count: 1388, average latency(us): 462.90 
Maximum time elapsed. Requesting stop for the workload.
Stop requested for workload. Now Joining!
2026-10-08 06:00:50:677 20 sec: 58343 operations; 3000 current ops/sec; est completion in 3 days 23 hours READ count: 28507, average latency(us): 197.48 UPDATE count: 1490, average latency(us): 291.41 
2026-10-08 06:00:50:680 20 sec: 58344 operations; 500 current ops/sec; est completion in 3 days 23 hours READ count: 1, average latency(us): 264.00 CLEANUP count: 1, average latency(us): 1664.00  


/opt/hostedtoolcache/Java_Temurin-Hotspot_jdk/17.0.20-1/x64/bin/java  -classpath /home/runner/ycsb-mongodb-binding-0.17.0/conf:/home/runner/ycsb-mongodb-binding-0.17.0/lib/HdrHistogram-2.1.4.jar:/home/runner/ycsb-mongodb-binding-0.17.0/lib/core-0.17.0.jar:/home/runner/ycsb-mongodb-binding-0.17.0/lib/htrace-core4-4.1.0-incubating.jar:/home/runner/ycsb-mongodb-binding-0.17.0/lib/jackson-core-asl-1.9.4.jar:/home/runner/ycsb-mongodb-binding-0.17.0/lib/jackson-mapper-asl-1.9.4.jar:/home/runner/ycsb-mongodb-binding-0.17.0/lib/logback-classic-1.1.2.jar:/home/runner/ycsb-mongodb-binding-0.17.0/lib/logback-core-1.1.2.jar:/home/runner/ycsb-mongodb-binding-0.17.0/lib/mongo-java-driver-3.8.0.jar:/home/runner/ycsb-mongodb-binding-0.17.0/lib/mongodb-async-driver-2.0.1.jar:/home/runner/ycsb-mongodb-binding-0.17.0/lib/mongodb-binding-0.17.0.jar:/home/runner/ycsb-mongodb-binding-0.17.0/lib/slf4j-api-1.7.25.jar:/home/runner/ycsb-mongodb-binding-0.17.0/lib/snappy-java-1.1.7.1.jar site.ycsb.Client -t -db site.ycsb.db.MongoDbClient -s -P /home/runner/ycsb-mongodb-binding-0.17.0/workloads/workloadb -p mongodb.url=mongodb://127.0.0.1:27017/ycsb?w=1 -p measurementtype=raw -p measurement.raw.output_file=/home/runner/work/The-Omni-Compass/The-Omni-Compass/out/ycsb-burst/rep-3/omni/notch-2.raw -p recordcount=1500000 -p operationcount=1000000000 -p maxexecutiontime=20 -p target=3000 -p threads=32 -p insertstart=0 -p insertorder=ordered -p requestdistribution=uniform -p seed=100301
mongo client connection created with mongodb://127.0.0.1:27017/ycsb?w=1
Raw data measurement: will output to result file: /home/runner/work/The-Omni-Compass/The-Omni-Compass/out/ycsb-burst/rep-3/omni/notch-2.raw
Raw data measurement: will output to result file: /home/runner/work/The-Omni-Compass/The-Omni-Compass/out/ycsb-burst/rep-3/omni/notch-2.raw
Raw data measurement: will output to result file: /home/runner/work/The-Omni-Compass/The-Omni-Compass/out/ycsb-burst/rep-3/omni/notch-2.raw
[OVERALL], RunTime(ms), 20003
[OVERALL], Throughput(ops/sec), 2943.8084287356896
[TOTAL_GCS_G1_Young_Generation], Count, 12
[TOTAL_GC_TIME_G1_Young_Generation], Time(ms), 50
[TOTAL_GC_TIME_%_G1_Young_Generation], Time(%), 0.24996250562415637
[TOTAL_GCS_G1_Old_Generation], Count, 0
[TOTAL_GC_TIME_G1_Old_Generation], Time(ms), 0
[TOTAL_GC_TIME_%_G1_Old_Generation], Time(%), 0.0
[TOTAL_GCs], Count, 12
[TOTAL_GC_TIME], Time(ms), 50
[TOTAL_GC_TIME_%], Time(%), 0.24996250562415637
[READ], Total Operations, 55974
[READ], Below is a summary of latency in microseconds:, -1
[READ], Average, 319.8578983099296
[READ], Min, 129
[READ], Max, 33060
[READ], p1, 152
[READ], p5, 159
[READ], p50, 335
[READ], p90, 453
[READ], p95, 499
[READ], p99, 777
[READ], p99.9, 3211
[READ], p99.99, 8309
[READ], Return=OK, 55974
[CLEANUP], Total Operations, 1
[CLEANUP], Below is a summary of latency in microseconds:, -1
[CLEANUP], Average, 1223.0
[CLEANUP], Min, 1223
[CLEANUP], Max, 1223
[CLEANUP], p1, 1223
[CLEANUP], p5, 1223
[CLEANUP], p50, 1223
[CLEANUP], p90, 1223
[CLEANUP], p95, 1223
[CLEANUP], p99, 1223
[CLEANUP], p99.9, 1223
[CLEANUP], p99.99, 1223
[UPDATE], Total Operations, 2911
[UPDATE], Below is a summary of latency in microseconds:, -1
[UPDATE], Average, 463.96873926485745
[UPDATE], Min, 190
[UPDATE], Max, 49242
[UPDATE], p1, 206
[UPDATE], p5, 220
[UPDATE], p50, 417
[UPDATE], p90, 646
[UPDATE], p95, 729
[UPDATE], p99, 1036
[UPDATE], p99.9, 4692
[UPDATE], p99.99, 49242
[UPDATE], Return=OK, 2911

Command line: -t -db site.ycsb.db.MongoDbClient -s -P /home/runner/ycsb-mongodb-binding-0.17.0/workloads/workloadb -p mongodb.url=mongodb://127.0.0.1:27017/ycsb?w=1 -p measurementtype=raw -p measurement.raw.output_file=/home/runner/work/The-Omni-Compass/The-Omni-Compass/out/ycsb-burst/rep-3/omni/notch-2.raw -p recordcount=1500000 -p operationcount=1000000000 -p maxexecutiontime=20 -p target=3000 -p threads=32 -p insertstart=0 -p insertorder=ordered -p requestdistribution=uniform -p seed=100301
YCSB Client 0.17.0

Loading workload...
Starting test.
Maximum execution time specified as: 20 secs
2026-10-08 06:00:51:291 0 sec: 0 operations; est completion in 0 second 
DBWrapper: report latency for each error is false and specific error codes to track for latency are: []
2026-10-08 06:01:01:245 10 sec: 25071 operations; 2507.1 current ops/sec; est completion in 4 days 14 hours READ count: 23843, average latency(us): 369.63 UPDATE count: 1229, average latency(us): 579.84 
2026-10-08 06:01:11:245 20 sec: 58882 operations; 3381.1 current ops/sec; est completion in 3 days 22 hours READ count: 32128, average latency(us): 282.92 UPDATE count: 1682, average latency(us): 379.31 
Maximum time elapsed. Requesting stop for the workload.
Stop requested for workload. Now Joining!
2026-10-08 06:01:11:247 20 sec: 58885 operations; 1000 current ops/sec; est completion in 3 days 22 hours READ count: 3, average latency(us): 369.00 CLEANUP count: 1, average latency(us): 1223.00  


/opt/hostedtoolcache/Java_Temurin-Hotspot_jdk/17.0.20-1/x64/bin/java  -classpath /home/runner/ycsb-mongodb-binding-0.17.0/conf:/home/runner/ycsb-mongodb-binding-0.17.0/lib/HdrHistogram-2.1.4.jar:/home/runner/ycsb-mongodb-binding-0.17.0/lib/core-0.17.0.jar:/home/runner/ycsb-mongodb-binding-0.17.0/lib/htrace-core4-4.1.0-incubating.jar:/home/runner/ycsb-mongodb-binding-0.17.0/lib/jackson-core-asl-1.9.4.jar:/home/runner/ycsb-mongodb-binding-0.17.0/lib/jackson-mapper-asl-1.9.4.jar:/home/runner/ycsb-mongodb-binding-0.17.0/lib/logback-classic-1.1.2.jar:/home/runner/ycsb-mongodb-binding-0.17.0/lib/logback-core-1.1.2.jar:/home/runner/ycsb-mongodb-binding-0.17.0/lib/mongo-java-driver-3.8.0.jar:/home/runner/ycsb-mongodb-binding-0.17.0/lib/mongodb-async-driver-2.0.1.jar:/home/runner/ycsb-mongodb-binding-0.17.0/lib/mongodb-binding-0.17.0.jar:/home/runner/ycsb-mongodb-binding-0.17.0/lib/slf4j-api-1.7.25.jar:/home/runner/ycsb-mongodb-binding-0.17.0/lib/snappy-java-1.1.7.1.jar site.ycsb.Client -t -db site.ycsb.db.MongoDbClient -s -P /home/runner/ycsb-mongodb-binding-0.17.0/workloads/workloadb -p mongodb.url=mongodb://127.0.0.1:27017/ycsb?w=1 -p measurementtype=raw -p measurement.raw.output_file=/home/runner/work/The-Omni-Compass/The-Omni-Compass/out/ycsb-burst/rep-3/omni/notch-3.raw -p recordcount=250000 -p operationcount=1000000000 -p maxexecutiontime=20 -p target=3000 -p threads=32 -p insertstart=0 -p insertorder=ordered -p requestdistribution=uniform -p seed=100302
mongo client connection created with mongodb://127.0.0.1:27017/ycsb?w=1
Raw data measurement: will output to result file: /home/runner/work/The-Omni-Compass/The-Omni-Compass/out/ycsb-burst/rep-3/omni/notch-3.raw
Raw data measurement: will output to result file: /home/runner/work/The-Omni-Compass/The-Omni-Compass/out/ycsb-burst/rep-3/omni/notch-3.raw
Raw data measurement: will output to result file: /home/runner/work/The-Omni-Compass/The-Omni-Compass/out/ycsb-burst/rep-3/omni/notch-3.raw
[OVERALL], RunTime(ms), 20002
[OVERALL], Throughput(ops/sec), 2943.2556744325566
[TOTAL_GCS_G1_Young_Generation], Count, 12
[TOTAL_GC_TIME_G1_Young_Generation], Time(ms), 52
[TOTAL_GC_TIME_%_G1_Young_Generation], Time(%), 0.25997400259974
[TOTAL_GCS_G1_Old_Generation], Count, 0
[TOTAL_GC_TIME_G1_Old_Generation], Time(ms), 0
[TOTAL_GC_TIME_%_G1_Old_Generation], Time(%), 0.0
[TOTAL_GCs], Count, 12
[TOTAL_GC_TIME], Time(ms), 52
[TOTAL_GC_TIME_%], Time(%), 0.25997400259974
[READ], Total Operations, 55942
[READ], Below is a summary of latency in microseconds:, -1
[READ], Average, 196.46278288227091
[READ], Min, 139
[READ], Max, 48843
[READ], p1, 150
[READ], p5, 153
[READ], p50, 186
[READ], p90, 238
[READ], p95, 268
[READ], p99, 409
[READ], p99.9, 1179
[READ], p99.99, 4938
[READ], Return=OK, 55942
[CLEANUP], Total Operations, 1
[CLEANUP], Below is a summary of latency in microseconds:, -1
[CLEANUP], Average, 1429.0
[CLEANUP], Min, 1429
[CLEANUP], Max, 1429
[CLEANUP], p1, 1429
[CLEANUP], p5, 1429
[CLEANUP], p50, 1429
[CLEANUP], p90, 1429
[CLEANUP], p95, 1429
[CLEANUP], p99, 1429
[CLEANUP], p99.9, 1429
[CLEANUP], p99.99, 1429
[UPDATE], Total Operations, 2929
[UPDATE], Below is a summary of latency in microseconds:, -1
[UPDATE], Average, 321.2144076476613
[UPDATE], Min, 187
[UPDATE], Max, 6481
[UPDATE], p1, 196
[UPDATE], p5, 206
[UPDATE], p50, 293
[UPDATE], p90, 451
[UPDATE], p95, 526
[UPDATE], p99, 668
[UPDATE], p99.9, 2163
[UPDATE], p99.99, 6481
[UPDATE], Return=OK, 2929

Command line: -t -db site.ycsb.db.MongoDbClient -s -P /home/runner/ycsb-mongodb-binding-0.17.0/workloads/workloadb -p mongodb.url=mongodb://127.0.0.1:27017/ycsb?w=1 -p measurementtype=raw -p measurement.raw.output_file=/home/runner/work/The-Omni-Compass/The-Omni-Compass/out/ycsb-burst/rep-3/omni/notch-3.raw -p recordcount=250000 -p operationcount=1000000000 -p maxexecutiontime=20 -p target=3000 -p threads=32 -p insertstart=0 -p insertorder=ordered -p requestdistribution=uniform -p seed=100302
YCSB Client 0.17.0

Loading workload...
Starting test.
Maximum execution time specified as: 20 secs
2026-10-08 06:01:11:890 0 sec: 0 operations; est completion in 0 second 
DBWrapper: report latency for each error is false and specific error codes to track for latency are: []
2026-10-08 06:01:21:850 10 sec: 28870 operations; 2887 current ops/sec; est completion in 4 days READ count: 27432, average latency(us): 215.37 UPDATE count: 1440, average latency(us): 379.62 
Maximum time elapsed. Requesting stop for the workload.
Stop requested for workload. Now Joining!
2026-10-08 06:01:31:850 20 sec: 58870 operations; 3000 current ops/sec; est completion in 3 days 22 hours READ count: 28510, average latency(us): 178.27 UPDATE count: 1489, average latency(us): 264.73 
2026-10-08 06:01:31:852 20 sec: 58871 operations; 500 current ops/sec; est completion in 3 days 22 hours  CLEANUP count: 1, average latency(us): 1429.00  


/opt/hostedtoolcache/Java_Temurin-Hotspot_jdk/17.0.20-1/x64/bin/java  -classpath /home/runner/ycsb-mongodb-binding-0.17.0/conf:/home/runner/ycsb-mongodb-binding-0.17.0/lib/HdrHistogram-2.1.4.jar:/home/runner/ycsb-mongodb-binding-0.17.0/lib/core-0.17.0.jar:/home/runner/ycsb-mongodb-binding-0.17.0/lib/htrace-core4-4.1.0-incubating.jar:/home/runner/ycsb-mongodb-binding-0.17.0/lib/jackson-core-asl-1.9.4.jar:/home/runner/ycsb-mongodb-binding-0.17.0/lib/jackson-mapper-asl-1.9.4.jar:/home/runner/ycsb-mongodb-binding-0.17.0/lib/logback-classic-1.1.2.jar:/home/runner/ycsb-mongodb-binding-0.17.0/lib/logback-core-1.1.2.jar:/home/runner/ycsb-mongodb-binding-0.17.0/lib/mongo-java-driver-3.8.0.jar:/home/runner/ycsb-mongodb-binding-0.17.0/lib/mongodb-async-driver-2.0.1.jar:/home/runner/ycsb-mongodb-binding-0.17.0/lib/mongodb-binding-0.17.0.jar:/home/runner/ycsb-mongodb-binding-0.17.0/lib/slf4j-api-1.7.25.jar:/home/runner/ycsb-mongodb-binding-0.17.0/lib/snappy-java-1.1.7.1.jar site.ycsb.Client -t -db site.ycsb.db.MongoDbClient -s -P /home/runner/ycsb-mongodb-binding-0.17.0/workloads/workloadb -p mongodb.url=mongodb://127.0.0.1:27017/ycsb?w=1 -p measurementtype=raw -p measurement.raw.output_file=/home/runner/work/The-Omni-Compass/The-Omni-Compass/out/ycsb-burst/rep-3/omni/notch-4.raw -p recordcount=2000000 -p operationcount=1000000000 -p maxexecutiontime=20 -p target=3000 -p threads=32 -p insertstart=0 -p insertorder=ordered -p requestdistribution=uniform -p seed=100303
mongo client connection created with mongodb://127.0.0.1:27017/ycsb?w=1
Raw data measurement: will output to result file: /home/runner/work/The-Omni-Compass/The-Omni-Compass/out/ycsb-burst/rep-3/omni/notch-4.raw
Raw data measurement: will output to result file: /home/runner/work/The-Omni-Compass/The-Omni-Compass/out/ycsb-burst/rep-3/omni/notch-4.raw
Raw data measurement: will output to result file: /home/runner/work/The-Omni-Compass/The-Omni-Compass/out/ycsb-burst/rep-3/omni/notch-4.raw
[OVERALL], RunTime(ms), 20003
[OVERALL], Throughput(ops/sec), 2947.757836324551
[TOTAL_GCS_G1_Young_Generation], Count, 12
[TOTAL_GC_TIME_G1_Young_Generation], Time(ms), 50
[TOTAL_GC_TIME_%_G1_Young_Generation], Time(%), 0.24996250562415637
[TOTAL_GCS_G1_Old_Generation], Count, 0
[TOTAL_GC_TIME_G1_Old_Generation], Time(ms), 0
[TOTAL_GC_TIME_%_G1_Old_Generation], Time(%), 0.0
[TOTAL_GCs], Count, 12
[TOTAL_GC_TIME], Time(ms), 50
[TOTAL_GC_TIME_%], Time(%), 0.24996250562415637
[READ], Total Operations, 56026
[READ], Below is a summary of latency in microseconds:, -1
[READ], Average, 278.6602470281655
[READ], Min, 144
[READ], Max, 48638
[READ], p1, 155
[READ], p5, 166
[READ], p50, 214
[READ], p90, 430
[READ], p95, 474
[READ], p99, 681
[READ], p99.9, 3177
[READ], p99.99, 6391
[READ], Return=OK, 56026
[CLEANUP], Total Operations, 1
[CLEANUP], Below is a summary of latency in microseconds:, -1
[CLEANUP], Average, 1285.0
[CLEANUP], Min, 1285
[CLEANUP], Max, 1285
[CLEANUP], p1, 1285
[CLEANUP], p5, 1285
[CLEANUP], p50, 1285
[CLEANUP], p90, 1285
[CLEANUP], p95, 1285
[CLEANUP], p99, 1285
[CLEANUP], p99.9, 1285
[CLEANUP], p99.99, 1285
[UPDATE], Total Operations, 2938
[UPDATE], Below is a summary of latency in microseconds:, -1
[UPDATE], Average, 383.01633764465623
[UPDATE], Min, 195
[UPDATE], Max, 7993
[UPDATE], p1, 209
[UPDATE], p5, 220
[UPDATE], p50, 327
[UPDATE], p90, 567
[UPDATE], p95, 642
[UPDATE], p99, 902
[UPDATE], p99.9, 3048
[UPDATE], p99.99, 7993
[UPDATE], Return=OK, 2938

Command line: -t -db site.ycsb.db.MongoDbClient -s -P /home/runner/ycsb-mongodb-binding-0.17.0/workloads/workloadb -p mongodb.url=mongodb://127.0.0.1:27017/ycsb?w=1 -p measurementtype=raw -p measurement.raw.output_file=/home/runner/work/The-Omni-Compass/The-Omni-Compass/out/ycsb-burst/rep-3/omni/notch-4.raw -p recordcount=2000000 -p operationcount=1000000000 -p maxexecutiontime=20 -p target=3000 -p threads=32 -p insertstart=0 -p insertorder=ordered -p requestdistribution=uniform -p seed=100303
YCSB Client 0.17.0

Loading workload...
Starting test.
Maximum execution time specified as: 20 secs
2026-10-08 06:01:32:498 0 sec: 0 operations; est completion in 0 second 
DBWrapper: report latency for each error is false and specific error codes to track for latency are: []
2026-10-08 06:01:42:454 10 sec: 28956 operations; 2895.6 current ops/sec; est completion in 3 days 23 hours READ count: 27549, average latency(us): 306.12 UPDATE count: 1409, average latency(us): 437.84 
2026-10-08 06:01:52:454 20 sec: 58960 operations; 3000.4 current ops/sec; est completion in 3 days 22 hours READ count: 28474, average latency(us): 252.10 UPDATE count: 1529, average latency(us): 332.50 
Maximum time elapsed. Requesting stop for the workload.
Stop requested for workload. Now Joining!
2026-10-08 06:01:52:457 20 sec: 58964 operations; 1333.33 current ops/sec; est completion in 3 days 22 hours READ count: 3, average latency(us): 234.00 CLEANUP count: 1, average latency(us): 1285.00  


/opt/hostedtoolcache/Java_Temurin-Hotspot_jdk/17.0.20-1/x64/bin/java  -classpath /home/runner/ycsb-mongodb-binding-0.17.0/conf:/home/runner/ycsb-mongodb-binding-0.17.0/lib/HdrHistogram-2.1.4.jar:/home/runner/ycsb-mongodb-binding-0.17.0/lib/core-0.17.0.jar:/home/runner/ycsb-mongodb-binding-0.17.0/lib/htrace-core4-4.1.0-incubating.jar:/home/runner/ycsb-mongodb-binding-0.17.0/lib/jackson-core-asl-1.9.4.jar:/home/runner/ycsb-mongodb-binding-0.17.0/lib/jackson-mapper-asl-1.9.4.jar:/home/runner/ycsb-mongodb-binding-0.17.0/lib/logback-classic-1.1.2.jar:/home/runner/ycsb-mongodb-binding-0.17.0/lib/logback-core-1.1.2.jar:/home/runner/ycsb-mongodb-binding-0.17.0/lib/mongo-java-driver-3.8.0.jar:/home/runner/ycsb-mongodb-binding-0.17.0/lib/mongodb-async-driver-2.0.1.jar:/home/runner/ycsb-mongodb-binding-0.17.0/lib/mongodb-binding-0.17.0.jar:/home/runner/ycsb-mongodb-binding-0.17.0/lib/slf4j-api-1.7.25.jar:/home/runner/ycsb-mongodb-binding-0.17.0/lib/snappy-java-1.1.7.1.jar site.ycsb.Client -t -db site.ycsb.db.MongoDbClient -s -P /home/runner/ycsb-mongodb-binding-0.17.0/workloads/workloadb -p mongodb.url=mongodb://127.0.0.1:27017/ycsb?w=1 -p measurementtype=raw -p measurement.raw.output_file=/home/runner/work/The-Omni-Compass/The-Omni-Compass/out/ycsb-burst/rep-3/omni/notch-5.raw -p recordcount=250000 -p operationcount=1000000000 -p maxexecutiontime=20 -p target=3000 -p threads=32 -p insertstart=0 -p insertorder=ordered -p requestdistribution=uniform -p seed=100304
mongo client connection created with mongodb://127.0.0.1:27017/ycsb?w=1
Raw data measurement: will output to result file: /home/runner/work/The-Omni-Compass/The-Omni-Compass/out/ycsb-burst/rep-3/omni/notch-5.raw
Raw data measurement: will output to result file: /home/runner/work/The-Omni-Compass/The-Omni-Compass/out/ycsb-burst/rep-3/omni/notch-5.raw
Raw data measurement: will output to result file: /home/runner/work/The-Omni-Compass/The-Omni-Compass/out/ycsb-burst/rep-3/omni/notch-5.raw
[OVERALL], RunTime(ms), 20003
[OVERALL], Throughput(ops/sec), 2944.7082937559367
[TOTAL_GCS_G1_Young_Generation], Count, 12
[TOTAL_GC_TIME_G1_Young_Generation], Time(ms), 52
[TOTAL_GC_TIME_%_G1_Young_Generation], Time(%), 0.25996100584912263
[TOTAL_GCS_G1_Old_Generation], Count, 0
[TOTAL_GC_TIME_G1_Old_Generation], Time(ms), 0
[TOTAL_GC_TIME_%_G1_Old_Generation], Time(%), 0.0
[TOTAL_GCs], Count, 12
[TOTAL_GC_TIME], Time(ms), 52
[TOTAL_GC_TIME_%], Time(%), 0.25996100584912263
[READ], Total Operations, 55984
[READ], Below is a summary of latency in microseconds:, -1
[READ], Average, 198.72833309517006
[READ], Min, 134
[READ], Max, 48930
[READ], p1, 152
[READ], p5, 155
[READ], p50, 193
[READ], p90, 238
[READ], p95, 261
[READ], p99, 407
[READ], p99.9, 1115
[READ], p99.99, 5494
[READ], Return=OK, 55984
[CLEANUP], Total Operations, 1
[CLEANUP], Below is a summary of latency in microseconds:, -1
[CLEANUP], Average, 1523.0
[CLEANUP], Min, 1523
[CLEANUP], Max, 1523
[CLEANUP], p1, 1523
[CLEANUP], p5, 1523
[CLEANUP], p50, 1523
[CLEANUP], p90, 1523
[CLEANUP], p95, 1523
[CLEANUP], p99, 1523
[CLEANUP], p99.9, 1523
[CLEANUP], p99.99, 1523
[UPDATE], Total Operations, 2919
[UPDATE], Below is a summary of latency in microseconds:, -1
[UPDATE], Average, 316.24768756423435
[UPDATE], Min, 188
[UPDATE], Max, 7420
[UPDATE], p1, 199
[UPDATE], p5, 209
[UPDATE], p50, 284
[UPDATE], p90, 443
[UPDATE], p95, 502
[UPDATE], p99, 688
[UPDATE], p99.9, 2061
[UPDATE], p99.99, 7420
[UPDATE], Return=OK, 2919

Command line: -t -db site.ycsb.db.MongoDbClient -s -P /home/runner/ycsb-mongodb-binding-0.17.0/workloads/workloadb -p mongodb.url=mongodb://127.0.0.1:27017/ycsb?w=1 -p measurementtype=raw -p measurement.raw.output_file=/home/runner/work/The-Omni-Compass/The-Omni-Compass/out/ycsb-burst/rep-3/omni/notch-5.raw -p recordcount=250000 -p operationcount=1000000000 -p maxexecutiontime=20 -p target=3000 -p threads=32 -p insertstart=0 -p insertorder=ordered -p requestdistribution=uniform -p seed=100304
YCSB Client 0.17.0

Loading workload...
Starting test.
Maximum execution time specified as: 20 secs
2026-10-08 06:01:53:077 0 sec: 0 operations; est completion in 0 second 
DBWrapper: report latency for each error is false and specific error codes to track for latency are: []
2026-10-08 06:02:03:029 10 sec: 28902 operations; 2890.2 current ops/sec; est completion in 4 days READ count: 27417, average latency(us): 215.68 UPDATE count: 1487, average latency(us): 364.99 
Maximum time elapsed. Requesting stop for the workload.
Stop requested for workload. Now Joining!
2026-10-08 06:02:13:029 20 sec: 58901 operations; 2999.9 current ops/sec; est completion in 3 days 22 hours READ count: 28566, average latency(us): 182.46 UPDATE count: 1432, average latency(us): 265.63 
2026-10-08 06:02:13:032 20 sec: 58903 operations; 1000 current ops/sec; est completion in 3 days 22 hours READ count: 1, average latency(us): 238.00 CLEANUP count: 1, average latency(us): 1523.00  


/opt/hostedtoolcache/Java_Temurin-Hotspot_jdk/17.0.20-1/x64/bin/java  -classpath /home/runner/ycsb-mongodb-binding-0.17.0/conf:/home/runner/ycsb-mongodb-binding-0.17.0/lib/HdrHistogram-2.1.4.jar:/home/runner/ycsb-mongodb-binding-0.17.0/lib/core-0.17.0.jar:/home/runner/ycsb-mongodb-binding-0.17.0/lib/htrace-core4-4.1.0-incubating.jar:/home/runner/ycsb-mongodb-binding-0.17.0/lib/jackson-core-asl-1.9.4.jar:/home/runner/ycsb-mongodb-binding-0.17.0/lib/jackson-mapper-asl-1.9.4.jar:/home/runner/ycsb-mongodb-binding-0.17.0/lib/logback-classic-1.1.2.jar:/home/runner/ycsb-mongodb-binding-0.17.0/lib/logback-core-1.1.2.jar:/home/runner/ycsb-mongodb-binding-0.17.0/lib/mongo-java-driver-3.8.0.jar:/home/runner/ycsb-mongodb-binding-0.17.0/lib/mongodb-async-driver-2.0.1.jar:/home/runner/ycsb-mongodb-binding-0.17.0/lib/mongodb-binding-0.17.0.jar:/home/runner/ycsb-mongodb-binding-0.17.0/lib/slf4j-api-1.7.25.jar:/home/runner/ycsb-mongodb-binding-0.17.0/lib/snappy-java-1.1.7.1.jar site.ycsb.Client -t -db site.ycsb.db.MongoDbClient -s -P /home/runner/ycsb-mongodb-binding-0.17.0/workloads/workloadb -p mongodb.url=mongodb://127.0.0.1:27017/ycsb?w=1 -p measurementtype=raw -p measurement.raw.output_file=/home/runner/work/The-Omni-Compass/The-Omni-Compass/out/ycsb-burst/rep-3/omni/notch-6.raw -p recordcount=1500000 -p operationcount=1000000000 -p maxexecutiontime=20 -p target=3000 -p threads=32 -p insertstart=0 -p insertorder=ordered -p requestdistribution=uniform -p seed=100305
mongo client connection created with mongodb://127.0.0.1:27017/ycsb?w=1
Raw data measurement: will output to result file: /home/runner/work/The-Omni-Compass/The-Omni-Compass/out/ycsb-burst/rep-3/omni/notch-6.raw
Raw data measurement: will output to result file: /home/runner/work/The-Omni-Compass/The-Omni-Compass/out/ycsb-burst/rep-3/omni/notch-6.raw
Raw data measurement: will output to result file: /home/runner/work/The-Omni-Compass/The-Omni-Compass/out/ycsb-burst/rep-3/omni/notch-6.raw
[OVERALL], RunTime(ms), 20003
[OVERALL], Throughput(ops/sec), 2946.8079788031796
[TOTAL_GCS_G1_Young_Generation], Count, 12
[TOTAL_GC_TIME_G1_Young_Generation], Time(ms), 47
[TOTAL_GC_TIME_%_G1_Young_Generation], Time(%), 0.23496475528670702
[TOTAL_GCS_G1_Old_Generation], Count, 0
[TOTAL_GC_TIME_G1_Old_Generation], Time(ms), 0
[TOTAL_GC_TIME_%_G1_Old_Generation], Time(%), 0.0
[TOTAL_GCs], Count, 12
[TOTAL_GC_TIME], Time(ms), 47
[TOTAL_GC_TIME_%], Time(%), 0.23496475528670702
[READ], Total Operations, 55943
[READ], Below is a summary of latency in microseconds:, -1
[READ], Average, 227.4683874658134
[READ], Min, 145
[READ], Max, 59862
[READ], p1, 157
[READ], p5, 166
[READ], p50, 208
[READ], p90, 271
[READ], p95, 410
[READ], p99, 545
[READ], p99.9, 2093
[READ], p99.99, 9038
[READ], Return=OK, 55943
[CLEANUP], Total Operations, 1
[CLEANUP], Below is a summary of latency in microseconds:, -1
[CLEANUP], Average, 1374.0
[CLEANUP], Min, 1374
[CLEANUP], Max, 1374
[CLEANUP], p1, 1374
[CLEANUP], p5, 1374
[CLEANUP], p50, 1374
[CLEANUP], p90, 1374
[CLEANUP], p95, 1374
[CLEANUP], p99, 1374
[CLEANUP], p99.9, 1374
[CLEANUP], p99.99, 1374
[UPDATE], Total Operations, 3002
[UPDATE], Below is a summary of latency in microseconds:, -1
[UPDATE], Average, 349.5899400399733
[UPDATE], Min, 197
[UPDATE], Max, 28048
[UPDATE], p1, 207
[UPDATE], p5, 219
[UPDATE], p50, 293
[UPDATE], p90, 478
[UPDATE], p95, 558
[UPDATE], p99, 797
[UPDATE], p99.9, 7559
[UPDATE], p99.99, 28048
[UPDATE], Return=OK, 3002

Command line: -t -db site.ycsb.db.MongoDbClient -s -P /home/runner/ycsb-mongodb-binding-0.17.0/workloads/workloadb -p mongodb.url=mongodb://127.0.0.1:27017/ycsb?w=1 -p measurementtype=raw -p measurement.raw.output_file=/home/runner/work/The-Omni-Compass/The-Omni-Compass/out/ycsb-burst/rep-3/omni/notch-6.raw -p recordcount=1500000 -p operationcount=1000000000 -p maxexecutiontime=20 -p target=3000 -p threads=32 -p insertstart=0 -p insertorder=ordered -p requestdistribution=uniform -p seed=100305
YCSB Client 0.17.0

Loading workload...
Starting test.
Maximum execution time specified as: 20 secs
2026-10-08 06:02:13:652 0 sec: 0 operations; est completion in 0 second 
DBWrapper: report latency for each error is false and specific error codes to track for latency are: []
2026-10-08 06:02:23:609 10 sec: 28942 operations; 2894.2 current ops/sec; est completion in 3 days 23 hours READ count: 27440, average latency(us): 244.32 UPDATE count: 1503, average latency(us): 387.60 
2026-10-08 06:02:33:609 20 sec: 58941 operations; 2999.9 current ops/sec; est completion in 3 days 22 hours READ count: 28500, average latency(us): 211.24 UPDATE count: 1499, average latency(us): 311.48 
Maximum time elapsed. Requesting stop for the workload.
Stop requested for workload. Now Joining!
2026-10-08 06:02:33:612 20 sec: 58945 operations; 1333.33 current ops/sec; est completion in 3 days 22 hours READ count: 3, average latency(us): 221.67 CLEANUP count: 1, average latency(us): 1374.00  
