sysbench 1.0.20 (using system LuaJIT 2.1.0-beta3)

Running the test with following options:
Number of threads: 32
Target transaction rate: 300/sec
Initializing random number generator from current time


Initializing worker threads...

Threads started!

Latency histogram (values are in milliseconds)
       value  ------------- distribution ------------- count
       0.888 |                                         1
       0.904 |**                                       5
       0.920 |****                                     13
       0.937 |**********                               30
       0.954 |*************                            39
       0.971 |*************                            40
       0.989 |*********                                27
       1.007 |******                                   19
       1.025 |*******                                  21
       1.044 |********                                 25
       1.063 |**************                           42
       1.082 |*********************                    61
       1.102 |*************************                73
       1.122 |***************************              80
       1.142 |***********************                  67
       1.163 |*******************                      56
       1.184 |*******************                      58
       1.205 |*****************                        50
       1.227 |***********************                  67
       1.250 |******************************           89
       1.272 |*********************************        97
       1.295 |*********************************        98
       1.319 |************************************     108
       1.343 |******************************           88
       1.367 |**************************               78
       1.392 |*****************************            86
       1.417 |********************************         96
       1.443 |**************************************** 119
       1.469 |********************************         94
       1.496 |********************************         94
       1.523 |*********************************        97
       1.551 |*************************************    109
       1.579 |******************************           89
       1.608 |**********************************       101
       1.637 |************************************     108
       1.667 |************************************     107
       1.697 |***********************************      103
       1.728 |*********************************        98
       1.759 |****************************             82
       1.791 |********************************         96
       1.824 |***********************************      104
       1.857 |*******************************          92
       1.891 |******************************           90
       1.925 |*****************************            87
       1.960 |*********************************        97
       1.996 |*****************************            85
       2.032 |*********************************        98
       2.069 |**************************               77
       2.106 |***************************              81
       2.145 |**************************               76
       2.184 |***********************                  67
       2.223 |***************************              81
       2.264 |******************************           88
       2.305 |************************                 72
       2.347 |******************************           88
       2.389 |************************                 70
       2.433 |***********************                  69
       2.477 |***********************                  67
       2.522 |***********************                  69
       2.568 |***********************                  69
       2.615 |***********************                  67
       2.662 |*************************                73
       2.710 |******************                       53
       2.760 |******************                       54
       2.810 |*********************                    63
       2.861 |***************                          45
       2.913 |*********************                    61
       2.966 |***********************                  69
       3.020 |***********************                  69
       3.075 |***********************                  69
       3.130 |*****************                        51
       3.187 |**********************                   64
       3.245 |******************                       55
       3.304 |*******************                      56
       3.364 |****************                         49
       3.425 |*******************                      57
       3.488 |****************                         48
       3.551 |*******************                      56
       3.615 |*********************                    61
       3.681 |************                             36
       3.748 |*******************                      58
       3.816 |**************                           41
       3.885 |***************                          46
       3.956 |***********                              34
       4.028 |***************                          45
       4.101 |*************                            40
       4.176 |**********                               31
       4.252 |***********                              32
       4.329 |**********                               31
       4.407 |******                                   18
       4.487 |********                                 23
       4.569 |*******                                  20
       4.652 |****                                     13
       4.737 |**                                       7
       4.823 |**                                       6
       4.910 |**                                       6
       4.999 |                                         1
       5.090 |                                         1
       5.183 |*                                        3
       5.277 |                                         1
       5.470 |*                                        2
       7.430 |                                         1
       7.985 |                                         1
       8.277 |                                         1
      11.654 |                                         1
      12.301 |                                         1
 
SQL statistics:
    queries performed:
        read:                            84812
        write:                           0
        other:                           12116
        total:                           96928
    transactions:                        6058   (302.59 per sec.)
    queries:                             96928  (4841.51 per sec.)
    ignored errors:                      0      (0.00 per sec.)
    reconnects:                          0      (0.00 per sec.)

General statistics:
    total time:                          20.0195s
    total number of events:              6058

Latency (ms):
         min:                                    0.89
         avg:                                    2.14
         max:                                   12.33
         95th percentile:                        3.96
         sum:                                12943.47

Threads fairness:
    events (avg/stddev):           189.3125/1.16
    execution time (avg/stddev):   0.4045/0.01


