/opt/hostedtoolcache/Java_Temurin-Hotspot_jdk/17.0.20-1/x64/bin/java  -classpath /home/runner/ycsb-mongodb-binding-0.17.0/conf:/home/runner/ycsb-mongodb-binding-0.17.0/lib/HdrHistogram-2.1.4.jar:/home/runner/ycsb-mongodb-binding-0.17.0/lib/core-0.17.0.jar:/home/runner/ycsb-mongodb-binding-0.17.0/lib/htrace-core4-4.1.0-incubating.jar:/home/runner/ycsb-mongodb-binding-0.17.0/lib/jackson-core-asl-1.9.4.jar:/home/runner/ycsb-mongodb-binding-0.17.0/lib/jackson-mapper-asl-1.9.4.jar:/home/runner/ycsb-mongodb-binding-0.17.0/lib/logback-classic-1.1.2.jar:/home/runner/ycsb-mongodb-binding-0.17.0/lib/logback-core-1.1.2.jar:/home/runner/ycsb-mongodb-binding-0.17.0/lib/mongo-java-driver-3.8.0.jar:/home/runner/ycsb-mongodb-binding-0.17.0/lib/mongodb-async-driver-2.0.1.jar:/home/runner/ycsb-mongodb-binding-0.17.0/lib/mongodb-binding-0.17.0.jar:/home/runner/ycsb-mongodb-binding-0.17.0/lib/slf4j-api-1.7.25.jar:/home/runner/ycsb-mongodb-binding-0.17.0/lib/snappy-java-1.1.7.1.jar site.ycsb.Client -t -db site.ycsb.db.MongoDbClient -s -P /home/runner/ycsb-mongodb-binding-0.17.0/workloads/workloadb -p mongodb.url=mongodb://127.0.0.1:27017/ycsb?w=1 -p measurementtype=raw -p measurement.raw.output_file=/home/runner/work/The-Omni-Compass/The-Omni-Compass/out/ycsb-b/rep-1/omni/notch-1.raw -p recordcount=250000 -p operationcount=1000000000 -p maxexecutiontime=20 -p target=3000 -p threads=32 -p insertstart=0 -p insertorder=ordered -p requestdistribution=uniform -p seed=100100
mongo client connection created with mongodb://127.0.0.1:27017/ycsb?w=1
Raw data measurement: will output to result file: /home/runner/work/The-Omni-Compass/The-Omni-Compass/out/ycsb-b/rep-1/omni/notch-1.raw
Raw data measurement: will output to result file: /home/runner/work/The-Omni-Compass/The-Omni-Compass/out/ycsb-b/rep-1/omni/notch-1.raw
Raw data measurement: will output to result file: /home/runner/work/The-Omni-Compass/The-Omni-Compass/out/ycsb-b/rep-1/omni/notch-1.raw
[OVERALL], RunTime(ms), 20003
[OVERALL], Throughput(ops/sec), 2943.2085187221915
[TOTAL_GCS_G1_Young_Generation], Count, 12
[TOTAL_GC_TIME_G1_Young_Generation], Time(ms), 41
[TOTAL_GC_TIME_%_G1_Young_Generation], Time(%), 0.20496925461180823
[TOTAL_GCS_G1_Old_Generation], Count, 0
[TOTAL_GC_TIME_G1_Old_Generation], Time(ms), 0
[TOTAL_GC_TIME_%_G1_Old_Generation], Time(%), 0.0
[TOTAL_GCs], Count, 12
[TOTAL_GC_TIME], Time(ms), 41
[TOTAL_GC_TIME_%], Time(%), 0.20496925461180823
[READ], Total Operations, 56010
[READ], Below is a summary of latency in microseconds:, -1
[READ], Average, 132.14658096768434
[READ], Min, 47
[READ], Max, 47549
[READ], p1, 53
[READ], p5, 55
[READ], p50, 79
[READ], p90, 310
[READ], p95, 370
[READ], p99, 606
[READ], p99.9, 1291
[READ], p99.99, 5213
[READ], Return=OK, 56010
[CLEANUP], Total Operations, 1
[CLEANUP], Below is a summary of latency in microseconds:, -1
[CLEANUP], Average, 1059.0
[CLEANUP], Min, 1059
[CLEANUP], Max, 1059
[CLEANUP], p1, 1059
[CLEANUP], p5, 1059
[CLEANUP], p50, 1059
[CLEANUP], p90, 1059
[CLEANUP], p95, 1059
[CLEANUP], p99, 1059
[CLEANUP], p99.9, 1059
[CLEANUP], p99.99, 1059
[UPDATE], Total Operations, 2863
[UPDATE], Below is a summary of latency in microseconds:, -1
[UPDATE], Average, 324.20817324484807
[UPDATE], Min, 82
[UPDATE], Max, 7798
[UPDATE], p1, 101
[UPDATE], p5, 123
[UPDATE], p50, 283
[UPDATE], p90, 578
[UPDATE], p95, 692
[UPDATE], p99, 999
[UPDATE], p99.9, 1831
[UPDATE], p99.99, 7798
[UPDATE], Return=OK, 2863

Command line: -t -db site.ycsb.db.MongoDbClient -s -P /home/runner/ycsb-mongodb-binding-0.17.0/workloads/workloadb -p mongodb.url=mongodb://127.0.0.1:27017/ycsb?w=1 -p measurementtype=raw -p measurement.raw.output_file=/home/runner/work/The-Omni-Compass/The-Omni-Compass/out/ycsb-b/rep-1/omni/notch-1.raw -p recordcount=250000 -p operationcount=1000000000 -p maxexecutiontime=20 -p target=3000 -p threads=32 -p insertstart=0 -p insertorder=ordered -p requestdistribution=uniform -p seed=100100
YCSB Client 0.17.0

Loading workload...
Starting test.
Maximum execution time specified as: 20 secs
2026-10-08 23:26:33:627 0 sec: 0 operations; est completion in 0 second 
DBWrapper: report latency for each error is false and specific error codes to track for latency are: []
2026-10-08 23:26:43:600 10 sec: 28872 operations; 2886.91 current ops/sec; est completion in 4 days READ count: 27424, average latency(us): 178.77 UPDATE count: 1451, average latency(us): 398.18 
Maximum time elapsed. Requesting stop for the workload.
Stop requested for workload. Now Joining!
2026-10-08 23:26:53:600 20 sec: 58872 operations; 3000.3 current ops/sec; est completion in 3 days 22 hours READ count: 28585, average latency(us): 87.42 UPDATE count: 1412, average latency(us): 248.19 
2026-10-08 23:26:53:602 20 sec: 58873 operations; 500 current ops/sec; est completion in 3 days 22 hours READ count: 1, average latency(us): 198.00 CLEANUP count: 1, average latency(us): 1059.00  


/opt/hostedtoolcache/Java_Temurin-Hotspot_jdk/17.0.20-1/x64/bin/java  -classpath /home/runner/ycsb-mongodb-binding-0.17.0/conf:/home/runner/ycsb-mongodb-binding-0.17.0/lib/HdrHistogram-2.1.4.jar:/home/runner/ycsb-mongodb-binding-0.17.0/lib/core-0.17.0.jar:/home/runner/ycsb-mongodb-binding-0.17.0/lib/htrace-core4-4.1.0-incubating.jar:/home/runner/ycsb-mongodb-binding-0.17.0/lib/jackson-core-asl-1.9.4.jar:/home/runner/ycsb-mongodb-binding-0.17.0/lib/jackson-mapper-asl-1.9.4.jar:/home/runner/ycsb-mongodb-binding-0.17.0/lib/logback-classic-1.1.2.jar:/home/runner/ycsb-mongodb-binding-0.17.0/lib/logback-core-1.1.2.jar:/home/runner/ycsb-mongodb-binding-0.17.0/lib/mongo-java-driver-3.8.0.jar:/home/runner/ycsb-mongodb-binding-0.17.0/lib/mongodb-async-driver-2.0.1.jar:/home/runner/ycsb-mongodb-binding-0.17.0/lib/mongodb-binding-0.17.0.jar:/home/runner/ycsb-mongodb-binding-0.17.0/lib/slf4j-api-1.7.25.jar:/home/runner/ycsb-mongodb-binding-0.17.0/lib/snappy-java-1.1.7.1.jar site.ycsb.Client -t -db site.ycsb.db.MongoDbClient -s -P /home/runner/ycsb-mongodb-binding-0.17.0/workloads/workloadb -p mongodb.url=mongodb://127.0.0.1:27017/ycsb?w=1 -p measurementtype=raw -p measurement.raw.output_file=/home/runner/work/The-Omni-Compass/The-Omni-Compass/out/ycsb-b/rep-1/omni/notch-2.raw -p recordcount=500000 -p operationcount=1000000000 -p maxexecutiontime=20 -p target=3000 -p threads=32 -p insertstart=0 -p insertorder=ordered -p requestdistribution=uniform -p seed=100101
mongo client connection created with mongodb://127.0.0.1:27017/ycsb?w=1
Raw data measurement: will output to result file: /home/runner/work/The-Omni-Compass/The-Omni-Compass/out/ycsb-b/rep-1/omni/notch-2.raw
Raw data measurement: will output to result file: /home/runner/work/The-Omni-Compass/The-Omni-Compass/out/ycsb-b/rep-1/omni/notch-2.raw
Raw data measurement: will output to result file: /home/runner/work/The-Omni-Compass/The-Omni-Compass/out/ycsb-b/rep-1/omni/notch-2.raw
[OVERALL], RunTime(ms), 20002
[OVERALL], Throughput(ops/sec), 2961.4538546145386
[TOTAL_GCS_G1_Young_Generation], Count, 12
[TOTAL_GC_TIME_G1_Young_Generation], Time(ms), 42
[TOTAL_GC_TIME_%_G1_Young_Generation], Time(%), 0.20997900209979004
[TOTAL_GCS_G1_Old_Generation], Count, 0
[TOTAL_GC_TIME_G1_Old_Generation], Time(ms), 0
[TOTAL_GC_TIME_%_G1_Old_Generation], Time(%), 0.0
[TOTAL_GCs], Count, 12
[TOTAL_GC_TIME], Time(ms), 42
[TOTAL_GC_TIME_%], Time(%), 0.20997900209979004
[READ], Total Operations, 56275
[READ], Below is a summary of latency in microseconds:, -1
[READ], Average, 134.96431808085296
[READ], Min, 49
[READ], Max, 14907
[READ], p1, 54
[READ], p5, 57
[READ], p50, 84
[READ], p90, 301
[READ], p95, 350
[READ], p99, 542
[READ], p99.9, 2275
[READ], p99.99, 9061
[READ], Return=OK, 56275
[CLEANUP], Total Operations, 1
[CLEANUP], Below is a summary of latency in microseconds:, -1
[CLEANUP], Average, 1211.0
[CLEANUP], Min, 1211
[CLEANUP], Max, 1211
[CLEANUP], p1, 1211
[CLEANUP], p5, 1211
[CLEANUP], p50, 1211
[CLEANUP], p90, 1211
[CLEANUP], p95, 1211
[CLEANUP], p99, 1211
[CLEANUP], p99.9, 1211
[CLEANUP], p99.99, 1211
[UPDATE], Total Operations, 2960
[UPDATE], Below is a summary of latency in microseconds:, -1
[UPDATE], Average, 336.8057432432432
[UPDATE], Min, 82
[UPDATE], Max, 38938
[UPDATE], p1, 104
[UPDATE], p5, 126
[UPDATE], p50, 281
[UPDATE], p90, 544
[UPDATE], p95, 646
[UPDATE], p99, 1035
[UPDATE], p99.9, 6586
[UPDATE], p99.99, 38938
[UPDATE], Return=OK, 2960

Command line: -t -db site.ycsb.db.MongoDbClient -s -P /home/runner/ycsb-mongodb-binding-0.17.0/workloads/workloadb -p mongodb.url=mongodb://127.0.0.1:27017/ycsb?w=1 -p measurementtype=raw -p measurement.raw.output_file=/home/runner/work/The-Omni-Compass/The-Omni-Compass/out/ycsb-b/rep-1/omni/notch-2.raw -p recordcount=500000 -p operationcount=1000000000 -p maxexecutiontime=20 -p target=3000 -p threads=32 -p insertstart=0 -p insertorder=ordered -p requestdistribution=uniform -p seed=100101
YCSB Client 0.17.0

Loading workload...
Starting test.
Maximum execution time specified as: 20 secs
2026-10-08 23:26:54:028 0 sec: 0 operations; est completion in 0 second 
DBWrapper: report latency for each error is false and specific error codes to track for latency are: []
2026-10-08 23:27:04:003 10 sec: 29235 operations; 2923.5 current ops/sec; est completion in 3 days 23 hours READ count: 27801, average latency(us): 162.80 UPDATE count: 1435, average latency(us): 423.32 
Maximum time elapsed. Requesting stop for the workload.
Stop requested for workload. Now Joining!
2026-10-08 23:27:14:003 20 sec: 59234 operations; 2999.9 current ops/sec; est completion in 3 days 21 hours READ count: 28474, average latency(us): 107.78 UPDATE count: 1525, average latency(us): 255.40 
2026-10-08 23:27:14:004 20 sec: 59235 operations; 500 current ops/sec; est completion in 3 days 21 hours  CLEANUP count: 1, average latency(us): 1211.00  


/opt/hostedtoolcache/Java_Temurin-Hotspot_jdk/17.0.20-1/x64/bin/java  -classpath /home/runner/ycsb-mongodb-binding-0.17.0/conf:/home/runner/ycsb-mongodb-binding-0.17.0/lib/HdrHistogram-2.1.4.jar:/home/runner/ycsb-mongodb-binding-0.17.0/lib/core-0.17.0.jar:/home/runner/ycsb-mongodb-binding-0.17.0/lib/htrace-core4-4.1.0-incubating.jar:/home/runner/ycsb-mongodb-binding-0.17.0/lib/jackson-core-asl-1.9.4.jar:/home/runner/ycsb-mongodb-binding-0.17.0/lib/jackson-mapper-asl-1.9.4.jar:/home/runner/ycsb-mongodb-binding-0.17.0/lib/logback-classic-1.1.2.jar:/home/runner/ycsb-mongodb-binding-0.17.0/lib/logback-core-1.1.2.jar:/home/runner/ycsb-mongodb-binding-0.17.0/lib/mongo-java-driver-3.8.0.jar:/home/runner/ycsb-mongodb-binding-0.17.0/lib/mongodb-async-driver-2.0.1.jar:/home/runner/ycsb-mongodb-binding-0.17.0/lib/mongodb-binding-0.17.0.jar:/home/runner/ycsb-mongodb-binding-0.17.0/lib/slf4j-api-1.7.25.jar:/home/runner/ycsb-mongodb-binding-0.17.0/lib/snappy-java-1.1.7.1.jar site.ycsb.Client -t -db site.ycsb.db.MongoDbClient -s -P /home/runner/ycsb-mongodb-binding-0.17.0/workloads/workloadb -p mongodb.url=mongodb://127.0.0.1:27017/ycsb?w=1 -p measurementtype=raw -p measurement.raw.output_file=/home/runner/work/The-Omni-Compass/The-Omni-Compass/out/ycsb-b/rep-1/omni/notch-3.raw -p recordcount=750000 -p operationcount=1000000000 -p maxexecutiontime=20 -p target=3000 -p threads=32 -p insertstart=0 -p insertorder=ordered -p requestdistribution=uniform -p seed=100102
mongo client connection created with mongodb://127.0.0.1:27017/ycsb?w=1
Raw data measurement: will output to result file: /home/runner/work/The-Omni-Compass/The-Omni-Compass/out/ycsb-b/rep-1/omni/notch-3.raw
Raw data measurement: will output to result file: /home/runner/work/The-Omni-Compass/The-Omni-Compass/out/ycsb-b/rep-1/omni/notch-3.raw
Raw data measurement: will output to result file: /home/runner/work/The-Omni-Compass/The-Omni-Compass/out/ycsb-b/rep-1/omni/notch-3.raw
[OVERALL], RunTime(ms), 20003
[OVERALL], Throughput(ops/sec), 2963.6554516822475
[TOTAL_GCS_G1_Young_Generation], Count, 12
[TOTAL_GC_TIME_G1_Young_Generation], Time(ms), 43
[TOTAL_GC_TIME_%_G1_Young_Generation], Time(%), 0.2149677548367745
[TOTAL_GCS_G1_Old_Generation], Count, 0
[TOTAL_GC_TIME_G1_Old_Generation], Time(ms), 0
[TOTAL_GC_TIME_%_G1_Old_Generation], Time(%), 0.0
[TOTAL_GCs], Count, 12
[TOTAL_GC_TIME], Time(ms), 43
[TOTAL_GC_TIME_%], Time(%), 0.2149677548367745
[READ], Total Operations, 56348
[READ], Below is a summary of latency in microseconds:, -1
[READ], Average, 126.0269574785263
[READ], Min, 50
[READ], Max, 14495
[READ], p1, 55
[READ], p5, 59
[READ], p50, 83
[READ], p90, 283
[READ], p95, 329
[READ], p99, 469
[READ], p99.9, 2681
[READ], p99.99, 9751
[READ], Return=OK, 56348
[CLEANUP], Total Operations, 1
[CLEANUP], Below is a summary of latency in microseconds:, -1
[CLEANUP], Average, 1068.0
[CLEANUP], Min, 1068
[CLEANUP], Max, 1068
[CLEANUP], p1, 1068
[CLEANUP], p5, 1068
[CLEANUP], p50, 1068
[CLEANUP], p90, 1068
[CLEANUP], p95, 1068
[CLEANUP], p99, 1068
[CLEANUP], p99.9, 1068
[CLEANUP], p99.99, 1068
[UPDATE], Total Operations, 2934
[UPDATE], Below is a summary of latency in microseconds:, -1
[UPDATE], Average, 336.0589638718473
[UPDATE], Min, 83
[UPDATE], Max, 33485
[UPDATE], p1, 97
[UPDATE], p5, 118
[UPDATE], p50, 284
[UPDATE], p90, 505
[UPDATE], p95, 621
[UPDATE], p99, 845
[UPDATE], p99.9, 13506
[UPDATE], p99.99, 33485
[UPDATE], Return=OK, 2934

Command line: -t -db site.ycsb.db.MongoDbClient -s -P /home/runner/ycsb-mongodb-binding-0.17.0/workloads/workloadb -p mongodb.url=mongodb://127.0.0.1:27017/ycsb?w=1 -p measurementtype=raw -p measurement.raw.output_file=/home/runner/work/The-Omni-Compass/The-Omni-Compass/out/ycsb-b/rep-1/omni/notch-3.raw -p recordcount=750000 -p operationcount=1000000000 -p maxexecutiontime=20 -p target=3000 -p threads=32 -p insertstart=0 -p insertorder=ordered -p requestdistribution=uniform -p seed=100102
YCSB Client 0.17.0

Loading workload...
Starting test.
Maximum execution time specified as: 20 secs
2026-10-08 23:27:14:422 0 sec: 0 operations; est completion in 0 second 
DBWrapper: report latency for each error is false and specific error codes to track for latency are: []
2026-10-08 23:27:24:396 10 sec: 29278 operations; 2927.8 current ops/sec; est completion in 3 days 22 hours READ count: 27839, average latency(us): 148.17 UPDATE count: 1441, average latency(us): 417.97 
2026-10-08 23:27:34:396 20 sec: 59279 operations; 3000.1 current ops/sec; est completion in 3 days 21 hours READ count: 28508, average latency(us): 104.41 UPDATE count: 1492, average latency(us): 257.07 
Maximum time elapsed. Requesting stop for the workload.
Stop requested for workload. Now Joining!
2026-10-08 23:27:34:398 20 sec: 59282 operations; 1000 current ops/sec; est completion in 3 days 21 hours READ count: 1, average latency(us): 155.00 CLEANUP count: 1, average latency(us): 1068.00 UPDATE count: 1, average latency(us): 156.00 


/opt/hostedtoolcache/Java_Temurin-Hotspot_jdk/17.0.20-1/x64/bin/java  -classpath /home/runner/ycsb-mongodb-binding-0.17.0/conf:/home/runner/ycsb-mongodb-binding-0.17.0/lib/HdrHistogram-2.1.4.jar:/home/runner/ycsb-mongodb-binding-0.17.0/lib/core-0.17.0.jar:/home/runner/ycsb-mongodb-binding-0.17.0/lib/htrace-core4-4.1.0-incubating.jar:/home/runner/ycsb-mongodb-binding-0.17.0/lib/jackson-core-asl-1.9.4.jar:/home/runner/ycsb-mongodb-binding-0.17.0/lib/jackson-mapper-asl-1.9.4.jar:/home/runner/ycsb-mongodb-binding-0.17.0/lib/logback-classic-1.1.2.jar:/home/runner/ycsb-mongodb-binding-0.17.0/lib/logback-core-1.1.2.jar:/home/runner/ycsb-mongodb-binding-0.17.0/lib/mongo-java-driver-3.8.0.jar:/home/runner/ycsb-mongodb-binding-0.17.0/lib/mongodb-async-driver-2.0.1.jar:/home/runner/ycsb-mongodb-binding-0.17.0/lib/mongodb-binding-0.17.0.jar:/home/runner/ycsb-mongodb-binding-0.17.0/lib/slf4j-api-1.7.25.jar:/home/runner/ycsb-mongodb-binding-0.17.0/lib/snappy-java-1.1.7.1.jar site.ycsb.Client -t -db site.ycsb.db.MongoDbClient -s -P /home/runner/ycsb-mongodb-binding-0.17.0/workloads/workloadb -p mongodb.url=mongodb://127.0.0.1:27017/ycsb?w=1 -p measurementtype=raw -p measurement.raw.output_file=/home/runner/work/The-Omni-Compass/The-Omni-Compass/out/ycsb-b/rep-1/omni/notch-4.raw -p recordcount=500000 -p operationcount=1000000000 -p maxexecutiontime=20 -p target=3000 -p threads=32 -p insertstart=0 -p insertorder=ordered -p requestdistribution=uniform -p seed=100103
mongo client connection created with mongodb://127.0.0.1:27017/ycsb?w=1
Raw data measurement: will output to result file: /home/runner/work/The-Omni-Compass/The-Omni-Compass/out/ycsb-b/rep-1/omni/notch-4.raw
Raw data measurement: will output to result file: /home/runner/work/The-Omni-Compass/The-Omni-Compass/out/ycsb-b/rep-1/omni/notch-4.raw
Raw data measurement: will output to result file: /home/runner/work/The-Omni-Compass/The-Omni-Compass/out/ycsb-b/rep-1/omni/notch-4.raw
[OVERALL], RunTime(ms), 20002
[OVERALL], Throughput(ops/sec), 2961.8538146185383
[TOTAL_GCS_G1_Young_Generation], Count, 12
[TOTAL_GC_TIME_G1_Young_Generation], Time(ms), 38
[TOTAL_GC_TIME_%_G1_Young_Generation], Time(%), 0.18998100189981001
[TOTAL_GCS_G1_Old_Generation], Count, 0
[TOTAL_GC_TIME_G1_Old_Generation], Time(ms), 0
[TOTAL_GC_TIME_%_G1_Old_Generation], Time(%), 0.0
[TOTAL_GCs], Count, 12
[TOTAL_GC_TIME], Time(ms), 38
[TOTAL_GC_TIME_%], Time(%), 0.18998100189981001
[READ], Total Operations, 56246
[READ], Below is a summary of latency in microseconds:, -1
[READ], Average, 83.06734701134303
[READ], Min, 46
[READ], Max, 38855
[READ], p1, 49
[READ], p5, 51
[READ], p50, 69
[READ], p90, 111
[READ], p95, 145
[READ], p99, 326
[READ], p99.9, 912
[READ], p99.99, 4777
[READ], Return=OK, 56246
[CLEANUP], Total Operations, 1
[CLEANUP], Below is a summary of latency in microseconds:, -1
[CLEANUP], Average, 996.0
[CLEANUP], Min, 996
[CLEANUP], Max, 996
[CLEANUP], p1, 996
[CLEANUP], p5, 996
[CLEANUP], p50, 996
[CLEANUP], p90, 996
[CLEANUP], p95, 996
[CLEANUP], p99, 996
[CLEANUP], p99.9, 996
[CLEANUP], p99.99, 996
[UPDATE], Total Operations, 2997
[UPDATE], Below is a summary of latency in microseconds:, -1
[UPDATE], Average, 195.82682682682682
[UPDATE], Min, 69
[UPDATE], Max, 4855
[UPDATE], p1, 77
[UPDATE], p5, 83
[UPDATE], p50, 136
[UPDATE], p90, 398
[UPDATE], p95, 476
[UPDATE], p99, 713
[UPDATE], p99.9, 1844
[UPDATE], p99.99, 4855
[UPDATE], Return=OK, 2997

Command line: -t -db site.ycsb.db.MongoDbClient -s -P /home/runner/ycsb-mongodb-binding-0.17.0/workloads/workloadb -p mongodb.url=mongodb://127.0.0.1:27017/ycsb?w=1 -p measurementtype=raw -p measurement.raw.output_file=/home/runner/work/The-Omni-Compass/The-Omni-Compass/out/ycsb-b/rep-1/omni/notch-4.raw -p recordcount=500000 -p operationcount=1000000000 -p maxexecutiontime=20 -p target=3000 -p threads=32 -p insertstart=0 -p insertorder=ordered -p requestdistribution=uniform -p seed=100103
YCSB Client 0.17.0

Loading workload...
Starting test.
Maximum execution time specified as: 20 secs
2026-10-08 23:27:34:802 0 sec: 0 operations; est completion in 0 second 
DBWrapper: report latency for each error is false and specific error codes to track for latency are: []
2026-10-08 23:27:44:776 10 sec: 29241 operations; 2924.1 current ops/sec; est completion in 3 days 22 hours READ count: 27769, average latency(us): 94.82 UPDATE count: 1474, average latency(us): 263.34 
Maximum time elapsed. Requesting stop for the workload.
Stop requested for workload. Now Joining!
2026-10-08 23:27:54:776 20 sec: 59241 operations; 3000 current ops/sec; est completion in 3 days 21 hours READ count: 28475, average latency(us): 71.60 UPDATE count: 1523, average latency(us): 130.48 
2026-10-08 23:27:54:778 20 sec: 59243 operations; 1000 current ops/sec; est completion in 3 days 21 hours READ count: 2, average latency(us): 213.00 CLEANUP count: 1, average latency(us): 996.00  


/opt/hostedtoolcache/Java_Temurin-Hotspot_jdk/17.0.20-1/x64/bin/java  -classpath /home/runner/ycsb-mongodb-binding-0.17.0/conf:/home/runner/ycsb-mongodb-binding-0.17.0/lib/HdrHistogram-2.1.4.jar:/home/runner/ycsb-mongodb-binding-0.17.0/lib/core-0.17.0.jar:/home/runner/ycsb-mongodb-binding-0.17.0/lib/htrace-core4-4.1.0-incubating.jar:/home/runner/ycsb-mongodb-binding-0.17.0/lib/jackson-core-asl-1.9.4.jar:/home/runner/ycsb-mongodb-binding-0.17.0/lib/jackson-mapper-asl-1.9.4.jar:/home/runner/ycsb-mongodb-binding-0.17.0/lib/logback-classic-1.1.2.jar:/home/runner/ycsb-mongodb-binding-0.17.0/lib/logback-core-1.1.2.jar:/home/runner/ycsb-mongodb-binding-0.17.0/lib/mongo-java-driver-3.8.0.jar:/home/runner/ycsb-mongodb-binding-0.17.0/lib/mongodb-async-driver-2.0.1.jar:/home/runner/ycsb-mongodb-binding-0.17.0/lib/mongodb-binding-0.17.0.jar:/home/runner/ycsb-mongodb-binding-0.17.0/lib/slf4j-api-1.7.25.jar:/home/runner/ycsb-mongodb-binding-0.17.0/lib/snappy-java-1.1.7.1.jar site.ycsb.Client -t -db site.ycsb.db.MongoDbClient -s -P /home/runner/ycsb-mongodb-binding-0.17.0/workloads/workloadb -p mongodb.url=mongodb://127.0.0.1:27017/ycsb?w=1 -p measurementtype=raw -p measurement.raw.output_file=/home/runner/work/The-Omni-Compass/The-Omni-Compass/out/ycsb-b/rep-1/omni/notch-5.raw -p recordcount=750000 -p operationcount=1000000000 -p maxexecutiontime=20 -p target=3000 -p threads=32 -p insertstart=0 -p insertorder=ordered -p requestdistribution=uniform -p seed=100104
mongo client connection created with mongodb://127.0.0.1:27017/ycsb?w=1
Raw data measurement: will output to result file: /home/runner/work/The-Omni-Compass/The-Omni-Compass/out/ycsb-b/rep-1/omni/notch-5.raw
Raw data measurement: will output to result file: /home/runner/work/The-Omni-Compass/The-Omni-Compass/out/ycsb-b/rep-1/omni/notch-5.raw
Raw data measurement: will output to result file: /home/runner/work/The-Omni-Compass/The-Omni-Compass/out/ycsb-b/rep-1/omni/notch-5.raw
[OVERALL], RunTime(ms), 20002
[OVERALL], Throughput(ops/sec), 2966.6533346665333
[TOTAL_GCS_G1_Young_Generation], Count, 12
[TOTAL_GC_TIME_G1_Young_Generation], Time(ms), 52
[TOTAL_GC_TIME_%_G1_Young_Generation], Time(%), 0.25997400259974
[TOTAL_GCS_G1_Old_Generation], Count, 0
[TOTAL_GC_TIME_G1_Old_Generation], Time(ms), 0
[TOTAL_GC_TIME_%_G1_Old_Generation], Time(%), 0.0
[TOTAL_GCs], Count, 12
[TOTAL_GC_TIME], Time(ms), 52
[TOTAL_GC_TIME_%], Time(%), 0.25997400259974
[READ], Total Operations, 56297
[READ], Below is a summary of latency in microseconds:, -1
[READ], Average, 89.92779366573707
[READ], Min, 47
[READ], Max, 36805
[READ], p1, 52
[READ], p5, 54
[READ], p50, 73
[READ], p90, 117
[READ], p95, 167
[READ], p99, 368
[READ], p99.9, 1077
[READ], p99.99, 4584
[READ], Return=OK, 56297
[CLEANUP], Total Operations, 1
[CLEANUP], Below is a summary of latency in microseconds:, -1
[CLEANUP], Average, 1044.0
[CLEANUP], Min, 1044
[CLEANUP], Max, 1044
[CLEANUP], p1, 1044
[CLEANUP], p5, 1044
[CLEANUP], p50, 1044
[CLEANUP], p90, 1044
[CLEANUP], p95, 1044
[CLEANUP], p99, 1044
[CLEANUP], p99.9, 1044
[CLEANUP], p99.99, 1044
[UPDATE], Total Operations, 3042
[UPDATE], Below is a summary of latency in microseconds:, -1
[UPDATE], Average, 187.8060486522025
[UPDATE], Min, 74
[UPDATE], Max, 7217
[UPDATE], p1, 82
[UPDATE], p5, 90
[UPDATE], p50, 155
[UPDATE], p90, 302
[UPDATE], p95, 368
[UPDATE], p99, 571
[UPDATE], p99.9, 1848
[UPDATE], p99.99, 7217
[UPDATE], Return=OK, 3042

Command line: -t -db site.ycsb.db.MongoDbClient -s -P /home/runner/ycsb-mongodb-binding-0.17.0/workloads/workloadb -p mongodb.url=mongodb://127.0.0.1:27017/ycsb?w=1 -p measurementtype=raw -p measurement.raw.output_file=/home/runner/work/The-Omni-Compass/The-Omni-Compass/out/ycsb-b/rep-1/omni/notch-5.raw -p recordcount=750000 -p operationcount=1000000000 -p maxexecutiontime=20 -p target=3000 -p threads=32 -p insertstart=0 -p insertorder=ordered -p requestdistribution=uniform -p seed=100104
YCSB Client 0.17.0

Loading workload...
Starting test.
Maximum execution time specified as: 20 secs
2026-10-08 23:27:55:164 0 sec: 0 operations; est completion in 0 second 
DBWrapper: report latency for each error is false and specific error codes to track for latency are: []
2026-10-08 23:28:05:140 10 sec: 29339 operations; 2933.9 current ops/sec; est completion in 3 days 22 hours READ count: 27838, average latency(us): 100.30 UPDATE count: 1502, average latency(us): 213.94 
Maximum time elapsed. Requesting stop for the workload.
Stop requested for workload. Now Joining!
2026-10-08 23:28:15:140 20 sec: 59339 operations; 3000 current ops/sec; est completion in 3 days 21 hours READ count: 28459, average latency(us): 79.79 UPDATE count: 1540, average latency(us): 162.31 
2026-10-08 23:28:15:142 20 sec: 59339 operations; 0 current ops/sec; est completion in 3 days 21 hours  CLEANUP count: 1, average latency(us): 1044.00  


/opt/hostedtoolcache/Java_Temurin-Hotspot_jdk/17.0.20-1/x64/bin/java  -classpath /home/runner/ycsb-mongodb-binding-0.17.0/conf:/home/runner/ycsb-mongodb-binding-0.17.0/lib/HdrHistogram-2.1.4.jar:/home/runner/ycsb-mongodb-binding-0.17.0/lib/core-0.17.0.jar:/home/runner/ycsb-mongodb-binding-0.17.0/lib/htrace-core4-4.1.0-incubating.jar:/home/runner/ycsb-mongodb-binding-0.17.0/lib/jackson-core-asl-1.9.4.jar:/home/runner/ycsb-mongodb-binding-0.17.0/lib/jackson-mapper-asl-1.9.4.jar:/home/runner/ycsb-mongodb-binding-0.17.0/lib/logback-classic-1.1.2.jar:/home/runner/ycsb-mongodb-binding-0.17.0/lib/logback-core-1.1.2.jar:/home/runner/ycsb-mongodb-binding-0.17.0/lib/mongo-java-driver-3.8.0.jar:/home/runner/ycsb-mongodb-binding-0.17.0/lib/mongodb-async-driver-2.0.1.jar:/home/runner/ycsb-mongodb-binding-0.17.0/lib/mongodb-binding-0.17.0.jar:/home/runner/ycsb-mongodb-binding-0.17.0/lib/slf4j-api-1.7.25.jar:/home/runner/ycsb-mongodb-binding-0.17.0/lib/snappy-java-1.1.7.1.jar site.ycsb.Client -t -db site.ycsb.db.MongoDbClient -s -P /home/runner/ycsb-mongodb-binding-0.17.0/workloads/workloadb -p mongodb.url=mongodb://127.0.0.1:27017/ycsb?w=1 -p measurementtype=raw -p measurement.raw.output_file=/home/runner/work/The-Omni-Compass/The-Omni-Compass/out/ycsb-b/rep-1/omni/notch-6.raw -p recordcount=1000000 -p operationcount=1000000000 -p maxexecutiontime=20 -p target=3000 -p threads=32 -p insertstart=0 -p insertorder=ordered -p requestdistribution=uniform -p seed=100105
mongo client connection created with mongodb://127.0.0.1:27017/ycsb?w=1
Raw data measurement: will output to result file: /home/runner/work/The-Omni-Compass/The-Omni-Compass/out/ycsb-b/rep-1/omni/notch-6.raw
Raw data measurement: will output to result file: /home/runner/work/The-Omni-Compass/The-Omni-Compass/out/ycsb-b/rep-1/omni/notch-6.raw
Raw data measurement: will output to result file: /home/runner/work/The-Omni-Compass/The-Omni-Compass/out/ycsb-b/rep-1/omni/notch-6.raw
[OVERALL], RunTime(ms), 20002
[OVERALL], Throughput(ops/sec), 2965.3534646535345
[TOTAL_GCS_G1_Young_Generation], Count, 12
[TOTAL_GC_TIME_G1_Young_Generation], Time(ms), 39
[TOTAL_GC_TIME_%_G1_Young_Generation], Time(%), 0.19498050194980504
[TOTAL_GCS_G1_Old_Generation], Count, 0
[TOTAL_GC_TIME_G1_Old_Generation], Time(ms), 0
[TOTAL_GC_TIME_%_G1_Old_Generation], Time(%), 0.0
[TOTAL_GCs], Count, 12
[TOTAL_GC_TIME], Time(ms), 39
[TOTAL_GC_TIME_%], Time(%), 0.19498050194980504
[READ], Total Operations, 56320
[READ], Below is a summary of latency in microseconds:, -1
[READ], Average, 123.18879616477273
[READ], Min, 47
[READ], Max, 34144
[READ], p1, 52
[READ], p5, 56
[READ], p50, 79
[READ], p90, 260
[READ], p95, 312
[READ], p99, 456
[READ], p99.9, 7871
[READ], p99.99, 9282
[READ], Return=OK, 56320
[CLEANUP], Total Operations, 1
[CLEANUP], Below is a summary of latency in microseconds:, -1
[CLEANUP], Average, 979.0
[CLEANUP], Min, 979
[CLEANUP], Max, 979
[CLEANUP], p1, 979
[CLEANUP], p5, 979
[CLEANUP], p50, 979
[CLEANUP], p90, 979
[CLEANUP], p95, 979
[CLEANUP], p99, 979
[CLEANUP], p99.9, 979
[CLEANUP], p99.99, 979
[UPDATE], Total Operations, 2993
[UPDATE], Below is a summary of latency in microseconds:, -1
[UPDATE], Average, 229.0417641162713
[UPDATE], Min, 65
[UPDATE], Max, 5333
[UPDATE], p1, 85
[UPDATE], p5, 96
[UPDATE], p50, 179
[UPDATE], p90, 403
[UPDATE], p95, 485
[UPDATE], p99, 787
[UPDATE], p99.9, 2164
[UPDATE], p99.99, 5333
[UPDATE], Return=OK, 2993

Command line: -t -db site.ycsb.db.MongoDbClient -s -P /home/runner/ycsb-mongodb-binding-0.17.0/workloads/workloadb -p mongodb.url=mongodb://127.0.0.1:27017/ycsb?w=1 -p measurementtype=raw -p measurement.raw.output_file=/home/runner/work/The-Omni-Compass/The-Omni-Compass/out/ycsb-b/rep-1/omni/notch-6.raw -p recordcount=1000000 -p operationcount=1000000000 -p maxexecutiontime=20 -p target=3000 -p threads=32 -p insertstart=0 -p insertorder=ordered -p requestdistribution=uniform -p seed=100105
YCSB Client 0.17.0

Loading workload...
Starting test.
Maximum execution time specified as: 20 secs
2026-10-08 23:28:15:552 0 sec: 0 operations; est completion in 0 second 
DBWrapper: report latency for each error is false and specific error codes to track for latency are: []
2026-10-08 23:28:25:528 10 sec: 29312 operations; 2931.2 current ops/sec; est completion in 3 days 22 hours READ count: 27841, average latency(us): 145.38 UPDATE count: 1474, average latency(us): 261.37 
Maximum time elapsed. Requesting stop for the workload.
Stop requested for workload. Now Joining!
2026-10-08 23:28:35:528 20 sec: 59312 operations; 3000 current ops/sec; est completion in 3 days 21 hours READ count: 28479, average latency(us): 101.49 UPDATE count: 1519, average latency(us): 197.67 
2026-10-08 23:28:35:530 20 sec: 59313 operations; 500 current ops/sec; est completion in 3 days 21 hours  CLEANUP count: 1, average latency(us): 979.00  


/opt/hostedtoolcache/Java_Temurin-Hotspot_jdk/17.0.20-1/x64/bin/java  -classpath /home/runner/ycsb-mongodb-binding-0.17.0/conf:/home/runner/ycsb-mongodb-binding-0.17.0/lib/HdrHistogram-2.1.4.jar:/home/runner/ycsb-mongodb-binding-0.17.0/lib/core-0.17.0.jar:/home/runner/ycsb-mongodb-binding-0.17.0/lib/htrace-core4-4.1.0-incubating.jar:/home/runner/ycsb-mongodb-binding-0.17.0/lib/jackson-core-asl-1.9.4.jar:/home/runner/ycsb-mongodb-binding-0.17.0/lib/jackson-mapper-asl-1.9.4.jar:/home/runner/ycsb-mongodb-binding-0.17.0/lib/logback-classic-1.1.2.jar:/home/runner/ycsb-mongodb-binding-0.17.0/lib/logback-core-1.1.2.jar:/home/runner/ycsb-mongodb-binding-0.17.0/lib/mongo-java-driver-3.8.0.jar:/home/runner/ycsb-mongodb-binding-0.17.0/lib/mongodb-async-driver-2.0.1.jar:/home/runner/ycsb-mongodb-binding-0.17.0/lib/mongodb-binding-0.17.0.jar:/home/runner/ycsb-mongodb-binding-0.17.0/lib/slf4j-api-1.7.25.jar:/home/runner/ycsb-mongodb-binding-0.17.0/lib/snappy-java-1.1.7.1.jar site.ycsb.Client -t -db site.ycsb.db.MongoDbClient -s -P /home/runner/ycsb-mongodb-binding-0.17.0/workloads/workloadb -p mongodb.url=mongodb://127.0.0.1:27017/ycsb?w=1 -p measurementtype=raw -p measurement.raw.output_file=/home/runner/work/The-Omni-Compass/The-Omni-Compass/out/ycsb-b/rep-1/omni/notch-7.raw -p recordcount=1250000 -p operationcount=1000000000 -p maxexecutiontime=20 -p target=3000 -p threads=32 -p insertstart=0 -p insertorder=ordered -p requestdistribution=uniform -p seed=100106
mongo client connection created with mongodb://127.0.0.1:27017/ycsb?w=1
Raw data measurement: will output to result file: /home/runner/work/The-Omni-Compass/The-Omni-Compass/out/ycsb-b/rep-1/omni/notch-7.raw
Raw data measurement: will output to result file: /home/runner/work/The-Omni-Compass/The-Omni-Compass/out/ycsb-b/rep-1/omni/notch-7.raw
Raw data measurement: will output to result file: /home/runner/work/The-Omni-Compass/The-Omni-Compass/out/ycsb-b/rep-1/omni/notch-7.raw
[OVERALL], RunTime(ms), 20004
[OVERALL], Throughput(ops/sec), 2967.956408718256
[TOTAL_GCS_G1_Young_Generation], Count, 12
[TOTAL_GC_TIME_G1_Young_Generation], Time(ms), 41
[TOTAL_GC_TIME_%_G1_Young_Generation], Time(%), 0.2049590081983603
[TOTAL_GCS_G1_Old_Generation], Count, 0
[TOTAL_GC_TIME_G1_Old_Generation], Time(ms), 0
[TOTAL_GC_TIME_%_G1_Old_Generation], Time(%), 0.0
[TOTAL_GCs], Count, 12
[TOTAL_GC_TIME], Time(ms), 41
[TOTAL_GC_TIME_%], Time(%), 0.2049590081983603
[READ], Total Operations, 56421
[READ], Below is a summary of latency in microseconds:, -1
[READ], Average, 119.02977614717925
[READ], Min, 49
[READ], Max, 33734
[READ], p1, 54
[READ], p5, 59
[READ], p50, 82
[READ], p90, 269
[READ], p95, 310
[READ], p99, 435
[READ], p99.9, 1402
[READ], p99.99, 8869
[READ], Return=OK, 56421
[CLEANUP], Total Operations, 1
[CLEANUP], Below is a summary of latency in microseconds:, -1
[CLEANUP], Average, 1122.0
[CLEANUP], Min, 1122
[CLEANUP], Max, 1122
[CLEANUP], p1, 1122
[CLEANUP], p5, 1122
[CLEANUP], p50, 1122
[CLEANUP], p90, 1122
[CLEANUP], p95, 1122
[CLEANUP], p99, 1122
[CLEANUP], p99.9, 1122
[CLEANUP], p99.99, 1122
[UPDATE], Total Operations, 2950
[UPDATE], Below is a summary of latency in microseconds:, -1
[UPDATE], Average, 253.99966101694915
[UPDATE], Min, 80
[UPDATE], Max, 3733
[UPDATE], p1, 96
[UPDATE], p5, 111
[UPDATE], p50, 217
[UPDATE], p90, 434
[UPDATE], p95, 497
[UPDATE], p99, 662
[UPDATE], p99.9, 2359
[UPDATE], p99.99, 3733
[UPDATE], Return=OK, 2950

Command line: -t -db site.ycsb.db.MongoDbClient -s -P /home/runner/ycsb-mongodb-binding-0.17.0/workloads/workloadb -p mongodb.url=mongodb://127.0.0.1:27017/ycsb?w=1 -p measurementtype=raw -p measurement.raw.output_file=/home/runner/work/The-Omni-Compass/The-Omni-Compass/out/ycsb-b/rep-1/omni/notch-7.raw -p recordcount=1250000 -p operationcount=1000000000 -p maxexecutiontime=20 -p target=3000 -p threads=32 -p insertstart=0 -p insertorder=ordered -p requestdistribution=uniform -p seed=100106
YCSB Client 0.17.0

Loading workload...
Starting test.
Maximum execution time specified as: 20 secs
2026-10-08 23:28:35:940 0 sec: 0 operations; est completion in 0 second 
DBWrapper: report latency for each error is false and specific error codes to track for latency are: []
2026-10-08 23:28:45:916 10 sec: 29364 operations; 2936.4 current ops/sec; est completion in 3 days 22 hours READ count: 27883, average latency(us): 131.38 UPDATE count: 1482, average latency(us): 298.73 
2026-10-08 23:28:55:916 20 sec: 59364 operations; 3000 current ops/sec; est completion in 3 days 21 hours READ count: 28531, average latency(us): 106.96 UPDATE count: 1468, average latency(us): 208.84 
Maximum time elapsed. Requesting stop for the workload.
Stop requested for workload. Now Joining!
2026-10-08 23:28:55:920 20 sec: 59371 operations; 1750 current ops/sec; est completion in 3 days 21 hours READ count: 7, average latency(us): 138.00 CLEANUP count: 1, average latency(us): 1122.00  


/opt/hostedtoolcache/Java_Temurin-Hotspot_jdk/17.0.20-1/x64/bin/java  -classpath /home/runner/ycsb-mongodb-binding-0.17.0/conf:/home/runner/ycsb-mongodb-binding-0.17.0/lib/HdrHistogram-2.1.4.jar:/home/runner/ycsb-mongodb-binding-0.17.0/lib/core-0.17.0.jar:/home/runner/ycsb-mongodb-binding-0.17.0/lib/htrace-core4-4.1.0-incubating.jar:/home/runner/ycsb-mongodb-binding-0.17.0/lib/jackson-core-asl-1.9.4.jar:/home/runner/ycsb-mongodb-binding-0.17.0/lib/jackson-mapper-asl-1.9.4.jar:/home/runner/ycsb-mongodb-binding-0.17.0/lib/logback-classic-1.1.2.jar:/home/runner/ycsb-mongodb-binding-0.17.0/lib/logback-core-1.1.2.jar:/home/runner/ycsb-mongodb-binding-0.17.0/lib/mongo-java-driver-3.8.0.jar:/home/runner/ycsb-mongodb-binding-0.17.0/lib/mongodb-async-driver-2.0.1.jar:/home/runner/ycsb-mongodb-binding-0.17.0/lib/mongodb-binding-0.17.0.jar:/home/runner/ycsb-mongodb-binding-0.17.0/lib/slf4j-api-1.7.25.jar:/home/runner/ycsb-mongodb-binding-0.17.0/lib/snappy-java-1.1.7.1.jar site.ycsb.Client -t -db site.ycsb.db.MongoDbClient -s -P /home/runner/ycsb-mongodb-binding-0.17.0/workloads/workloadb -p mongodb.url=mongodb://127.0.0.1:27017/ycsb?w=1 -p measurementtype=raw -p measurement.raw.output_file=/home/runner/work/The-Omni-Compass/The-Omni-Compass/out/ycsb-b/rep-1/omni/notch-8.raw -p recordcount=1500000 -p operationcount=1000000000 -p maxexecutiontime=20 -p target=3000 -p threads=32 -p insertstart=0 -p insertorder=ordered -p requestdistribution=uniform -p seed=100107
mongo client connection created with mongodb://127.0.0.1:27017/ycsb?w=1
Raw data measurement: will output to result file: /home/runner/work/The-Omni-Compass/The-Omni-Compass/out/ycsb-b/rep-1/omni/notch-8.raw
Raw data measurement: will output to result file: /home/runner/work/The-Omni-Compass/The-Omni-Compass/out/ycsb-b/rep-1/omni/notch-8.raw
Raw data measurement: will output to result file: /home/runner/work/The-Omni-Compass/The-Omni-Compass/out/ycsb-b/rep-1/omni/notch-8.raw
[OVERALL], RunTime(ms), 20002
[OVERALL], Throughput(ops/sec), 2964.903509649035
[TOTAL_GCS_G1_Young_Generation], Count, 12
[TOTAL_GC_TIME_G1_Young_Generation], Time(ms), 40
[TOTAL_GC_TIME_%_G1_Young_Generation], Time(%), 0.1999800019998
[TOTAL_GCS_G1_Old_Generation], Count, 0
[TOTAL_GC_TIME_G1_Old_Generation], Time(ms), 0
[TOTAL_GC_TIME_%_G1_Old_Generation], Time(%), 0.0
[TOTAL_GCs], Count, 12
[TOTAL_GC_TIME], Time(ms), 40
[TOTAL_GC_TIME_%], Time(%), 0.1999800019998
[READ], Total Operations, 56323
[READ], Below is a summary of latency in microseconds:, -1
[READ], Average, 120.3348543223905
[READ], Min, 49
[READ], Max, 29959
[READ], p1, 54
[READ], p5, 60
[READ], p50, 84
[READ], p90, 269
[READ], p95, 309
[READ], p99, 439
[READ], p99.9, 1352
[READ], p99.99, 6217
[READ], Return=OK, 56323
[CLEANUP], Total Operations, 1
[CLEANUP], Below is a summary of latency in microseconds:, -1
[CLEANUP], Average, 1114.0
[CLEANUP], Min, 1114
[CLEANUP], Max, 1114
[CLEANUP], p1, 1114
[CLEANUP], p5, 1114
[CLEANUP], p50, 1114
[CLEANUP], p90, 1114
[CLEANUP], p95, 1114
[CLEANUP], p99, 1114
[CLEANUP], p99.9, 1114
[CLEANUP], p99.99, 1114
[UPDATE], Total Operations, 2981
[UPDATE], Below is a summary of latency in microseconds:, -1
[UPDATE], Average, 248.7819523649782
[UPDATE], Min, 80
[UPDATE], Max, 4052
[UPDATE], p1, 88
[UPDATE], p5, 105
[UPDATE], p50, 202
[UPDATE], p90, 422
[UPDATE], p95, 505
[UPDATE], p99, 722
[UPDATE], p99.9, 3254
[UPDATE], p99.99, 4052
[UPDATE], Return=OK, 2981

Command line: -t -db site.ycsb.db.MongoDbClient -s -P /home/runner/ycsb-mongodb-binding-0.17.0/workloads/workloadb -p mongodb.url=mongodb://127.0.0.1:27017/ycsb?w=1 -p measurementtype=raw -p measurement.raw.output_file=/home/runner/work/The-Omni-Compass/The-Omni-Compass/out/ycsb-b/rep-1/omni/notch-8.raw -p recordcount=1500000 -p operationcount=1000000000 -p maxexecutiontime=20 -p target=3000 -p threads=32 -p insertstart=0 -p insertorder=ordered -p requestdistribution=uniform -p seed=100107
YCSB Client 0.17.0

Loading workload...
Starting test.
Maximum execution time specified as: 20 secs
2026-10-08 23:28:56:308 0 sec: 0 operations; est completion in 0 second 
DBWrapper: report latency for each error is false and specific error codes to track for latency are: []
2026-10-08 23:29:06:283 10 sec: 29303 operations; 2930.3 current ops/sec; est completion in 3 days 22 hours READ count: 27840, average latency(us): 132.06 UPDATE count: 1464, average latency(us): 298.42 
Maximum time elapsed. Requesting stop for the workload.
Stop requested for workload. Now Joining!
2026-10-08 23:29:16:283 20 sec: 59303 operations; 3000 current ops/sec; est completion in 3 days 21 hours READ count: 28482, average latency(us): 108.87 UPDATE count: 1517, average latency(us): 200.87 
2026-10-08 23:29:16:285 20 sec: 59304 operations; 500 current ops/sec; est completion in 3 days 21 hours READ count: 1, average latency(us): 296.00 CLEANUP count: 1, average latency(us): 1114.00  


/opt/hostedtoolcache/Java_Temurin-Hotspot_jdk/17.0.20-1/x64/bin/java  -classpath /home/runner/ycsb-mongodb-binding-0.17.0/conf:/home/runner/ycsb-mongodb-binding-0.17.0/lib/HdrHistogram-2.1.4.jar:/home/runner/ycsb-mongodb-binding-0.17.0/lib/core-0.17.0.jar:/home/runner/ycsb-mongodb-binding-0.17.0/lib/htrace-core4-4.1.0-incubating.jar:/home/runner/ycsb-mongodb-binding-0.17.0/lib/jackson-core-asl-1.9.4.jar:/home/runner/ycsb-mongodb-binding-0.17.0/lib/jackson-mapper-asl-1.9.4.jar:/home/runner/ycsb-mongodb-binding-0.17.0/lib/logback-classic-1.1.2.jar:/home/runner/ycsb-mongodb-binding-0.17.0/lib/logback-core-1.1.2.jar:/home/runner/ycsb-mongodb-binding-0.17.0/lib/mongo-java-driver-3.8.0.jar:/home/runner/ycsb-mongodb-binding-0.17.0/lib/mongodb-async-driver-2.0.1.jar:/home/runner/ycsb-mongodb-binding-0.17.0/lib/mongodb-binding-0.17.0.jar:/home/runner/ycsb-mongodb-binding-0.17.0/lib/slf4j-api-1.7.25.jar:/home/runner/ycsb-mongodb-binding-0.17.0/lib/snappy-java-1.1.7.1.jar site.ycsb.Client -t -db site.ycsb.db.MongoDbClient -s -P /home/runner/ycsb-mongodb-binding-0.17.0/workloads/workloadb -p mongodb.url=mongodb://127.0.0.1:27017/ycsb?w=1 -p measurementtype=raw -p measurement.raw.output_file=/home/runner/work/The-Omni-Compass/The-Omni-Compass/out/ycsb-b/rep-1/omni/notch-9.raw -p recordcount=1250000 -p operationcount=1000000000 -p maxexecutiontime=20 -p target=3000 -p threads=32 -p insertstart=0 -p insertorder=ordered -p requestdistribution=uniform -p seed=100108
mongo client connection created with mongodb://127.0.0.1:27017/ycsb?w=1
Raw data measurement: will output to result file: /home/runner/work/The-Omni-Compass/The-Omni-Compass/out/ycsb-b/rep-1/omni/notch-9.raw
Raw data measurement: will output to result file: /home/runner/work/The-Omni-Compass/The-Omni-Compass/out/ycsb-b/rep-1/omni/notch-9.raw
Raw data measurement: will output to result file: /home/runner/work/The-Omni-Compass/The-Omni-Compass/out/ycsb-b/rep-1/omni/notch-9.raw
[OVERALL], RunTime(ms), 20003
[OVERALL], Throughput(ops/sec), 2965.105234214868
[TOTAL_GCS_G1_Young_Generation], Count, 12
[TOTAL_GC_TIME_G1_Young_Generation], Time(ms), 40
[TOTAL_GC_TIME_%_G1_Young_Generation], Time(%), 0.1999700044993251
[TOTAL_GCS_G1_Old_Generation], Count, 0
[TOTAL_GC_TIME_G1_Old_Generation], Time(ms), 0
[TOTAL_GC_TIME_%_G1_Old_Generation], Time(%), 0.0
[TOTAL_GCs], Count, 12
[TOTAL_GC_TIME], Time(ms), 40
[TOTAL_GC_TIME_%], Time(%), 0.1999700044993251
[READ], Total Operations, 56455
[READ], Below is a summary of latency in microseconds:, -1
[READ], Average, 105.71419714817111
[READ], Min, 48
[READ], Max, 55365
[READ], p1, 54
[READ], p5, 60
[READ], p50, 82
[READ], p90, 132
[READ], p95, 182
[READ], p99, 427
[READ], p99.9, 2415
[READ], p99.99, 11836
[READ], Return=OK, 56455
[CLEANUP], Total Operations, 1
[CLEANUP], Below is a summary of latency in microseconds:, -1
[CLEANUP], Average, 1441.0
[CLEANUP], Min, 1441
[CLEANUP], Max, 1441
[CLEANUP], p1, 1441
[CLEANUP], p5, 1441
[CLEANUP], p50, 1441
[CLEANUP], p90, 1441
[CLEANUP], p95, 1441
[CLEANUP], p99, 1441
[CLEANUP], p99.9, 1441
[CLEANUP], p99.99, 1441
[UPDATE], Total Operations, 2856
[UPDATE], Below is a summary of latency in microseconds:, -1
[UPDATE], Average, 245.65546218487395
[UPDATE], Min, 79
[UPDATE], Max, 11323
[UPDATE], p1, 89
[UPDATE], p5, 102
[UPDATE], p50, 198
[UPDATE], p90, 357
[UPDATE], p95, 438
[UPDATE], p99, 931
[UPDATE], p99.9, 4747
[UPDATE], p99.99, 11323
[UPDATE], Return=OK, 2856

Command line: -t -db site.ycsb.db.MongoDbClient -s -P /home/runner/ycsb-mongodb-binding-0.17.0/workloads/workloadb -p mongodb.url=mongodb://127.0.0.1:27017/ycsb?w=1 -p measurementtype=raw -p measurement.raw.output_file=/home/runner/work/The-Omni-Compass/The-Omni-Compass/out/ycsb-b/rep-1/omni/notch-9.raw -p recordcount=1250000 -p operationcount=1000000000 -p maxexecutiontime=20 -p target=3000 -p threads=32 -p insertstart=0 -p insertorder=ordered -p requestdistribution=uniform -p seed=100108
YCSB Client 0.17.0

Loading workload...
Starting test.
Maximum execution time specified as: 20 secs
2026-10-08 23:29:16:682 0 sec: 0 operations; est completion in 0 second 
DBWrapper: report latency for each error is false and specific error codes to track for latency are: []
2026-10-08 23:29:26:658 10 sec: 29310 operations; 2930.71 current ops/sec; est completion in 3 days 22 hours READ count: 27898, average latency(us): 104.95 UPDATE count: 1413, average latency(us): 235.75 
Maximum time elapsed. Requesting stop for the workload.
Stop requested for workload. Now Joining!
2026-10-08 23:29:36:658 20 sec: 59309 operations; 3000.2 current ops/sec; est completion in 3 days 21 hours READ count: 28556, average latency(us): 106.46 UPDATE count: 1443, average latency(us): 255.36 
2026-10-08 23:29:36:660 20 sec: 59311 operations; 666.67 current ops/sec; est completion in 3 days 21 hours READ count: 1, average latency(us): 191.00 CLEANUP count: 1, average latency(us): 1441.00  


/opt/hostedtoolcache/Java_Temurin-Hotspot_jdk/17.0.20-1/x64/bin/java  -classpath /home/runner/ycsb-mongodb-binding-0.17.0/conf:/home/runner/ycsb-mongodb-binding-0.17.0/lib/HdrHistogram-2.1.4.jar:/home/runner/ycsb-mongodb-binding-0.17.0/lib/core-0.17.0.jar:/home/runner/ycsb-mongodb-binding-0.17.0/lib/htrace-core4-4.1.0-incubating.jar:/home/runner/ycsb-mongodb-binding-0.17.0/lib/jackson-core-asl-1.9.4.jar:/home/runner/ycsb-mongodb-binding-0.17.0/lib/jackson-mapper-asl-1.9.4.jar:/home/runner/ycsb-mongodb-binding-0.17.0/lib/logback-classic-1.1.2.jar:/home/runner/ycsb-mongodb-binding-0.17.0/lib/logback-core-1.1.2.jar:/home/runner/ycsb-mongodb-binding-0.17.0/lib/mongo-java-driver-3.8.0.jar:/home/runner/ycsb-mongodb-binding-0.17.0/lib/mongodb-async-driver-2.0.1.jar:/home/runner/ycsb-mongodb-binding-0.17.0/lib/mongodb-binding-0.17.0.jar:/home/runner/ycsb-mongodb-binding-0.17.0/lib/slf4j-api-1.7.25.jar:/home/runner/ycsb-mongodb-binding-0.17.0/lib/snappy-java-1.1.7.1.jar site.ycsb.Client -t -db site.ycsb.db.MongoDbClient -s -P /home/runner/ycsb-mongodb-binding-0.17.0/workloads/workloadb -p mongodb.url=mongodb://127.0.0.1:27017/ycsb?w=1 -p measurementtype=raw -p measurement.raw.output_file=/home/runner/work/The-Omni-Compass/The-Omni-Compass/out/ycsb-b/rep-1/omni/notch-10.raw -p recordcount=1000000 -p operationcount=1000000000 -p maxexecutiontime=20 -p target=3000 -p threads=32 -p insertstart=0 -p insertorder=ordered -p requestdistribution=uniform -p seed=100109
mongo client connection created with mongodb://127.0.0.1:27017/ycsb?w=1
Raw data measurement: will output to result file: /home/runner/work/The-Omni-Compass/The-Omni-Compass/out/ycsb-b/rep-1/omni/notch-10.raw
Raw data measurement: will output to result file: /home/runner/work/The-Omni-Compass/The-Omni-Compass/out/ycsb-b/rep-1/omni/notch-10.raw
Raw data measurement: will output to result file: /home/runner/work/The-Omni-Compass/The-Omni-Compass/out/ycsb-b/rep-1/omni/notch-10.raw
[OVERALL], RunTime(ms), 20003
[OVERALL], Throughput(ops/sec), 2964.455331700245
[TOTAL_GCS_G1_Young_Generation], Count, 12
[TOTAL_GC_TIME_G1_Young_Generation], Time(ms), 37
[TOTAL_GC_TIME_%_G1_Young_Generation], Time(%), 0.18497225416187574
[TOTAL_GCS_G1_Old_Generation], Count, 0
[TOTAL_GC_TIME_G1_Old_Generation], Time(ms), 0
[TOTAL_GC_TIME_%_G1_Old_Generation], Time(%), 0.0
[TOTAL_GCs], Count, 12
[TOTAL_GC_TIME], Time(ms), 37
[TOTAL_GC_TIME_%], Time(%), 0.18497225416187574
[READ], Total Operations, 56370
[READ], Below is a summary of latency in microseconds:, -1
[READ], Average, 113.25329075749512
[READ], Min, 50
[READ], Max, 35425
[READ], p1, 56
[READ], p5, 62
[READ], p50, 89
[READ], p90, 150
[READ], p95, 202
[READ], p99, 515
[READ], p99.9, 2032
[READ], p99.99, 5318
[READ], Return=OK, 56370
[CLEANUP], Total Operations, 1
[CLEANUP], Below is a summary of latency in microseconds:, -1
[CLEANUP], Average, 1077.0
[CLEANUP], Min, 1077
[CLEANUP], Max, 1077
[CLEANUP], p1, 1077
[CLEANUP], p5, 1077
[CLEANUP], p50, 1077
[CLEANUP], p90, 1077
[CLEANUP], p95, 1077
[CLEANUP], p99, 1077
[CLEANUP], p99.9, 1077
[CLEANUP], p99.99, 1077
[UPDATE], Total Operations, 2928
[UPDATE], Below is a summary of latency in microseconds:, -1
[UPDATE], Average, 301.34938524590166
[UPDATE], Min, 84
[UPDATE], Max, 10666
[UPDATE], p1, 101
[UPDATE], p5, 125
[UPDATE], p50, 266
[UPDATE], p90, 446
[UPDATE], p95, 532
[UPDATE], p99, 1063
[UPDATE], p99.9, 4529
[UPDATE], p99.99, 10666
[UPDATE], Return=OK, 2928

Command line: -t -db site.ycsb.db.MongoDbClient -s -P /home/runner/ycsb-mongodb-binding-0.17.0/workloads/workloadb -p mongodb.url=mongodb://127.0.0.1:27017/ycsb?w=1 -p measurementtype=raw -p measurement.raw.output_file=/home/runner/work/The-Omni-Compass/The-Omni-Compass/out/ycsb-b/rep-1/omni/notch-10.raw -p recordcount=1000000 -p operationcount=1000000000 -p maxexecutiontime=20 -p target=3000 -p threads=32 -p insertstart=0 -p insertorder=ordered -p requestdistribution=uniform -p seed=100109
YCSB Client 0.17.0

Loading workload...
Starting test.
Maximum execution time specified as: 20 secs
2026-10-08 23:29:37:117 0 sec: 0 operations; est completion in 0 second 
DBWrapper: report latency for each error is false and specific error codes to track for latency are: []
2026-10-08 23:29:47:093 10 sec: 29297 operations; 2929.7 current ops/sec; est completion in 3 days 22 hours READ count: 27883, average latency(us): 122.02 UPDATE count: 1415, average latency(us): 348.72 
Maximum time elapsed. Requesting stop for the workload.
Stop requested for workload. Now Joining!
2026-10-08 23:29:57:093 20 sec: 59296 operations; 2999.9 current ops/sec; est completion in 3 days 21 hours READ count: 28486, average latency(us): 104.67 UPDATE count: 1513, average latency(us): 257.05 
2026-10-08 23:29:57:095 20 sec: 59298 operations; 1000 current ops/sec; est completion in 3 days 21 hours READ count: 1, average latency(us): 225.00 CLEANUP count: 1, average latency(us): 1077.00  


/opt/hostedtoolcache/Java_Temurin-Hotspot_jdk/17.0.20-1/x64/bin/java  -classpath /home/runner/ycsb-mongodb-binding-0.17.0/conf:/home/runner/ycsb-mongodb-binding-0.17.0/lib/HdrHistogram-2.1.4.jar:/home/runner/ycsb-mongodb-binding-0.17.0/lib/core-0.17.0.jar:/home/runner/ycsb-mongodb-binding-0.17.0/lib/htrace-core4-4.1.0-incubating.jar:/home/runner/ycsb-mongodb-binding-0.17.0/lib/jackson-core-asl-1.9.4.jar:/home/runner/ycsb-mongodb-binding-0.17.0/lib/jackson-mapper-asl-1.9.4.jar:/home/runner/ycsb-mongodb-binding-0.17.0/lib/logback-classic-1.1.2.jar:/home/runner/ycsb-mongodb-binding-0.17.0/lib/logback-core-1.1.2.jar:/home/runner/ycsb-mongodb-binding-0.17.0/lib/mongo-java-driver-3.8.0.jar:/home/runner/ycsb-mongodb-binding-0.17.0/lib/mongodb-async-driver-2.0.1.jar:/home/runner/ycsb-mongodb-binding-0.17.0/lib/mongodb-binding-0.17.0.jar:/home/runner/ycsb-mongodb-binding-0.17.0/lib/slf4j-api-1.7.25.jar:/home/runner/ycsb-mongodb-binding-0.17.0/lib/snappy-java-1.1.7.1.jar site.ycsb.Client -t -db site.ycsb.db.MongoDbClient -s -P /home/runner/ycsb-mongodb-binding-0.17.0/workloads/workloadb -p mongodb.url=mongodb://127.0.0.1:27017/ycsb?w=1 -p measurementtype=raw -p measurement.raw.output_file=/home/runner/work/The-Omni-Compass/The-Omni-Compass/out/ycsb-b/rep-1/omni/notch-11.raw -p recordcount=750000 -p operationcount=1000000000 -p maxexecutiontime=20 -p target=3000 -p threads=32 -p insertstart=0 -p insertorder=ordered -p requestdistribution=uniform -p seed=100110
mongo client connection created with mongodb://127.0.0.1:27017/ycsb?w=1
Raw data measurement: will output to result file: /home/runner/work/The-Omni-Compass/The-Omni-Compass/out/ycsb-b/rep-1/omni/notch-11.raw
Raw data measurement: will output to result file: /home/runner/work/The-Omni-Compass/The-Omni-Compass/out/ycsb-b/rep-1/omni/notch-11.raw
Raw data measurement: will output to result file: /home/runner/work/The-Omni-Compass/The-Omni-Compass/out/ycsb-b/rep-1/omni/notch-11.raw
[OVERALL], RunTime(ms), 20002
[OVERALL], Throughput(ops/sec), 2964.3535646435357
[TOTAL_GCS_G1_Young_Generation], Count, 12
[TOTAL_GC_TIME_G1_Young_Generation], Time(ms), 38
[TOTAL_GC_TIME_%_G1_Young_Generation], Time(%), 0.18998100189981001
[TOTAL_GCS_G1_Old_Generation], Count, 0
[TOTAL_GC_TIME_G1_Old_Generation], Time(ms), 0
[TOTAL_GC_TIME_%_G1_Old_Generation], Time(%), 0.0
[TOTAL_GCs], Count, 12
[TOTAL_GC_TIME], Time(ms), 38
[TOTAL_GC_TIME_%], Time(%), 0.18998100189981001
[READ], Total Operations, 56411
[READ], Below is a summary of latency in microseconds:, -1
[READ], Average, 95.53618975022601
[READ], Min, 47
[READ], Max, 35154
[READ], p1, 52
[READ], p5, 55
[READ], p50, 79
[READ], p90, 125
[READ], p95, 170
[READ], p99, 403
[READ], p99.9, 1685
[READ], p99.99, 5086
[READ], Return=OK, 56411
[CLEANUP], Total Operations, 1
[CLEANUP], Below is a summary of latency in microseconds:, -1
[CLEANUP], Average, 962.0
[CLEANUP], Min, 962
[CLEANUP], Max, 962
[CLEANUP], p1, 962
[CLEANUP], p5, 962
[CLEANUP], p50, 962
[CLEANUP], p90, 962
[CLEANUP], p95, 962
[CLEANUP], p99, 962
[CLEANUP], p99.9, 962
[CLEANUP], p99.99, 962
[UPDATE], Total Operations, 2882
[UPDATE], Below is a summary of latency in microseconds:, -1
[UPDATE], Average, 224.31644691186676
[UPDATE], Min, 69
[UPDATE], Max, 5173
[UPDATE], p1, 84
[UPDATE], p5, 93
[UPDATE], p50, 170
[UPDATE], p90, 405
[UPDATE], p95, 485
[UPDATE], p99, 763
[UPDATE], p99.9, 3309
[UPDATE], p99.99, 5173
[UPDATE], Return=OK, 2882

Command line: -t -db site.ycsb.db.MongoDbClient -s -P /home/runner/ycsb-mongodb-binding-0.17.0/workloads/workloadb -p mongodb.url=mongodb://127.0.0.1:27017/ycsb?w=1 -p measurementtype=raw -p measurement.raw.output_file=/home/runner/work/The-Omni-Compass/The-Omni-Compass/out/ycsb-b/rep-1/omni/notch-11.raw -p recordcount=750000 -p operationcount=1000000000 -p maxexecutiontime=20 -p target=3000 -p threads=32 -p insertstart=0 -p insertorder=ordered -p requestdistribution=uniform -p seed=100110
YCSB Client 0.17.0

Loading workload...
Starting test.
Maximum execution time specified as: 20 secs
2026-10-08 23:29:57:523 0 sec: 0 operations; est completion in 0 second 
DBWrapper: report latency for each error is false and specific error codes to track for latency are: []
2026-10-08 23:30:07:498 10 sec: 29291 operations; 2929.1 current ops/sec; est completion in 3 days 22 hours READ count: 27874, average latency(us): 108.18 UPDATE count: 1419, average latency(us): 282.90 
Maximum time elapsed. Requesting stop for the workload.
Stop requested for workload. Now Joining!
2026-10-08 23:30:17:498 20 sec: 59291 operations; 3000 current ops/sec; est completion in 3 days 21 hours READ count: 28535, average latency(us): 83.18 UPDATE count: 1463, average latency(us): 167.49 
2026-10-08 23:30:17:500 20 sec: 59293 operations; 1000 current ops/sec; est completion in 3 days 21 hours READ count: 2, average latency(us): 230.00 CLEANUP count: 1, average latency(us): 962.00  


/opt/hostedtoolcache/Java_Temurin-Hotspot_jdk/17.0.20-1/x64/bin/java  -classpath /home/runner/ycsb-mongodb-binding-0.17.0/conf:/home/runner/ycsb-mongodb-binding-0.17.0/lib/HdrHistogram-2.1.4.jar:/home/runner/ycsb-mongodb-binding-0.17.0/lib/core-0.17.0.jar:/home/runner/ycsb-mongodb-binding-0.17.0/lib/htrace-core4-4.1.0-incubating.jar:/home/runner/ycsb-mongodb-binding-0.17.0/lib/jackson-core-asl-1.9.4.jar:/home/runner/ycsb-mongodb-binding-0.17.0/lib/jackson-mapper-asl-1.9.4.jar:/home/runner/ycsb-mongodb-binding-0.17.0/lib/logback-classic-1.1.2.jar:/home/runner/ycsb-mongodb-binding-0.17.0/lib/logback-core-1.1.2.jar:/home/runner/ycsb-mongodb-binding-0.17.0/lib/mongo-java-driver-3.8.0.jar:/home/runner/ycsb-mongodb-binding-0.17.0/lib/mongodb-async-driver-2.0.1.jar:/home/runner/ycsb-mongodb-binding-0.17.0/lib/mongodb-binding-0.17.0.jar:/home/runner/ycsb-mongodb-binding-0.17.0/lib/slf4j-api-1.7.25.jar:/home/runner/ycsb-mongodb-binding-0.17.0/lib/snappy-java-1.1.7.1.jar site.ycsb.Client -t -db site.ycsb.db.MongoDbClient -s -P /home/runner/ycsb-mongodb-binding-0.17.0/workloads/workloadb -p mongodb.url=mongodb://127.0.0.1:27017/ycsb?w=1 -p measurementtype=raw -p measurement.raw.output_file=/home/runner/work/The-Omni-Compass/The-Omni-Compass/out/ycsb-b/rep-1/omni/notch-12.raw -p recordcount=500000 -p operationcount=1000000000 -p maxexecutiontime=20 -p target=3000 -p threads=32 -p insertstart=0 -p insertorder=ordered -p requestdistribution=uniform -p seed=100111
mongo client connection created with mongodb://127.0.0.1:27017/ycsb?w=1
Raw data measurement: will output to result file: /home/runner/work/The-Omni-Compass/The-Omni-Compass/out/ycsb-b/rep-1/omni/notch-12.raw
Raw data measurement: will output to result file: /home/runner/work/The-Omni-Compass/The-Omni-Compass/out/ycsb-b/rep-1/omni/notch-12.raw
Raw data measurement: will output to result file: /home/runner/work/The-Omni-Compass/The-Omni-Compass/out/ycsb-b/rep-1/omni/notch-12.raw
[OVERALL], RunTime(ms), 20003
[OVERALL], Throughput(ops/sec), 2966.804979253112
[TOTAL_GCS_G1_Young_Generation], Count, 12
[TOTAL_GC_TIME_G1_Young_Generation], Time(ms), 38
[TOTAL_GC_TIME_%_G1_Young_Generation], Time(%), 0.18997150427435883
[TOTAL_GCS_G1_Old_Generation], Count, 0
[TOTAL_GC_TIME_G1_Old_Generation], Time(ms), 0
[TOTAL_GC_TIME_%_G1_Old_Generation], Time(%), 0.0
[TOTAL_GCs], Count, 12
[TOTAL_GC_TIME], Time(ms), 38
[TOTAL_GC_TIME_%], Time(%), 0.18997150427435883
[READ], Total Operations, 56399
[READ], Below is a summary of latency in microseconds:, -1
[READ], Average, 83.14824730934946
[READ], Min, 48
[READ], Max, 26296
[READ], p1, 51
[READ], p5, 53
[READ], p50, 73
[READ], p90, 107
[READ], p95, 129
[READ], p99, 248
[READ], p99.9, 657
[READ], p99.99, 3608
[READ], Return=OK, 56399
[CLEANUP], Total Operations, 1
[CLEANUP], Below is a summary of latency in microseconds:, -1
[CLEANUP], Average, 1548.0
[CLEANUP], Min, 1548
[CLEANUP], Max, 1548
[CLEANUP], p1, 1548
[CLEANUP], p5, 1548
[CLEANUP], p50, 1548
[CLEANUP], p90, 1548
[CLEANUP], p95, 1548
[CLEANUP], p99, 1548
[CLEANUP], p99.9, 1548
[CLEANUP], p99.99, 1548
[UPDATE], Total Operations, 2946
[UPDATE], Below is a summary of latency in microseconds:, -1
[UPDATE], Average, 170.1958587915818
[UPDATE], Min, 70
[UPDATE], Max, 5430
[UPDATE], p1, 80
[UPDATE], p5, 87
[UPDATE], p50, 143
[UPDATE], p90, 281
[UPDATE], p95, 333
[UPDATE], p99, 482
[UPDATE], p99.9, 1675
[UPDATE], p99.99, 5430
[UPDATE], Return=OK, 2946

Command line: -t -db site.ycsb.db.MongoDbClient -s -P /home/runner/ycsb-mongodb-binding-0.17.0/workloads/workloadb -p mongodb.url=mongodb://127.0.0.1:27017/ycsb?w=1 -p measurementtype=raw -p measurement.raw.output_file=/home/runner/work/The-Omni-Compass/The-Omni-Compass/out/ycsb-b/rep-1/omni/notch-12.raw -p recordcount=500000 -p operationcount=1000000000 -p maxexecutiontime=20 -p target=3000 -p threads=32 -p insertstart=0 -p insertorder=ordered -p requestdistribution=uniform -p seed=100111
YCSB Client 0.17.0

Loading workload...
Starting test.
Maximum execution time specified as: 20 secs
2026-10-08 23:30:17:866 0 sec: 0 operations; est completion in 0 second 
DBWrapper: report latency for each error is false and specific error codes to track for latency are: []
2026-10-08 23:30:27:842 10 sec: 29344 operations; 2934.4 current ops/sec; est completion in 3 days 22 hours READ count: 27844, average latency(us): 93.26 UPDATE count: 1501, average latency(us): 202.40 
Maximum time elapsed. Requesting stop for the workload.
Stop requested for workload. Now Joining!
2026-10-08 23:30:37:842 20 sec: 59344 operations; 3000 current ops/sec; est completion in 3 days 21 hours READ count: 28555, average latency(us): 73.29 UPDATE count: 1445, average latency(us): 136.75 
2026-10-08 23:30:37:844 20 sec: 59345 operations; 333.33 current ops/sec; est completion in 3 days 21 hours  CLEANUP count: 1, average latency(us): 1548.00  


/opt/hostedtoolcache/Java_Temurin-Hotspot_jdk/17.0.20-1/x64/bin/java  -classpath /home/runner/ycsb-mongodb-binding-0.17.0/conf:/home/runner/ycsb-mongodb-binding-0.17.0/lib/HdrHistogram-2.1.4.jar:/home/runner/ycsb-mongodb-binding-0.17.0/lib/core-0.17.0.jar:/home/runner/ycsb-mongodb-binding-0.17.0/lib/htrace-core4-4.1.0-incubating.jar:/home/runner/ycsb-mongodb-binding-0.17.0/lib/jackson-core-asl-1.9.4.jar:/home/runner/ycsb-mongodb-binding-0.17.0/lib/jackson-mapper-asl-1.9.4.jar:/home/runner/ycsb-mongodb-binding-0.17.0/lib/logback-classic-1.1.2.jar:/home/runner/ycsb-mongodb-binding-0.17.0/lib/logback-core-1.1.2.jar:/home/runner/ycsb-mongodb-binding-0.17.0/lib/mongo-java-driver-3.8.0.jar:/home/runner/ycsb-mongodb-binding-0.17.0/lib/mongodb-async-driver-2.0.1.jar:/home/runner/ycsb-mongodb-binding-0.17.0/lib/mongodb-binding-0.17.0.jar:/home/runner/ycsb-mongodb-binding-0.17.0/lib/slf4j-api-1.7.25.jar:/home/runner/ycsb-mongodb-binding-0.17.0/lib/snappy-java-1.1.7.1.jar site.ycsb.Client -t -db site.ycsb.db.MongoDbClient -s -P /home/runner/ycsb-mongodb-binding-0.17.0/workloads/workloadb -p mongodb.url=mongodb://127.0.0.1:27017/ycsb?w=1 -p measurementtype=raw -p measurement.raw.output_file=/home/runner/work/The-Omni-Compass/The-Omni-Compass/out/ycsb-b/rep-1/omni/notch-13.raw -p recordcount=250000 -p operationcount=1000000000 -p maxexecutiontime=20 -p target=3000 -p threads=32 -p insertstart=0 -p insertorder=ordered -p requestdistribution=uniform -p seed=100112
mongo client connection created with mongodb://127.0.0.1:27017/ycsb?w=1
Raw data measurement: will output to result file: /home/runner/work/The-Omni-Compass/The-Omni-Compass/out/ycsb-b/rep-1/omni/notch-13.raw
Raw data measurement: will output to result file: /home/runner/work/The-Omni-Compass/The-Omni-Compass/out/ycsb-b/rep-1/omni/notch-13.raw
Raw data measurement: will output to result file: /home/runner/work/The-Omni-Compass/The-Omni-Compass/out/ycsb-b/rep-1/omni/notch-13.raw
[OVERALL], RunTime(ms), 20002
[OVERALL], Throughput(ops/sec), 2961.6538346165385
[TOTAL_GCS_G1_Young_Generation], Count, 12
[TOTAL_GC_TIME_G1_Young_Generation], Time(ms), 41
[TOTAL_GC_TIME_%_G1_Young_Generation], Time(%), 0.204979502049795
[TOTAL_GCS_G1_Old_Generation], Count, 0
[TOTAL_GC_TIME_G1_Old_Generation], Time(ms), 0
[TOTAL_GC_TIME_%_G1_Old_Generation], Time(%), 0.0
[TOTAL_GCs], Count, 12
[TOTAL_GC_TIME], Time(ms), 41
[TOTAL_GC_TIME_%], Time(%), 0.204979502049795
[READ], Total Operations, 56285
[READ], Below is a summary of latency in microseconds:, -1
[READ], Average, 79.40307364306653
[READ], Min, 46
[READ], Max, 33527
[READ], p1, 50
[READ], p5, 51
[READ], p50, 66
[READ], p90, 100
[READ], p95, 130
[READ], p99, 329
[READ], p99.9, 709
[READ], p99.99, 3821
[READ], Return=OK, 56285
[CLEANUP], Total Operations, 1
[CLEANUP], Below is a summary of latency in microseconds:, -1
[CLEANUP], Average, 1175.0
[CLEANUP], Min, 1175
[CLEANUP], Max, 1175
[CLEANUP], p1, 1175
[CLEANUP], p5, 1175
[CLEANUP], p50, 1175
[CLEANUP], p90, 1175
[CLEANUP], p95, 1175
[CLEANUP], p99, 1175
[CLEANUP], p99.9, 1175
[CLEANUP], p99.99, 1175
[UPDATE], Total Operations, 2954
[UPDATE], Below is a summary of latency in microseconds:, -1
[UPDATE], Average, 151.04096140826
[UPDATE], Min, 71
[UPDATE], Max, 6165
[UPDATE], p1, 76
[UPDATE], p5, 82
[UPDATE], p50, 128
[UPDATE], p90, 235
[UPDATE], p95, 301
[UPDATE], p99, 475
[UPDATE], p99.9, 1268
[UPDATE], p99.99, 6165
[UPDATE], Return=OK, 2954

Command line: -t -db site.ycsb.db.MongoDbClient -s -P /home/runner/ycsb-mongodb-binding-0.17.0/workloads/workloadb -p mongodb.url=mongodb://127.0.0.1:27017/ycsb?w=1 -p measurementtype=raw -p measurement.raw.output_file=/home/runner/work/The-Omni-Compass/The-Omni-Compass/out/ycsb-b/rep-1/omni/notch-13.raw -p recordcount=250000 -p operationcount=1000000000 -p maxexecutiontime=20 -p target=3000 -p threads=32 -p insertstart=0 -p insertorder=ordered -p requestdistribution=uniform -p seed=100112
YCSB Client 0.17.0

Loading workload...
Starting test.
Maximum execution time specified as: 20 secs
2026-10-08 23:30:38:260 0 sec: 0 operations; est completion in 0 second 
DBWrapper: report latency for each error is false and specific error codes to track for latency are: []
2026-10-08 23:30:48:229 10 sec: 29238 operations; 2923.8 current ops/sec; est completion in 3 days 23 hours READ count: 27794, average latency(us): 88.52 UPDATE count: 1445, average latency(us): 181.38 
Maximum time elapsed. Requesting stop for the workload.
Stop requested for workload. Now Joining!
2026-10-08 23:30:58:229 20 sec: 59238 operations; 3000 current ops/sec; est completion in 3 days 21 hours READ count: 28490, average latency(us): 70.50 UPDATE count: 1509, average latency(us): 121.99 
2026-10-08 23:30:58:231 20 sec: 59239 operations; 500 current ops/sec; est completion in 3 days 21 hours READ count: 1, average latency(us): 188.00 CLEANUP count: 1, average latency(us): 1175.00  


/opt/hostedtoolcache/Java_Temurin-Hotspot_jdk/17.0.20-1/x64/bin/java  -classpath /home/runner/ycsb-mongodb-binding-0.17.0/conf:/home/runner/ycsb-mongodb-binding-0.17.0/lib/HdrHistogram-2.1.4.jar:/home/runner/ycsb-mongodb-binding-0.17.0/lib/core-0.17.0.jar:/home/runner/ycsb-mongodb-binding-0.17.0/lib/htrace-core4-4.1.0-incubating.jar:/home/runner/ycsb-mongodb-binding-0.17.0/lib/jackson-core-asl-1.9.4.jar:/home/runner/ycsb-mongodb-binding-0.17.0/lib/jackson-mapper-asl-1.9.4.jar:/home/runner/ycsb-mongodb-binding-0.17.0/lib/logback-classic-1.1.2.jar:/home/runner/ycsb-mongodb-binding-0.17.0/lib/logback-core-1.1.2.jar:/home/runner/ycsb-mongodb-binding-0.17.0/lib/mongo-java-driver-3.8.0.jar:/home/runner/ycsb-mongodb-binding-0.17.0/lib/mongodb-async-driver-2.0.1.jar:/home/runner/ycsb-mongodb-binding-0.17.0/lib/mongodb-binding-0.17.0.jar:/home/runner/ycsb-mongodb-binding-0.17.0/lib/slf4j-api-1.7.25.jar:/home/runner/ycsb-mongodb-binding-0.17.0/lib/snappy-java-1.1.7.1.jar site.ycsb.Client -t -db site.ycsb.db.MongoDbClient -s -P /home/runner/ycsb-mongodb-binding-0.17.0/workloads/workloadb -p mongodb.url=mongodb://127.0.0.1:27017/ycsb?w=1 -p measurementtype=raw -p measurement.raw.output_file=/home/runner/work/The-Omni-Compass/The-Omni-Compass/out/ycsb-b/rep-1/omni/notch-14.raw -p recordcount=500000 -p operationcount=1000000000 -p maxexecutiontime=20 -p target=3000 -p threads=32 -p insertstart=0 -p insertorder=ordered -p requestdistribution=uniform -p seed=100113
mongo client connection created with mongodb://127.0.0.1:27017/ycsb?w=1
Raw data measurement: will output to result file: /home/runner/work/The-Omni-Compass/The-Omni-Compass/out/ycsb-b/rep-1/omni/notch-14.raw
Raw data measurement: will output to result file: /home/runner/work/The-Omni-Compass/The-Omni-Compass/out/ycsb-b/rep-1/omni/notch-14.raw
Raw data measurement: will output to result file: /home/runner/work/The-Omni-Compass/The-Omni-Compass/out/ycsb-b/rep-1/omni/notch-14.raw
[OVERALL], RunTime(ms), 20002
[OVERALL], Throughput(ops/sec), 2967.753224677532
[TOTAL_GCS_G1_Young_Generation], Count, 12
[TOTAL_GC_TIME_G1_Young_Generation], Time(ms), 38
[TOTAL_GC_TIME_%_G1_Young_Generation], Time(%), 0.18998100189981001
[TOTAL_GCS_G1_Old_Generation], Count, 0
[TOTAL_GC_TIME_G1_Old_Generation], Time(ms), 0
[TOTAL_GC_TIME_%_G1_Old_Generation], Time(%), 0.0
[TOTAL_GCs], Count, 12
[TOTAL_GC_TIME], Time(ms), 38
[TOTAL_GC_TIME_%], Time(%), 0.18998100189981001
[READ], Total Operations, 56403
[READ], Below is a summary of latency in microseconds:, -1
[READ], Average, 83.04953637217878
[READ], Min, 47
[READ], Max, 36164
[READ], p1, 51
[READ], p5, 53
[READ], p50, 72
[READ], p90, 105
[READ], p95, 128
[READ], p99, 287
[READ], p99.9, 722
[READ], p99.99, 3671
[READ], Return=OK, 56403
[CLEANUP], Total Operations, 1
[CLEANUP], Below is a summary of latency in microseconds:, -1
[CLEANUP], Average, 1051.0
[CLEANUP], Min, 1051
[CLEANUP], Max, 1051
[CLEANUP], p1, 1051
[CLEANUP], p5, 1051
[CLEANUP], p50, 1051
[CLEANUP], p90, 1051
[CLEANUP], p95, 1051
[CLEANUP], p99, 1051
[CLEANUP], p99.9, 1051
[CLEANUP], p99.99, 1051
[UPDATE], Total Operations, 2958
[UPDATE], Below is a summary of latency in microseconds:, -1
[UPDATE], Average, 155.47295469912103
[UPDATE], Min, 69
[UPDATE], Max, 3904
[UPDATE], p1, 81
[UPDATE], p5, 87
[UPDATE], p50, 132
[UPDATE], p90, 252
[UPDATE], p95, 323
[UPDATE], p99, 489
[UPDATE], p99.9, 882
[UPDATE], p99.99, 3904
[UPDATE], Return=OK, 2958

Command line: -t -db site.ycsb.db.MongoDbClient -s -P /home/runner/ycsb-mongodb-binding-0.17.0/workloads/workloadb -p mongodb.url=mongodb://127.0.0.1:27017/ycsb?w=1 -p measurementtype=raw -p measurement.raw.output_file=/home/runner/work/The-Omni-Compass/The-Omni-Compass/out/ycsb-b/rep-1/omni/notch-14.raw -p recordcount=500000 -p operationcount=1000000000 -p maxexecutiontime=20 -p target=3000 -p threads=32 -p insertstart=0 -p insertorder=ordered -p requestdistribution=uniform -p seed=100113
YCSB Client 0.17.0

Loading workload...
Starting test.
Maximum execution time specified as: 20 secs
2026-10-08 23:30:58:625 0 sec: 0 operations; est completion in 0 second 
DBWrapper: report latency for each error is false and specific error codes to track for latency are: []
2026-10-08 23:31:08:600 10 sec: 29360 operations; 2936 current ops/sec; est completion in 3 days 22 hours READ count: 27921, average latency(us): 92.46 UPDATE count: 1443, average latency(us): 189.07 
Maximum time elapsed. Requesting stop for the workload.
Stop requested for workload. Now Joining!
2026-10-08 23:31:18:600 20 sec: 59360 operations; 3000 current ops/sec; est completion in 3 days 21 hours READ count: 28481, average latency(us): 73.82 UPDATE count: 1515, average latency(us): 123.47 
2026-10-08 23:31:18:602 20 sec: 59361 operations; 500 current ops/sec; est completion in 3 days 21 hours READ count: 1, average latency(us): 292.00 CLEANUP count: 1, average latency(us): 1051.00  


/opt/hostedtoolcache/Java_Temurin-Hotspot_jdk/17.0.20-1/x64/bin/java  -classpath /home/runner/ycsb-mongodb-binding-0.17.0/conf:/home/runner/ycsb-mongodb-binding-0.17.0/lib/HdrHistogram-2.1.4.jar:/home/runner/ycsb-mongodb-binding-0.17.0/lib/core-0.17.0.jar:/home/runner/ycsb-mongodb-binding-0.17.0/lib/htrace-core4-4.1.0-incubating.jar:/home/runner/ycsb-mongodb-binding-0.17.0/lib/jackson-core-asl-1.9.4.jar:/home/runner/ycsb-mongodb-binding-0.17.0/lib/jackson-mapper-asl-1.9.4.jar:/home/runner/ycsb-mongodb-binding-0.17.0/lib/logback-classic-1.1.2.jar:/home/runner/ycsb-mongodb-binding-0.17.0/lib/logback-core-1.1.2.jar:/home/runner/ycsb-mongodb-binding-0.17.0/lib/mongo-java-driver-3.8.0.jar:/home/runner/ycsb-mongodb-binding-0.17.0/lib/mongodb-async-driver-2.0.1.jar:/home/runner/ycsb-mongodb-binding-0.17.0/lib/mongodb-binding-0.17.0.jar:/home/runner/ycsb-mongodb-binding-0.17.0/lib/slf4j-api-1.7.25.jar:/home/runner/ycsb-mongodb-binding-0.17.0/lib/snappy-java-1.1.7.1.jar site.ycsb.Client -t -db site.ycsb.db.MongoDbClient -s -P /home/runner/ycsb-mongodb-binding-0.17.0/workloads/workloadb -p mongodb.url=mongodb://127.0.0.1:27017/ycsb?w=1 -p measurementtype=raw -p measurement.raw.output_file=/home/runner/work/The-Omni-Compass/The-Omni-Compass/out/ycsb-b/rep-1/omni/notch-15.raw -p recordcount=250000 -p operationcount=1000000000 -p maxexecutiontime=20 -p target=3000 -p threads=32 -p insertstart=0 -p insertorder=ordered -p requestdistribution=uniform -p seed=100114
mongo client connection created with mongodb://127.0.0.1:27017/ycsb?w=1
Raw data measurement: will output to result file: /home/runner/work/The-Omni-Compass/The-Omni-Compass/out/ycsb-b/rep-1/omni/notch-15.raw
Raw data measurement: will output to result file: /home/runner/work/The-Omni-Compass/The-Omni-Compass/out/ycsb-b/rep-1/omni/notch-15.raw
Raw data measurement: will output to result file: /home/runner/work/The-Omni-Compass/The-Omni-Compass/out/ycsb-b/rep-1/omni/notch-15.raw
[OVERALL], RunTime(ms), 20002
[OVERALL], Throughput(ops/sec), 2967.753224677532
[TOTAL_GCS_G1_Young_Generation], Count, 12
[TOTAL_GC_TIME_G1_Young_Generation], Time(ms), 34
[TOTAL_GC_TIME_%_G1_Young_Generation], Time(%), 0.16998300169983002
[TOTAL_GCS_G1_Old_Generation], Count, 0
[TOTAL_GC_TIME_G1_Old_Generation], Time(ms), 0
[TOTAL_GC_TIME_%_G1_Old_Generation], Time(%), 0.0
[TOTAL_GCs], Count, 12
[TOTAL_GC_TIME], Time(ms), 34
[TOTAL_GC_TIME_%], Time(%), 0.16998300169983002
[READ], Total Operations, 56423
[READ], Below is a summary of latency in microseconds:, -1
[READ], Average, 75.61733690161813
[READ], Min, 44
[READ], Max, 31894
[READ], p1, 48
[READ], p5, 49
[READ], p50, 66
[READ], p90, 96
[READ], p95, 125
[READ], p99, 297
[READ], p99.9, 715
[READ], p99.99, 3609
[READ], Return=OK, 56423
[CLEANUP], Total Operations, 1
[CLEANUP], Below is a summary of latency in microseconds:, -1
[CLEANUP], Average, 1163.0
[CLEANUP], Min, 1163
[CLEANUP], Max, 1163
[CLEANUP], p1, 1163
[CLEANUP], p5, 1163
[CLEANUP], p50, 1163
[CLEANUP], p90, 1163
[CLEANUP], p95, 1163
[CLEANUP], p99, 1163
[CLEANUP], p99.9, 1163
[CLEANUP], p99.99, 1163
[UPDATE], Total Operations, 2938
[UPDATE], Below is a summary of latency in microseconds:, -1
[UPDATE], Average, 134.69877467665077
[UPDATE], Min, 66
[UPDATE], Max, 3506
[UPDATE], p1, 72
[UPDATE], p5, 77
[UPDATE], p50, 119
[UPDATE], p90, 198
[UPDATE], p95, 245
[UPDATE], p99, 439
[UPDATE], p99.9, 1499
[UPDATE], p99.99, 3506
[UPDATE], Return=OK, 2938

Command line: -t -db site.ycsb.db.MongoDbClient -s -P /home/runner/ycsb-mongodb-binding-0.17.0/workloads/workloadb -p mongodb.url=mongodb://127.0.0.1:27017/ycsb?w=1 -p measurementtype=raw -p measurement.raw.output_file=/home/runner/work/The-Omni-Compass/The-Omni-Compass/out/ycsb-b/rep-1/omni/notch-15.raw -p recordcount=250000 -p operationcount=1000000000 -p maxexecutiontime=20 -p target=3000 -p threads=32 -p insertstart=0 -p insertorder=ordered -p requestdistribution=uniform -p seed=100114
YCSB Client 0.17.0

Loading workload...
Starting test.
Maximum execution time specified as: 20 secs
2026-10-08 23:31:19:001 0 sec: 0 operations; est completion in 0 second 
DBWrapper: report latency for each error is false and specific error codes to track for latency are: []
2026-10-08 23:31:28:979 10 sec: 29361 operations; 2936.1 current ops/sec; est completion in 3 days 22 hours READ count: 27951, average latency(us): 83.99 UPDATE count: 1411, average latency(us): 158.37 
Maximum time elapsed. Requesting stop for the workload.
Stop requested for workload. Now Joining!
2026-10-08 23:31:38:979 20 sec: 59360 operations; 2999.9 current ops/sec; est completion in 3 days 21 hours READ count: 28472, average latency(us): 67.40 UPDATE count: 1527, average latency(us): 112.82 
2026-10-08 23:31:38:981 20 sec: 59361 operations; 500 current ops/sec; est completion in 3 days 21 hours  CLEANUP count: 1, average latency(us): 1163.00  
