sysbench 1.0.20 (using system LuaJIT 2.1.0-beta3)

Running the test with following options:
Number of threads: 32
Target transaction rate: 200/sec
Initializing random number generator from current time


Initializing worker threads...

Threads started!

Latency histogram (values are in milliseconds)
       value  ------------- distribution ------------- count
       3.488 |                                         1
       3.551 |**                                       9
       3.615 |******                                   31
       3.681 |*************                            67
       3.748 |****************                         81
       3.816 |*******************                      99
       3.885 |******************                       90
       3.956 |******************                       93
       4.028 |*******************                      96
       4.101 |****************************             144
       4.176 |**************************               135
       4.252 |*******************************          157
       4.329 |********************************         165
       4.407 |**************************************   194
       4.487 |***************************************  199
       4.569 |************************************     182
       4.652 |**************************************** 204
       4.737 |***************************************  198
       4.823 |*************************************    187
       4.910 |************************************     182
       4.999 |********************************         162
       5.090 |*************************                130
       5.183 |***********************                  119
       5.277 |************************                 121
       5.373 |******************                       91
       5.470 |******************                       94
       5.570 |********************                     100
       5.671 |************                             59
       5.774 |**********                               49
       5.879 |*************                            66
       5.986 |*******                                  37
       6.095 |*******                                  37
       6.205 |*****                                    26
       6.318 |***                                      17
       6.433 |*****                                    27
       6.550 |***                                      14
       6.669 |****                                     19
       6.790 |****                                     21
       6.913 |****                                     22
       7.039 |**                                       12
       7.167 |***                                      14
       7.297 |***                                      14
       7.430 |**                                       9
       7.565 |***                                      13
       7.702 |**                                       8
       7.842 |***                                      17
       7.985 |**                                       8
       8.130 |***                                      15
       8.277 |*                                        5
       8.428 |*                                        7
       8.581 |*                                        4
       8.737 |**                                       12
       8.895 |**                                       8
       9.057 |**                                       10
       9.222 |**                                       9
       9.389 |*                                        3
       9.560 |***                                      13
       9.734 |*                                        7
       9.910 |*                                        5
      10.090 |**                                       9
      10.274 |*                                        5
      10.460 |**                                       9
      10.651 |*                                        7
      10.844 |*                                        4
      11.041 |*                                        4
      11.242 |*                                        3
      11.446 |*                                        5
      11.654 |                                         1
      11.866 |*                                        3
      12.081 |                                         1
      12.301 |                                         2
      12.524 |*                                        4
      12.752 |                                         2
      13.704 |                                         1
      13.953 |                                         1
      14.465 |                                         1
      14.995 |                                         1
      16.115 |                                         2
      17.319 |                                         1
      17.633 |                                         1
      17.954 |                                         1
      18.950 |                                         1
      19.295 |                                         1
      20.002 |                                         1
      20.366 |                                         1
      20.736 |                                         1
      21.886 |                                         1
      23.101 |                                         1
      23.521 |                                         1
      41.104 |                                         1
      41.851 |                                         1
      44.976 |*                                        3
      48.335 |                                         1
      49.213 |                                         2
      50.107 |                                         2
      51.945 |                                         1
      54.828 |                                         2
 
SQL statistics:
    queries performed:
        read:                            56098
        write:                           16028
        other:                           8014
        total:                           80140
    transactions:                        4007   (199.83 per sec.)
    queries:                             80140  (3996.66 per sec.)
    ignored errors:                      0      (0.00 per sec.)
    reconnects:                          0      (0.00 per sec.)

General statistics:
    total time:                          20.0514s
    total number of events:              4007

Latency (ms):
         min:                                    3.47
         avg:                                    5.20
         max:                                   54.83
         95th percentile:                        7.84
         sum:                                20843.81

Threads fairness:
    events (avg/stddev):           125.2188/1.11
    execution time (avg/stddev):   0.6514/0.04


