sysbench 1.0.20 (using system LuaJIT 2.1.0-beta3)

Running the test with following options:
Number of threads: 32
Target transaction rate: 300/sec
Initializing random number generator from current time


Initializing worker threads...

Threads started!

Latency histogram (values are in milliseconds)
       value  ------------- distribution ------------- count
       2.264 |                                         1
       2.347 |                                         1
       2.389 |                                         3
       2.433 |*                                        8
       2.477 |*                                        9
       2.522 |***                                      25
       2.568 |*****                                    39
       2.615 |*******                                  54
       2.662 |*******                                  54
       2.710 |********                                 63
       2.760 |*******                                  60
       2.810 |**********                               79
       2.861 |*********                                76
       2.913 |**********                               83
       2.966 |************                             102
       3.020 |*****************                        137
       3.075 |*******************                      157
       3.130 |**********************                   184
       3.187 |***************************              224
       3.245 |******************************           244
       3.304 |************************************     294
       3.364 |*************************************    301
       3.425 |**************************************** 328
       3.488 |*************************************    300
       3.551 |*************************************    307
       3.615 |***********************************      286
       3.681 |**************************************   309
       3.748 |***************************************  319
       3.816 |*******************************          252
       3.885 |***********************************      285
       3.956 |********************************         259
       4.028 |***************************              225
       4.101 |************************                 197
       4.176 |***********************                  186
       4.252 |***********************                  185
       4.329 |***********************                  189
       4.407 |**********************                   177
       4.487 |***********************                  186
       4.569 |**********************                   180
       4.652 |*****************                        142
       4.737 |******************                       149
       4.823 |***************                          124
       4.910 |******************                       145
       4.999 |***********                              92
       5.090 |***************                          122
       5.183 |****************                         128
       5.277 |**************                           116
       5.373 |*************                            106
       5.470 |*************                            103
       5.570 |**************                           116
       5.671 |************                             100
       5.774 |***********                              91
       5.879 |*************                            103
       5.986 |***********                              93
       6.095 |*********                                77
       6.205 |**********                               82
       6.318 |**********                               85
       6.433 |*********                                75
       6.550 |********                                 62
       6.669 |*****                                    42
       6.790 |*****                                    42
       6.913 |****                                     36
       7.039 |*****                                    40
       7.167 |****                                     29
       7.297 |***                                      28
       7.430 |****                                     35
       7.565 |***                                      27
       7.702 |**                                       15
       7.842 |**                                       16
       7.985 |**                                       19
       8.130 |**                                       13
       8.277 |*                                        9
       8.428 |**                                       13
       8.581 |*                                        7
       8.737 |*                                        10
       8.895 |*                                        6
       9.057 |*                                        5
       9.222 |*                                        5
       9.389 |                                         2
       9.560 |                                         2
       9.734 |                                         3
       9.910 |                                         4
      10.090 |*                                        5
      10.274 |                                         2
      10.460 |                                         4
      10.651 |                                         1
      11.041 |                                         1
      11.446 |                                         2
      11.654 |                                         2
      11.866 |                                         1
      12.301 |                                         3
      13.460 |                                         1
      15.268 |                                         1
      18.280 |                                         1
 
SQL statistics:
    queries performed:
        read:                            124754
        write:                           0
        other:                           17822
        total:                           142576
    transactions:                        8911   (296.74 per sec.)
    queries:                             142576 (4747.79 per sec.)
    ignored errors:                      0      (0.00 per sec.)
    reconnects:                          0      (0.00 per sec.)

General statistics:
    total time:                          30.0296s
    total number of events:              8911

Latency (ms):
         min:                                    2.28
         avg:                                    4.25
         max:                                   18.42
         95th percentile:                        6.55
         sum:                                37839.81

Threads fairness:
    events (avg/stddev):           278.4688/1.95
    execution time (avg/stddev):   1.1825/0.01


