sysbench 1.0.20 (using system LuaJIT 2.1.0-beta3)

Running the test with following options:
Number of threads: 32
Target transaction rate: 300/sec
Initializing random number generator from current time


Initializing worker threads...

Threads started!

Latency histogram (values are in milliseconds)
       value  ------------- distribution ------------- count
       2.184 |                                         1
       2.223 |                                         3
       2.264 |                                         5
       2.305 |*                                        15
       2.347 |**                                       28
       2.389 |*****                                    65
       2.433 |********                                 115
       2.477 |**********                               139
       2.522 |*************                            183
       2.568 |**************                           191
       2.615 |*************                            180
       2.662 |*************                            175
       2.710 |*************                            175
       2.760 |***************                          205
       2.810 |****************                         223
       2.861 |**********************                   295
       2.913 |**************************               359
       2.966 |********************************         431
       3.020 |*********************************        454
       3.075 |**********************************       467
       3.130 |**************************************   517
       3.187 |**************************************** 547
       3.245 |***********************************      475
       3.304 |*************************************    506
       3.364 |************************************     486
       3.425 |**************************               360
       3.488 |*************************                344
       3.551 |*******************                      266
       3.615 |****************                         215
       3.681 |*************                            177
       3.748 |********                                 113
       3.816 |*******                                  98
       3.885 |********                                 104
       3.956 |*******                                  97
       4.028 |*****                                    72
       4.101 |****                                     55
       4.176 |***                                      36
       4.252 |***                                      40
       4.329 |****                                     53
       4.407 |***                                      37
       4.487 |***                                      35
       4.569 |***                                      46
       4.652 |**                                       26
       4.737 |**                                       33
       4.823 |***                                      37
       4.910 |**                                       29
       4.999 |**                                       23
       5.090 |**                                       30
       5.183 |**                                       22
       5.277 |**                                       22
       5.373 |**                                       25
       5.470 |*                                        20
       5.570 |**                                       22
       5.671 |*                                        16
       5.774 |*                                        13
       5.879 |*                                        14
       5.986 |*                                        15
       6.095 |*                                        16
       6.205 |*                                        16
       6.318 |*                                        10
       6.433 |                                         6
       6.550 |*                                        13
       6.669 |*                                        13
       6.790 |*                                        9
       6.913 |*                                        10
       7.039 |                                         6
       7.167 |*                                        12
       7.297 |                                         5
       7.430 |*                                        10
       7.565 |                                         5
       7.702 |*                                        9
       7.842 |                                         1
       7.985 |                                         4
       8.130 |                                         6
       8.277 |                                         5
       8.428 |                                         5
       8.581 |                                         5
       8.737 |                                         3
       8.895 |                                         5
       9.057 |                                         3
       9.222 |                                         2
       9.560 |                                         2
       9.734 |                                         2
       9.910 |                                         3
      10.090 |                                         1
      10.844 |                                         2
 
SQL statistics:
    queries performed:
        read:                            124936
        write:                           0
        other:                           17848
        total:                           142784
    transactions:                        8924   (297.22 per sec.)
    queries:                             142784 (4755.51 per sec.)
    ignored errors:                      0      (0.00 per sec.)
    reconnects:                          0      (0.00 per sec.)

General statistics:
    total time:                          30.0246s
    total number of events:              8924

Latency (ms):
         min:                                    2.17
         avg:                                    3.34
         max:                                   10.86
         95th percentile:                        4.82
         sum:                                29806.07

Threads fairness:
    events (avg/stddev):           278.8750/2.19
    execution time (avg/stddev):   0.9314/0.01




sysbench 1.0.20 (using system LuaJIT 2.1.0-beta3)

Running the test with following options:
Number of threads: 32
Target transaction rate: 300/sec
Initializing random number generator from current time


Initializing worker threads...

Threads started!

Latency histogram (values are in milliseconds)
       value  ------------- distribution ------------- count
       2.264 |                                         1
       2.347 |                                         1
       2.389 |                                         3
       2.433 |*                                        8
       2.477 |*                                        9
       2.522 |***                                      25
       2.568 |*****                                    39
       2.615 |*******                                  54
       2.662 |*******                                  54
       2.710 |********                                 63
       2.760 |*******                                  60
       2.810 |**********                               79
       2.861 |*********                                76
       2.913 |**********                               83
       2.966 |************                             102
       3.020 |*****************                        137
       3.075 |*******************                      157
       3.130 |**********************                   184
       3.187 |***************************              224
       3.245 |******************************           244
       3.304 |************************************     294
       3.364 |*************************************    301
       3.425 |**************************************** 328
       3.488 |*************************************    300
       3.551 |*************************************    307
       3.615 |***********************************      286
       3.681 |**************************************   309
       3.748 |***************************************  319
       3.816 |*******************************          252
       3.885 |***********************************      285
       3.956 |********************************         259
       4.028 |***************************              225
       4.101 |************************                 197
       4.176 |***********************                  186
       4.252 |***********************                  185
       4.329 |***********************                  189
       4.407 |**********************                   177
       4.487 |***********************                  186
       4.569 |**********************                   180
       4.652 |*****************                        142
       4.737 |******************                       149
       4.823 |***************                          124
       4.910 |******************                       145
       4.999 |***********                              92
       5.090 |***************                          122
       5.183 |****************                         128
       5.277 |**************                           116
       5.373 |*************                            106
       5.470 |*************                            103
       5.570 |**************                           116
       5.671 |************                             100
       5.774 |***********                              91
       5.879 |*************                            103
       5.986 |***********                              93
       6.095 |*********                                77
       6.205 |**********                               82
       6.318 |**********                               85
       6.433 |*********                                75
       6.550 |********                                 62
       6.669 |*****                                    42
       6.790 |*****                                    42
       6.913 |****                                     36
       7.039 |*****                                    40
       7.167 |****                                     29
       7.297 |***                                      28
       7.430 |****                                     35
       7.565 |***                                      27
       7.702 |**                                       15
       7.842 |**                                       16
       7.985 |**                                       19
       8.130 |**                                       13
       8.277 |*                                        9
       8.428 |**                                       13
       8.581 |*                                        7
       8.737 |*                                        10
       8.895 |*                                        6
       9.057 |*                                        5
       9.222 |*                                        5
       9.389 |                                         2
       9.560 |                                         2
       9.734 |                                         3
       9.910 |                                         4
      10.090 |*                                        5
      10.274 |                                         2
      10.460 |                                         4
      10.651 |                                         1
      11.041 |                                         1
      11.446 |                                         2
      11.654 |                                         2
      11.866 |                                         1
      12.301 |                                         3
      13.460 |                                         1
      15.268 |                                         1
      18.280 |                                         1
 
SQL statistics:
    queries performed:
        read:                            124754
        write:                           0
        other:                           17822
        total:                           142576
    transactions:                        8911   (296.74 per sec.)
    queries:                             142576 (4747.79 per sec.)
    ignored errors:                      0      (0.00 per sec.)
    reconnects:                          0      (0.00 per sec.)

General statistics:
    total time:                          30.0296s
    total number of events:              8911

Latency (ms):
         min:                                    2.28
         avg:                                    4.25
         max:                                   18.42
         95th percentile:                        6.55
         sum:                                37839.81

Threads fairness:
    events (avg/stddev):           278.4688/1.95
    execution time (avg/stddev):   1.1825/0.01




sysbench 1.0.20 (using system LuaJIT 2.1.0-beta3)

Running the test with following options:
Number of threads: 32
Target transaction rate: 300/sec
Initializing random number generator from current time


Initializing worker threads...

Threads started!

Latency histogram (values are in milliseconds)
       value  ------------- distribution ------------- count
       2.184 |                                         1
       2.223 |                                         3
       2.264 |*                                        9
       2.305 |*                                        17
       2.347 |***                                      50
       2.389 |******                                   96
       2.433 |***********                              178
       2.477 |*************                            205
       2.522 |****************                         263
       2.568 |**************                           230
       2.615 |****************                         254
       2.662 |**************                           229
       2.710 |*************                            208
       2.760 |***************                          240
       2.810 |****************                         263
       2.861 |***********************                  370
       2.913 |***************************              433
       2.966 |***********************************      558
       3.020 |************************************     578
       3.075 |**************************************** 642
       3.130 |***************************************  626
       3.187 |**************************************** 643
       3.245 |***********************************      563
       3.304 |*******************************          497
       3.364 |**************************               419
       3.425 |***********************                  369
       3.488 |*****************                        267
       3.551 |***************                          242
       3.615 |**********                               154
       3.681 |********                                 125
       3.748 |*****                                    84
       3.816 |***                                      55
       3.885 |***                                      43
       3.956 |*                                        24
       4.028 |**                                       26
       4.101 |*                                        17
       4.176 |*                                        12
       4.252 |                                         8
       4.329 |*                                        14
       4.407 |                                         7
       4.487 |                                         4
       4.569 |                                         2
       4.652 |                                         5
       4.737 |                                         2
       4.823 |                                         6
       4.910 |                                         2
       4.999 |                                         3
       5.090 |                                         5
       5.183 |                                         1
       5.277 |                                         3
       5.470 |                                         1
       5.570 |                                         1
       5.671 |                                         1
       5.774 |                                         3
       5.986 |                                         1
       6.095 |                                         1
       6.433 |                                         1
       7.167 |                                         1
       7.297 |                                         1
       7.702 |                                         1
      12.524 |                                         1
 
SQL statistics:
    queries performed:
        read:                            126952
        write:                           0
        other:                           18136
        total:                           145088
    transactions:                        9068   (302.04 per sec.)
    queries:                             145088 (4832.72 per sec.)
    ignored errors:                      0      (0.00 per sec.)
    reconnects:                          0      (0.00 per sec.)

General statistics:
    total time:                          30.0217s
    total number of events:              9068

Latency (ms):
         min:                                    2.18
         avg:                                    3.08
         max:                                   12.49
         95th percentile:                        3.68
         sum:                                27885.10

Threads fairness:
    events (avg/stddev):           283.3750/2.06
    execution time (avg/stddev):   0.8714/0.01




sysbench 1.0.20 (using system LuaJIT 2.1.0-beta3)

Running the test with following options:
Number of threads: 32
Target transaction rate: 300/sec
Initializing random number generator from current time


Initializing worker threads...

FATAL: mysql_stmt_prepare() failed
FATAL: MySQL error: 1146 "Table 'sbtest.sbtest7' doesn't exist"
FATAL: `thread_init' function failed: /usr/share/sysbench/oltp_common.lua:284: SQL API error
FATAL: mysql_stmt_prepare() failed
FATAL: MySQL error: 1146 "Table 'sbtest.sbtest7' doesn't exist"
FATAL: `thread_init' function failed: /usr/share/sysbench/oltp_common.lua:284: SQL API error
FATAL: mysql_stmt_prepare() failed
FATAL: MySQL error: 1146 "Table 'sbtest.sbtest7' doesn't exist"
FATAL: `thread_init' function failed: /usr/share/sysbench/oltp_common.lua:284: SQL API error
FATAL: mysql_stmt_prepare() failed
FATAL: MySQL error: 1146 "Table 'sbtest.sbtest7' doesn't exist"
FATAL: `thread_init' function failed: /usr/share/sysbench/oltp_common.lua:284: SQL API error
FATAL: mysql_stmt_prepare() failed
(last message repeated 1 times)
FATAL: MySQL error: 1146 "Table 'sbtest.sbtest7' doesn't exist"
(last message repeated 1 times)
FATAL: `thread_init' function failed: /usr/share/sysbench/oltp_common.lua:284: SQL API error
(last message repeated 1 times)
FATAL: mysql_stmt_prepare() failed
FATAL: MySQL error: 1146 "Table 'sbtest.sbtest7' doesn't exist"
FATAL: `thread_init' function failed: /usr/share/sysbench/oltp_common.lua:284: SQL API error
FATAL: mysql_stmt_prepare() failed
FATAL: MySQL error: 1146 "Table 'sbtest.sbtest7' doesn't exist"
FATAL: `thread_init' function failed: /usr/share/sysbench/oltp_common.lua:284: SQL API error
FATAL: mysql_stmt_prepare() failed
FATAL: MySQL error: 1146 "Table 'sbtest.sbtest7' doesn't exist"
FATAL: `thread_init' function failed: /usr/share/sysbench/oltp_common.lua:284: SQL API error
FATAL: mysql_stmt_prepare() failed
FATAL: MySQL error: 1146 "Table 'sbtest.sbtest7' doesn't exist"
FATAL: `thread_init' function failed: /usr/share/sysbench/oltp_common.lua:284: SQL API error
FATAL: mysql_stmt_prepare() failed
FATAL: MySQL error: 1146 "Table 'sbtest.sbtest7' doesn't exist"
FATAL: `thread_init' function failed: /usr/share/sysbench/oltp_common.lua:284: SQL API error
FATAL: mysql_stmt_prepare() failed
FATAL: MySQL error: 1146 "Table 'sbtest.sbtest7' doesn't exist"
FATAL: `thread_init' function failed: /usr/share/sysbench/oltp_common.lua:284: SQL API error
FATAL: mysql_stmt_prepare() failed
FATAL: MySQL error: 1146 "Table 'sbtest.sbtest7' doesn't exist"
FATAL: `thread_init' function failed: /usr/share/sysbench/oltp_common.lua:284: SQL API error
FATAL: mysql_stmt_prepare() failed
FATAL: MySQL error: 1146 "Table 'sbtest.sbtest7' doesn't exist"
FATAL: `thread_init' function failed: /usr/share/sysbench/oltp_common.lua:284: SQL API error
FATAL: mysql_stmt_prepare() failed
FATAL: MySQL error: 1146 "Table 'sbtest.sbtest7' doesn't exist"
FATAL: `thread_init' function failed: /usr/share/sysbench/oltp_common.lua:284: SQL API error
FATAL: mysql_stmt_prepare() failed
FATAL: MySQL error: 1146 "Table 'sbtest.sbtest7' doesn't exist"
FATAL: `thread_init' function failed: /usr/share/sysbench/oltp_common.lua:284: SQL API error
FATAL: mysql_stmt_prepare() failed
FATAL: MySQL error: 1146 "Table 'sbtest.sbtest7' doesn't exist"
FATAL: `thread_init' function failed: /usr/share/sysbench/oltp_common.lua:284: SQL API error
FATAL: mysql_stmt_prepare() failed
FATAL: MySQL error: 1146 "Table 'sbtest.sbtest7' doesn't exist"
FATAL: `thread_init' function failed: /usr/share/sysbench/oltp_common.lua:284: SQL API error
FATAL: mysql_stmt_prepare() failed
FATAL: MySQL error: 1146 "Table 'sbtest.sbtest7' doesn't exist"
FATAL: `thread_init' function failed: /usr/share/sysbench/oltp_common.lua:284: SQL API error
FATAL: mysql_stmt_prepare() failed
FATAL: MySQL error: 1146 "Table 'sbtest.sbtest7' doesn't exist"
FATAL: `thread_init' function failed: /usr/share/sysbench/oltp_common.lua:284: SQL API error
FATAL: mysql_stmt_prepare() failed
FATAL: MySQL error: 1146 "Table 'sbtest.sbtest7' doesn't exist"
FATAL: `thread_init' function failed: /usr/share/sysbench/oltp_common.lua:284: SQL API error
FATAL: mysql_stmt_prepare() failed
FATAL: MySQL error: 1146 "Table 'sbtest.sbtest7' doesn't exist"
FATAL: `thread_init' function failed: /usr/share/sysbench/oltp_common.lua:284: SQL API error
FATAL: mysql_stmt_prepare() failed
FATAL: MySQL error: 1146 "Table 'sbtest.sbtest7' doesn't exist"
FATAL: `thread_init' function failed: /usr/share/sysbench/oltp_common.lua:284: SQL API error
FATAL: mysql_stmt_prepare() failed
FATAL: MySQL error: 1146 "Table 'sbtest.sbtest7' doesn't exist"
FATAL: `thread_init' function failed: /usr/share/sysbench/oltp_common.lua:284: SQL API error
FATAL: mysql_stmt_prepare() failed
FATAL: MySQL error: 1146 "Table 'sbtest.sbtest7' doesn't exist"
FATAL: `thread_init' function failed: /usr/share/sysbench/oltp_common.lua:284: SQL API error
FATAL: mysql_stmt_prepare() failed
FATAL: MySQL error: 1146 "Table 'sbtest.sbtest7' doesn't exist"
FATAL: `thread_init' function failed: /usr/share/sysbench/oltp_common.lua:284: SQL API error
FATAL: mysql_stmt_prepare() failed
FATAL: MySQL error: 1146 "Table 'sbtest.sbtest7' doesn't exist"
FATAL: `thread_init' function failed: /usr/share/sysbench/oltp_common.lua:284: SQL API error
FATAL: mysql_stmt_prepare() failed
FATAL: MySQL error: 1146 "Table 'sbtest.sbtest7' doesn't exist"
FATAL: `thread_init' function failed: /usr/share/sysbench/oltp_common.lua:284: SQL API error
FATAL: mysql_stmt_prepare() failed
FATAL: MySQL error: 1146 "Table 'sbtest.sbtest7' doesn't exist"
FATAL: `thread_init' function failed: /usr/share/sysbench/oltp_common.lua:284: SQL API error
FATAL: mysql_stmt_prepare() failed
FATAL: MySQL error: 1146 "Table 'sbtest.sbtest7' doesn't exist"
FATAL: `thread_init' function failed: /usr/share/sysbench/oltp_common.lua:284: SQL API error
FATAL: mysql_stmt_prepare() failed
FATAL: MySQL error: 1146 "Table 'sbtest.sbtest7' doesn't exist"
FATAL: `thread_init' function failed: /usr/share/sysbench/oltp_common.lua:284: SQL API error
FATAL: mysql_stmt_prepare() failed
FATAL: MySQL error: 1146 "Table 'sbtest.sbtest7' doesn't exist"
FATAL: `thread_init' function failed: /usr/share/sysbench/oltp_common.lua:284: SQL API error
FATAL: Thread initialization failed!

double free or corruption (fasttop)
double free or corruption (fasttop)
double free or corruption (fasttop)


sysbench 1.0.20 (using system LuaJIT 2.1.0-beta3)

Running the test with following options:
Number of threads: 32
Target transaction rate: 300/sec
Initializing random number generator from current time


Initializing worker threads...

Threads started!

Latency histogram (values are in milliseconds)
       value  ------------- distribution ------------- count
       2.184 |                                         3
       2.223 |*                                        9
       2.264 |*                                        25
       2.305 |****                                     65
       2.347 |*******                                  115
       2.389 |*********                                146
       2.433 |***********                              181
       2.477 |**********                               175
       2.522 |*************                            223
       2.568 |*************                            224
       2.615 |**************                           227
       2.662 |*************                            214
       2.710 |************                             197
       2.760 |****************                         265
       2.810 |********************                     339
       2.861 |**************************               430
       2.913 |******************************           499
       2.966 |******************************           505
       3.020 |**********************************       568
       3.075 |************************************     597
       3.130 |**************************************** 672
       3.187 |***********************************      581
       3.245 |********************************         536
       3.304 |**************************               430
       3.364 |*************************                427
       3.425 |*******************                      320
       3.488 |**************                           243
       3.551 |**********                               168
       3.615 |*********                                144
       3.681 |******                                   105
       3.748 |*****                                    80
       3.816 |****                                     64
       3.885 |****                                     60
       3.956 |***                                      46
       4.028 |**                                       28
       4.101 |**                                       31
       4.176 |*                                        17
       4.252 |*                                        18
       4.329 |*                                        19
       4.407 |*                                        11
       4.487 |                                         6
       4.569 |                                         4
       4.652 |                                         7
       4.737 |*                                        11
       4.823 |                                         6
       4.910 |                                         4
       4.999 |                                         3
       5.090 |                                         4
       5.183 |                                         4
       5.277 |                                         2
       5.373 |                                         1
       5.570 |                                         1
       5.986 |                                         2
       6.433 |                                         1
 
SQL statistics:
    queries performed:
        read:                            126882
        write:                           0
        other:                           18126
        total:                           145008
    transactions:                        9063   (301.89 per sec.)
    queries:                             145008 (4830.28 per sec.)
    ignored errors:                      0      (0.00 per sec.)
    reconnects:                          0      (0.00 per sec.)

General statistics:
    total time:                          30.0202s
    total number of events:              9063

Latency (ms):
         min:                                    2.18
         avg:                                    3.06
         max:                                    6.42
         95th percentile:                        3.68
         sum:                                27724.68

Threads fairness:
    events (avg/stddev):           283.2188/1.58
    execution time (avg/stddev):   0.8664/0.01




sysbench 1.0.20 (using system LuaJIT 2.1.0-beta3)

Running the test with following options:
Number of threads: 32
Target transaction rate: 300/sec
Initializing random number generator from current time


Initializing worker threads...

Threads started!

Latency histogram (values are in milliseconds)
       value  ------------- distribution ------------- count
       2.305 |                                         1
       2.347 |                                         1
       2.389 |                                         6
       2.433 |*                                        11
       2.477 |**                                       33
       2.522 |***                                      48
       2.568 |*****                                    79
       2.615 |********                                 119
       2.662 |**********                               144
       2.710 |**********                               146
       2.760 |**************                           208
       2.810 |*************                            186
       2.861 |**************                           213
       2.913 |***************                          216
       2.966 |*****************                        247
       3.020 |*******************                      288
       3.075 |*************************                367
       3.130 |*****************************            425
       3.187 |**********************************       507
       3.245 |***************************************  575
       3.304 |**************************************** 592
       3.364 |***************************************  582
       3.425 |**************************************   564
       3.488 |************************************     536
       3.551 |************************************     532
       3.615 |********************************         477
       3.681 |**************************               390
       3.748 |*********************                    306
       3.816 |*******************                      274
       3.885 |**************                           205
       3.956 |************                             177
       4.028 |******                                   93
       4.101 |*****                                    81
       4.176 |*****                                    77
       4.252 |***                                      49
       4.329 |***                                      44
       4.407 |***                                      42
       4.487 |**                                       24
       4.569 |**                                       32
       4.652 |*                                        17
       4.737 |*                                        17
       4.823 |*                                        14
       4.910 |*                                        8
       4.999 |*                                        14
       5.090 |*                                        11
       5.183 |*                                        13
       5.277 |*                                        9
       5.373 |                                         7
       5.470 |                                         1
       5.570 |                                         2
       5.671 |                                         1
       5.774 |                                         4
       5.879 |                                         4
       5.986 |                                         4
       6.095 |                                         4
       6.318 |                                         1
       6.433 |                                         2
       6.550 |                                         1
       6.669 |                                         1
       6.790 |                                         1
       8.277 |                                         1
       8.428 |                                         1
 
SQL statistics:
    queries performed:
        read:                            126490
        write:                           0
        other:                           18070
        total:                           144560
    transactions:                        9035   (300.90 per sec.)
    queries:                             144560 (4814.37 per sec.)
    ignored errors:                      0      (0.00 per sec.)
    reconnects:                          0      (0.00 per sec.)

General statistics:
    total time:                          30.0264s
    total number of events:              9035

Latency (ms):
         min:                                    2.30
         avg:                                    3.37
         max:                                    8.38
         95th percentile:                        4.10
         sum:                                30458.11

Threads fairness:
    events (avg/stddev):           282.3438/2.41
    execution time (avg/stddev):   0.9518/0.01


