sysbench 1.0.20 (using system LuaJIT 2.1.0-beta3)

Running the test with following options:
Number of threads: 32
Target transaction rate: 3000/sec
Initializing random number generator from current time


Initializing worker threads...

Threads started!

Latency histogram (values are in milliseconds)
       value  ------------- distribution ------------- count
       0.118 |                                         2
       0.120 |                                         5
       0.122 |                                         5
       0.125 |                                         18
       0.127 |                                         41
       0.129 |                                         40
       0.132 |*                                        117
       0.134 |*                                        225
       0.136 |**                                       390
       0.139 |****                                     706
       0.141 |*******                                  1099
       0.144 |*********                                1531
       0.147 |***********                              1828
       0.149 |*************                            2212
       0.152 |****************                         2613
       0.155 |******************                       2973
       0.158 |*******************                      3190
       0.160 |*******************                      3257
       0.163 |******************                       2946
       0.166 |*****************                        2846
       0.169 |*******************                      3224
       0.172 |*************************                4132
       0.176 |********************************         5308
       0.179 |***************************************  6472
       0.182 |**************************************** 6698
       0.185 |**************************************   6296
       0.189 |*********************************        5553
       0.192 |******************************           5022
       0.196 |************************                 4077
       0.199 |*******************                      3128
       0.203 |***************                          2470
       0.206 |***********                              1777
       0.210 |********                                 1391
       0.214 |*******                                  1099
       0.218 |*****                                    862
       0.222 |****                                     684
       0.226 |****                                     594
       0.230 |***                                      457
       0.234 |**                                       363
       0.238 |**                                       310
       0.243 |**                                       278
       0.247 |**                                       265
       0.252 |*                                        226
       0.256 |*                                        212
       0.261 |*                                        189
       0.266 |*                                        170
       0.270 |*                                        181
       0.275 |*                                        161
       0.280 |*                                        187
       0.285 |*                                        174
       0.291 |*                                        188
       0.296 |*                                        167
       0.301 |*                                        184
       0.307 |*                                        171
       0.312 |*                                        149
       0.318 |*                                        140
       0.324 |*                                        134
       0.330 |*                                        117
       0.336 |                                         81
       0.342 |                                         62
       0.348 |                                         57
       0.354 |                                         46
       0.361 |                                         35
       0.367 |                                         37
       0.374 |                                         13
       0.381 |                                         13
       0.388 |                                         9
       0.395 |                                         11
       0.402 |                                         10
       0.409 |                                         7
       0.417 |                                         9
       0.424 |                                         9
       0.432 |                                         8
       0.440 |                                         3
       0.448 |                                         10
       0.456 |                                         12
       0.464 |                                         1
       0.473 |                                         2
       0.481 |                                         2
       0.490 |                                         2
       0.499 |                                         2
       0.508 |                                         6
       0.517 |                                         8
       0.527 |                                         3
       0.536 |                                         3
       0.546 |                                         5
       0.556 |                                         7
       0.566 |                                         4
       0.576 |                                         4
       0.587 |                                         4
       0.597 |                                         3
       0.608 |                                         4
       0.619 |                                         1
       0.654 |                                         1
       0.677 |                                         2
       0.690 |                                         1
       0.702 |                                         4
       0.715 |                                         1
       0.728 |                                         1
       0.741 |                                         2
       0.755 |                                         2
       0.811 |                                         2
       0.826 |                                         1
       0.841 |                                         4
       0.872 |                                         1
       0.888 |                                         2
       0.937 |                                         1
       0.954 |                                         2
       0.971 |                                         1
       1.007 |                                         3
       1.025 |                                         1
       1.063 |                                         1
       1.205 |                                         1
       1.272 |                                         1
       1.295 |                                         1
       1.319 |                                         1
       1.343 |                                         1
       1.367 |                                         2
       1.392 |                                         1
       1.443 |                                         1
       1.496 |                                         3
       1.608 |                                         2
       1.637 |                                         1
       1.667 |                                         1
       1.759 |                                         1
       1.791 |                                         1
       1.857 |                                         1
       1.891 |                                         1
       2.184 |                                         1
       2.264 |                                         1
       2.305 |                                         1
       2.347 |                                         1
       2.389 |                                         1
       2.477 |                                         1
       2.760 |                                         1
       2.913 |                                         2
       3.075 |                                         2
       3.245 |                                         1
       3.488 |                                         2
       3.615 |                                         1
       3.748 |                                         1
       4.028 |                                         2
       4.101 |                                         1
       4.176 |                                         1
       4.252 |                                         1
       4.329 |                                         2
       4.652 |                                         2
       5.277 |                                         1
       5.774 |                                         1
       5.986 |                                         2
       6.318 |                                         1
       6.433 |                                         1
       7.167 |                                         1
       7.565 |                                         2
       7.985 |                                         1
       8.581 |                                         2
       9.560 |                                         1
       9.734 |                                         1
      10.090 |                                         1
      10.460 |                                         1
      10.844 |                                         1
      11.041 |                                         1
      11.242 |                                         1
      11.446 |                                         1
      11.654 |                                         1
      11.866 |                                         3
      12.081 |                                         2
      12.301 |                                         1
      12.524 |                                         3
 
SQL statistics:
    queries performed:
        read:                            89855
        write:                           0
        other:                           0
        total:                           89855
    transactions:                        89855  (2993.64 per sec.)
    queries:                             89855  (2993.64 per sec.)
    ignored errors:                      0      (0.00 per sec.)
    reconnects:                          0      (0.00 per sec.)

General statistics:
    total time:                          30.0149s
    total number of events:              89855

Latency (ms):
         min:                                    0.12
         avg:                                    0.19
         max:                                   12.62
         95th percentile:                        0.23
         sum:                                16861.08

Threads fairness:
    events (avg/stddev):           2807.9688/19.13
    execution time (avg/stddev):   0.5269/0.00


