sysbench 1.0.20 (using system LuaJIT 2.1.0-beta3)

Running the test with following options:
Number of threads: 32
Target transaction rate: 300/sec
Initializing random number generator from current time


Initializing worker threads...

Threads started!

Latency histogram (values are in milliseconds)
       value  ------------- distribution ------------- count
       1.857 |                                         2
       1.891 |**                                       19
       1.925 |******                                   61
       1.960 |****************                         155
       1.996 |**********************                   223
       2.032 |********************                     199
       2.069 |******************                       178
       2.106 |**************                           137
       2.145 |************                             116
       2.184 |**********                               96
       2.223 |************                             123
       2.264 |***********                              113
       2.305 |************                             118
       2.347 |**************                           141
       2.389 |*******************                      192
       2.433 |**********************************       337
       2.477 |**************************************** 400
       2.522 |*********************************        327
       2.568 |*********************************        329
       2.615 |***************************              272
       2.662 |****************************             278
       2.710 |*****************************            287
       2.760 |************************                 235
       2.810 |*******************                      189
       2.861 |****************                         163
       2.913 |*************                            127
       2.966 |*********                                90
       3.020 |********                                 77
       3.075 |******                                   61
       3.130 |*****                                    47
       3.187 |****                                     43
       3.245 |****                                     41
       3.304 |****                                     37
       3.364 |***                                      32
       3.425 |***                                      32
       3.488 |**                                       22
       3.551 |***                                      30
       3.615 |**                                       18
       3.681 |**                                       23
       3.748 |**                                       19
       3.816 |**                                       23
       3.885 |**                                       18
       3.956 |**                                       22
       4.028 |**                                       22
       4.101 |***                                      25
       4.176 |*                                        13
       4.252 |**                                       22
       4.329 |***                                      26
       4.407 |**                                       24
       4.487 |**                                       21
       4.569 |**                                       22
       4.652 |**                                       21
       4.737 |***                                      28
       4.823 |***                                      26
       4.910 |**                                       18
       4.999 |**                                       17
       5.090 |*                                        12
       5.183 |***                                      30
       5.277 |**                                       16
       5.373 |**                                       20
       5.470 |**                                       17
       5.570 |*                                        13
       5.671 |**                                       15
       5.774 |**                                       22
       5.879 |*                                        12
       5.986 |*                                        13
       6.095 |**                                       15
       6.205 |*                                        10
       6.318 |*                                        6
       6.433 |*                                        10
       6.550 |*                                        10
       6.669 |                                         4
       6.790 |*                                        5
       6.913 |*                                        5
       7.039 |*                                        6
       7.167 |                                         3
       7.297 |                                         1
       7.430 |                                         2
       7.565 |                                         2
       7.842 |*                                        5
       7.985 |                                         2
       8.130 |                                         1
       8.277 |                                         1
       8.428 |                                         1
       9.222 |                                         1
      20.002 |                                         1
      21.112 |                                         1
 
SQL statistics:
    queries performed:
        read:                            83986
        write:                           0
        other:                           11998
        total:                           95984
    transactions:                        5999   (299.60 per sec.)
    queries:                             95984  (4793.57 per sec.)
    ignored errors:                      0      (0.00 per sec.)
    reconnects:                          0      (0.00 per sec.)

General statistics:
    total time:                          20.0230s
    total number of events:              5999

Latency (ms):
         min:                                    1.87
         avg:                                    2.78
         max:                                   21.07
         95th percentile:                        4.82
         sum:                                16696.66

Threads fairness:
    events (avg/stddev):           187.4688/1.32
    execution time (avg/stddev):   0.5218/0.01




sysbench 1.0.20 (using system LuaJIT 2.1.0-beta3)

Running the test with following options:
Number of threads: 32
Target transaction rate: 300/sec
Initializing random number generator from current time


Initializing worker threads...

Threads started!

Latency histogram (values are in milliseconds)
       value  ------------- distribution ------------- count
       2.069 |                                         1
       2.106 |                                         2
       2.145 |*                                        5
       2.184 |*****                                    23
       2.223 |*****                                    22
       2.264 |****                                     19
       2.305 |*****                                    24
       2.347 |*****                                    24
       2.389 |******                                   26
       2.433 |********                                 35
       2.477 |*********                                41
       2.522 |*********                                38
       2.568 |*********                                41
       2.615 |***********                              49
       2.662 |**************                           62
       2.710 |*****************                        77
       2.760 |**********************                   97
       2.810 |*********************                    93
       2.861 |****************************             123
       2.913 |************************                 107
       2.966 |*************************                111
       3.020 |********************************         140
       3.075 |*********************************        147
       3.130 |***********************************      153
       3.187 |********************************         140
       3.245 |************************************     161
       3.304 |***********************************      154
       3.364 |**************************************** 177
       3.425 |*************************************    164
       3.488 |***************************************  171
       3.551 |*********************************        146
       3.615 |*********************************        148
       3.681 |***************************************  173
       3.748 |************************************     158
       3.816 |*********************************        147
       3.885 |*****************************            128
       3.956 |*****************************            130
       4.028 |*********************************        147
       4.101 |******************************           132
       4.176 |***********************************      156
       4.252 |*****************************            130
       4.329 |*******************************          139
       4.407 |**********************                   99
       4.487 |**************************               114
       4.569 |*********************                    94
       4.652 |************************                 106
       4.737 |**********************                   96
       4.823 |************************                 104
       4.910 |*************************                110
       4.999 |************************                 104
       5.090 |*******************                      85
       5.183 |*********************                    94
       5.277 |***********************                  101
       5.373 |******************                       81
       5.470 |*****************                        77
       5.570 |********************                     87
       5.671 |******************                       78
       5.774 |*************                            57
       5.879 |**************                           64
       5.986 |**********                               44
       6.095 |*********                                40
       6.205 |*********                                41
       6.318 |*******                                  29
       6.433 |******                                   25
       6.550 |*****                                    22
       6.669 |***                                      14
       6.790 |****                                     18
       6.913 |***                                      13
       7.039 |*                                        5
       7.167 |*                                        6
       7.297 |**                                       7
       7.430 |                                         2
       7.565 |                                         2
       7.702 |*                                        3
       7.985 |*                                        3
       8.130 |*                                        3
       8.277 |*                                        3
       8.895 |                                         1
       9.057 |                                         2
       9.560 |                                         1
       9.910 |                                         1
 
SQL statistics:
    queries performed:
        read:                            83958
        write:                           0
        other:                           11994
        total:                           95952
    transactions:                        5997   (299.34 per sec.)
    queries:                             95952  (4789.41 per sec.)
    ignored errors:                      0      (0.00 per sec.)
    reconnects:                          0      (0.00 per sec.)

General statistics:
    total time:                          20.0338s
    total number of events:              5997

Latency (ms):
         min:                                    2.08
         avg:                                    3.97
         max:                                    9.97
         95th percentile:                        5.88
         sum:                                23809.81

Threads fairness:
    events (avg/stddev):           187.4062/1.64
    execution time (avg/stddev):   0.7441/0.01




sysbench 1.0.20 (using system LuaJIT 2.1.0-beta3)

Running the test with following options:
Number of threads: 32
Target transaction rate: 300/sec
Initializing random number generator from current time


Initializing worker threads...

Threads started!

Latency histogram (values are in milliseconds)
       value  ------------- distribution ------------- count
       1.891 |                                         1
       1.925 |                                         2
       1.960 |*                                        14
       1.996 |****                                     47
       2.032 |***********                              128
       2.069 |***********************                  259
       2.106 |***************************              301
       2.145 |********************                     222
       2.184 |****************                         181
       2.223 |************                             139
       2.264 |*************                            143
       2.305 |***********                              124
       2.347 |*************                            151
       2.389 |************                             139
       2.433 |***************                          173
       2.477 |********************                     221
       2.522 |*********************************        375
       2.568 |**************************************** 451
       2.615 |************************************     411
       2.662 |**********************************       380
       2.710 |********************************         365
       2.760 |*********************************        372
       2.810 |***************************              310
       2.861 |*************************                285
       2.913 |*****************                        190
       2.966 |**************                           162
       3.020 |*********                                107
       3.075 |******                                   68
       3.130 |******                                   64
       3.187 |****                                     42
       3.245 |***                                      31
       3.304 |*                                        16
       3.364 |*                                        15
       3.425 |*                                        10
       3.488 |*                                        11
       3.551 |*                                        8
       3.615 |*                                        11
       3.681 |*                                        6
       3.748 |                                         3
       3.816 |                                         5
       3.885 |                                         4
       3.956 |                                         1
       4.028 |                                         1
       4.101 |                                         3
       4.176 |                                         2
       4.252 |                                         4
       4.407 |                                         1
       4.569 |                                         1
       4.652 |                                         2
       4.737 |                                         3
       4.823 |                                         1
       4.910 |                                         2
       4.999 |                                         1
       5.373 |                                         1
       5.774 |                                         1
       6.095 |                                         1
       6.433 |                                         1
       7.167 |                                         1
       7.702 |                                         1
       8.277 |                                         1
       8.895 |                                         1
       9.057 |                                         1
 
SQL statistics:
    queries performed:
        read:                            83692
        write:                           0
        other:                           11956
        total:                           95648
    transactions:                        5978   (298.54 per sec.)
    queries:                             95648  (4776.57 per sec.)
    ignored errors:                      0      (0.00 per sec.)
    reconnects:                          0      (0.00 per sec.)

General statistics:
    total time:                          20.0239s
    total number of events:              5978

Latency (ms):
         min:                                    1.89
         avg:                                    2.57
         max:                                    9.10
         95th percentile:                        3.07
         sum:                                15369.32

Threads fairness:
    events (avg/stddev):           186.8125/1.51
    execution time (avg/stddev):   0.4803/0.01




sysbench 1.0.20 (using system LuaJIT 2.1.0-beta3)

Running the test with following options:
Number of threads: 32
Target transaction rate: 300/sec
Initializing random number generator from current time


Initializing worker threads...

FATAL: mysql_stmt_prepare() failed
FATAL: MySQL error: 1146 "Table 'sbtest.sbtest7' doesn't exist"
FATAL: `thread_init' function failed: /usr/share/sysbench/oltp_common.lua:284: SQL API error
FATAL: mysql_stmt_prepare() failed
FATAL: MySQL error: 1146 "Table 'sbtest.sbtest7' doesn't exist"
FATAL: `thread_init' function failed: /usr/share/sysbench/oltp_common.lua:284: SQL API error
FATAL: mysql_stmt_prepare() failed
FATAL: MySQL error: 1146 "Table 'sbtest.sbtest7' doesn't exist"
FATAL: `thread_init' function failed: /usr/share/sysbench/oltp_common.lua:284: SQL API error
FATAL: mysql_stmt_prepare() failed
FATAL: MySQL error: 1146 "Table 'sbtest.sbtest7' doesn't exist"
FATAL: `thread_init' function failed: /usr/share/sysbench/oltp_common.lua:284: SQL API error
FATAL: mysql_stmt_prepare() failed
FATAL: MySQL error: 1146 "Table 'sbtest.sbtest7' doesn't exist"
FATAL: `thread_init' function failed: /usr/share/sysbench/oltp_common.lua:284: SQL API error
FATAL: mysql_stmt_prepare() failed
FATAL: MySQL error: 1146 "Table 'sbtest.sbtest7' doesn't exist"
FATAL: `thread_init' function failed: /usr/share/sysbench/oltp_common.lua:284: SQL API error
FATAL: mysql_stmt_prepare() failed
FATAL: MySQL error: 1146 "Table 'sbtest.sbtest7' doesn't exist"
FATAL: `thread_init' function failed: /usr/share/sysbench/oltp_common.lua:284: SQL API error
FATAL: mysql_stmt_prepare() failed
FATAL: MySQL error: 1146 "Table 'sbtest.sbtest7' doesn't exist"
FATAL: `thread_init' function failed: /usr/share/sysbench/oltp_common.lua:284: SQL API error
FATAL: mysql_stmt_prepare() failed
FATAL: MySQL error: 1146 "Table 'sbtest.sbtest7' doesn't exist"
FATAL: `thread_init' function failed: /usr/share/sysbench/oltp_common.lua:284: SQL API error
FATAL: mysql_stmt_prepare() failed
FATAL: MySQL error: 1146 "Table 'sbtest.sbtest7' doesn't exist"
FATAL: `thread_init' function failed: /usr/share/sysbench/oltp_common.lua:284: SQL API error
FATAL: mysql_stmt_prepare() failed
FATAL: MySQL error: 1146 "Table 'sbtest.sbtest7' doesn't exist"
FATAL: `thread_init' function failed: /usr/share/sysbench/oltp_common.lua:284: SQL API error
FATAL: mysql_stmt_prepare() failed
FATAL: MySQL error: 1146 "Table 'sbtest.sbtest7' doesn't exist"
FATAL: `thread_init' function failed: /usr/share/sysbench/oltp_common.lua:284: SQL API error
FATAL: mysql_stmt_prepare() failed
FATAL: MySQL error: 1146 "Table 'sbtest.sbtest7' doesn't exist"
FATAL: `thread_init' function failed: /usr/share/sysbench/oltp_common.lua:284: SQL API error
FATAL: mysql_stmt_prepare() failed
FATAL: MySQL error: 1146 "Table 'sbtest.sbtest7' doesn't exist"
FATAL: `thread_init' function failed: /usr/share/sysbench/oltp_common.lua:284: SQL API error
FATAL: mysql_stmt_prepare() failed
FATAL: MySQL error: 1146 "Table 'sbtest.sbtest7' doesn't exist"
FATAL: `thread_init' function failed: /usr/share/sysbench/oltp_common.lua:284: SQL API error
FATAL: mysql_stmt_prepare() failed
FATAL: MySQL error: 1146 "Table 'sbtest.sbtest7' doesn't exist"
FATAL: `thread_init' function failed: /usr/share/sysbench/oltp_common.lua:284: SQL API error
FATAL: mysql_stmt_prepare() failed
FATAL: MySQL error: 1146 "Table 'sbtest.sbtest7' doesn't exist"
FATAL: `thread_init' function failed: /usr/share/sysbench/oltp_common.lua:284: SQL API error
FATAL: mysql_stmt_prepare() failed
FATAL: MySQL error: 1146 "Table 'sbtest.sbtest7' doesn't exist"
FATAL: `thread_init' function failed: /usr/share/sysbench/oltp_common.lua:284: SQL API error
FATAL: mysql_stmt_prepare() failed
FATAL: MySQL error: 1146 "Table 'sbtest.sbtest7' doesn't exist"
FATAL: `thread_init' function failed: /usr/share/sysbench/oltp_common.lua:284: SQL API error
FATAL: mysql_stmt_prepare() failed
FATAL: MySQL error: 1146 "Table 'sbtest.sbtest7' doesn't exist"
FATAL: `thread_init' function failed: /usr/share/sysbench/oltp_common.lua:284: SQL API error
FATAL: mysql_stmt_prepare() failed
FATAL: MySQL error: 1146 "Table 'sbtest.sbtest7' doesn't exist"
FATAL: `thread_init' function failed: /usr/share/sysbench/oltp_common.lua:284: SQL API error
FATAL: mysql_stmt_prepare() failed
FATAL: MySQL error: 1146 "Table 'sbtest.sbtest7' doesn't exist"
FATAL: `thread_init' function failed: /usr/share/sysbench/oltp_common.lua:284: SQL API error
FATAL: mysql_stmt_prepare() failed
FATAL: MySQL error: 1146 "Table 'sbtest.sbtest7' doesn't exist"
FATAL: `thread_init' function failed: /usr/share/sysbench/oltp_common.lua:284: SQL API error
FATAL: mysql_stmt_prepare() failed
FATAL: MySQL error: 1146 "Table 'sbtest.sbtest7' doesn't exist"
FATAL: `thread_init' function failed: /usr/share/sysbench/oltp_common.lua:284: SQL API error
FATAL: mysql_stmt_prepare() failed
FATAL: MySQL error: 1146 "Table 'sbtest.sbtest7' doesn't exist"
FATAL: `thread_init' function failed: /usr/share/sysbench/oltp_common.lua:284: SQL API error
FATAL: mysql_stmt_prepare() failed
FATAL: MySQL error: 1146 "Table 'sbtest.sbtest7' doesn't exist"
FATAL: `thread_init' function failed: /usr/share/sysbench/oltp_common.lua:284: SQL API error
FATAL: mysql_stmt_prepare() failed
FATAL: MySQL error: 1146 "Table 'sbtest.sbtest7' doesn't exist"
FATAL: `thread_init' function failed: /usr/share/sysbench/oltp_common.lua:284: SQL API error
FATAL: mysql_stmt_prepare() failed
FATAL: MySQL error: 1146 "Table 'sbtest.sbtest7' doesn't exist"
FATAL: `thread_init' function failed: /usr/share/sysbench/oltp_common.lua:284: SQL API error
FATAL: mysql_stmt_prepare() failed
FATAL: MySQL error: 1146 "Table 'sbtest.sbtest7' doesn't exist"
FATAL: `thread_init' function failed: /usr/share/sysbench/oltp_common.lua:284: SQL API error
FATAL: mysql_stmt_prepare() failed
FATAL: MySQL error: 1146 "Table 'sbtest.sbtest7' doesn't exist"
FATAL: `thread_init' function failed: /usr/share/sysbench/oltp_common.lua:284: SQL API error
FATAL: mysql_stmt_prepare() failed
FATAL: MySQL error: 1146 "Table 'sbtest.sbtest7' doesn't exist"
FATAL: `thread_init' function failed: /usr/share/sysbench/oltp_common.lua:284: SQL API error
FATAL: mysql_stmt_prepare() failed
FATAL: MySQL error: 1146 "Table 'sbtest.sbtest7' doesn't exist"
FATAL: `thread_init' function failed: /usr/share/sysbench/oltp_common.lua:284: SQL API error
FATAL: Thread initialization failed!



sysbench 1.0.20 (using system LuaJIT 2.1.0-beta3)

Running the test with following options:
Number of threads: 32
Target transaction rate: 300/sec
Initializing random number generator from current time


Initializing worker threads...

Threads started!

Latency histogram (values are in milliseconds)
       value  ------------- distribution ------------- count
       1.891 |                                         1
       1.925 |                                         1
       1.960 |*                                        13
       1.996 |*****                                    59
       2.032 |************                             155
       2.069 |************************                 302
       2.106 |**************************               328
       2.145 |******************                       225
       2.184 |**************                           172
       2.223 |************                             147
       2.264 |**********                               131
       2.305 |***********                              139
       2.347 |***********                              133
       2.389 |**********                               130
       2.433 |*************                            162
       2.477 |***********************                  286
       2.522 |************************************     453
       2.568 |**************************************** 506
       2.615 |*******************************          390
       2.662 |**************************               328
       2.710 |*****************************            361
       2.760 |****************************             354
       2.810 |************************                 305
       2.861 |*********************                    266
       2.913 |**************                           183
       2.966 |************                             157
       3.020 |*******                                  87
       3.075 |*****                                    62
       3.130 |***                                      39
       3.187 |***                                      34
       3.245 |**                                       20
       3.304 |*                                        9
       3.364 |*                                        7
       3.425 |                                         4
       3.488 |                                         4
       3.551 |                                         5
       3.615 |*                                        9
       3.681 |                                         3
       3.748 |                                         3
       3.816 |                                         1
       3.885 |                                         2
       3.956 |                                         2
       4.028 |                                         3
       4.176 |                                         1
       4.252 |                                         1
       5.090 |                                         1
       5.277 |                                         1
       5.671 |                                         1
 
SQL statistics:
    queries performed:
        read:                            83804
        write:                           0
        other:                           11972
        total:                           95776
    transactions:                        5986   (298.91 per sec.)
    queries:                             95776  (4782.50 per sec.)
    ignored errors:                      0      (0.00 per sec.)
    reconnects:                          0      (0.00 per sec.)

General statistics:
    total time:                          20.0259s
    total number of events:              5986

Latency (ms):
         min:                                    1.90
         avg:                                    2.53
         max:                                    5.72
         95th percentile:                        2.97
         sum:                                15168.56

Threads fairness:
    events (avg/stddev):           187.0625/1.20
    execution time (avg/stddev):   0.4740/0.01




sysbench 1.0.20 (using system LuaJIT 2.1.0-beta3)

Running the test with following options:
Number of threads: 32
Target transaction rate: 300/sec
Initializing random number generator from current time


Initializing worker threads...

Threads started!

Latency histogram (values are in milliseconds)
       value  ------------- distribution ------------- count
       2.069 |                                         2
       2.106 |**                                       18
       2.145 |********                                 76
       2.184 |******************                       176
       2.223 |************************                 231
       2.264 |****************                         151
       2.305 |***********                              108
       2.347 |**************                           135
       2.389 |**************                           130
       2.433 |*****************                        162
       2.477 |**************                           134
       2.522 |***************                          143
       2.568 |*****************                        166
       2.615 |**********************                   205
       2.662 |*************************************    357
       2.710 |**************************************** 381
       2.760 |********************************         307
       2.810 |**********************************       321
       2.861 |***************************************  370
       2.913 |*************************************    349
       2.966 |********************************         304
       3.020 |********************************         309
       3.075 |***************************              256
       3.130 |***********************                  222
       3.187 |********************                     190
       3.245 |**************                           132
       3.304 |***********                              105
       3.364 |**********                               96
       3.425 |*********                                85
       3.488 |*******                                  66
       3.551 |*****                                    46
       3.615 |***                                      28
       3.681 |****                                     41
       3.748 |***                                      26
       3.816 |***                                      24
       3.885 |*                                        14
       3.956 |**                                       15
       4.028 |**                                       16
       4.101 |*                                        12
       4.176 |*                                        13
       4.252 |*                                        5
       4.329 |                                         3
       4.407 |                                         3
       4.487 |                                         3
       4.652 |                                         2
       4.737 |                                         2
       4.823 |                                         2
       4.910 |                                         1
       4.999 |                                         1
 
SQL statistics:
    queries performed:
        read:                            83216
        write:                           0
        other:                           11888
        total:                           95104
    transactions:                        5944   (296.79 per sec.)
    queries:                             95104  (4748.67 per sec.)
    ignored errors:                      0      (0.00 per sec.)
    reconnects:                          0      (0.00 per sec.)

General statistics:
    total time:                          20.0271s
    total number of events:              5944

Latency (ms):
         min:                                    2.07
         avg:                                    2.81
         max:                                    4.98
         95th percentile:                        3.49
         sum:                                16705.30

Threads fairness:
    events (avg/stddev):           185.7500/1.64
    execution time (avg/stddev):   0.5220/0.01


