sysbench 1.0.20 (using system LuaJIT 2.1.0-beta3)

Running the test with following options:
Number of threads: 32
Target transaction rate: 300/sec
Initializing random number generator from current time


Initializing worker threads...

Threads started!

Latency histogram (values are in milliseconds)
       value  ------------- distribution ------------- count
       2.106 |                                         1
       2.145 |*                                        11
       2.184 |*                                        16
       2.223 |****                                     57
       2.264 |******                                   101
       2.305 |**********                               158
       2.347 |*************                            207
       2.389 |**************                           217
       2.433 |*****************                        265
       2.477 |***************                          233
       2.522 |*****************                        270
       2.568 |***************                          240
       2.615 |***************                          238
       2.662 |****************                         248
       2.710 |*********************                    335
       2.760 |****************************             448
       2.810 |**********************************       529
       2.861 |*********************************        513
       2.913 |*************************************    579
       2.966 |**************************************** 629
       3.020 |************************************     573
       3.075 |*************************************    578
       3.130 |********************************         505
       3.187 |******************************           469
       3.245 |***********************                  358
       3.304 |******************                       286
       3.364 |**************                           225
       3.425 |**********                               150
       3.488 |*******                                  111
       3.551 |*****                                    81
       3.615 |*****                                    76
       3.681 |**                                       39
       3.748 |**                                       30
       3.816 |*                                        14
       3.885 |*                                        20
       3.956 |*                                        12
       4.028 |*                                        15
       4.101 |*                                        13
       4.176 |*                                        9
       4.252 |*                                        13
       4.329 |*                                        9
       4.407 |                                         7
       4.487 |                                         6
       4.569 |                                         3
       4.652 |                                         7
       4.737 |                                         5
       4.823 |                                         3
       4.999 |                                         5
       5.090 |                                         3
       5.277 |                                         1
       5.570 |                                         2
       5.671 |                                         3
       5.879 |                                         1
       6.205 |                                         1
       6.433 |                                         2
 
SQL statistics:
    queries performed:
        read:                            125020
        write:                           0
        other:                           17860
        total:                           142880
    transactions:                        8930   (297.46 per sec.)
    queries:                             142880 (4759.38 per sec.)
    ignored errors:                      0      (0.00 per sec.)
    reconnects:                          0      (0.00 per sec.)

General statistics:
    total time:                          30.0204s
    total number of events:              8930

Latency (ms):
         min:                                    2.09
         avg:                                    2.92
         max:                                    6.43
         95th percentile:                        3.49
         sum:                                26064.53

Threads fairness:
    events (avg/stddev):           279.0625/1.92
    execution time (avg/stddev):   0.8145/0.01


