sysbench 1.0.20 (using system LuaJIT 2.1.0-beta3)

Running the test with following options:
Number of threads: 32
Target transaction rate: 3000/sec
Initializing random number generator from current time


Initializing worker threads...

Threads started!

Latency histogram (values are in milliseconds)
       value  ------------- distribution ------------- count
       0.112 |                                         1
       0.114 |                                         1
       0.116 |                                         1
       0.118 |                                         1
       0.120 |                                         3
       0.122 |                                         1
       0.125 |                                         4
       0.127 |                                         22
       0.129 |                                         30
       0.132 |                                         53
       0.134 |*                                        142
       0.136 |**                                       308
       0.139 |****                                     533
       0.141 |******                                   827
       0.144 |*********                                1173
       0.147 |**********                               1385
       0.149 |************                             1603
       0.152 |**************                           1904
       0.155 |*****************                        2206
       0.158 |*******************                      2479
       0.160 |*******************                      2543
       0.163 |*****************                        2309
       0.166 |*****************                        2258
       0.169 |*******************                      2471
       0.172 |************************                 3216
       0.176 |*******************************          4122
       0.179 |*************************************    4848
       0.182 |**************************************** 5298
       0.185 |**************************************** 5233
       0.189 |*************************************    4858
       0.192 |**********************************       4452
       0.196 |******************************           3961
       0.199 |************************                 3148
       0.203 |*******************                      2520
       0.206 |****************                         2063
       0.210 |**************                           1827
       0.214 |************                             1611
       0.218 |***********                              1408
       0.222 |*********                                1236
       0.226 |********                                 1008
       0.230 |*******                                  992
       0.234 |******                                   815
       0.238 |******                                   746
       0.243 |*****                                    648
       0.247 |****                                     554
       0.252 |***                                      444
       0.256 |***                                      436
       0.261 |***                                      367
       0.266 |**                                       297
       0.270 |**                                       257
       0.275 |**                                       210
       0.280 |**                                       230
       0.285 |**                                       228
       0.291 |*                                        192
       0.296 |**                                       207
       0.301 |**                                       204
       0.307 |**                                       202
       0.312 |*                                        176
       0.318 |*                                        197
       0.324 |*                                        175
       0.330 |**                                       212
       0.336 |**                                       251
       0.342 |**                                       230
       0.348 |**                                       309
       0.354 |***                                      362
       0.361 |***                                      359
       0.367 |***                                      451
       0.374 |****                                     471
       0.381 |****                                     556
       0.388 |****                                     516
       0.395 |*****                                    617
       0.402 |****                                     537
       0.409 |****                                     549
       0.417 |****                                     475
       0.424 |****                                     484
       0.432 |****                                     482
       0.440 |***                                      367
       0.448 |**                                       317
       0.456 |**                                       274
       0.464 |**                                       245
       0.473 |**                                       226
       0.481 |*                                        196
       0.490 |*                                        175
       0.499 |*                                        149
       0.508 |*                                        134
       0.517 |*                                        100
       0.527 |*                                        96
       0.536 |*                                        94
       0.546 |*                                        70
       0.556 |*                                        70
       0.566 |                                         50
       0.576 |                                         44
       0.587 |                                         40
       0.597 |                                         39
       0.608 |                                         43
       0.619 |                                         33
       0.630 |                                         30
       0.642 |                                         30
       0.654 |                                         33
       0.665 |                                         33
       0.677 |                                         22
       0.690 |                                         25
       0.702 |                                         19
       0.715 |                                         26
       0.728 |                                         20
       0.741 |                                         15
       0.755 |                                         24
       0.768 |                                         19
       0.782 |                                         11
       0.797 |                                         8
       0.811 |                                         9
       0.826 |                                         11
       0.841 |                                         17
       0.856 |                                         4
       0.872 |                                         7
       0.888 |                                         7
       0.904 |                                         3
       0.920 |                                         3
       0.937 |                                         4
       0.954 |                                         7
       0.971 |                                         4
       0.989 |                                         1
       1.007 |                                         5
       1.025 |                                         5
       1.044 |                                         4
       1.063 |                                         6
       1.082 |                                         6
       1.102 |                                         2
       1.122 |                                         1
       1.142 |                                         6
       1.163 |                                         4
       1.184 |                                         4
       1.205 |                                         2
       1.227 |                                         4
       1.250 |                                         5
       1.272 |                                         6
       1.295 |                                         3
       1.319 |                                         1
       1.343 |                                         3
       1.367 |                                         2
       1.392 |                                         3
       1.417 |                                         3
       1.443 |                                         4
       1.469 |                                         3
       1.496 |                                         1
       1.523 |                                         7
       1.551 |                                         4
       1.579 |                                         3
       1.608 |                                         5
       1.637 |                                         3
       1.667 |                                         3
       1.697 |                                         1
       1.728 |                                         1
       1.759 |                                         1
       1.791 |                                         5
       1.824 |                                         2
       1.891 |                                         4
       1.925 |                                         3
       1.960 |                                         1
       1.996 |                                         3
       2.032 |                                         2
       2.145 |                                         2
       2.184 |                                         4
       2.223 |                                         2
       2.264 |                                         4
       2.305 |                                         4
       2.347 |                                         2
       2.433 |                                         1
       2.477 |                                         1
       2.522 |                                         3
       2.568 |                                         3
       2.615 |                                         1
       2.760 |                                         2
       2.810 |                                         1
       2.861 |                                         2
       2.913 |                                         1
       3.020 |                                         2
       3.130 |                                         1
       3.245 |                                         1
       3.425 |                                         1
       3.681 |                                         1
       3.956 |                                         1
       4.101 |                                         1
       4.176 |                                         1
       4.407 |                                         1
       4.569 |                                         1
       4.737 |                                         2
 
SQL statistics:
    queries performed:
        read:                            90836
        write:                           0
        other:                           0
        total:                           90836
    transactions:                        90836  (3026.23 per sec.)
    queries:                             90836  (3026.23 per sec.)
    ignored errors:                      0      (0.00 per sec.)
    reconnects:                          0      (0.00 per sec.)

General statistics:
    total time:                          30.0158s
    total number of events:              90836

Latency (ms):
         min:                                    0.11
         avg:                                    0.22
         max:                                    4.75
         95th percentile:                        0.42
         sum:                                19759.98

Threads fairness:
    events (avg/stddev):           2838.6250/25.40
    execution time (avg/stddev):   0.6175/0.01


