sysbench 1.0.20 (using system LuaJIT 2.1.0-beta3)

Running the test with following options:
Number of threads: 32
Target transaction rate: 3000/sec
Initializing random number generator from current time


Initializing worker threads...

Threads started!

Latency histogram (values are in milliseconds)
       value  ------------- distribution ------------- count
       0.116 |                                         2
       0.118 |                                         2
       0.122 |                                         2
       0.125 |                                         3
       0.127 |                                         8
       0.129 |                                         15
       0.132 |                                         33
       0.134 |*                                        66
       0.136 |*                                        132
       0.139 |***                                      286
       0.141 |*****                                    508
       0.144 |*******                                  678
       0.147 |********                                 778
       0.149 |**********                               969
       0.152 |*************                            1214
       0.155 |****************                         1541
       0.158 |*******************                      1811
       0.160 |********************                     1896
       0.163 |********************                     1923
       0.166 |*******************                      1786
       0.169 |********************                     1883
       0.172 |***********************                  2231
       0.176 |******************************           2845
       0.179 |**********************************       3255
       0.182 |************************************     3399
       0.185 |**************************************   3572
       0.189 |**************************************** 3806
       0.192 |**************************************** 3786
       0.196 |*************************************    3558
       0.199 |********************************         3024
       0.203 |**************************               2443
       0.206 |*********************                    1967
       0.210 |*****************                        1594
       0.214 |**************                           1319
       0.218 |************                             1110
       0.222 |*********                                900
       0.226 |********                                 743
       0.230 |******                                   587
       0.234 |*****                                    442
       0.238 |****                                     374
       0.243 |***                                      323
       0.247 |***                                      259
       0.252 |***                                      243
       0.256 |**                                       202
       0.261 |**                                       181
       0.266 |**                                       173
       0.270 |**                                       159
       0.275 |**                                       149
       0.280 |*                                        130
       0.285 |*                                        131
       0.291 |*                                        118
       0.296 |*                                        111
       0.301 |**                                       151
       0.307 |*                                        129
       0.312 |*                                        132
       0.318 |*                                        129
       0.324 |*                                        131
       0.330 |*                                        102
       0.336 |*                                        91
       0.342 |*                                        77
       0.348 |*                                        59
       0.354 |*                                        51
       0.361 |                                         46
       0.367 |                                         38
       0.374 |                                         20
       0.381 |                                         21
       0.388 |                                         19
       0.395 |                                         21
       0.402 |                                         20
       0.409 |                                         16
       0.417 |                                         5
       0.424 |                                         13
       0.432 |                                         10
       0.440 |                                         10
       0.448 |                                         7
       0.456 |                                         10
       0.464 |                                         7
       0.473 |                                         4
       0.481 |                                         10
       0.490 |                                         3
       0.499 |                                         6
       0.508 |                                         2
       0.517 |                                         3
       0.527 |                                         1
       0.536 |                                         2
       0.546 |                                         2
       0.556 |                                         1
       0.576 |                                         1
       0.587 |                                         2
       0.619 |                                         2
       0.642 |                                         2
       0.702 |                                         1
       0.728 |                                         1
       0.797 |                                         1
       1.007 |                                         1
       1.227 |                                         1
 
SQL statistics:
    queries performed:
        read:                            60031
        write:                           0
        other:                           0
        total:                           60031
    transactions:                        60031  (2999.22 per sec.)
    queries:                             60031  (2999.22 per sec.)
    ignored errors:                      0      (0.00 per sec.)
    reconnects:                          0      (0.00 per sec.)

General statistics:
    total time:                          20.0151s
    total number of events:              60031

Latency (ms):
         min:                                    0.12
         avg:                                    0.19
         max:                                    1.23
         95th percentile:                        0.25
         sum:                                11431.96

Threads fairness:
    events (avg/stddev):           1875.9688/12.60
    execution time (avg/stddev):   0.3572/0.00


