sysbench 1.0.20 (using system LuaJIT 2.1.0-beta3)

Running the test with following options:
Number of threads: 32
Target transaction rate: 1000/sec
Initializing random number generator from current time


Initializing worker threads...

Threads started!

Latency histogram (values are in milliseconds)
       value  ------------- distribution ------------- count
       0.440 |                                         1
       0.448 |                                         1
       0.464 |*                                        9
       0.473 |**                                       17
       0.481 |***                                      30
       0.490 |*****                                    46
       0.499 |********                                 79
       0.508 |************                             118
       0.517 |************                             125
       0.527 |****************                         158
       0.536 |******************                       178
       0.546 |***************                          148
       0.556 |*****************                        173
       0.566 |******************                       181
       0.576 |********************                     196
       0.587 |**********************                   217
       0.597 |****************************             283
       0.608 |*******************************          313
       0.619 |********************************         324
       0.630 |**************************************   378
       0.642 |**************************************** 402
       0.654 |**************************************** 402
       0.665 |*************************************    373
       0.677 |***********************************      348
       0.690 |********************************         325
       0.702 |********************************         318
       0.715 |******************************           305
       0.728 |*****************************            293
       0.741 |*************************                253
       0.755 |**************************               263
       0.768 |**********************                   220
       0.782 |********************                     201
       0.797 |******************                       181
       0.811 |******************                       179
       0.826 |*****************                        166
       0.841 |***************                          149
       0.856 |************                             120
       0.872 |*************                            135
       0.888 |*************                            129
       0.904 |*********                                91
       0.920 |*********                                95
       0.937 |**********                               101
       0.954 |*********                                90
       0.971 |********                                 82
       0.989 |********                                 83
       1.007 |********                                 78
       1.025 |*******                                  66
       1.044 |*******                                  67
       1.063 |******                                   65
       1.082 |*****                                    47
       1.102 |*****                                    49
       1.122 |*******                                  73
       1.142 |*****                                    54
       1.163 |******                                   62
       1.184 |******                                   59
       1.205 |*****                                    54
       1.227 |******                                   59
       1.250 |******                                   61
       1.272 |******                                   59
       1.295 |******                                   60
       1.319 |********                                 81
       1.343 |******                                   61
       1.367 |*******                                  74
       1.392 |********                                 83
       1.417 |********                                 77
       1.443 |*******                                  66
       1.469 |*******                                  75
       1.496 |*******                                  71
       1.523 |*******                                  70
       1.551 |*******                                  74
       1.579 |*********                                87
       1.608 |*******                                  67
       1.637 |********                                 76
       1.667 |*******                                  69
       1.697 |********                                 80
       1.728 |******                                   62
       1.759 |********                                 85
       1.791 |*******                                  71
       1.824 |******                                   61
       1.857 |*******                                  71
       1.891 |******                                   65
       1.925 |*****                                    52
       1.960 |******                                   56
       1.996 |****                                     45
       2.032 |*****                                    50
       2.069 |****                                     43
       2.106 |****                                     42
       2.145 |***                                      30
       2.184 |***                                      33
       2.223 |***                                      28
       2.264 |***                                      26
       2.305 |***                                      29
       2.347 |***                                      33
       2.389 |***                                      28
       2.433 |**                                       21
       2.477 |**                                       22
       2.522 |**                                       21
       2.568 |**                                       20
       2.615 |**                                       25
       2.662 |***                                      28
       2.710 |**                                       23
       2.760 |***                                      26
       2.810 |**                                       23
       2.861 |**                                       22
       2.913 |**                                       24
       2.966 |**                                       22
       3.020 |**                                       21
       3.075 |**                                       25
       3.130 |***                                      29
       3.187 |**                                       22
       3.245 |**                                       23
       3.304 |***                                      29
       3.364 |***                                      28
       3.425 |**                                       22
       3.488 |**                                       22
       3.551 |***                                      28
       3.615 |***                                      26
       3.681 |**                                       24
       3.748 |***                                      28
       3.816 |**                                       22
       3.885 |**                                       22
       3.956 |***                                      32
       4.028 |***                                      30
       4.101 |***                                      32
       4.176 |***                                      33
       4.252 |**                                       21
       4.329 |**                                       25
       4.407 |***                                      34
       4.487 |**                                       18
       4.569 |**                                       23
       4.652 |**                                       20
       4.737 |***                                      27
       4.823 |***                                      30
       4.910 |**                                       22
       4.999 |***                                      30
       5.090 |**                                       23
       5.183 |***                                      26
       5.277 |***                                      34
       5.373 |***                                      32
       5.470 |***                                      33
       5.570 |***                                      29
       5.671 |**                                       25
       5.774 |***                                      30
       5.879 |***                                      30
       5.986 |***                                      31
       6.095 |****                                     39
       6.205 |***                                      29
       6.318 |***                                      34
       6.433 |***                                      35
       6.550 |***                                      30
       6.669 |***                                      26
       6.790 |****                                     38
       6.913 |**                                       25
       7.039 |***                                      32
       7.167 |***                                      35
       7.297 |***                                      35
       7.430 |***                                      32
       7.565 |****                                     38
       7.702 |***                                      35
       7.842 |***                                      35
       7.985 |****                                     39
       8.130 |****                                     41
       8.277 |***                                      32
       8.428 |****                                     36
       8.581 |***                                      33
       8.737 |****                                     44
       8.895 |****                                     36
       9.057 |***                                      33
       9.222 |***                                      29
       9.389 |****                                     45
       9.560 |****                                     37
       9.734 |***                                      31
       9.910 |****                                     39
      10.090 |***                                      33
      10.274 |****                                     41
      10.460 |***                                      33
      10.651 |*****                                    47
      10.844 |****                                     40
      11.041 |*****                                    52
      11.242 |****                                     45
      11.446 |****                                     44
      11.654 |****                                     37
      11.866 |*****                                    50
      12.081 |*****                                    51
      12.301 |*****                                    48
      12.524 |*****                                    46
      12.752 |*****                                    47
      12.984 |******                                   58
      13.219 |*****                                    51
      13.460 |******                                   56
      13.704 |******                                   59
      13.953 |*****                                    55
      14.207 |*****                                    48
      14.465 |****                                     43
      14.728 |****                                     41
      14.995 |*****                                    52
      15.268 |*****                                    52
      15.545 |******                                   63
      15.828 |*****                                    51
      16.115 |******                                   63
      16.408 |*****                                    50
      16.706 |*******                                  72
      17.010 |***                                      35
      17.319 |*****                                    52
      17.633 |****                                     41
      17.954 |****                                     44
      18.280 |******                                   56
      18.612 |*****                                    54
      18.950 |*****                                    49
      19.295 |*******                                  67
      19.645 |******                                   62
      20.002 |*****                                    54
      20.366 |********                                 77
      20.736 |******                                   63
      21.112 |******                                   63
      21.496 |*****                                    54
      21.886 |******                                   59
      22.284 |********                                 78
      22.689 |*******                                  67
      23.101 |*******                                  66
      23.521 |******                                   63
      23.948 |******                                   65
      24.384 |********                                 80
      24.827 |*****                                    54
      25.278 |*******                                  69
      25.737 |*******                                  74
      26.205 |******                                   62
      26.681 |*******                                  67
      27.165 |*****                                    49
      27.659 |*******                                  75
      28.162 |******                                   61
      28.673 |********                                 76
      29.194 |******                                   59
      29.725 |******                                   65
      30.265 |*******                                  69
      30.815 |*******                                  75
      31.375 |********                                 79
      31.945 |********                                 76
      32.525 |*******                                  68
      33.116 |******                                   62
      33.718 |********                                 78
      34.330 |*******                                  75
      34.954 |********                                 85
      35.589 |********                                 83
      36.236 |*******                                  73
      36.894 |********                                 84
      37.565 |*******                                  69
      38.247 |******                                   64
      38.942 |*******                                  68
      39.650 |*******                                  72
      40.370 |*******                                  72
      41.104 |********                                 79
      41.851 |******                                   61
      42.611 |*******                                  75
      43.385 |********                                 83
      44.173 |********                                 83
      44.976 |*********                                86
      45.793 |*********                                87
      46.625 |*********                                91
      47.472 |*******                                  70
      48.335 |*******                                  74
      49.213 |******                                   61
      50.107 |*******                                  68
      51.018 |*******                                  75
      51.945 |********                                 77
      52.889 |********                                 79
      53.850 |*********                                87
      54.828 |********                                 79
      55.824 |*******                                  67
      56.839 |********                                 84
      57.871 |*********                                87
      58.923 |********                                 84
      59.993 |********                                 82
      61.083 |*******                                  75
      62.193 |********                                 81
      63.323 |********                                 84
      64.474 |*********                                94
      65.645 |********                                 83
      66.838 |**********                               104
      68.053 |**********                               99
      69.289 |***********                              107
      70.548 |**********                               99
      71.830 |***********                              109
      73.135 |*********                                91
      74.464 |**********                               104
      75.817 |*********                                86
      77.194 |*********                                87
      78.597 |*******                                  71
      80.025 |**********                               99
      81.479 |*********                                93
      82.959 |********                                 83
      84.467 |**********                               102
      86.002 |*********                                89
      87.564 |**********                               98
      89.155 |*********                                92
      90.775 |********                                 78
      92.424 |*********                                87
      94.104 |**********                               100
      95.814 |**********                               100
      97.555 |*********                                94
      99.327 |********                                 82
     101.132 |*********                                94
     102.969 |**********                               96
     104.840 |**********                               104
     106.745 |***********                              112
     108.685 |********                                 81
     110.659 |**********                               103
     112.670 |**********                               103
     114.717 |***********                              111
     116.802 |*********                                91
     118.924 |**********                               100
     121.085 |***********                              106
     123.285 |************                             116
     125.525 |**********                               99
     127.805 |***********                              107
     130.128 |*************                            126
     132.492 |**************                           136
     134.899 |*************                            126
     137.350 |***********                              110
     139.846 |**********                               98
     142.387 |***********                              111
     144.974 |**************                           136
     147.608 |************                             123
     150.290 |************                             122
     153.021 |*************                            129
     155.801 |************                             124
     158.632 |**********                               103
     161.514 |************                             124
     164.449 |*************                            129
     167.437 |************                             121
     170.479 |*********                                86
     173.577 |*********                                93
     176.731 |**********                               105
     179.942 |**********                               104
     183.211 |************                             121
     186.540 |*********                                94
     189.929 |********                                 80
     193.380 |**********                               99
     196.894 |***********                              106
     200.472 |********                                 81
     204.114 |********                                 83
     207.823 |*********                                92
     211.599 |********                                 79
     215.443 |*********                                86
     219.358 |*********                                87
     223.344 |**********                               104
     227.402 |*********                                94
     231.534 |*********                                86
     235.740 |********                                 76
     240.024 |*******                                  70
     244.385 |*******                                  74
     248.825 |********                                 80
     253.346 |********                                 77
     257.950 |**********                               96
     262.636 |*********                                93
     267.408 |*******                                  72
     272.267 |***********                              108
     277.214 |********                                 84
     282.251 |********                                 84
     287.379 |*********                                87
     292.601 |*******                                  69
     297.917 |*******                                  71
     303.330 |********                                 80
     308.842 |******                                   59
     314.453 |*******                                  66
     320.167 |*******                                  66
     325.984 |********                                 80
     331.907 |**********                               99
     337.938 |*******                                  73
     344.078 |********                                 81
     350.330 |********                                 77
     356.695 |*****                                    55
     363.176 |*****                                    53
     369.775 |******                                   65
     376.494 |******                                   57
     383.334 |******                                   63
     390.299 |*****                                    51
     397.391 |******                                   63
     404.611 |*****                                    47
     411.963 |****                                     45
     419.448 |*****                                    47
     427.069 |***                                      29
     434.829 |****                                     36
     442.730 |*                                        15
     450.774 |*                                        15
     458.964 |**                                       20
     467.304 |*                                        11
     475.794 |*                                        11
     484.439 |*                                        8
     493.242 |*                                        9
     502.204 |*                                        6
     511.328 |*                                        6
     520.619 |                                         5
     530.078 |                                         5
     539.710 |*                                        11
     549.516 |*                                        15
     559.501 |*                                        11
     569.667 |**                                       16
     580.017 |*                                        14
     590.556 |*                                        13
     601.286 |*                                        7
     612.211 |                                         3
     623.335 |                                         1
 
SQL statistics:
    queries performed:
        read:                            0
        write:                           29990
        other:                           0
        total:                           29990
    transactions:                        29990  (999.14 per sec.)
    queries:                             29990  (999.14 per sec.)
    ignored errors:                      0      (0.00 per sec.)
    reconnects:                          0      (0.00 per sec.)

General statistics:
    total time:                          30.0154s
    total number of events:              29990

Latency (ms):
         min:                                    0.44
         avg:                                   68.53
         max:                                  627.08
         95th percentile:                      297.92
         sum:                              2055229.52

Threads fairness:
    events (avg/stddev):           937.1875/6.42
    execution time (avg/stddev):   64.2259/0.78


