sysbench 1.0.20 (using system LuaJIT 2.1.0-beta3)

Running the test with following options:
Number of threads: 32
Target transaction rate: 1000/sec
Initializing random number generator from current time


Initializing worker threads...

Threads started!

Latency histogram (values are in milliseconds)
       value  ------------- distribution ------------- count
       0.448 |                                         3
       0.456 |*                                        6
       0.464 |**                                       16
       0.473 |****                                     24
       0.481 |***                                      21
       0.490 |*********                                57
       0.499 |**********                               67
       0.508 |********                                 50
       0.517 |**************                           91
       0.527 |***********                              75
       0.536 |*****************                        111
       0.546 |********************                     130
       0.556 |*****************                        112
       0.566 |********************                     130
       0.576 |***********************                  152
       0.587 |****************************             185
       0.597 |*******************************          202
       0.608 |*****************************            190
       0.619 |**************************************   248
       0.630 |**************************************   249
       0.642 |************************************     237
       0.654 |**************************************** 263
       0.665 |************************************     238
       0.677 |**************************************** 261
       0.690 |***********************************      233
       0.702 |***********************************      233
       0.715 |********************************         209
       0.728 |***********************************      233
       0.741 |****************************             183
       0.755 |******************************           194
       0.768 |*****************************            190
       0.782 |**********************                   142
       0.797 |***********************                  150
       0.811 |********************                     131
       0.826 |*********************                    138
       0.841 |******************                       116
       0.856 |****************                         108
       0.872 |******************                       118
       0.888 |******************                       116
       0.904 |**************                           89
       0.920 |***************                          98
       0.937 |*************                            86
       0.954 |************                             81
       0.971 |*************                            87
       0.989 |************                             78
       1.007 |***************                          97
       1.025 |*************                            84
       1.044 |************                             79
       1.063 |***************                          98
       1.082 |**********                               63
       1.102 |************                             76
       1.122 |**********                               68
       1.142 |***********                              74
       1.163 |**********                               67
       1.184 |***********                              72
       1.205 |**********                               69
       1.227 |************                             79
       1.250 |***********                              71
       1.272 |**********                               69
       1.295 |***********                              71
       1.319 |************                             82
       1.343 |************                             77
       1.367 |***********                              74
       1.392 |************                             82
       1.417 |**************                           92
       1.443 |***************                          101
       1.469 |************                             76
       1.496 |**************                           93
       1.523 |*************                            87
       1.551 |**************                           95
       1.579 |*************                            84
       1.608 |**********                               68
       1.637 |**********                               64
       1.667 |********                                 54
       1.697 |***********                              72
       1.728 |********                                 52
       1.759 |********                                 53
       1.791 |******                                   40
       1.824 |*****                                    34
       1.857 |******                                   39
       1.891 |******                                   37
       1.925 |****                                     29
       1.960 |*****                                    30
       1.996 |*****                                    30
       2.032 |*****                                    32
       2.069 |****                                     24
       2.106 |****                                     29
       2.145 |***                                      21
       2.184 |*****                                    36
       2.223 |*****                                    30
       2.264 |****                                     24
       2.305 |***                                      17
       2.347 |**                                       16
       2.389 |**                                       15
       2.433 |***                                      18
       2.477 |***                                      21
       2.522 |***                                      20
       2.568 |*****                                    30
       2.615 |**                                       16
       2.662 |****                                     24
       2.710 |***                                      23
       2.760 |***                                      22
       2.810 |***                                      20
       2.861 |****                                     24
       2.913 |****                                     24
       2.966 |***                                      17
       3.020 |****                                     28
       3.075 |**                                       16
       3.130 |***                                      18
       3.187 |****                                     28
       3.245 |****                                     27
       3.304 |****                                     29
       3.364 |****                                     29
       3.425 |****                                     25
       3.488 |***                                      22
       3.551 |****                                     24
       3.615 |****                                     26
       3.681 |***                                      22
       3.748 |***                                      20
       3.816 |*****                                    35
       3.885 |****                                     27
       3.956 |**                                       16
       4.028 |****                                     24
       4.101 |***                                      21
       4.176 |****                                     27
       4.252 |***                                      21
       4.329 |****                                     28
       4.407 |***                                      18
       4.487 |****                                     28
       4.569 |****                                     26
       4.652 |****                                     26
       4.737 |****                                     29
       4.823 |****                                     28
       4.910 |****                                     24
       4.999 |****                                     26
       5.090 |*****                                    31
       5.183 |****                                     24
       5.277 |****                                     24
       5.373 |****                                     27
       5.470 |****                                     26
       5.570 |*****                                    32
       5.671 |*****                                    36
       5.774 |*****                                    32
       5.879 |****                                     29
       5.986 |*****                                    36
       6.095 |***                                      22
       6.205 |*****                                    30
       6.318 |******                                   39
       6.433 |******                                   40
       6.550 |*****                                    36
       6.669 |****                                     27
       6.790 |***                                      23
       6.913 |*****                                    31
       7.039 |*********                                56
       7.167 |*****                                    35
       7.297 |******                                   41
       7.430 |****                                     25
       7.565 |********                                 50
       7.702 |*******                                  44
       7.842 |******                                   42
       7.985 |*****                                    32
       8.130 |*****                                    31
       8.277 |******                                   42
       8.428 |*******                                  45
       8.581 |******                                   39
       8.737 |*******                                  49
       8.895 |*****                                    34
       9.057 |******                                   37
       9.222 |*******                                  46
       9.389 |*******                                  48
       9.560 |*******                                  44
       9.734 |*******                                  47
       9.910 |*******                                  44
      10.090 |*******                                  44
      10.274 |*********                                57
      10.460 |********                                 51
      10.651 |******                                   39
      10.844 |*********                                59
      11.041 |*********                                58
      11.242 |******                                   42
      11.446 |********                                 52
      11.654 |*******                                  47
      11.866 |********                                 50
      12.081 |********                                 52
      12.301 |*********                                57
      12.524 |*********                                58
      12.752 |**********                               65
      12.984 |*********                                62
      13.219 |*********                                61
      13.460 |********                                 52
      13.704 |*********                                59
      13.953 |***********                              74
      14.207 |*********                                60
      14.465 |*********                                57
      14.728 |**********                               66
      14.995 |********                                 52
      15.268 |********                                 55
      15.545 |*******                                  47
      15.828 |********                                 51
      16.115 |***********                              71
      16.408 |*********                                58
      16.706 |**********                               63
      17.010 |**********                               64
      17.319 |*******                                  48
      17.633 |********                                 50
      17.954 |**********                               63
      18.280 |*********                                58
      18.612 |***********                              73
      18.950 |**********                               66
      19.295 |***********                              73
      19.645 |*********                                56
      20.002 |********                                 53
      20.366 |************                             81
      20.736 |************                             76
      21.112 |**********                               67
      21.496 |*********                                57
      21.886 |**********                               66
      22.284 |**********                               69
      22.689 |************                             80
      23.101 |************                             81
      23.521 |**********                               69
      23.948 |************                             78
      24.384 |************                             81
      24.827 |***********                              71
      25.278 |************                             81
      25.737 |************                             76
      26.205 |*************                            88
      26.681 |************                             76
      27.165 |**************                           89
      27.659 |**********                               66
      28.162 |***********                              75
      28.673 |************                             82
      29.194 |*************                            85
      29.725 |************                             80
      30.265 |*************                            85
      30.815 |***************                          100
      31.375 |*************                            87
      31.945 |*************                            88
      32.525 |**************                           95
      33.116 |****************                         106
      33.718 |****************                         105
      34.330 |*************                            86
      34.954 |**********                               68
      35.589 |**************                           90
      36.236 |***********                              74
      36.894 |************                             82
      37.565 |*************                            87
      38.247 |*************                            84
      38.942 |************                             81
      39.650 |*************                            83
      40.370 |*************                            86
      41.104 |*************                            83
      41.851 |************                             78
      42.611 |*************                            84
      43.385 |*************                            86
      44.173 |************                             82
      44.976 |************                             77
      45.793 |**********                               69
      46.625 |***********                              71
      47.472 |**********                               64
      48.335 |***********                              70
      49.213 |**********                               69
      50.107 |**********                               67
      51.018 |**********                               66
      51.945 |*********                                60
      52.889 |*********                                59
      53.850 |**********                               66
      54.828 |************                             81
      55.824 |***********                              74
      56.839 |**********                               65
      57.871 |*********                                57
      58.923 |**********                               68
      59.993 |********                                 53
      61.083 |*************                            85
      62.193 |**********                               64
      63.323 |************                             81
      64.474 |************                             77
      65.645 |***********                              75
      66.838 |*********                                59
      68.053 |**********                               65
      69.289 |*************                            86
      70.548 |***********                              73
      71.830 |**********                               65
      73.135 |***********                              72
      74.464 |*************                            86
      75.817 |************                             78
      77.194 |*************                            84
      78.597 |************                             80
      80.025 |**************                           95
      81.479 |**************                           91
      82.959 |*************                            84
      84.467 |***************                          100
      86.002 |***********                              72
      87.564 |***********                              70
      89.155 |*****************                        111
      90.775 |**************                           93
      92.424 |************                             79
      94.104 |**************                           93
      95.814 |***************                          96
      97.555 |***************                          97
      99.327 |***************                          98
     101.132 |*************                            86
     102.969 |************                             77
     104.840 |************                             76
     106.745 |************                             80
     108.685 |***********                              75
     110.659 |*********                                57
     112.670 |**********                               65
     114.717 |*********                                59
     116.802 |********                                 52
     118.924 |******                                   38
     121.085 |*********                                59
     123.285 |*********                                59
     125.525 |*******                                  46
     127.805 |*********                                58
     130.128 |********                                 54
     132.492 |*********                                60
     134.899 |**********                               65
     137.350 |************                             78
     139.846 |*********                                58
     142.387 |***********                              75
     144.974 |*********                                59
     147.608 |**********                               68
     150.290 |************                             79
     153.021 |*******                                  44
     155.801 |*********                                62
     158.632 |*********                                56
     161.514 |*********                                57
     164.449 |**********                               66
     167.437 |*******                                  48
     170.479 |*********                                60
     173.577 |*******                                  48
     176.731 |*********                                60
     179.942 |***********                              70
     183.211 |******                                   37
     186.540 |*******                                  46
     189.929 |******                                   37
     193.380 |*******                                  45
     196.894 |*****                                    36
     200.472 |*******                                  49
     204.114 |*******                                  47
     207.823 |*****                                    36
     211.599 |*******                                  49
     215.443 |*******                                  47
     219.358 |****                                     26
     223.344 |*****                                    32
     227.402 |*****                                    34
     231.534 |********                                 50
     235.740 |******                                   38
     240.024 |***                                      21
     244.385 |*******                                  43
     248.825 |*****                                    36
     253.346 |*******                                  47
     257.950 |****                                     24
     262.636 |*****                                    33
     267.408 |*******                                  44
     272.267 |*******                                  44
     277.214 |*******                                  45
     282.251 |****                                     24
     287.379 |*****                                    32
     292.601 |***                                      20
     297.917 |****                                     29
     303.330 |***                                      23
     308.842 |****                                     29
     314.453 |***                                      21
     320.167 |****                                     27
     325.984 |****                                     29
     331.907 |******                                   39
     337.938 |*****                                    34
     344.078 |********                                 54
     350.330 |*********                                56
     356.695 |*******                                  46
     363.176 |*******                                  44
     369.775 |******                                   40
     376.494 |*******                                  44
     383.334 |******                                   39
     390.299 |*******                                  48
     397.391 |*******                                  47
     404.611 |*****                                    31
     411.963 |**                                       15
     419.448 |*****                                    34
     427.069 |******                                   41
     434.829 |*****                                    36
     442.730 |******                                   40
     450.774 |****                                     29
     458.964 |***                                      22
     467.304 |******                                   42
     475.794 |*******                                  48
     484.439 |*********                                62
     493.242 |***********                              74
     502.204 |*********                                62
     511.328 |*********                                61
     520.619 |********                                 54
     530.078 |*****                                    31
     539.710 |**********                               69
     549.516 |*********                                60
     559.501 |******                                   39
     569.667 |***                                      23
     580.017 |****                                     25
     590.556 |****                                     29
     601.286 |*******                                  43
     612.211 |*****                                    32
     623.335 |***                                      22
     634.661 |********                                 52
     646.192 |**********                               65
     657.933 |*********                                60
     669.888 |*************                            83
     682.059 |*****************                        115
     694.452 |******************************           200
     707.070 |*********************************        214
     719.917 |*******************************          203
     732.998 |*********************************        214
     746.316 |********************                     133
     759.876 |**********************************       222
     773.683 |****************************             185
     787.741 |***********************                  152
     802.053 |***************************              176
     816.626 |************                             80
     831.464 |********                                 51
     846.572 |*******                                  48
     861.954 |******                                   40
     877.615 |***                                      23
     893.561 |**                                       14
     909.797 |*                                        9
     926.327 |***                                      19
     943.158 |*****                                    30
     960.295 |******                                   40
     977.743 |**********                               63
     995.508 |*****                                    34
    1013.597 |*******                                  46
    1032.013 |*******                                  49
    1050.764 |************                             80
    1069.856 |*******                                  46
    1089.295 |************                             81
    1109.087 |***********                              71
    1129.239 |*******                                  46
    1149.757 |********                                 50
    1170.648 |*****                                    34
    1191.918 |*****                                    35
    1213.575 |****                                     28
    1235.625 |*****                                    30
    1258.076 |****                                     28
    1280.934 |****                                     25
    1304.208 |****                                     27
    1327.905 |***                                      21
    1352.033 |****                                     28
    1376.599 |****                                     29
    1401.611 |*****                                    33
    1427.078 |*****                                    35
    1453.007 |****                                     27
    1479.408 |******                                   42
    1506.288 |*****                                    35
    1533.657 |******                                   37
    1561.523 |****                                     27
    1589.895 |*****                                    35
    1618.783 |****************                         108
    1648.196 |*******************                      127
    1678.143 |****************                         104
    1708.634 |***************                          101
    1739.679 |************************                 156
    1771.289 |********************************         208
    1803.472 |**********                               69
    1836.241 |******                                   39
    1869.605 |*********                                56
    1903.575 |**                                       14
 
SQL statistics:
    queries performed:
        read:                            0
        write:                           29933
        other:                           0
        total:                           29933
    transactions:                        29933  (997.23 per sec.)
    queries:                             29933  (997.23 per sec.)
    ignored errors:                      0      (0.00 per sec.)
    reconnects:                          0      (0.00 per sec.)

General statistics:
    total time:                          30.0157s
    total number of events:              29933

Latency (ms):
         min:                                    0.45
         avg:                                  219.13
         max:                                 1902.63
         95th percentile:                     1191.92
         sum:                              6559290.26

Threads fairness:
    events (avg/stddev):           935.4062/6.85
    execution time (avg/stddev):   204.9778/3.15


