sysbench 1.0.20 (using system LuaJIT 2.1.0-beta3)

Running the test with following options:
Number of threads: 32
Target transaction rate: 300/sec
Initializing random number generator from current time


Initializing worker threads...

Threads started!

Latency histogram (values are in milliseconds)
       value  ------------- distribution ------------- count
       1.142 |                                         3
       1.163 |*                                        9
       1.184 |*                                        12
       1.205 |****                                     44
       1.227 |*********                                94
       1.250 |************                             135
       1.272 |****************                         179
       1.295 |**********************                   242
       1.319 |**************************               290
       1.343 |**************************               286
       1.367 |*****************************            315
       1.392 |***************************              294
       1.417 |****************************             308
       1.443 |****************************             312
       1.469 |*****************************            321
       1.496 |******************************           335
       1.523 |****************************             313
       1.551 |*****************************            320
       1.579 |************************************     398
       1.608 |***********************************      389
       1.637 |*************************************    414
       1.667 |***************************************  435
       1.697 |**************************************** 442
       1.728 |***********************************      385
       1.759 |************************************     400
       1.791 |**********************************       371
       1.824 |******************************           333
       1.857 |****************************             305
       1.891 |**********************                   247
       1.925 |*******************                      211
       1.960 |*****************                        193
       1.996 |***************                          165
       2.032 |************                             130
       2.069 |**********                               107
       2.106 |********                                 88
       2.145 |*****                                    59
       2.184 |******                                   61
       2.223 |***                                      34
       2.264 |***                                      29
       2.305 |**                                       21
       2.347 |*                                        15
       2.389 |*                                        9
       2.433 |*                                        8
       2.477 |                                         3
       2.522 |*                                        8
       2.568 |                                         3
       2.615 |                                         2
       2.710 |                                         1
       2.760 |                                         1
       2.810 |                                         1
       2.861 |                                         1
       2.913 |                                         1
       2.966 |                                         1
       3.075 |                                         1
       3.488 |                                         2
       3.748 |                                         1
       6.790 |                                         1
 
SQL statistics:
    queries performed:
        read:                            127232
        write:                           0
        other:                           18176
        total:                           145408
    transactions:                        9088   (302.77 per sec.)
    queries:                             145408 (4844.34 per sec.)
    ignored errors:                      0      (0.00 per sec.)
    reconnects:                          0      (0.00 per sec.)

General statistics:
    total time:                          30.0150s
    total number of events:              9088

Latency (ms):
         min:                                    1.14
         avg:                                    1.63
         max:                                    6.81
         95th percentile:                        2.07
         sum:                                14814.38

Threads fairness:
    events (avg/stddev):           284.0000/1.60
    execution time (avg/stddev):   0.4629/0.01


