sysbench 1.0.20 (using system LuaJIT 2.1.0-beta3)

Running the test with following options:
Number of threads: 32
Target transaction rate: 1000/sec
Initializing random number generator from current time


Initializing worker threads...

Threads started!

Latency histogram (values are in milliseconds)
       value  ------------- distribution ------------- count
       0.536 |                                         1
       0.546 |                                         1
       0.556 |                                         3
       0.566 |                                         8
       0.576 |*                                        14
       0.587 |*                                        21
       0.597 |**                                       42
       0.608 |**                                       45
       0.619 |***                                      69
       0.630 |*****                                    109
       0.642 |*****                                    122
       0.654 |******                                   145
       0.665 |******                                   135
       0.677 |********                                 174
       0.690 |*********                                212
       0.702 |************                             268
       0.715 |***************                          343
       0.728 |****************                         371
       0.741 |******************                       415
       0.755 |************************                 551
       0.768 |***********************                  523
       0.782 |*****************************            647
       0.797 |*******************************          708
       0.811 |********************************         710
       0.826 |************************************     816
       0.841 |************************************     818
       0.856 |**************************************   851
       0.872 |**************************************** 901
       0.888 |**************************************   848
       0.904 |***************************************  872
       0.920 |***************************************  882
       0.937 |**************************************   851
       0.954 |*************************************    828
       0.971 |************************************     809
       0.989 |*************************************    842
       1.007 |***********************************      784
       1.025 |**********************************       774
       1.044 |********************************         719
       1.063 |*********************************        733
       1.082 |*********************************        752
       1.102 |******************************           675
       1.122 |*****************************            650
       1.142 |*************************                554
       1.163 |*************************                554
       1.184 |************************                 532
       1.205 |**********************                   491
       1.227 |*********************                    464
       1.250 |**********************                   486
       1.272 |********************                     444
       1.295 |*****************                        393
       1.319 |*****************                        387
       1.343 |***************                          340
       1.367 |****************                         358
       1.392 |**************                           309
       1.417 |************                             277
       1.443 |**********                               219
       1.469 |***********                              242
       1.496 |*********                                203
       1.523 |********                                 188
       1.551 |********                                 191
       1.579 |*******                                  168
       1.608 |********                                 172
       1.637 |******                                   140
       1.667 |******                                   128
       1.697 |*****                                    119
       1.728 |******                                   130
       1.759 |******                                   127
       1.791 |****                                     96
       1.824 |****                                     94
       1.857 |***                                      77
       1.891 |****                                     92
       1.925 |****                                     79
       1.960 |***                                      59
       1.996 |***                                      78
       2.032 |***                                      77
       2.069 |***                                      60
       2.106 |***                                      75
       2.145 |***                                      58
       2.184 |**                                       56
       2.223 |***                                      57
       2.264 |**                                       49
       2.305 |**                                       53
       2.347 |**                                       46
       2.389 |**                                       36
       2.433 |**                                       43
       2.477 |**                                       49
       2.522 |**                                       44
       2.568 |**                                       43
       2.615 |**                                       41
       2.662 |**                                       42
       2.710 |**                                       39
       2.760 |**                                       43
       2.810 |**                                       48
       2.861 |**                                       40
       2.913 |**                                       37
       2.966 |**                                       36
       3.020 |**                                       39
       3.075 |*                                        31
       3.130 |**                                       42
       3.187 |**                                       35
       3.245 |**                                       36
       3.304 |*                                        28
       3.364 |*                                        25
       3.425 |*                                        29
       3.488 |**                                       34
       3.551 |*                                        24
       3.615 |*                                        22
       3.681 |*                                        24
       3.748 |*                                        19
       3.816 |*                                        24
       3.885 |*                                        22
       3.956 |*                                        19
       4.028 |*                                        20
       4.101 |*                                        16
       4.176 |*                                        20
       4.252 |*                                        15
       4.329 |                                         11
       4.407 |*                                        16
       4.487 |                                         10
       4.569 |                                         3
       4.652 |*                                        12
       4.737 |                                         6
       4.823 |                                         8
       4.910 |                                         10
       4.999 |                                         6
       5.090 |                                         10
       5.183 |                                         9
       5.277 |                                         7
       5.373 |                                         8
       5.470 |                                         11
       5.570 |                                         7
       5.671 |                                         4
       5.774 |                                         8
       5.879 |                                         6
       5.986 |                                         3
       6.095 |                                         9
       6.205 |                                         6
       6.318 |                                         4
       6.433 |                                         6
       6.550 |                                         7
       6.669 |                                         2
       6.790 |                                         3
       6.913 |                                         2
       7.039 |                                         7
       7.167 |                                         2
       7.297 |                                         1
       7.430 |                                         4
       7.565 |                                         2
       7.702 |                                         3
       7.842 |                                         2
       7.985 |                                         3
       8.130 |                                         3
       8.277 |                                         2
       8.428 |                                         1
       8.581 |                                         1
       8.737 |                                         2
       8.895 |                                         2
       9.389 |                                         2
       9.734 |                                         2
      10.090 |                                         1
      10.274 |                                         1
 
SQL statistics:
    queries performed:
        read:                            0
        write:                           30064
        other:                           0
        total:                           30064
    transactions:                        30064  (1001.51 per sec.)
    queries:                             30064  (1001.51 per sec.)
    ignored errors:                      0      (0.00 per sec.)
    reconnects:                          0      (0.00 per sec.)

General statistics:
    total time:                          30.0182s
    total number of events:              30064

Latency (ms):
         min:                                    0.54
         avg:                                    1.17
         max:                                   10.29
         95th percentile:                        2.22
         sum:                                35117.72

Threads fairness:
    events (avg/stddev):           939.5000/5.52
    execution time (avg/stddev):   1.0974/0.02


