sysbench 1.0.20 (using system LuaJIT 2.1.0-beta3)

Running the test with following options:
Number of threads: 32
Target transaction rate: 1000/sec
Initializing random number generator from current time


Initializing worker threads...

Threads started!

Latency histogram (values are in milliseconds)
       value  ------------- distribution ------------- count
       0.536 |                                         1
       0.546 |                                         2
       0.556 |                                         5
       0.566 |                                         11
       0.576 |*                                        32
       0.587 |**                                       43
       0.597 |**                                       58
       0.608 |****                                     93
       0.619 |*****                                    131
       0.630 |*****                                    132
       0.642 |********                                 209
       0.654 |*******                                  196
       0.665 |**********                               253
       0.677 |***********                              275
       0.690 |***********                              300
       0.702 |****************                         416
       0.715 |******************                       481
       0.728 |************************                 635
       0.741 |**************************               680
       0.755 |*****************************            752
       0.768 |**********************************       896
       0.782 |***********************************      926
       0.797 |**********************************       902
       0.811 |**************************************   985
       0.826 |**************************************** 1046
       0.841 |***************************************  1027
       0.856 |**************************************** 1034
       0.872 |***************************************  1026
       0.888 |**************************************   983
       0.904 |***************************************  1018
       0.920 |***************************************  1024
       0.937 |************************************     938
       0.954 |*************************************    957
       0.971 |**********************************       881
       0.989 |*******************************          799
       1.007 |******************************           797
       1.025 |*****************************            756
       1.044 |***************************              698
       1.063 |*************************                641
       1.082 |***********************                  601
       1.102 |**********************                   582
       1.122 |*********************                    541
       1.142 |******************                       483
       1.163 |******************                       459
       1.184 |*****************                        450
       1.205 |***************                          380
       1.227 |*************                            335
       1.250 |***********                              297
       1.272 |***********                              280
       1.295 |***********                              285
       1.319 |*********                                246
       1.343 |********                                 203
       1.367 |********                                 199
       1.392 |*******                                  173
       1.417 |******                                   159
       1.443 |******                                   149
       1.469 |******                                   154
       1.496 |*****                                    118
       1.523 |****                                     111
       1.551 |*****                                    120
       1.579 |****                                     115
       1.608 |***                                      78
       1.637 |***                                      78
       1.667 |**                                       57
       1.697 |***                                      68
       1.728 |***                                      74
       1.759 |**                                       46
       1.791 |**                                       50
       1.824 |**                                       45
       1.857 |**                                       48
       1.891 |**                                       55
       1.925 |**                                       41
       1.960 |*                                        35
       1.996 |**                                       45
       2.032 |*                                        23
       2.069 |*                                        34
       2.106 |*                                        27
       2.145 |*                                        28
       2.184 |*                                        21
       2.223 |*                                        21
       2.264 |*                                        26
       2.305 |*                                        23
       2.347 |*                                        21
       2.389 |*                                        28
       2.433 |*                                        21
       2.477 |*                                        18
       2.522 |*                                        17
       2.568 |*                                        31
       2.615 |*                                        28
       2.662 |*                                        16
       2.710 |*                                        19
       2.760 |*                                        17
       2.810 |*                                        26
       2.861 |*                                        21
       2.913 |*                                        24
       2.966 |*                                        16
       3.020 |*                                        24
       3.075 |*                                        20
       3.130 |*                                        21
       3.187 |*                                        15
       3.245 |*                                        19
       3.304 |                                         8
       3.364 |*                                        16
       3.425 |                                         11
       3.488 |                                         7
       3.551 |                                         12
       3.615 |                                         5
       3.681 |                                         5
       3.748 |                                         4
       3.816 |                                         7
       3.885 |                                         6
       3.956 |                                         8
       4.028 |                                         8
       4.101 |                                         2
       4.176 |                                         5
       4.252 |                                         6
       4.329 |                                         3
       4.407 |                                         3
       4.487 |                                         4
       4.569 |                                         2
       4.652 |                                         4
       4.737 |                                         3
       4.823 |                                         2
       4.910 |                                         1
       4.999 |                                         2
       5.090 |                                         1
       5.183 |                                         7
       5.277 |                                         1
       5.373 |                                         3
       5.470 |                                         2
       5.570 |                                         3
       5.671 |                                         2
       5.774 |                                         5
       5.879 |                                         2
       5.986 |                                         3
       6.095 |                                         4
       6.205 |                                         4
       6.318 |                                         5
       6.433 |                                         4
       6.550 |                                         2
       6.790 |                                         3
       6.913 |                                         3
       7.039 |                                         4
       7.167 |                                         1
       7.430 |                                         1
       7.565 |                                         1
       7.842 |                                         2
       8.130 |                                         1
       8.428 |                                         1
       8.581 |                                         1
       8.737 |                                         1
       9.057 |                                         1
       9.560 |                                         1
      10.460 |                                         2
 
SQL statistics:
    queries performed:
        read:                            0
        write:                           30009
        other:                           0
        total:                           30009
    transactions:                        30009  (999.75 per sec.)
    queries:                             30009  (999.75 per sec.)
    ignored errors:                      0      (0.00 per sec.)
    reconnects:                          0      (0.00 per sec.)

General statistics:
    total time:                          30.0161s
    total number of events:              30009

Latency (ms):
         min:                                    0.54
         avg:                                    1.02
         max:                                   10.44
         95th percentile:                        1.61
         sum:                                30669.04

Threads fairness:
    events (avg/stddev):           937.7812/5.76
    execution time (avg/stddev):   0.9584/0.01


