sysbench 1.0.20 (using system LuaJIT 2.1.0-beta3)

Running the test with following options:
Number of threads: 32
Target transaction rate: 1000/sec
Initializing random number generator from current time


Initializing worker threads...

Threads started!

Latency histogram (values are in milliseconds)
       value  ------------- distribution ------------- count
       0.576 |                                         1
       0.587 |                                         5
       0.597 |                                         3
       0.608 |*                                        13
       0.619 |**                                       33
       0.630 |***                                      41
       0.642 |******                                   78
       0.654 |*****                                    67
       0.665 |******                                   85
       0.677 |******                                   91
       0.690 |********                                 108
       0.702 |*********                                121
       0.715 |***********                              149
       0.728 |************                             170
       0.741 |***************                          212
       0.755 |******************                       256
       0.768 |*******************                      273
       0.782 |***********************                  329
       0.797 |*************************                353
       0.811 |****************************             388
       0.826 |****************************             399
       0.841 |*****************************            414
       0.856 |*******************************          439
       0.872 |*********************************        457
       0.888 |********************************         449
       0.904 |*********************************        461
       0.920 |***********************************      496
       0.937 |************************************     506
       0.954 |***********************************      487
       0.971 |*********************************        463
       0.989 |********************************         446
       1.007 |************************************     499
       1.025 |**********************************       477
       1.044 |**************************************   533
       1.063 |***************************************  546
       1.082 |**************************************   528
       1.102 |**************************************** 562
       1.122 |***********************************      494
       1.142 |*********************************        461
       1.163 |*********************************        459
       1.184 |*********************************        470
       1.205 |******************************           422
       1.227 |******************************           426
       1.250 |*****************************            406
       1.272 |****************************             397
       1.295 |***************************              382
       1.319 |***********************                  330
       1.343 |**********************                   316
       1.367 |**********************                   308
       1.392 |*********************                    290
       1.417 |*******************                      264
       1.443 |****************                         231
       1.469 |***************                          206
       1.496 |***************                          211
       1.523 |*************                            176
       1.551 |************                             174
       1.579 |*************                            178
       1.608 |***********                              156
       1.637 |*********                                128
       1.667 |*********                                130
       1.697 |********                                 111
       1.728 |*******                                  96
       1.759 |******                                   81
       1.791 |******                                   88
       1.824 |******                                   82
       1.857 |******                                   80
       1.891 |****                                     63
       1.925 |*****                                    67
       1.960 |*****                                    65
       1.996 |****                                     54
       2.032 |***                                      38
       2.069 |***                                      43
       2.106 |****                                     52
       2.145 |***                                      37
       2.184 |***                                      42
       2.223 |**                                       34
       2.264 |**                                       28
       2.305 |**                                       27
       2.347 |**                                       22
       2.389 |**                                       24
       2.433 |*                                        20
       2.477 |**                                       27
       2.522 |*                                        19
       2.568 |*                                        15
       2.615 |**                                       23
       2.662 |*                                        14
       2.710 |*                                        18
       2.760 |*                                        11
       2.810 |*                                        11
       2.861 |*                                        9
       2.913 |*                                        11
       2.966 |*                                        14
       3.020 |*                                        14
       3.075 |*                                        21
       3.130 |                                         7
       3.187 |**                                       22
       3.245 |**                                       23
       3.304 |*                                        15
       3.364 |*                                        15
       3.425 |*                                        14
       3.488 |**                                       22
       3.551 |**                                       22
       3.615 |*                                        20
       3.681 |*                                        9
       3.748 |*                                        14
       3.816 |*                                        13
       3.885 |*                                        16
       3.956 |*                                        17
       4.028 |*                                        12
       4.101 |*                                        8
       4.176 |*                                        12
       4.252 |*                                        10
       4.329 |*                                        9
       4.407 |                                         4
       4.487 |*                                        8
       4.569 |*                                        10
       4.652 |*                                        9
       4.737 |                                         6
       4.823 |                                         4
       4.910 |                                         6
       4.999 |                                         3
       5.090 |                                         7
       5.183 |                                         1
       5.277 |                                         5
       5.373 |                                         3
       5.470 |                                         2
       5.570 |                                         5
       5.671 |                                         3
       5.774 |                                         3
       5.879 |                                         2
       5.986 |                                         1
       6.095 |                                         3
       6.205 |                                         2
       6.318 |                                         4
       6.433 |                                         3
       6.669 |                                         2
       6.790 |                                         1
       6.913 |                                         3
       7.039 |                                         2
       7.167 |                                         2
       7.565 |                                         1
       8.130 |                                         1
       8.737 |                                         2
       8.895 |                                         1
       9.560 |                                         1
       9.734 |                                         1
       9.910 |                                         1
 
SQL statistics:
    queries performed:
        read:                            0
        write:                           19706
        other:                           0
        total:                           19706
    transactions:                        19706  (984.33 per sec.)
    queries:                             19706  (984.33 per sec.)
    ignored errors:                      0      (0.00 per sec.)
    reconnects:                          0      (0.00 per sec.)

General statistics:
    total time:                          20.0192s
    total number of events:              19706

Latency (ms):
         min:                                    0.58
         avg:                                    1.20
         max:                                    9.97
         95th percentile:                        2.00
         sum:                                23612.54

Threads fairness:
    events (avg/stddev):           615.8125/4.03
    execution time (avg/stddev):   0.7379/0.01


