1791640470.203 2 8.316
1791640470.216 4 8.422
1791640470.237 7 8.466
1791640470.257 10 8.241
1791640470.271 12 8.136
1791640470.291 15 8.185
1791640470.312 18 8.342
1791640470.325 20 8.165
1791640470.346 23 8.506
1791640470.367 26 8.218
1791640470.380 28 8.076
1791640470.401 31 8.221
1791640470.421 34 8.130
1791640470.435 36 8.220
1791640470.456 39 8.359
1791640470.476 42 8.104
1791640470.489 44 8.045
1791640470.510 47 8.190
1791640470.530 50 8.153
1791640470.544 52 8.111
1791640470.565 55 8.096
1791640470.585 58 8.202
1791640470.599 60 8.144
1791640470.619 63 8.155
1791640470.640 66 8.107
1791640470.654 68 8.134
1791640470.674 71 8.155
1791640470.695 74 8.294
1791640470.708 76 8.111
1791640470.729 79 8.141
1791640470.749 82 8.208
1791640470.763 84 8.111
1791640470.783 87 8.139
1791640470.804 90 8.105
1791640470.818 92 8.166
1791640470.838 95 8.100
1791640470.859 98 8.153
1791640470.872 100 8.159
1791640470.893 103 8.291
1791640470.913 106 8.224
1791640470.927 108 8.201
1791640470.948 111 8.260
1791640470.968 114 8.442
1791640470.982 116 8.469
1791640471.002 119 8.333
1791640471.023 122 8.475
1791640471.036 124 8.193
1791640471.057 127 8.151
1791640471.077 130 8.271
1791640471.091 132 8.158
1791640471.112 135 8.265
1791640471.132 138 8.164
1791640471.146 140 8.243
1791640471.166 143 8.215
1791640471.187 146 8.116
1791640471.200 148 8.130
1791640471.221 151 8.167
1791640471.241 154 8.211
1791640471.255 156 8.160
1791640471.276 159 8.129
1791640471.296 162 8.333
1791640471.310 164 8.138
1791640471.330 167 8.165
1791640471.351 170 8.188
1791640471.365 172 8.174
1791640471.385 175 8.289
1791640471.406 178 8.268
1791640471.419 180 8.082
1791640471.440 183 8.151
1791640471.460 186 8.216
1791640471.474 188 8.259
1791640471.494 191 8.140
1791640471.515 194 8.114
1791640471.529 196 8.179
1791640471.549 199 8.136
1791640471.570 202 8.111
1791640471.583 204 8.076
1791640471.604 207 8.290
1791640471.624 210 8.056
1791640471.638 212 8.179
1791640471.658 215 8.202
1791640471.679 218 8.176
1791640471.693 220 8.168
1791640471.713 223 8.394
1791640471.734 226 8.416
1791640471.747 228 8.229
1791640471.768 231 8.156
1791640471.788 234 8.054
1791640471.802 236 8.066
1791640471.823 239 8.167
1791640471.843 242 8.281
1791640471.857 244 8.230
1791640471.877 247 8.250
1791640471.898 250 8.156
1791640471.912 252 8.298
1791640471.932 255 8.181
1791640471.953 258 8.348
1791640471.966 260 8.174
1791640471.987 263 8.254
1791640472.007 266 8.249
1791640472.021 268 8.122
1791640472.041 271 8.171
1791640472.062 274 8.231
1791640472.075 276 8.135
1791640472.096 279 8.274
1791640472.117 282 8.345
1791640472.130 284 8.316
1791640472.151 287 8.264
1791640472.171 290 8.326
1791640472.185 292 8.237
1791640472.205 295 8.197
1791640472.226 298 8.131
1791640472.240 300 8.325
1791640472.260 303 8.312
1791640472.280 306 8.118
1791640472.294 308 8.054
1791640472.315 311 8.008
1791640472.335 314 8.061
1791640472.349 316 8.244
1791640472.369 319 8.087
1791640472.390 322 8.108
1791640472.403 324 8.071
1791640472.424 327 8.155
1791640472.445 330 8.154
1791640472.458 332 8.257
1791640472.479 335 8.124
1791640472.499 338 8.109
1791640472.513 340 8.145
1791640472.534 343 8.354
1791640472.554 346 8.184
1791640472.568 348 8.096
1791640472.588 351 8.239
1791640472.609 354 8.149
1791640472.622 356 8.113
1791640472.643 359 8.128
1791640472.663 362 8.142
1791640472.677 364 8.167
1791640472.698 367 8.205
1791640472.718 370 8.194
1791640472.732 372 8.184
1791640472.752 375 8.255
1791640472.773 378 8.302
1791640472.786 380 8.165
1791640472.807 383 8.156
1791640472.827 386 8.189
1791640472.841 388 8.199
1791640472.862 391 8.318
1791640472.882 394 8.122
1791640472.896 396 8.080
1791640472.916 399 8.058
1791640472.937 402 8.108
1791640472.950 404 8.040
1791640472.971 407 8.179
1791640472.991 410 8.017
1791640473.005 412 8.079
1791640473.026 415 8.190
1791640473.046 418 8.126
1791640473.060 420 8.105
1791640473.080 423 8.165
1791640473.101 426 8.120
1791640473.114 428 8.095
1791640473.135 431 8.132
1791640473.156 434 8.155
1791640473.169 436 8.111
1791640473.190 439 8.185
1791640473.210 442 8.157
1791640473.224 444 8.253
1791640473.244 447 8.163
1791640473.265 450 8.106
1791640473.279 452 8.247
1791640473.299 455 8.067
1791640473.320 458 8.147
1791640473.333 460 8.212
1791640473.354 463 8.190
1791640473.374 466 8.334
1791640473.388 468 8.113
1791640473.408 471 8.053
1791640473.429 474 8.110
1791640473.443 476 8.080
1791640473.463 479 8.209
1791640473.484 482 8.526
1791640473.497 484 8.129
1791640473.518 487 8.179
1791640473.538 490 8.165
1791640473.552 492 8.281
1791640473.573 495 8.161
1791640473.593 498 8.470
1791640473.607 500 8.301
1791640473.627 503 8.225
1791640473.648 506 8.290
1791640473.661 508 8.139
1791640473.682 511 8.113
1791640473.702 514 8.131
1791640473.716 516 8.097
1791640473.737 519 8.101
1791640473.757 522 8.134
1791640473.771 524 8.149
1791640473.791 527 8.174
1791640473.812 530 8.549
1791640473.825 532 8.161
1791640473.846 535 8.127
1791640473.867 538 8.261
1791640473.880 540 8.093
1791640473.901 543 8.003
1791640473.921 546 8.270
1791640473.935 548 8.140
1791640473.955 551 8.195
1791640473.976 554 8.036
1791640473.990 556 8.118
1791640474.010 559 8.304
1791640474.031 562 8.152
1791640474.044 564 8.091
1791640474.065 567 8.091
1791640474.085 570 8.051
1791640474.099 572 8.106
1791640474.119 575 8.157
1791640474.140 578 8.086
1791640474.154 580 8.116
1791640474.174 583 8.206
1791640474.195 586 8.387
1791640474.209 588 8.346
1791640474.229 591 8.358
1791640474.249 594 8.357
1791640474.263 596 8.174
1791640474.283 599 8.110
1791640474.304 602 8.308
1791640474.318 604 8.250
1791640474.338 607 8.122
1791640474.359 610 8.264
1791640474.372 612 8.197
1791640474.393 615 8.201
1791640474.413 618 8.169
1791640474.427 620 8.141
1791640474.448 623 8.203
1791640474.468 626 8.205
1791640474.482 628 8.158
1791640474.502 631 8.016
1791640474.523 634 8.121
1791640474.536 636 8.101
1791640474.557 639 8.104
1791640474.577 642 8.137
1791640474.591 644 8.239
1791640474.612 647 8.314
1791640474.632 650 8.217
1791640474.646 652 8.144
1791640474.666 655 8.065
1791640474.687 658 8.199
1791640474.701 660 8.187
1791640474.721 663 8.061
1791640474.741 666 8.122
1791640474.755 668 8.171
1791640474.776 671 8.273
1791640474.796 674 8.115
1791640474.810 676 8.259
1791640474.832 679 9.838
1791640474.851 682 8.363
1791640474.865 684 8.250
1791640474.885 687 8.209
1791640474.906 690 8.201
1791640474.919 692 8.290
1791640474.940 695 8.151
1791640474.960 698 8.180
1791640474.974 700 8.242
1791640474.995 703 8.311
1791640475.015 706 8.276
1791640475.029 708 8.128
1791640475.049 711 8.288
1791640475.070 714 8.217
1791640475.083 716 8.142
1791640475.104 719 8.134
1791640475.124 722 8.241
1791640475.138 724 8.151
1791640475.159 727 8.218
1791640475.179 730 8.443
1791640475.193 732 8.196
1791640475.213 735 7.995
1791640475.234 738 8.112
1791640475.247 740 8.156
1791640475.268 743 8.229
1791640475.288 746 8.176
1791640475.302 748 8.127
1791640475.323 751 8.123
1791640475.343 754 8.141
1791640475.357 756 8.257
1791640475.377 759 8.071
1791640475.398 762 8.183
1791640475.412 764 8.232
1791640475.432 767 8.149
1791640475.453 770 8.246
1791640475.466 772 8.286
1791640475.487 775 8.216
1791640475.507 778 8.351
1791640475.521 780 8.145
1791640475.541 783 8.248
1791640475.562 786 8.123
1791640475.575 788 8.064
1791640475.596 791 8.159
1791640475.617 794 8.181
1791640475.630 796 8.293
1791640475.651 799 8.181
1791640475.671 802 8.162
1791640475.685 804 8.225
1791640475.705 807 8.138
1791640475.726 810 8.196
1791640475.740 812 8.139
1791640475.760 815 8.215
1791640475.781 818 8.136
1791640475.794 820 8.176
1791640475.815 823 8.183
1791640475.835 826 8.312
1791640475.849 828 8.161
1791640475.869 831 8.153
1791640475.890 834 8.294
1791640475.904 836 8.104
1791640475.924 839 8.175
1791640475.945 842 8.592
1791640475.958 844 8.085
1791640475.979 847 8.112
1791640475.999 850 8.035
1791640476.013 852 8.196
1791640476.034 855 8.164
1791640476.054 858 8.090
1791640476.068 860 8.138
1791640476.088 863 8.069
1791640476.109 866 8.131
1791640476.122 868 8.207
1791640476.143 871 8.114
1791640476.163 874 8.144
1791640476.177 876 8.106
1791640476.198 879 8.105
1791640476.218 882 8.094
1791640476.232 884 8.098
1791640476.252 887 8.172
1791640476.273 890 8.138
1791640476.286 892 8.069
1791640476.307 895 8.160
1791640476.327 898 8.096
1791640476.341 900 8.049
1791640476.362 903 8.235
1791640476.382 906 8.113
1791640476.396 908 8.132
1791640476.416 911 8.076
1791640476.437 914 8.067
1791640476.451 916 8.118
1791640476.471 919 8.026
1791640476.492 922 8.266
1791640476.505 924 8.095
1791640476.526 927 8.138
1791640476.546 930 8.220
1791640476.560 932 8.147
1791640476.580 935 8.103
1791640476.601 938 8.119
1791640476.615 940 8.287
1791640476.635 943 8.179
1791640476.656 946 8.230
1791640476.669 948 8.252
1791640476.690 951 8.089
1791640476.710 954 8.185
1791640476.724 956 8.151
1791640476.744 959 8.053
1791640476.765 962 8.127
1791640476.779 964 8.170
1791640476.799 967 8.065
1791640476.820 970 8.168
1791640476.833 972 7.980
1791640476.854 975 8.158
1791640476.874 978 8.125
1791640476.888 980 8.068
1791640476.909 983 8.137
1791640476.929 986 8.262
1791640476.943 988 8.081
1791640476.963 991 8.030
1791640476.984 994 8.099
1791640476.997 996 8.114
1791640477.018 999 8.130
1791640477.038 1002 8.135
1791640477.052 1004 8.050
1791640477.073 1007 8.197
1791640477.093 1010 8.055
1791640477.107 1012 8.026
1791640477.127 1015 8.109
1791640477.148 1018 8.041
1791640477.161 1020 8.115
1791640477.182 1023 8.266
1791640477.202 1026 8.053
1791640477.216 1028 8.042
1791640477.237 1031 8.120
1791640477.257 1034 8.167
1791640477.271 1036 8.081
1791640477.291 1039 8.097
1791640477.312 1042 8.211
1791640477.325 1044 8.064
1791640477.346 1047 8.126
1791640477.367 1050 8.269
1791640477.380 1052 8.117
1791640477.401 1055 8.018
1791640477.421 1058 8.001
1791640477.435 1060 8.119
1791640477.455 1063 8.173
1791640477.476 1066 8.175
1791640477.489 1068 7.990
1791640477.510 1071 8.024
1791640477.531 1074 8.117
1791640477.544 1076 8.220
1791640477.565 1079 8.166
1791640477.585 1082 8.269
1791640477.599 1084 8.113
1791640477.620 1087 8.322
1791640477.640 1090 8.221
1791640477.654 1092 8.189
1791640477.674 1095 8.115
1791640477.695 1098 8.167
1791640477.708 1100 8.135
1791640477.729 1103 8.197
1791640477.749 1106 8.237
1791640477.763 1108 8.147
1791640477.784 1111 8.100
1791640477.804 1114 8.171
1791640477.818 1116 8.132
1791640477.838 1119 8.160
1791640477.859 1122 8.261
1791640477.872 1124 8.182
1791640477.893 1127 8.244
1791640477.913 1130 8.155
1791640477.927 1132 8.203
1791640477.948 1135 8.158
1791640477.968 1138 8.310
1791640477.982 1140 8.158
1791640478.002 1143 8.269
1791640478.023 1146 8.104
