sysbench 1.0.20 (using system LuaJIT 2.1.0-beta3)

Running the test with following options:
Number of threads: 32
Target transaction rate: 1000/sec
Initializing random number generator from current time


Initializing worker threads...

Threads started!

Latency histogram (values are in milliseconds)
       value  ------------- distribution ------------- count
       0.432 |                                         1
       0.440 |                                         1
       0.448 |                                         5
       0.456 |                                         7
       0.464 |*                                        18
       0.473 |**                                       39
       0.481 |***                                      61
       0.490 |*****                                    82
       0.499 |******                                   101
       0.508 |*******                                  130
       0.517 |*********                                150
       0.527 |**********                               167
       0.536 |**********                               183
       0.546 |************                             214
       0.556 |***************                          264
       0.566 |****************                         286
       0.576 |*****************                        306
       0.587 |*************************                435
       0.597 |***************************              474
       0.608 |*****************************            513
       0.619 |******************************           535
       0.630 |**********************************       601
       0.642 |***********************************      617
       0.654 |************************************     641
       0.665 |**************************************   675
       0.677 |**************************************** 703
       0.690 |************************************     625
       0.702 |**************************************   661
       0.715 |************************************     629
       0.728 |**********************************       595
       0.741 |************************************     630
       0.755 |*********************************        584
       0.768 |********************************         557
       0.782 |********************************         567
       0.797 |********************************         570
       0.811 |*******************************          541
       0.826 |*******************************          547
       0.841 |**************************               454
       0.856 |**************************               462
       0.872 |***********************                  408
       0.888 |*************************                438
       0.904 |***********************                  405
       0.920 |**********************                   385
       0.937 |*******************                      340
       0.954 |******************                       320
       0.971 |****************                         281
       0.989 |*************                            236
       1.007 |**************                           238
       1.025 |***************                          259
       1.044 |**************                           238
       1.063 |***********                              196
       1.082 |**********                               178
       1.102 |**********                               178
       1.122 |**********                               174
       1.142 |**********                               176
       1.163 |*********                                153
       1.184 |********                                 142
       1.205 |*********                                150
       1.227 |*********                                161
       1.250 |**********                               173
       1.272 |*********                                160
       1.295 |*********                                159
       1.319 |********                                 143
       1.343 |*********                                153
       1.367 |**********                               170
       1.392 |*********                                156
       1.417 |**********                               172
       1.443 |**********                               171
       1.469 |********                                 138
       1.496 |**********                               172
       1.523 |**********                               167
       1.551 |********                                 147
       1.579 |*********                                155
       1.608 |**********                               182
       1.637 |*********                                163
       1.667 |********                                 149
       1.697 |*******                                  131
       1.728 |******                                   110
       1.759 |*******                                  116
       1.791 |*******                                  131
       1.824 |******                                   100
       1.857 |******                                   103
       1.891 |*****                                    82
       1.925 |*****                                    96
       1.960 |*****                                    86
       1.996 |*****                                    82
       2.032 |****                                     65
       2.069 |***                                      52
       2.106 |***                                      47
       2.145 |***                                      47
       2.184 |****                                     66
       2.223 |***                                      46
       2.264 |***                                      44
       2.305 |**                                       42
       2.347 |***                                      51
       2.389 |**                                       36
       2.433 |***                                      50
       2.477 |***                                      44
       2.522 |**                                       38
       2.568 |***                                      44
       2.615 |***                                      47
       2.662 |**                                       42
       2.710 |**                                       34
       2.760 |**                                       33
       2.810 |**                                       38
       2.861 |**                                       40
       2.913 |**                                       31
       2.966 |**                                       33
       3.020 |*                                        23
       3.075 |*                                        26
       3.130 |***                                      47
       3.187 |**                                       39
       3.245 |*                                        26
       3.304 |**                                       28
       3.364 |**                                       33
       3.425 |**                                       29
       3.488 |**                                       30
       3.551 |**                                       33
       3.615 |**                                       37
       3.681 |**                                       32
       3.748 |*                                        25
       3.816 |**                                       41
       3.885 |**                                       31
       3.956 |**                                       30
       4.028 |**                                       31
       4.101 |**                                       31
       4.176 |**                                       34
       4.252 |*                                        25
       4.329 |**                                       28
       4.407 |**                                       32
       4.487 |*                                        26
       4.569 |**                                       31
       4.652 |**                                       37
       4.737 |**                                       32
       4.823 |**                                       32
       4.910 |**                                       28
       4.999 |**                                       36
       5.090 |**                                       33
       5.183 |*                                        24
       5.277 |*                                        26
       5.373 |*                                        24
       5.470 |**                                       34
       5.570 |**                                       37
       5.671 |*                                        21
       5.774 |**                                       34
       5.879 |**                                       35
       5.986 |**                                       39
       6.095 |**                                       27
       6.205 |**                                       32
       6.318 |**                                       35
       6.433 |**                                       30
       6.550 |*                                        24
       6.669 |*                                        26
       6.790 |**                                       27
       6.913 |**                                       34
       7.039 |**                                       29
       7.167 |**                                       31
       7.297 |**                                       38
       7.430 |**                                       36
       7.565 |**                                       38
       7.702 |**                                       32
       7.842 |*                                        26
       7.985 |**                                       32
       8.130 |**                                       37
       8.277 |**                                       32
       8.428 |**                                       33
       8.581 |**                                       27
       8.737 |**                                       30
       8.895 |**                                       43
       9.057 |**                                       31
       9.222 |**                                       37
       9.389 |*                                        25
       9.560 |***                                      45
       9.734 |**                                       36
       9.910 |**                                       32
      10.090 |**                                       31
      10.274 |**                                       28
      10.460 |**                                       30
      10.651 |**                                       42
      10.844 |**                                       32
      11.041 |**                                       27
      11.242 |***                                      47
      11.446 |**                                       43
      11.654 |*                                        26
      11.866 |**                                       41
      12.081 |***                                      45
      12.301 |**                                       41
      12.524 |**                                       36
      12.752 |**                                       39
      12.984 |**                                       30
      13.219 |**                                       41
      13.460 |***                                      47
      13.704 |**                                       35
      13.953 |**                                       42
      14.207 |**                                       39
      14.465 |***                                      46
      14.728 |**                                       43
      14.995 |***                                      48
      15.268 |**                                       41
      15.545 |**                                       38
      15.828 |**                                       38
      16.115 |**                                       32
      16.408 |**                                       35
      16.706 |**                                       36
      17.010 |**                                       36
      17.319 |**                                       32
      17.633 |**                                       35
      17.954 |**                                       31
      18.280 |**                                       28
      18.612 |*                                        26
      18.950 |**                                       34
      19.295 |*                                        24
      19.645 |*                                        26
      20.002 |**                                       29
      20.366 |**                                       30
      20.736 |**                                       39
      21.112 |**                                       29
      21.496 |**                                       27
      21.886 |*                                        24
      22.284 |**                                       40
      22.689 |**                                       29
      23.101 |**                                       34
      23.521 |**                                       35
      23.948 |*                                        12
      24.384 |*                                        25
      24.827 |*                                        22
      25.278 |**                                       37
      25.737 |**                                       27
      26.205 |*                                        22
      26.681 |*                                        24
      27.165 |*                                        25
      27.659 |**                                       30
      28.162 |*                                        26
      28.673 |*                                        21
      29.194 |*                                        25
      29.725 |**                                       30
      30.265 |**                                       27
      30.815 |*                                        22
      31.375 |*                                        20
      31.945 |*                                        19
      32.525 |*                                        13
      33.116 |*                                        13
      33.718 |*                                        19
      34.330 |*                                        13
      34.954 |*                                        15
      35.589 |*                                        17
      36.236 |*                                        23
      36.894 |**                                       28
      37.565 |*                                        14
      38.247 |*                                        17
      38.942 |*                                        11
      39.650 |*                                        20
      40.370 |*                                        21
      41.104 |*                                        9
      41.851 |*                                        11
      42.611 |*                                        17
      43.385 |*                                        16
      44.173 |*                                        15
      44.976 |*                                        17
      45.793 |*                                        16
      46.625 |*                                        10
      47.472 |                                         8
      48.335 |*                                        13
      49.213 |*                                        14
      50.107 |*                                        14
      51.018 |*                                        11
      51.945 |*                                        17
      52.889 |*                                        17
      53.850 |*                                        18
      54.828 |*                                        16
      55.824 |*                                        16
      56.839 |*                                        15
      57.871 |*                                        15
      58.923 |*                                        12
      59.993 |                                         8
      61.083 |*                                        20
      62.193 |*                                        11
      63.323 |*                                        14
      64.474 |                                         8
      65.645 |*                                        16
      66.838 |*                                        17
      68.053 |*                                        10
      69.289 |*                                        15
      70.548 |*                                        9
      71.830 |*                                        10
      73.135 |*                                        22
      74.464 |*                                        16
      75.817 |*                                        10
      77.194 |*                                        16
      78.597 |*                                        10
      80.025 |*                                        14
      81.479 |*                                        16
      82.959 |*                                        21
      84.467 |                                         8
      86.002 |*                                        15
      87.564 |                                         7
      89.155 |*                                        12
      90.775 |*                                        21
      92.424 |*                                        14
      94.104 |*                                        14
      95.814 |                                         6
      97.555 |                                         4
      99.327 |*                                        15
     101.132 |*                                        11
     102.969 |*                                        11
     104.840 |                                         7
     106.745 |*                                        14
     108.685 |*                                        16
     110.659 |*                                        12
     112.670 |*                                        15
     114.717 |                                         4
     116.802 |                                         7
     118.924 |                                         7
     121.085 |                                         7
     123.285 |*                                        9
     125.525 |*                                        9
     127.805 |*                                        13
     130.128 |*                                        16
     132.492 |                                         6
     134.899 |*                                        12
     137.350 |                                         8
     139.846 |*                                        9
     142.387 |*                                        9
     144.974 |                                         4
     150.290 |                                         4
     153.021 |                                         4
     155.801 |                                         5
     158.632 |                                         5
     161.514 |*                                        10
     164.449 |                                         1
     167.437 |                                         4
     170.479 |                                         5
     173.577 |                                         3
     176.731 |                                         5
     179.942 |                                         7
     183.211 |                                         3
     186.540 |                                         8
     189.929 |                                         5
     193.380 |*                                        14
     196.894 |                                         8
     200.472 |*                                        9
     204.114 |*                                        9
     207.823 |                                         7
     211.599 |                                         8
     215.443 |*                                        10
     223.344 |                                         2
     227.402 |                                         3
     231.534 |*                                        9
     235.740 |                                         4
     240.024 |                                         7
     244.385 |*                                        11
     248.825 |                                         6
     253.346 |                                         3
     257.950 |                                         6
     262.636 |                                         7
     267.408 |                                         4
     272.267 |*                                        11
     277.214 |                                         2
 
SQL statistics:
    queries performed:
        read:                            0
        write:                           29965
        other:                           0
        total:                           29965
    transactions:                        29965  (998.33 per sec.)
    queries:                             29965  (998.33 per sec.)
    ignored errors:                      0      (0.00 per sec.)
    reconnects:                          0      (0.00 per sec.)

General statistics:
    total time:                          30.0147s
    total number of events:              29965

Latency (ms):
         min:                                    0.43
         avg:                                    6.49
         max:                                  274.93
         95th percentile:                       28.16
         sum:                               194552.29

Threads fairness:
    events (avg/stddev):           936.4062/5.98
    execution time (avg/stddev):   6.0798/0.16


