/opt/hostedtoolcache/Java_Temurin-Hotspot_jdk/17.0.20-1/x64/bin/java  -classpath /home/runner/ycsb-mongodb-binding-0.17.0/conf:/home/runner/ycsb-mongodb-binding-0.17.0/lib/HdrHistogram-2.1.4.jar:/home/runner/ycsb-mongodb-binding-0.17.0/lib/core-0.17.0.jar:/home/runner/ycsb-mongodb-binding-0.17.0/lib/htrace-core4-4.1.0-incubating.jar:/home/runner/ycsb-mongodb-binding-0.17.0/lib/jackson-core-asl-1.9.4.jar:/home/runner/ycsb-mongodb-binding-0.17.0/lib/jackson-mapper-asl-1.9.4.jar:/home/runner/ycsb-mongodb-binding-0.17.0/lib/logback-classic-1.1.2.jar:/home/runner/ycsb-mongodb-binding-0.17.0/lib/logback-core-1.1.2.jar:/home/runner/ycsb-mongodb-binding-0.17.0/lib/mongo-java-driver-3.8.0.jar:/home/runner/ycsb-mongodb-binding-0.17.0/lib/mongodb-async-driver-2.0.1.jar:/home/runner/ycsb-mongodb-binding-0.17.0/lib/mongodb-binding-0.17.0.jar:/home/runner/ycsb-mongodb-binding-0.17.0/lib/slf4j-api-1.7.25.jar:/home/runner/ycsb-mongodb-binding-0.17.0/lib/snappy-java-1.1.7.1.jar site.ycsb.Client -t -db site.ycsb.db.MongoDbClient -s -P /home/runner/ycsb-mongodb-binding-0.17.0/workloads/workloadb -p mongodb.url=mongodb://127.0.0.1:27017/ycsb?w=1 -p measurementtype=raw -p measurement.raw.output_file=/home/runner/work/The-Omni-Compass/The-Omni-Compass/out/ycsb-burst/rep-1/omni/notch-1.raw -p recordcount=250000 -p operationcount=1000000000 -p maxexecutiontime=30 -p target=3000 -p threads=32 -p insertstart=0 -p insertorder=ordered -p requestdistribution=uniform -p seed=100100
mongo client connection created with mongodb://127.0.0.1:27017/ycsb?w=1
Raw data measurement: will output to result file: /home/runner/work/The-Omni-Compass/The-Omni-Compass/out/ycsb-burst/rep-1/omni/notch-1.raw
Raw data measurement: will output to result file: /home/runner/work/The-Omni-Compass/The-Omni-Compass/out/ycsb-burst/rep-1/omni/notch-1.raw
Raw data measurement: will output to result file: /home/runner/work/The-Omni-Compass/The-Omni-Compass/out/ycsb-burst/rep-1/omni/notch-1.raw
[OVERALL], RunTime(ms), 30003
[OVERALL], Throughput(ops/sec), 2960.6372696063727
[TOTAL_GCS_G1_Young_Generation], Count, 17
[TOTAL_GC_TIME_G1_Young_Generation], Time(ms), 131
[TOTAL_GC_TIME_%_G1_Young_Generation], Time(%), 0.4366230043662301
[TOTAL_GCS_G1_Old_Generation], Count, 0
[TOTAL_GC_TIME_G1_Old_Generation], Time(ms), 0
[TOTAL_GC_TIME_%_G1_Old_Generation], Time(%), 0.0
[TOTAL_GCs], Count, 17
[TOTAL_GC_TIME], Time(ms), 131
[TOTAL_GC_TIME_%], Time(%), 0.4366230043662301
[READ], Total Operations, 84374
[READ], Below is a summary of latency in microseconds:, -1
[READ], Average, 143.82469718159624
[READ], Min, 64
[READ], Max, 46339
[READ], p1, 79
[READ], p5, 83
[READ], p50, 97
[READ], p90, 347
[READ], p95, 414
[READ], p99, 719
[READ], p99.9, 1269
[READ], p99.99, 7925
[READ], Return=OK, 84374
[CLEANUP], Total Operations, 1
[CLEANUP], Below is a summary of latency in microseconds:, -1
[CLEANUP], Average, 1079.0
[CLEANUP], Min, 1079
[CLEANUP], Max, 1079
[CLEANUP], p1, 1079
[CLEANUP], p5, 1079
[CLEANUP], p50, 1079
[CLEANUP], p90, 1079
[CLEANUP], p95, 1079
[CLEANUP], p99, 1079
[CLEANUP], p99.9, 1079
[CLEANUP], p99.99, 1079
[UPDATE], Total Operations, 4454
[UPDATE], Below is a summary of latency in microseconds:, -1
[UPDATE], Average, 234.74180511899417
[UPDATE], Min, 110
[UPDATE], Max, 7965
[UPDATE], p1, 118
[UPDATE], p5, 127
[UPDATE], p50, 177
[UPDATE], p90, 464
[UPDATE], p95, 586
[UPDATE], p99, 912
[UPDATE], p99.9, 1404
[UPDATE], p99.99, 7965
[UPDATE], Return=OK, 4454

Command line: -t -db site.ycsb.db.MongoDbClient -s -P /home/runner/ycsb-mongodb-binding-0.17.0/workloads/workloadb -p mongodb.url=mongodb://127.0.0.1:27017/ycsb?w=1 -p measurementtype=raw -p measurement.raw.output_file=/home/runner/work/The-Omni-Compass/The-Omni-Compass/out/ycsb-burst/rep-1/omni/notch-1.raw -p recordcount=250000 -p operationcount=1000000000 -p maxexecutiontime=30 -p target=3000 -p threads=32 -p insertstart=0 -p insertorder=ordered -p requestdistribution=uniform -p seed=100100
YCSB Client 0.17.0

Loading workload...
Starting test.
Maximum execution time specified as: 30 secs
2026-10-10 15:06:34:119 0 sec: 0 operations; est completion in 0 second 
DBWrapper: report latency for each error is false and specific error codes to track for latency are: []
2026-10-10 15:06:44:092 10 sec: 28828 operations; 2882.51 current ops/sec; est completion in 4 days READ count: 27383, average latency(us): 226.68 UPDATE count: 1446, average latency(us): 354.28 
2026-10-10 15:06:54:092 20 sec: 58827 operations; 2999.9 current ops/sec; est completion in 3 days 22 hours READ count: 28488, average latency(us): 105.70 UPDATE count: 1511, average latency(us): 182.60 
Maximum time elapsed. Requesting stop for the workload.
Stop requested for workload. Now Joining!
2026-10-10 15:07:04:092 30 sec: 88827 operations; 3000 current ops/sec; est completion in 3 days 21 hours READ count: 28503, average latency(us): 102.33 UPDATE count: 1497, average latency(us): 171.90 
2026-10-10 15:07:04:094 30 sec: 88828 operations; 500 current ops/sec; est completion in 3 days 21 hours  CLEANUP count: 1, average latency(us): 1079.00  


/opt/hostedtoolcache/Java_Temurin-Hotspot_jdk/17.0.20-1/x64/bin/java  -classpath /home/runner/ycsb-mongodb-binding-0.17.0/conf:/home/runner/ycsb-mongodb-binding-0.17.0/lib/HdrHistogram-2.1.4.jar:/home/runner/ycsb-mongodb-binding-0.17.0/lib/core-0.17.0.jar:/home/runner/ycsb-mongodb-binding-0.17.0/lib/htrace-core4-4.1.0-incubating.jar:/home/runner/ycsb-mongodb-binding-0.17.0/lib/jackson-core-asl-1.9.4.jar:/home/runner/ycsb-mongodb-binding-0.17.0/lib/jackson-mapper-asl-1.9.4.jar:/home/runner/ycsb-mongodb-binding-0.17.0/lib/logback-classic-1.1.2.jar:/home/runner/ycsb-mongodb-binding-0.17.0/lib/logback-core-1.1.2.jar:/home/runner/ycsb-mongodb-binding-0.17.0/lib/mongo-java-driver-3.8.0.jar:/home/runner/ycsb-mongodb-binding-0.17.0/lib/mongodb-async-driver-2.0.1.jar:/home/runner/ycsb-mongodb-binding-0.17.0/lib/mongodb-binding-0.17.0.jar:/home/runner/ycsb-mongodb-binding-0.17.0/lib/slf4j-api-1.7.25.jar:/home/runner/ycsb-mongodb-binding-0.17.0/lib/snappy-java-1.1.7.1.jar site.ycsb.Client -t -db site.ycsb.db.MongoDbClient -s -P /home/runner/ycsb-mongodb-binding-0.17.0/workloads/workloadb -p mongodb.url=mongodb://127.0.0.1:27017/ycsb?w=1 -p measurementtype=raw -p measurement.raw.output_file=/home/runner/work/The-Omni-Compass/The-Omni-Compass/out/ycsb-burst/rep-1/omni/notch-2.raw -p recordcount=1500000 -p operationcount=1000000000 -p maxexecutiontime=30 -p target=3000 -p threads=32 -p insertstart=0 -p insertorder=ordered -p requestdistribution=uniform -p seed=100101
mongo client connection created with mongodb://127.0.0.1:27017/ycsb?w=1
Raw data measurement: will output to result file: /home/runner/work/The-Omni-Compass/The-Omni-Compass/out/ycsb-burst/rep-1/omni/notch-2.raw
Raw data measurement: will output to result file: /home/runner/work/The-Omni-Compass/The-Omni-Compass/out/ycsb-burst/rep-1/omni/notch-2.raw
Raw data measurement: will output to result file: /home/runner/work/The-Omni-Compass/The-Omni-Compass/out/ycsb-burst/rep-1/omni/notch-2.raw
[OVERALL], RunTime(ms), 30003
[OVERALL], Throughput(ops/sec), 2975.369129753691
[TOTAL_GCS_G1_Young_Generation], Count, 17
[TOTAL_GC_TIME_G1_Young_Generation], Time(ms), 128
[TOTAL_GC_TIME_%_G1_Young_Generation], Time(%), 0.4266240042662401
[TOTAL_GCS_G1_Old_Generation], Count, 0
[TOTAL_GC_TIME_G1_Old_Generation], Time(ms), 0
[TOTAL_GC_TIME_%_G1_Old_Generation], Time(%), 0.0
[TOTAL_GCs], Count, 17
[TOTAL_GC_TIME], Time(ms), 128
[TOTAL_GC_TIME_%], Time(%), 0.4266240042662401
[READ], Total Operations, 84774
[READ], Below is a summary of latency in microseconds:, -1
[READ], Average, 228.93718592964825
[READ], Min, 77
[READ], Max, 38721
[READ], p1, 86
[READ], p5, 94
[READ], p50, 123
[READ], p90, 395
[READ], p95, 427
[READ], p99, 648
[READ], p99.9, 6463
[READ], p99.99, 9966
[READ], Return=OK, 84774
[CLEANUP], Total Operations, 1
[CLEANUP], Below is a summary of latency in microseconds:, -1
[CLEANUP], Average, 1262.0
[CLEANUP], Min, 1262
[CLEANUP], Max, 1262
[CLEANUP], p1, 1262
[CLEANUP], p5, 1262
[CLEANUP], p50, 1262
[CLEANUP], p90, 1262
[CLEANUP], p95, 1262
[CLEANUP], p99, 1262
[CLEANUP], p99.9, 1262
[CLEANUP], p99.99, 1262
[UPDATE], Total Operations, 4496
[UPDATE], Below is a summary of latency in microseconds:, -1
[UPDATE], Average, 327.17660142348757
[UPDATE], Min, 114
[UPDATE], Max, 9953
[UPDATE], p1, 136
[UPDATE], p5, 152
[UPDATE], p50, 231
[UPDATE], p90, 519
[UPDATE], p95, 572
[UPDATE], p99, 840
[UPDATE], p99.9, 8745
[UPDATE], p99.99, 9953
[UPDATE], Return=OK, 4496

Command line: -t -db site.ycsb.db.MongoDbClient -s -P /home/runner/ycsb-mongodb-binding-0.17.0/workloads/workloadb -p mongodb.url=mongodb://127.0.0.1:27017/ycsb?w=1 -p measurementtype=raw -p measurement.raw.output_file=/home/runner/work/The-Omni-Compass/The-Omni-Compass/out/ycsb-burst/rep-1/omni/notch-2.raw -p recordcount=1500000 -p operationcount=1000000000 -p maxexecutiontime=30 -p target=3000 -p threads=32 -p insertstart=0 -p insertorder=ordered -p requestdistribution=uniform -p seed=100101
YCSB Client 0.17.0

Loading workload...
Starting test.
Maximum execution time specified as: 30 secs
2026-10-10 15:07:04:565 0 sec: 0 operations; est completion in 0 second 
DBWrapper: report latency for each error is false and specific error codes to track for latency are: []
2026-10-10 15:07:14:541 10 sec: 29269 operations; 2926.61 current ops/sec; est completion in 3 days 22 hours READ count: 27806, average latency(us): 305.83 UPDATE count: 1466, average latency(us): 431.88 
2026-10-10 15:07:24:541 20 sec: 59269 operations; 3000.3 current ops/sec; est completion in 3 days 21 hours READ count: 28470, average latency(us): 209.78 UPDATE count: 1528, average latency(us): 288.14 
Maximum time elapsed. Requesting stop for the workload.
Stop requested for workload. Now Joining!
2026-10-10 15:07:34:541 30 sec: 89269 operations; 3000 current ops/sec; est completion in 3 days 21 hours READ count: 28497, average latency(us): 173.03 UPDATE count: 1502, average latency(us): 264.69 
2026-10-10 15:07:34:543 30 sec: 89270 operations; 333.33 current ops/sec; est completion in 3 days 21 hours READ count: 1, average latency(us): 457.00 CLEANUP count: 1, average latency(us): 1262.00  


/opt/hostedtoolcache/Java_Temurin-Hotspot_jdk/17.0.20-1/x64/bin/java  -classpath /home/runner/ycsb-mongodb-binding-0.17.0/conf:/home/runner/ycsb-mongodb-binding-0.17.0/lib/HdrHistogram-2.1.4.jar:/home/runner/ycsb-mongodb-binding-0.17.0/lib/core-0.17.0.jar:/home/runner/ycsb-mongodb-binding-0.17.0/lib/htrace-core4-4.1.0-incubating.jar:/home/runner/ycsb-mongodb-binding-0.17.0/lib/jackson-core-asl-1.9.4.jar:/home/runner/ycsb-mongodb-binding-0.17.0/lib/jackson-mapper-asl-1.9.4.jar:/home/runner/ycsb-mongodb-binding-0.17.0/lib/logback-classic-1.1.2.jar:/home/runner/ycsb-mongodb-binding-0.17.0/lib/logback-core-1.1.2.jar:/home/runner/ycsb-mongodb-binding-0.17.0/lib/mongo-java-driver-3.8.0.jar:/home/runner/ycsb-mongodb-binding-0.17.0/lib/mongodb-async-driver-2.0.1.jar:/home/runner/ycsb-mongodb-binding-0.17.0/lib/mongodb-binding-0.17.0.jar:/home/runner/ycsb-mongodb-binding-0.17.0/lib/slf4j-api-1.7.25.jar:/home/runner/ycsb-mongodb-binding-0.17.0/lib/snappy-java-1.1.7.1.jar site.ycsb.Client -t -db site.ycsb.db.MongoDbClient -s -P /home/runner/ycsb-mongodb-binding-0.17.0/workloads/workloadb -p mongodb.url=mongodb://127.0.0.1:27017/ycsb?w=1 -p measurementtype=raw -p measurement.raw.output_file=/home/runner/work/The-Omni-Compass/The-Omni-Compass/out/ycsb-burst/rep-1/omni/notch-3.raw -p recordcount=250000 -p operationcount=1000000000 -p maxexecutiontime=30 -p target=3000 -p threads=32 -p insertstart=0 -p insertorder=ordered -p requestdistribution=uniform -p seed=100102
mongo client connection created with mongodb://127.0.0.1:27017/ycsb?w=1
Raw data measurement: will output to result file: /home/runner/work/The-Omni-Compass/The-Omni-Compass/out/ycsb-burst/rep-1/omni/notch-3.raw
Raw data measurement: will output to result file: /home/runner/work/The-Omni-Compass/The-Omni-Compass/out/ycsb-burst/rep-1/omni/notch-3.raw
Raw data measurement: will output to result file: /home/runner/work/The-Omni-Compass/The-Omni-Compass/out/ycsb-burst/rep-1/omni/notch-3.raw
[OVERALL], RunTime(ms), 30004
[OVERALL], Throughput(ops/sec), 2974.2700973203573
[TOTAL_GCS_G1_Young_Generation], Count, 17
[TOTAL_GC_TIME_G1_Young_Generation], Time(ms), 130
[TOTAL_GC_TIME_%_G1_Young_Generation], Time(%), 0.43327556325823224
[TOTAL_GCS_G1_Old_Generation], Count, 0
[TOTAL_GC_TIME_G1_Old_Generation], Time(ms), 0
[TOTAL_GC_TIME_%_G1_Old_Generation], Time(%), 0.0
[TOTAL_GCs], Count, 17
[TOTAL_GC_TIME], Time(ms), 130
[TOTAL_GC_TIME_%], Time(%), 0.43327556325823224
[READ], Total Operations, 84748
[READ], Below is a summary of latency in microseconds:, -1
[READ], Average, 111.14565535469863
[READ], Min, 69
[READ], Max, 45066
[READ], p1, 81
[READ], p5, 84
[READ], p50, 100
[READ], p90, 128
[READ], p95, 155
[READ], p99, 299
[READ], p99.9, 737
[READ], p99.99, 8216
[READ], Return=OK, 84748
[CLEANUP], Total Operations, 1
[CLEANUP], Below is a summary of latency in microseconds:, -1
[CLEANUP], Average, 1097.0
[CLEANUP], Min, 1097
[CLEANUP], Max, 1097
[CLEANUP], p1, 1097
[CLEANUP], p5, 1097
[CLEANUP], p50, 1097
[CLEANUP], p90, 1097
[CLEANUP], p95, 1097
[CLEANUP], p99, 1097
[CLEANUP], p99.9, 1097
[CLEANUP], p99.99, 1097
[UPDATE], Total Operations, 4492
[UPDATE], Below is a summary of latency in microseconds:, -1
[UPDATE], Average, 200.32524487978628
[UPDATE], Min, 109
[UPDATE], Max, 5339
[UPDATE], p1, 122
[UPDATE], p5, 132
[UPDATE], p50, 180
[UPDATE], p90, 280
[UPDATE], p95, 326
[UPDATE], p99, 459
[UPDATE], p99.9, 954
[UPDATE], p99.99, 5339
[UPDATE], Return=OK, 4492

Command line: -t -db site.ycsb.db.MongoDbClient -s -P /home/runner/ycsb-mongodb-binding-0.17.0/workloads/workloadb -p mongodb.url=mongodb://127.0.0.1:27017/ycsb?w=1 -p measurementtype=raw -p measurement.raw.output_file=/home/runner/work/The-Omni-Compass/The-Omni-Compass/out/ycsb-burst/rep-1/omni/notch-3.raw -p recordcount=250000 -p operationcount=1000000000 -p maxexecutiontime=30 -p target=3000 -p threads=32 -p insertstart=0 -p insertorder=ordered -p requestdistribution=uniform -p seed=100102
YCSB Client 0.17.0

Loading workload...
Starting test.
Maximum execution time specified as: 30 secs
2026-10-10 15:07:35:043 0 sec: 0 operations; est completion in 0 second 
DBWrapper: report latency for each error is false and specific error codes to track for latency are: []
2026-10-10 15:07:45:017 10 sec: 29236 operations; 2923.6 current ops/sec; est completion in 3 days 23 hours READ count: 27784, average latency(us): 125.86 UPDATE count: 1453, average latency(us): 249.60 
2026-10-10 15:07:55:016 20 sec: 59235 operations; 2999.9 current ops/sec; est completion in 3 days 21 hours READ count: 28462, average latency(us): 103.71 UPDATE count: 1537, average latency(us): 176.89 
2026-10-10 15:08:05:016 30 sec: 89235 operations; 3000 current ops/sec; est completion in 3 days 21 hours READ count: 28498, average latency(us): 104.21 UPDATE count: 1502, average latency(us): 176.63 
Maximum time elapsed. Requesting stop for the workload.
Stop requested for workload. Now Joining!
2026-10-10 15:08:05:020 30 sec: 89240 operations; 1666.67 current ops/sec; est completion in 3 days 21 hours READ count: 4, average latency(us): 211.50 CLEANUP count: 1, average latency(us): 1097.00  


/opt/hostedtoolcache/Java_Temurin-Hotspot_jdk/17.0.20-1/x64/bin/java  -classpath /home/runner/ycsb-mongodb-binding-0.17.0/conf:/home/runner/ycsb-mongodb-binding-0.17.0/lib/HdrHistogram-2.1.4.jar:/home/runner/ycsb-mongodb-binding-0.17.0/lib/core-0.17.0.jar:/home/runner/ycsb-mongodb-binding-0.17.0/lib/htrace-core4-4.1.0-incubating.jar:/home/runner/ycsb-mongodb-binding-0.17.0/lib/jackson-core-asl-1.9.4.jar:/home/runner/ycsb-mongodb-binding-0.17.0/lib/jackson-mapper-asl-1.9.4.jar:/home/runner/ycsb-mongodb-binding-0.17.0/lib/logback-classic-1.1.2.jar:/home/runner/ycsb-mongodb-binding-0.17.0/lib/logback-core-1.1.2.jar:/home/runner/ycsb-mongodb-binding-0.17.0/lib/mongo-java-driver-3.8.0.jar:/home/runner/ycsb-mongodb-binding-0.17.0/lib/mongodb-async-driver-2.0.1.jar:/home/runner/ycsb-mongodb-binding-0.17.0/lib/mongodb-binding-0.17.0.jar:/home/runner/ycsb-mongodb-binding-0.17.0/lib/slf4j-api-1.7.25.jar:/home/runner/ycsb-mongodb-binding-0.17.0/lib/snappy-java-1.1.7.1.jar site.ycsb.Client -t -db site.ycsb.db.MongoDbClient -s -P /home/runner/ycsb-mongodb-binding-0.17.0/workloads/workloadb -p mongodb.url=mongodb://127.0.0.1:27017/ycsb?w=1 -p measurementtype=raw -p measurement.raw.output_file=/home/runner/work/The-Omni-Compass/The-Omni-Compass/out/ycsb-burst/rep-1/omni/notch-4.raw -p recordcount=2000000 -p operationcount=1000000000 -p maxexecutiontime=30 -p target=3000 -p threads=32 -p insertstart=0 -p insertorder=ordered -p requestdistribution=uniform -p seed=100103
mongo client connection created with mongodb://127.0.0.1:27017/ycsb?w=1
Raw data measurement: will output to result file: /home/runner/work/The-Omni-Compass/The-Omni-Compass/out/ycsb-burst/rep-1/omni/notch-4.raw
Raw data measurement: will output to result file: /home/runner/work/The-Omni-Compass/The-Omni-Compass/out/ycsb-burst/rep-1/omni/notch-4.raw
Raw data measurement: will output to result file: /home/runner/work/The-Omni-Compass/The-Omni-Compass/out/ycsb-burst/rep-1/omni/notch-4.raw
[OVERALL], RunTime(ms), 30002
[OVERALL], Throughput(ops/sec), 2973.2351176588227
[TOTAL_GCS_G1_Young_Generation], Count, 17
[TOTAL_GC_TIME_G1_Young_Generation], Time(ms), 135
[TOTAL_GC_TIME_%_G1_Young_Generation], Time(%), 0.44997000199986664
[TOTAL_GCS_G1_Old_Generation], Count, 0
[TOTAL_GC_TIME_G1_Old_Generation], Time(ms), 0
[TOTAL_GC_TIME_%_G1_Old_Generation], Time(%), 0.0
[TOTAL_GCs], Count, 17
[TOTAL_GC_TIME], Time(ms), 135
[TOTAL_GC_TIME_%], Time(%), 0.44997000199986664
[READ], Total Operations, 84667
[READ], Below is a summary of latency in microseconds:, -1
[READ], Average, 182.82811484994153
[READ], Min, 70
[READ], Max, 42585
[READ], p1, 88
[READ], p5, 96
[READ], p50, 117
[READ], p90, 373
[READ], p95, 412
[READ], p99, 536
[READ], p99.9, 4768
[READ], p99.99, 9523
[READ], Return=OK, 84667
[CLEANUP], Total Operations, 1
[CLEANUP], Below is a summary of latency in microseconds:, -1
[CLEANUP], Average, 1300.0
[CLEANUP], Min, 1300
[CLEANUP], Max, 1300
[CLEANUP], p1, 1300
[CLEANUP], p5, 1300
[CLEANUP], p50, 1300
[CLEANUP], p90, 1300
[CLEANUP], p95, 1300
[CLEANUP], p99, 1300
[CLEANUP], p99.9, 1300
[CLEANUP], p99.99, 1300
[UPDATE], Total Operations, 4536
[UPDATE], Below is a summary of latency in microseconds:, -1
[UPDATE], Average, 275.8974867724868
[UPDATE], Min, 115
[UPDATE], Max, 8953
[UPDATE], p1, 139
[UPDATE], p5, 154
[UPDATE], p50, 211
[UPDATE], p90, 482
[UPDATE], p95, 538
[UPDATE], p99, 709
[UPDATE], p99.9, 2515
[UPDATE], p99.99, 8953
[UPDATE], Return=OK, 4536

Command line: -t -db site.ycsb.db.MongoDbClient -s -P /home/runner/ycsb-mongodb-binding-0.17.0/workloads/workloadb -p mongodb.url=mongodb://127.0.0.1:27017/ycsb?w=1 -p measurementtype=raw -p measurement.raw.output_file=/home/runner/work/The-Omni-Compass/The-Omni-Compass/out/ycsb-burst/rep-1/omni/notch-4.raw -p recordcount=2000000 -p operationcount=1000000000 -p maxexecutiontime=30 -p target=3000 -p threads=32 -p insertstart=0 -p insertorder=ordered -p requestdistribution=uniform -p seed=100103
YCSB Client 0.17.0

Loading workload...
Starting test.
Maximum execution time specified as: 30 secs
2026-10-10 15:08:05:485 0 sec: 0 operations; est completion in 0 second 
DBWrapper: report latency for each error is false and specific error codes to track for latency are: []
2026-10-10 15:08:15:458 10 sec: 29202 operations; 2920.2 current ops/sec; est completion in 3 days 23 hours READ count: 27678, average latency(us): 227.43 UPDATE count: 1525, average latency(us): 343.31 
2026-10-10 15:08:25:458 20 sec: 59201 operations; 2999.9 current ops/sec; est completion in 3 days 21 hours READ count: 28470, average latency(us): 167.32 UPDATE count: 1529, average latency(us): 253.84 
Maximum time elapsed. Requesting stop for the workload.
Stop requested for workload. Now Joining!
2026-10-10 15:08:35:458 30 sec: 89201 operations; 3000 current ops/sec; est completion in 3 days 21 hours READ count: 28518, average latency(us): 155.02 UPDATE count: 1482, average latency(us): 229.29 
2026-10-10 15:08:35:460 30 sec: 89203 operations; 1000 current ops/sec; est completion in 3 days 21 hours READ count: 1, average latency(us): 300.00 CLEANUP count: 1, average latency(us): 1300.00  


/opt/hostedtoolcache/Java_Temurin-Hotspot_jdk/17.0.20-1/x64/bin/java  -classpath /home/runner/ycsb-mongodb-binding-0.17.0/conf:/home/runner/ycsb-mongodb-binding-0.17.0/lib/HdrHistogram-2.1.4.jar:/home/runner/ycsb-mongodb-binding-0.17.0/lib/core-0.17.0.jar:/home/runner/ycsb-mongodb-binding-0.17.0/lib/htrace-core4-4.1.0-incubating.jar:/home/runner/ycsb-mongodb-binding-0.17.0/lib/jackson-core-asl-1.9.4.jar:/home/runner/ycsb-mongodb-binding-0.17.0/lib/jackson-mapper-asl-1.9.4.jar:/home/runner/ycsb-mongodb-binding-0.17.0/lib/logback-classic-1.1.2.jar:/home/runner/ycsb-mongodb-binding-0.17.0/lib/logback-core-1.1.2.jar:/home/runner/ycsb-mongodb-binding-0.17.0/lib/mongo-java-driver-3.8.0.jar:/home/runner/ycsb-mongodb-binding-0.17.0/lib/mongodb-async-driver-2.0.1.jar:/home/runner/ycsb-mongodb-binding-0.17.0/lib/mongodb-binding-0.17.0.jar:/home/runner/ycsb-mongodb-binding-0.17.0/lib/slf4j-api-1.7.25.jar:/home/runner/ycsb-mongodb-binding-0.17.0/lib/snappy-java-1.1.7.1.jar site.ycsb.Client -t -db site.ycsb.db.MongoDbClient -s -P /home/runner/ycsb-mongodb-binding-0.17.0/workloads/workloadb -p mongodb.url=mongodb://127.0.0.1:27017/ycsb?w=1 -p measurementtype=raw -p measurement.raw.output_file=/home/runner/work/The-Omni-Compass/The-Omni-Compass/out/ycsb-burst/rep-1/omni/notch-5.raw -p recordcount=250000 -p operationcount=1000000000 -p maxexecutiontime=30 -p target=3000 -p threads=32 -p insertstart=0 -p insertorder=ordered -p requestdistribution=uniform -p seed=100104
mongo client connection created with mongodb://127.0.0.1:27017/ycsb?w=1
Raw data measurement: will output to result file: /home/runner/work/The-Omni-Compass/The-Omni-Compass/out/ycsb-burst/rep-1/omni/notch-5.raw
Raw data measurement: will output to result file: /home/runner/work/The-Omni-Compass/The-Omni-Compass/out/ycsb-burst/rep-1/omni/notch-5.raw
Raw data measurement: will output to result file: /home/runner/work/The-Omni-Compass/The-Omni-Compass/out/ycsb-burst/rep-1/omni/notch-5.raw
[OVERALL], RunTime(ms), 30003
[OVERALL], Throughput(ops/sec), 2975.6024397560245
[TOTAL_GCS_G1_Young_Generation], Count, 17
[TOTAL_GC_TIME_G1_Young_Generation], Time(ms), 136
[TOTAL_GC_TIME_%_G1_Young_Generation], Time(%), 0.45328800453288004
[TOTAL_GCS_G1_Old_Generation], Count, 0
[TOTAL_GC_TIME_G1_Old_Generation], Time(ms), 0
[TOTAL_GC_TIME_%_G1_Old_Generation], Time(%), 0.0
[TOTAL_GCs], Count, 17
[TOTAL_GC_TIME], Time(ms), 136
[TOTAL_GC_TIME_%], Time(%), 0.45328800453288004
[READ], Total Operations, 84796
[READ], Below is a summary of latency in microseconds:, -1
[READ], Average, 107.98364309637248
[READ], Min, 64
[READ], Max, 31951
[READ], p1, 79
[READ], p5, 83
[READ], p50, 96
[READ], p90, 130
[READ], p95, 159
[READ], p99, 296
[READ], p99.9, 683
[READ], p99.99, 7603
[READ], Return=OK, 84796
[CLEANUP], Total Operations, 1
[CLEANUP], Below is a summary of latency in microseconds:, -1
[CLEANUP], Average, 1080.0
[CLEANUP], Min, 1080
[CLEANUP], Max, 1080
[CLEANUP], p1, 1080
[CLEANUP], p5, 1080
[CLEANUP], p50, 1080
[CLEANUP], p90, 1080
[CLEANUP], p95, 1080
[CLEANUP], p99, 1080
[CLEANUP], p99.9, 1080
[CLEANUP], p99.99, 1080
[UPDATE], Total Operations, 4481
[UPDATE], Below is a summary of latency in microseconds:, -1
[UPDATE], Average, 190.24994420888194
[UPDATE], Min, 104
[UPDATE], Max, 4090
[UPDATE], p1, 117
[UPDATE], p5, 125
[UPDATE], p50, 170
[UPDATE], p90, 274
[UPDATE], p95, 317
[UPDATE], p99, 431
[UPDATE], p99.9, 996
[UPDATE], p99.99, 4090
[UPDATE], Return=OK, 4481

Command line: -t -db site.ycsb.db.MongoDbClient -s -P /home/runner/ycsb-mongodb-binding-0.17.0/workloads/workloadb -p mongodb.url=mongodb://127.0.0.1:27017/ycsb?w=1 -p measurementtype=raw -p measurement.raw.output_file=/home/runner/work/The-Omni-Compass/The-Omni-Compass/out/ycsb-burst/rep-1/omni/notch-5.raw -p recordcount=250000 -p operationcount=1000000000 -p maxexecutiontime=30 -p target=3000 -p threads=32 -p insertstart=0 -p insertorder=ordered -p requestdistribution=uniform -p seed=100104
YCSB Client 0.17.0

Loading workload...
Starting test.
Maximum execution time specified as: 30 secs
2026-10-10 15:08:35:940 0 sec: 0 operations; est completion in 0 second 
DBWrapper: report latency for each error is false and specific error codes to track for latency are: []
2026-10-10 15:08:45:916 10 sec: 29276 operations; 2927.31 current ops/sec; est completion in 3 days 22 hours READ count: 27791, average latency(us): 124.57 UPDATE count: 1487, average latency(us): 232.25 
2026-10-10 15:08:55:916 20 sec: 59276 operations; 3000 current ops/sec; est completion in 3 days 21 hours READ count: 28487, average latency(us): 99.92 UPDATE count: 1511, average latency(us): 170.27 
Maximum time elapsed. Requesting stop for the workload.
Stop requested for workload. Now Joining!
2026-10-10 15:09:05:916 30 sec: 89276 operations; 3000 current ops/sec; est completion in 3 days 21 hours READ count: 28517, average latency(us): 99.87 UPDATE count: 1483, average latency(us): 168.50 
2026-10-10 15:09:05:918 30 sec: 89277 operations; 500 current ops/sec; est completion in 3 days 21 hours READ count: 1, average latency(us): 319.00 CLEANUP count: 1, average latency(us): 1080.00  


/opt/hostedtoolcache/Java_Temurin-Hotspot_jdk/17.0.20-1/x64/bin/java  -classpath /home/runner/ycsb-mongodb-binding-0.17.0/conf:/home/runner/ycsb-mongodb-binding-0.17.0/lib/HdrHistogram-2.1.4.jar:/home/runner/ycsb-mongodb-binding-0.17.0/lib/core-0.17.0.jar:/home/runner/ycsb-mongodb-binding-0.17.0/lib/htrace-core4-4.1.0-incubating.jar:/home/runner/ycsb-mongodb-binding-0.17.0/lib/jackson-core-asl-1.9.4.jar:/home/runner/ycsb-mongodb-binding-0.17.0/lib/jackson-mapper-asl-1.9.4.jar:/home/runner/ycsb-mongodb-binding-0.17.0/lib/logback-classic-1.1.2.jar:/home/runner/ycsb-mongodb-binding-0.17.0/lib/logback-core-1.1.2.jar:/home/runner/ycsb-mongodb-binding-0.17.0/lib/mongo-java-driver-3.8.0.jar:/home/runner/ycsb-mongodb-binding-0.17.0/lib/mongodb-async-driver-2.0.1.jar:/home/runner/ycsb-mongodb-binding-0.17.0/lib/mongodb-binding-0.17.0.jar:/home/runner/ycsb-mongodb-binding-0.17.0/lib/slf4j-api-1.7.25.jar:/home/runner/ycsb-mongodb-binding-0.17.0/lib/snappy-java-1.1.7.1.jar site.ycsb.Client -t -db site.ycsb.db.MongoDbClient -s -P /home/runner/ycsb-mongodb-binding-0.17.0/workloads/workloadb -p mongodb.url=mongodb://127.0.0.1:27017/ycsb?w=1 -p measurementtype=raw -p measurement.raw.output_file=/home/runner/work/The-Omni-Compass/The-Omni-Compass/out/ycsb-burst/rep-1/omni/notch-6.raw -p recordcount=1500000 -p operationcount=1000000000 -p maxexecutiontime=30 -p target=3000 -p threads=32 -p insertstart=0 -p insertorder=ordered -p requestdistribution=uniform -p seed=100105
mongo client connection created with mongodb://127.0.0.1:27017/ycsb?w=1
Raw data measurement: will output to result file: /home/runner/work/The-Omni-Compass/The-Omni-Compass/out/ycsb-burst/rep-1/omni/notch-6.raw
Raw data measurement: will output to result file: /home/runner/work/The-Omni-Compass/The-Omni-Compass/out/ycsb-burst/rep-1/omni/notch-6.raw
Raw data measurement: will output to result file: /home/runner/work/The-Omni-Compass/The-Omni-Compass/out/ycsb-burst/rep-1/omni/notch-6.raw
[OVERALL], RunTime(ms), 30005
[OVERALL], Throughput(ops/sec), 2973.271121479753
[TOTAL_GCS_G1_Young_Generation], Count, 17
[TOTAL_GC_TIME_G1_Young_Generation], Time(ms), 144
[TOTAL_GC_TIME_%_G1_Young_Generation], Time(%), 0.47992001333111145
[TOTAL_GCS_G1_Old_Generation], Count, 0
[TOTAL_GC_TIME_G1_Old_Generation], Time(ms), 0
[TOTAL_GC_TIME_%_G1_Old_Generation], Time(%), 0.0
[TOTAL_GCs], Count, 17
[TOTAL_GC_TIME], Time(ms), 144
[TOTAL_GC_TIME_%], Time(%), 0.47992001333111145
[READ], Total Operations, 84811
[READ], Below is a summary of latency in microseconds:, -1
[READ], Average, 129.86373229887633
[READ], Min, 75
[READ], Max, 40853
[READ], p1, 88
[READ], p5, 95
[READ], p50, 112
[READ], p90, 152
[READ], p95, 196
[READ], p99, 422
[READ], p99.9, 885
[READ], p99.99, 10939
[READ], Return=OK, 84811
[CLEANUP], Total Operations, 1
[CLEANUP], Below is a summary of latency in microseconds:, -1
[CLEANUP], Average, 1232.0
[CLEANUP], Min, 1232
[CLEANUP], Max, 1232
[CLEANUP], p1, 1232
[CLEANUP], p5, 1232
[CLEANUP], p50, 1232
[CLEANUP], p90, 1232
[CLEANUP], p95, 1232
[CLEANUP], p99, 1232
[CLEANUP], p99.9, 1232
[CLEANUP], p99.99, 1232
[UPDATE], Total Operations, 4402
[UPDATE], Below is a summary of latency in microseconds:, -1
[UPDATE], Average, 226.98046342571558
[UPDATE], Min, 118
[UPDATE], Max, 8433
[UPDATE], p1, 137
[UPDATE], p5, 151
[UPDATE], p50, 202
[UPDATE], p90, 295
[UPDATE], p95, 365
[UPDATE], p99, 568
[UPDATE], p99.9, 2030
[UPDATE], p99.99, 8433
[UPDATE], Return=OK, 4402

Command line: -t -db site.ycsb.db.MongoDbClient -s -P /home/runner/ycsb-mongodb-binding-0.17.0/workloads/workloadb -p mongodb.url=mongodb://127.0.0.1:27017/ycsb?w=1 -p measurementtype=raw -p measurement.raw.output_file=/home/runner/work/The-Omni-Compass/The-Omni-Compass/out/ycsb-burst/rep-1/omni/notch-6.raw -p recordcount=1500000 -p operationcount=1000000000 -p maxexecutiontime=30 -p target=3000 -p threads=32 -p insertstart=0 -p insertorder=ordered -p requestdistribution=uniform -p seed=100105
YCSB Client 0.17.0

Loading workload...
Starting test.
Maximum execution time specified as: 30 secs
2026-10-10 15:09:06:406 0 sec: 0 operations; est completion in 0 second 
DBWrapper: report latency for each error is false and specific error codes to track for latency are: []
2026-10-10 15:09:16:379 10 sec: 29205 operations; 2920.5 current ops/sec; est completion in 3 days 23 hours READ count: 27755, average latency(us): 146.17 UPDATE count: 1451, average latency(us): 266.80 
2026-10-10 15:09:26:379 20 sec: 59205 operations; 3000 current ops/sec; est completion in 3 days 21 hours READ count: 28507, average latency(us): 123.07 UPDATE count: 1492, average latency(us): 205.08 
2026-10-10 15:09:36:379 30 sec: 89205 operations; 3000 current ops/sec; est completion in 3 days 21 hours READ count: 28541, average latency(us): 120.79 UPDATE count: 1459, average latency(us): 209.77 
Maximum time elapsed. Requesting stop for the workload.
Stop requested for workload. Now Joining!
2026-10-10 15:09:36:383 30 sec: 89213 operations; 1600 current ops/sec; est completion in 3 days 21 hours READ count: 8, average latency(us): 151.25 CLEANUP count: 1, average latency(us): 1232.00  
