2026-10-10T23:57:31Z	INFO	setup	Outbound filter mode off allows tenant-selected Vault addresses without destination restrictions; allowedEndpoints is ignored. Configure KEDA_OUTBOUND_FILTER.hashiCorpVault with mode enforce and trusted allowedEndpoints to restrict destinations
2026-10-10T23:57:31Z	INFO	setup	Starting manager
2026-10-10T23:57:31Z	INFO	setup	KEDA Version: 2.21.0
2026-10-10T23:57:31Z	INFO	setup	Git Commit: 626ded5d783108bedf647e20bbc83f8e458e02e4
2026-10-10T23:57:31Z	INFO	setup	Go Version: go1.26.8
2026-10-10T23:57:31Z	INFO	setup	Go OS/Arch: linux/amd64
2026-10-10T23:57:31Z	INFO	setup	Running on Kubernetes 1.35	{"version": "v1.35.0"}
2026-10-10T23:57:31Z	INFO	controller-runtime.metrics	Starting metrics server
2026-10-10T23:57:31Z	INFO	starting server	{"name": "health probe", "addr": "[::]:8081"}
2026-10-10T23:57:31Z	INFO	controller-runtime.metrics	Serving metrics server	{"bindAddress": ":8080", "secure": false}
I1010 23:57:31.698627       1 leaderelection.go:258] "Attempting to acquire leader lease..." lock="keda/operator.keda.sh"
I1010 23:58:10.853490       1 leaderelection.go:272] "Successfully acquired lease" lock="keda/operator.keda.sh"
2026-10-10T23:58:10Z	INFO	Starting EventSource	{"controller": "scaledobject", "controllerGroup": "keda.sh", "controllerKind": "ScaledObject", "source": "channel source: 0x3169a13644d0"}
2026-10-10T23:58:10Z	INFO	Starting EventSource	{"controller": "scaledobject", "controllerGroup": "keda.sh", "controllerKind": "ScaledObject", "source": "kind source: *v1alpha1.ScaledObject"}
2026-10-10T23:58:10Z	INFO	Starting EventSource	{"controller": "scaledjob", "controllerGroup": "keda.sh", "controllerKind": "ScaledJob", "source": "kind source: *v1alpha1.ScaledJob"}
2026-10-10T23:58:10Z	INFO	Starting EventSource	{"controller": "scaledobject", "controllerGroup": "keda.sh", "controllerKind": "ScaledObject", "source": "kind source: *v2.HorizontalPodAutoscaler"}
2026-10-10T23:58:10Z	INFO	Starting EventSource	{"controller": "triggerauthentication", "controllerGroup": "keda.sh", "controllerKind": "TriggerAuthentication", "source": "kind source: *v1alpha1.TriggerAuthentication"}
2026-10-10T23:58:10Z	INFO	Starting EventSource	{"controller": "cloudeventsource", "controllerGroup": "eventing.keda.sh", "controllerKind": "CloudEventSource", "source": "kind source: *v1alpha1.CloudEventSource"}
2026-10-10T23:58:10Z	INFO	Starting EventSource	{"controller": "clustertriggerauthentication", "controllerGroup": "keda.sh", "controllerKind": "ClusterTriggerAuthentication", "source": "kind source: *v1alpha1.ClusterTriggerAuthentication"}
2026-10-10T23:58:10Z	INFO	Starting EventSource	{"controller": "clustercloudeventsource", "controllerGroup": "eventing.keda.sh", "controllerKind": "ClusterCloudEventSource", "source": "kind source: *v1alpha1.ClusterCloudEventSource"}
2026-10-10T23:58:10Z	INFO	cert-rotation	starting cert rotator controller
2026-10-10T23:58:10Z	INFO	cert-rotation	no cert refresh needed
2026-10-10T23:58:10Z	INFO	cert-rotation	certs are ready in /certs
2026-10-10T23:58:11Z	INFO	Starting Controller	{"controller": "scaledjob", "controllerGroup": "keda.sh", "controllerKind": "ScaledJob"}
2026-10-10T23:58:11Z	INFO	Starting Controller	{"controller": "triggerauthentication", "controllerGroup": "keda.sh", "controllerKind": "TriggerAuthentication"}
2026-10-10T23:58:11Z	INFO	Starting workers	{"controller": "triggerauthentication", "controllerGroup": "keda.sh", "controllerKind": "TriggerAuthentication", "worker count": 1}
2026-10-10T23:58:11Z	INFO	Starting Controller	{"controller": "cloudeventsource", "controllerGroup": "eventing.keda.sh", "controllerKind": "CloudEventSource"}
2026-10-10T23:58:11Z	INFO	Starting workers	{"controller": "cloudeventsource", "controllerGroup": "eventing.keda.sh", "controllerKind": "CloudEventSource", "worker count": 1}
2026-10-10T23:58:11Z	INFO	Starting Controller	{"controller": "scaledobject", "controllerGroup": "keda.sh", "controllerKind": "ScaledObject"}
2026-10-10T23:58:11Z	INFO	Starting workers	{"controller": "scaledobject", "controllerGroup": "keda.sh", "controllerKind": "ScaledObject", "worker count": 5}
2026-10-10T23:58:11Z	INFO	Starting Controller	{"controller": "clustertriggerauthentication", "controllerGroup": "keda.sh", "controllerKind": "ClusterTriggerAuthentication"}
2026-10-10T23:58:11Z	INFO	Starting workers	{"controller": "clustertriggerauthentication", "controllerGroup": "keda.sh", "controllerKind": "ClusterTriggerAuthentication", "worker count": 1}
2026-10-10T23:58:11Z	INFO	Starting workers	{"controller": "scaledjob", "controllerGroup": "keda.sh", "controllerKind": "ScaledJob", "worker count": 1}
2026-10-10T23:58:11Z	INFO	Starting Controller	{"controller": "clustercloudeventsource", "controllerGroup": "eventing.keda.sh", "controllerKind": "ClusterCloudEventSource"}
2026-10-10T23:58:11Z	INFO	Starting workers	{"controller": "clustercloudeventsource", "controllerGroup": "eventing.keda.sh", "controllerKind": "ClusterCloudEventSource", "worker count": 1}
2026-10-10T23:58:11Z	INFO	cert-rotation	no cert refresh needed
2026-10-10T23:58:11Z	INFO	cert-rotation	Ensuring CA cert	{"name": "v1beta1.external.metrics.k8s.io", "gvk": "apiregistration.k8s.io/v1, Kind=APIService", "name": "v1beta1.external.metrics.k8s.io", "gvk": "apiregistration.k8s.io/v1, Kind=APIService"}
2026-10-10T23:58:11Z	INFO	cert-rotation	Ensuring CA cert	{"name": "keda-admission", "gvk": "admissionregistration.k8s.io/v1, Kind=ValidatingWebhookConfiguration", "name": "keda-admission", "gvk": "admissionregistration.k8s.io/v1, Kind=ValidatingWebhookConfiguration"}
2026-10-10T23:58:11Z	INFO	Reconciling ScaledObject	{"controller": "scaledobject", "controllerGroup": "keda.sh", "controllerKind": "ScaledObject", "ScaledObject": {"name":"php-apache","namespace":"default"}, "namespace": "default", "name": "php-apache", "reconcileID": "ba277b9c-3aff-43f5-9639-72fc9bfe4a4f"}
2026-10-10T23:58:11Z	INFO	Adding Finalizer for the ScaledObject	{"controller": "scaledobject", "controllerGroup": "keda.sh", "controllerKind": "ScaledObject", "ScaledObject": {"name":"php-apache","namespace":"default"}, "namespace": "default", "name": "php-apache", "reconcileID": "ba277b9c-3aff-43f5-9639-72fc9bfe4a4f"}
2026-10-10T23:58:11Z	INFO	metadata.finalizers: "finalizer.keda.sh": prefer a domain-qualified finalizer name including a path (/) to avoid accidental conflicts with other finalizer writers	{"controller": "scaledobject", "controllerGroup": "keda.sh", "controllerKind": "ScaledObject", "ScaledObject": {"name":"php-apache","namespace":"default"}, "namespace": "default", "name": "php-apache", "reconcileID": "ba277b9c-3aff-43f5-9639-72fc9bfe4a4f"}
2026-10-10T23:58:11Z	INFO	Detected resource targeted for scaling	{"controller": "scaledobject", "controllerGroup": "keda.sh", "controllerKind": "ScaledObject", "ScaledObject": {"name":"php-apache","namespace":"default"}, "namespace": "default", "name": "php-apache", "reconcileID": "ba277b9c-3aff-43f5-9639-72fc9bfe4a4f", "resource": "apps/v1.Deployment", "name": "php-apache"}
2026-10-10T23:58:11Z	INFO	Creating a new HPA	{"controller": "scaledobject", "controllerGroup": "keda.sh", "controllerKind": "ScaledObject", "ScaledObject": {"name":"php-apache","namespace":"default"}, "namespace": "default", "name": "php-apache", "reconcileID": "ba277b9c-3aff-43f5-9639-72fc9bfe4a4f", "HPA.Namespace": "default", "HPA.Name": "php-apache"}
2026-10-10T23:58:11Z	INFO	Initializing Scaling logic according to ScaledObject Specification	{"controller": "scaledobject", "controllerGroup": "keda.sh", "controllerKind": "ScaledObject", "ScaledObject": {"name":"php-apache","namespace":"default"}, "namespace": "default", "name": "php-apache", "reconcileID": "ba277b9c-3aff-43f5-9639-72fc9bfe4a4f"}
2026-10-10T23:58:11Z	INFO	Reconciling ScaledObject	{"controller": "scaledobject", "controllerGroup": "keda.sh", "controllerKind": "ScaledObject", "ScaledObject": {"name":"php-apache","namespace":"default"}, "namespace": "default", "name": "php-apache", "reconcileID": "080e1631-5cb5-4444-bff5-6fe6aef84ce6"}
2026-10-10T23:58:11Z	INFO	Detected resource targeted for scaling	{"controller": "scaledobject", "controllerGroup": "keda.sh", "controllerKind": "ScaledObject", "ScaledObject": {"name":"php-apache","namespace":"default"}, "namespace": "default", "name": "php-apache", "reconcileID": "080e1631-5cb5-4444-bff5-6fe6aef84ce6", "resource": "apps/v1.Deployment", "name": "php-apache"}
2026-10-10T23:58:11Z	INFO	Reconciling ScaledObject	{"controller": "scaledobject", "controllerGroup": "keda.sh", "controllerKind": "ScaledObject", "ScaledObject": {"name":"php-apache","namespace":"default"}, "namespace": "default", "name": "php-apache", "reconcileID": "057e8f81-195d-4e85-963e-1b2445153c60"}
2026-10-10T23:58:11Z	INFO	Detected resource targeted for scaling	{"controller": "scaledobject", "controllerGroup": "keda.sh", "controllerKind": "ScaledObject", "ScaledObject": {"name":"php-apache","namespace":"default"}, "namespace": "default", "name": "php-apache", "reconcileID": "057e8f81-195d-4e85-963e-1b2445153c60", "resource": "apps/v1.Deployment", "name": "php-apache"}
2026-10-10T23:58:12Z	INFO	cert-rotation	CA certs are injected to webhooks
2026-10-10T23:58:12Z	INFO	grpc_server	Starting Metrics Service gRPC Server	{"address": ":9666"}
