1791603442.856 0 13.111
1791603442.871 1 11.123
1791603442.905 3 11.153
1791603442.939 5 11.254
1791603442.956 6 11.176
1791603442.990 8 11.153
1791603443.007 9 11.059
1791603443.041 11 11.272
1791603443.075 13 11.159
1791603443.092 14 11.064
1791603443.126 16 11.331
1791603443.143 17 11.546
1791603443.177 19 11.327
1791603443.211 21 11.370
1791603443.227 22 11.082
1791603443.262 24 11.207
1791603443.278 25 11.150
1791603443.312 27 11.073
1791603443.346 29 11.141
1791603443.363 30 11.125
1791603443.397 32 11.326
1791603443.414 33 11.086
1791603443.448 35 11.172
1791603443.482 37 11.277
1791603443.499 38 11.336
1791603443.533 40 11.290
1791603443.550 41 11.228
1791603443.584 43 11.192
1791603443.618 45 11.263
1791603443.635 46 11.240
1791603443.669 48 11.166
1791603443.686 49 11.091
1791603443.720 51 11.127
1791603443.754 53 11.264
1791603443.771 54 11.296
1791603443.805 56 11.180
1791603443.822 57 11.079
1791603443.856 59 11.168
1791603443.890 61 11.190
1791603443.907 62 11.127
1791603443.941 64 11.146
1791603443.958 65 11.443
1791603443.991 67 11.110
1791603444.025 69 11.133
1791603444.042 70 11.051
1791603444.076 72 11.101
1791603444.093 73 11.104
1791603444.127 75 11.159
1791603444.161 77 11.279
1791603444.178 78 11.298
1791603444.212 80 11.143
1791603444.229 81 11.091
1791603444.263 83 11.240
1791603444.297 85 11.160
1791603444.314 86 11.033
1791603444.348 88 11.230
1791603444.365 89 11.072
1791603444.399 91 11.128
1791603444.433 93 11.156
1791603444.450 94 11.094
1791603444.484 96 11.159
1791603444.501 97 11.109
1791603444.535 99 11.381
1791603444.569 101 11.140
1791603444.586 102 11.072
1791603444.620 104 11.034
1791603444.637 105 11.093
1791603444.671 107 11.093
1791603444.705 109 11.119
1791603444.722 110 11.159
1791603444.756 112 11.200
1791603444.772 113 11.105
1791603444.806 115 11.106
1791603444.840 117 11.124
1791603444.857 118 11.172
1791603444.891 120 11.065
1791603444.908 121 11.069
1791603444.942 123 11.114
1791603444.976 125 11.172
1791603444.993 126 11.320
1791603445.027 128 11.350
1791603445.044 129 11.081
1791603445.078 131 11.117
1791603445.112 133 11.095
1791603445.129 134 11.057
1791603445.163 136 11.129
1791603445.180 137 11.156
1791603445.214 139 11.254
1791603445.248 141 11.287
1791603445.265 142 11.253
1791603445.299 144 11.371
1791603445.316 145 11.199
1791603445.350 147 11.159
1791603445.384 149 11.213
1791603445.401 150 11.359
1791603445.435 152 11.367
1791603445.452 153 11.373
1791603445.486 155 11.324
1791603445.520 157 11.226
1791603445.536 158 11.098
1791603445.570 160 11.074
1791603445.587 161 10.959
1791603445.621 163 11.003
1791603445.655 165 10.991
1791603445.672 166 10.973
1791603445.706 168 11.261
1791603445.723 169 11.098
1791603445.757 171 11.267
1791603445.791 173 11.195
1791603445.808 174 11.057
1791603445.842 176 11.030
1791603445.859 177 10.999
1791603445.893 179 11.209
1791603445.927 181 11.209
1791603445.944 182 11.150
1791603445.978 184 11.112
1791603445.995 185 11.178
1791603446.029 187 11.401
1791603446.063 189 11.073
1791603446.080 190 11.087
1791603446.114 192 11.049
1791603446.131 193 11.020
1791603446.164 195 11.009
1791603446.198 197 10.967
1791603446.215 198 10.997
1791603446.249 200 11.067
1791603446.266 201 10.951
1791603446.300 203 11.080
1791603446.334 205 11.029
1791603446.351 206 10.956
1791603446.385 208 11.045
1791603446.402 209 10.996
1791603446.436 211 10.985
1791603446.470 213 11.118
1791603446.487 214 11.231
1791603446.521 216 11.390
1791603446.538 217 11.407
1791603446.572 219 11.240
1791603446.606 221 11.171
1791603446.623 222 11.110
1791603446.657 224 11.159
1791603446.674 225 11.120
1791603446.708 227 11.095
1791603446.742 229 11.270
1791603446.759 230 11.212
1791603446.793 232 11.098
1791603446.810 233 10.970
1791603446.844 235 11.115
1791603446.878 237 11.076
1791603446.895 238 11.009
1791603446.929 240 11.063
1791603446.945 241 10.964
1791603446.980 243 11.140
1791603447.013 245 11.059
1791603447.030 246 11.000
1791603447.064 248 11.124
1791603447.081 249 11.190
1791603447.115 251 11.028
1791603447.149 253 11.178
1791603447.166 254 11.076
1791603447.200 256 11.157
1791603447.217 257 11.066
1791603447.251 259 11.360
1791603447.285 261 11.149
1791603447.302 262 11.064
1791603447.336 264 11.215
1791603447.353 265 11.114
1791603447.387 267 11.141
1791603447.421 269 11.093
1791603447.438 270 11.049
1791603447.472 272 11.189
1791603447.489 273 11.079
1791603447.523 275 11.135
1791603447.557 277 11.119
1791603447.574 278 11.222
1791603447.608 280 11.310
1791603447.625 281 11.233
1791603447.659 283 11.248
1791603447.693 285 11.275
1791603447.710 286 11.148
1791603447.744 288 11.216
1791603447.761 289 11.126
1791603447.795 291 11.307
1791603447.829 293 11.432
1791603447.846 294 11.270
1791603447.879 296 11.130
1791603447.896 297 11.053
1791603447.930 299 11.178
1791603447.964 301 11.181
1791603447.981 302 11.186
1791603448.015 304 11.127
1791603448.032 305 11.099
1791603448.066 307 11.115
1791603448.100 309 11.095
1791603448.117 310 11.015
1791603448.151 312 11.126
1791603448.168 313 11.058
1791603448.202 315 11.302
1791603448.236 317 11.239
1791603448.253 318 11.081
1791603448.287 320 11.065
1791603448.304 321 11.059
1791603448.338 323 11.105
1791603448.372 325 11.043
1791603448.389 326 10.964
1791603448.423 328 11.099
1791603448.440 329 11.157
1791603448.473 331 11.041
1791603448.508 333 11.151
1791603448.525 334 11.185
1791603448.559 336 11.219
1791603448.575 337 11.106
1791603448.609 339 11.091
1791603448.643 341 11.195
1791603448.660 342 11.134
1791603448.694 344 11.214
1791603448.711 345 11.047
1791603448.745 347 11.160
1791603448.779 349 11.119
1791603448.796 350 11.031
1791603448.830 352 11.072
1791603448.847 353 10.990
1791603448.881 355 10.984
1791603448.915 357 11.132
1791603448.932 358 11.158
1791603448.966 360 11.146
1791603448.983 361 11.164
1791603449.017 363 11.193
1791603449.051 365 11.214
1791603449.068 366 11.142
1791603449.102 368 11.012
1791603449.119 369 11.071
1791603449.153 371 11.227
1791603449.187 373 11.188
1791603449.204 374 11.232
1791603449.238 376 11.149
1791603449.255 377 11.184
1791603449.289 379 11.179
1791603449.322 381 11.154
1791603449.339 382 11.106
1791603449.373 384 11.189
1791603449.390 385 11.167
1791603449.424 387 11.126
1791603449.458 389 11.056
1791603449.493 390 28.673
1791603449.509 392 11.051
1791603449.526 393 11.011
1791603449.560 395 11.186
1791603449.594 397 11.196
1791603449.611 398 11.142
1791603449.645 400 11.207
1791603449.662 401 11.111
1791603449.696 403 11.237
1791603449.730 405 11.308
1791603449.747 406 11.135
1791603449.781 408 11.227
1791603449.798 409 11.108
1791603449.832 411 11.136
1791603449.866 413 11.149
1791603449.883 414 11.139
1791603449.917 416 11.288
1791603449.934 417 11.066
1791603449.967 419 10.988
1791603450.002 421 11.091
1791603450.018 422 11.056
1791603450.052 424 11.094
1791603450.069 425 11.020
1791603450.103 427 11.052
1791603450.137 429 11.125
1791603450.154 430 11.050
1791603450.188 432 11.133
1791603450.205 433 10.958
1791603450.239 435 10.995
1791603450.273 437 11.118
1791603450.290 438 11.018
1791603450.324 440 11.118
1791603450.341 441 11.080
1791603450.375 443 11.041
1791603450.409 445 11.113
1791603450.426 446 11.087
1791603450.460 448 11.130
1791603450.477 449 11.045
1791603450.511 451 11.246
1791603450.545 453 11.219
1791603450.562 454 11.151
1791603450.596 456 11.251
1791603450.613 457 11.094
1791603450.647 459 11.243
1791603450.681 461 11.185
1791603450.698 462 11.154
