sysbench 1.0.20 (using system LuaJIT 2.1.0-beta3)

Running the test with following options:
Number of threads: 32
Target transaction rate: 200/sec
Initializing random number generator from current time


Initializing worker threads...

Threads started!

Latency histogram (values are in milliseconds)
       value  ------------- distribution ------------- count
       3.615 |                                         1
       3.681 |*                                        4
       3.748 |*                                        5
       3.816 |***                                      12
       3.885 |******                                   23
       3.956 |*********                                37
       4.028 |**********                               39
       4.101 |*********                                37
       4.176 |*************                            53
       4.252 |************                             48
       4.329 |****************                         62
       4.407 |************************                 93
       4.487 |*********************                    82
       4.569 |***************************              105
       4.652 |**********************************       134
       4.737 |************************************     141
       4.823 |***********************************      139
       4.910 |************************************     144
       4.999 |*************************************    145
       5.090 |*******************************          124
       5.183 |**************************************** 158
       5.277 |*************************************    146
       5.373 |***********************************      138
       5.470 |***********************************      140
       5.570 |*********************************        129
       5.671 |******************************           117
       5.774 |****************************             110
       5.879 |*******************************          124
       5.986 |************************                 96
       6.095 |*******************                      75
       6.205 |**********************                   86
       6.318 |****************                         65
       6.433 |******************                       72
       6.550 |**************                           56
       6.669 |****************                         64
       6.790 |*****************                        69
       6.913 |*************                            51
       7.039 |************                             49
       7.167 |***********                              44
       7.297 |**********                               39
       7.430 |**********                               38
       7.565 |**********                               40
       7.702 |**********                               38
       7.842 |******                                   25
       7.985 |******                                   24
       8.130 |*******                                  29
       8.277 |*********                                37
       8.428 |******                                   22
       8.581 |**********                               38
       8.737 |*******                                  26
       8.895 |*******                                  26
       9.057 |******                                   25
       9.222 |*******                                  28
       9.389 |******                                   23
       9.560 |*****                                    20
       9.734 |******                                   24
       9.910 |******                                   23
      10.090 |*****                                    18
      10.274 |******                                   22
      10.460 |*****                                    18
      10.651 |******                                   24
      10.844 |****                                     15
      11.041 |******                                   22
      11.242 |****                                     17
      11.446 |****                                     16
      11.654 |***                                      10
      11.866 |****                                     17
      12.081 |*****                                    19
      12.301 |***                                      12
      12.524 |****                                     14
      12.752 |**                                       7
      12.984 |***                                      10
      13.219 |**                                       9
      13.460 |****                                     14
      13.704 |***                                      10
      13.953 |***                                      11
      14.207 |***                                      11
      14.465 |**                                       8
      14.728 |*                                        4
      14.995 |*                                        3
      15.268 |**                                       6
      15.545 |**                                       8
      15.828 |*                                        5
      16.115 |                                         1
      16.408 |*                                        4
      16.706 |*                                        2
      17.010 |*                                        2
      17.319 |*                                        3
      17.954 |                                         1
      18.280 |*                                        2
      18.612 |                                         1
      18.950 |                                         1
      20.002 |                                         1
      20.366 |                                         1
      21.886 |                                         1
      22.689 |                                         1
      31.375 |                                         1
 
SQL statistics:
    queries performed:
        read:                            57316
        write:                           16376
        other:                           8188
        total:                           81880
    transactions:                        4094   (204.37 per sec.)
    queries:                             81880  (4087.43 per sec.)
    ignored errors:                      0      (0.00 per sec.)
    reconnects:                          0      (0.00 per sec.)

General statistics:
    total time:                          20.0318s
    total number of events:              4094

Latency (ms):
         min:                                    3.64
         avg:                                    6.34
         max:                                   31.41
         95th percentile:                       11.45
         sum:                                25970.72

Threads fairness:
    events (avg/stddev):           127.9375/1.14
    execution time (avg/stddev):   0.8116/0.02


