sysbench 1.0.20 (using system LuaJIT 2.1.0-beta3)

Running the test with following options:
Number of threads: 32
Target transaction rate: 200/sec
Initializing random number generator from current time


Initializing worker threads...

Threads started!

Latency histogram (values are in milliseconds)
       value  ------------- distribution ------------- count
       3.488 |                                         1
       3.551 |                                         1
       3.615 |                                         2
       3.681 |***                                      17
       3.748 |****                                     21
       3.816 |********                                 43
       3.885 |*************                            69
       3.956 |***************                          78
       4.028 |**************                           71
       4.101 |****************                         84
       4.176 |******************                       93
       4.252 |********************                     105
       4.329 |************************                 125
       4.407 |*****************************            153
       4.487 |**********************************       176
       4.569 |**********************************       177
       4.652 |*************************************    192
       4.737 |**************************************** 208
       4.823 |**************************************** 208
       4.910 |************************************     186
       4.999 |*********************************        174
       5.090 |**********************************       178
       5.183 |******************************           155
       5.277 |****************************             144
       5.373 |****************************             146
       5.470 |***********************                  120
       5.570 |********************                     102
       5.671 |******************                       96
       5.774 |*******************                      101
       5.879 |******************                       91
       5.986 |*************                            65
       6.095 |************                             62
       6.205 |************                             60
       6.318 |*********                                45
       6.433 |********                                 42
       6.550 |*********                                47
       6.669 |********                                 42
       6.790 |*******                                  38
       6.913 |*****                                    27
       7.039 |****                                     23
       7.167 |*****                                    26
       7.297 |*****                                    26
       7.430 |*****                                    27
       7.565 |*****                                    24
       7.702 |****                                     22
       7.842 |***                                      18
       7.985 |***                                      13
       8.130 |***                                      14
       8.277 |**                                       8
       8.428 |*                                        4
       8.581 |**                                       12
       8.737 |                                         2
       8.895 |**                                       9
       9.057 |*                                        4
       9.222 |**                                       8
       9.389 |*                                        7
       9.560 |**                                       10
       9.734 |                                         2
       9.910 |                                         2
      10.090 |*                                        3
      10.274 |*                                        3
      10.460 |                                         1
      10.651 |                                         1
      10.844 |*                                        5
      11.041 |*                                        5
      11.242 |                                         1
      11.446 |                                         2
      11.654 |                                         2
      11.866 |                                         2
      12.081 |                                         1
      12.301 |                                         1
      13.219 |                                         1
      13.953 |                                         1
      14.995 |                                         1
 
SQL statistics:
    queries performed:
        read:                            56504
        write:                           16144
        other:                           8072
        total:                           80720
    transactions:                        4036   (201.54 per sec.)
    queries:                             80720  (4030.84 per sec.)
    ignored errors:                      0      (0.00 per sec.)
    reconnects:                          0      (0.00 per sec.)

General statistics:
    total time:                          20.0252s
    total number of events:              4036

Latency (ms):
         min:                                    3.49
         avg:                                    5.23
         max:                                   15.07
         95th percentile:                        7.43
         sum:                                21104.98

Threads fairness:
    events (avg/stddev):           126.1250/1.05
    execution time (avg/stddev):   0.6595/0.01


