sysbench 1.0.20 (using system LuaJIT 2.1.0-beta3)

Running the test with following options:
Number of threads: 32
Target transaction rate: 200/sec
Initializing random number generator from current time


Initializing worker threads...

Threads started!

Latency histogram (values are in milliseconds)
       value  ------------- distribution ------------- count
       3.488 |                                         1
       3.551 |                                         1
       3.615 |                                         2
       3.681 |***                                      17
       3.748 |****                                     21
       3.816 |********                                 43
       3.885 |*************                            69
       3.956 |***************                          78
       4.028 |**************                           71
       4.101 |****************                         84
       4.176 |******************                       93
       4.252 |********************                     105
       4.329 |************************                 125
       4.407 |*****************************            153
       4.487 |**********************************       176
       4.569 |**********************************       177
       4.652 |*************************************    192
       4.737 |**************************************** 208
       4.823 |**************************************** 208
       4.910 |************************************     186
       4.999 |*********************************        174
       5.090 |**********************************       178
       5.183 |******************************           155
       5.277 |****************************             144
       5.373 |****************************             146
       5.470 |***********************                  120
       5.570 |********************                     102
       5.671 |******************                       96
       5.774 |*******************                      101
       5.879 |******************                       91
       5.986 |*************                            65
       6.095 |************                             62
       6.205 |************                             60
       6.318 |*********                                45
       6.433 |********                                 42
       6.550 |*********                                47
       6.669 |********                                 42
       6.790 |*******                                  38
       6.913 |*****                                    27
       7.039 |****                                     23
       7.167 |*****                                    26
       7.297 |*****                                    26
       7.430 |*****                                    27
       7.565 |*****                                    24
       7.702 |****                                     22
       7.842 |***                                      18
       7.985 |***                                      13
       8.130 |***                                      14
       8.277 |**                                       8
       8.428 |*                                        4
       8.581 |**                                       12
       8.737 |                                         2
       8.895 |**                                       9
       9.057 |*                                        4
       9.222 |**                                       8
       9.389 |*                                        7
       9.560 |**                                       10
       9.734 |                                         2
       9.910 |                                         2
      10.090 |*                                        3
      10.274 |*                                        3
      10.460 |                                         1
      10.651 |                                         1
      10.844 |*                                        5
      11.041 |*                                        5
      11.242 |                                         1
      11.446 |                                         2
      11.654 |                                         2
      11.866 |                                         2
      12.081 |                                         1
      12.301 |                                         1
      13.219 |                                         1
      13.953 |                                         1
      14.995 |                                         1
 
SQL statistics:
    queries performed:
        read:                            56504
        write:                           16144
        other:                           8072
        total:                           80720
    transactions:                        4036   (201.54 per sec.)
    queries:                             80720  (4030.84 per sec.)
    ignored errors:                      0      (0.00 per sec.)
    reconnects:                          0      (0.00 per sec.)

General statistics:
    total time:                          20.0252s
    total number of events:              4036

Latency (ms):
         min:                                    3.49
         avg:                                    5.23
         max:                                   15.07
         95th percentile:                        7.43
         sum:                                21104.98

Threads fairness:
    events (avg/stddev):           126.1250/1.05
    execution time (avg/stddev):   0.6595/0.01




sysbench 1.0.20 (using system LuaJIT 2.1.0-beta3)

Running the test with following options:
Number of threads: 32
Target transaction rate: 200/sec
Initializing random number generator from current time


Initializing worker threads...

Threads started!

Latency histogram (values are in milliseconds)
       value  ------------- distribution ------------- count
       3.615 |*                                        4
       3.681 |**                                       9
       3.748 |****                                     15
       3.816 |*******                                  28
       3.885 |************                             47
       3.956 |***************                          58
       4.028 |**************                           55
       4.101 |***************                          61
       4.176 |******************                       72
       4.252 |***********************                  93
       4.329 |***************************              109
       4.407 |*************************                99
       4.487 |******************************           121
       4.569 |************************************     142
       4.652 |************************************     143
       4.737 |***************************************  156
       4.823 |**************************************   150
       4.910 |***********************************      140
       4.999 |**************************************** 159
       5.090 |**********************************       134
       5.183 |*************************************    149
       5.277 |*******************************          124
       5.373 |*****************************            116
       5.470 |*********************************        132
       5.570 |*******************************          124
       5.671 |************************                 97
       5.774 |**************************               105
       5.879 |***********************                  91
       5.986 |*********************                    83
       6.095 |********************                     80
       6.205 |******************                       72
       6.318 |*******************                      74
       6.433 |********************                     79
       6.550 |****************                         62
       6.669 |**************                           57
       6.790 |*****************                        67
       6.913 |**************                           54
       7.039 |************                             49
       7.167 |*********                                35
       7.297 |**********                               38
       7.430 |********                                 31
       7.565 |*************                            50
       7.702 |*******                                  27
       7.842 |*******                                  27
       7.985 |******                                   23
       8.130 |*********                                35
       8.277 |******                                   25
       8.428 |*******                                  29
       8.581 |*****                                    21
       8.737 |******                                   22
       8.895 |*******                                  27
       9.057 |*****                                    20
       9.222 |****                                     17
       9.389 |******                                   25
       9.560 |*****                                    20
       9.734 |***                                      10
       9.910 |**                                       6
      10.090 |***                                      11
      10.274 |*                                        4
      10.460 |**                                       9
      10.651 |                                         1
      10.844 |***                                      12
      11.041 |**                                       8
      11.242 |*                                        4
      11.446 |**                                       6
      11.654 |*                                        5
      11.866 |*                                        2
      12.081 |                                         1
      12.301 |                                         1
      12.524 |*                                        3
      12.752 |*                                        2
      12.984 |*                                        3
      13.219 |*                                        2
      13.460 |                                         1
      14.207 |                                         1
      14.465 |                                         1
      17.633 |                                         1
 
SQL statistics:
    queries performed:
        read:                            55664
        write:                           15904
        other:                           7952
        total:                           79520
    transactions:                        3976   (198.56 per sec.)
    queries:                             79520  (3971.23 per sec.)
    ignored errors:                      0      (0.00 per sec.)
    reconnects:                          0      (0.00 per sec.)

General statistics:
    total time:                          20.0236s
    total number of events:              3976

Latency (ms):
         min:                                    3.60
         avg:                                    5.68
         max:                                   17.68
         95th percentile:                        8.90
         sum:                                22595.24

Threads fairness:
    events (avg/stddev):           124.2500/1.35
    execution time (avg/stddev):   0.7061/0.02




sysbench 1.0.20 (using system LuaJIT 2.1.0-beta3)

Running the test with following options:
Number of threads: 32
Target transaction rate: 200/sec
Initializing random number generator from current time


Initializing worker threads...

Threads started!

Latency histogram (values are in milliseconds)
       value  ------------- distribution ------------- count
       3.681 |**                                       6
       3.748 |***                                      10
       3.816 |****                                     13
       3.885 |*********                                32
       3.956 |***********                              37
       4.028 |*********                                33
       4.101 |**********                               35
       4.176 |**************                           50
       4.252 |**************                           48
       4.329 |************************                 83
       4.407 |*************************                87
       4.487 |**************************               91
       4.569 |***********************************      121
       4.652 |*********************************        117
       4.737 |*********************************        116
       4.823 |*******************************          110
       4.910 |*************************************    130
       4.999 |**************************************   134
       5.090 |**************************************** 140
       5.183 |**********************************       120
       5.277 |********************************         111
       5.373 |******************************           105
       5.470 |*****************************            101
       5.570 |***********************************      123
       5.671 |*****************************            101
       5.774 |******************************           106
       5.879 |*************************                87
       5.986 |****************************             97
       6.095 |***************************              96
       6.205 |*********************                    72
       6.318 |************************                 85
       6.433 |*********************                    75
       6.550 |**********************                   78
       6.669 |***************                          53
       6.790 |****************                         55
       6.913 |****************                         57
       7.039 |***************                          54
       7.167 |****************                         55
       7.297 |*************                            47
       7.430 |**************                           50
       7.565 |************                             41
       7.702 |************                             42
       7.842 |*************                            45
       7.985 |***********                              40
       8.130 |**********                               36
       8.277 |********                                 29
       8.428 |***********                              37
       8.581 |*********                                30
       8.737 |*********                                33
       8.895 |***********                              40
       9.057 |**********                               35
       9.222 |*********                                31
       9.389 |******                                   22
       9.560 |******                                   22
       9.734 |*******                                  23
       9.910 |*****                                    19
      10.090 |******                                   20
      10.274 |*****                                    19
      10.460 |*****                                    16
      10.651 |*****                                    19
      10.844 |****                                     13
      11.041 |*****                                    17
      11.242 |***                                      9
      11.446 |******                                   20
      11.654 |***                                      12
      11.866 |***                                      9
      12.081 |***                                      9
      12.301 |*****                                    18
      12.524 |*                                        5
      12.752 |*                                        3
      12.984 |****                                     13
      13.219 |*                                        5
      13.460 |**                                       8
      13.704 |**                                       6
      13.953 |*                                        4
      14.207 |*                                        3
      14.465 |*                                        2
      14.728 |*                                        4
      14.995 |**                                       6
      15.268 |*                                        3
      15.545 |*                                        3
      15.828 |                                         1
      16.115 |*                                        3
      16.408 |*                                        3
      16.706 |*                                        3
      17.010 |                                         1
      17.633 |                                         1
      18.280 |                                         1
      19.295 |                                         1
      23.948 |                                         1
 
SQL statistics:
    queries performed:
        read:                            54698
        write:                           15628
        other:                           7814
        total:                           78140
    transactions:                        3907   (195.04 per sec.)
    queries:                             78140  (3900.83 per sec.)
    ignored errors:                      0      (0.00 per sec.)
    reconnects:                          0      (0.00 per sec.)

General statistics:
    total time:                          20.0312s
    total number of events:              3907

Latency (ms):
         min:                                    3.69
         avg:                                    6.28
         max:                                   24.09
         95th percentile:                       10.65
         sum:                                24517.78

Threads fairness:
    events (avg/stddev):           122.0938/1.31
    execution time (avg/stddev):   0.7662/0.02




sysbench 1.0.20 (using system LuaJIT 2.1.0-beta3)

Running the test with following options:
Number of threads: 32
Target transaction rate: 200/sec
Initializing random number generator from current time


Initializing worker threads...

Threads started!

Latency histogram (values are in milliseconds)
       value  ------------- distribution ------------- count
       3.551 |                                         1
       3.681 |*                                        6
       3.748 |***                                      16
       3.816 |******                                   33
       3.885 |***********                              57
       3.956 |***********                              55
       4.028 |**************                           72
       4.101 |*******************                      97
       4.176 |********************                     102
       4.252 |**************************               133
       4.329 |***************************              139
       4.407 |*****************************            149
       4.487 |*********************************        174
       4.569 |**********************************       176
       4.652 |***************************************  204
       4.737 |**************************************** 208
       4.823 |************************************     185
       4.910 |*************************************    190
       4.999 |**************************************   200
       5.090 |*************************************    191
       5.183 |***************************              142
       5.277 |**********************************       179
       5.373 |***************************              140
       5.470 |**********************                   114
       5.570 |**************************               133
       5.671 |*******************                      100
       5.774 |***************                          77
       5.879 |*************                            66
       5.986 |************                             63
       6.095 |************                             63
       6.205 |********                                 41
       6.318 |*********                                47
       6.433 |********                                 40
       6.550 |********                                 43
       6.669 |*******                                  34
       6.790 |******                                   30
       6.913 |****                                     23
       7.039 |******                                   30
       7.167 |*****                                    24
       7.297 |***                                      14
       7.430 |***                                      18
       7.565 |***                                      14
       7.702 |**                                       10
       7.842 |**                                       11
       7.985 |***                                      17
       8.130 |**                                       10
       8.277 |**                                       8
       8.428 |*                                        6
       8.581 |**                                       9
       8.737 |**                                       8
       8.895 |*                                        5
       9.057 |*                                        4
       9.222 |**                                       8
       9.389 |*                                        7
       9.560 |**                                       8
       9.734 |*                                        5
       9.910 |*                                        4
      10.090 |*                                        5
      10.274 |                                         2
      10.460 |*                                        6
      10.651 |*                                        6
      10.844 |*                                        6
      11.041 |*                                        4
      11.242 |                                         2
      11.446 |*                                        4
      11.654 |                                         2
      11.866 |                                         1
      12.301 |                                         1
      12.752 |*                                        3
      13.460 |                                         1
      13.704 |                                         2
      13.953 |                                         1
      14.207 |                                         1
      14.728 |                                         2
      15.268 |                                         1
      16.115 |                                         1
      16.408 |                                         1
      16.706 |                                         1
 
SQL statistics:
    queries performed:
        read:                            55944
        write:                           15984
        other:                           7992
        total:                           79920
    transactions:                        3996   (199.53 per sec.)
    queries:                             79920  (3990.61 per sec.)
    ignored errors:                      0      (0.00 per sec.)
    reconnects:                          0      (0.00 per sec.)

General statistics:
    total time:                          20.0267s
    total number of events:              3996

Latency (ms):
         min:                                    3.57
         avg:                                    5.24
         max:                                   16.64
         95th percentile:                        7.43
         sum:                                20920.52

Threads fairness:
    events (avg/stddev):           124.8750/1.29
    execution time (avg/stddev):   0.6538/0.02




sysbench 1.0.20 (using system LuaJIT 2.1.0-beta3)

Running the test with following options:
Number of threads: 32
Target transaction rate: 200/sec
Initializing random number generator from current time


Initializing worker threads...

Threads started!

Latency histogram (values are in milliseconds)
       value  ------------- distribution ------------- count
       3.551 |                                         2
       3.615 |                                         1
       3.681 |*                                        7
       3.748 |**                                       9
       3.816 |*****                                    26
       3.885 |**********                               49
       3.956 |*************                            62
       4.028 |***************                          72
       4.101 |*************                            65
       4.176 |*******************                      93
       4.252 |******************                       88
       4.329 |***********************                  114
       4.407 |**********************                   108
       4.487 |*********************************        164
       4.569 |******************************           146
       4.652 |***************************************  192
       4.737 |**************************************   187
       4.823 |***********************************      174
       4.910 |**************************************** 197
       4.999 |*********************************        162
       5.090 |*********************************        163
       5.183 |****************************             137
       5.277 |******************************           147
       5.373 |******************************           149
       5.470 |***************************              132
       5.570 |********************                     100
       5.671 |*******************                      93
       5.774 |****************                         81
       5.879 |***************                          74
       5.986 |**************                           68
       6.095 |***************                          72
       6.205 |***********                              53
       6.318 |******                                   31
       6.433 |******                                   30
       6.550 |******                                   30
       6.669 |******                                   31
       6.790 |******                                   28
       6.913 |*****                                    26
       7.039 |******                                   31
       7.167 |******                                   31
       7.297 |*****                                    26
       7.430 |*******                                  33
       7.565 |******                                   31
       7.702 |*****                                    27
       7.842 |****                                     18
       7.985 |****                                     19
       8.130 |*******                                  35
       8.277 |******                                   30
       8.428 |*****                                    26
       8.581 |****                                     21
       8.737 |******                                   28
       8.895 |****                                     20
       9.057 |***                                      13
       9.222 |***                                      17
       9.389 |***                                      16
       9.560 |****                                     19
       9.734 |***                                      16
       9.910 |****                                     18
      10.090 |**                                       8
      10.274 |***                                      17
      10.460 |***                                      16
      10.651 |****                                     20
      10.844 |**                                       9
      11.041 |**                                       10
      11.242 |***                                      13
      11.446 |**                                       11
      11.654 |**                                       8
      11.866 |*                                        7
      12.081 |**                                       11
      12.301 |*                                        3
      12.524 |**                                       10
      12.752 |*                                        5
      12.984 |                                         1
      13.219 |                                         1
      13.460 |*                                        6
      13.704 |*                                        5
      13.953 |*                                        3
      14.207 |*                                        4
      14.465 |                                         2
      14.728 |                                         2
      14.995 |                                         1
      15.268 |                                         1
      15.545 |                                         1
      16.115 |                                         1
      17.010 |                                         1
      18.950 |                                         1
 
SQL statistics:
    queries performed:
        read:                            56224
        write:                           16064
        other:                           8032
        total:                           80320
    transactions:                        4016   (200.45 per sec.)
    queries:                             80320  (4008.96 per sec.)
    ignored errors:                      0      (0.00 per sec.)
    reconnects:                          0      (0.00 per sec.)

General statistics:
    total time:                          20.0347s
    total number of events:              4016

Latency (ms):
         min:                                    3.56
         avg:                                    5.69
         max:                                   18.96
         95th percentile:                        9.73
         sum:                                22842.43

Threads fairness:
    events (avg/stddev):           125.5000/1.03
    execution time (avg/stddev):   0.7138/0.01




sysbench 1.0.20 (using system LuaJIT 2.1.0-beta3)

Running the test with following options:
Number of threads: 32
Target transaction rate: 200/sec
Initializing random number generator from current time


Initializing worker threads...

Threads started!

Latency histogram (values are in milliseconds)
       value  ------------- distribution ------------- count
       3.615 |                                         1
       3.681 |*                                        2
       3.748 |*                                        4
       3.816 |*                                        5
       3.885 |***                                      12
       3.956 |******                                   22
       4.028 |******                                   23
       4.101 |********                                 29
       4.176 |*********                                34
       4.252 |************                             45
       4.329 |***************                          59
       4.407 |******************                       68
       4.487 |**********************                   86
       4.569 |*******************                      74
       4.652 |**********************                   84
       4.737 |******************************           114
       4.823 |*****************************            111
       4.910 |*******************************          119
       4.999 |*******************************          119
       5.090 |**************************************** 154
       5.183 |**********************************       132
       5.277 |*********************************        127
       5.373 |**********************************       131
       5.470 |*********************************        127
       5.570 |*******************************          121
       5.671 |**********************************       132
       5.774 |*******************************          119
       5.879 |*******************************          120
       5.986 |**************************               99
       6.095 |*************************                96
       6.205 |**************************               102
       6.318 |**********************                   86
       6.433 |*******************                      72
       6.550 |*******************                      74
       6.669 |********************                     76
       6.790 |*****************                        65
       6.913 |***************                          59
       7.039 |**************                           52
       7.167 |****************                         62
       7.297 |***********                              43
       7.430 |***********                              43
       7.565 |***********                              42
       7.702 |***********                              42
       7.842 |**********                               37
       7.985 |*********                                36
       8.130 |**********                               37
       8.277 |*********                                36
       8.428 |******                                   24
       8.581 |********                                 32
       8.737 |*********                                36
       8.895 |*******                                  28
       9.057 |*****                                    21
       9.222 |********                                 29
       9.389 |******                                   23
       9.560 |*******                                  27
       9.734 |******                                   22
       9.910 |*****                                    18
      10.090 |*********                                35
      10.274 |****                                     17
      10.460 |*****                                    21
      10.651 |*****                                    19
      10.844 |****                                     15
      11.041 |****                                     17
      11.242 |*******                                  27
      11.446 |*****                                    18
      11.654 |**                                       6
      11.866 |****                                     16
      12.081 |****                                     15
      12.301 |*****                                    18
      12.524 |****                                     16
      12.752 |**                                       6
      12.984 |****                                     15
      13.219 |****                                     16
      13.460 |****                                     14
      13.704 |**                                       9
      13.953 |**                                       6
      14.207 |***                                      11
      14.465 |**                                       8
      14.728 |***                                      10
      14.995 |**                                       9
      15.268 |**                                       6
      15.545 |**                                       8
      15.828 |**                                       8
      16.115 |**                                       7
      16.408 |**                                       6
      16.706 |*                                        4
      17.010 |***                                      10
      17.319 |**                                       7
      17.633 |*                                        5
      17.954 |*                                        4
      18.280 |                                         1
      18.612 |*                                        2
      18.950 |*                                        2
      19.295 |*                                        2
      19.645 |*                                        2
      20.002 |                                         1
      20.366 |                                         1
      20.736 |*                                        3
      21.112 |                                         1
      21.886 |                                         1
 
SQL statistics:
    queries performed:
        read:                            56252
        write:                           16072
        other:                           8036
        total:                           80360
    transactions:                        4018   (200.60 per sec.)
    queries:                             80360  (4011.98 per sec.)
    ignored errors:                      0      (0.00 per sec.)
    reconnects:                          0      (0.00 per sec.)

General statistics:
    total time:                          20.0296s
    total number of events:              4018

Latency (ms):
         min:                                    3.61
         avg:                                    6.66
         max:                                   21.86
         95th percentile:                       12.30
         sum:                                26779.02

Threads fairness:
    events (avg/stddev):           125.5625/1.17
    execution time (avg/stddev):   0.8368/0.03




sysbench 1.0.20 (using system LuaJIT 2.1.0-beta3)

Running the test with following options:
Number of threads: 32
Target transaction rate: 200/sec
Initializing random number generator from current time


Initializing worker threads...

Threads started!

Latency histogram (values are in milliseconds)
       value  ------------- distribution ------------- count
       3.748 |*                                        4
       3.816 |**                                       8
       3.885 |****                                     14
       3.956 |******                                   20
       4.028 |*****                                    18
       4.101 |******                                   21
       4.176 |*********                                31
       4.252 |**********                               34
       4.329 |**********                               34
       4.407 |***************                          51
       4.487 |******************                       60
       4.569 |**************************               87
       4.652 |************************                 80
       4.737 |************************                 79
       4.823 |*********************************        110
       4.910 |*******************************          103
       4.999 |******************************           99
       5.090 |***************************************  129
       5.183 |**************************************** 133
       5.277 |**********************************       113
       5.373 |**************************************** 134
       5.470 |**************************************   126
       5.570 |*************************************    123
       5.671 |***********************************      117
       5.774 |**********************************       113
       5.879 |***************************              91
       5.986 |*********************************        112
       6.095 |*****************************            98
       6.205 |***********************************      116
       6.318 |***************************              90
       6.433 |************************                 81
       6.550 |*************************                84
       6.669 |**********************                   74
       6.790 |*********************                    71
       6.913 |**********************                   73
       7.039 |*********************                    71
       7.167 |****************                         55
       7.297 |***************                          51
       7.430 |****************                         52
       7.565 |**********                               33
       7.702 |********                                 28
       7.842 |*************                            42
       7.985 |**********                               33
       8.130 |**********                               35
       8.277 |**********                               33
       8.428 |********                                 28
       8.581 |*******                                  25
       8.737 |*******                                  25
       8.895 |**********                               32
       9.057 |********                                 26
       9.222 |******                                   21
       9.389 |********                                 26
       9.560 |*********                                29
       9.734 |********                                 28
       9.910 |*******                                  24
      10.090 |*******                                  23
      10.274 |*****                                    16
      10.460 |*****                                    17
      10.651 |*******                                  23
      10.844 |*****                                    18
      11.041 |*****                                    18
      11.242 |******                                   19
      11.446 |*******                                  23
      11.654 |******                                   20
      11.866 |******                                   19
      12.081 |******                                   20
      12.301 |*****                                    17
      12.524 |****                                     15
      12.752 |****                                     14
      12.984 |****                                     14
      13.219 |****                                     14
      13.460 |****                                     12
      13.704 |*****                                    18
      13.953 |****                                     14
      14.207 |*****                                    16
      14.465 |******                                   20
      14.728 |****                                     15
      14.995 |****                                     12
      15.268 |****                                     13
      15.545 |**                                       6
      15.828 |***                                      9
      16.115 |***                                      10
      16.408 |**                                       8
      16.706 |**                                       6
      17.010 |**                                       7
      17.319 |***                                      10
      17.633 |***                                      10
      17.954 |*                                        5
      18.280 |*                                        2
      18.612 |*                                        5
      18.950 |*                                        2
      19.295 |*                                        2
      19.645 |*                                        2
      20.002 |*                                        3
      20.366 |                                         1
      20.736 |*                                        2
      21.112 |*                                        5
      21.496 |*                                        2
      21.886 |                                         1
      22.284 |*                                        2
      22.689 |                                         1
      23.948 |                                         1
      24.827 |                                         1
      27.165 |                                         1
      27.659 |                                         1
      28.162 |                                         1
      28.673 |                                         1
 
SQL statistics:
    queries performed:
        read:                            55230
        write:                           15780
        other:                           7890
        total:                           78900
    transactions:                        3945   (196.91 per sec.)
    queries:                             78900  (3938.12 per sec.)
    ignored errors:                      0      (0.00 per sec.)
    reconnects:                          0      (0.00 per sec.)

General statistics:
    total time:                          20.0346s
    total number of events:              3945

Latency (ms):
         min:                                    3.75
         avg:                                    7.00
         max:                                   28.86
         95th percentile:                       13.70
         sum:                                27610.75

Threads fairness:
    events (avg/stddev):           123.2812/1.01
    execution time (avg/stddev):   0.8628/0.02




sysbench 1.0.20 (using system LuaJIT 2.1.0-beta3)

Running the test with following options:
Number of threads: 32
Target transaction rate: 200/sec
Initializing random number generator from current time


Initializing worker threads...

Threads started!

Latency histogram (values are in milliseconds)
       value  ------------- distribution ------------- count
       3.748 |                                         1
       3.816 |*                                        4
       3.885 |***                                      11
       3.956 |***                                      11
       4.028 |******                                   20
       4.101 |*******                                  24
       4.176 |*********                                32
       4.252 |********                                 28
       4.329 |***********                              36
       4.407 |***********                              38
       4.487 |****************                         56
       4.569 |******************                       61
       4.652 |*******************                      66
       4.737 |****************************             96
       4.823 |**********************************       117
       4.910 |*********************************        112
       4.999 |****************************             96
       5.090 |************************************     122
       5.183 |***************************************  133
       5.277 |***********************************      121
       5.373 |*********************************        112
       5.470 |************************************     125
       5.570 |***********************************      121
       5.671 |**************************************** 137
       5.774 |**************************************   131
       5.879 |************************************     124
       5.986 |**********************************       118
       6.095 |****************************             96
       6.205 |*******************************          106
       6.318 |****************************             96
       6.433 |***************************              93
       6.550 |*************************                87
       6.669 |****************************             97
       6.790 |************************                 82
       6.913 |****************                         56
       7.039 |******************                       63
       7.167 |*******************                      66
       7.297 |******************                       62
       7.430 |*****************                        57
       7.565 |*************                            46
       7.702 |********                                 29
       7.842 |********                                 26
       7.985 |*********                                31
       8.130 |******                                   22
       8.277 |********                                 27
       8.428 |*******                                  24
       8.581 |**********                               35
       8.737 |********                                 29
       8.895 |*********                                30
       9.057 |*******                                  24
       9.222 |*******                                  25
       9.389 |*******                                  24
       9.560 |******                                   20
       9.734 |*******                                  24
       9.910 |******                                   19
      10.090 |*******                                  24
      10.274 |******                                   22
      10.460 |******                                   20
      10.651 |****                                     15
      10.844 |*******                                  23
      11.041 |******                                   21
      11.242 |*******                                  25
      11.446 |****                                     13
      11.654 |*****                                    16
      11.866 |****                                     14
      12.081 |***                                      10
      12.301 |******                                   19
      12.524 |****                                     13
      12.752 |******                                   21
      12.984 |****                                     14
      13.219 |****                                     14
      13.460 |*****                                    17
      13.704 |***                                      10
      13.953 |****                                     14
      14.207 |*****                                    18
      14.465 |***                                      10
      14.728 |****                                     12
      14.995 |****                                     12
      15.268 |**                                       8
      15.545 |*****                                    17
      15.828 |****                                     14
      16.115 |***                                      10
      16.408 |****                                     14
      16.706 |**                                       8
      17.010 |***                                      11
      17.319 |**                                       8
      17.633 |***                                      11
      17.954 |**                                       7
      18.280 |**                                       7
      18.612 |****                                     12
      18.950 |**                                       7
      19.295 |**                                       6
      19.645 |*                                        5
      20.002 |***                                      9
      20.366 |*                                        4
      20.736 |*                                        4
      21.112 |*                                        3
      21.496 |*                                        2
      21.886 |**                                       8
      22.284 |**                                       7
      23.101 |*                                        2
      23.521 |*                                        5
      23.948 |*                                        3
      24.384 |*                                        4
      24.827 |                                         1
      25.278 |*                                        3
      26.681 |*                                        3
      27.659 |*                                        2
      28.162 |*                                        3
      29.725 |                                         1
      34.954 |                                         1
 
SQL statistics:
    queries performed:
        read:                            56504
        write:                           16144
        other:                           8072
        total:                           80720
    transactions:                        4036   (201.35 per sec.)
    queries:                             80720  (4026.94 per sec.)
    ignored errors:                      0      (0.00 per sec.)
    reconnects:                          0      (0.00 per sec.)

General statistics:
    total time:                          20.0446s
    total number of events:              4036

Latency (ms):
         min:                                    3.76
         avg:                                    7.26
         max:                                   34.90
         95th percentile:                       15.27
         sum:                                29305.07

Threads fairness:
    events (avg/stddev):           126.1250/1.63
    execution time (avg/stddev):   0.9158/0.05




sysbench 1.0.20 (using system LuaJIT 2.1.0-beta3)

Running the test with following options:
Number of threads: 32
Target transaction rate: 200/sec
Initializing random number generator from current time


Initializing worker threads...

Threads started!

Latency histogram (values are in milliseconds)
       value  ------------- distribution ------------- count
       3.681 |*                                        4
       3.748 |*                                        3
       3.816 |***                                      16
       3.885 |*****                                    23
       3.956 |**********                               46
       4.028 |*************                            61
       4.101 |****************                         74
       4.176 |*****************                        82
       4.252 |*****************                        80
       4.329 |****************                         76
       4.407 |**************************               123
       4.487 |************************                 115
       4.569 |***************************              130
       4.652 |***********************************      165
       4.737 |*********************************        158
       4.823 |*********************************        155
       4.910 |**************************************** 189
       4.999 |**************************************** 190
       5.090 |*********************************        158
       5.183 |**********************************       162
       5.277 |********************************         151
       5.373 |*****************************            140
       5.470 |****************************             133
       5.570 |**************************               122
       5.671 |**********************                   103
       5.774 |***********************                  107
       5.879 |******************                       84
       5.986 |******************                       85
       6.095 |****************                         78
       6.205 |**************                           67
       6.318 |*************                            62
       6.433 |*********                                42
       6.550 |********                                 40
       6.669 |*******                                  32
       6.790 |******                                   28
       6.913 |******                                   28
       7.039 |******                                   28
       7.167 |***                                      14
       7.297 |*****                                    23
       7.430 |****                                     17
       7.565 |****                                     21
       7.702 |****                                     20
       7.842 |****                                     17
       7.985 |****                                     17
       8.130 |***                                      13
       8.277 |****                                     18
       8.428 |***                                      13
       8.581 |****                                     17
       8.737 |***                                      15
       8.895 |***                                      12
       9.057 |***                                      12
       9.222 |***                                      16
       9.389 |**                                       10
       9.560 |****                                     17
       9.734 |***                                      13
       9.910 |***                                      16
      10.090 |****                                     17
      10.274 |***                                      16
      10.460 |***                                      14
      10.651 |**                                       9
      10.844 |****                                     20
      11.041 |**                                       11
      11.242 |***                                      14
      11.446 |****                                     20
      11.654 |**                                       11
      11.866 |***                                      14
      12.081 |***                                      16
      12.301 |***                                      13
      12.524 |***                                      13
      12.752 |****                                     17
      12.984 |***                                      12
      13.219 |**                                       11
      13.460 |***                                      12
      13.704 |***                                      14
      13.953 |*                                        6
      14.207 |**                                       9
      14.465 |***                                      16
      14.728 |**                                       11
      14.995 |*                                        6
      15.268 |*                                        5
      15.545 |***                                      12
      15.828 |                                         2
      16.115 |*                                        6
      16.408 |*                                        3
      16.706 |*                                        7
      17.010 |**                                       8
      17.319 |*                                        6
      17.633 |*                                        6
      17.954 |*                                        3
      18.280 |                                         2
      18.612 |                                         1
      18.950 |*                                        4
      19.295 |*                                        3
      19.645 |                                         2
      20.736 |                                         1
      21.112 |                                         1
      21.496 |                                         1
      22.284 |                                         1
      22.689 |                                         1
      24.384 |                                         1
 
SQL statistics:
    queries performed:
        read:                            56266
        write:                           16076
        other:                           8038
        total:                           80380
    transactions:                        4019   (200.63 per sec.)
    queries:                             80380  (4012.57 per sec.)
    ignored errors:                      0      (0.00 per sec.)
    reconnects:                          0      (0.00 per sec.)

General statistics:
    total time:                          20.0317s
    total number of events:              4019

Latency (ms):
         min:                                    3.66
         avg:                                    6.13
         max:                                   24.26
         95th percentile:                       12.52
         sum:                                24643.53

Threads fairness:
    events (avg/stddev):           125.5938/1.03
    execution time (avg/stddev):   0.7701/0.02




sysbench 1.0.20 (using system LuaJIT 2.1.0-beta3)

Running the test with following options:
Number of threads: 32
Target transaction rate: 200/sec
Initializing random number generator from current time


Initializing worker threads...

Threads started!

Latency histogram (values are in milliseconds)
       value  ------------- distribution ------------- count
       3.681 |                                         2
       3.748 |**                                       11
       3.816 |****                                     20
       3.885 |*******                                  36
       3.956 |**********                               50
       4.028 |*****************                        83
       4.101 |******************                       88
       4.176 |*******************                      91
       4.252 |******************                       88
       4.329 |*******************                      92
       4.407 |**************************               127
       4.487 |**************************               125
       4.569 |**********************************       165
       4.652 |**********************************       165
       4.737 |**********************************       167
       4.823 |**************************************** 194
       4.910 |*************************************    181
       4.999 |**************************************** 195
       5.090 |***********************************      172
       5.183 |***********************************      170
       5.277 |************************************     175
       5.373 |******************************           148
       5.470 |**************************               127
       5.570 |****************************             136
       5.671 |*******************                      91
       5.774 |*******************                      91
       5.879 |******************                       87
       5.986 |***************                          74
       6.095 |****************                         76
       6.205 |*********                                45
       6.318 |*********                                46
       6.433 |********                                 39
       6.550 |*********                                43
       6.669 |*******                                  33
       6.790 |******                                   31
       6.913 |******                                   29
       7.039 |****                                     20
       7.167 |*****                                    23
       7.297 |***                                      16
       7.430 |*****                                    22
       7.565 |***                                      14
       7.702 |*****                                    26
       7.842 |****                                     20
       7.985 |****                                     20
       8.130 |***                                      13
       8.277 |**                                       10
       8.428 |**                                       11
       8.581 |****                                     21
       8.737 |**                                       10
       8.895 |*****                                    23
       9.057 |***                                      13
       9.222 |***                                      16
       9.389 |***                                      17
       9.560 |***                                      13
       9.734 |****                                     21
       9.910 |****                                     18
      10.090 |*****                                    23
      10.274 |****                                     19
      10.460 |**                                       10
      10.651 |****                                     18
      10.844 |****                                     20
      11.041 |**                                       9
      11.242 |****                                     18
      11.446 |****                                     18
      11.654 |****                                     18
      11.866 |**                                       10
      12.081 |***                                      13
      12.301 |**                                       8
      12.524 |*                                        5
      12.752 |***                                      14
      12.984 |**                                       8
      13.219 |**                                       9
      13.460 |*                                        6
      13.704 |**                                       9
      13.953 |*                                        5
      14.207 |**                                       8
      14.465 |**                                       10
      14.728 |*                                        4
      14.995 |*                                        3
      15.268 |*                                        3
      15.545 |*                                        3
      15.828 |*                                        4
      16.115 |                                         1
      16.408 |                                         1
      16.706 |                                         1
      17.010 |*                                        4
      17.319 |                                         1
      17.633 |                                         1
      19.645 |                                         2
 
SQL statistics:
    queries performed:
        read:                            57764
        write:                           16504
        other:                           8252
        total:                           82520
    transactions:                        4126   (205.96 per sec.)
    queries:                             82520  (4119.24 per sec.)
    ignored errors:                      0      (0.00 per sec.)
    reconnects:                          0      (0.00 per sec.)

General statistics:
    total time:                          20.0325s
    total number of events:              4126

Latency (ms):
         min:                                    3.70
         avg:                                    5.83
         max:                                   19.80
         95th percentile:                       10.84
         sum:                                24038.03

Threads fairness:
    events (avg/stddev):           128.9375/1.14
    execution time (avg/stddev):   0.7512/0.03




sysbench 1.0.20 (using system LuaJIT 2.1.0-beta3)

Running the test with following options:
Number of threads: 32
Target transaction rate: 200/sec
Initializing random number generator from current time


Initializing worker threads...

Threads started!

Latency histogram (values are in milliseconds)
       value  ------------- distribution ------------- count
       3.615 |                                         1
       3.681 |                                         2
       3.748 |***                                      15
       3.816 |*****                                    29
       3.885 |********                                 44
       3.956 |*************                            70
       4.028 |*************                            69
       4.101 |******************                       96
       4.176 |***************                          79
       4.252 |********************                     103
       4.329 |***********************                  119
       4.407 |*********************                    111
       4.487 |*************************                134
       4.569 |********************************         168
       4.652 |*********************************        174
       4.737 |**************************************** 211
       4.823 |***************************************  208
       4.910 |******************************           158
       4.999 |*************************************    193
       5.090 |****************************             149
       5.183 |********************************         168
       5.277 |*****************************            154
       5.373 |**************************               138
       5.470 |************************                 129
       5.570 |***********************                  123
       5.671 |*******************                      98
       5.774 |****************                         84
       5.879 |************                             62
       5.986 |*************                            68
       6.095 |***********                              60
       6.205 |*********                                48
       6.318 |********                                 42
       6.433 |*******                                  37
       6.550 |*******                                  36
       6.669 |******                                   34
       6.790 |******                                   33
       6.913 |*****                                    27
       7.039 |***                                      17
       7.167 |*****                                    25
       7.297 |****                                     19
       7.430 |***                                      17
       7.565 |*****                                    24
       7.702 |****                                     19
       7.842 |***                                      14
       7.985 |***                                      17
       8.130 |**                                       13
       8.277 |****                                     20
       8.428 |*****                                    25
       8.581 |***                                      15
       8.737 |***                                      15
       8.895 |**                                       13
       9.057 |***                                      15
       9.222 |**                                       13
       9.389 |**                                       13
       9.560 |**                                       11
       9.734 |***                                      14
       9.910 |**                                       13
      10.090 |***                                      14
      10.274 |**                                       9
      10.460 |****                                     20
      10.651 |**                                       10
      10.844 |*                                        5
      11.041 |**                                       12
      11.242 |**                                       11
      11.446 |*                                        5
      11.654 |**                                       11
      11.866 |**                                       10
      12.081 |*                                        6
      12.301 |**                                       10
      12.524 |                                         2
      12.752 |*                                        3
      12.984 |*                                        4
      13.219 |                                         1
      13.460 |*                                        5
      13.704 |                                         1
      13.953 |*                                        4
      14.207 |                                         1
      14.465 |                                         1
      14.995 |                                         1
      15.268 |                                         2
      15.545 |                                         2
      15.828 |                                         1
      16.115 |*                                        3
      17.319 |                                         1
      18.280 |                                         1
      19.295 |                                         1
 
SQL statistics:
    queries performed:
        read:                            55482
        write:                           15852
        other:                           7926
        total:                           79260
    transactions:                        3963   (197.87 per sec.)
    queries:                             79260  (3957.41 per sec.)
    ignored errors:                      0      (0.00 per sec.)
    reconnects:                          0      (0.00 per sec.)

General statistics:
    total time:                          20.0279s
    total number of events:              3963

Latency (ms):
         min:                                    3.60
         avg:                                    5.55
         max:                                   19.13
         95th percentile:                        9.39
         sum:                                22006.37

Threads fairness:
    events (avg/stddev):           123.8438/1.03
    execution time (avg/stddev):   0.6877/0.02




sysbench 1.0.20 (using system LuaJIT 2.1.0-beta3)

Running the test with following options:
Number of threads: 32
Target transaction rate: 200/sec
Initializing random number generator from current time


Initializing worker threads...

Threads started!

Latency histogram (values are in milliseconds)
       value  ------------- distribution ------------- count
       3.615 |                                         2
       3.681 |****                                     18
       3.748 |*****                                    25
       3.816 |*******                                  37
       3.885 |************                             59
       3.956 |**************                           72
       4.028 |*****************                        86
       4.101 |*********************                    107
       4.176 |***********************                  114
       4.252 |******************                       90
       4.329 |****************************             140
       4.407 |******************************           151
       4.487 |*******************************          159
       4.569 |********************************         164
       4.652 |**************************************   190
       4.737 |************************************     180
       4.823 |**************************************** 202
       4.910 |*************************************    186
       4.999 |************************************     180
       5.090 |************************************     180
       5.183 |*********************************        169
       5.277 |*****************************            146
       5.373 |************************                 120
       5.470 |***********************                  114
       5.570 |********************                     100
       5.671 |********************                     101
       5.774 |****************                         81
       5.879 |**************                           70
       5.986 |***********                              58
       6.095 |********                                 42
       6.205 |************                             63
       6.318 |**********                               53
       6.433 |*********                                43
       6.550 |**********                               51
       6.669 |******                                   29
       6.790 |*******                                  35
       6.913 |*****                                    27
       7.039 |******                                   29
       7.167 |******                                   32
       7.297 |******                                   31
       7.430 |*****                                    24
       7.565 |****                                     21
       7.702 |***                                      17
       7.842 |****                                     21
       7.985 |***                                      17
       8.130 |***                                      16
       8.277 |***                                      16
       8.428 |**                                       10
       8.581 |**                                       10
       8.737 |*                                        6
       8.895 |*                                        5
       9.057 |**                                       8
       9.222 |**                                       8
       9.389 |*                                        3
       9.560 |**                                       11
       9.734 |**                                       10
       9.910 |*                                        5
      10.090 |**                                       8
      10.274 |**                                       8
      10.460 |*                                        7
      10.651 |*                                        4
      10.844 |*                                        5
      11.041 |*                                        5
      11.242 |*                                        5
      11.446 |*                                        3
      11.654 |*                                        3
      11.866 |                                         1
      12.081 |                                         2
      12.301 |*                                        4
      12.524 |                                         1
      12.752 |                                         1
      13.219 |                                         1
      13.460 |                                         2
      14.728 |                                         1
      14.995 |*                                        3
      15.545 |                                         1
      19.645 |                                         1
      21.886 |                                         1
 
SQL statistics:
    queries performed:
        read:                            56154
        write:                           16044
        other:                           8022
        total:                           80220
    transactions:                        4011   (200.33 per sec.)
    queries:                             80220  (4006.54 per sec.)
    ignored errors:                      0      (0.00 per sec.)
    reconnects:                          0      (0.00 per sec.)

General statistics:
    total time:                          20.0219s
    total number of events:              4011

Latency (ms):
         min:                                    3.61
         avg:                                    5.31
         max:                                   21.82
         95th percentile:                        7.84
         sum:                                21288.95

Threads fairness:
    events (avg/stddev):           125.3438/1.11
    execution time (avg/stddev):   0.6653/0.01




sysbench 1.0.20 (using system LuaJIT 2.1.0-beta3)

Running the test with following options:
Number of threads: 32
Target transaction rate: 200/sec
Initializing random number generator from current time


Initializing worker threads...

Threads started!

Latency histogram (values are in milliseconds)
       value  ------------- distribution ------------- count
       3.425 |                                         1
       3.488 |                                         1
       3.551 |*                                        5
       3.615 |**                                       10
       3.681 |****                                     25
       3.748 |******                                   37
       3.816 |**********                               55
       3.885 |**********                               60
       3.956 |*************                            74
       4.028 |******************                       104
       4.101 |*******************                      112
       4.176 |*****************                        97
       4.252 |*****************                        96
       4.329 |*****************************            167
       4.407 |******************************           174
       4.487 |*********************************        190
       4.569 |********************************         186
       4.652 |**************************************** 230
       4.737 |***********************************      201
       4.823 |*********************************        190
       4.910 |*************************************    213
       4.999 |***********************************      203
       5.090 |*****************************            167
       5.183 |*****************************            167
       5.277 |***************************              154
       5.373 |********************                     114
       5.470 |*******************                      111
       5.570 |********************                     113
       5.671 |***************                          86
       5.774 |****************                         90
       5.879 |***********                              61
       5.986 |*********                                52
       6.095 |************                             71
       6.205 |********                                 47
       6.318 |******                                   36
       6.433 |******                                   32
       6.550 |*****                                    26
       6.669 |*****                                    26
       6.790 |***                                      17
       6.913 |***                                      19
       7.039 |***                                      18
       7.167 |**                                       10
       7.297 |**                                       12
       7.430 |***                                      19
       7.565 |**                                       13
       7.702 |*                                        6
       7.842 |*                                        4
       7.985 |*                                        8
       8.130 |*                                        3
       8.277 |*                                        8
       8.428 |*                                        6
       8.581 |                                         1
       8.737 |*                                        4
       8.895 |                                         1
       9.057 |                                         2
       9.389 |*                                        5
       9.560 |                                         1
       9.910 |                                         1
      10.090 |                                         1
      10.274 |                                         1
      10.651 |                                         2
      10.844 |                                         2
      12.984 |                                         1
 
SQL statistics:
    queries performed:
        read:                            55286
        write:                           15796
        other:                           7898
        total:                           78980
    transactions:                        3949   (197.19 per sec.)
    queries:                             78980  (3943.84 per sec.)
    ignored errors:                      0      (0.00 per sec.)
    reconnects:                          0      (0.00 per sec.)

General statistics:
    total time:                          20.0258s
    total number of events:              3949

Latency (ms):
         min:                                    3.40
         avg:                                    5.00
         max:                                   13.09
         95th percentile:                        6.55
         sum:                                19732.06

Threads fairness:
    events (avg/stddev):           123.4062/0.93
    execution time (avg/stddev):   0.6166/0.01




sysbench 1.0.20 (using system LuaJIT 2.1.0-beta3)

Running the test with following options:
Number of threads: 32
Target transaction rate: 200/sec
Initializing random number generator from current time


Initializing worker threads...

Threads started!

Latency histogram (values are in milliseconds)
       value  ------------- distribution ------------- count
       3.551 |*                                        5
       3.615 |*                                        4
       3.681 |**                                       12
       3.748 |***                                      17
       3.816 |********                                 47
       3.885 |**********                               58
       3.956 |**************                           83
       4.028 |*************                            75
       4.101 |****************                         93
       4.176 |*******************                      111
       4.252 |**********************                   126
       4.329 |*********************                    124
       4.407 |*************************                147
       4.487 |**********************************       195
       4.569 |*********************************        192
       4.652 |***********************************      200
       4.737 |**************************************** 231
       4.823 |********************************         185
       4.910 |***********************************      200
       4.999 |**************************************   218
       5.090 |***********************************      205
       5.183 |*********************************        191
       5.277 |*************************                147
       5.373 |************************                 136
       5.470 |*********************                    119
       5.570 |*******************                      109
       5.671 |***************                          84
       5.774 |***************                          87
       5.879 |***************                          89
       5.986 |***********                              61
       6.095 |********                                 45
       6.205 |******                                   37
       6.318 |*******                                  41
       6.433 |******                                   34
       6.550 |*****                                    31
       6.669 |******                                   33
       6.790 |*****                                    30
       6.913 |*****                                    26
       7.039 |**                                       13
       7.167 |***                                      18
       7.297 |****                                     21
       7.430 |**                                       11
       7.565 |****                                     23
       7.702 |***                                      15
       7.842 |**                                       10
       7.985 |**                                       10
       8.130 |*                                        7
       8.277 |*                                        6
       8.428 |*                                        7
       8.581 |*                                        5
       8.737 |*                                        4
       8.895 |*                                        3
       9.057 |*                                        5
       9.222 |                                         1
       9.389 |                                         1
       9.560 |                                         2
       9.734 |                                         1
      10.090 |                                         1
      10.274 |                                         2
      10.460 |                                         1
      10.651 |*                                        3
      11.041 |                                         2
      11.242 |                                         2
      11.446 |                                         1
      12.301 |                                         1
 
SQL statistics:
    queries performed:
        read:                            56056
        write:                           16016
        other:                           8008
        total:                           80080
    transactions:                        4004   (199.95 per sec.)
    queries:                             80080  (3999.04 per sec.)
    ignored errors:                      0      (0.00 per sec.)
    reconnects:                          0      (0.00 per sec.)

General statistics:
    total time:                          20.0245s
    total number of events:              4004

Latency (ms):
         min:                                    3.56
         avg:                                    5.08
         max:                                   12.23
         95th percentile:                        6.91
         sum:                                20343.21

Threads fairness:
    events (avg/stddev):           125.1250/1.08
    execution time (avg/stddev):   0.6357/0.01




sysbench 1.0.20 (using system LuaJIT 2.1.0-beta3)

Running the test with following options:
Number of threads: 32
Target transaction rate: 200/sec
Initializing random number generator from current time


Initializing worker threads...

Threads started!

Latency histogram (values are in milliseconds)
       value  ------------- distribution ------------- count
       3.488 |                                         1
       3.551 |**                                       12
       3.615 |***                                      14
       3.681 |*********                                46
       3.748 |************                             60
       3.816 |***************                          74
       3.885 |***************                          75
       3.956 |******************                       91
       4.028 |*********************                    106
       4.101 |***********************                  113
       4.176 |***********************                  113
       4.252 |******************************           150
       4.329 |*******************************          154
       4.407 |**************************************   192
       4.487 |*************************************    184
       4.569 |***************************************  196
       4.652 |**************************************** 199
       4.737 |**************************************** 200
       4.823 |**************************************** 199
       4.910 |**************************************   191
       4.999 |***************************************  197
       5.090 |****************************             142
       5.183 |******************************           151
       5.277 |**************************               130
       5.373 |*************************                127
       5.470 |***********************                  116
       5.570 |************************                 120
       5.671 |**********************                   108
       5.774 |****************                         79
       5.879 |*****************                        83
       5.986 |************                             58
       6.095 |*******                                  33
       6.205 |********                                 40
       6.318 |******                                   28
       6.433 |*****                                    27
       6.550 |*****                                    23
       6.669 |*****                                    27
       6.790 |*****                                    24
       6.913 |****                                     18
       7.039 |****                                     18
       7.167 |**                                       9
       7.297 |***                                      13
       7.430 |**                                       8
       7.565 |*                                        7
       7.702 |***                                      13
       7.842 |**                                       8
       7.985 |*                                        6
       8.130 |*                                        4
       8.277 |*                                        3
       8.428 |*                                        7
       8.581 |                                         2
       8.737 |*                                        7
       8.895 |*                                        4
       9.057 |                                         1
       9.222 |                                         2
       9.389 |*                                        6
       9.560 |                                         1
       9.734 |                                         2
       9.910 |                                         2
      10.090 |                                         1
      10.274 |                                         2
      10.460 |                                         1
      11.041 |                                         1
      11.242 |                                         1
      11.446 |                                         1
      12.081 |                                         1
      12.301 |                                         1
 
SQL statistics:
    queries performed:
        read:                            56462
        write:                           16132
        other:                           8066
        total:                           80660
    transactions:                        4033   (201.32 per sec.)
    queries:                             80660  (4026.37 per sec.)
    ignored errors:                      0      (0.00 per sec.)
    reconnects:                          0      (0.00 per sec.)

General statistics:
    total time:                          20.0326s
    total number of events:              4033

Latency (ms):
         min:                                    3.52
         avg:                                    4.95
         max:                                   12.23
         95th percentile:                        6.55
         sum:                                19981.93

Threads fairness:
    events (avg/stddev):           126.0312/1.13
    execution time (avg/stddev):   0.6244/0.01


