sysbench 1.0.20 (using system LuaJIT 2.1.0-beta3)

Running the test with following options:
Number of threads: 32
Target transaction rate: 200/sec
Initializing random number generator from current time


Initializing worker threads...

Threads started!

Latency histogram (values are in milliseconds)
       value  ------------- distribution ------------- count
       2.347 |                                         1
       2.433 |                                         1
       2.477 |                                         2
       2.522 |*                                        5
       2.568 |****                                     32
       2.615 |******                                   49
       2.662 |************                             104
       2.710 |******************                       157
       2.760 |*********************                    178
       2.810 |***********************                  197
       2.861 |***************************              229
       2.913 |***************************              227
       2.966 |*************************                212
       3.020 |*****************************            251
       3.075 |********************************         272
       3.130 |**************************************** 341
       3.187 |*************************************    314
       3.245 |**************************************   325
       3.304 |***********************************      295
       3.364 |********************************         275
       3.425 |*****************************            248
       3.488 |**************************               225
       3.551 |*************************                214
       3.615 |**********************                   187
       3.681 |********************                     169
       3.748 |***************                          131
       3.816 |*************                            107
       3.885 |*************                            112
       3.956 |*********                                78
       4.028 |********                                 65
       4.101 |*******                                  57
       4.176 |********                                 65
       4.252 |******                                   53
       4.329 |*****                                    41
       4.407 |*****                                    46
       4.487 |****                                     35
       4.569 |****                                     33
       4.652 |***                                      24
       4.737 |**                                       17
       4.823 |***                                      22
       4.910 |***                                      23
       4.999 |**                                       16
       5.090 |**                                       19
       5.183 |***                                      22
       5.277 |**                                       17
       5.373 |**                                       13
       5.470 |**                                       16
       5.570 |*                                        6
       5.671 |**                                       16
       5.774 |*                                        12
       5.879 |**                                       17
       5.986 |***                                      25
       6.095 |**                                       14
       6.205 |***                                      29
       6.318 |**                                       20
       6.433 |***                                      23
       6.550 |**                                       13
       6.669 |**                                       21
       6.790 |**                                       14
       6.913 |**                                       16
       7.039 |**                                       15
       7.167 |**                                       21
       7.297 |*                                        10
       7.430 |*                                        11
       7.565 |*                                        10
       7.702 |*                                        11
       7.842 |**                                       21
       7.985 |*                                        5
       8.130 |*                                        11
       8.277 |*                                        6
       8.428 |*                                        7
       8.581 |*                                        6
       8.737 |                                         4
       8.895 |                                         3
       9.057 |                                         1
       9.222 |                                         4
       9.389 |                                         4
       9.560 |*                                        5
       9.734 |                                         3
      10.090 |                                         3
      10.460 |                                         1
      10.651 |                                         4
      10.844 |                                         1
      11.041 |*                                        7
      11.242 |                                         3
      11.446 |                                         2
      11.654 |                                         2
      11.866 |                                         2
      12.081 |                                         1
      12.301 |                                         2
      12.524 |                                         1
      12.752 |                                         1
      12.984 |                                         1
      13.219 |                                         2
      13.460 |                                         1
      13.704 |                                         1
      13.953 |                                         1
      14.207 |                                         2
      14.465 |                                         1
      14.728 |                                         2
      14.995 |                                         2
      15.268 |                                         2
      15.545 |                                         3
      15.828 |                                         1
      16.115 |                                         2
      16.408 |                                         3
      16.706 |                                         1
      17.010 |                                         2
      17.319 |                                         1
      17.633 |                                         1
      17.954 |                                         2
      18.612 |                                         1
      18.950 |                                         1
      19.645 |                                         2
      20.736 |                                         2
      21.112 |                                         3
      21.496 |                                         2
      22.689 |                                         1
      23.521 |                                         1
      25.278 |                                         1
      28.162 |                                         1
      30.265 |                                         1
      33.116 |                                         1
      35.589 |                                         1
      37.565 |                                         1
 
SQL statistics:
    queries performed:
        read:                            83804
        write:                           23944
        other:                           11972
        total:                           119720
    transactions:                        5986   (199.40 per sec.)
    queries:                             119720 (3988.08 per sec.)
    ignored errors:                      0      (0.00 per sec.)
    reconnects:                          0      (0.00 per sec.)

General statistics:
    total time:                          30.0191s
    total number of events:              5986

Latency (ms):
         min:                                    2.35
         avg:                                    3.75
         max:                                   37.53
         95th percentile:                        6.55
         sum:                                22440.67

Threads fairness:
    events (avg/stddev):           187.0625/1.27
    execution time (avg/stddev):   0.7013/0.02


