sysbench 1.0.20 (using system LuaJIT 2.1.0-beta3)

Running the test with following options:
Number of threads: 32
Target transaction rate: 200/sec
Initializing random number generator from current time


Initializing worker threads...

Threads started!

Latency histogram (values are in milliseconds)
       value  ------------- distribution ------------- count
       2.477 |                                         3
       2.522 |**                                       15
       2.568 |***                                      25
       2.615 |*********                                74
       2.662 |**************                           125
       2.710 |*********************                    180
       2.760 |***********************                  196
       2.810 |*************************                218
       2.861 |**************************               226
       2.913 |**************************               228
       2.966 |*****************************            247
       3.020 |*************************                216
       3.075 |************************************     313
       3.130 |*************************************    322
       3.187 |***************************************  340
       3.245 |**************************************** 345
       3.304 |********************************         275
       3.364 |**********************************       292
       3.425 |***************************              233
       3.488 |************************                 210
       3.551 |**********************                   189
       3.615 |*****************                        149
       3.681 |*************                            110
       3.748 |*************                            110
       3.816 |***********                              99
       3.885 |**********                               85
       3.956 |********                                 70
       4.028 |*******                                  62
       4.101 |*****                                    44
       4.176 |****                                     34
       4.252 |****                                     35
       4.329 |*****                                    40
       4.407 |**                                       21
       4.487 |***                                      29
       4.569 |***                                      28
       4.652 |***                                      24
       4.737 |*                                        12
       4.823 |**                                       19
       4.910 |*                                        11
       4.999 |***                                      23
       5.090 |**                                       20
       5.183 |**                                       20
       5.277 |**                                       17
       5.373 |*                                        11
       5.470 |***                                      24
       5.570 |*                                        12
       5.671 |**                                       16
       5.774 |**                                       13
       5.879 |**                                       14
       5.986 |**                                       19
       6.095 |**                                       19
       6.205 |*                                        7
       6.318 |**                                       20
       6.433 |**                                       18
       6.550 |*                                        12
       6.669 |**                                       14
       6.790 |**                                       21
       6.913 |**                                       17
       7.039 |**                                       17
       7.167 |*                                        11
       7.297 |*                                        11
       7.430 |*                                        10
       7.565 |*                                        9
       7.702 |**                                       13
       7.842 |*                                        10
       7.985 |*                                        12
       8.130 |*                                        11
       8.277 |*                                        6
       8.428 |*                                        6
       8.581 |                                         4
       8.737 |*                                        5
       8.895 |                                         2
       9.057 |*                                        6
       9.389 |                                         1
       9.560 |*                                        6
       9.734 |                                         3
       9.910 |                                         1
      10.090 |                                         3
      10.274 |*                                        6
      10.460 |*                                        5
      10.651 |                                         1
      10.844 |                                         4
      11.041 |                                         1
      11.446 |                                         1
      11.654 |*                                        5
      11.866 |                                         3
      12.081 |                                         2
      12.301 |                                         1
      12.524 |                                         2
      12.752 |                                         1
      12.984 |                                         4
      13.219 |                                         4
      13.704 |                                         1
      13.953 |                                         1
      14.207 |                                         3
      14.465 |                                         2
      14.728 |                                         1
      14.995 |                                         3
      15.268 |                                         1
      15.545 |                                         2
      15.828 |                                         4
      16.115 |                                         1
      16.408 |                                         2
      16.706 |                                         1
      17.010 |                                         3
      17.319 |                                         3
      17.954 |                                         1
      18.950 |                                         3
      19.295 |                                         3
      19.645 |                                         4
      20.002 |                                         1
      20.366 |                                         3
      20.736 |                                         2
      21.112 |                                         1
      21.886 |*                                        6
      23.101 |                                         1
      23.521 |                                         1
      23.948 |                                         1
      25.737 |                                         2
      26.205 |                                         2
      27.659 |                                         1
      28.162 |                                         1
      28.673 |                                         1
      29.194 |                                         3
      29.725 |                                         2
      30.265 |                                         2
      30.815 |                                         1
      31.945 |                                         2
      32.525 |                                         1
      33.116 |                                         2
      35.589 |                                         1
      36.236 |                                         2
      36.894 |                                         1
      39.650 |                                         1
      40.370 |                                         1
      43.385 |                                         1
      44.976 |                                         1
      50.107 |                                         2
      52.889 |                                         1
      53.850 |                                         3
      57.871 |                                         2
      70.548 |                                         1
      74.464 |                                         2
      77.194 |                                         1
      78.597 |                                         1
      80.025 |                                         2
      84.467 |                                         2
      87.564 |                                         2
      89.155 |                                         1
      90.775 |                                         1
      92.424 |                                         1
      95.814 |                                         2
     101.132 |                                         1
     102.969 |                                         3
     106.745 |                                         2
     108.685 |                                         3
     110.659 |                                         1
     112.670 |                                         2
     116.802 |                                         1
     118.924 |                                         2
     123.285 |                                         3
     125.525 |                                         1
     127.805 |                                         2
     130.128 |                                         1
     132.492 |                                         4
     134.899 |                                         3
     137.350 |                                         1
     139.846 |                                         2
     142.387 |                                         2
     144.974 |                                         1
     147.608 |                                         1
     150.290 |                                         1
     153.021 |                                         1
     155.801 |                                         2
     158.632 |                                         2
     161.514 |                                         4
     164.449 |                                         1
     167.437 |                                         2
     170.479 |*                                        5
     173.577 |                                         4
     176.731 |                                         2
     179.942 |*                                        8
     183.211 |*                                        5
     186.540 |                                         3
     189.929 |                                         2
     193.380 |                                         4
     196.894 |                                         2
     200.472 |                                         2
     204.114 |                                         2
     207.823 |                                         3
     211.599 |                                         2
     219.358 |                                         2
     223.344 |                                         1
     227.402 |                                         2
     231.534 |                                         2
     235.740 |                                         2
     240.024 |                                         3
     244.385 |*                                        5
     253.346 |                                         2
     257.950 |                                         3
     262.636 |                                         1
     267.408 |                                         3
     272.267 |                                         2
     277.214 |                                         4
     282.251 |                                         3
     287.379 |                                         2
     292.601 |                                         3
     297.917 |*                                        8
     303.330 |                                         3
     308.842 |                                         4
     314.453 |                                         2
     320.167 |                                         3
     325.984 |                                         4
     344.078 |                                         2
     350.330 |                                         2
     356.695 |                                         2
     363.176 |                                         1
     369.775 |                                         2
     376.494 |                                         1
     383.334 |                                         1
     397.391 |                                         2
     404.611 |                                         1
     411.963 |                                         1
     434.829 |                                         1
     458.964 |                                         1
     467.304 |                                         1
     484.439 |                                         1
 
SQL statistics:
    queries performed:
        read:                            84574
        write:                           24164
        other:                           12082
        total:                           120820
    transactions:                        6041   (201.23 per sec.)
    queries:                             120820 (4024.51 per sec.)
    ignored errors:                      0      (0.00 per sec.)
    reconnects:                          0      (0.00 per sec.)

General statistics:
    total time:                          30.0207s
    total number of events:              6041

Latency (ms):
         min:                                    2.48
         avg:                                   10.62
         max:                                  483.03
         95th percentile:                       11.65
         sum:                                64170.80

Threads fairness:
    events (avg/stddev):           188.7812/1.36
    execution time (avg/stddev):   2.0053/0.10


