sysbench 1.0.20 (using system LuaJIT 2.1.0-beta3)

Running the test with following options:
Number of threads: 32
Target transaction rate: 200/sec
Initializing random number generator from current time


Initializing worker threads...

Threads started!

Latency histogram (values are in milliseconds)
       value  ------------- distribution ------------- count
       2.477 |                                         1
       2.522 |                                         4
       2.568 |**                                       19
       2.615 |******                                   52
       2.662 |***********                              87
       2.710 |*******************                      153
       2.760 |************************                 195
       2.810 |**************************               212
       2.861 |*************************                201
       2.913 |************************                 192
       2.966 |****************************             224
       3.020 |******************************           238
       3.075 |*********************************        269
       3.130 |**************************************** 322
       3.187 |**************************************** 322
       3.245 |**************************************   303
       3.304 |**************************************   304
       3.364 |*******************************          250
       3.425 |*********************************        265
       3.488 |***************************              217
       3.551 |************************                 191
       3.615 |*********************                    171
       3.681 |********************                     160
       3.748 |******************                       147
       3.816 |***************                          117
       3.885 |**************                           116
       3.956 |**********                               77
       4.028 |*******                                  59
       4.101 |********                                 64
       4.176 |*******                                  54
       4.252 |*****                                    41
       4.329 |****                                     31
       4.407 |****                                     29
       4.487 |**                                       19
       4.569 |***                                      25
       4.652 |***                                      23
       4.737 |**                                       18
       4.823 |**                                       13
       4.910 |*                                        12
       4.999 |*                                        12
       5.090 |*                                        12
       5.183 |**                                       13
       5.277 |**                                       13
       5.373 |**                                       14
       5.470 |**                                       16
       5.570 |*                                        9
       5.671 |**                                       16
       5.774 |**                                       18
       5.879 |**                                       20
       5.986 |**                                       14
       6.095 |**                                       19
       6.205 |**                                       14
       6.318 |**                                       14
       6.433 |**                                       18
       6.550 |**                                       17
       6.669 |***                                      23
       6.790 |*                                        8
       6.913 |**                                       13
       7.039 |*                                        12
       7.167 |*                                        12
       7.297 |**                                       18
       7.430 |***                                      24
       7.565 |*                                        11
       7.702 |*                                        6
       7.842 |**                                       14
       7.985 |*                                        10
       8.130 |**                                       15
       8.277 |*                                        11
       8.428 |**                                       13
       8.581 |*                                        8
       8.737 |*                                        10
       8.895 |**                                       13
       9.057 |*                                        10
       9.222 |                                         2
       9.389 |*                                        6
       9.560 |*                                        5
       9.734 |                                         4
       9.910 |*                                        5
      10.090 |*                                        5
      10.274 |*                                        5
      10.460 |*                                        5
      10.651 |                                         3
      10.844 |                                         4
      11.041 |                                         1
      11.242 |                                         3
      11.446 |                                         1
      11.654 |                                         3
      11.866 |*                                        6
      12.081 |                                         3
      12.301 |                                         2
      12.524 |                                         3
      12.752 |                                         3
      12.984 |                                         2
      13.219 |                                         2
      13.460 |                                         3
      13.953 |                                         1
      14.207 |                                         1
      14.465 |                                         1
      14.728 |                                         3
      14.995 |                                         2
      16.115 |                                         2
      16.408 |                                         1
      16.706 |                                         2
      17.010 |                                         1
      17.633 |                                         1
      17.954 |                                         1
      18.612 |                                         2
      18.950 |                                         1
      25.278 |                                         1
      26.205 |                                         1
 
SQL statistics:
    queries performed:
        read:                            80696
        write:                           23056
        other:                           11528
        total:                           115280
    transactions:                        5764   (191.92 per sec.)
    queries:                             115280 (3838.36 per sec.)
    ignored errors:                      0      (0.00 per sec.)
    reconnects:                          0      (0.00 per sec.)

General statistics:
    total time:                          30.0333s
    total number of events:              5764

Latency (ms):
         min:                                    2.48
         avg:                                    3.73
         max:                                   26.42
         95th percentile:                        6.91
         sum:                                21518.51

Threads fairness:
    events (avg/stddev):           180.1250/1.36
    execution time (avg/stddev):   0.6725/0.02


