sysbench 1.0.20 (using system LuaJIT 2.1.0-beta3)

Running the test with following options:
Number of threads: 32
Target transaction rate: 300/sec
Initializing random number generator from current time


Initializing worker threads...

Threads started!

Latency histogram (values are in milliseconds)
       value  ------------- distribution ------------- count
       1.697 |                                         5
       1.728 |**                                       24
       1.759 |*********                                101
       1.791 |*******************                      213
       1.824 |**************************               288
       1.857 |************************                 268
       1.891 |**********************                   247
       1.925 |***************                          166
       1.960 |*************                            143
       1.996 |************                             132
       2.032 |*************                            140
       2.069 |***********                              117
       2.106 |***********                              127
       2.145 |****************                         172
       2.184 |*************************                271
       2.223 |**********************************       379
       2.264 |**************************************** 442
       2.305 |************************************     397
       2.347 |********************************         359
       2.389 |*****************************            321
       2.433 |**************************               290
       2.477 |*************************                278
       2.522 |*************************                275
       2.568 |**********************                   238
       2.615 |*****************                        185
       2.662 |*************                            141
       2.710 |*******                                  81
       2.760 |******                                   66
       2.810 |****                                     45
       2.861 |***                                      29
       2.913 |**                                       24
       2.966 |*                                        16
       3.020 |**                                       18
       3.075 |*                                        10
       3.130 |                                         3
       3.187 |*                                        7
       3.245 |*                                        7
       3.304 |*                                        6
       3.364 |*                                        6
       3.425 |                                         5
       3.488 |                                         1
       3.748 |                                         1
       3.956 |                                         1
       4.028 |                                         2
 
SQL statistics:
    queries performed:
        read:                            84658
        write:                           0
        other:                           12094
        total:                           96752
    transactions:                        6047   (302.07 per sec.)
    queries:                             96752  (4833.07 per sec.)
    ignored errors:                      0      (0.00 per sec.)
    reconnects:                          0      (0.00 per sec.)

General statistics:
    total time:                          20.0173s
    total number of events:              6047

Latency (ms):
         min:                                    1.70
         avg:                                    2.25
         max:                                    4.06
         95th percentile:                        2.71
         sum:                                13585.38

Threads fairness:
    events (avg/stddev):           188.9688/1.33
    execution time (avg/stddev):   0.4245/0.01


