sysbench 1.0.20 (using system LuaJIT 2.1.0-beta3)

Running the test with following options:
Number of threads: 32
Target transaction rate: 200/sec
Initializing random number generator from current time


Initializing worker threads...

Threads started!

Latency histogram (values are in milliseconds)
       value  ------------- distribution ------------- count
       2.710 |                                         1
       2.913 |**                                       10
       2.966 |**                                       13
       3.020 |*****                                    26
       3.075 |**********                               56
       3.130 |*************                            71
       3.187 |*****************                        95
       3.245 |************************                 134
       3.304 |*************************                138
       3.364 |*****************************            165
       3.425 |******************************           167
       3.488 |******************************           166
       3.551 |************************************     200
       3.615 |************************************     203
       3.681 |**************************************** 225
       3.748 |**********************************       193
       3.816 |********************************         181
       3.885 |******************************           170
       3.956 |********************************         180
       4.028 |******************************           169
       4.101 |*****************************            162
       4.176 |*************************                140
       4.252 |*********************                    120
       4.329 |*********************                    116
       4.407 |**********************                   121
       4.487 |********************                     111
       4.569 |****************                         89
       4.652 |**********                               59
       4.737 |*************                            73
       4.823 |**********                               55
       4.910 |*********                                53
       4.999 |*********                                49
       5.090 |******                                   35
       5.183 |*****                                    28
       5.277 |******                                   34
       5.373 |***                                      17
       5.470 |**                                       13
       5.570 |***                                      15
       5.671 |**                                       13
       5.774 |*                                        8
       5.879 |*                                        7
       5.986 |*                                        4
       6.095 |*                                        6
       6.205 |*                                        8
       6.318 |*                                        3
       6.433 |                                         2
       6.550 |                                         2
       6.669 |*                                        3
       6.790 |*                                        4
       6.913 |                                         1
       7.039 |                                         1
       7.167 |*                                        4
       7.297 |                                         1
       7.702 |                                         2
       7.842 |                                         2
       7.985 |*                                        3
       8.130 |                                         1
       8.277 |                                         2
       8.428 |                                         1
       8.737 |                                         2
       9.057 |                                         2
       9.222 |                                         1
       9.389 |                                         1
       9.734 |                                         2
      10.274 |                                         1
      11.041 |                                         1
      11.242 |                                         1
      12.081 |                                         1
      12.301 |                                         1
      13.219 |                                         1
 
SQL statistics:
    queries performed:
        read:                            55230
        write:                           15780
        other:                           7890
        total:                           78900
    transactions:                        3945   (196.97 per sec.)
    queries:                             78900  (3939.35 per sec.)
    ignored errors:                      0      (0.00 per sec.)
    reconnects:                          0      (0.00 per sec.)

General statistics:
    total time:                          20.0275s
    total number of events:              3945

Latency (ms):
         min:                                    2.73
         avg:                                    3.97
         max:                                   13.14
         95th percentile:                        5.18
         sum:                                15665.94

Threads fairness:
    events (avg/stddev):           123.2812/1.07
    execution time (avg/stddev):   0.4896/0.01


