sysbench 1.0.20 (using system LuaJIT 2.1.0-beta3)

Running the test with following options:
Number of threads: 32
Target transaction rate: 200/sec
Initializing random number generator from current time


Initializing worker threads...

Threads started!

Latency histogram (values are in milliseconds)
       value  ------------- distribution ------------- count
       2.913 |                                         2
       2.966 |*                                        6
       3.020 |**                                       8
       3.075 |*                                        7
       3.130 |*******                                  33
       3.187 |**********                               49
       3.245 |*************                            67
       3.304 |***************                          76
       3.364 |********************                     98
       3.425 |*************************                125
       3.488 |*******************************          152
       3.551 |*******************************          156
       3.615 |*********************************        166
       3.681 |*********************************        165
       3.748 |***************************************  196
       3.816 |*************************************    183
       3.885 |**************************************** 199
       3.956 |**************************************** 198
       4.028 |**********************************       171
       4.101 |********************************         160
       4.176 |*********************************        162
       4.252 |*******************************          152
       4.329 |*************************                126
       4.407 |******************************           149
       4.487 |*********************                    102
       4.569 |**********************                   108
       4.652 |********************                     100
       4.737 |***************                          76
       4.823 |*****************                        85
       4.910 |*************                            67
       4.999 |**********                               48
       5.090 |***********                              56
       5.183 |*********                                45
       5.277 |*******                                  37
       5.373 |*****                                    26
       5.470 |****                                     21
       5.570 |****                                     22
       5.671 |****                                     19
       5.774 |***                                      13
       5.879 |**                                       11
       5.986 |***                                      16
       6.095 |**                                       8
       6.205 |*                                        7
       6.318 |**                                       8
       6.433 |*                                        4
       6.550 |*                                        6
       6.669 |*                                        6
       6.790 |*                                        4
       6.913 |                                         2
       7.039 |*                                        3
       7.167 |                                         2
       7.297 |*                                        3
       7.430 |                                         1
       7.565 |*                                        4
       7.702 |*                                        3
       7.842 |*                                        3
       7.985 |                                         2
       8.130 |*                                        3
       8.277 |*                                        4
       8.428 |*                                        7
       8.581 |*                                        3
       8.895 |*                                        5
       9.057 |*                                        6
       9.222 |*                                        5
       9.389 |*                                        7
       9.560 |*                                        5
       9.734 |**                                       8
       9.910 |**                                       10
      10.090 |**                                       11
      10.274 |*                                        7
      10.460 |**                                       9
      10.651 |*                                        6
      10.844 |**                                       9
      11.041 |**                                       9
      11.242 |**                                       8
      11.446 |**                                       8
      11.654 |*                                        3
      11.866 |*                                        7
      12.081 |*                                        7
      12.301 |**                                       9
      12.524 |                                         1
      12.752 |*                                        5
      12.984 |*                                        7
      13.219 |*                                        6
      13.460 |*                                        3
      13.704 |*                                        3
      13.953 |                                         1
      14.207 |                                         2
      14.465 |*                                        4
      14.728 |*                                        4
      14.995 |                                         2
      15.268 |                                         2
      15.545 |*                                        4
      16.115 |                                         2
      16.706 |                                         1
      17.010 |*                                        4
      17.319 |                                         1
      17.954 |                                         2
      18.280 |*                                        4
      19.645 |                                         1
      20.002 |                                         2
      20.736 |                                         2
      21.496 |                                         1
      22.689 |                                         1
      23.101 |                                         1
      26.681 |                                         1
      36.236 |                                         1
 
SQL statistics:
    queries performed:
        read:                            55272
        write:                           15792
        other:                           7896
        total:                           78960
    transactions:                        3948   (197.13 per sec.)
    queries:                             78960  (3942.52 per sec.)
    ignored errors:                      0      (0.00 per sec.)
    reconnects:                          0      (0.00 per sec.)

General statistics:
    total time:                          20.0265s
    total number of events:              3948

Latency (ms):
         min:                                    2.89
         avg:                                    4.57
         max:                                   36.52
         95th percentile:                        9.06
         sum:                                18036.78

Threads fairness:
    events (avg/stddev):           123.3750/1.47
    execution time (avg/stddev):   0.5636/0.02


