sysbench 1.0.20 (using system LuaJIT 2.1.0-beta3)

Running the test with following options:
Number of threads: 32
Target transaction rate: 200/sec
Initializing random number generator from current time


Initializing worker threads...

Threads started!

Latency histogram (values are in milliseconds)
       value  ------------- distribution ------------- count
       2.966 |                                         1
       3.020 |                                         1
       3.075 |*                                        2
       3.130 |                                         1
       3.187 |***                                      8
       3.245 |***                                      8
       3.304 |******                                   17
       3.364 |*******                                  20
       3.425 |*************                            38
       3.488 |*****************                        47
       3.551 |****************                         46
       3.615 |******************                       50
       3.681 |***************************              75
       3.748 |**********************                   62
       3.816 |******************************           84
       3.885 |********************************         91
       3.956 |************************************     103
       4.028 |*************************************    104
       4.101 |***************************************  111
       4.176 |**************************************** 113
       4.252 |**************************************   106
       4.329 |************************************     101
       4.407 |**************************************   108
       4.487 |***********************************      99
       4.569 |************************************     101
       4.652 |*********************************        93
       4.737 |******************************           84
       4.823 |*******************************          87
       4.910 |*******************************          87
       4.999 |***********************                  65
       5.090 |*************************                70
       5.183 |************************                 68
       5.277 |************************                 67
       5.373 |**********************                   63
       5.470 |*******************                      54
       5.570 |**************                           39
       5.671 |*****************                        48
       5.774 |*******************                      55
       5.879 |****************                         46
       5.986 |************                             35
       6.095 |**************                           40
       6.205 |*********                                26
       6.318 |*************                            37
       6.433 |*********                                25
       6.550 |***********                              32
       6.669 |**********                               29
       6.790 |*********                                25
       6.913 |***********                              31
       7.039 |***********                              30
       7.167 |*******                                  21
       7.297 |*****                                    15
       7.430 |*******                                  20
       7.565 |*****                                    14
       7.702 |*******                                  19
       7.842 |****                                     12
       7.985 |*******                                  19
       8.130 |*****                                    15
       8.277 |*****                                    15
       8.428 |********                                 23
       8.581 |***                                      9
       8.737 |*****                                    15
       8.895 |*****                                    15
       9.057 |****                                     11
       9.222 |****                                     12
       9.389 |*******                                  20
       9.560 |*****                                    15
       9.734 |*****                                    15
       9.910 |******                                   17
      10.090 |****                                     11
      10.274 |*******                                  19
      10.460 |*****                                    13
      10.651 |******                                   18
      10.844 |********                                 24
      11.041 |******                                   16
      11.242 |*****                                    14
      11.446 |********                                 22
      11.654 |*******                                  21
      11.866 |********                                 22
      12.081 |******                                   18
      12.301 |*****                                    15
      12.524 |**********                               27
      12.752 |*****                                    15
      12.984 |*******                                  21
      13.219 |*******                                  19
      13.460 |**********                               28
      13.704 |******                                   16
      13.953 |*****                                    13
      14.207 |*******                                  19
      14.465 |******                                   17
      14.728 |*******                                  19
      14.995 |*******                                  21
      15.268 |******                                   18
      15.545 |******                                   17
      15.828 |******                                   18
      16.115 |****                                     11
      16.408 |*****                                    13
      16.706 |******                                   16
      17.010 |*******                                  20
      17.319 |**                                       7
      17.633 |***                                      9
      17.954 |***                                      8
      18.280 |******                                   17
      18.612 |***                                      9
      18.950 |**                                       6
      19.295 |***                                      9
      19.645 |***                                      8
      20.002 |****                                     10
      20.366 |**                                       7
      20.736 |***                                      9
      21.112 |**                                       7
      21.496 |*                                        4
      21.886 |**                                       5
      22.284 |**                                       5
      22.689 |*                                        3
      23.101 |**                                       6
      23.521 |*                                        4
      23.948 |*                                        4
      24.384 |**                                       6
      24.827 |*                                        3
      25.278 |*                                        4
      25.737 |*                                        2
      26.205 |                                         1
      26.681 |*                                        3
      27.659 |                                         1
      28.162 |                                         1
      29.194 |                                         1
      30.815 |                                         1
      31.375 |*                                        2
      32.525 |                                         1
      33.116 |                                         1
      34.954 |                                         1
      35.589 |*                                        4
      38.247 |                                         1
      44.976 |                                         1
      47.472 |                                         1
      48.335 |                                         1
      55.824 |                                         1
      58.923 |                                         1
      59.993 |*                                        2
      62.193 |*                                        2
      69.289 |                                         1
      71.830 |                                         1
      74.464 |                                         1
      77.194 |                                         1
      78.597 |*                                        2
      80.025 |                                         1
      81.479 |*                                        2
      82.959 |*                                        3
      84.467 |                                         1
      87.564 |                                         1
      94.104 |                                         1
      95.814 |                                         1
      97.555 |*                                        2
      99.327 |                                         1
     102.969 |                                         1
     106.745 |*                                        2
     108.685 |                                         1
     112.670 |                                         1
     118.924 |                                         1
     125.525 |                                         1
     130.128 |*                                        2
     144.974 |                                         1
     147.608 |                                         1
     153.021 |                                         1
     155.801 |                                         1
     161.514 |                                         1
     167.437 |                                         1
     176.731 |*                                        2
     179.942 |*                                        2
     183.211 |                                         1
     186.540 |                                         1
     189.929 |*                                        3
     193.380 |**                                       5
     196.894 |*                                        2
     204.114 |                                         1
     211.599 |                                         1
     215.443 |*                                        2
     219.358 |*                                        3
     223.344 |*                                        4
     227.402 |                                         1
     231.534 |                                         1
     235.740 |*                                        2
     240.024 |*                                        2
     244.385 |                                         1
     248.825 |*                                        3
     253.346 |*                                        2
     257.950 |*                                        3
     262.636 |*                                        2
     267.408 |                                         1
     272.267 |                                         1
     277.214 |*                                        3
     282.251 |                                         1
     287.379 |*                                        2
     292.601 |                                         1
     297.917 |*                                        4
     303.330 |*                                        3
     308.842 |                                         1
     314.453 |                                         1
     325.984 |*                                        2
     331.907 |*                                        2
     337.938 |*                                        2
     344.078 |*                                        2
     363.176 |                                         1
     369.775 |*                                        3
     376.494 |*                                        4
     383.334 |*                                        4
     390.299 |*                                        2
     397.391 |**                                       5
     404.611 |**                                       5
     411.963 |                                         1
     419.448 |**                                       6
     427.069 |***                                      8
     434.829 |***                                      9
     442.730 |**                                       6
     450.774 |**                                       6
     458.964 |**                                       7
     467.304 |**                                       7
     475.794 |**                                       6
     484.439 |**                                       6
     493.242 |****                                     12
     502.204 |***                                      8
     511.328 |**                                       7
     520.619 |*                                        3
     530.078 |**                                       5
     539.710 |*                                        4
     549.516 |*                                        3
     559.501 |**                                       5
     569.667 |*                                        4
     580.017 |*                                        2
     590.556 |                                         1
     601.286 |                                         1
     612.211 |**                                       6
     623.335 |*                                        3
     634.661 |*                                        3
     646.192 |*                                        3
     682.059 |*                                        2
 
SQL statistics:
    queries performed:
        read:                            56238
        write:                           16068
        other:                           8034
        total:                           80340
    transactions:                        4017   (200.33 per sec.)
    queries:                             80340  (4006.65 per sec.)
    ignored errors:                      0      (0.00 per sec.)
    reconnects:                          0      (0.00 per sec.)

General statistics:
    total time:                          20.0504s
    total number of events:              4017

Latency (ms):
         min:                                    2.99
         avg:                                   31.04
         max:                                  678.70
         95th percentile:                      223.34
         sum:                               124686.74

Threads fairness:
    events (avg/stddev):           125.5312/1.30
    execution time (avg/stddev):   3.8965/0.36


