sysbench 1.0.20 (using system LuaJIT 2.1.0-beta3)

Running the test with following options:
Number of threads: 32
Target transaction rate: 200/sec
Initializing random number generator from current time


Initializing worker threads...

Threads started!

Latency histogram (values are in milliseconds)
       value  ------------- distribution ------------- count
       3.425 |                                         1
       3.488 |                                         3
       3.551 |*                                        10
       3.615 |*****                                    40
       3.681 |*******                                  56
       3.748 |**********                               80
       3.816 |*************                            104
       3.885 |********************                     158
       3.956 |******************                       139
       4.028 |******************                       144
       4.101 |************************                 186
       4.176 |***************************              209
       4.252 |******************************           235
       4.329 |**********************************       269
       4.407 |*************************************    292
       4.487 |***********************************      279
       4.569 |**************************************   297
       4.652 |**************************************** 315
       4.737 |***************************************  307
       4.823 |******************************           233
       4.910 |**************************************   302
       4.999 |*******************************          243
       5.090 |*******************************          243
       5.183 |**************************               201
       5.277 |**********************                   175
       5.373 |*********************                    168
       5.470 |*******************                      151
       5.570 |*******************                      149
       5.671 |***************                          121
       5.774 |**************                           111
       5.879 |**********                               77
       5.986 |********                                 63
       6.095 |*******                                  56
       6.205 |******                                   50
       6.318 |*******                                  59
       6.433 |*****                                    42
       6.550 |*****                                    43
       6.669 |*****                                    39
       6.790 |***                                      27
       6.913 |****                                     34
       7.039 |**                                       17
       7.167 |*****                                    36
       7.297 |***                                      25
       7.430 |**                                       16
       7.565 |**                                       19
       7.702 |**                                       14
       7.842 |**                                       13
       7.985 |**                                       13
       8.130 |**                                       12
       8.277 |**                                       17
       8.428 |*                                        5
       8.581 |*                                        7
       8.737 |*                                        10
       8.895 |                                         2
       9.057 |*                                        11
       9.222 |*                                        7
       9.389 |*                                        8
       9.560 |*                                        6
       9.734 |                                         2
       9.910 |                                         3
      10.090 |                                         2
      10.274 |*                                        4
      10.460 |*                                        6
      10.651 |*                                        4
      10.844 |                                         3
      11.242 |                                         2
      11.446 |                                         2
      11.654 |                                         3
      12.081 |                                         1
      12.301 |                                         3
      12.524 |                                         1
      12.752 |                                         1
      13.219 |                                         1
      13.460 |                                         2
      13.704 |                                         3
      13.953 |                                         1
      15.268 |                                         2
      15.545 |                                         1
      16.115 |                                         1
      21.496 |                                         1
 
SQL statistics:
    queries performed:
        read:                            83972
        write:                           23992
        other:                           11996
        total:                           119960
    transactions:                        5998   (199.78 per sec.)
    queries:                             119960 (3995.60 per sec.)
    ignored errors:                      0      (0.00 per sec.)
    reconnects:                          0      (0.00 per sec.)

General statistics:
    total time:                          30.0227s
    total number of events:              5998

Latency (ms):
         min:                                    3.44
         avg:                                    4.99
         max:                                   21.68
         95th percentile:                        6.91
         sum:                                29912.02

Threads fairness:
    events (avg/stddev):           187.4375/1.27
    execution time (avg/stddev):   0.9348/0.01


