sysbench 1.0.20 (using system LuaJIT 2.1.0-beta3)

Running the test with following options:
Number of threads: 32
Target transaction rate: 300/sec
Initializing random number generator from current time


Initializing worker threads...

Threads started!

Latency histogram (values are in milliseconds)
       value  ------------- distribution ------------- count
       1.250 |                                         2
       1.272 |                                         1
       1.319 |*                                        5
       1.343 |*                                        9
       1.367 |**                                       19
       1.392 |*****                                    39
       1.417 |******                                   50
       1.443 |***********                              87
       1.469 |**************                           115
       1.496 |******************                       145
       1.523 |**************************               211
       1.551 |**************************               212
       1.579 |*******************************          257
       1.608 |***************************              221
       1.637 |****************************             231
       1.667 |***************************              219
       1.697 |************************                 200
       1.728 |****************************             230
       1.759 |*******************************          254
       1.791 |*********************************        272
       1.824 |**************************************** 328
       1.857 |**************************************   314
       1.891 |**************************************** 330
       1.925 |***************************************  321
       1.960 |********************************         268
       1.996 |********************************         260
       2.032 |*************************                209
       2.069 |************************                 194
       2.106 |***********************                  191
       2.145 |********************                     168
       2.184 |*****************                        140
       2.223 |*************                            107
       2.264 |*************                            107
       2.305 |**********                               79
       2.347 |*******                                  61
       2.389 |****                                     29
       2.433 |****                                     32
       2.477 |***                                      21
       2.522 |**                                       19
       2.568 |**                                       18
       2.615 |*                                        11
       2.662 |**                                       15
       2.710 |*                                        6
       2.760 |                                         4
       2.810 |                                         4
       2.913 |*                                        5
       2.966 |                                         1
       3.020 |                                         3
       3.075 |                                         2
       3.245 |                                         1
       3.304 |                                         1
       3.681 |                                         1
 
SQL statistics:
    queries performed:
        read:                            84406
        write:                           0
        other:                           12058
        total:                           96464
    transactions:                        6029   (301.17 per sec.)
    queries:                             96464  (4818.75 per sec.)
    ignored errors:                      0      (0.00 per sec.)
    reconnects:                          0      (0.00 per sec.)

General statistics:
    total time:                          20.0174s
    total number of events:              6029

Latency (ms):
         min:                                    1.25
         avg:                                    1.84
         max:                                    3.67
         95th percentile:                        2.30
         sum:                                11121.09

Threads fairness:
    events (avg/stddev):           188.4062/1.27
    execution time (avg/stddev):   0.3475/0.00


