Omni-Compass: evaluation and simulation use only. Commercial use requires a signed, paid Omni-Compass Enterprise License (LICENSE, NOTICE).
repetition 3, order: native compass
Creating cluster "omni-bench" ...
 • Ensuring node image (kindest/node:v1.37.0) 🖼️  ...
 ✓ Ensuring node image (kindest/node:v1.37.0) 🖼️
 • Preparing nodes 📦 📦 📦 📦 📦 📦 📦   ...
 ✓ Preparing nodes 📦 📦 📦 📦 📦 📦 📦 
 • Writing configuration 📜  ...
 ✓ Writing configuration 📜
 • Starting control-plane 🕹️  ...
 ✓ Starting control-plane 🕹️
 • Installing CNI 🔌  ...
 ✓ Installing CNI 🔌
 • Installing StorageClass 💾  ...
 ✓ Installing StorageClass 💾
 • Joining worker nodes 🚜  ...
 ✓ Joining worker nodes 🚜
 • Waiting ≤ 2m0s for control-plane = Ready ⏳  ...
 ✓ Waiting ≤ 2m0s for control-plane = Ready ⏳
 • Ready after 9s 💚
Set kubectl context to "kind-omni-bench"
You can now use your cluster with:

kubectl cluster-info --context kind-omni-bench

Have a question, bug, or feature request? Let us know! https://kind.sigs.k8s.io/#community 🙂
######## ARM native (repetition 3)
date_utc=2026-10-06T01:10:37Z
arm=native
git_commit=a004a8f9194df3185dedf512ac08ebb93a6a6d7c
docker=Docker version 29.1.3, build 29.1.3-0ubuntu3~22.04.2
kind=kind v0.33.0 go1.26.7 linux/amd64
kubectl=v1.37.1
server=v1.37.0
python=Python 3.10.12
metrics_server=v0.9.0 sha256=1cec29a5267809306a2c6ec74a3e449abbb705b4a8beed0c8a1963910f72c79b
workers=6
serviceaccount/metrics-server created
clusterrole.rbac.authorization.k8s.io/system:aggregated-metrics-reader created
clusterrole.rbac.authorization.k8s.io/system:metrics-server created
rolebinding.rbac.authorization.k8s.io/metrics-server-auth-reader created
clusterrolebinding.rbac.authorization.k8s.io/metrics-server:system:auth-delegator created
clusterrolebinding.rbac.authorization.k8s.io/system:metrics-server created
service/metrics-server created
deployment.apps/metrics-server created
apiservice.apiregistration.k8s.io/v1beta1.metrics.k8s.io created
deployment.apps/metrics-server patched
deployment.apps/metrics-server patched
deployment.apps/coredns patched
Waiting for deployment "metrics-server" rollout to finish: 1 old replicas are pending termination...
Waiting for deployment "metrics-server" rollout to finish: 1 old replicas are pending termination...
Waiting for deployment "metrics-server" rollout to finish: 1 old replicas are pending termination...
deployment "metrics-server" successfully rolled out
deployment "coredns" successfully rolled out
deployment.apps/php-apache created
service/php-apache created
horizontalpodautoscaler.autoscaling/php-apache created
service/php-apache-edge created
poddisruptionbudget.policy/php-apache created
Waiting for deployment "php-apache" rollout to finish: 0 of 1 updated replicas are available...
deployment "php-apache" successfully rolled out
curl: (7) Failed to connect to 172.18.0.2 port 30080 after 0 ms: Connection refused
probe_url=http://172.18.0.2:30080/ (Service via kube-proxy on the control plane)
configmap/omni-security created
deployment.apps/load-generator created
loadgen=open
Waiting for deployment "load-generator" rollout to finish: 0 of 1 updated replicas are available...
deployment "load-generator" successfully rolled out
organism=organism_656 load_max=6
== warm-up 120s (both arms)
organism built at epoch 1791252113, scale 1000; window opens 1791252116
== ARM native: Omni-Compass not running; Kubernetes alone
The whole tower (656 muscles) x1000, arm native: behind the window by 2392 s; 656000 muscles, 240 steps of 12.00 s, replicas 1..6, simulated writes 0, handed back True
rows captured: 170
Creating cluster "omni-bench" ...
 • Ensuring node image (kindest/node:v1.37.0) 🖼️  ...
 ✓ Ensuring node image (kindest/node:v1.37.0) 🖼️
 • Preparing nodes 📦 📦 📦 📦 📦 📦 📦   ...
 ✓ Preparing nodes 📦 📦 📦 📦 📦 📦 📦 
 • Writing configuration 📜  ...
 ✓ Writing configuration 📜
 • Starting control-plane 🕹️  ...
 ✓ Starting control-plane 🕹️
 • Installing CNI 🔌  ...
 ✓ Installing CNI 🔌
 • Installing StorageClass 💾  ...
 ✓ Installing StorageClass 💾
 • Joining worker nodes 🚜  ...
 ✓ Joining worker nodes 🚜
 • Waiting ≤ 2m0s for control-plane = Ready ⏳  ...
 ✓ Waiting ≤ 2m0s for control-plane = Ready ⏳
 • Ready after 9s 💚
Set kubectl context to "kind-omni-bench"
You can now use your cluster with:

kubectl cluster-info --context kind-omni-bench

Have a question, bug, or feature request? Let us know! https://kind.sigs.k8s.io/#community 🙂
######## ARM compass (repetition 3)
date_utc=2026-10-06T03:31:04Z
arm=compass
git_commit=a004a8f9194df3185dedf512ac08ebb93a6a6d7c
docker=Docker version 29.1.3, build 29.1.3-0ubuntu3~22.04.2
kind=kind v0.33.0 go1.26.7 linux/amd64
kubectl=v1.37.1
server=v1.37.0
python=Python 3.10.12
metrics_server=v0.9.0 sha256=1cec29a5267809306a2c6ec74a3e449abbb705b4a8beed0c8a1963910f72c79b
workers=6
serviceaccount/metrics-server created
clusterrole.rbac.authorization.k8s.io/system:aggregated-metrics-reader created
clusterrole.rbac.authorization.k8s.io/system:metrics-server created
rolebinding.rbac.authorization.k8s.io/metrics-server-auth-reader created
clusterrolebinding.rbac.authorization.k8s.io/metrics-server:system:auth-delegator created
clusterrolebinding.rbac.authorization.k8s.io/system:metrics-server created
service/metrics-server created
deployment.apps/metrics-server created
apiservice.apiregistration.k8s.io/v1beta1.metrics.k8s.io created
deployment.apps/metrics-server patched
deployment.apps/metrics-server patched
deployment.apps/coredns patched
Waiting for deployment "metrics-server" rollout to finish: 1 old replicas are pending termination...
Waiting for deployment "metrics-server" rollout to finish: 1 old replicas are pending termination...
Waiting for deployment "metrics-server" rollout to finish: 1 old replicas are pending termination...
deployment "metrics-server" successfully rolled out
deployment "coredns" successfully rolled out
deployment.apps/php-apache created
service/php-apache created
horizontalpodautoscaler.autoscaling/php-apache created
service/php-apache-edge created
poddisruptionbudget.policy/php-apache created
Waiting for deployment "php-apache" rollout to finish: 0 of 1 updated replicas are available...
deployment "php-apache" successfully rolled out
curl: (7) Failed to connect to 172.18.0.2 port 30080 after 0 ms: Connection refused
probe_url=http://172.18.0.2:30080/ (Service via kube-proxy on the control plane)
configmap/omni-security created
deployment.apps/load-generator created
loadgen=open
Waiting for deployment "load-generator" rollout to finish: 0 of 1 updated replicas are available...
deployment "load-generator" successfully rolled out
namespace/omni-compass created
serviceaccount/omni-compass created
clusterrole.rbac.authorization.k8s.io/omni-compass-sense created
clusterrole.rbac.authorization.k8s.io/omni-compass-nodes created
clusterrolebinding.rbac.authorization.k8s.io/omni-compass-sense created
clusterrolebinding.rbac.authorization.k8s.io/omni-compass-nodes created
role.rbac.authorization.k8s.io/omni-compass-app created
rolebinding.rbac.authorization.k8s.io/omni-compass-app created
== can (each muscle's push)
patch hpa/php-apache (hpa): yes
Warning: resource 'nodes' is not namespace scoped

patch nodes (node pool: idle mark): yes
create pods/eviction (node pool: drain): yes
patch pods/resize (power cap, in place): yes
patch pods (make before break: which pods leave first): yes
get pods/resize (power cap reads before it writes): yes
patch deployment/php-apache (rollout guard, cap record): yes
get configmap/omni-security (security afferent): yes
== cannot
Warning: resource 'nodes' is not namespace scoped

delete nodes: no
create pods: no
delete pods: no
delete deployments: no
patch deployment/load-generator: no
patch deployments in kube-system: no
patch hpa in kube-system: no
get secrets (any namespace): no
Warning: resource 'namespaces' is not namespace scoped

create namespaces: no
patch configmap/omni-security: no
organism=organism_656 load_max=6
== warm-up 120s (both arms)
organism built at epoch 1791260570, scale 1000; window opens 1791260574
== ARM compass: Omni-Compass driving HPA target + node pool + power sensing
The whole tower (656 muscles) x1000, arm compass: behind the window by 1203 s; 656000 muscles, 240 steps of 12.00 s, replicas 1..6, simulated writes 14652192, handed back True
== reset
omni writes during the run: 24
wake omni-bench-worker4: open to work
open workers: 6 (wanted 6)
pod CPU limits after kill: 500m
HPA replica range after kill: 1,10
restored target: 50
workers in service: 6 of 6
Omni records left after kill: none
rows captured: 171
== controller: decisions 48 of 48, failed decisions or checks 0
-- controller's own cost (CPU of the process and every command it ran): {"time": 1791263496.2291434, "overhead": {"cpu_s": 41.73, "wall_s": 2921.2, "cores_mean": 0.0143}}
-- my writes by muscle (count, first words of why)
      5 record original target: 
      3 convey: omni-bench-worker6 idle CPU
      3 convey: omni-bench-worker3 idle CPU
      2 convey: omni-bench-worker2 idle CPU
      2 convey: omni-bench-worker idle CPU
      1 node pool size: 
      1 convey: record original CPU
      1 convey: omni-bench-worker5 idle CPU
      1 convey: omni-bench-worker4 idle CPU
      1 HPA target to rho* = 75%: 
      1 HPA target to rho* = 175%: 
      1 HPA target to rho* = 150%: 
      1 HPA target to rho* = 125%: 
      1 HPA target to rho* = 100%: 
-- conveyed CPU limits (last 8)
convey: omni-bench-worker5 idle CPU to its 1 serving pod(s), limit 7500m in place
convey: omni-bench-worker3 idle CPU to its 1 serving pod(s), limit 7500m in place
convey: omni-bench-worker3 idle CPU to its 2 serving pod(s), limit 3750m in place
convey: omni-bench-worker3 idle CPU to its 2 serving pod(s), limit 3750m in place
convey: omni-bench-worker2 idle CPU to its 2 serving pod(s), limit 3750m in place
convey: omni-bench-worker2 idle CPU to its 2 serving pod(s), limit 3750m in place
convey: omni-bench-worker6 idle CPU to its 2 serving pod(s), limit 3750m in place
convey: omni-bench-worker6 idle CPU to its 2 serving pod(s), limit 3750m in place
-- pod reflex (last 8)
-- controller.log (last 40 lines)
idle omni-bench-worker4: prefer-not, 1 pod(s) marked first to go; it idles when its work is gone (no pod moved, no pod waits)
first to go, order 1: omni-bench-worker4 (cost -1000)
open workers: 5 (wanted 5)
-- audit errors (last 10)
-- decision trail (nodes seen -> recommended | p95 ms | SLO clean | calm | node-view calm | node gate)
  compass: Β >  90.0° Dispersion: peak extension, the turn | Ω: machine_fill below the floor, held | G·n≤0 yes | L 860.6245 | axle S 0.1645 (rest 2.3686) | circles 0
  6 -> 6 | p95 None | clean False | calm 0.343 | node calm 0.546 | gate latency breached now; node organ has no contraction authority; a sense is blind | queue 0.0 | U 0.901 | blind ['latency'] | latency age 0.6 s | proprioception {}
  compass: Α +   4.4° Expansion: rising through rest | Ω held | G·n≤0 yes | L 795.5445 -65.0800 | axle S 0.2636 (rest 2.3686) | circles 0
  6 -> 6 | p95 195.0 | clean False | calm 0.563 | node calm 0.814 | gate pods scaling up | queue 0.0 | U 0.934 | blind [] | latency age 0.4 s | proprioception {}
  compass: Α +   4.6° Expansion: rising through rest | Ω held | G·n≤0 yes | L 751.0754 -44.4691 | axle S 0.3326 (rest 2.3686) | circles 0
  6 -> 6 | p95 163.0 | clean True | calm 0.626 | node calm 0.887 | gate release permitted | queue 0.0 | U 0.944 | blind [] | latency age 0.9 s | proprioception {}
  compass: Α +   5.8° Expansion: rising through rest | Ω held | G·n≤0 yes | L 719.6054 -31.4700 | axle S 0.3823 (rest 2.3686) | circles 0
  6 -> 6 | p95 212.8 | clean True | calm 0.639 | node calm 0.906 | gate release permitted | queue 0.0 | U 0.946 | blind [] | latency age 4.4 s | proprioception {}
  compass: Α +   7.4° Expansion: rising through rest | Ω held | G·n≤0 yes | L 696.3556 -23.2498 | axle S 0.4194 (rest 2.3686) | circles 0
  6 -> 6 | p95 354.7 | clean True | calm 0.635 | node calm 0.911 | gate release permitted | queue 0.0 | U 0.945 | blind [] | latency age 0.7 s | proprioception {}
  compass: Ε +  11.0° Expansion: rising through rest | Ω held | G·n≤0 yes | L 679.8038 -16.5519 | axle S 0.4461 (rest 2.3686) | circles 0
  6 -> 5 | p95 299.3 | clean True | calm 0.631 | node calm 0.913 | gate release permitted | queue 0.0 | U 0.945 | blind [] | latency age 2.8 s | proprioception {}
  compass: Ε +  17.5° Expansion: rising through rest | Ω held | G·n≤0 yes | L 668.0291 -11.7747 | axle S 0.4652 (rest 2.3686) | circles 0
  5 -> 5 | p95 310.1 | clean True | calm 0.63 | node calm 0.914 | gate release permitted | queue 0.0 | U 0.944 | blind [] | latency age 6.2 s | proprioception {'nodes': 0.0}
  compass: Ε +  22.3° Expansion: rising through rest | Ω held | G·n≤0 yes | L 658.8358 -9.1933 | axle S 0.4802 (rest 2.3686) | circles 0
  5 -> 5 | p95 360.8 | clean True | calm 0.626 | node calm 0.916 | gate release permitted | queue 0.0 | U 0.944 | blind [] | latency age 1.0 s | proprioception {}
  compass: Δ ⇄  41.5° Expansion: expansion, exchange under way | Ω held | G·n≤0 yes | L 652.1313 -6.7045 | axle S 0.4912 (rest 2.3686) | circles 0
  5 -> 5 | p95 275.5 | clean True | calm 0.626 | node calm 0.918 | gate release permitted | queue 0.0 | U 0.944 | blind [] | latency age 3.2 s | proprioception {}
  compass: Θ >  72.0° Expansion: peak extension, the turn | Ω held | G·n≤0 yes | L 647.0061 -5.1252 | axle S 0.4997 (rest 2.3686) | circles 0
  5 -> 5 | p95 370.0 | clean True | calm 0.626 | node calm 0.92 | gate release permitted | queue 0.0 | U 0.944 | blind [] | latency age 4.7 s | proprioception {}
  compass: Ι > 107.4° Dispersion: peak extension, the turn | Ω held | G·n≤0 yes | L 642.9629 -4.0433 | axle S 0.5064 (rest 2.3686) | circles 0
  5 -> 5 | p95 318.2 | clean True | calm 0.627 | node calm 0.922 | gate release permitted | queue 0.0 | U 0.944 | blind [] | latency age 0.5 s | proprioception {'hpa default/php-apache': 0.0}
  compass: Λ ⊤ 136.8° Dispersion: dispersion, the ceiling holds | Ω held | G·n≤0 yes | L 639.8476 -3.1153 | axle S 0.5115 (rest 2.3686) | circles 0
  5 -> 5 | p95 335.8 | clean True | calm 0.629 | node calm 0.925 | gate release permitted | queue 0.0 | U 0.944 | blind [] | latency age 1.9 s | proprioception {}
  compass: Μ ⊤ 148.1° Dispersion: dispersion, the ceiling holds | Ω held | G·n≤0 yes | L 637.3045 -2.5430 | axle S 0.5157 (rest 2.3686) | circles 0
  5 -> 5 | p95 304.3 | clean True | calm 0.631 | node calm 0.927 | gate release permitted | queue 0.0 | U 0.945 | blind [] | latency age 4.0 s | proprioception {'hpa default/php-apache': 0.0}
  compass: Μ ⊤ 151.6° Dispersion: dispersion, the ceiling holds | Ω held | G·n≤0 yes | L 634.9534 -2.3512 | axle S 0.5196 (rest 2.3686) | circles 0
  5 -> 5 | p95 425.4 | clean True | calm 0.632 | node calm 0.93 | gate release permitted | queue 0.0 | U 0.945 | blind [] | latency age 4.6 s | proprioception {}
  compass: Ν − 161.6° Dispersion: falling through rest | Ω held | G·n≤0 yes | L 633.3359 -1.6175 | axle S 0.5223 (rest 2.3686) | circles 0
  5 -> 5 | p95 329.6 | clean True | calm 0.636 | node calm 0.933 | gate release permitted | queue 0.0 | U 0.945 | blind [] | latency age 1.4 s | proprioception {}
  compass: Ν − 162.4° Dispersion: falling through rest | Ω held | G·n≤0 yes | L 631.7108 -1.6251 | axle S 0.525 (rest 2.3686) | circles 0
  5 -> 5 | p95 277.0 | clean True | calm 0.639 | node calm 0.936 | gate release permitted | queue 0.0 | U 0.946 | blind [] | latency age 3.6 s | proprioception {'hpa default/php-apache': 0.0}
  compass: Ν − 165.6° Dispersion: falling through rest | Ω held | G·n≤0 yes | L 630.3570 -1.3538 | axle S 0.5272 (rest 2.3686) | circles 0
  5 -> 5 | p95 304.4 | clean True | calm 0.643 | node calm 0.94 | gate release permitted | queue 0.0 | U 0.946 | blind [] | latency age 4.9 s | proprioception {}
  compass: Ν − 167.5° Dispersion: falling through rest | Ω held | G·n≤0 yes | L 629.1583 -1.1987 | axle S 0.5292 (rest 2.3686) | circles 0
  5 -> 5 | p95 334.1 | clean True | calm 0.647 | node calm 0.943 | gate release permitted | queue 0.0 | U 0.947 | blind [] | latency age 0.5 s | proprioception {}
  compass: Ν − 169.8° Dispersion: falling through rest | Ω held | G·n≤0 yes | L 628.3425 -0.8158 | axle S 0.5306 (rest 2.3686) | circles 0
  5 -> 5 | p95 302.7 | clean True | calm 0.652 | node calm 0.947 | gate release permitted | queue 0.0 | U 0.948 | blind [] | latency age 2.3 s | proprioception {}
  compass: Ν − 170.1° Dispersion: falling through rest | Ω held | G·n≤0 yes | L 627.3828 -0.9596 | axle S 0.5322 (rest 2.3686) | circles 0
  5 -> 5 | p95 348.6 | clean True | calm 0.656 | node calm 0.951 | gate release permitted | queue 0.0 | U 0.948 | blind [] | latency age 3.9 s | proprioception {}
  compass: Ν − 172.0° Dispersion: falling through rest | Ω held | G·n≤0 yes | L 626.8362 -0.5466 | axle S 0.5331 (rest 2.3686) | circles 0
  5 -> 5 | p95 318.3 | clean True | calm 0.663 | node calm 0.955 | gate release permitted | queue 0.0 | U 0.949 | blind [] | latency age 5.0 s | proprioception {}
  compass: Ω − 172.6° Dispersion: falling through rest | Ω held | G·n≤0 yes | L 626.3522 -0.4840 | axle S 0.5339 (rest 2.3686) | circles 0
  5 -> 5 | p95 357.2 | clean True | calm 0.669 | node calm 0.959 | gate release permitted | queue 0.0 | U 0.950 | blind [] | latency age 6.4 s | proprioception {}
  compass: Ω − 173.2° Dispersion: falling through rest | Ω held | G·n≤0 yes | L 625.9268 -0.4254 | axle S 0.5346 (rest 2.3686) | circles 0
  5 -> 5 | p95 273.5 | clean True | calm 0.675 | node calm 0.963 | gate release permitted | queue 0.0 | U 0.951 | blind [] | latency age 1.4 s | proprioception {}
  compass: Ω − 173.5° Dispersion: falling through rest | Ω held | G·n≤0 yes | L 625.3669 -0.5600 | axle S 0.5355 (rest 2.3686) | circles 0
  5 -> 5 | p95 334.0 | clean True | calm 0.68 | node calm 0.967 | gate release permitted | queue 0.0 | U 0.952 | blind [] | latency age 3.1 s | proprioception {'hpa default/php-apache': 0.0}
  compass: Ω − 174.0° Dispersion: falling through rest | Ω held | G·n≤0 yes | L 624.8426 -0.5242 | axle S 0.5364 (rest 2.3686) | circles 0
  5 -> 5 | p95 300.3 | clean True | calm 0.686 | node calm 0.972 | gate release permitted | queue 0.0 | U 0.953 | blind [] | latency age 4.7 s | proprioception {}
  compass: Ω − 175.0° Dispersion: falling through rest | Ω held | G·n≤0 yes | L 624.7890 -0.0536 | axle S 0.5365 (rest 2.3686) | circles 0
  5 -> 5 | p95 331.6 | clean True | calm 0.694 | node calm 0.976 | gate release permitted | queue 0.0 | U 0.954 | blind [] | latency age 0.8 s | proprioception {}
  compass: Ω − 174.7° Dispersion: falling through rest | Ω held | G·n≤0 yes | L 624.2699 -0.5191 | axle S 0.5374 (rest 2.3686) | circles 0
  5 -> 5 | p95 309.8 | clean True | calm 0.699 | node calm 0.981 | gate release permitted | queue 0.0 | U 0.955 | blind [] | latency age 2.7 s | proprioception {}
  compass: Ω − 175.4° Dispersion: falling through rest | Ω held | G·n≤0 yes | L 624.1077 -0.1622 | axle S 0.5376 (rest 2.3686) | circles 0
  5 -> 5 | p95 344.8 | clean True | calm 0.707 | node calm 0.985 | gate release permitted | queue 0.0 | U 0.956 | blind [] | latency age 4.4 s | proprioception {}
  compass: Ω − 175.6° Dispersion: falling through rest | Ω held | G·n≤0 yes | L 623.8328 -0.2749 | axle S 0.5381 (rest 2.3686) | circles 0
  5 -> 5 | p95 302.1 | clean True | calm 0.713 | node calm 0.99 | gate release permitted | queue 0.0 | U 0.957 | blind [] | latency age 0.7 s | proprioception {}
  compass: Ω − 175.8° Dispersion: falling through rest | Ω held | G·n≤0 yes | L 623.5431 -0.2898 | axle S 0.5386 (rest 2.3686) | circles 0
  5 -> 5 | p95 310.5 | clean True | calm 0.72 | node calm 0.995 | gate release permitted | queue 0.0 | U 0.958 | blind [] | latency age 2.7 s | proprioception {}
  compass: Ω − 176.2° Dispersion: falling through rest | Ω held | G·n≤0 yes | L 623.4332 -0.1098 | axle S 0.5387 (rest 2.3686) | circles 0
  5 -> 5 | p95 348.2 | clean True | calm 0.727 | node calm 0.999 | gate release permitted | queue 0.0 | U 0.959 | blind [] | latency age 4.3 s | proprioception {}
  compass: Ω − 176.4° Dispersion: falling through rest | Ω held | G·n≤0 yes | L 623.4573 +0.0241 | axle S 0.5387 (rest 2.3686) | circles 0
  5 -> 5 | p95 326.5 | clean True | calm 0.735 | node calm 1.0 | gate release permitted | queue 0.0 | U 0.960 | blind [] | latency age 0.6 s | proprioception {}
  compass: Ω − 176.6° Dispersion: falling through rest | Ω held | G·n≤0 yes | L 623.4577 +0.0004 | axle S 0.5387 (rest 2.3686) | circles 0
  5 -> 5 | p95 270.3 | clean True | calm 0.742 | node calm 1.0 | gate release permitted | queue 0.0 | U 0.961 | blind [] | latency age 3.0 s | proprioception {}
  compass: Ω − 176.7° Dispersion: falling through rest | Ω held | G·n≤0 yes | L 623.3822 -0.0755 | axle S 0.5388 (rest 2.3686) | circles 0
  5 -> 5 | p95 315.3 | clean True | calm 0.749 | node calm 1.0 | gate release permitted | queue 0.0 | U 0.962 | blind [] | latency age 4.5 s | proprioception {}
  compass: Ω − 176.8° Dispersion: falling through rest | Ω held | G·n≤0 yes | L 623.3165 -0.0656 | axle S 0.5389 (rest 2.3686) | circles 0
  5 -> 5 | p95 301.4 | clean True | calm 0.756 | node calm 1.0 | gate release permitted | queue 0.0 | U 0.963 | blind [] | latency age 6.0 s | proprioception {}
  compass: Ω − 177.0° Dispersion: falling through rest | Ω held | G·n≤0 yes | L 623.3224 +0.0058 | axle S 0.5389 (rest 2.3686) | circles 0
  5 -> 5 | p95 332.0 | clean True | calm 0.763 | node calm 1.0 | gate release permitted | queue 0.0 | U 0.964 | blind [] | latency age 2.0 s | proprioception {}
  compass: Ω − 177.1° Dispersion: falling through rest | Ω held | G·n≤0 yes | L 623.2565 -0.0659 | axle S 0.539 (rest 2.3686) | circles 0
  5 -> 5 | p95 351.3 | clean True | calm 0.77 | node calm 1.0 | gate release permitted | queue 0.0 | U 0.965 | blind [] | latency age 4.3 s | proprioception {}
  compass: Ω − 177.3° Dispersion: falling through rest | Ω held | G·n≤0 yes | L 623.2651 +0.0086 | axle S 0.539 (rest 2.3686) | circles 0
  5 -> 5 | p95 356.1 | clean True | calm 0.777 | node calm 1.0 | gate release permitted | queue 0.0 | U 0.966 | blind [] | latency age 0.7 s | proprioception {}
  compass: Ω − 177.3° Dispersion: falling through rest | Ω held | G·n≤0 yes | L 623.0157 -0.2495 | axle S 0.5394 (rest 2.3686) | circles 0
  5 -> 5 | p95 408.4 | clean True | calm 0.782 | node calm 1.0 | gate release permitted | queue 0.0 | U 0.967 | blind [] | latency age 2.4 s | proprioception {}
  compass: Ω − 177.5° Dispersion: falling through rest | Ω held | G·n≤0 yes | L 622.8915 -0.1242 | axle S 0.5396 (rest 2.3686) | circles 0
  5 -> 5 | p95 271.8 | clean True | calm 0.789 | node calm 1.0 | gate release permitted | queue 0.0 | U 0.968 | blind [] | latency age 4.6 s | proprioception {}
  compass: Ω − 177.7° Dispersion: falling through rest | Ω held | G·n≤0 yes | L 622.9200 +0.0286 | axle S 0.5396 (rest 2.3686) | circles 0
  5 -> 5 | p95 301.0 | clean True | calm 0.796 | node calm 1.0 | gate release permitted | queue 0.0 | U 0.969 | blind [] | latency age 0.9 s | proprioception {}
  compass: Ω − 177.8° Dispersion: falling through rest | Ω held | G·n≤0 yes | L 622.8726 -0.0474 | axle S 0.5397 (rest 2.3686) | circles 0
  5 -> 5 | p95 298.9 | clean True | calm 0.802 | node calm 1.0 | gate release permitted | queue 0.0 | U 0.970 | blind [] | latency age 2.4 s | proprioception {}
  compass: Ω − 177.9° Dispersion: falling through rest | Ω held | G·n≤0 yes | L 622.8337 -0.0390 | axle S 0.5397 (rest 2.3686) | circles 0
  5 -> 5 | p95 265.4 | clean True | calm 0.808 | node calm 1.0 | gate release permitted | queue 0.0 | U 0.971 | blind [] | latency age 4.9 s | proprioception {}
  compass: Ω − 178.0° Dispersion: falling through rest | Ω held | G·n≤0 yes | L 622.7387 -0.0950 | axle S 0.5399 (rest 2.3686) | circles 0
  5 -> 5 | p95 309.8 | clean True | calm 0.813 | node calm 1.0 | gate release permitted | queue 0.0 | U 0.972 | blind [] | latency age 1.0 s | proprioception {}
  compass: Ω − 178.2° Dispersion: falling through rest | Ω held | G·n≤0 yes | L 622.7910 +0.0523 | axle S 0.5398 (rest 2.3686) | circles 0
  5 -> 5 | p95 342.9 | clean True | calm 0.82 | node calm 1.0 | gate release permitted | queue 0.0 | U 0.973 | blind [] | latency age 2.5 s | proprioception {}
  compass: Ω − 178.3° Dispersion: falling through rest | Ω held | G·n≤0 yes | L 622.7631 -0.0279 | axle S 0.5399 (rest 2.3686) | circles 0
  5 -> 5 | p95 270.2 | clean True | calm 0.825 | node calm 1.0 | gate release permitted | queue 0.0 | U 0.974 | blind [] | latency age 5.6 s | proprioception {'hpa default/php-apache': 0.0}
  compass: Ω − 178.4° Dispersion: falling through rest | Ω held | G·n≤0 yes | L 622.7405 -0.0227 | axle S 0.5399 (rest 2.3686) | circles 0
  5 -> 5 | p95 292.1 | clean True | calm 0.83 | node calm 1.0 | gate release permitted | queue 0.0 | U 0.974 | blind [] | latency age 1.3 s | proprioception {}
  compass: Ω − 178.7° Dispersion: falling through rest | Ω held | G·n≤0 yes | L 623.1604 +0.4199 | axle S 0.5392 (rest 2.3686) | circles 0
  5 -> 5 | p95 284.1 | clean True | calm 0.837 | node calm 1.0 | gate release permitted | queue 0.0 | U 0.975 | blind [] | latency age 45.1 s | proprioception {}
