sysbench 1.0.20 (using system LuaJIT 2.1.0-beta3)

Running the test with following options:
Number of threads: 32
Target transaction rate: 200/sec
Initializing random number generator from current time


Initializing worker threads...

Threads started!

Latency histogram (values are in milliseconds)
       value  ------------- distribution ------------- count
       2.522 |                                         2
       2.568 |*                                        6
       2.615 |**                                       17
       2.662 |****                                     30
       2.710 |**********                               82
       2.760 |**************                           116
       2.810 |***********************                  194
       2.861 |**********************                   185
       2.913 |**************************               215
       2.966 |***************************              226
       3.020 |****************************             229
       3.075 |*****************************            242
       3.130 |*********************************        274
       3.187 |***********************************      290
       3.245 |**************************************** 332
       3.304 |***************************************  325
       3.364 |**************************************   318
       3.425 |*********************************        278
       3.488 |********************************         262
       3.551 |*****************************            239
       3.615 |*************************                205
       3.681 |**********************                   182
       3.748 |****************                         132
       3.816 |*****************                        142
       3.885 |**************                           115
       3.956 |***********                              93
       4.028 |*******                                  56
       4.101 |******                                   52
       4.176 |****                                     35
       4.252 |****                                     36
       4.329 |***                                      29
       4.407 |******                                   48
       4.487 |***                                      29
       4.569 |***                                      26
       4.652 |***                                      26
       4.737 |****                                     30
       4.823 |***                                      21
       4.910 |**                                       18
       4.999 |**                                       17
       5.090 |**                                       13
       5.183 |**                                       13
       5.277 |**                                       17
       5.373 |***                                      21
       5.470 |**                                       16
       5.570 |***                                      24
       5.671 |**                                       17
       5.774 |**                                       18
       5.879 |**                                       18
       5.986 |**                                       18
       6.095 |***                                      23
       6.205 |**                                       19
       6.318 |**                                       17
       6.433 |***                                      28
       6.550 |**                                       13
       6.669 |**                                       18
       6.790 |**                                       17
       6.913 |**                                       20
       7.039 |**                                       18
       7.167 |***                                      27
       7.297 |**                                       16
       7.430 |**                                       16
       7.565 |**                                       14
       7.702 |***                                      25
       7.842 |**                                       17
       7.985 |**                                       13
       8.130 |***                                      22
       8.277 |**                                       16
       8.428 |*                                        10
       8.581 |*                                        9
       8.737 |*                                        6
       8.895 |*                                        9
       9.057 |**                                       14
       9.222 |*                                        11
       9.389 |*                                        10
       9.560 |*                                        10
       9.734 |*                                        6
       9.910 |*                                        7
      10.274 |                                         3
      10.460 |*                                        5
      10.651 |                                         4
      10.844 |                                         3
      11.041 |                                         2
      11.242 |                                         3
      11.654 |                                         3
      11.866 |                                         1
      12.081 |                                         3
      12.301 |                                         4
      12.524 |                                         2
      12.752 |                                         1
      12.984 |                                         2
      13.219 |                                         3
      13.460 |                                         1
      13.704 |*                                        5
      13.953 |                                         2
      14.207 |                                         2
      15.545 |                                         1
      16.408 |                                         1
      17.010 |                                         3
      17.319 |                                         4
      17.633 |                                         2
      18.280 |                                         1
      18.612 |                                         3
      19.295 |                                         3
      20.002 |                                         1
      20.366 |                                         1
      21.112 |                                         2
      21.496 |                                         2
      21.886 |                                         1
      22.284 |                                         3
      22.689 |                                         1
      23.521 |                                         2
      24.384 |                                         1
      24.827 |                                         1
      25.737 |                                         1
      26.681 |                                         1
      28.162 |                                         1
      29.725 |                                         1
      30.815 |                                         1
      31.945 |                                         1
      32.525 |                                         1
      33.116 |                                         1
 
SQL statistics:
    queries performed:
        read:                            81900
        write:                           23400
        other:                           11700
        total:                           117000
    transactions:                        5850   (194.86 per sec.)
    queries:                             117000 (3897.19 per sec.)
    ignored errors:                      0      (0.00 per sec.)
    reconnects:                          0      (0.00 per sec.)

General statistics:
    total time:                          30.0213s
    total number of events:              5850

Latency (ms):
         min:                                    2.53
         avg:                                    3.94
         max:                                   32.85
         95th percentile:                        7.43
         sum:                                23034.13

Threads fairness:
    events (avg/stddev):           182.8125/1.21
    execution time (avg/stddev):   0.7198/0.02


