sysbench 1.0.20 (using system LuaJIT 2.1.0-beta3)

Running the test with following options:
Number of threads: 32
Target transaction rate: 3000/sec
Initializing random number generator from current time


Initializing worker threads...

Threads started!

Latency histogram (values are in milliseconds)
       value  ------------- distribution ------------- count
       0.081 |                                         1
       0.082 |                                         1
       0.085 |                                         2
       0.087 |                                         2
       0.089 |                                         4
       0.090 |                                         6
       0.092 |                                         6
       0.093 |                                         36
       0.095 |*                                        64
       0.097 |*                                        116
       0.099 |**                                       182
       0.100 |***                                      274
       0.102 |****                                     383
       0.104 |*****                                    488
       0.106 |******                                   647
       0.108 |*******                                  774
       0.110 |**********                               1011
       0.112 |**********                               1067
       0.114 |*************                            1309
       0.116 |***************                          1597
       0.118 |******************                       1856
       0.120 |********************                     2055
       0.122 |***********************                  2383
       0.125 |*************************                2579
       0.127 |****************************             2885
       0.129 |*********************************        3366
       0.132 |***********************************      3611
       0.134 |***************************************  4058
       0.136 |***************************************  4000
       0.139 |***************************************  4042
       0.141 |**************************************** 4137
       0.144 |***************************************  4079
       0.147 |***************************************  4030
       0.149 |**************************************   3892
       0.152 |***********************************      3608
       0.155 |*******************************          3174
       0.158 |***************************              2816
       0.160 |*************************                2561
       0.163 |*********************                    2194
       0.166 |******************                       1875
       0.169 |****************                         1668
       0.172 |*************                            1355
       0.176 |************                             1209
       0.179 |**********                               1043
       0.182 |********                                 832
       0.185 |*******                                  700
       0.189 |******                                   572
       0.192 |*****                                    467
       0.196 |****                                     414
       0.199 |***                                      354
       0.203 |***                                      298
       0.206 |***                                      261
       0.210 |**                                       236
       0.214 |**                                       221
       0.218 |**                                       208
       0.222 |**                                       178
       0.226 |*                                        151
       0.230 |**                                       169
       0.234 |**                                       169
       0.238 |*                                        140
       0.243 |*                                        122
       0.247 |*                                        138
       0.252 |*                                        123
       0.256 |*                                        101
       0.261 |*                                        116
       0.266 |*                                        97
       0.270 |*                                        89
       0.275 |*                                        95
       0.280 |*                                        79
       0.285 |*                                        68
       0.291 |*                                        77
       0.296 |*                                        77
       0.301 |*                                        67
       0.307 |*                                        69
       0.312 |*                                        56
       0.318 |*                                        83
       0.324 |*                                        74
       0.330 |*                                        54
       0.336 |*                                        81
       0.342 |*                                        92
       0.348 |*                                        94
       0.354 |*                                        93
       0.361 |*                                        85
       0.367 |*                                        106
       0.374 |*                                        108
       0.381 |*                                        115
       0.388 |*                                        116
       0.395 |*                                        122
       0.402 |**                                       162
       0.409 |*                                        148
       0.417 |**                                       177
       0.424 |**                                       190
       0.432 |**                                       243
       0.440 |***                                      263
       0.448 |***                                      281
       0.456 |***                                      267
       0.464 |***                                      290
       0.473 |***                                      304
       0.481 |***                                      325
       0.490 |***                                      294
       0.499 |***                                      311
       0.508 |***                                      303
       0.517 |***                                      286
       0.527 |***                                      287
       0.536 |***                                      272
       0.546 |**                                       220
       0.556 |**                                       190
       0.566 |*                                        154
       0.576 |*                                        143
       0.587 |*                                        106
       0.597 |*                                        80
       0.608 |*                                        73
       0.619 |*                                        61
       0.630 |                                         43
       0.642 |                                         29
       0.654 |                                         35
       0.665 |                                         29
       0.677 |                                         23
       0.690 |                                         27
       0.702 |                                         28
       0.715 |                                         21
       0.728 |                                         13
       0.741 |                                         14
       0.755 |                                         17
       0.768 |                                         13
       0.782 |                                         16
       0.797 |                                         10
       0.811 |                                         15
       0.826 |                                         5
       0.841 |                                         5
       0.856 |                                         12
       0.872 |                                         13
       0.888 |                                         5
       0.904 |                                         6
       0.920 |                                         5
       0.937 |                                         3
       0.954 |                                         4
       0.971 |                                         3
       0.989 |                                         3
       1.007 |                                         3
       1.044 |                                         2
       1.063 |                                         3
       1.082 |                                         1
       1.102 |                                         2
       1.122 |                                         2
       1.142 |                                         3
       1.163 |                                         1
       1.205 |                                         1
       1.319 |                                         2
       1.367 |                                         1
       1.496 |                                         1
       1.523 |                                         3
       1.667 |                                         1
       1.728 |                                         1
       1.759 |                                         1
       1.791 |                                         3
       1.824 |                                         1
       1.891 |                                         1
       2.032 |                                         1
       2.106 |                                         2
       2.145 |                                         1
       2.477 |                                         1
       2.861 |                                         1
       4.329 |                                         1
       4.910 |                                         1
       5.277 |                                         2
 
SQL statistics:
    queries performed:
        read:                            90283
        write:                           0
        other:                           0
        total:                           90283
    transactions:                        90283  (3007.72 per sec.)
    queries:                             90283  (3007.72 per sec.)
    ignored errors:                      0      (0.00 per sec.)
    reconnects:                          0      (0.00 per sec.)

General statistics:
    total time:                          30.0156s
    total number of events:              90283

Latency (ms):
         min:                                    0.08
         avg:                                    0.17
         max:                                    5.32
         95th percentile:                        0.45
         sum:                                15624.50

Threads fairness:
    events (avg/stddev):           2821.3438/17.01
    execution time (avg/stddev):   0.4883/0.01


