sysbench 1.0.20 (using system LuaJIT 2.1.0-beta3)

Running the test with following options:
Number of threads: 32
Target transaction rate: 1000/sec
Initializing random number generator from current time


Initializing worker threads...

Threads started!

Latency histogram (values are in milliseconds)
       value  ------------- distribution ------------- count
       0.536 |                                         1
       0.546 |                                         3
       0.556 |                                         6
       0.566 |*                                        21
       0.576 |*                                        38
       0.587 |***                                      76
       0.597 |****                                     103
       0.608 |******                                   167
       0.619 |******                                   178
       0.630 |*********                                252
       0.642 |***********                              314
       0.654 |***********                              293
       0.665 |************                             344
       0.677 |**************                           377
       0.690 |**************                           376
       0.702 |*****************                        472
       0.715 |*******************                      521
       0.728 |************************                 663
       0.741 |****************************             777
       0.755 |******************************           842
       0.768 |***********************************      975
       0.782 |***********************************      966
       0.797 |***************************************  1077
       0.811 |*************************************    1019
       0.826 |**************************************** 1105
       0.841 |**************************************   1036
       0.856 |***************************************  1073
       0.872 |*************************************    1009
       0.888 |************************************     1007
       0.904 |*************************************    1013
       0.920 |***********************************      963
       0.937 |**********************************       953
       0.954 |*******************************          847
       0.971 |******************************           830
       0.989 |**************************               720
       1.007 |*************************                699
       1.025 |************************                 666
       1.044 |************************                 656
       1.063 |***********************                  623
       1.082 |*******************                      524
       1.102 |******************                       509
       1.122 |******************                       486
       1.142 |****************                         454
       1.163 |***************                          427
       1.184 |**************                           398
       1.205 |*************                            350
       1.227 |***********                              315
       1.250 |**********                               271
       1.272 |*********                                247
       1.295 |*********                                244
       1.319 |********                                 223
       1.343 |******                                   174
       1.367 |*******                                  199
       1.392 |*****                                    138
       1.417 |*****                                    139
       1.443 |*****                                    128
       1.469 |****                                     113
       1.496 |****                                     106
       1.523 |***                                      91
       1.551 |***                                      83
       1.579 |****                                     104
       1.608 |***                                      70
       1.637 |**                                       66
       1.667 |**                                       67
       1.697 |**                                       51
       1.728 |**                                       67
       1.759 |*                                        32
       1.791 |*                                        35
       1.824 |*                                        36
       1.857 |*                                        34
       1.891 |*                                        27
       1.925 |**                                       44
       1.960 |*                                        24
       1.996 |*                                        25
       2.032 |*                                        27
       2.069 |*                                        29
       2.106 |*                                        23
       2.145 |*                                        24
       2.184 |*                                        26
       2.223 |*                                        24
       2.264 |*                                        22
       2.305 |*                                        22
       2.347 |*                                        18
       2.389 |*                                        25
       2.433 |*                                        18
       2.477 |*                                        14
       2.522 |*                                        16
       2.568 |*                                        16
       2.615 |*                                        15
       2.662 |*                                        18
       2.710 |                                         11
       2.760 |                                         12
       2.810 |*                                        16
       2.861 |                                         12
       2.913 |*                                        18
       2.966 |                                         13
       3.020 |                                         7
       3.075 |                                         5
       3.130 |                                         9
       3.187 |                                         8
       3.245 |                                         7
       3.304 |                                         11
       3.364 |                                         4
       3.425 |                                         9
       3.488 |                                         5
       3.551 |                                         2
       3.615 |                                         6
       3.681 |                                         7
       3.748 |                                         3
       3.816 |                                         3
       3.885 |                                         4
       3.956 |                                         5
       4.028 |                                         2
       4.101 |                                         5
       4.176 |                                         5
       4.252 |                                         6
       4.329 |                                         3
       4.407 |                                         5
       4.487 |                                         3
       4.569 |                                         5
       4.652 |                                         2
       4.737 |                                         3
       4.823 |                                         5
       4.910 |                                         9
       4.999 |                                         5
       5.090 |                                         5
       5.183 |                                         1
       5.277 |                                         10
       5.373 |                                         11
       5.470 |                                         7
       5.570 |                                         2
       5.671 |                                         6
       5.774 |                                         6
       5.879 |                                         5
       5.986 |                                         5
       6.095 |                                         5
       6.205 |                                         8
       6.318 |                                         7
       6.433 |                                         8
       6.550 |                                         4
       6.669 |                                         8
       6.790 |                                         2
       6.913 |                                         3
       7.039 |                                         4
       7.167 |                                         3
       7.297 |                                         1
       7.430 |                                         2
       7.565 |                                         1
       7.702 |                                         4
       7.842 |                                         1
       7.985 |                                         1
       8.130 |                                         1
       8.277 |                                         4
       8.581 |                                         1
       8.737 |                                         1
       9.560 |                                         1
       9.910 |                                         3
      10.090 |                                         1
      10.460 |                                         1
 
SQL statistics:
    queries performed:
        read:                            0
        write:                           30067
        other:                           0
        total:                           30067
    transactions:                        30067  (1001.57 per sec.)
    queries:                             30067  (1001.57 per sec.)
    ignored errors:                      0      (0.00 per sec.)
    reconnects:                          0      (0.00 per sec.)

General statistics:
    total time:                          30.0194s
    total number of events:              30067

Latency (ms):
         min:                                    0.54
         avg:                                    1.00
         max:                                   10.44
         95th percentile:                        1.52
         sum:                                29999.15

Threads fairness:
    events (avg/stddev):           939.5938/5.30
    execution time (avg/stddev):   0.9375/0.01


