sysbench 1.0.20 (using system LuaJIT 2.1.0-beta3)

Running the test with following options:
Number of threads: 32
Target transaction rate: 1000/sec
Initializing random number generator from current time


Initializing worker threads...

Threads started!

Latency histogram (values are in milliseconds)
       value  ------------- distribution ------------- count
       0.556 |                                         10
       0.566 |*                                        14
       0.576 |*                                        18
       0.587 |**                                       44
       0.597 |***                                      71
       0.608 |****                                     101
       0.619 |******                                   134
       0.630 |******                                   148
       0.642 |*******                                  172
       0.654 |**********                               220
       0.665 |*********                                196
       0.677 |***********                              244
       0.690 |***********                              262
       0.702 |**************                           323
       0.715 |*****************                        387
       0.728 |**********************                   510
       0.741 |*************************                585
       0.755 |*****************************            657
       0.768 |*********************************        750
       0.782 |*********************************        767
       0.797 |**********************************       791
       0.811 |***********************************      808
       0.826 |***********************************      812
       0.841 |**************************************   874
       0.856 |*************************************    849
       0.872 |*************************************    858
       0.888 |***********************************      795
       0.904 |*************************************    861
       0.920 |**************************************   885
       0.937 |**************************************** 920
       0.954 |***************************************  890
       0.971 |*************************************    848
       0.989 |*************************************    845
       1.007 |***********************************      812
       1.025 |************************************     817
       1.044 |********************************         730
       1.063 |*********************************        761
       1.082 |*****************************            669
       1.102 |****************************             653
       1.122 |***************************              613
       1.142 |*************************                566
       1.163 |************************                 558
       1.184 |**********************                   516
       1.205 |*********************                    492
       1.227 |*********************                    477
       1.250 |******************                       424
       1.272 |*****************                        394
       1.295 |*****************                        382
       1.319 |***************                          352
       1.343 |**************                           319
       1.367 |************                             276
       1.392 |************                             271
       1.417 |**********                               222
       1.443 |*********                                197
       1.469 |**********                               234
       1.496 |********                                 181
       1.523 |********                                 176
       1.551 |*******                                  166
       1.579 |********                                 183
       1.608 |****                                     101
       1.637 |*****                                    118
       1.667 |****                                     97
       1.697 |****                                     101
       1.728 |****                                     83
       1.759 |****                                     94
       1.791 |***                                      63
       1.824 |***                                      64
       1.857 |***                                      64
       1.891 |***                                      66
       1.925 |**                                       55
       1.960 |***                                      61
       1.996 |**                                       50
       2.032 |**                                       36
       2.069 |**                                       35
       2.106 |**                                       36
       2.145 |*                                        28
       2.184 |**                                       40
       2.223 |**                                       38
       2.264 |**                                       36
       2.305 |*                                        27
       2.347 |*                                        21
       2.389 |*                                        30
       2.433 |*                                        25
       2.477 |*                                        23
       2.522 |*                                        33
       2.568 |*                                        21
       2.615 |*                                        23
       2.662 |*                                        25
       2.710 |*                                        15
       2.760 |*                                        16
       2.810 |*                                        15
       2.861 |*                                        18
       2.913 |*                                        18
       2.966 |*                                        18
       3.020 |*                                        12
       3.075 |*                                        17
       3.130 |*                                        16
       3.187 |*                                        16
       3.245 |                                         6
       3.304 |                                         6
       3.364 |                                         9
       3.425 |                                         6
       3.488 |                                         2
       3.551 |*                                        12
       3.615 |                                         8
       3.681 |                                         7
       3.748 |                                         7
       3.816 |                                         8
       3.885 |                                         6
       3.956 |                                         2
       4.028 |                                         6
       4.101 |                                         2
       4.176 |                                         3
       4.252 |                                         6
       4.329 |                                         6
       4.407 |                                         4
       4.487 |                                         6
       4.569 |                                         5
       4.652 |                                         4
       4.737 |                                         1
       4.823 |                                         3
       4.910 |                                         9
       4.999 |                                         3
       5.090 |                                         2
       5.183 |                                         3
       5.277 |                                         8
       5.373 |                                         5
       5.470 |                                         4
       5.570 |                                         5
       5.671 |                                         5
       5.774 |                                         6
       5.879 |                                         8
       5.986 |                                         5
       6.095 |                                         7
       6.205 |                                         4
       6.318 |                                         7
       6.433 |                                         2
       6.550 |                                         3
       6.669 |                                         2
       6.790 |                                         4
       6.913 |                                         7
       7.039 |                                         2
       7.167 |                                         3
       7.297 |                                         1
       7.430 |                                         3
       7.565 |                                         2
       7.842 |                                         3
       7.985 |                                         1
       8.581 |                                         1
       8.895 |                                         1
       9.057 |                                         1
       9.560 |                                         2
      10.274 |                                         1
 
SQL statistics:
    queries performed:
        read:                            0
        write:                           29990
        other:                           0
        total:                           29990
    transactions:                        29990  (999.11 per sec.)
    queries:                             29990  (999.11 per sec.)
    ignored errors:                      0      (0.00 per sec.)
    reconnects:                          0      (0.00 per sec.)

General statistics:
    total time:                          30.0163s
    total number of events:              29990

Latency (ms):
         min:                                    0.55
         avg:                                    1.07
         max:                                   10.18
         95th percentile:                        1.70
         sum:                                32114.83

Threads fairness:
    events (avg/stddev):           937.1875/5.70
    execution time (avg/stddev):   1.0036/0.02


