sysbench 1.0.20 (using system LuaJIT 2.1.0-beta3)

Running the test with following options:
Number of threads: 32
Target transaction rate: 300/sec
Initializing random number generator from current time


Initializing worker threads...

Threads started!

Latency histogram (values are in milliseconds)
       value  ------------- distribution ------------- count
       2.145 |                                         2
       2.184 |                                         7
       2.223 |                                         4
       2.264 |**                                       28
       2.305 |****                                     53
       2.347 |*******                                  96
       2.389 |**********                               146
       2.433 |************                             167
       2.477 |*************                            189
       2.522 |***************                          217
       2.568 |**************                           208
       2.615 |***************                          212
       2.662 |***************                          214
       2.710 |****************                         227
       2.760 |******************                       261
       2.810 |********************                     284
       2.861 |************************                 340
       2.913 |*******************************          445
       2.966 |*********************************        483
       3.020 |**********************************       495
       3.075 |**************************************** 576
       3.130 |***************************************  568
       3.187 |***************************************  560
       3.245 |**************************************** 577
       3.304 |************************************     516
       3.364 |*****************************            421
       3.425 |**************************               375
       3.488 |*********************                    303
       3.551 |*****************                        246
       3.615 |**************                           204
       3.681 |***********                              154
       3.748 |********                                 118
       3.816 |*****                                    65
       3.885 |****                                     59
       3.956 |***                                      44
       4.028 |**                                       22
       4.101 |**                                       35
       4.176 |**                                       23
       4.252 |*                                        16
       4.329 |**                                       22
       4.407 |*                                        14
       4.487 |*                                        8
       4.569 |*                                        12
       4.652 |*                                        9
       4.737 |                                         6
       4.823 |*                                        8
       4.910 |                                         6
       4.999 |                                         2
       5.090 |                                         1
       5.183 |                                         4
       5.277 |                                         2
       5.373 |                                         1
       5.470 |                                         1
       5.671 |                                         1
       5.774 |                                         2
       5.879 |                                         1
       6.095 |                                         1
       6.205 |                                         1
       6.550 |                                         1
 
SQL statistics:
    queries performed:
        read:                            126882
        write:                           0
        other:                           18126
        total:                           145008
    transactions:                        9063   (301.87 per sec.)
    queries:                             145008 (4829.91 per sec.)
    ignored errors:                      0      (0.00 per sec.)
    reconnects:                          0      (0.00 per sec.)

General statistics:
    total time:                          30.0225s
    total number of events:              9063

Latency (ms):
         min:                                    2.14
         avg:                                    3.09
         max:                                    6.52
         95th percentile:                        3.75
         sum:                                28019.76

Threads fairness:
    events (avg/stddev):           283.2188/1.83
    execution time (avg/stddev):   0.8756/0.01


