sysbench 1.0.20 (using system LuaJIT 2.1.0-beta3)

Running the test with following options:
Number of threads: 32
Target transaction rate: 300/sec
Initializing random number generator from current time


Initializing worker threads...

Threads started!

Latency histogram (values are in milliseconds)
       value  ------------- distribution ------------- count
       2.264 |*                                        8
       2.305 |**                                       32
       2.347 |****                                     56
       2.389 |********                                 123
       2.433 |***********                              175
       2.477 |***************                          232
       2.522 |****************                         238
       2.568 |****************                         236
       2.615 |**************                           212
       2.662 |***************                          229
       2.710 |*************                            199
       2.760 |**************                           220
       2.810 |*****************                        259
       2.861 |*********************                    318
       2.913 |*****************************            446
       2.966 |**********************************       523
       3.020 |**************************************   579
       3.075 |**************************************   576
       3.130 |**************************************** 609
       3.187 |************************************     544
       3.245 |*************************************    561
       3.304 |*********************************        507
       3.364 |*****************************            441
       3.425 |***************************              406
       3.488 |******************                       276
       3.551 |**************                           209
       3.615 |**********                               151
       3.681 |********                                 129
       3.748 |*******                                  101
       3.816 |*****                                    76
       3.885 |***                                      47
       3.956 |***                                      44
       4.028 |**                                       32
       4.101 |*                                        22
       4.176 |*                                        14
       4.252 |*                                        14
       4.329 |*                                        11
       4.407 |*                                        9
       4.487 |*                                        8
       4.569 |*                                        8
       4.652 |*                                        9
       4.737 |                                         3
       4.823 |*                                        8
       4.910 |                                         3
       4.999 |                                         2
       5.090 |                                         1
       5.183 |                                         7
       5.373 |                                         3
       5.470 |                                         2
       5.570 |                                         1
       5.671 |                                         2
       5.774 |                                         1
       5.879 |                                         2
       6.095 |                                         1
       6.205 |                                         1
       6.318 |                                         1
       6.913 |                                         1
       7.985 |                                         1
       8.277 |                                         1
       9.389 |                                         1
      11.041 |                                         1
      12.081 |                                         1
      16.706 |                                         2
      17.010 |                                         1
      17.319 |                                         1
      18.612 |                                         1
      19.295 |                                         1
 
SQL statistics:
    queries performed:
        read:                            125146
        write:                           0
        other:                           17878
        total:                           143024
    transactions:                        8939   (297.61 per sec.)
    queries:                             143024 (4761.78 per sec.)
    ignored errors:                      0      (0.00 per sec.)
    reconnects:                          0      (0.00 per sec.)

General statistics:
    total time:                          30.0354s
    total number of events:              8939

Latency (ms):
         min:                                    2.25
         avg:                                    3.10
         max:                                   19.27
         95th percentile:                        3.68
         sum:                                27702.88

Threads fairness:
    events (avg/stddev):           279.3438/1.91
    execution time (avg/stddev):   0.8657/0.01


