sysbench 1.0.20 (using system LuaJIT 2.1.0-beta3)

Running the test with following options:
Number of threads: 32
Target transaction rate: 200/sec
Initializing random number generator from current time


Initializing worker threads...

Threads started!

Latency histogram (values are in milliseconds)
       value  ------------- distribution ------------- count
       2.477 |*                                        1
       2.522 |**                                       4
       2.568 |****                                     7
       2.615 |****                                     8
       2.662 |*************                            25
       2.710 |*****************                        34
       2.760 |*************                            25
       2.810 |*********************                    42
       2.861 |********************                     39
       2.913 |*************************                49
       2.966 |**********************                   44
       3.020 |************************                 48
       3.075 |*****************************            57
       3.130 |*************************************    73
       3.187 |*************************************    73
       3.245 |**************************************** 80
       3.304 |******************************           60
       3.364 |************************************     71
       3.425 |*******************************          62
       3.488 |******************************           59
       3.551 |**********************************       67
       3.615 |*************************************    74
       3.681 |*************************************    73
       3.748 |*********************                    41
       3.816 |***********************                  46
       3.885 |******************                       35
       3.956 |********************                     40
       4.028 |******************                       35
       4.101 |***************                          30
       4.176 |*****************                        34
       4.252 |*********                                17
       4.329 |*********                                18
       4.407 |*******                                  13
       4.487 |**********                               20
       4.569 |***********                              21
       4.652 |*******                                  13
       4.737 |************                             24
       4.823 |************                             23
       4.910 |*******                                  14
       4.999 |*********                                17
       5.090 |********                                 16
       5.183 |********                                 16
       5.277 |******                                   11
       5.373 |*****                                    9
       5.470 |****                                     8
       5.570 |*******                                  13
       5.671 |*****                                    10
       5.774 |****                                     8
       5.879 |*****                                    10
       5.986 |******                                   11
       6.095 |**********                               19
       6.205 |**********                               20
       6.318 |*****                                    10
       6.433 |******                                   11
       6.550 |*******                                  14
       6.669 |******                                   11
       6.790 |*******                                  14
       6.913 |****                                     8
       7.039 |*******                                  14
       7.167 |*****                                    9
       7.297 |**                                       4
       7.430 |*****                                    9
       7.565 |******                                   11
       7.702 |*******                                  14
       7.842 |****                                     8
       7.985 |*****                                    10
       8.130 |*******                                  13
       8.277 |*****                                    10
       8.428 |****                                     8
       8.581 |****                                     8
       8.737 |******                                   12
       8.895 |***                                      5
       9.057 |****                                     8
       9.222 |******                                   11
       9.389 |****                                     7
       9.560 |****                                     8
       9.734 |****                                     8
       9.910 |****                                     7
      10.090 |*****                                    10
      10.274 |*****                                    9
      10.460 |*********                                17
      10.651 |*****                                    9
      10.844 |********                                 15
      11.041 |*****                                    10
      11.242 |******                                   12
      11.446 |******                                   11
      11.654 |*****                                    9
      11.866 |****                                     7
      12.081 |*****                                    10
      12.301 |***                                      6
      12.524 |******                                   11
      12.752 |*****                                    10
      12.984 |****                                     8
      13.219 |***                                      5
      13.460 |******                                   11
      13.704 |****                                     8
      13.953 |***                                      6
      14.207 |*****                                    10
      14.465 |***                                      5
      14.728 |*****                                    9
      14.995 |*****                                    10
      15.268 |********                                 16
      15.545 |******                                   11
      15.828 |********                                 16
      16.115 |**                                       4
      16.408 |*****                                    9
      16.706 |****                                     8
      17.010 |********                                 16
      17.319 |***                                      6
      17.633 |***                                      6
      17.954 |*****                                    10
      18.280 |******                                   12
      18.612 |******                                   12
      18.950 |****                                     8
      19.295 |*********                                17
      19.645 |******                                   12
      20.002 |*****                                    10
      20.366 |***********                              21
      20.736 |******                                   11
      21.112 |****                                     7
      21.496 |********                                 16
      21.886 |***                                      5
      22.284 |*******                                  14
      22.689 |*******                                  13
      23.101 |**                                       4
      23.521 |*******                                  13
      23.948 |******                                   12
      24.384 |****                                     7
      24.827 |******                                   12
      25.278 |*******                                  14
      25.737 |***                                      5
      26.205 |******                                   12
      26.681 |******                                   12
      27.165 |******                                   11
      27.659 |********                                 15
      28.162 |*******                                  13
      28.673 |******                                   12
      29.194 |***                                      5
      29.725 |******                                   11
      30.265 |*****                                    10
      30.815 |******                                   11
      31.375 |********                                 15
      31.945 |*****                                    10
      32.525 |*******                                  14
      33.116 |********                                 16
      33.718 |******                                   12
      34.330 |*******                                  13
      34.954 |******                                   12
      35.589 |****                                     8
      36.236 |********                                 16
      36.894 |*****                                    10
      37.565 |********                                 16
      38.247 |*******                                  14
      38.942 |*********                                17
      39.650 |*******                                  14
      40.370 |*******                                  13
      41.104 |*******                                  14
      41.851 |************                             23
      42.611 |*******                                  14
      43.385 |*******                                  13
      44.173 |*****                                    9
      44.976 |*******                                  14
      45.793 |*******                                  13
      46.625 |*******                                  13
      47.472 |********                                 16
      48.335 |****                                     8
      49.213 |********                                 15
      50.107 |*********                                17
      51.018 |*********                                18
      51.945 |********                                 15
      52.889 |**********                               19
      53.850 |********                                 16
      54.828 |**********                               19
      55.824 |************                             23
      56.839 |**********                               20
      57.871 |*******                                  14
      58.923 |********                                 16
      59.993 |******                                   12
      61.083 |***********                              21
      62.193 |**************                           28
      63.323 |**********                               19
      64.474 |***********                              22
      65.645 |*******                                  13
      66.838 |*********                                18
      68.053 |******                                   12
      69.289 |***********                              21
      70.548 |*******                                  14
      71.830 |********                                 16
      73.135 |*********                                18
      74.464 |*******                                  13
      75.817 |********                                 15
      77.194 |*********                                18
      78.597 |****                                     7
      80.025 |********                                 16
      81.479 |*********                                17
      82.959 |*********                                17
      84.467 |*****                                    9
      86.002 |*******                                  13
      87.564 |*********                                18
      89.155 |******                                   12
      90.775 |*******                                  13
      92.424 |******                                   12
      94.104 |******                                   11
      95.814 |*****                                    9
      97.555 |******                                   11
      99.327 |*****                                    10
     101.132 |*******                                  14
     102.969 |*******                                  13
     104.840 |*******                                  14
     106.745 |********                                 15
     108.685 |*******                                  13
     110.659 |*********                                18
     112.670 |*******                                  13
     114.717 |****                                     7
     116.802 |***********                              21
     118.924 |****                                     8
     121.085 |******                                   11
     123.285 |*****                                    9
     125.525 |***                                      5
     127.805 |**********                               20
     130.128 |*****                                    10
     132.492 |*****                                    9
     134.899 |*******                                  13
     137.350 |*****                                    9
     139.846 |*******                                  13
     142.387 |*****                                    10
     144.974 |*****                                    9
     147.608 |*******                                  13
     150.290 |*******                                  14
     153.021 |*****                                    10
     155.801 |**                                       3
     158.632 |*****                                    10
     161.514 |***                                      6
     164.449 |***                                      5
     167.437 |*****                                    10
     170.479 |****                                     8
     173.577 |*****                                    10
     176.731 |****                                     8
     179.942 |*****                                    10
     183.211 |***                                      6
     186.540 |****                                     7
     189.929 |****                                     7
     193.380 |******                                   11
     196.894 |****                                     8
     200.472 |*******                                  13
     204.114 |***                                      5
     207.823 |*****                                    10
     211.599 |****                                     8
     215.443 |***                                      6
     219.358 |***                                      6
     223.344 |**                                       3
     227.402 |**                                       3
     231.534 |****                                     7
     235.740 |***                                      6
     240.024 |**                                       4
     244.385 |****                                     7
     248.825 |*                                        2
     253.346 |****                                     8
     257.950 |***                                      5
     262.636 |***                                      5
     267.408 |*                                        2
     277.214 |*                                        1
     282.251 |*                                        2
     287.379 |*                                        2
     308.842 |*                                        2
     314.453 |*                                        2
     325.984 |*                                        2
     350.330 |*                                        1
     356.695 |*                                        1
     369.775 |*                                        1
     376.494 |*                                        1
     404.611 |*                                        2
     411.963 |*                                        1
     427.069 |*                                        1
     434.829 |**                                       3
 
SQL statistics:
    queries performed:
        read:                            56868
        write:                           16248
        other:                           8124
        total:                           81240
    transactions:                        4062   (202.08 per sec.)
    queries:                             81240  (4041.53 per sec.)
    ignored errors:                      0      (0.00 per sec.)
    reconnects:                          0      (0.00 per sec.)

General statistics:
    total time:                          20.1009s
    total number of events:              4062

Latency (ms):
         min:                                    2.50
         avg:                                   40.13
         max:                                  435.18
         95th percentile:                      167.44
         sum:                               163008.86

Threads fairness:
    events (avg/stddev):           126.9375/2.32
    execution time (avg/stddev):   5.0940/0.28


