2810:C 07 Oct 2026 23:51:58.189 # oO0OoO0OoO0Oo Redis is starting oO0OoO0OoO0Oo
2810:C 07 Oct 2026 23:51:58.189 # Redis version=7.0.15, bits=64, commit=00000000, modified=0, pid=2810, just started
2810:C 07 Oct 2026 23:51:58.189 # Configuration loaded
2810:M 07 Oct 2026 23:51:58.189 * monotonic clock: POSIX clock_gettime
2810:M 07 Oct 2026 23:51:58.190 * Running mode=standalone, port=6390.
2810:M 07 Oct 2026 23:51:58.190 # Server initialized
2810:M 07 Oct 2026 23:51:58.190 # WARNING Memory overcommit must be enabled! Without it, a background save or replication may fail under low memory condition. Being disabled, it can can also cause failures without low memory condition, see https://github.com/jemalloc/jemalloc/issues/1328. To fix this issue add 'vm.overcommit_memory = 1' to /etc/sysctl.conf and then reboot or run the command 'sysctl vm.overcommit_memory=1' for this to take effect.
2810:M 07 Oct 2026 23:51:58.190 * Ready to accept connections
2810:M 07 Oct 2026 23:57:05.397 # WARNING: the new maxmemory value set via CONFIG SET (25165824) is smaller than the current memory usage (27479992). This will result in key eviction and/or the inability to accept new write commands depending on the maxmemory-policy.
2810:M 07 Oct 2026 23:58:15.404 # WARNING: the new maxmemory value set via CONFIG SET (109051904) is smaller than the current memory usage (110912408). This will result in key eviction and/or the inability to accept new write commands depending on the maxmemory-policy.
2810:M 08 Oct 2026 00:00:39.452 # WARNING: the new maxmemory value set via CONFIG SET (335544320) is smaller than the current memory usage (342504608). This will result in key eviction and/or the inability to accept new write commands depending on the maxmemory-policy.
2810:M 08 Oct 2026 00:00:53.455 # WARNING: the new maxmemory value set via CONFIG SET (335544320) is smaller than the current memory usage (340585888). This will result in key eviction and/or the inability to accept new write commands depending on the maxmemory-policy.
2810:M 08 Oct 2026 00:00:59.455 # WARNING: the new maxmemory value set via CONFIG SET (335544320) is smaller than the current memory usage (336938528). This will result in key eviction and/or the inability to accept new write commands depending on the maxmemory-policy.
2810:M 08 Oct 2026 00:01:24.458 # WARNING: the new maxmemory value set via CONFIG SET (343932928) is smaller than the current memory usage (347714128). This will result in key eviction and/or the inability to accept new write commands depending on the maxmemory-policy.
2810:M 08 Oct 2026 00:02:00.460 # WARNING: the new maxmemory value set via CONFIG SET (67108864) is smaller than the current memory usage (343930464). This will result in key eviction and/or the inability to accept new write commands depending on the maxmemory-policy.
2810:M 08 Oct 2026 00:02:06.385 # WARNING: the new maxmemory value set via CONFIG SET (25165824) is smaller than the current memory usage (27507400). This will result in key eviction and/or the inability to accept new write commands depending on the maxmemory-policy.
2810:M 08 Oct 2026 00:03:15.392 # WARNING: the new maxmemory value set via CONFIG SET (109051904) is smaller than the current memory usage (110005560). This will result in key eviction and/or the inability to accept new write commands depending on the maxmemory-policy.
2810:M 08 Oct 2026 00:05:42.421 # WARNING: the new maxmemory value set via CONFIG SET (335544320) is smaller than the current memory usage (343846296). This will result in key eviction and/or the inability to accept new write commands depending on the maxmemory-policy.
2810:M 08 Oct 2026 00:05:54.421 # WARNING: the new maxmemory value set via CONFIG SET (335544320) is smaller than the current memory usage (340363736). This will result in key eviction and/or the inability to accept new write commands depending on the maxmemory-policy.
2810:M 08 Oct 2026 00:06:24.424 # WARNING: the new maxmemory value set via CONFIG SET (343932928) is smaller than the current memory usage (348531592). This will result in key eviction and/or the inability to accept new write commands depending on the maxmemory-policy.
2810:M 08 Oct 2026 00:06:26.424 # WARNING: the new maxmemory value set via CONFIG SET (335544320) is smaller than the current memory usage (343330088). This will result in key eviction and/or the inability to accept new write commands depending on the maxmemory-policy.
2810:M 08 Oct 2026 00:07:02.426 # WARNING: the new maxmemory value set via CONFIG SET (67108864) is smaller than the current memory usage (335543960). This will result in key eviction and/or the inability to accept new write commands depending on the maxmemory-policy.
2810:M 08 Oct 2026 00:17:09.843 # WARNING: the new maxmemory value set via CONFIG SET (25165824) is smaller than the current memory usage (27498904). This will result in key eviction and/or the inability to accept new write commands depending on the maxmemory-policy.
2810:M 08 Oct 2026 00:18:20.852 # WARNING: the new maxmemory value set via CONFIG SET (109051904) is smaller than the current memory usage (111097976). This will result in key eviction and/or the inability to accept new write commands depending on the maxmemory-policy.
2810:M 08 Oct 2026 00:20:33.896 # WARNING: the new maxmemory value set via CONFIG SET (335544320) is smaller than the current memory usage (339415552). This will result in key eviction and/or the inability to accept new write commands depending on the maxmemory-policy.
2810:M 08 Oct 2026 00:20:58.901 # WARNING: the new maxmemory value set via CONFIG SET (335544320) is smaller than the current memory usage (341105408). This will result in key eviction and/or the inability to accept new write commands depending on the maxmemory-policy.
2810:M 08 Oct 2026 00:21:27.903 # WARNING: the new maxmemory value set via CONFIG SET (343932928) is smaller than the current memory usage (347639152). This will result in key eviction and/or the inability to accept new write commands depending on the maxmemory-policy.
2810:M 08 Oct 2026 00:22:04.906 # WARNING: the new maxmemory value set via CONFIG SET (67108864) is smaller than the current memory usage (343931008). This will result in key eviction and/or the inability to accept new write commands depending on the maxmemory-policy.
