sysbench 1.0.20 (using system LuaJIT 2.1.0-beta3)

Running the test with following options:
Number of threads: 32
Target transaction rate: 300/sec
Initializing random number generator from current time


Initializing worker threads...

Threads started!

Latency histogram (values are in milliseconds)
       value  ------------- distribution ------------- count
       0.856 |                                         1
       0.888 |                                         1
       0.904 |*                                        14
       0.920 |**                                       36
       0.937 |******                                   100
       0.954 |************                             212
       0.971 |********************                     347
       0.989 |****************************             474
       1.007 |***********************************      592
       1.025 |************************************     619
       1.044 |****************************             479
       1.063 |*************************                422
       1.082 |*************************                431
       1.102 |********************************         548
       1.122 |************************************     608
       1.142 |**************************************** 684
       1.163 |***********************************      596
       1.184 |**************************               442
       1.205 |********************                     340
       1.227 |*******************                      322
       1.250 |***************                          263
       1.272 |*************                            229
       1.295 |*************                            230
       1.319 |**********                               176
       1.343 |*******                                  127
       1.367 |*******                                  119
       1.392 |*****                                    77
       1.417 |***                                      50
       1.443 |**                                       31
       1.469 |*                                        20
       1.496 |*                                        16
       1.523 |*                                        11
       1.551 |                                         6
       1.579 |*                                        12
       1.608 |                                         5
       1.637 |                                         1
       1.667 |                                         5
       1.697 |                                         3
       1.728 |                                         1
       1.759 |                                         8
       1.791 |                                         2
       1.824 |                                         3
       1.857 |                                         2
       1.891 |                                         1
       1.925 |                                         2
       1.960 |                                         3
       1.996 |                                         3
       2.032 |                                         2
       2.069 |                                         2
       2.106 |                                         1
       2.145 |                                         3
       2.184 |                                         4
       2.264 |                                         2
       2.305 |                                         2
       2.347 |                                         5
       2.389 |                                         5
       2.433 |                                         7
       2.477 |                                         3
       2.522 |                                         4
       2.568 |                                         3
       2.662 |                                         4
       2.710 |                                         4
       2.760 |                                         5
       2.810 |                                         4
       2.861 |                                         5
       2.913 |                                         5
       2.966 |                                         3
       3.020 |                                         7
       3.075 |                                         5
       3.130 |                                         2
       3.187 |                                         4
       3.245 |                                         7
       3.304 |                                         6
       3.364 |                                         4
       3.425 |                                         3
       3.488 |                                         4
       3.551 |                                         5
       3.615 |                                         8
       3.681 |                                         6
       3.748 |                                         2
       3.816 |                                         1
       3.885 |                                         4
       3.956 |                                         4
       4.028 |                                         3
       4.101 |                                         4
       4.176 |                                         1
       4.252 |                                         7
       4.329 |                                         4
       4.407 |                                         2
       4.487 |                                         1
       4.569 |                                         3
       4.652 |                                         4
       4.737 |                                         5
       4.823 |                                         2
       4.910 |                                         5
       4.999 |                                         3
       5.090 |                                         2
       5.183 |                                         4
       5.373 |                                         2
       5.470 |                                         3
       5.570 |                                         4
       5.671 |                                         1
       5.879 |                                         1
       5.986 |                                         2
       6.095 |                                         2
       6.205 |                                         1
       6.318 |                                         2
       6.433 |                                         1
       6.550 |                                         1
       7.297 |                                         1
 
SQL statistics:
    queries performed:
        read:                            124460
        write:                           0
        other:                           17780
        total:                           142240
    transactions:                        8890   (296.12 per sec.)
    queries:                             142240 (4737.95 per sec.)
    ignored errors:                      0      (0.00 per sec.)
    reconnects:                          0      (0.00 per sec.)

General statistics:
    total time:                          30.0208s
    total number of events:              8890

Latency (ms):
         min:                                    0.86
         avg:                                    1.19
         max:                                    7.24
         95th percentile:                        1.39
         sum:                                10542.66

Threads fairness:
    events (avg/stddev):           277.8125/1.07
    execution time (avg/stddev):   0.3295/0.01


