sysbench 1.0.20 (using system LuaJIT 2.1.0-beta3)

Running the test with following options:
Number of threads: 32
Target transaction rate: 300/sec
Initializing random number generator from current time


Initializing worker threads...

Threads started!

Latency histogram (values are in milliseconds)
       value  ------------- distribution ------------- count
       0.872 |                                         3
       0.888 |                                         5
       0.904 |***                                      40
       0.920 |******                                   100
       0.937 |*************                            206
       0.954 |**********************                   338
       0.971 |********************************         495
       0.989 |************************************     572
       1.007 |************************************     573
       1.025 |*******************************          483
       1.044 |****************************             434
       1.063 |******************************           470
       1.082 |**************************************   593
       1.102 |**************************************** 628
       1.122 |**************************************   595
       1.142 |**********************************       527
       1.163 |*****************************            455
       1.184 |***********************                  363
       1.205 |********************                     317
       1.227 |****************                         259
       1.250 |***************                          230
       1.272 |**************                           212
       1.295 |************                             182
       1.319 |*********                                137
       1.343 |*********                                139
       1.367 |******                                   90
       1.392 |***                                      50
       1.417 |***                                      47
       1.443 |**                                       34
       1.469 |*                                        22
       1.496 |*                                        20
       1.523 |*                                        11
       1.551 |                                         3
       1.579 |*                                        8
       1.608 |                                         5
       1.637 |                                         1
       1.667 |                                         3
       1.697 |                                         1
       1.728 |                                         7
       1.759 |                                         4
       1.791 |                                         2
       1.857 |                                         1
       1.891 |                                         2
       1.925 |                                         2
       1.960 |                                         2
       1.996 |                                         1
       2.069 |                                         1
       2.106 |                                         4
       2.223 |                                         3
       2.264 |                                         2
       2.305 |                                         1
       2.347 |                                         2
       2.433 |                                         1
       2.477 |                                         1
       2.522 |                                         3
       2.615 |                                         1
       2.662 |                                         1
       2.710 |                                         2
       2.760 |                                         5
       2.810 |                                         5
       2.861 |                                         2
       2.913 |                                         1
       2.966 |                                         1
       3.020 |                                         3
       3.130 |                                         1
       3.187 |                                         4
       3.245 |                                         4
       3.304 |                                         3
       3.425 |                                         3
       3.488 |                                         2
       3.551 |                                         3
       3.615 |                                         2
       3.681 |                                         2
       3.748 |                                         5
       3.885 |                                         4
       3.956 |                                         3
       4.028 |                                         1
       4.101 |                                         2
       4.176 |                                         2
       4.252 |                                         1
       4.329 |                                         3
       4.407 |                                         1
       4.487 |                                         2
       4.569 |                                         4
       4.652 |                                         4
       4.910 |                                         5
       4.999 |                                         3
       5.090 |                                         3
       5.183 |                                         1
       5.277 |                                         3
       5.373 |                                         2
       5.570 |                                         2
       5.774 |                                         2
       5.879 |                                         1
       5.986 |                                         1
       6.095 |                                         2
       6.205 |                                         1
       6.913 |                                         1
       7.039 |                                         1
 
SQL statistics:
    queries performed:
        read:                            123130
        write:                           0
        other:                           17590
        total:                           140720
    transactions:                        8795   (292.96 per sec.)
    queries:                             140720 (4687.38 per sec.)
    ignored errors:                      0      (0.00 per sec.)
    reconnects:                          0      (0.00 per sec.)

General statistics:
    total time:                          30.0204s
    total number of events:              8795

Latency (ms):
         min:                                    0.86
         avg:                                    1.15
         max:                                    7.00
         95th percentile:                        1.34
         sum:                                10071.10

Threads fairness:
    events (avg/stddev):           274.8438/1.03
    execution time (avg/stddev):   0.3147/0.01


