sysbench 1.0.20 (using system LuaJIT 2.1.0-beta3)

Running the test with following options:
Number of threads: 32
Target transaction rate: 300/sec
Initializing random number generator from current time


Initializing worker threads...

Threads started!

Latency histogram (values are in milliseconds)
       value  ------------- distribution ------------- count
       2.223 |                                         4
       2.264 |                                         7
       2.305 |*                                        17
       2.347 |***                                      49
       2.389 |*****                                    89
       2.433 |**********                               160
       2.477 |************                             201
       2.522 |**************                           235
       2.568 |**************                           233
       2.615 |****************                         256
       2.662 |**************                           223
       2.710 |*************                            204
       2.760 |**************                           231
       2.810 |*************                            204
       2.861 |******************                       299
       2.913 |***********************                  380
       2.966 |******************************           491
       3.020 |***********************************      566
       3.075 |**************************************   617
       3.130 |*************************************    599
       3.187 |**************************************** 650
       3.245 |***********************************      576
       3.304 |***********************************      566
       3.364 |****************************             451
       3.425 |***********************                  378
       3.488 |******************                       289
       3.551 |*************                            212
       3.615 |**********                               170
       3.681 |********                                 129
       3.748 |******                                   92
       3.816 |***                                      47
       3.885 |**                                       40
       3.956 |**                                       28
       4.028 |*                                        23
       4.101 |*                                        19
       4.176 |*                                        18
       4.252 |*                                        11
       4.329 |*                                        13
       4.407 |*                                        13
       4.487 |                                         5
       4.569 |                                         5
       4.652 |                                         4
       4.737 |                                         2
       4.823 |                                         5
       4.999 |                                         2
       5.090 |                                         3
       5.183 |                                         1
       5.373 |                                         2
       5.671 |                                         1
       5.774 |                                         3
       5.879 |                                         2
       6.205 |                                         1
       7.167 |                                         1
       8.130 |                                         1
       8.277 |                                         2
       8.428 |                                         1
      12.984 |                                         1
      13.460 |                                         1
 
SQL statistics:
    queries performed:
        read:                            123662
        write:                           0
        other:                           17666
        total:                           141328
    transactions:                        8833   (294.21 per sec.)
    queries:                             141328 (4707.35 per sec.)
    ignored errors:                      0      (0.00 per sec.)
    reconnects:                          0      (0.00 per sec.)

General statistics:
    total time:                          30.0224s
    total number of events:              8833

Latency (ms):
         min:                                    2.22
         avg:                                    3.09
         max:                                   13.49
         95th percentile:                        3.68
         sum:                                27310.31

Threads fairness:
    events (avg/stddev):           276.0312/2.30
    execution time (avg/stddev):   0.8534/0.01


