sysbench 1.0.20 (using system LuaJIT 2.1.0-beta3)

Running the test with following options:
Number of threads: 32
Target transaction rate: 1000/sec
Initializing random number generator from current time


Initializing worker threads...

Threads started!

Latency histogram (values are in milliseconds)
       value  ------------- distribution ------------- count
       0.527 |                                         1
       0.546 |                                         3
       0.556 |*                                        11
       0.566 |*                                        15
       0.576 |**                                       41
       0.587 |***                                      54
       0.597 |*****                                    91
       0.608 |*******                                  114
       0.619 |*********                                158
       0.630 |**********                               179
       0.642 |**********                               173
       0.654 |************                             209
       0.665 |***************                          257
       0.677 |**************                           241
       0.690 |***************                          249
       0.702 |*********************                    357
       0.715 |*************************                421
       0.728 |***************************              461
       0.741 |*******************************          532
       0.755 |***********************************      597
       0.768 |************************************     612
       0.782 |***********************************      603
       0.797 |*************************************    627
       0.811 |**************************************** 684
       0.826 |**************************************** 678
       0.841 |*************************************    641
       0.856 |**************************************** 680
       0.872 |***************************************  660
       0.888 |***************************************  662
       0.904 |***********************************      592
       0.920 |***********************************      601
       0.937 |*********************************        562
       0.954 |***********************************      597
       0.971 |*******************************          528
       0.989 |******************************           506
       1.007 |*************************                435
       1.025 |*************************                425
       1.044 |*************************                433
       1.063 |************************                 407
       1.082 |*********************                    360
       1.102 |**********************                   376
       1.122 |********************                     334
       1.142 |****************                         266
       1.163 |******************                       302
       1.184 |***************                          259
       1.205 |*************                            228
       1.227 |************                             208
       1.250 |***********                              184
       1.272 |***********                              185
       1.295 |*********                                162
       1.319 |*********                                147
       1.343 |*********                                149
       1.367 |*******                                  125
       1.392 |******                                   106
       1.417 |******                                   101
       1.443 |*****                                    91
       1.469 |*****                                    87
       1.496 |****                                     71
       1.523 |*****                                    83
       1.551 |***                                      57
       1.579 |***                                      59
       1.608 |***                                      45
       1.637 |**                                       41
       1.667 |**                                       39
       1.697 |**                                       42
       1.728 |**                                       39
       1.759 |**                                       38
       1.791 |**                                       40
       1.824 |***                                      46
       1.857 |*                                        19
       1.891 |*                                        17
       1.925 |*                                        21
       1.960 |*                                        20
       1.996 |*                                        18
       2.032 |*                                        16
       2.069 |*                                        18
       2.106 |*                                        18
       2.145 |*                                        16
       2.184 |*                                        14
       2.223 |*                                        9
       2.264 |*                                        24
       2.305 |*                                        15
       2.347 |*                                        14
       2.389 |*                                        20
       2.433 |*                                        9
       2.477 |*                                        17
       2.522 |*                                        13
       2.568 |*                                        13
       2.615 |*                                        17
       2.662 |*                                        13
       2.710 |*                                        11
       2.760 |*                                        17
       2.810 |*                                        13
       2.861 |*                                        11
       2.913 |*                                        12
       2.966 |                                         8
       3.020 |                                         8
       3.075 |                                         7
       3.130 |*                                        9
       3.187 |                                         6
       3.245 |*                                        9
       3.304 |                                         8
       3.364 |                                         7
       3.425 |                                         4
       3.488 |                                         4
       3.551 |                                         4
       3.615 |                                         5
       3.681 |                                         4
       3.748 |*                                        9
       3.816 |                                         2
       3.885 |                                         5
       3.956 |                                         3
       4.028 |                                         3
       4.101 |                                         3
       4.176 |                                         2
       4.252 |                                         1
       4.407 |                                         4
       4.487 |                                         1
       4.569 |                                         3
       4.652 |                                         7
       4.737 |                                         4
       4.823 |                                         3
       4.910 |                                         4
       4.999 |                                         3
       5.090 |                                         2
       5.277 |                                         3
       5.373 |                                         5
       5.470 |                                         3
       5.570 |                                         4
       5.671 |                                         2
       5.774 |                                         1
       5.879 |                                         2
       5.986 |                                         6
       6.095 |                                         1
       6.318 |                                         2
       6.433 |                                         1
       6.790 |                                         2
       7.039 |                                         1
       7.297 |                                         2
       7.702 |                                         2
       7.842 |                                         3
       7.985 |                                         1
       8.428 |                                         1
       8.895 |                                         1
       9.389 |                                         1
       9.560 |                                         1
      10.460 |                                         1
      12.984 |                                         1
      13.219 |                                         1
      13.460 |                                         1
 
SQL statistics:
    queries performed:
        read:                            0
        write:                           19963
        other:                           0
        total:                           19963
    transactions:                        19963  (997.32 per sec.)
    queries:                             19963  (997.32 per sec.)
    ignored errors:                      0      (0.00 per sec.)
    reconnects:                          0      (0.00 per sec.)

General statistics:
    total time:                          20.0163s
    total number of events:              19963

Latency (ms):
         min:                                    0.53
         avg:                                    1.00
         max:                                   13.44
         95th percentile:                        1.55
         sum:                                19927.63

Threads fairness:
    events (avg/stddev):           623.8438/4.33
    execution time (avg/stddev):   0.6227/0.01


