sysbench 1.0.20 (using system LuaJIT 2.1.0-beta3)

Running the test with following options:
Number of threads: 32
Target transaction rate: 1000/sec
Initializing random number generator from current time


Initializing worker threads...

Threads started!

Latency histogram (values are in milliseconds)
       value  ------------- distribution ------------- count
       0.536 |                                         1
       0.546 |                                         1
       0.556 |                                         3
       0.566 |                                         4
       0.576 |*                                        10
       0.587 |*                                        11
       0.597 |**                                       24
       0.608 |***                                      33
       0.619 |***                                      38
       0.630 |***                                      35
       0.642 |****                                     48
       0.654 |****                                     50
       0.665 |*****                                    66
       0.677 |*******                                  83
       0.690 |**********                               118
       0.702 |**********                               124
       0.715 |***********                              136
       0.728 |**************                           174
       0.741 |***************                          182
       0.755 |******************                       214
       0.768 |*******************                      228
       0.782 |**********************                   267
       0.797 |************************                 297
       0.811 |************************                 296
       0.826 |***************************              333
       0.841 |*************************                308
       0.856 |***************************              326
       0.872 |****************************             338
       0.888 |******************************           369
       0.904 |********************************         389
       0.920 |**********************************       419
       0.937 |**********************************       409
       0.954 |******************************           369
       0.971 |********************************         393
       0.989 |*********************************        407
       1.007 |*********************************        406
       1.025 |*************************************    448
       1.044 |**********************************       412
       1.063 |*************************************    454
       1.082 |*************************************    453
       1.102 |***********************************      422
       1.122 |**************************************** 487
       1.142 |**************************************   464
       1.163 |***************************************  470
       1.184 |************************************     442
       1.205 |*************************************    450
       1.227 |************************************     440
       1.250 |**********************************       416
       1.272 |*********************************        399
       1.295 |********************************         390
       1.319 |**************************               318
       1.343 |*****************************            352
       1.367 |***************************              323
       1.392 |**************************               317
       1.417 |************************                 289
       1.443 |**********************                   267
       1.469 |***********************                  284
       1.496 |**********************                   269
       1.523 |*********************                    254
       1.551 |*******************                      235
       1.579 |*****************                        207
       1.608 |********************                     241
       1.637 |*****************                        206
       1.667 |**************                           173
       1.697 |****************                         194
       1.728 |*************                            160
       1.759 |**************                           165
       1.791 |*************                            164
       1.824 |*************                            163
       1.857 |*************                            155
       1.891 |**********                               120
       1.925 |***********                              130
       1.960 |*********                                114
       1.996 |********                                 97
       2.032 |*********                                113
       2.069 |********                                 99
       2.106 |***********                              132
       2.145 |*******                                  91
       2.184 |********                                 103
       2.223 |******                                   78
       2.264 |*******                                  90
       2.305 |******                                   78
       2.347 |*******                                  86
       2.389 |******                                   67
       2.433 |******                                   78
       2.477 |******                                   70
       2.522 |******                                   79
       2.568 |*****                                    56
       2.615 |****                                     51
       2.662 |******                                   72
       2.710 |****                                     50
       2.760 |*****                                    57
       2.810 |****                                     51
       2.861 |****                                     51
       2.913 |*****                                    58
       2.966 |****                                     54
       3.020 |***                                      31
       3.075 |****                                     46
       3.130 |***                                      41
       3.187 |**                                       28
       3.245 |***                                      32
       3.304 |**                                       30
       3.364 |**                                       21
       3.425 |***                                      32
       3.488 |**                                       21
       3.551 |**                                       22
       3.615 |**                                       19
       3.681 |*                                        15
       3.748 |**                                       23
       3.816 |*                                        13
       3.885 |*                                        10
       3.956 |*                                        14
       4.028 |*                                        11
       4.101 |*                                        11
       4.176 |*                                        8
       4.252 |*                                        10
       4.329 |*                                        8
       4.407 |                                         6
       4.487 |*                                        7
       4.569 |                                         5
       4.652 |                                         6
       4.737 |                                         5
       4.823 |*                                        7
       4.910 |                                         3
       4.999 |                                         1
       5.090 |                                         5
       5.183 |                                         1
       5.277 |                                         2
       5.373 |*                                        7
       5.470 |                                         2
       5.570 |                                         3
       5.671 |                                         5
       5.774 |                                         3
       5.879 |                                         4
       5.986 |*                                        9
       6.095 |                                         3
       6.205 |                                         3
       6.433 |                                         1
       6.550 |                                         1
       6.669 |                                         2
       6.790 |                                         2
       6.913 |                                         3
       7.039 |                                         2
       7.167 |                                         1
       7.430 |                                         3
       7.842 |                                         1
       8.130 |                                         1
       8.895 |                                         1
 
SQL statistics:
    queries performed:
        read:                            0
        write:                           20468
        other:                           0
        total:                           20468
    transactions:                        20468  (1022.49 per sec.)
    queries:                             20468  (1022.49 per sec.)
    ignored errors:                      0      (0.00 per sec.)
    reconnects:                          0      (0.00 per sec.)

General statistics:
    total time:                          20.0173s
    total number of events:              20468

Latency (ms):
         min:                                    0.54
         avg:                                    1.33
         max:                                    8.96
         95th percentile:                        2.57
         sum:                                27263.89

Threads fairness:
    events (avg/stddev):           639.6250/5.49
    execution time (avg/stddev):   0.8520/0.02


