sysbench 1.0.20 (using system LuaJIT 2.1.0-beta3)

Running the test with following options:
Number of threads: 32
Target transaction rate: 200/sec
Initializing random number generator from current time


Initializing worker threads...

Threads started!

Latency histogram (values are in milliseconds)
       value  ------------- distribution ------------- count
       3.488 |                                         1
       3.551 |                                         1
       3.615 |**                                       12
       3.681 |****                                     29
       3.748 |*****                                    36
       3.816 |********                                 56
       3.885 |**********                               70
       3.956 |**************                           93
       4.028 |*************                            87
       4.101 |*************                            91
       4.176 |*****************                        113
       4.252 |*******************                      128
       4.329 |***********************                  158
       4.407 |*****************************            194
       4.487 |*******************************          213
       4.569 |**********************************       228
       4.652 |**************************************   257
       4.737 |********************************         219
       4.823 |**************************************** 271
       4.910 |*************************************    249
       4.999 |***********************************      234
       5.090 |**************************               177
       5.183 |**********************************       229
       5.277 |*****************************            194
       5.373 |****************************             192
       5.470 |*************************                171
       5.570 |************************                 161
       5.671 |*************************                172
       5.774 |***********************                  154
       5.879 |*********************                    141
       5.986 |****************                         110
       6.095 |*****************                        117
       6.205 |***************                          105
       6.318 |************                             82
       6.433 |***********                              74
       6.550 |*************                            85
       6.669 |********                                 56
       6.790 |********                                 57
       6.913 |********                                 54
       7.039 |*******                                  49
       7.167 |******                                   40
       7.297 |******                                   43
       7.430 |*****                                    36
       7.565 |******                                   39
       7.702 |*****                                    35
       7.842 |****                                     24
       7.985 |****                                     27
       8.130 |****                                     29
       8.277 |****                                     29
       8.428 |***                                      23
       8.581 |****                                     29
       8.737 |*****                                    31
       8.895 |***                                      21
       9.057 |*****                                    33
       9.222 |****                                     28
       9.389 |****                                     28
       9.560 |***                                      17
       9.734 |****                                     25
       9.910 |***                                      19
      10.090 |***                                      17
      10.274 |***                                      18
      10.460 |***                                      19
      10.651 |**                                       12
      10.844 |***                                      22
      11.041 |**                                       15
      11.242 |**                                       14
      11.446 |***                                      21
      11.654 |**                                       15
      11.866 |*                                        6
      12.081 |**                                       14
      12.301 |*                                        8
      12.524 |**                                       16
      12.752 |*                                        8
      12.984 |*                                        8
      13.219 |**                                       12
      13.460 |*                                        8
      13.704 |**                                       12
      13.953 |*                                        6
      14.207 |*                                        9
      14.465 |                                         2
      14.728 |                                         1
      14.995 |*                                        6
      15.268 |                                         1
      15.545 |*                                        6
      15.828 |*                                        4
      16.115 |                                         1
      16.408 |                                         1
      16.706 |                                         2
      17.010 |                                         2
      17.319 |                                         3
      17.633 |                                         2
      17.954 |                                         1
      18.612 |                                         1
      19.645 |                                         2
      20.366 |                                         2
      20.736 |                                         1
      22.689 |                                         2
      23.101 |                                         1
      23.521 |                                         1
 
SQL statistics:
    queries performed:
        read:                            83692
        write:                           23912
        other:                           11956
        total:                           119560
    transactions:                        5978   (198.95 per sec.)
    queries:                             119560 (3979.08 per sec.)
    ignored errors:                      0      (0.00 per sec.)
    reconnects:                          0      (0.00 per sec.)

General statistics:
    total time:                          30.0468s
    total number of events:              5978

Latency (ms):
         min:                                    3.52
         avg:                                    5.77
         max:                                   23.31
         95th percentile:                       10.09
         sum:                                34471.66

Threads fairness:
    events (avg/stddev):           186.8125/1.29
    execution time (avg/stddev):   1.0772/0.02


