sysbench 1.0.20 (using system LuaJIT 2.1.0-beta3)

Running the test with following options:
Number of threads: 32
Target transaction rate: 200/sec
Initializing random number generator from current time


Initializing worker threads...

Threads started!

Latency histogram (values are in milliseconds)
       value  ------------- distribution ------------- count
       3.425 |                                         1
       3.488 |                                         1
       3.551 |*                                        6
       3.615 |***                                      21
       3.681 |******                                   53
       3.748 |*********                                77
       3.816 |***************                          125
       3.885 |*****************                        139
       3.956 |****************                         133
       4.028 |******************                       153
       4.101 |********************                     167
       4.176 |********************                     169
       4.252 |************************                 200
       4.329 |*******************************          261
       4.407 |*******************************          261
       4.487 |***********************************      297
       4.569 |**************************************** 336
       4.652 |*************************************    309
       4.737 |**********************************       282
       4.823 |**********************************       286
       4.910 |******************************           256
       4.999 |****************************             235
       5.090 |**************************               222
       5.183 |***********************                  189
       5.277 |**********************                   181
       5.373 |******************                       153
       5.470 |****************                         138
       5.570 |**************                           116
       5.671 |************                             102
       5.774 |***********                              91
       5.879 |********                                 67
       5.986 |*********                                76
       6.095 |******                                   52
       6.205 |*******                                  56
       6.318 |*****                                    40
       6.433 |******                                   54
       6.550 |****                                     37
       6.669 |****                                     32
       6.790 |****                                     33
       6.913 |****                                     32
       7.039 |*****                                    44
       7.167 |*****                                    45
       7.297 |****                                     35
       7.430 |***                                      28
       7.565 |***                                      27
       7.702 |***                                      24
       7.842 |**                                       16
       7.985 |***                                      28
       8.130 |****                                     36
       8.277 |***                                      26
       8.428 |***                                      26
       8.581 |***                                      21
       8.737 |***                                      23
       8.895 |**                                       18
       9.057 |**                                       17
       9.222 |**                                       20
       9.389 |**                                       18
       9.560 |**                                       16
       9.734 |**                                       17
       9.910 |**                                       20
      10.090 |*                                        9
      10.274 |**                                       17
      10.460 |*                                        6
      10.651 |*                                        9
      10.844 |*                                        7
      11.041 |*                                        8
      11.242 |*                                        12
      11.446 |*                                        7
      11.654 |*                                        6
      11.866 |                                         4
      12.081 |*                                        6
      12.301 |*                                        7
      12.524 |                                         4
      12.752 |                                         4
      12.984 |                                         2
      13.219 |                                         1
      13.460 |*                                        5
      13.704 |                                         1
      13.953 |                                         1
      14.207 |                                         2
      14.465 |                                         2
      14.728 |                                         1
      14.995 |                                         1
      15.268 |                                         1
      15.545 |                                         2
      15.828 |                                         1
      16.408 |                                         1
      17.010 |                                         1
      17.633 |                                         2
      17.954 |                                         2
      18.280 |                                         1
      19.295 |                                         1
      19.645 |                                         2
      20.002 |                                         1
      20.366 |                                         2
      21.112 |                                         1
      21.496 |                                         1
      22.284 |                                         1
      22.689 |                                         1
      23.101 |                                         1
      26.681 |                                         1
 
SQL statistics:
    queries performed:
        read:                            85246
        write:                           24356
        other:                           12178
        total:                           121780
    transactions:                        6089   (202.77 per sec.)
    queries:                             121780 (4055.49 per sec.)
    ignored errors:                      0      (0.00 per sec.)
    reconnects:                          0      (0.00 per sec.)

General statistics:
    total time:                          30.0280s
    total number of events:              6089

Latency (ms):
         min:                                    3.44
         avg:                                    5.27
         max:                                   26.88
         95th percentile:                        8.58
         sum:                                32096.61

Threads fairness:
    events (avg/stddev):           190.2812/0.98
    execution time (avg/stddev):   1.0030/0.02


