/opt/hostedtoolcache/Java_Temurin-Hotspot_jdk/17.0.20-1/x64/bin/java  -classpath /home/runner/ycsb-mongodb-binding-0.17.0/conf:/home/runner/ycsb-mongodb-binding-0.17.0/lib/HdrHistogram-2.1.4.jar:/home/runner/ycsb-mongodb-binding-0.17.0/lib/core-0.17.0.jar:/home/runner/ycsb-mongodb-binding-0.17.0/lib/htrace-core4-4.1.0-incubating.jar:/home/runner/ycsb-mongodb-binding-0.17.0/lib/jackson-core-asl-1.9.4.jar:/home/runner/ycsb-mongodb-binding-0.17.0/lib/jackson-mapper-asl-1.9.4.jar:/home/runner/ycsb-mongodb-binding-0.17.0/lib/logback-classic-1.1.2.jar:/home/runner/ycsb-mongodb-binding-0.17.0/lib/logback-core-1.1.2.jar:/home/runner/ycsb-mongodb-binding-0.17.0/lib/mongo-java-driver-3.8.0.jar:/home/runner/ycsb-mongodb-binding-0.17.0/lib/mongodb-async-driver-2.0.1.jar:/home/runner/ycsb-mongodb-binding-0.17.0/lib/mongodb-binding-0.17.0.jar:/home/runner/ycsb-mongodb-binding-0.17.0/lib/slf4j-api-1.7.25.jar:/home/runner/ycsb-mongodb-binding-0.17.0/lib/snappy-java-1.1.7.1.jar site.ycsb.Client -t -db site.ycsb.db.MongoDbClient -s -P /home/runner/ycsb-mongodb-binding-0.17.0/workloads/workloadb -p mongodb.url=mongodb://127.0.0.1:27017/ycsb?w=1 -p measurementtype=raw -p measurement.raw.output_file=/home/runner/work/The-Omni-Compass/The-Omni-Compass/out/ycsb-burst/rep-1/omni/notch-1.raw -p recordcount=250000 -p operationcount=1000000000 -p maxexecutiontime=20 -p target=3000 -p threads=32 -p insertstart=0 -p insertorder=ordered -p requestdistribution=uniform -p seed=100100
mongo client connection created with mongodb://127.0.0.1:27017/ycsb?w=1
Raw data measurement: will output to result file: /home/runner/work/The-Omni-Compass/The-Omni-Compass/out/ycsb-burst/rep-1/omni/notch-1.raw
Raw data measurement: will output to result file: /home/runner/work/The-Omni-Compass/The-Omni-Compass/out/ycsb-burst/rep-1/omni/notch-1.raw
Raw data measurement: will output to result file: /home/runner/work/The-Omni-Compass/The-Omni-Compass/out/ycsb-burst/rep-1/omni/notch-1.raw
[OVERALL], RunTime(ms), 20002
[OVERALL], Throughput(ops/sec), 2897.7602239776024
[TOTAL_GCS_G1_Young_Generation], Count, 12
[TOTAL_GC_TIME_G1_Young_Generation], Time(ms), 43
[TOTAL_GC_TIME_%_G1_Young_Generation], Time(%), 0.21497850214978503
[TOTAL_GCS_G1_Old_Generation], Count, 0
[TOTAL_GC_TIME_G1_Old_Generation], Time(ms), 0
[TOTAL_GC_TIME_%_G1_Old_Generation], Time(%), 0.0
[TOTAL_GCs], Count, 12
[TOTAL_GC_TIME], Time(ms), 43
[TOTAL_GC_TIME_%], Time(%), 0.21497850214978503
[READ], Total Operations, 55027
[READ], Below is a summary of latency in microseconds:, -1
[READ], Average, 184.43524088174897
[READ], Min, 83
[READ], Max, 398604
[READ], p1, 95
[READ], p5, 97
[READ], p50, 134
[READ], p90, 322
[READ], p95, 363
[READ], p99, 625
[READ], p99.9, 1969
[READ], p99.99, 47706
[READ], Return=OK, 55027
[CLEANUP], Total Operations, 1
[CLEANUP], Below is a summary of latency in microseconds:, -1
[CLEANUP], Average, 1002.0
[CLEANUP], Min, 1002
[CLEANUP], Max, 1002
[CLEANUP], p1, 1002
[CLEANUP], p5, 1002
[CLEANUP], p50, 1002
[CLEANUP], p90, 1002
[CLEANUP], p95, 1002
[CLEANUP], p99, 1002
[CLEANUP], p99.9, 1002
[CLEANUP], p99.99, 1002
[UPDATE], Total Operations, 2934
[UPDATE], Below is a summary of latency in microseconds:, -1
[UPDATE], Average, 233.04294478527606
[UPDATE], Min, 130
[UPDATE], Max, 8176
[UPDATE], p1, 135
[UPDATE], p5, 140
[UPDATE], p50, 184
[UPDATE], p90, 406
[UPDATE], p95, 466
[UPDATE], p99, 771
[UPDATE], p99.9, 3172
[UPDATE], p99.99, 8176
[UPDATE], Return=OK, 2934

Command line: -t -db site.ycsb.db.MongoDbClient -s -P /home/runner/ycsb-mongodb-binding-0.17.0/workloads/workloadb -p mongodb.url=mongodb://127.0.0.1:27017/ycsb?w=1 -p measurementtype=raw -p measurement.raw.output_file=/home/runner/work/The-Omni-Compass/The-Omni-Compass/out/ycsb-burst/rep-1/omni/notch-1.raw -p recordcount=250000 -p operationcount=1000000000 -p maxexecutiontime=20 -p target=3000 -p threads=32 -p insertstart=0 -p insertorder=ordered -p requestdistribution=uniform -p seed=100100
YCSB Client 0.17.0

Loading workload...
Starting test.
Maximum execution time specified as: 20 secs
2026-10-09 00:37:38:675 0 sec: 0 operations; est completion in 0 second 
DBWrapper: report latency for each error is false and specific error codes to track for latency are: []
2026-10-09 00:37:48:649 10 sec: 27960 operations; 2796 current ops/sec; est completion in 4 days 3 hours READ count: 26513, average latency(us): 237.40 UPDATE count: 1448, average latency(us): 291.70 
Maximum time elapsed. Requesting stop for the workload.
Stop requested for workload. Now Joining!
2026-10-09 00:37:58:649 20 sec: 57960 operations; 3000 current ops/sec; est completion in 3 days 23 hours READ count: 28513, average latency(us): 135.19 UPDATE count: 1486, average latency(us): 175.88 
2026-10-09 00:37:58:650 20 sec: 57961 operations; 500 current ops/sec; est completion in 3 days 23 hours READ count: 1, average latency(us): 152.00 CLEANUP count: 1, average latency(us): 1002.00  


/opt/hostedtoolcache/Java_Temurin-Hotspot_jdk/17.0.20-1/x64/bin/java  -classpath /home/runner/ycsb-mongodb-binding-0.17.0/conf:/home/runner/ycsb-mongodb-binding-0.17.0/lib/HdrHistogram-2.1.4.jar:/home/runner/ycsb-mongodb-binding-0.17.0/lib/core-0.17.0.jar:/home/runner/ycsb-mongodb-binding-0.17.0/lib/htrace-core4-4.1.0-incubating.jar:/home/runner/ycsb-mongodb-binding-0.17.0/lib/jackson-core-asl-1.9.4.jar:/home/runner/ycsb-mongodb-binding-0.17.0/lib/jackson-mapper-asl-1.9.4.jar:/home/runner/ycsb-mongodb-binding-0.17.0/lib/logback-classic-1.1.2.jar:/home/runner/ycsb-mongodb-binding-0.17.0/lib/logback-core-1.1.2.jar:/home/runner/ycsb-mongodb-binding-0.17.0/lib/mongo-java-driver-3.8.0.jar:/home/runner/ycsb-mongodb-binding-0.17.0/lib/mongodb-async-driver-2.0.1.jar:/home/runner/ycsb-mongodb-binding-0.17.0/lib/mongodb-binding-0.17.0.jar:/home/runner/ycsb-mongodb-binding-0.17.0/lib/slf4j-api-1.7.25.jar:/home/runner/ycsb-mongodb-binding-0.17.0/lib/snappy-java-1.1.7.1.jar site.ycsb.Client -t -db site.ycsb.db.MongoDbClient -s -P /home/runner/ycsb-mongodb-binding-0.17.0/workloads/workloadb -p mongodb.url=mongodb://127.0.0.1:27017/ycsb?w=1 -p measurementtype=raw -p measurement.raw.output_file=/home/runner/work/The-Omni-Compass/The-Omni-Compass/out/ycsb-burst/rep-1/omni/notch-2.raw -p recordcount=1500000 -p operationcount=1000000000 -p maxexecutiontime=20 -p target=3000 -p threads=32 -p insertstart=0 -p insertorder=ordered -p requestdistribution=uniform -p seed=100101
mongo client connection created with mongodb://127.0.0.1:27017/ycsb?w=1
Raw data measurement: will output to result file: /home/runner/work/The-Omni-Compass/The-Omni-Compass/out/ycsb-burst/rep-1/omni/notch-2.raw
Raw data measurement: will output to result file: /home/runner/work/The-Omni-Compass/The-Omni-Compass/out/ycsb-burst/rep-1/omni/notch-2.raw
Raw data measurement: will output to result file: /home/runner/work/The-Omni-Compass/The-Omni-Compass/out/ycsb-burst/rep-1/omni/notch-2.raw
[OVERALL], RunTime(ms), 20003
[OVERALL], Throughput(ops/sec), 2543.76843473479
[TOTAL_GCS_G1_Young_Generation], Count, 11
[TOTAL_GC_TIME_G1_Young_Generation], Time(ms), 38
[TOTAL_GC_TIME_%_G1_Young_Generation], Time(%), 0.18997150427435883
[TOTAL_GCS_G1_Old_Generation], Count, 0
[TOTAL_GC_TIME_G1_Old_Generation], Time(ms), 0
[TOTAL_GC_TIME_%_G1_Old_Generation], Time(%), 0.0
[TOTAL_GCs], Count, 11
[TOTAL_GC_TIME], Time(ms), 38
[TOTAL_GC_TIME_%], Time(%), 0.18997150427435883
[READ], Total Operations, 48364
[READ], Below is a summary of latency in microseconds:, -1
[READ], Average, 380.76490778264827
[READ], Min, 85
[READ], Max, 219772
[READ], p1, 98
[READ], p5, 104
[READ], p50, 266
[READ], p90, 347
[READ], p95, 388
[READ], p99, 814
[READ], p99.9, 40438
[READ], p99.99, 167124
[READ], Return=OK, 48364
[CLEANUP], Total Operations, 1
[CLEANUP], Below is a summary of latency in microseconds:, -1
[CLEANUP], Average, 1165.0
[CLEANUP], Min, 1165
[CLEANUP], Max, 1165
[CLEANUP], p1, 1165
[CLEANUP], p5, 1165
[CLEANUP], p50, 1165
[CLEANUP], p90, 1165
[CLEANUP], p95, 1165
[CLEANUP], p99, 1165
[CLEANUP], p99.9, 1165
[CLEANUP], p99.99, 1165
[UPDATE], Total Operations, 2519
[UPDATE], Below is a summary of latency in microseconds:, -1
[UPDATE], Average, 484.217943628424
[UPDATE], Min, 136
[UPDATE], Max, 170145
[UPDATE], p1, 143
[UPDATE], p5, 153
[UPDATE], p50, 326
[UPDATE], p90, 456
[UPDATE], p95, 531
[UPDATE], p99, 881
[UPDATE], p99.9, 88832
[UPDATE], p99.99, 170145
[UPDATE], Return=OK, 2519

Command line: -t -db site.ycsb.db.MongoDbClient -s -P /home/runner/ycsb-mongodb-binding-0.17.0/workloads/workloadb -p mongodb.url=mongodb://127.0.0.1:27017/ycsb?w=1 -p measurementtype=raw -p measurement.raw.output_file=/home/runner/work/The-Omni-Compass/The-Omni-Compass/out/ycsb-burst/rep-1/omni/notch-2.raw -p recordcount=1500000 -p operationcount=1000000000 -p maxexecutiontime=20 -p target=3000 -p threads=32 -p insertstart=0 -p insertorder=ordered -p requestdistribution=uniform -p seed=100101
YCSB Client 0.17.0

Loading workload...
Starting test.
Maximum execution time specified as: 20 secs
2026-10-09 00:37:59:110 0 sec: 0 operations; est completion in 0 second 
DBWrapper: report latency for each error is false and specific error codes to track for latency are: []
2026-10-09 00:38:09:083 10 sec: 25049 operations; 2504.9 current ops/sec; est completion in 4 days 14 hours READ count: 23837, average latency(us): 377.01 UPDATE count: 1212, average latency(us): 493.55 
2026-10-09 00:38:19:083 20 sec: 50877 operations; 2582.8 current ops/sec; est completion in 4 days 13 hours READ count: 24523, average latency(us): 384.44 UPDATE count: 1307, average latency(us): 475.56 
Maximum time elapsed. Requesting stop for the workload.
Stop requested for workload. Now Joining!
2026-10-09 00:38:19:085 20 sec: 50883 operations; 2000 current ops/sec; est completion in 4 days 13 hours READ count: 4, average latency(us): 196.50 CLEANUP count: 1, average latency(us): 1165.00  


/opt/hostedtoolcache/Java_Temurin-Hotspot_jdk/17.0.20-1/x64/bin/java  -classpath /home/runner/ycsb-mongodb-binding-0.17.0/conf:/home/runner/ycsb-mongodb-binding-0.17.0/lib/HdrHistogram-2.1.4.jar:/home/runner/ycsb-mongodb-binding-0.17.0/lib/core-0.17.0.jar:/home/runner/ycsb-mongodb-binding-0.17.0/lib/htrace-core4-4.1.0-incubating.jar:/home/runner/ycsb-mongodb-binding-0.17.0/lib/jackson-core-asl-1.9.4.jar:/home/runner/ycsb-mongodb-binding-0.17.0/lib/jackson-mapper-asl-1.9.4.jar:/home/runner/ycsb-mongodb-binding-0.17.0/lib/logback-classic-1.1.2.jar:/home/runner/ycsb-mongodb-binding-0.17.0/lib/logback-core-1.1.2.jar:/home/runner/ycsb-mongodb-binding-0.17.0/lib/mongo-java-driver-3.8.0.jar:/home/runner/ycsb-mongodb-binding-0.17.0/lib/mongodb-async-driver-2.0.1.jar:/home/runner/ycsb-mongodb-binding-0.17.0/lib/mongodb-binding-0.17.0.jar:/home/runner/ycsb-mongodb-binding-0.17.0/lib/slf4j-api-1.7.25.jar:/home/runner/ycsb-mongodb-binding-0.17.0/lib/snappy-java-1.1.7.1.jar site.ycsb.Client -t -db site.ycsb.db.MongoDbClient -s -P /home/runner/ycsb-mongodb-binding-0.17.0/workloads/workloadb -p mongodb.url=mongodb://127.0.0.1:27017/ycsb?w=1 -p measurementtype=raw -p measurement.raw.output_file=/home/runner/work/The-Omni-Compass/The-Omni-Compass/out/ycsb-burst/rep-1/omni/notch-3.raw -p recordcount=250000 -p operationcount=1000000000 -p maxexecutiontime=20 -p target=3000 -p threads=32 -p insertstart=0 -p insertorder=ordered -p requestdistribution=uniform -p seed=100102
mongo client connection created with mongodb://127.0.0.1:27017/ycsb?w=1
Raw data measurement: will output to result file: /home/runner/work/The-Omni-Compass/The-Omni-Compass/out/ycsb-burst/rep-1/omni/notch-3.raw
Raw data measurement: will output to result file: /home/runner/work/The-Omni-Compass/The-Omni-Compass/out/ycsb-burst/rep-1/omni/notch-3.raw
Raw data measurement: will output to result file: /home/runner/work/The-Omni-Compass/The-Omni-Compass/out/ycsb-burst/rep-1/omni/notch-3.raw
[OVERALL], RunTime(ms), 20004
[OVERALL], Throughput(ops/sec), 2964.1571685662866
[TOTAL_GCS_G1_Young_Generation], Count, 12
[TOTAL_GC_TIME_G1_Young_Generation], Time(ms), 45
[TOTAL_GC_TIME_%_G1_Young_Generation], Time(%), 0.22495500899820034
[TOTAL_GCS_G1_Old_Generation], Count, 0
[TOTAL_GC_TIME_G1_Old_Generation], Time(ms), 0
[TOTAL_GC_TIME_%_G1_Old_Generation], Time(%), 0.0
[TOTAL_GCs], Count, 12
[TOTAL_GC_TIME], Time(ms), 45
[TOTAL_GC_TIME_%], Time(%), 0.22495500899820034
[READ], Total Operations, 56273
[READ], Below is a summary of latency in microseconds:, -1
[READ], Average, 135.10696070939883
[READ], Min, 90
[READ], Max, 41297
[READ], p1, 96
[READ], p5, 98
[READ], p50, 129
[READ], p90, 163
[READ], p95, 183
[READ], p99, 329
[READ], p99.9, 690
[READ], p99.99, 3808
[READ], Return=OK, 56273
[CLEANUP], Total Operations, 1
[CLEANUP], Below is a summary of latency in microseconds:, -1
[CLEANUP], Average, 1037.0
[CLEANUP], Min, 1037
[CLEANUP], Max, 1037
[CLEANUP], p1, 1037
[CLEANUP], p5, 1037
[CLEANUP], p50, 1037
[CLEANUP], p90, 1037
[CLEANUP], p95, 1037
[CLEANUP], p99, 1037
[CLEANUP], p99.9, 1037
[CLEANUP], p99.99, 1037
[UPDATE], Total Operations, 3022
[UPDATE], Below is a summary of latency in microseconds:, -1
[UPDATE], Average, 201.8805426869623
[UPDATE], Min, 131
[UPDATE], Max, 6523
[UPDATE], p1, 138
[UPDATE], p5, 145
[UPDATE], p50, 186
[UPDATE], p90, 257
[UPDATE], p95, 295
[UPDATE], p99, 420
[UPDATE], p99.9, 909
[UPDATE], p99.99, 6523
[UPDATE], Return=OK, 3022

Command line: -t -db site.ycsb.db.MongoDbClient -s -P /home/runner/ycsb-mongodb-binding-0.17.0/workloads/workloadb -p mongodb.url=mongodb://127.0.0.1:27017/ycsb?w=1 -p measurementtype=raw -p measurement.raw.output_file=/home/runner/work/The-Omni-Compass/The-Omni-Compass/out/ycsb-burst/rep-1/omni/notch-3.raw -p recordcount=250000 -p operationcount=1000000000 -p maxexecutiontime=20 -p target=3000 -p threads=32 -p insertstart=0 -p insertorder=ordered -p requestdistribution=uniform -p seed=100102
YCSB Client 0.17.0

Loading workload...
Starting test.
Maximum execution time specified as: 20 secs
2026-10-09 00:38:19:528 0 sec: 0 operations; est completion in 0 second 
DBWrapper: report latency for each error is false and specific error codes to track for latency are: []
2026-10-09 00:38:29:500 10 sec: 29289 operations; 2928.9 current ops/sec; est completion in 3 days 22 hours READ count: 27779, average latency(us): 145.43 UPDATE count: 1511, average latency(us): 222.54 
2026-10-09 00:38:39:499 20 sec: 59289 operations; 3000 current ops/sec; est completion in 3 days 21 hours READ count: 28489, average latency(us): 125.04 UPDATE count: 1511, average latency(us): 181.22 
Maximum time elapsed. Requesting stop for the workload.
Stop requested for workload. Now Joining!
2026-10-09 00:38:39:503 20 sec: 59295 operations; 1500 current ops/sec; est completion in 3 days 21 hours READ count: 5, average latency(us): 142.20 CLEANUP count: 1, average latency(us): 1037.00  


/opt/hostedtoolcache/Java_Temurin-Hotspot_jdk/17.0.20-1/x64/bin/java  -classpath /home/runner/ycsb-mongodb-binding-0.17.0/conf:/home/runner/ycsb-mongodb-binding-0.17.0/lib/HdrHistogram-2.1.4.jar:/home/runner/ycsb-mongodb-binding-0.17.0/lib/core-0.17.0.jar:/home/runner/ycsb-mongodb-binding-0.17.0/lib/htrace-core4-4.1.0-incubating.jar:/home/runner/ycsb-mongodb-binding-0.17.0/lib/jackson-core-asl-1.9.4.jar:/home/runner/ycsb-mongodb-binding-0.17.0/lib/jackson-mapper-asl-1.9.4.jar:/home/runner/ycsb-mongodb-binding-0.17.0/lib/logback-classic-1.1.2.jar:/home/runner/ycsb-mongodb-binding-0.17.0/lib/logback-core-1.1.2.jar:/home/runner/ycsb-mongodb-binding-0.17.0/lib/mongo-java-driver-3.8.0.jar:/home/runner/ycsb-mongodb-binding-0.17.0/lib/mongodb-async-driver-2.0.1.jar:/home/runner/ycsb-mongodb-binding-0.17.0/lib/mongodb-binding-0.17.0.jar:/home/runner/ycsb-mongodb-binding-0.17.0/lib/slf4j-api-1.7.25.jar:/home/runner/ycsb-mongodb-binding-0.17.0/lib/snappy-java-1.1.7.1.jar site.ycsb.Client -t -db site.ycsb.db.MongoDbClient -s -P /home/runner/ycsb-mongodb-binding-0.17.0/workloads/workloadb -p mongodb.url=mongodb://127.0.0.1:27017/ycsb?w=1 -p measurementtype=raw -p measurement.raw.output_file=/home/runner/work/The-Omni-Compass/The-Omni-Compass/out/ycsb-burst/rep-1/omni/notch-4.raw -p recordcount=2000000 -p operationcount=1000000000 -p maxexecutiontime=20 -p target=3000 -p threads=32 -p insertstart=0 -p insertorder=ordered -p requestdistribution=uniform -p seed=100103
mongo client connection created with mongodb://127.0.0.1:27017/ycsb?w=1
Raw data measurement: will output to result file: /home/runner/work/The-Omni-Compass/The-Omni-Compass/out/ycsb-burst/rep-1/omni/notch-4.raw
Raw data measurement: will output to result file: /home/runner/work/The-Omni-Compass/The-Omni-Compass/out/ycsb-burst/rep-1/omni/notch-4.raw
Raw data measurement: will output to result file: /home/runner/work/The-Omni-Compass/The-Omni-Compass/out/ycsb-burst/rep-1/omni/notch-4.raw
[OVERALL], RunTime(ms), 20003
[OVERALL], Throughput(ops/sec), 2963.6554516822475
[TOTAL_GCS_G1_Young_Generation], Count, 12
[TOTAL_GC_TIME_G1_Young_Generation], Time(ms), 44
[TOTAL_GC_TIME_%_G1_Young_Generation], Time(%), 0.2199670049492576
[TOTAL_GCS_G1_Old_Generation], Count, 0
[TOTAL_GC_TIME_G1_Old_Generation], Time(ms), 0
[TOTAL_GC_TIME_%_G1_Old_Generation], Time(%), 0.0
[TOTAL_GCs], Count, 12
[TOTAL_GC_TIME], Time(ms), 44
[TOTAL_GC_TIME_%], Time(%), 0.2199670049492576
[READ], Total Operations, 56351
[READ], Below is a summary of latency in microseconds:, -1
[READ], Average, 242.98218310234068
[READ], Min, 92
[READ], Max, 135337
[READ], p1, 100
[READ], p5, 109
[READ], p50, 152
[READ], p90, 330
[READ], p95, 354
[READ], p99, 493
[READ], p99.9, 8040
[READ], p99.99, 75192
[READ], Return=OK, 56351
[CLEANUP], Total Operations, 1
[CLEANUP], Below is a summary of latency in microseconds:, -1
[CLEANUP], Average, 1063.0
[CLEANUP], Min, 1063
[CLEANUP], Max, 1063
[CLEANUP], p1, 1063
[CLEANUP], p5, 1063
[CLEANUP], p50, 1063
[CLEANUP], p90, 1063
[CLEANUP], p95, 1063
[CLEANUP], p99, 1063
[CLEANUP], p99.9, 1063
[CLEANUP], p99.99, 1063
[UPDATE], Total Operations, 2931
[UPDATE], Below is a summary of latency in microseconds:, -1
[UPDATE], Average, 340.9269873763221
[UPDATE], Min, 132
[UPDATE], Max, 125591
[UPDATE], p1, 145
[UPDATE], p5, 155
[UPDATE], p50, 216
[UPDATE], p90, 405
[UPDATE], p95, 443
[UPDATE], p99, 589
[UPDATE], p99.9, 36593
[UPDATE], p99.99, 125591
[UPDATE], Return=OK, 2931

Command line: -t -db site.ycsb.db.MongoDbClient -s -P /home/runner/ycsb-mongodb-binding-0.17.0/workloads/workloadb -p mongodb.url=mongodb://127.0.0.1:27017/ycsb?w=1 -p measurementtype=raw -p measurement.raw.output_file=/home/runner/work/The-Omni-Compass/The-Omni-Compass/out/ycsb-burst/rep-1/omni/notch-4.raw -p recordcount=2000000 -p operationcount=1000000000 -p maxexecutiontime=20 -p target=3000 -p threads=32 -p insertstart=0 -p insertorder=ordered -p requestdistribution=uniform -p seed=100103
YCSB Client 0.17.0

Loading workload...
Starting test.
Maximum execution time specified as: 20 secs
2026-10-09 00:38:39:971 0 sec: 0 operations; est completion in 0 second 
DBWrapper: report latency for each error is false and specific error codes to track for latency are: []
2026-10-09 00:38:49:943 10 sec: 28563 operations; 2856.3 current ops/sec; est completion in 4 days 1 hour READ count: 27105, average latency(us): 259.52 UPDATE count: 1458, average latency(us): 422.40 
Maximum time elapsed. Requesting stop for the workload.
2026-10-09 00:38:59:943 20 sec: 59279 operations; 3071.6 current ops/sec; est completion in 3 days 21 hours READ count: 29244, average latency(us): 227.65 UPDATE count: 1473, average latency(us): 260.28 
Stop requested for workload. Now Joining!
2026-10-09 00:38:59:945 20 sec: 59282 operations; 1500 current ops/sec; est completion in 3 days 21 hours READ count: 2, average latency(us): 302.00 CLEANUP count: 1, average latency(us): 1063.00  


/opt/hostedtoolcache/Java_Temurin-Hotspot_jdk/17.0.20-1/x64/bin/java  -classpath /home/runner/ycsb-mongodb-binding-0.17.0/conf:/home/runner/ycsb-mongodb-binding-0.17.0/lib/HdrHistogram-2.1.4.jar:/home/runner/ycsb-mongodb-binding-0.17.0/lib/core-0.17.0.jar:/home/runner/ycsb-mongodb-binding-0.17.0/lib/htrace-core4-4.1.0-incubating.jar:/home/runner/ycsb-mongodb-binding-0.17.0/lib/jackson-core-asl-1.9.4.jar:/home/runner/ycsb-mongodb-binding-0.17.0/lib/jackson-mapper-asl-1.9.4.jar:/home/runner/ycsb-mongodb-binding-0.17.0/lib/logback-classic-1.1.2.jar:/home/runner/ycsb-mongodb-binding-0.17.0/lib/logback-core-1.1.2.jar:/home/runner/ycsb-mongodb-binding-0.17.0/lib/mongo-java-driver-3.8.0.jar:/home/runner/ycsb-mongodb-binding-0.17.0/lib/mongodb-async-driver-2.0.1.jar:/home/runner/ycsb-mongodb-binding-0.17.0/lib/mongodb-binding-0.17.0.jar:/home/runner/ycsb-mongodb-binding-0.17.0/lib/slf4j-api-1.7.25.jar:/home/runner/ycsb-mongodb-binding-0.17.0/lib/snappy-java-1.1.7.1.jar site.ycsb.Client -t -db site.ycsb.db.MongoDbClient -s -P /home/runner/ycsb-mongodb-binding-0.17.0/workloads/workloadb -p mongodb.url=mongodb://127.0.0.1:27017/ycsb?w=1 -p measurementtype=raw -p measurement.raw.output_file=/home/runner/work/The-Omni-Compass/The-Omni-Compass/out/ycsb-burst/rep-1/omni/notch-5.raw -p recordcount=250000 -p operationcount=1000000000 -p maxexecutiontime=20 -p target=3000 -p threads=32 -p insertstart=0 -p insertorder=ordered -p requestdistribution=uniform -p seed=100104
mongo client connection created with mongodb://127.0.0.1:27017/ycsb?w=1
Raw data measurement: will output to result file: /home/runner/work/The-Omni-Compass/The-Omni-Compass/out/ycsb-burst/rep-1/omni/notch-5.raw
Raw data measurement: will output to result file: /home/runner/work/The-Omni-Compass/The-Omni-Compass/out/ycsb-burst/rep-1/omni/notch-5.raw
Raw data measurement: will output to result file: /home/runner/work/The-Omni-Compass/The-Omni-Compass/out/ycsb-burst/rep-1/omni/notch-5.raw
[OVERALL], RunTime(ms), 20002
[OVERALL], Throughput(ops/sec), 2960.20397960204
[TOTAL_GCS_G1_Young_Generation], Count, 12
[TOTAL_GC_TIME_G1_Young_Generation], Time(ms), 42
[TOTAL_GC_TIME_%_G1_Young_Generation], Time(%), 0.20997900209979004
[TOTAL_GCS_G1_Old_Generation], Count, 0
[TOTAL_GC_TIME_G1_Old_Generation], Time(ms), 0
[TOTAL_GC_TIME_%_G1_Old_Generation], Time(%), 0.0
[TOTAL_GCs], Count, 12
[TOTAL_GC_TIME], Time(ms), 42
[TOTAL_GC_TIME_%], Time(%), 0.20997900209979004
[READ], Total Operations, 56233
[READ], Below is a summary of latency in microseconds:, -1
[READ], Average, 129.77054398662708
[READ], Min, 90
[READ], Max, 34800
[READ], p1, 95
[READ], p5, 97
[READ], p50, 116
[READ], p90, 160
[READ], p95, 181
[READ], p99, 287
[READ], p99.9, 777
[READ], p99.99, 4567
[READ], Return=OK, 56233
[CLEANUP], Total Operations, 1
[CLEANUP], Below is a summary of latency in microseconds:, -1
[CLEANUP], Average, 1107.0
[CLEANUP], Min, 1107
[CLEANUP], Max, 1107
[CLEANUP], p1, 1107
[CLEANUP], p5, 1107
[CLEANUP], p50, 1107
[CLEANUP], p90, 1107
[CLEANUP], p95, 1107
[CLEANUP], p99, 1107
[CLEANUP], p99.9, 1107
[CLEANUP], p99.99, 1107
[UPDATE], Total Operations, 2977
[UPDATE], Below is a summary of latency in microseconds:, -1
[UPDATE], Average, 196.33590863285187
[UPDATE], Min, 128
[UPDATE], Max, 4712
[UPDATE], p1, 135
[UPDATE], p5, 140
[UPDATE], p50, 180
[UPDATE], p90, 261
[UPDATE], p95, 304
[UPDATE], p99, 440
[UPDATE], p99.9, 923
[UPDATE], p99.99, 4712
[UPDATE], Return=OK, 2977

Command line: -t -db site.ycsb.db.MongoDbClient -s -P /home/runner/ycsb-mongodb-binding-0.17.0/workloads/workloadb -p mongodb.url=mongodb://127.0.0.1:27017/ycsb?w=1 -p measurementtype=raw -p measurement.raw.output_file=/home/runner/work/The-Omni-Compass/The-Omni-Compass/out/ycsb-burst/rep-1/omni/notch-5.raw -p recordcount=250000 -p operationcount=1000000000 -p maxexecutiontime=20 -p target=3000 -p threads=32 -p insertstart=0 -p insertorder=ordered -p requestdistribution=uniform -p seed=100104
YCSB Client 0.17.0

Loading workload...
Starting test.
Maximum execution time specified as: 20 secs
2026-10-09 00:39:00:422 0 sec: 0 operations; est completion in 0 second 
DBWrapper: report latency for each error is false and specific error codes to track for latency are: []
2026-10-09 00:39:10:392 10 sec: 29209 operations; 2920.9 current ops/sec; est completion in 3 days 23 hours READ count: 27709, average latency(us): 141.23 UPDATE count: 1501, average latency(us): 222.56 
Maximum time elapsed. Requesting stop for the workload.
Stop requested for workload. Now Joining!
2026-10-09 00:39:20:392 20 sec: 59209 operations; 3000 current ops/sec; est completion in 3 days 21 hours READ count: 28523, average latency(us): 118.63 UPDATE count: 1476, average latency(us): 169.67 
2026-10-09 00:39:20:394 20 sec: 59210 operations; 500 current ops/sec; est completion in 3 days 21 hours READ count: 1, average latency(us): 250.00 CLEANUP count: 1, average latency(us): 1107.00  


/opt/hostedtoolcache/Java_Temurin-Hotspot_jdk/17.0.20-1/x64/bin/java  -classpath /home/runner/ycsb-mongodb-binding-0.17.0/conf:/home/runner/ycsb-mongodb-binding-0.17.0/lib/HdrHistogram-2.1.4.jar:/home/runner/ycsb-mongodb-binding-0.17.0/lib/core-0.17.0.jar:/home/runner/ycsb-mongodb-binding-0.17.0/lib/htrace-core4-4.1.0-incubating.jar:/home/runner/ycsb-mongodb-binding-0.17.0/lib/jackson-core-asl-1.9.4.jar:/home/runner/ycsb-mongodb-binding-0.17.0/lib/jackson-mapper-asl-1.9.4.jar:/home/runner/ycsb-mongodb-binding-0.17.0/lib/logback-classic-1.1.2.jar:/home/runner/ycsb-mongodb-binding-0.17.0/lib/logback-core-1.1.2.jar:/home/runner/ycsb-mongodb-binding-0.17.0/lib/mongo-java-driver-3.8.0.jar:/home/runner/ycsb-mongodb-binding-0.17.0/lib/mongodb-async-driver-2.0.1.jar:/home/runner/ycsb-mongodb-binding-0.17.0/lib/mongodb-binding-0.17.0.jar:/home/runner/ycsb-mongodb-binding-0.17.0/lib/slf4j-api-1.7.25.jar:/home/runner/ycsb-mongodb-binding-0.17.0/lib/snappy-java-1.1.7.1.jar site.ycsb.Client -t -db site.ycsb.db.MongoDbClient -s -P /home/runner/ycsb-mongodb-binding-0.17.0/workloads/workloadb -p mongodb.url=mongodb://127.0.0.1:27017/ycsb?w=1 -p measurementtype=raw -p measurement.raw.output_file=/home/runner/work/The-Omni-Compass/The-Omni-Compass/out/ycsb-burst/rep-1/omni/notch-6.raw -p recordcount=1500000 -p operationcount=1000000000 -p maxexecutiontime=20 -p target=3000 -p threads=32 -p insertstart=0 -p insertorder=ordered -p requestdistribution=uniform -p seed=100105
mongo client connection created with mongodb://127.0.0.1:27017/ycsb?w=1
Raw data measurement: will output to result file: /home/runner/work/The-Omni-Compass/The-Omni-Compass/out/ycsb-burst/rep-1/omni/notch-6.raw
Raw data measurement: will output to result file: /home/runner/work/The-Omni-Compass/The-Omni-Compass/out/ycsb-burst/rep-1/omni/notch-6.raw
Raw data measurement: will output to result file: /home/runner/work/The-Omni-Compass/The-Omni-Compass/out/ycsb-burst/rep-1/omni/notch-6.raw
[OVERALL], RunTime(ms), 20003
[OVERALL], Throughput(ops/sec), 2767.684847272909
[TOTAL_GCS_G1_Young_Generation], Count, 11
[TOTAL_GC_TIME_G1_Young_Generation], Time(ms), 37
[TOTAL_GC_TIME_%_G1_Young_Generation], Time(%), 0.18497225416187574
[TOTAL_GCS_G1_Old_Generation], Count, 0
[TOTAL_GC_TIME_G1_Old_Generation], Time(ms), 0
[TOTAL_GC_TIME_%_G1_Old_Generation], Time(%), 0.0
[TOTAL_GCs], Count, 11
[TOTAL_GC_TIME], Time(ms), 37
[TOTAL_GC_TIME_%], Time(%), 0.18497225416187574
[READ], Total Operations, 52614
[READ], Below is a summary of latency in microseconds:, -1
[READ], Average, 316.97859885201655
[READ], Min, 83
[READ], Max, 373982
[READ], p1, 96
[READ], p5, 101
[READ], p50, 139
[READ], p90, 200
[READ], p95, 313
[READ], p99, 607
[READ], p99.9, 20447
[READ], p99.99, 192408
[READ], Return=OK, 52614
[CLEANUP], Total Operations, 1
[CLEANUP], Below is a summary of latency in microseconds:, -1
[CLEANUP], Average, 1129.0
[CLEANUP], Min, 1129
[CLEANUP], Max, 1129
[CLEANUP], p1, 1129
[CLEANUP], p5, 1129
[CLEANUP], p50, 1129
[CLEANUP], p90, 1129
[CLEANUP], p95, 1129
[CLEANUP], p99, 1129
[CLEANUP], p99.9, 1129
[CLEANUP], p99.99, 1129
[UPDATE], Total Operations, 2748
[UPDATE], Below is a summary of latency in microseconds:, -1
[UPDATE], Average, 352.3624454148472
[UPDATE], Min, 128
[UPDATE], Max, 62157
[UPDATE], p1, 138
[UPDATE], p5, 147
[UPDATE], p50, 195
[UPDATE], p90, 328
[UPDATE], p95, 394
[UPDATE], p99, 1373
[UPDATE], p99.9, 34022
[UPDATE], p99.99, 62157
[UPDATE], Return=OK, 2748

Command line: -t -db site.ycsb.db.MongoDbClient -s -P /home/runner/ycsb-mongodb-binding-0.17.0/workloads/workloadb -p mongodb.url=mongodb://127.0.0.1:27017/ycsb?w=1 -p measurementtype=raw -p measurement.raw.output_file=/home/runner/work/The-Omni-Compass/The-Omni-Compass/out/ycsb-burst/rep-1/omni/notch-6.raw -p recordcount=1500000 -p operationcount=1000000000 -p maxexecutiontime=20 -p target=3000 -p threads=32 -p insertstart=0 -p insertorder=ordered -p requestdistribution=uniform -p seed=100105
YCSB Client 0.17.0

Loading workload...
Starting test.
Maximum execution time specified as: 20 secs
2026-10-09 00:39:20:863 0 sec: 0 operations; est completion in 0 second 
DBWrapper: report latency for each error is false and specific error codes to track for latency are: []
2026-10-09 00:39:30:833 10 sec: 29058 operations; 2905.8 current ops/sec; est completion in 3 days 23 hours READ count: 27616, average latency(us): 297.48 UPDATE count: 1445, average latency(us): 250.60 
2026-10-09 00:39:40:833 20 sec: 55355 operations; 2629.7 current ops/sec; est completion in 4 days 4 hours READ count: 24995, average latency(us): 338.54 UPDATE count: 1303, average latency(us): 465.21 
Maximum time elapsed. Requesting stop for the workload.
Stop requested for workload. Now Joining!
2026-10-09 00:39:40:835 20 sec: 55362 operations; 2333.33 current ops/sec; est completion in 4 days 4 hours READ count: 3, average latency(us): 167.67 CLEANUP count: 1, average latency(us): 1129.00  
