sysbench 1.0.20 (using system LuaJIT 2.1.0-beta3)

Running the test with following options:
Number of threads: 32
Target transaction rate: 3000/sec
Initializing random number generator from current time


Initializing worker threads...

Threads started!

Latency histogram (values are in milliseconds)
       value  ------------- distribution ------------- count
       0.120 |                                         1
       0.122 |                                         1
       0.125 |                                         3
       0.127 |                                         9
       0.129 |                                         8
       0.132 |                                         15
       0.134 |                                         28
       0.136 |*                                        55
       0.139 |**                                       134
       0.141 |**                                       197
       0.144 |****                                     337
       0.147 |*****                                    429
       0.149 |*******                                  584
       0.152 |*********                                796
       0.155 |************                             1032
       0.158 |**************                           1162
       0.160 |*****************                        1417
       0.163 |*****************                        1437
       0.166 |*****************                        1467
       0.169 |******************                       1556
       0.172 |********************                     1646
       0.176 |************************                 2062
       0.179 |***************************              2282
       0.182 |******************************           2563
       0.185 |********************************         2731
       0.189 |*************************************    3122
       0.192 |***************************************  3304
       0.196 |**************************************** 3375
       0.199 |***********************************      2952
       0.203 |******************************           2494
       0.206 |***********************                  1947
       0.210 |********************                     1710
       0.214 |****************                         1324
       0.218 |**************                           1199
       0.222 |************                             1032
       0.226 |**********                               825
       0.230 |********                                 696
       0.234 |*******                                  566
       0.238 |******                                   470
       0.243 |****                                     371
       0.247 |****                                     326
       0.252 |***                                      266
       0.256 |***                                      245
       0.261 |***                                      227
       0.266 |**                                       180
       0.270 |**                                       152
       0.275 |**                                       136
       0.280 |**                                       153
       0.285 |*                                        123
       0.291 |*                                        115
       0.296 |*                                        126
       0.301 |*                                        102
       0.307 |*                                        111
       0.312 |*                                        125
       0.318 |**                                       128
       0.324 |*                                        112
       0.330 |**                                       139
       0.336 |**                                       159
       0.342 |**                                       140
       0.348 |**                                       177
       0.354 |***                                      213
       0.361 |***                                      276
       0.367 |***                                      291
       0.374 |****                                     363
       0.381 |*****                                    423
       0.388 |*****                                    443
       0.395 |******                                   498
       0.402 |******                                   489
       0.409 |******                                   531
       0.417 |******                                   509
       0.424 |******                                   539
       0.432 |******                                   548
       0.440 |******                                   497
       0.448 |*****                                    419
       0.456 |*****                                    392
       0.464 |****                                     341
       0.473 |****                                     317
       0.481 |***                                      258
       0.490 |***                                      218
       0.499 |**                                       201
       0.508 |**                                       146
       0.517 |**                                       128
       0.527 |*                                        109
       0.536 |*                                        92
       0.546 |*                                        97
       0.556 |*                                        67
       0.566 |*                                        64
       0.576 |*                                        62
       0.587 |*                                        61
       0.597 |*                                        56
       0.608 |*                                        46
       0.619 |                                         39
       0.630 |                                         36
       0.642 |                                         27
       0.654 |                                         24
       0.665 |                                         28
       0.677 |                                         26
       0.690 |                                         19
       0.702 |                                         23
       0.715 |                                         23
       0.728 |                                         17
       0.741 |                                         19
       0.755 |                                         14
       0.768 |                                         15
       0.782 |                                         11
       0.797 |                                         12
       0.811 |                                         7
       0.826 |                                         8
       0.841 |                                         6
       0.856 |                                         8
       0.872 |                                         6
       0.888 |                                         11
       0.904 |                                         5
       0.920 |                                         10
       0.937 |                                         8
       0.954 |                                         3
       0.971 |                                         4
       0.989 |                                         3
       1.007 |                                         3
       1.025 |                                         3
       1.044 |                                         2
       1.063 |                                         5
       1.082 |                                         6
       1.102 |                                         8
       1.122 |                                         3
       1.142 |                                         6
       1.163 |                                         4
       1.184 |                                         5
       1.205 |                                         2
       1.227 |                                         1
       1.250 |                                         7
       1.272 |                                         3
       1.295 |                                         3
       1.319 |                                         8
       1.367 |                                         4
       1.392 |                                         4
       1.417 |                                         4
       1.443 |                                         4
       1.469 |                                         4
       1.496 |                                         1
       1.523 |                                         2
       1.551 |                                         3
       1.608 |                                         1
       1.637 |                                         5
       1.667 |                                         3
       1.697 |                                         7
       1.728 |                                         7
       1.759 |                                         2
       1.791 |                                         6
       1.824 |                                         3
       1.857 |                                         3
       1.891 |                                         1
       1.925 |                                         5
       1.960 |                                         4
       1.996 |                                         1
       2.032 |                                         3
       2.069 |                                         3
       2.106 |                                         5
       2.145 |                                         3
       2.184 |                                         7
       2.223 |                                         2
       2.264 |                                         2
       2.389 |                                         1
       2.433 |                                         4
       2.477 |                                         2
       2.522 |                                         3
       2.568 |                                         3
       2.615 |                                         3
       2.710 |                                         1
       2.760 |                                         2
       2.810 |                                         4
       2.861 |                                         6
       2.913 |                                         3
       3.020 |                                         1
       3.130 |                                         6
       3.187 |                                         4
       3.245 |                                         2
       3.364 |                                         1
       3.425 |                                         2
       3.488 |                                         2
       3.615 |                                         2
       3.748 |                                         3
       3.816 |                                         3
       3.885 |                                         3
       3.956 |                                         3
       4.028 |                                         2
       4.176 |                                         3
       4.252 |                                         3
       4.329 |                                         1
       4.407 |                                         1
       4.487 |                                         2
       4.569 |                                         1
       4.652 |                                         1
       4.737 |                                         2
       4.823 |                                         1
       4.910 |                                         1
       5.183 |                                         2
       5.277 |                                         2
       5.470 |                                         1
       5.570 |                                         2
       5.671 |                                         2
       5.774 |                                         1
       5.879 |                                         2
       6.095 |                                         1
       6.205 |                                         1
       6.669 |                                         1
       6.790 |                                         1
       6.913 |                                         1
       7.039 |                                         3
       7.297 |                                         3
       7.430 |                                         2
       7.565 |                                         2
       7.702 |                                         1
       7.842 |                                         1
       7.985 |                                         1
       8.130 |                                         2
       8.428 |                                         1
       8.581 |                                         1
       9.057 |                                         2
       9.222 |                                         1
       9.389 |                                         1
       9.734 |                                         1
      10.090 |                                         3
      10.274 |                                         1
      10.460 |                                         1
      10.651 |                                         2
      11.446 |                                         2
      11.654 |                                         1
 
SQL statistics:
    queries performed:
        read:                            59986
        write:                           0
        other:                           0
        total:                           59986
    transactions:                        59986  (2996.62 per sec.)
    queries:                             59986  (2996.62 per sec.)
    ignored errors:                      0      (0.00 per sec.)
    reconnects:                          0      (0.00 per sec.)

General statistics:
    total time:                          20.0175s
    total number of events:              59986

Latency (ms):
         min:                                    0.12
         avg:                                    0.25
         max:                                   11.74
         95th percentile:                        0.46
         sum:                                14831.03

Threads fairness:
    events (avg/stddev):           1874.5625/17.46
    execution time (avg/stddev):   0.4635/0.01


