sysbench 1.0.20 (using system LuaJIT 2.1.0-beta3)

Running the test with following options:
Number of threads: 32
Target transaction rate: 200/sec
Initializing random number generator from current time


Initializing worker threads...

Threads started!

Latency histogram (values are in milliseconds)
       value  ------------- distribution ------------- count
       3.551 |                                         2
       3.615 |*                                        9
       3.681 |**                                       15
       3.748 |******                                   36
       3.816 |**********                               60
       3.885 |*************                            81
       3.956 |****************                         96
       4.028 |********************                     122
       4.101 |*****************                        106
       4.176 |***********************                  139
       4.252 |*************************                157
       4.329 |***************************              169
       4.407 |*********************************        204
       4.487 |**********************************       210
       4.569 |*******************************          193
       4.652 |***********************************      218
       4.737 |**************************************** 247
       4.823 |**********************************       212
       4.910 |********************************         197
       4.999 |********************************         197
       5.090 |***************************              167
       5.183 |*****************************            181
       5.277 |*************************                155
       5.373 |*********************                    130
       5.470 |*****************                        106
       5.570 |**************                           89
       5.671 |**************                           87
       5.774 |***********                              65
       5.879 |*********                                56
       5.986 |********                                 49
       6.095 |******                                   40
       6.205 |*****                                    33
       6.318 |*****                                    30
       6.433 |****                                     27
       6.550 |***                                      20
       6.669 |***                                      20
       6.790 |**                                       14
       6.913 |**                                       11
       7.039 |*                                        9
       7.167 |*                                        8
       7.297 |*                                        6
       7.430 |*                                        5
       7.565 |                                         3
       7.702 |*                                        5
       7.842 |                                         2
       7.985 |                                         2
       8.130 |                                         1
       8.277 |                                         3
       8.428 |                                         3
       8.581 |                                         1
       8.737 |                                         3
       9.057 |                                         2
       9.222 |                                         2
       9.389 |                                         2
       9.734 |                                         1
       9.910 |                                         1
      10.090 |                                         3
      10.274 |                                         3
      10.460 |                                         1
      14.207 |                                         1
 
SQL statistics:
    queries performed:
        read:                            56238
        write:                           16068
        other:                           8034
        total:                           80340
    transactions:                        4017   (200.59 per sec.)
    queries:                             80340  (4011.79 per sec.)
    ignored errors:                      0      (0.00 per sec.)
    reconnects:                          0      (0.00 per sec.)

General statistics:
    total time:                          20.0255s
    total number of events:              4017

Latency (ms):
         min:                                    3.54
         avg:                                    4.88
         max:                                   14.08
         95th percentile:                        6.21
         sum:                                19607.48

Threads fairness:
    events (avg/stddev):           125.5312/1.17
    execution time (avg/stddev):   0.6127/0.01


