sysbench 1.0.20 (using system LuaJIT 2.1.0-beta3)

Running the test with following options:
Number of threads: 32
Target transaction rate: 3000/sec
Initializing random number generator from current time


Initializing worker threads...

Threads started!

Latency histogram (values are in milliseconds)
       value  ------------- distribution ------------- count
       0.112 |                                         1
       0.116 |                                         1
       0.118 |                                         3
       0.120 |                                         6
       0.122 |                                         6
       0.125 |                                         12
       0.127 |                                         14
       0.129 |                                         19
       0.132 |                                         41
       0.134 |*                                        82
       0.136 |*                                        115
       0.139 |**                                       195
       0.141 |***                                      291
       0.144 |*****                                    424
       0.147 |*******                                  588
       0.149 |*********                                790
       0.152 |***********                              915
       0.155 |***************                          1242
       0.158 |******************                       1492
       0.160 |*******************                      1600
       0.163 |*********************                    1799
       0.166 |**********************                   1854
       0.169 |***********************                  1957
       0.172 |************************                 2017
       0.176 |**************************               2219
       0.179 |******************************           2553
       0.182 |*********************************        2768
       0.185 |*************************************    3157
       0.189 |***************************************  3271
       0.192 |**************************************** 3370
       0.196 |***************************************  3290
       0.199 |*************************************    3085
       0.203 |*********************************        2809
       0.206 |*****************************            2423
       0.210 |************************                 2033
       0.214 |********************                     1700
       0.218 |*****************                        1458
       0.222 |****************                         1339
       0.226 |*************                            1071
       0.230 |***********                              946
       0.234 |*********                                766
       0.238 |********                                 702
       0.243 |*******                                  591
       0.247 |******                                   489
       0.252 |*****                                    449
       0.256 |****                                     363
       0.261 |****                                     299
       0.266 |***                                      288
       0.270 |***                                      246
       0.275 |***                                      238
       0.280 |***                                      227
       0.285 |**                                       207
       0.291 |**                                       193
       0.296 |**                                       200
       0.301 |**                                       184
       0.307 |**                                       179
       0.312 |**                                       146
       0.318 |**                                       156
       0.324 |**                                       133
       0.330 |*                                        122
       0.336 |*                                        104
       0.342 |*                                        115
       0.348 |*                                        89
       0.354 |*                                        85
       0.361 |*                                        74
       0.367 |*                                        61
       0.374 |*                                        48
       0.381 |                                         35
       0.388 |                                         33
       0.395 |                                         34
       0.402 |                                         27
       0.409 |                                         32
       0.417 |                                         10
       0.424 |                                         13
       0.432 |                                         6
       0.440 |                                         9
       0.448 |                                         7
       0.456 |                                         9
       0.464 |                                         8
       0.473 |                                         5
       0.481 |                                         3
       0.490 |                                         5
       0.499 |                                         2
       0.508 |                                         3
       0.517 |                                         1
       0.527 |                                         3
       0.546 |                                         3
       0.556 |                                         5
       0.576 |                                         1
       0.587 |                                         1
       0.690 |                                         2
       0.715 |                                         1
       0.741 |                                         1
 
SQL statistics:
    queries performed:
        read:                            59969
        write:                           0
        other:                           0
        total:                           59969
    transactions:                        59969  (2996.01 per sec.)
    queries:                             59969  (2996.01 per sec.)
    ignored errors:                      0      (0.00 per sec.)
    reconnects:                          0      (0.00 per sec.)

General statistics:
    total time:                          20.0159s
    total number of events:              59969

Latency (ms):
         min:                                    0.11
         avg:                                    0.20
         max:                                    0.74
         95th percentile:                        0.27
         sum:                                11811.97

Threads fairness:
    events (avg/stddev):           1874.0312/13.68
    execution time (avg/stddev):   0.3691/0.00


