sysbench 1.0.20 (using system LuaJIT 2.1.0-beta3)

Running the test with following options:
Number of threads: 32
Target transaction rate: 3000/sec
Initializing random number generator from current time


Initializing worker threads...

Threads started!

Latency histogram (values are in milliseconds)
       value  ------------- distribution ------------- count
       0.125 |                                         1
       0.127 |                                         3
       0.129 |                                         3
       0.132 |                                         5
       0.134 |                                         10
       0.136 |                                         12
       0.139 |                                         25
       0.141 |*                                        43
       0.144 |*                                        61
       0.147 |**                                       105
       0.149 |**                                       151
       0.152 |***                                      232
       0.155 |*****                                    325
       0.158 |*******                                  470
       0.160 |*********                                599
       0.163 |***********                              768
       0.166 |**************                           970
       0.169 |****************                         1075
       0.172 |*****************                        1137
       0.176 |******************                       1228
       0.179 |********************                     1386
       0.182 |**********************                   1528
       0.185 |**************************               1768
       0.189 |****************************             1915
       0.192 |*********************************        2252
       0.196 |**********************************       2329
       0.199 |***************************************  2658
       0.203 |**************************************** 2731
       0.206 |**************************************   2615
       0.210 |**************************************   2575
       0.214 |**********************************       2310
       0.218 |*********************************        2274
       0.222 |*****************************            1948
       0.226 |***************************              1854
       0.230 |***********************                  1577
       0.234 |*********************                    1418
       0.238 |******************                       1249
       0.243 |***************                          1051
       0.247 |***************                          993
       0.252 |*************                            869
       0.256 |***********                              770
       0.261 |**********                               671
       0.266 |*********                                617
       0.270 |********                                 556
       0.275 |*******                                  499
       0.280 |******                                   398
       0.285 |*****                                    337
       0.291 |*****                                    339
       0.296 |****                                     291
       0.301 |****                                     271
       0.307 |****                                     256
       0.312 |***                                      219
       0.318 |***                                      181
       0.324 |***                                      203
       0.330 |***                                      204
       0.336 |***                                      185
       0.342 |***                                      180
       0.348 |***                                      186
       0.354 |***                                      194
       0.361 |****                                     259
       0.367 |****                                     264
       0.374 |****                                     284
       0.381 |*****                                    364
       0.388 |******                                   381
       0.395 |*******                                  456
       0.402 |*******                                  464
       0.409 |*******                                  493
       0.417 |*******                                  502
       0.424 |********                                 529
       0.432 |*******                                  506
       0.440 |*******                                  474
       0.448 |*******                                  452
       0.456 |******                                   427
       0.464 |******                                   388
       0.473 |*****                                    373
       0.481 |****                                     299
       0.490 |****                                     273
       0.499 |****                                     262
       0.508 |***                                      218
       0.517 |***                                      186
       0.527 |**                                       147
       0.536 |**                                       155
       0.546 |**                                       107
       0.556 |*                                        83
       0.566 |*                                        95
       0.576 |*                                        59
       0.587 |*                                        59
       0.597 |*                                        43
       0.608 |*                                        50
       0.619 |*                                        41
       0.630 |*                                        41
       0.642 |                                         34
       0.654 |*                                        38
       0.665 |                                         27
       0.677 |                                         33
       0.690 |                                         32
       0.702 |                                         17
       0.715 |                                         17
       0.728 |                                         19
       0.741 |                                         10
       0.755 |                                         8
       0.768 |                                         14
       0.782 |                                         19
       0.797 |                                         4
       0.811 |                                         8
       0.826 |                                         7
       0.841 |                                         8
       0.856 |                                         4
       0.872 |                                         6
       0.888 |                                         5
       0.904 |                                         6
       0.920 |                                         4
       0.937 |                                         3
       0.954 |                                         3
       0.971 |                                         1
       0.989 |                                         3
       1.007 |                                         1
       1.025 |                                         2
       1.044 |                                         5
       1.063 |                                         2
       1.082 |                                         2
       1.122 |                                         1
       1.142 |                                         3
       1.163 |                                         3
       1.184 |                                         2
       1.205 |                                         1
       1.250 |                                         3
       1.295 |                                         3
       1.319 |                                         1
       1.343 |                                         3
       1.367 |                                         1
       1.392 |                                         5
       1.417 |                                         7
       1.443 |                                         1
       1.469 |                                         2
       1.496 |                                         1
       1.523 |                                         4
       1.551 |                                         3
       1.579 |                                         5
       1.608 |                                         2
       1.637 |                                         2
       1.667 |                                         2
       1.697 |                                         1
       1.728 |                                         2
       1.759 |                                         1
       1.791 |                                         2
       1.824 |                                         3
       1.857 |                                         2
       1.891 |                                         3
       1.925 |                                         2
       1.960 |                                         1
       1.996 |                                         1
       2.032 |                                         7
       2.069 |                                         2
       2.106 |                                         2
       2.145 |                                         1
       2.184 |                                         4
       2.264 |                                         4
       2.305 |                                         3
       2.347 |                                         2
       2.389 |                                         2
       2.433 |                                         2
       2.477 |                                         1
       2.522 |                                         2
       2.568 |                                         1
       2.615 |                                         2
       2.662 |                                         3
       2.710 |                                         3
       2.760 |                                         2
       2.810 |                                         2
       2.861 |                                         1
       2.913 |                                         2
       3.020 |                                         1
       3.075 |                                         1
       3.130 |                                         1
       3.245 |                                         1
       3.425 |                                         1
       3.551 |                                         1
       3.615 |                                         2
       3.885 |                                         2
       4.407 |                                         1
       4.652 |                                         1
       4.737 |                                         1
       5.090 |                                         2
 
SQL statistics:
    queries performed:
        read:                            60292
        write:                           0
        other:                           0
        total:                           60292
    transactions:                        60292  (3012.03 per sec.)
    queries:                             60292  (3012.03 per sec.)
    ignored errors:                      0      (0.00 per sec.)
    reconnects:                          0      (0.00 per sec.)

General statistics:
    total time:                          20.0167s
    total number of events:              60292

Latency (ms):
         min:                                    0.12
         avg:                                    0.25
         max:                                    5.13
         95th percentile:                        0.46
         sum:                                15319.71

Threads fairness:
    events (avg/stddev):           1884.1250/15.82
    execution time (avg/stddev):   0.4787/0.01


