/opt/hostedtoolcache/Java_Temurin-Hotspot_jdk/17.0.20-1/x64/bin/java  -classpath /home/runner/ycsb-mongodb-binding-0.17.0/conf:/home/runner/ycsb-mongodb-binding-0.17.0/lib/HdrHistogram-2.1.4.jar:/home/runner/ycsb-mongodb-binding-0.17.0/lib/core-0.17.0.jar:/home/runner/ycsb-mongodb-binding-0.17.0/lib/htrace-core4-4.1.0-incubating.jar:/home/runner/ycsb-mongodb-binding-0.17.0/lib/jackson-core-asl-1.9.4.jar:/home/runner/ycsb-mongodb-binding-0.17.0/lib/jackson-mapper-asl-1.9.4.jar:/home/runner/ycsb-mongodb-binding-0.17.0/lib/logback-classic-1.1.2.jar:/home/runner/ycsb-mongodb-binding-0.17.0/lib/logback-core-1.1.2.jar:/home/runner/ycsb-mongodb-binding-0.17.0/lib/mongo-java-driver-3.8.0.jar:/home/runner/ycsb-mongodb-binding-0.17.0/lib/mongodb-async-driver-2.0.1.jar:/home/runner/ycsb-mongodb-binding-0.17.0/lib/mongodb-binding-0.17.0.jar:/home/runner/ycsb-mongodb-binding-0.17.0/lib/slf4j-api-1.7.25.jar:/home/runner/ycsb-mongodb-binding-0.17.0/lib/snappy-java-1.1.7.1.jar site.ycsb.Client -t -db site.ycsb.db.MongoDbClient -s -P /home/runner/ycsb-mongodb-binding-0.17.0/workloads/workloadb -p mongodb.url=mongodb://127.0.0.1:27017/ycsb?w=1 -p measurementtype=raw -p measurement.raw.output_file=/home/runner/work/The-Omni-Compass/The-Omni-Compass/out/ycsb-b/rep-2/omni/notch-1.raw -p recordcount=250000 -p operationcount=1000000000 -p maxexecutiontime=20 -p target=3000 -p threads=32 -p insertstart=0 -p insertorder=ordered -p requestdistribution=uniform -p seed=100200
mongo client connection created with mongodb://127.0.0.1:27017/ycsb?w=1
Raw data measurement: will output to result file: /home/runner/work/The-Omni-Compass/The-Omni-Compass/out/ycsb-b/rep-2/omni/notch-1.raw
Raw data measurement: will output to result file: /home/runner/work/The-Omni-Compass/The-Omni-Compass/out/ycsb-b/rep-2/omni/notch-1.raw
Raw data measurement: will output to result file: /home/runner/work/The-Omni-Compass/The-Omni-Compass/out/ycsb-b/rep-2/omni/notch-1.raw
[OVERALL], RunTime(ms), 20003
[OVERALL], Throughput(ops/sec), 2926.0110983352497
[TOTAL_GCS_G1_Young_Generation], Count, 12
[TOTAL_GC_TIME_G1_Young_Generation], Time(ms), 47
[TOTAL_GC_TIME_%_G1_Young_Generation], Time(%), 0.23496475528670702
[TOTAL_GCS_G1_Old_Generation], Count, 0
[TOTAL_GC_TIME_G1_Old_Generation], Time(ms), 0
[TOTAL_GC_TIME_%_G1_Old_Generation], Time(%), 0.0
[TOTAL_GCs], Count, 12
[TOTAL_GC_TIME], Time(ms), 47
[TOTAL_GC_TIME_%], Time(%), 0.23496475528670702
[READ], Total Operations, 55631
[READ], Below is a summary of latency in microseconds:, -1
[READ], Average, 234.60888713127574
[READ], Min, 126
[READ], Max, 53115
[READ], p1, 146
[READ], p5, 150
[READ], p50, 188
[READ], p90, 423
[READ], p95, 466
[READ], p99, 764
[READ], p99.9, 1673
[READ], p99.99, 8282
[READ], Return=OK, 55631
[CLEANUP], Total Operations, 1
[CLEANUP], Below is a summary of latency in microseconds:, -1
[CLEANUP], Average, 1450.0
[CLEANUP], Min, 1450
[CLEANUP], Max, 1450
[CLEANUP], p1, 1450
[CLEANUP], p5, 1450
[CLEANUP], p50, 1450
[CLEANUP], p90, 1450
[CLEANUP], p95, 1450
[CLEANUP], p99, 1450
[CLEANUP], p99.9, 1450
[CLEANUP], p99.99, 1450
[UPDATE], Total Operations, 2898
[UPDATE], Below is a summary of latency in microseconds:, -1
[UPDATE], Average, 308.20772946859904
[UPDATE], Min, 184
[UPDATE], Max, 9878
[UPDATE], p1, 190
[UPDATE], p5, 194
[UPDATE], p50, 236
[UPDATE], p90, 515
[UPDATE], p95, 609
[UPDATE], p99, 1008
[UPDATE], p99.9, 4298
[UPDATE], p99.99, 9878
[UPDATE], Return=OK, 2898

Command line: -t -db site.ycsb.db.MongoDbClient -s -P /home/runner/ycsb-mongodb-binding-0.17.0/workloads/workloadb -p mongodb.url=mongodb://127.0.0.1:27017/ycsb?w=1 -p measurementtype=raw -p measurement.raw.output_file=/home/runner/work/The-Omni-Compass/The-Omni-Compass/out/ycsb-b/rep-2/omni/notch-1.raw -p recordcount=250000 -p operationcount=1000000000 -p maxexecutiontime=20 -p target=3000 -p threads=32 -p insertstart=0 -p insertorder=ordered -p requestdistribution=uniform -p seed=100200
YCSB Client 0.17.0

Loading workload...
Starting test.
Maximum execution time specified as: 20 secs
2026-10-08 04:49:16:675 0 sec: 0 operations; est completion in 0 second 
DBWrapper: report latency for each error is false and specific error codes to track for latency are: []
2026-10-08 04:49:26:631 10 sec: 28526 operations; 2852.6 current ops/sec; est completion in 4 days 1 hour READ count: 27159, average latency(us): 290.04 UPDATE count: 1370, average latency(us): 398.18 
Maximum time elapsed. Requesting stop for the workload.
Stop requested for workload. Now Joining!
2026-10-08 04:49:36:630 20 sec: 58527 operations; 3000.1 current ops/sec; est completion in 3 days 22 hours READ count: 28472, average latency(us): 181.73 UPDATE count: 1528, average latency(us): 227.54 
2026-10-08 04:49:36:633 20 sec: 58529 operations; 666.67 current ops/sec; est completion in 3 days 22 hours  CLEANUP count: 1, average latency(us): 1450.00  


/opt/hostedtoolcache/Java_Temurin-Hotspot_jdk/17.0.20-1/x64/bin/java  -classpath /home/runner/ycsb-mongodb-binding-0.17.0/conf:/home/runner/ycsb-mongodb-binding-0.17.0/lib/HdrHistogram-2.1.4.jar:/home/runner/ycsb-mongodb-binding-0.17.0/lib/core-0.17.0.jar:/home/runner/ycsb-mongodb-binding-0.17.0/lib/htrace-core4-4.1.0-incubating.jar:/home/runner/ycsb-mongodb-binding-0.17.0/lib/jackson-core-asl-1.9.4.jar:/home/runner/ycsb-mongodb-binding-0.17.0/lib/jackson-mapper-asl-1.9.4.jar:/home/runner/ycsb-mongodb-binding-0.17.0/lib/logback-classic-1.1.2.jar:/home/runner/ycsb-mongodb-binding-0.17.0/lib/logback-core-1.1.2.jar:/home/runner/ycsb-mongodb-binding-0.17.0/lib/mongo-java-driver-3.8.0.jar:/home/runner/ycsb-mongodb-binding-0.17.0/lib/mongodb-async-driver-2.0.1.jar:/home/runner/ycsb-mongodb-binding-0.17.0/lib/mongodb-binding-0.17.0.jar:/home/runner/ycsb-mongodb-binding-0.17.0/lib/slf4j-api-1.7.25.jar:/home/runner/ycsb-mongodb-binding-0.17.0/lib/snappy-java-1.1.7.1.jar site.ycsb.Client -t -db site.ycsb.db.MongoDbClient -s -P /home/runner/ycsb-mongodb-binding-0.17.0/workloads/workloadb -p mongodb.url=mongodb://127.0.0.1:27017/ycsb?w=1 -p measurementtype=raw -p measurement.raw.output_file=/home/runner/work/The-Omni-Compass/The-Omni-Compass/out/ycsb-b/rep-2/omni/notch-2.raw -p recordcount=500000 -p operationcount=1000000000 -p maxexecutiontime=20 -p target=3000 -p threads=32 -p insertstart=0 -p insertorder=ordered -p requestdistribution=uniform -p seed=100201
mongo client connection created with mongodb://127.0.0.1:27017/ycsb?w=1
Raw data measurement: will output to result file: /home/runner/work/The-Omni-Compass/The-Omni-Compass/out/ycsb-b/rep-2/omni/notch-2.raw
Raw data measurement: will output to result file: /home/runner/work/The-Omni-Compass/The-Omni-Compass/out/ycsb-b/rep-2/omni/notch-2.raw
Raw data measurement: will output to result file: /home/runner/work/The-Omni-Compass/The-Omni-Compass/out/ycsb-b/rep-2/omni/notch-2.raw
[OVERALL], RunTime(ms), 20003
[OVERALL], Throughput(ops/sec), 2946.108083787432
[TOTAL_GCS_G1_Young_Generation], Count, 12
[TOTAL_GC_TIME_G1_Young_Generation], Time(ms), 50
[TOTAL_GC_TIME_%_G1_Young_Generation], Time(%), 0.24996250562415637
[TOTAL_GCS_G1_Old_Generation], Count, 0
[TOTAL_GC_TIME_G1_Old_Generation], Time(ms), 0
[TOTAL_GC_TIME_%_G1_Old_Generation], Time(%), 0.0
[TOTAL_GCs], Count, 12
[TOTAL_GC_TIME], Time(ms), 50
[TOTAL_GC_TIME_%], Time(%), 0.24996250562415637
[READ], Total Operations, 56046
[READ], Below is a summary of latency in microseconds:, -1
[READ], Average, 236.38719980016415
[READ], Min, 135
[READ], Max, 46546
[READ], p1, 149
[READ], p5, 152
[READ], p50, 191
[READ], p90, 407
[READ], p95, 448
[READ], p99, 593
[READ], p99.9, 1890
[READ], p99.99, 9189
[READ], Return=OK, 56046
[CLEANUP], Total Operations, 1
[CLEANUP], Below is a summary of latency in microseconds:, -1
[CLEANUP], Average, 1486.0
[CLEANUP], Min, 1486
[CLEANUP], Max, 1486
[CLEANUP], p1, 1486
[CLEANUP], p5, 1486
[CLEANUP], p50, 1486
[CLEANUP], p90, 1486
[CLEANUP], p95, 1486
[CLEANUP], p99, 1486
[CLEANUP], p99.9, 1486
[CLEANUP], p99.99, 1486
[UPDATE], Total Operations, 2885
[UPDATE], Below is a summary of latency in microseconds:, -1
[UPDATE], Average, 312.4610051993068
[UPDATE], Min, 190
[UPDATE], Max, 7521
[UPDATE], p1, 195
[UPDATE], p5, 205
[UPDATE], p50, 258
[UPDATE], p90, 486
[UPDATE], p95, 560
[UPDATE], p99, 811
[UPDATE], p99.9, 2136
[UPDATE], p99.99, 7521
[UPDATE], Return=OK, 2885

Command line: -t -db site.ycsb.db.MongoDbClient -s -P /home/runner/ycsb-mongodb-binding-0.17.0/workloads/workloadb -p mongodb.url=mongodb://127.0.0.1:27017/ycsb?w=1 -p measurementtype=raw -p measurement.raw.output_file=/home/runner/work/The-Omni-Compass/The-Omni-Compass/out/ycsb-b/rep-2/omni/notch-2.raw -p recordcount=500000 -p operationcount=1000000000 -p maxexecutiontime=20 -p target=3000 -p threads=32 -p insertstart=0 -p insertorder=ordered -p requestdistribution=uniform -p seed=100201
YCSB Client 0.17.0

Loading workload...
Starting test.
Maximum execution time specified as: 20 secs
2026-10-08 04:49:37:237 0 sec: 0 operations; est completion in 0 second 
DBWrapper: report latency for each error is false and specific error codes to track for latency are: []
2026-10-08 04:49:47:199 10 sec: 28930 operations; 2893 current ops/sec; est completion in 4 days READ count: 27518, average latency(us): 270.84 UPDATE count: 1414, average latency(us): 368.02 
Maximum time elapsed. Requesting stop for the workload.
Stop requested for workload. Now Joining!
2026-10-08 04:49:57:199 20 sec: 58930 operations; 3000 current ops/sec; est completion in 3 days 22 hours READ count: 28528, average latency(us): 203.16 UPDATE count: 1471, average latency(us): 259.06 
2026-10-08 04:49:57:201 20 sec: 58931 operations; 333.33 current ops/sec; est completion in 3 days 22 hours  CLEANUP count: 1, average latency(us): 1486.00  


/opt/hostedtoolcache/Java_Temurin-Hotspot_jdk/17.0.20-1/x64/bin/java  -classpath /home/runner/ycsb-mongodb-binding-0.17.0/conf:/home/runner/ycsb-mongodb-binding-0.17.0/lib/HdrHistogram-2.1.4.jar:/home/runner/ycsb-mongodb-binding-0.17.0/lib/core-0.17.0.jar:/home/runner/ycsb-mongodb-binding-0.17.0/lib/htrace-core4-4.1.0-incubating.jar:/home/runner/ycsb-mongodb-binding-0.17.0/lib/jackson-core-asl-1.9.4.jar:/home/runner/ycsb-mongodb-binding-0.17.0/lib/jackson-mapper-asl-1.9.4.jar:/home/runner/ycsb-mongodb-binding-0.17.0/lib/logback-classic-1.1.2.jar:/home/runner/ycsb-mongodb-binding-0.17.0/lib/logback-core-1.1.2.jar:/home/runner/ycsb-mongodb-binding-0.17.0/lib/mongo-java-driver-3.8.0.jar:/home/runner/ycsb-mongodb-binding-0.17.0/lib/mongodb-async-driver-2.0.1.jar:/home/runner/ycsb-mongodb-binding-0.17.0/lib/mongodb-binding-0.17.0.jar:/home/runner/ycsb-mongodb-binding-0.17.0/lib/slf4j-api-1.7.25.jar:/home/runner/ycsb-mongodb-binding-0.17.0/lib/snappy-java-1.1.7.1.jar site.ycsb.Client -t -db site.ycsb.db.MongoDbClient -s -P /home/runner/ycsb-mongodb-binding-0.17.0/workloads/workloadb -p mongodb.url=mongodb://127.0.0.1:27017/ycsb?w=1 -p measurementtype=raw -p measurement.raw.output_file=/home/runner/work/The-Omni-Compass/The-Omni-Compass/out/ycsb-b/rep-2/omni/notch-3.raw -p recordcount=750000 -p operationcount=1000000000 -p maxexecutiontime=20 -p target=3000 -p threads=32 -p insertstart=0 -p insertorder=ordered -p requestdistribution=uniform -p seed=100202
mongo client connection created with mongodb://127.0.0.1:27017/ycsb?w=1
Raw data measurement: will output to result file: /home/runner/work/The-Omni-Compass/The-Omni-Compass/out/ycsb-b/rep-2/omni/notch-3.raw
Raw data measurement: will output to result file: /home/runner/work/The-Omni-Compass/The-Omni-Compass/out/ycsb-b/rep-2/omni/notch-3.raw
Raw data measurement: will output to result file: /home/runner/work/The-Omni-Compass/The-Omni-Compass/out/ycsb-b/rep-2/omni/notch-3.raw
[OVERALL], RunTime(ms), 20003
[OVERALL], Throughput(ops/sec), 2946.3080537919313
[TOTAL_GCS_G1_Young_Generation], Count, 12
[TOTAL_GC_TIME_G1_Young_Generation], Time(ms), 50
[TOTAL_GC_TIME_%_G1_Young_Generation], Time(%), 0.24996250562415637
[TOTAL_GCS_G1_Old_Generation], Count, 0
[TOTAL_GC_TIME_G1_Old_Generation], Time(ms), 0
[TOTAL_GC_TIME_%_G1_Old_Generation], Time(%), 0.0
[TOTAL_GCs], Count, 12
[TOTAL_GC_TIME], Time(ms), 50
[TOTAL_GC_TIME_%], Time(%), 0.24996250562415637
[READ], Total Operations, 55994
[READ], Below is a summary of latency in microseconds:, -1
[READ], Average, 232.77174340107868
[READ], Min, 131
[READ], Max, 44351
[READ], p1, 150
[READ], p5, 155
[READ], p50, 196
[READ], p90, 402
[READ], p95, 445
[READ], p99, 577
[READ], p99.9, 1865
[READ], p99.99, 9475
[READ], Return=OK, 55994
[CLEANUP], Total Operations, 1
[CLEANUP], Below is a summary of latency in microseconds:, -1
[CLEANUP], Average, 1382.0
[CLEANUP], Min, 1382
[CLEANUP], Max, 1382
[CLEANUP], p1, 1382
[CLEANUP], p5, 1382
[CLEANUP], p50, 1382
[CLEANUP], p90, 1382
[CLEANUP], p95, 1382
[CLEANUP], p99, 1382
[CLEANUP], p99.9, 1382
[CLEANUP], p99.99, 1382
[UPDATE], Total Operations, 2941
[UPDATE], Below is a summary of latency in microseconds:, -1
[UPDATE], Average, 324.84665079904795
[UPDATE], Min, 190
[UPDATE], Max, 5947
[UPDATE], p1, 199
[UPDATE], p5, 210
[UPDATE], p50, 277
[UPDATE], p90, 498
[UPDATE], p95, 581
[UPDATE], p99, 811
[UPDATE], p99.9, 2397
[UPDATE], p99.99, 5947
[UPDATE], Return=OK, 2941

Command line: -t -db site.ycsb.db.MongoDbClient -s -P /home/runner/ycsb-mongodb-binding-0.17.0/workloads/workloadb -p mongodb.url=mongodb://127.0.0.1:27017/ycsb?w=1 -p measurementtype=raw -p measurement.raw.output_file=/home/runner/work/The-Omni-Compass/The-Omni-Compass/out/ycsb-b/rep-2/omni/notch-3.raw -p recordcount=750000 -p operationcount=1000000000 -p maxexecutiontime=20 -p target=3000 -p threads=32 -p insertstart=0 -p insertorder=ordered -p requestdistribution=uniform -p seed=100202
YCSB Client 0.17.0

Loading workload...
Starting test.
Maximum execution time specified as: 20 secs
2026-10-08 04:49:57:818 0 sec: 0 operations; est completion in 0 second 
DBWrapper: report latency for each error is false and specific error codes to track for latency are: []
2026-10-08 04:50:07:778 10 sec: 28933 operations; 2893.01 current ops/sec; est completion in 4 days READ count: 27508, average latency(us): 260.88 UPDATE count: 1428, average latency(us): 380.94 
Maximum time elapsed. Requesting stop for the workload.
Stop requested for workload. Now Joining!
2026-10-08 04:50:17:778 20 sec: 58933 operations; 3000.3 current ops/sec; est completion in 3 days 22 hours READ count: 28485, average latency(us): 205.62 UPDATE count: 1513, average latency(us): 271.90 
2026-10-08 04:50:17:780 20 sec: 58935 operations; 666.67 current ops/sec; est completion in 3 days 22 hours READ count: 1, average latency(us): 325.00 CLEANUP count: 1, average latency(us): 1382.00  


/opt/hostedtoolcache/Java_Temurin-Hotspot_jdk/17.0.20-1/x64/bin/java  -classpath /home/runner/ycsb-mongodb-binding-0.17.0/conf:/home/runner/ycsb-mongodb-binding-0.17.0/lib/HdrHistogram-2.1.4.jar:/home/runner/ycsb-mongodb-binding-0.17.0/lib/core-0.17.0.jar:/home/runner/ycsb-mongodb-binding-0.17.0/lib/htrace-core4-4.1.0-incubating.jar:/home/runner/ycsb-mongodb-binding-0.17.0/lib/jackson-core-asl-1.9.4.jar:/home/runner/ycsb-mongodb-binding-0.17.0/lib/jackson-mapper-asl-1.9.4.jar:/home/runner/ycsb-mongodb-binding-0.17.0/lib/logback-classic-1.1.2.jar:/home/runner/ycsb-mongodb-binding-0.17.0/lib/logback-core-1.1.2.jar:/home/runner/ycsb-mongodb-binding-0.17.0/lib/mongo-java-driver-3.8.0.jar:/home/runner/ycsb-mongodb-binding-0.17.0/lib/mongodb-async-driver-2.0.1.jar:/home/runner/ycsb-mongodb-binding-0.17.0/lib/mongodb-binding-0.17.0.jar:/home/runner/ycsb-mongodb-binding-0.17.0/lib/slf4j-api-1.7.25.jar:/home/runner/ycsb-mongodb-binding-0.17.0/lib/snappy-java-1.1.7.1.jar site.ycsb.Client -t -db site.ycsb.db.MongoDbClient -s -P /home/runner/ycsb-mongodb-binding-0.17.0/workloads/workloadb -p mongodb.url=mongodb://127.0.0.1:27017/ycsb?w=1 -p measurementtype=raw -p measurement.raw.output_file=/home/runner/work/The-Omni-Compass/The-Omni-Compass/out/ycsb-b/rep-2/omni/notch-4.raw -p recordcount=500000 -p operationcount=1000000000 -p maxexecutiontime=20 -p target=3000 -p threads=32 -p insertstart=0 -p insertorder=ordered -p requestdistribution=uniform -p seed=100203
mongo client connection created with mongodb://127.0.0.1:27017/ycsb?w=1
Raw data measurement: will output to result file: /home/runner/work/The-Omni-Compass/The-Omni-Compass/out/ycsb-b/rep-2/omni/notch-4.raw
Raw data measurement: will output to result file: /home/runner/work/The-Omni-Compass/The-Omni-Compass/out/ycsb-b/rep-2/omni/notch-4.raw
Raw data measurement: will output to result file: /home/runner/work/The-Omni-Compass/The-Omni-Compass/out/ycsb-b/rep-2/omni/notch-4.raw
[OVERALL], RunTime(ms), 20003
[OVERALL], Throughput(ops/sec), 2946.058091286307
[TOTAL_GCS_G1_Young_Generation], Count, 12
[TOTAL_GC_TIME_G1_Young_Generation], Time(ms), 51
[TOTAL_GC_TIME_%_G1_Young_Generation], Time(%), 0.2549617557366395
[TOTAL_GCS_G1_Old_Generation], Count, 0
[TOTAL_GC_TIME_G1_Old_Generation], Time(ms), 0
[TOTAL_GC_TIME_%_G1_Old_Generation], Time(%), 0.0
[TOTAL_GCs], Count, 12
[TOTAL_GC_TIME], Time(ms), 51
[TOTAL_GC_TIME_%], Time(%), 0.2549617557366395
[READ], Total Operations, 56026
[READ], Below is a summary of latency in microseconds:, -1
[READ], Average, 197.28183343447685
[READ], Min, 139
[READ], Max, 52262
[READ], p1, 150
[READ], p5, 153
[READ], p50, 184
[READ], p90, 238
[READ], p95, 262
[READ], p99, 400
[READ], p99.9, 1099
[READ], p99.99, 5029
[READ], Return=OK, 56026
[CLEANUP], Total Operations, 1
[CLEANUP], Below is a summary of latency in microseconds:, -1
[CLEANUP], Average, 1394.0
[CLEANUP], Min, 1394
[CLEANUP], Max, 1394
[CLEANUP], p1, 1394
[CLEANUP], p5, 1394
[CLEANUP], p50, 1394
[CLEANUP], p90, 1394
[CLEANUP], p95, 1394
[CLEANUP], p99, 1394
[CLEANUP], p99.9, 1394
[CLEANUP], p99.99, 1394
[UPDATE], Total Operations, 2904
[UPDATE], Below is a summary of latency in microseconds:, -1
[UPDATE], Average, 282.6952479338843
[UPDATE], Min, 191
[UPDATE], Max, 6058
[UPDATE], p1, 195
[UPDATE], p5, 203
[UPDATE], p50, 252
[UPDATE], p90, 385
[UPDATE], p95, 448
[UPDATE], p99, 601
[UPDATE], p99.9, 1952
[UPDATE], p99.99, 6058
[UPDATE], Return=OK, 2904

Command line: -t -db site.ycsb.db.MongoDbClient -s -P /home/runner/ycsb-mongodb-binding-0.17.0/workloads/workloadb -p mongodb.url=mongodb://127.0.0.1:27017/ycsb?w=1 -p measurementtype=raw -p measurement.raw.output_file=/home/runner/work/The-Omni-Compass/The-Omni-Compass/out/ycsb-b/rep-2/omni/notch-4.raw -p recordcount=500000 -p operationcount=1000000000 -p maxexecutiontime=20 -p target=3000 -p threads=32 -p insertstart=0 -p insertorder=ordered -p requestdistribution=uniform -p seed=100203
YCSB Client 0.17.0

Loading workload...
Starting test.
Maximum execution time specified as: 20 secs
2026-10-08 04:50:18:406 0 sec: 0 operations; est completion in 0 second 
DBWrapper: report latency for each error is false and specific error codes to track for latency are: []
2026-10-08 04:50:28:364 10 sec: 28928 operations; 2892.8 current ops/sec; est completion in 4 days READ count: 27512, average latency(us): 211.45 UPDATE count: 1418, average latency(us): 321.30 
Maximum time elapsed. Requesting stop for the workload.
Stop requested for workload. Now Joining!
2026-10-08 04:50:38:364 20 sec: 58928 operations; 3000 current ops/sec; est completion in 3 days 22 hours READ count: 28513, average latency(us): 183.61 UPDATE count: 1486, average latency(us): 245.85 
2026-10-08 04:50:38:366 20 sec: 58930 operations; 666.67 current ops/sec; est completion in 3 days 22 hours READ count: 1, average latency(us): 355.00 CLEANUP count: 1, average latency(us): 1394.00  


/opt/hostedtoolcache/Java_Temurin-Hotspot_jdk/17.0.20-1/x64/bin/java  -classpath /home/runner/ycsb-mongodb-binding-0.17.0/conf:/home/runner/ycsb-mongodb-binding-0.17.0/lib/HdrHistogram-2.1.4.jar:/home/runner/ycsb-mongodb-binding-0.17.0/lib/core-0.17.0.jar:/home/runner/ycsb-mongodb-binding-0.17.0/lib/htrace-core4-4.1.0-incubating.jar:/home/runner/ycsb-mongodb-binding-0.17.0/lib/jackson-core-asl-1.9.4.jar:/home/runner/ycsb-mongodb-binding-0.17.0/lib/jackson-mapper-asl-1.9.4.jar:/home/runner/ycsb-mongodb-binding-0.17.0/lib/logback-classic-1.1.2.jar:/home/runner/ycsb-mongodb-binding-0.17.0/lib/logback-core-1.1.2.jar:/home/runner/ycsb-mongodb-binding-0.17.0/lib/mongo-java-driver-3.8.0.jar:/home/runner/ycsb-mongodb-binding-0.17.0/lib/mongodb-async-driver-2.0.1.jar:/home/runner/ycsb-mongodb-binding-0.17.0/lib/mongodb-binding-0.17.0.jar:/home/runner/ycsb-mongodb-binding-0.17.0/lib/slf4j-api-1.7.25.jar:/home/runner/ycsb-mongodb-binding-0.17.0/lib/snappy-java-1.1.7.1.jar site.ycsb.Client -t -db site.ycsb.db.MongoDbClient -s -P /home/runner/ycsb-mongodb-binding-0.17.0/workloads/workloadb -p mongodb.url=mongodb://127.0.0.1:27017/ycsb?w=1 -p measurementtype=raw -p measurement.raw.output_file=/home/runner/work/The-Omni-Compass/The-Omni-Compass/out/ycsb-b/rep-2/omni/notch-5.raw -p recordcount=750000 -p operationcount=1000000000 -p maxexecutiontime=20 -p target=3000 -p threads=32 -p insertstart=0 -p insertorder=ordered -p requestdistribution=uniform -p seed=100204
mongo client connection created with mongodb://127.0.0.1:27017/ycsb?w=1
Raw data measurement: will output to result file: /home/runner/work/The-Omni-Compass/The-Omni-Compass/out/ycsb-b/rep-2/omni/notch-5.raw
Raw data measurement: will output to result file: /home/runner/work/The-Omni-Compass/The-Omni-Compass/out/ycsb-b/rep-2/omni/notch-5.raw
Raw data measurement: will output to result file: /home/runner/work/The-Omni-Compass/The-Omni-Compass/out/ycsb-b/rep-2/omni/notch-5.raw
[OVERALL], RunTime(ms), 20002
[OVERALL], Throughput(ops/sec), 2949.80501949805
[TOTAL_GCS_G1_Young_Generation], Count, 12
[TOTAL_GC_TIME_G1_Young_Generation], Time(ms), 48
[TOTAL_GC_TIME_%_G1_Young_Generation], Time(%), 0.23997600239976002
[TOTAL_GCS_G1_Old_Generation], Count, 0
[TOTAL_GC_TIME_G1_Old_Generation], Time(ms), 0
[TOTAL_GC_TIME_%_G1_Old_Generation], Time(%), 0.0
[TOTAL_GCs], Count, 12
[TOTAL_GC_TIME], Time(ms), 48
[TOTAL_GC_TIME_%], Time(%), 0.23997600239976002
[READ], Total Operations, 56012
[READ], Below is a summary of latency in microseconds:, -1
[READ], Average, 203.26451474683995
[READ], Min, 133
[READ], Max, 45610
[READ], p1, 149
[READ], p5, 153
[READ], p50, 189
[READ], p90, 240
[READ], p95, 281
[READ], p99, 482
[READ], p99.9, 1117
[READ], p99.99, 6233
[READ], Return=OK, 56012
[CLEANUP], Total Operations, 1
[CLEANUP], Below is a summary of latency in microseconds:, -1
[CLEANUP], Average, 1458.0
[CLEANUP], Min, 1458
[CLEANUP], Max, 1458
[CLEANUP], p1, 1458
[CLEANUP], p5, 1458
[CLEANUP], p50, 1458
[CLEANUP], p90, 1458
[CLEANUP], p95, 1458
[CLEANUP], p99, 1458
[CLEANUP], p99.9, 1458
[CLEANUP], p99.99, 1458
[UPDATE], Total Operations, 2990
[UPDATE], Below is a summary of latency in microseconds:, -1
[UPDATE], Average, 286.6441471571906
[UPDATE], Min, 189
[UPDATE], Max, 6749
[UPDATE], p1, 194
[UPDATE], p5, 204
[UPDATE], p50, 253
[UPDATE], p90, 407
[UPDATE], p95, 479
[UPDATE], p99, 628
[UPDATE], p99.9, 1206
[UPDATE], p99.99, 6749
[UPDATE], Return=OK, 2990

Command line: -t -db site.ycsb.db.MongoDbClient -s -P /home/runner/ycsb-mongodb-binding-0.17.0/workloads/workloadb -p mongodb.url=mongodb://127.0.0.1:27017/ycsb?w=1 -p measurementtype=raw -p measurement.raw.output_file=/home/runner/work/The-Omni-Compass/The-Omni-Compass/out/ycsb-b/rep-2/omni/notch-5.raw -p recordcount=750000 -p operationcount=1000000000 -p maxexecutiontime=20 -p target=3000 -p threads=32 -p insertstart=0 -p insertorder=ordered -p requestdistribution=uniform -p seed=100204
YCSB Client 0.17.0

Loading workload...
Starting test.
Maximum execution time specified as: 20 secs
2026-10-08 04:50:38:976 0 sec: 0 operations; est completion in 0 second 
DBWrapper: report latency for each error is false and specific error codes to track for latency are: []
2026-10-08 04:50:48:932 10 sec: 29001 operations; 2900.1 current ops/sec; est completion in 3 days 23 hours READ count: 27561, average latency(us): 217.82 UPDATE count: 1441, average latency(us): 335.78 
Maximum time elapsed. Requesting stop for the workload.
Stop requested for workload. Now Joining!
2026-10-08 04:50:58:932 20 sec: 59001 operations; 3000 current ops/sec; est completion in 3 days 22 hours READ count: 28450, average latency(us): 189.17 UPDATE count: 1549, average latency(us): 240.93 
2026-10-08 04:50:58:934 20 sec: 59002 operations; 500 current ops/sec; est completion in 3 days 22 hours READ count: 1, average latency(us): 218.00 CLEANUP count: 1, average latency(us): 1458.00  


/opt/hostedtoolcache/Java_Temurin-Hotspot_jdk/17.0.20-1/x64/bin/java  -classpath /home/runner/ycsb-mongodb-binding-0.17.0/conf:/home/runner/ycsb-mongodb-binding-0.17.0/lib/HdrHistogram-2.1.4.jar:/home/runner/ycsb-mongodb-binding-0.17.0/lib/core-0.17.0.jar:/home/runner/ycsb-mongodb-binding-0.17.0/lib/htrace-core4-4.1.0-incubating.jar:/home/runner/ycsb-mongodb-binding-0.17.0/lib/jackson-core-asl-1.9.4.jar:/home/runner/ycsb-mongodb-binding-0.17.0/lib/jackson-mapper-asl-1.9.4.jar:/home/runner/ycsb-mongodb-binding-0.17.0/lib/logback-classic-1.1.2.jar:/home/runner/ycsb-mongodb-binding-0.17.0/lib/logback-core-1.1.2.jar:/home/runner/ycsb-mongodb-binding-0.17.0/lib/mongo-java-driver-3.8.0.jar:/home/runner/ycsb-mongodb-binding-0.17.0/lib/mongodb-async-driver-2.0.1.jar:/home/runner/ycsb-mongodb-binding-0.17.0/lib/mongodb-binding-0.17.0.jar:/home/runner/ycsb-mongodb-binding-0.17.0/lib/slf4j-api-1.7.25.jar:/home/runner/ycsb-mongodb-binding-0.17.0/lib/snappy-java-1.1.7.1.jar site.ycsb.Client -t -db site.ycsb.db.MongoDbClient -s -P /home/runner/ycsb-mongodb-binding-0.17.0/workloads/workloadb -p mongodb.url=mongodb://127.0.0.1:27017/ycsb?w=1 -p measurementtype=raw -p measurement.raw.output_file=/home/runner/work/The-Omni-Compass/The-Omni-Compass/out/ycsb-b/rep-2/omni/notch-6.raw -p recordcount=1000000 -p operationcount=1000000000 -p maxexecutiontime=20 -p target=3000 -p threads=32 -p insertstart=0 -p insertorder=ordered -p requestdistribution=uniform -p seed=100205
mongo client connection created with mongodb://127.0.0.1:27017/ycsb?w=1
Raw data measurement: will output to result file: /home/runner/work/The-Omni-Compass/The-Omni-Compass/out/ycsb-b/rep-2/omni/notch-6.raw
Raw data measurement: will output to result file: /home/runner/work/The-Omni-Compass/The-Omni-Compass/out/ycsb-b/rep-2/omni/notch-6.raw
Raw data measurement: will output to result file: /home/runner/work/The-Omni-Compass/The-Omni-Compass/out/ycsb-b/rep-2/omni/notch-6.raw
[OVERALL], RunTime(ms), 20003
[OVERALL], Throughput(ops/sec), 2945.9581062840575
[TOTAL_GCS_G1_Young_Generation], Count, 12
[TOTAL_GC_TIME_G1_Young_Generation], Time(ms), 49
[TOTAL_GC_TIME_%_G1_Young_Generation], Time(%), 0.24496325551167322
[TOTAL_GCS_G1_Old_Generation], Count, 0
[TOTAL_GC_TIME_G1_Old_Generation], Time(ms), 0
[TOTAL_GC_TIME_%_G1_Old_Generation], Time(%), 0.0
[TOTAL_GCs], Count, 12
[TOTAL_GC_TIME], Time(ms), 49
[TOTAL_GC_TIME_%], Time(%), 0.24496325551167322
[READ], Total Operations, 55987
[READ], Below is a summary of latency in microseconds:, -1
[READ], Average, 230.40345080107883
[READ], Min, 139
[READ], Max, 50338
[READ], p1, 150
[READ], p5, 158
[READ], p50, 201
[READ], p90, 380
[READ], p95, 435
[READ], p99, 540
[READ], p99.9, 1541
[READ], p99.99, 8658
[READ], Return=OK, 55987
[CLEANUP], Total Operations, 1
[CLEANUP], Below is a summary of latency in microseconds:, -1
[CLEANUP], Average, 1665.0
[CLEANUP], Min, 1665
[CLEANUP], Max, 1665
[CLEANUP], p1, 1665
[CLEANUP], p5, 1665
[CLEANUP], p50, 1665
[CLEANUP], p90, 1665
[CLEANUP], p95, 1665
[CLEANUP], p99, 1665
[CLEANUP], p99.9, 1665
[CLEANUP], p99.99, 1665
[UPDATE], Total Operations, 2941
[UPDATE], Below is a summary of latency in microseconds:, -1
[UPDATE], Average, 306.39476368582115
[UPDATE], Min, 188
[UPDATE], Max, 6829
[UPDATE], p1, 201
[UPDATE], p5, 211
[UPDATE], p50, 265
[UPDATE], p90, 466
[UPDATE], p95, 532
[UPDATE], p99, 695
[UPDATE], p99.9, 2331
[UPDATE], p99.99, 6829
[UPDATE], Return=OK, 2941

Command line: -t -db site.ycsb.db.MongoDbClient -s -P /home/runner/ycsb-mongodb-binding-0.17.0/workloads/workloadb -p mongodb.url=mongodb://127.0.0.1:27017/ycsb?w=1 -p measurementtype=raw -p measurement.raw.output_file=/home/runner/work/The-Omni-Compass/The-Omni-Compass/out/ycsb-b/rep-2/omni/notch-6.raw -p recordcount=1000000 -p operationcount=1000000000 -p maxexecutiontime=20 -p target=3000 -p threads=32 -p insertstart=0 -p insertorder=ordered -p requestdistribution=uniform -p seed=100205
YCSB Client 0.17.0

Loading workload...
Starting test.
Maximum execution time specified as: 20 secs
2026-10-08 04:50:59:500 0 sec: 0 operations; est completion in 0 second 
DBWrapper: report latency for each error is false and specific error codes to track for latency are: []
2026-10-08 04:51:09:462 10 sec: 28927 operations; 2892.7 current ops/sec; est completion in 4 days READ count: 27453, average latency(us): 252.31 UPDATE count: 1477, average latency(us): 344.75 
Maximum time elapsed. Requesting stop for the workload.
Stop requested for workload. Now Joining!
2026-10-08 04:51:19:462 20 sec: 58927 operations; 3000 current ops/sec; est completion in 3 days 22 hours READ count: 28534, average latency(us): 209.33 UPDATE count: 1464, average latency(us): 267.70 
2026-10-08 04:51:19:464 20 sec: 58928 operations; 333.33 current ops/sec; est completion in 3 days 22 hours  CLEANUP count: 1, average latency(us): 1665.00  


/opt/hostedtoolcache/Java_Temurin-Hotspot_jdk/17.0.20-1/x64/bin/java  -classpath /home/runner/ycsb-mongodb-binding-0.17.0/conf:/home/runner/ycsb-mongodb-binding-0.17.0/lib/HdrHistogram-2.1.4.jar:/home/runner/ycsb-mongodb-binding-0.17.0/lib/core-0.17.0.jar:/home/runner/ycsb-mongodb-binding-0.17.0/lib/htrace-core4-4.1.0-incubating.jar:/home/runner/ycsb-mongodb-binding-0.17.0/lib/jackson-core-asl-1.9.4.jar:/home/runner/ycsb-mongodb-binding-0.17.0/lib/jackson-mapper-asl-1.9.4.jar:/home/runner/ycsb-mongodb-binding-0.17.0/lib/logback-classic-1.1.2.jar:/home/runner/ycsb-mongodb-binding-0.17.0/lib/logback-core-1.1.2.jar:/home/runner/ycsb-mongodb-binding-0.17.0/lib/mongo-java-driver-3.8.0.jar:/home/runner/ycsb-mongodb-binding-0.17.0/lib/mongodb-async-driver-2.0.1.jar:/home/runner/ycsb-mongodb-binding-0.17.0/lib/mongodb-binding-0.17.0.jar:/home/runner/ycsb-mongodb-binding-0.17.0/lib/slf4j-api-1.7.25.jar:/home/runner/ycsb-mongodb-binding-0.17.0/lib/snappy-java-1.1.7.1.jar site.ycsb.Client -t -db site.ycsb.db.MongoDbClient -s -P /home/runner/ycsb-mongodb-binding-0.17.0/workloads/workloadb -p mongodb.url=mongodb://127.0.0.1:27017/ycsb?w=1 -p measurementtype=raw -p measurement.raw.output_file=/home/runner/work/The-Omni-Compass/The-Omni-Compass/out/ycsb-b/rep-2/omni/notch-7.raw -p recordcount=1250000 -p operationcount=1000000000 -p maxexecutiontime=20 -p target=3000 -p threads=32 -p insertstart=0 -p insertorder=ordered -p requestdistribution=uniform -p seed=100206
mongo client connection created with mongodb://127.0.0.1:27017/ycsb?w=1
Raw data measurement: will output to result file: /home/runner/work/The-Omni-Compass/The-Omni-Compass/out/ycsb-b/rep-2/omni/notch-7.raw
Raw data measurement: will output to result file: /home/runner/work/The-Omni-Compass/The-Omni-Compass/out/ycsb-b/rep-2/omni/notch-7.raw
Raw data measurement: will output to result file: /home/runner/work/The-Omni-Compass/The-Omni-Compass/out/ycsb-b/rep-2/omni/notch-7.raw
[OVERALL], RunTime(ms), 20003
[OVERALL], Throughput(ops/sec), 2949.60755886617
[TOTAL_GCS_G1_Young_Generation], Count, 12
[TOTAL_GC_TIME_G1_Young_Generation], Time(ms), 51
[TOTAL_GC_TIME_%_G1_Young_Generation], Time(%), 0.2549617557366395
[TOTAL_GCS_G1_Old_Generation], Count, 0
[TOTAL_GC_TIME_G1_Old_Generation], Time(ms), 0
[TOTAL_GC_TIME_%_G1_Old_Generation], Time(%), 0.0
[TOTAL_GCs], Count, 12
[TOTAL_GC_TIME], Time(ms), 51
[TOTAL_GC_TIME_%], Time(%), 0.2549617557366395
[READ], Total Operations, 56035
[READ], Below is a summary of latency in microseconds:, -1
[READ], Average, 230.92838404568573
[READ], Min, 132
[READ], Max, 50277
[READ], p1, 152
[READ], p5, 160
[READ], p50, 202
[READ], p90, 390
[READ], p95, 437
[READ], p99, 560
[READ], p99.9, 1530
[READ], p99.99, 8197
[READ], Return=OK, 56035
[CLEANUP], Total Operations, 1
[CLEANUP], Below is a summary of latency in microseconds:, -1
[CLEANUP], Average, 1546.0
[CLEANUP], Min, 1546
[CLEANUP], Max, 1546
[CLEANUP], p1, 1546
[CLEANUP], p5, 1546
[CLEANUP], p50, 1546
[CLEANUP], p90, 1546
[CLEANUP], p95, 1546
[CLEANUP], p99, 1546
[CLEANUP], p99.9, 1546
[CLEANUP], p99.99, 1546
[UPDATE], Total Operations, 2966
[UPDATE], Below is a summary of latency in microseconds:, -1
[UPDATE], Average, 314.2815239379636
[UPDATE], Min, 189
[UPDATE], Max, 11011
[UPDATE], p1, 198
[UPDATE], p5, 209
[UPDATE], p50, 266
[UPDATE], p90, 475
[UPDATE], p95, 538
[UPDATE], p99, 769
[UPDATE], p99.9, 2681
[UPDATE], p99.99, 11011
[UPDATE], Return=OK, 2966

Command line: -t -db site.ycsb.db.MongoDbClient -s -P /home/runner/ycsb-mongodb-binding-0.17.0/workloads/workloadb -p mongodb.url=mongodb://127.0.0.1:27017/ycsb?w=1 -p measurementtype=raw -p measurement.raw.output_file=/home/runner/work/The-Omni-Compass/The-Omni-Compass/out/ycsb-b/rep-2/omni/notch-7.raw -p recordcount=1250000 -p operationcount=1000000000 -p maxexecutiontime=20 -p target=3000 -p threads=32 -p insertstart=0 -p insertorder=ordered -p requestdistribution=uniform -p seed=100206
YCSB Client 0.17.0

Loading workload...
Starting test.
Maximum execution time specified as: 20 secs
2026-10-08 04:51:20:077 0 sec: 0 operations; est completion in 0 second 
DBWrapper: report latency for each error is false and specific error codes to track for latency are: []
2026-10-08 04:51:30:034 10 sec: 28999 operations; 2899.9 current ops/sec; est completion in 3 days 23 hours READ count: 27539, average latency(us): 254.81 UPDATE count: 1463, average latency(us): 366.31 
Maximum time elapsed. Requesting stop for the workload.
Stop requested for workload. Now Joining!
2026-10-08 04:51:40:034 20 sec: 58999 operations; 3000 current ops/sec; est completion in 3 days 22 hours READ count: 28496, average latency(us): 207.85 UPDATE count: 1503, average latency(us): 263.64 
2026-10-08 04:51:40:036 20 sec: 59001 operations; 666.67 current ops/sec; est completion in 3 days 22 hours  CLEANUP count: 1, average latency(us): 1546.00  


/opt/hostedtoolcache/Java_Temurin-Hotspot_jdk/17.0.20-1/x64/bin/java  -classpath /home/runner/ycsb-mongodb-binding-0.17.0/conf:/home/runner/ycsb-mongodb-binding-0.17.0/lib/HdrHistogram-2.1.4.jar:/home/runner/ycsb-mongodb-binding-0.17.0/lib/core-0.17.0.jar:/home/runner/ycsb-mongodb-binding-0.17.0/lib/htrace-core4-4.1.0-incubating.jar:/home/runner/ycsb-mongodb-binding-0.17.0/lib/jackson-core-asl-1.9.4.jar:/home/runner/ycsb-mongodb-binding-0.17.0/lib/jackson-mapper-asl-1.9.4.jar:/home/runner/ycsb-mongodb-binding-0.17.0/lib/logback-classic-1.1.2.jar:/home/runner/ycsb-mongodb-binding-0.17.0/lib/logback-core-1.1.2.jar:/home/runner/ycsb-mongodb-binding-0.17.0/lib/mongo-java-driver-3.8.0.jar:/home/runner/ycsb-mongodb-binding-0.17.0/lib/mongodb-async-driver-2.0.1.jar:/home/runner/ycsb-mongodb-binding-0.17.0/lib/mongodb-binding-0.17.0.jar:/home/runner/ycsb-mongodb-binding-0.17.0/lib/slf4j-api-1.7.25.jar:/home/runner/ycsb-mongodb-binding-0.17.0/lib/snappy-java-1.1.7.1.jar site.ycsb.Client -t -db site.ycsb.db.MongoDbClient -s -P /home/runner/ycsb-mongodb-binding-0.17.0/workloads/workloadb -p mongodb.url=mongodb://127.0.0.1:27017/ycsb?w=1 -p measurementtype=raw -p measurement.raw.output_file=/home/runner/work/The-Omni-Compass/The-Omni-Compass/out/ycsb-b/rep-2/omni/notch-8.raw -p recordcount=1500000 -p operationcount=1000000000 -p maxexecutiontime=20 -p target=3000 -p threads=32 -p insertstart=0 -p insertorder=ordered -p requestdistribution=uniform -p seed=100207
mongo client connection created with mongodb://127.0.0.1:27017/ycsb?w=1
Raw data measurement: will output to result file: /home/runner/work/The-Omni-Compass/The-Omni-Compass/out/ycsb-b/rep-2/omni/notch-8.raw
Raw data measurement: will output to result file: /home/runner/work/The-Omni-Compass/The-Omni-Compass/out/ycsb-b/rep-2/omni/notch-8.raw
Raw data measurement: will output to result file: /home/runner/work/The-Omni-Compass/The-Omni-Compass/out/ycsb-b/rep-2/omni/notch-8.raw
[OVERALL], RunTime(ms), 20002
[OVERALL], Throughput(ops/sec), 2945.955404459554
[TOTAL_GCS_G1_Young_Generation], Count, 12
[TOTAL_GC_TIME_G1_Young_Generation], Time(ms), 49
[TOTAL_GC_TIME_%_G1_Young_Generation], Time(%), 0.24497550244975502
[TOTAL_GCS_G1_Old_Generation], Count, 0
[TOTAL_GC_TIME_G1_Old_Generation], Time(ms), 0
[TOTAL_GC_TIME_%_G1_Old_Generation], Time(%), 0.0
[TOTAL_GCs], Count, 12
[TOTAL_GC_TIME], Time(ms), 49
[TOTAL_GC_TIME_%], Time(%), 0.24497550244975502
[READ], Total Operations, 56085
[READ], Below is a summary of latency in microseconds:, -1
[READ], Average, 231.2995809931354
[READ], Min, 133
[READ], Max, 46756
[READ], p1, 151
[READ], p5, 160
[READ], p50, 200
[READ], p90, 390
[READ], p95, 435
[READ], p99, 548
[READ], p99.9, 1574
[READ], p99.99, 10865
[READ], Return=OK, 56085
[CLEANUP], Total Operations, 1
[CLEANUP], Below is a summary of latency in microseconds:, -1
[CLEANUP], Average, 1345.0
[CLEANUP], Min, 1345
[CLEANUP], Max, 1345
[CLEANUP], p1, 1345
[CLEANUP], p5, 1345
[CLEANUP], p50, 1345
[CLEANUP], p90, 1345
[CLEANUP], p95, 1345
[CLEANUP], p99, 1345
[CLEANUP], p99.9, 1345
[CLEANUP], p99.99, 1345
[UPDATE], Total Operations, 2840
[UPDATE], Below is a summary of latency in microseconds:, -1
[UPDATE], Average, 306.9137323943662
[UPDATE], Min, 189
[UPDATE], Max, 8994
[UPDATE], p1, 198
[UPDATE], p5, 208
[UPDATE], p50, 256
[UPDATE], p90, 473
[UPDATE], p95, 536
[UPDATE], p99, 742
[UPDATE], p99.9, 2180
[UPDATE], p99.99, 8994
[UPDATE], Return=OK, 2840

Command line: -t -db site.ycsb.db.MongoDbClient -s -P /home/runner/ycsb-mongodb-binding-0.17.0/workloads/workloadb -p mongodb.url=mongodb://127.0.0.1:27017/ycsb?w=1 -p measurementtype=raw -p measurement.raw.output_file=/home/runner/work/The-Omni-Compass/The-Omni-Compass/out/ycsb-b/rep-2/omni/notch-8.raw -p recordcount=1500000 -p operationcount=1000000000 -p maxexecutiontime=20 -p target=3000 -p threads=32 -p insertstart=0 -p insertorder=ordered -p requestdistribution=uniform -p seed=100207
YCSB Client 0.17.0

Loading workload...
Starting test.
Maximum execution time specified as: 20 secs
2026-10-08 04:51:40:659 0 sec: 0 operations; est completion in 0 second 
DBWrapper: report latency for each error is false and specific error codes to track for latency are: []
2026-10-08 04:51:50:613 10 sec: 28923 operations; 2892.3 current ops/sec; est completion in 4 days READ count: 27534, average latency(us): 248.91 UPDATE count: 1391, average latency(us): 352.27 
Maximum time elapsed. Requesting stop for the workload.
Stop requested for workload. Now Joining!
2026-10-08 04:52:00:613 20 sec: 58923 operations; 3000 current ops/sec; est completion in 3 days 22 hours READ count: 28549, average latency(us): 214.30 UPDATE count: 1449, average latency(us): 263.37 
2026-10-08 04:52:00:616 20 sec: 58925 operations; 1000 current ops/sec; est completion in 3 days 22 hours READ count: 2, average latency(us): 448.50 CLEANUP count: 1, average latency(us): 1345.00  


/opt/hostedtoolcache/Java_Temurin-Hotspot_jdk/17.0.20-1/x64/bin/java  -classpath /home/runner/ycsb-mongodb-binding-0.17.0/conf:/home/runner/ycsb-mongodb-binding-0.17.0/lib/HdrHistogram-2.1.4.jar:/home/runner/ycsb-mongodb-binding-0.17.0/lib/core-0.17.0.jar:/home/runner/ycsb-mongodb-binding-0.17.0/lib/htrace-core4-4.1.0-incubating.jar:/home/runner/ycsb-mongodb-binding-0.17.0/lib/jackson-core-asl-1.9.4.jar:/home/runner/ycsb-mongodb-binding-0.17.0/lib/jackson-mapper-asl-1.9.4.jar:/home/runner/ycsb-mongodb-binding-0.17.0/lib/logback-classic-1.1.2.jar:/home/runner/ycsb-mongodb-binding-0.17.0/lib/logback-core-1.1.2.jar:/home/runner/ycsb-mongodb-binding-0.17.0/lib/mongo-java-driver-3.8.0.jar:/home/runner/ycsb-mongodb-binding-0.17.0/lib/mongodb-async-driver-2.0.1.jar:/home/runner/ycsb-mongodb-binding-0.17.0/lib/mongodb-binding-0.17.0.jar:/home/runner/ycsb-mongodb-binding-0.17.0/lib/slf4j-api-1.7.25.jar:/home/runner/ycsb-mongodb-binding-0.17.0/lib/snappy-java-1.1.7.1.jar site.ycsb.Client -t -db site.ycsb.db.MongoDbClient -s -P /home/runner/ycsb-mongodb-binding-0.17.0/workloads/workloadb -p mongodb.url=mongodb://127.0.0.1:27017/ycsb?w=1 -p measurementtype=raw -p measurement.raw.output_file=/home/runner/work/The-Omni-Compass/The-Omni-Compass/out/ycsb-b/rep-2/omni/notch-9.raw -p recordcount=1250000 -p operationcount=1000000000 -p maxexecutiontime=20 -p target=3000 -p threads=32 -p insertstart=0 -p insertorder=ordered -p requestdistribution=uniform -p seed=100208
mongo client connection created with mongodb://127.0.0.1:27017/ycsb?w=1
Raw data measurement: will output to result file: /home/runner/work/The-Omni-Compass/The-Omni-Compass/out/ycsb-b/rep-2/omni/notch-9.raw
Raw data measurement: will output to result file: /home/runner/work/The-Omni-Compass/The-Omni-Compass/out/ycsb-b/rep-2/omni/notch-9.raw
Raw data measurement: will output to result file: /home/runner/work/The-Omni-Compass/The-Omni-Compass/out/ycsb-b/rep-2/omni/notch-9.raw
[OVERALL], RunTime(ms), 20003
[OVERALL], Throughput(ops/sec), 2949.7575363695446
[TOTAL_GCS_G1_Young_Generation], Count, 12
[TOTAL_GC_TIME_G1_Young_Generation], Time(ms), 52
[TOTAL_GC_TIME_%_G1_Young_Generation], Time(%), 0.25996100584912263
[TOTAL_GCS_G1_Old_Generation], Count, 0
[TOTAL_GC_TIME_G1_Old_Generation], Time(ms), 0
[TOTAL_GC_TIME_%_G1_Old_Generation], Time(%), 0.0
[TOTAL_GCs], Count, 12
[TOTAL_GC_TIME], Time(ms), 52
[TOTAL_GC_TIME_%], Time(%), 0.25996100584912263
[READ], Total Operations, 56127
[READ], Below is a summary of latency in microseconds:, -1
[READ], Average, 207.1020008195699
[READ], Min, 139
[READ], Max, 53602
[READ], p1, 151
[READ], p5, 159
[READ], p50, 194
[READ], p90, 246
[READ], p95, 274
[READ], p99, 456
[READ], p99.9, 1033
[READ], p99.99, 5647
[READ], Return=OK, 56127
[CLEANUP], Total Operations, 1
[CLEANUP], Below is a summary of latency in microseconds:, -1
[CLEANUP], Average, 1272.0
[CLEANUP], Min, 1272
[CLEANUP], Max, 1272
[CLEANUP], p1, 1272
[CLEANUP], p5, 1272
[CLEANUP], p50, 1272
[CLEANUP], p90, 1272
[CLEANUP], p95, 1272
[CLEANUP], p99, 1272
[CLEANUP], p99.9, 1272
[CLEANUP], p99.99, 1272
[UPDATE], Total Operations, 2877
[UPDATE], Below is a summary of latency in microseconds:, -1
[UPDATE], Average, 289.0323253388947
[UPDATE], Min, 187
[UPDATE], Max, 6085
[UPDATE], p1, 198
[UPDATE], p5, 208
[UPDATE], p50, 260
[UPDATE], p90, 388
[UPDATE], p95, 455
[UPDATE], p99, 635
[UPDATE], p99.9, 1646
[UPDATE], p99.99, 6085
[UPDATE], Return=OK, 2877

Command line: -t -db site.ycsb.db.MongoDbClient -s -P /home/runner/ycsb-mongodb-binding-0.17.0/workloads/workloadb -p mongodb.url=mongodb://127.0.0.1:27017/ycsb?w=1 -p measurementtype=raw -p measurement.raw.output_file=/home/runner/work/The-Omni-Compass/The-Omni-Compass/out/ycsb-b/rep-2/omni/notch-9.raw -p recordcount=1250000 -p operationcount=1000000000 -p maxexecutiontime=20 -p target=3000 -p threads=32 -p insertstart=0 -p insertorder=ordered -p requestdistribution=uniform -p seed=100208
YCSB Client 0.17.0

Loading workload...
Starting test.
Maximum execution time specified as: 20 secs
2026-10-08 04:52:01:233 0 sec: 0 operations; est completion in 0 second 
DBWrapper: report latency for each error is false and specific error codes to track for latency are: []
2026-10-08 04:52:11:189 10 sec: 29001 operations; 2900.1 current ops/sec; est completion in 3 days 23 hours READ count: 27570, average latency(us): 223.21 UPDATE count: 1433, average latency(us): 331.79 
Maximum time elapsed. Requesting stop for the workload.
Stop requested for workload. Now Joining!
2026-10-08 04:52:21:189 20 sec: 59001 operations; 3000 current ops/sec; est completion in 3 days 22 hours READ count: 28555, average latency(us): 191.54 UPDATE count: 1444, average latency(us): 246.60 
2026-10-08 04:52:21:192 20 sec: 59004 operations; 1500 current ops/sec; est completion in 3 days 22 hours READ count: 2, average latency(us): 329.50 CLEANUP count: 1, average latency(us): 1272.00  


/opt/hostedtoolcache/Java_Temurin-Hotspot_jdk/17.0.20-1/x64/bin/java  -classpath /home/runner/ycsb-mongodb-binding-0.17.0/conf:/home/runner/ycsb-mongodb-binding-0.17.0/lib/HdrHistogram-2.1.4.jar:/home/runner/ycsb-mongodb-binding-0.17.0/lib/core-0.17.0.jar:/home/runner/ycsb-mongodb-binding-0.17.0/lib/htrace-core4-4.1.0-incubating.jar:/home/runner/ycsb-mongodb-binding-0.17.0/lib/jackson-core-asl-1.9.4.jar:/home/runner/ycsb-mongodb-binding-0.17.0/lib/jackson-mapper-asl-1.9.4.jar:/home/runner/ycsb-mongodb-binding-0.17.0/lib/logback-classic-1.1.2.jar:/home/runner/ycsb-mongodb-binding-0.17.0/lib/logback-core-1.1.2.jar:/home/runner/ycsb-mongodb-binding-0.17.0/lib/mongo-java-driver-3.8.0.jar:/home/runner/ycsb-mongodb-binding-0.17.0/lib/mongodb-async-driver-2.0.1.jar:/home/runner/ycsb-mongodb-binding-0.17.0/lib/mongodb-binding-0.17.0.jar:/home/runner/ycsb-mongodb-binding-0.17.0/lib/slf4j-api-1.7.25.jar:/home/runner/ycsb-mongodb-binding-0.17.0/lib/snappy-java-1.1.7.1.jar site.ycsb.Client -t -db site.ycsb.db.MongoDbClient -s -P /home/runner/ycsb-mongodb-binding-0.17.0/workloads/workloadb -p mongodb.url=mongodb://127.0.0.1:27017/ycsb?w=1 -p measurementtype=raw -p measurement.raw.output_file=/home/runner/work/The-Omni-Compass/The-Omni-Compass/out/ycsb-b/rep-2/omni/notch-10.raw -p recordcount=1000000 -p operationcount=1000000000 -p maxexecutiontime=20 -p target=3000 -p threads=32 -p insertstart=0 -p insertorder=ordered -p requestdistribution=uniform -p seed=100209
mongo client connection created with mongodb://127.0.0.1:27017/ycsb?w=1
Raw data measurement: will output to result file: /home/runner/work/The-Omni-Compass/The-Omni-Compass/out/ycsb-b/rep-2/omni/notch-10.raw
Raw data measurement: will output to result file: /home/runner/work/The-Omni-Compass/The-Omni-Compass/out/ycsb-b/rep-2/omni/notch-10.raw
Raw data measurement: will output to result file: /home/runner/work/The-Omni-Compass/The-Omni-Compass/out/ycsb-b/rep-2/omni/notch-10.raw
[OVERALL], RunTime(ms), 20003
[OVERALL], Throughput(ops/sec), 2945.4081887716843
[TOTAL_GCS_G1_Young_Generation], Count, 12
[TOTAL_GC_TIME_G1_Young_Generation], Time(ms), 52
[TOTAL_GC_TIME_%_G1_Young_Generation], Time(%), 0.25996100584912263
[TOTAL_GCS_G1_Old_Generation], Count, 0
[TOTAL_GC_TIME_G1_Old_Generation], Time(ms), 0
[TOTAL_GC_TIME_%_G1_Old_Generation], Time(%), 0.0
[TOTAL_GCs], Count, 12
[TOTAL_GC_TIME], Time(ms), 52
[TOTAL_GC_TIME_%], Time(%), 0.25996100584912263
[READ], Total Operations, 55993
[READ], Below is a summary of latency in microseconds:, -1
[READ], Average, 200.1769864090154
[READ], Min, 140
[READ], Max, 52182
[READ], p1, 151
[READ], p5, 157
[READ], p50, 190
[READ], p90, 239
[READ], p95, 264
[READ], p99, 409
[READ], p99.9, 1069
[READ], p99.99, 4390
[READ], Return=OK, 55993
[CLEANUP], Total Operations, 1
[CLEANUP], Below is a summary of latency in microseconds:, -1
[CLEANUP], Average, 1201.0
[CLEANUP], Min, 1201
[CLEANUP], Max, 1201
[CLEANUP], p1, 1201
[CLEANUP], p5, 1201
[CLEANUP], p50, 1201
[CLEANUP], p90, 1201
[CLEANUP], p95, 1201
[CLEANUP], p99, 1201
[CLEANUP], p99.9, 1201
[CLEANUP], p99.99, 1201
[UPDATE], Total Operations, 2924
[UPDATE], Below is a summary of latency in microseconds:, -1
[UPDATE], Average, 284.68980848153217
[UPDATE], Min, 188
[UPDATE], Max, 6312
[UPDATE], p1, 198
[UPDATE], p5, 208
[UPDATE], p50, 257
[UPDATE], p90, 379
[UPDATE], p95, 451
[UPDATE], p99, 579
[UPDATE], p99.9, 2111
[UPDATE], p99.99, 6312
[UPDATE], Return=OK, 2924

Command line: -t -db site.ycsb.db.MongoDbClient -s -P /home/runner/ycsb-mongodb-binding-0.17.0/workloads/workloadb -p mongodb.url=mongodb://127.0.0.1:27017/ycsb?w=1 -p measurementtype=raw -p measurement.raw.output_file=/home/runner/work/The-Omni-Compass/The-Omni-Compass/out/ycsb-b/rep-2/omni/notch-10.raw -p recordcount=1000000 -p operationcount=1000000000 -p maxexecutiontime=20 -p target=3000 -p threads=32 -p insertstart=0 -p insertorder=ordered -p requestdistribution=uniform -p seed=100209
YCSB Client 0.17.0

Loading workload...
Starting test.
Maximum execution time specified as: 20 secs
2026-10-08 04:52:21:795 0 sec: 0 operations; est completion in 0 second 
DBWrapper: report latency for each error is false and specific error codes to track for latency are: []
2026-10-08 04:52:31:753 10 sec: 28915 operations; 2891.5 current ops/sec; est completion in 4 days READ count: 27443, average latency(us): 215.33 UPDATE count: 1472, average latency(us): 320.18 
Maximum time elapsed. Requesting stop for the workload.
Stop requested for workload. Now Joining!
2026-10-08 04:52:41:753 20 sec: 58914 operations; 2999.9 current ops/sec; est completion in 3 days 22 hours READ count: 28548, average latency(us): 185.61 UPDATE count: 1452, average latency(us): 248.71 
2026-10-08 04:52:41:755 20 sec: 58917 operations; 1000 current ops/sec; est completion in 3 days 22 hours READ count: 2, average latency(us): 280.00 CLEANUP count: 1, average latency(us): 1201.00  


/opt/hostedtoolcache/Java_Temurin-Hotspot_jdk/17.0.20-1/x64/bin/java  -classpath /home/runner/ycsb-mongodb-binding-0.17.0/conf:/home/runner/ycsb-mongodb-binding-0.17.0/lib/HdrHistogram-2.1.4.jar:/home/runner/ycsb-mongodb-binding-0.17.0/lib/core-0.17.0.jar:/home/runner/ycsb-mongodb-binding-0.17.0/lib/htrace-core4-4.1.0-incubating.jar:/home/runner/ycsb-mongodb-binding-0.17.0/lib/jackson-core-asl-1.9.4.jar:/home/runner/ycsb-mongodb-binding-0.17.0/lib/jackson-mapper-asl-1.9.4.jar:/home/runner/ycsb-mongodb-binding-0.17.0/lib/logback-classic-1.1.2.jar:/home/runner/ycsb-mongodb-binding-0.17.0/lib/logback-core-1.1.2.jar:/home/runner/ycsb-mongodb-binding-0.17.0/lib/mongo-java-driver-3.8.0.jar:/home/runner/ycsb-mongodb-binding-0.17.0/lib/mongodb-async-driver-2.0.1.jar:/home/runner/ycsb-mongodb-binding-0.17.0/lib/mongodb-binding-0.17.0.jar:/home/runner/ycsb-mongodb-binding-0.17.0/lib/slf4j-api-1.7.25.jar:/home/runner/ycsb-mongodb-binding-0.17.0/lib/snappy-java-1.1.7.1.jar site.ycsb.Client -t -db site.ycsb.db.MongoDbClient -s -P /home/runner/ycsb-mongodb-binding-0.17.0/workloads/workloadb -p mongodb.url=mongodb://127.0.0.1:27017/ycsb?w=1 -p measurementtype=raw -p measurement.raw.output_file=/home/runner/work/The-Omni-Compass/The-Omni-Compass/out/ycsb-b/rep-2/omni/notch-11.raw -p recordcount=750000 -p operationcount=1000000000 -p maxexecutiontime=20 -p target=3000 -p threads=32 -p insertstart=0 -p insertorder=ordered -p requestdistribution=uniform -p seed=100210
mongo client connection created with mongodb://127.0.0.1:27017/ycsb?w=1
Raw data measurement: will output to result file: /home/runner/work/The-Omni-Compass/The-Omni-Compass/out/ycsb-b/rep-2/omni/notch-11.raw
Raw data measurement: will output to result file: /home/runner/work/The-Omni-Compass/The-Omni-Compass/out/ycsb-b/rep-2/omni/notch-11.raw
Raw data measurement: will output to result file: /home/runner/work/The-Omni-Compass/The-Omni-Compass/out/ycsb-b/rep-2/omni/notch-11.raw
[OVERALL], RunTime(ms), 20003
[OVERALL], Throughput(ops/sec), 2946.907963805429
[TOTAL_GCS_G1_Young_Generation], Count, 12
[TOTAL_GC_TIME_G1_Young_Generation], Time(ms), 53
[TOTAL_GC_TIME_%_G1_Young_Generation], Time(%), 0.2649602559616058
[TOTAL_GCS_G1_Old_Generation], Count, 0
[TOTAL_GC_TIME_G1_Old_Generation], Time(ms), 0
[TOTAL_GC_TIME_%_G1_Old_Generation], Time(%), 0.0
[TOTAL_GCs], Count, 12
[TOTAL_GC_TIME], Time(ms), 53
[TOTAL_GC_TIME_%], Time(%), 0.2649602559616058
[READ], Total Operations, 56069
[READ], Below is a summary of latency in microseconds:, -1
[READ], Average, 207.04501596247482
[READ], Min, 142
[READ], Max, 56406
[READ], p1, 151
[READ], p5, 157
[READ], p50, 200
[READ], p90, 244
[READ], p95, 265
[READ], p99, 389
[READ], p99.9, 1002
[READ], p99.99, 5425
[READ], Return=OK, 56069
[CLEANUP], Total Operations, 1
[CLEANUP], Below is a summary of latency in microseconds:, -1
[CLEANUP], Average, 1452.0
[CLEANUP], Min, 1452
[CLEANUP], Max, 1452
[CLEANUP], p1, 1452
[CLEANUP], p5, 1452
[CLEANUP], p50, 1452
[CLEANUP], p90, 1452
[CLEANUP], p95, 1452
[CLEANUP], p99, 1452
[CLEANUP], p99.9, 1452
[CLEANUP], p99.99, 1452
[UPDATE], Total Operations, 2878
[UPDATE], Below is a summary of latency in microseconds:, -1
[UPDATE], Average, 291.72063933287006
[UPDATE], Min, 187
[UPDATE], Max, 5633
[UPDATE], p1, 199
[UPDATE], p5, 211
[UPDATE], p50, 268
[UPDATE], p90, 380
[UPDATE], p95, 442
[UPDATE], p99, 590
[UPDATE], p99.9, 1478
[UPDATE], p99.99, 5633
[UPDATE], Return=OK, 2878

Command line: -t -db site.ycsb.db.MongoDbClient -s -P /home/runner/ycsb-mongodb-binding-0.17.0/workloads/workloadb -p mongodb.url=mongodb://127.0.0.1:27017/ycsb?w=1 -p measurementtype=raw -p measurement.raw.output_file=/home/runner/work/The-Omni-Compass/The-Omni-Compass/out/ycsb-b/rep-2/omni/notch-11.raw -p recordcount=750000 -p operationcount=1000000000 -p maxexecutiontime=20 -p target=3000 -p threads=32 -p insertstart=0 -p insertorder=ordered -p requestdistribution=uniform -p seed=100210
YCSB Client 0.17.0

Loading workload...
Starting test.
Maximum execution time specified as: 20 secs
2026-10-08 04:52:42:348 0 sec: 0 operations; est completion in 0 second 
DBWrapper: report latency for each error is false and specific error codes to track for latency are: []
2026-10-08 04:52:52:304 10 sec: 28946 operations; 2894.6 current ops/sec; est completion in 3 days 23 hours READ count: 27500, average latency(us): 220.38 UPDATE count: 1448, average latency(us): 328.62 
Maximum time elapsed. Requesting stop for the workload.
Stop requested for workload. Now Joining!
2026-10-08 04:53:02:304 20 sec: 58945 operations; 2999.9 current ops/sec; est completion in 3 days 22 hours READ count: 28568, average latency(us): 194.20 UPDATE count: 1430, average latency(us): 254.36 
2026-10-08 04:53:02:306 20 sec: 58947 operations; 666.67 current ops/sec; est completion in 3 days 22 hours READ count: 1, average latency(us): 437.00 CLEANUP count: 1, average latency(us): 1452.00  


/opt/hostedtoolcache/Java_Temurin-Hotspot_jdk/17.0.20-1/x64/bin/java  -classpath /home/runner/ycsb-mongodb-binding-0.17.0/conf:/home/runner/ycsb-mongodb-binding-0.17.0/lib/HdrHistogram-2.1.4.jar:/home/runner/ycsb-mongodb-binding-0.17.0/lib/core-0.17.0.jar:/home/runner/ycsb-mongodb-binding-0.17.0/lib/htrace-core4-4.1.0-incubating.jar:/home/runner/ycsb-mongodb-binding-0.17.0/lib/jackson-core-asl-1.9.4.jar:/home/runner/ycsb-mongodb-binding-0.17.0/lib/jackson-mapper-asl-1.9.4.jar:/home/runner/ycsb-mongodb-binding-0.17.0/lib/logback-classic-1.1.2.jar:/home/runner/ycsb-mongodb-binding-0.17.0/lib/logback-core-1.1.2.jar:/home/runner/ycsb-mongodb-binding-0.17.0/lib/mongo-java-driver-3.8.0.jar:/home/runner/ycsb-mongodb-binding-0.17.0/lib/mongodb-async-driver-2.0.1.jar:/home/runner/ycsb-mongodb-binding-0.17.0/lib/mongodb-binding-0.17.0.jar:/home/runner/ycsb-mongodb-binding-0.17.0/lib/slf4j-api-1.7.25.jar:/home/runner/ycsb-mongodb-binding-0.17.0/lib/snappy-java-1.1.7.1.jar site.ycsb.Client -t -db site.ycsb.db.MongoDbClient -s -P /home/runner/ycsb-mongodb-binding-0.17.0/workloads/workloadb -p mongodb.url=mongodb://127.0.0.1:27017/ycsb?w=1 -p measurementtype=raw -p measurement.raw.output_file=/home/runner/work/The-Omni-Compass/The-Omni-Compass/out/ycsb-b/rep-2/omni/notch-12.raw -p recordcount=500000 -p operationcount=1000000000 -p maxexecutiontime=20 -p target=3000 -p threads=32 -p insertstart=0 -p insertorder=ordered -p requestdistribution=uniform -p seed=100211
mongo client connection created with mongodb://127.0.0.1:27017/ycsb?w=1
Raw data measurement: will output to result file: /home/runner/work/The-Omni-Compass/The-Omni-Compass/out/ycsb-b/rep-2/omni/notch-12.raw
Raw data measurement: will output to result file: /home/runner/work/The-Omni-Compass/The-Omni-Compass/out/ycsb-b/rep-2/omni/notch-12.raw
Raw data measurement: will output to result file: /home/runner/work/The-Omni-Compass/The-Omni-Compass/out/ycsb-b/rep-2/omni/notch-12.raw
[OVERALL], RunTime(ms), 20005
[OVERALL], Throughput(ops/sec), 2947.913021744564
[TOTAL_GCS_G1_Young_Generation], Count, 12
[TOTAL_GC_TIME_G1_Young_Generation], Time(ms), 53
[TOTAL_GC_TIME_%_G1_Young_Generation], Time(%), 0.26493376655836043
[TOTAL_GCS_G1_Old_Generation], Count, 0
[TOTAL_GC_TIME_G1_Old_Generation], Time(ms), 0
[TOTAL_GC_TIME_%_G1_Old_Generation], Time(%), 0.0
[TOTAL_GCs], Count, 12
[TOTAL_GC_TIME], Time(ms), 53
[TOTAL_GC_TIME_%], Time(%), 0.26493376655836043
[READ], Total Operations, 55926
[READ], Below is a summary of latency in microseconds:, -1
[READ], Average, 200.39761470514608
[READ], Min, 138
[READ], Max, 51293
[READ], p1, 150
[READ], p5, 153
[READ], p50, 188
[READ], p90, 242
[READ], p95, 266
[READ], p99, 394
[READ], p99.9, 1136
[READ], p99.99, 3936
[READ], Return=OK, 55926
[CLEANUP], Total Operations, 1
[CLEANUP], Below is a summary of latency in microseconds:, -1
[CLEANUP], Average, 1261.0
[CLEANUP], Min, 1261
[CLEANUP], Max, 1261
[CLEANUP], p1, 1261
[CLEANUP], p5, 1261
[CLEANUP], p50, 1261
[CLEANUP], p90, 1261
[CLEANUP], p95, 1261
[CLEANUP], p99, 1261
[CLEANUP], p99.9, 1261
[CLEANUP], p99.99, 1261
[UPDATE], Total Operations, 3047
[UPDATE], Below is a summary of latency in microseconds:, -1
[UPDATE], Average, 286.1591729570069
[UPDATE], Min, 187
[UPDATE], Max, 5712
[UPDATE], p1, 196
[UPDATE], p5, 207
[UPDATE], p50, 259
[UPDATE], p90, 389
[UPDATE], p95, 455
[UPDATE], p99, 608
[UPDATE], p99.9, 1396
[UPDATE], p99.99, 5712
[UPDATE], Return=OK, 3047

Command line: -t -db site.ycsb.db.MongoDbClient -s -P /home/runner/ycsb-mongodb-binding-0.17.0/workloads/workloadb -p mongodb.url=mongodb://127.0.0.1:27017/ycsb?w=1 -p measurementtype=raw -p measurement.raw.output_file=/home/runner/work/The-Omni-Compass/The-Omni-Compass/out/ycsb-b/rep-2/omni/notch-12.raw -p recordcount=500000 -p operationcount=1000000000 -p maxexecutiontime=20 -p target=3000 -p threads=32 -p insertstart=0 -p insertorder=ordered -p requestdistribution=uniform -p seed=100211
YCSB Client 0.17.0

Loading workload...
Starting test.
Maximum execution time specified as: 20 secs
2026-10-08 04:53:02:921 0 sec: 0 operations; est completion in 0 second 
DBWrapper: report latency for each error is false and specific error codes to track for latency are: []
2026-10-08 04:53:12:876 10 sec: 28964 operations; 2896.4 current ops/sec; est completion in 3 days 23 hours READ count: 27486, average latency(us): 215.48 UPDATE count: 1479, average latency(us): 327.38 
2026-10-08 04:53:22:876 20 sec: 58963 operations; 2999.9 current ops/sec; est completion in 3 days 22 hours READ count: 28432, average latency(us): 185.81 UPDATE count: 1567, average latency(us): 247.29 
Maximum time elapsed. Requesting stop for the workload.
Stop requested for workload. Now Joining!
2026-10-08 04:53:22:881 20 sec: 58973 operations; 2000 current ops/sec; est completion in 3 days 22 hours READ count: 8, average latency(us): 206.38 CLEANUP count: 1, average latency(us): 1261.00 UPDATE count: 1, average latency(us): 225.00 


/opt/hostedtoolcache/Java_Temurin-Hotspot_jdk/17.0.20-1/x64/bin/java  -classpath /home/runner/ycsb-mongodb-binding-0.17.0/conf:/home/runner/ycsb-mongodb-binding-0.17.0/lib/HdrHistogram-2.1.4.jar:/home/runner/ycsb-mongodb-binding-0.17.0/lib/core-0.17.0.jar:/home/runner/ycsb-mongodb-binding-0.17.0/lib/htrace-core4-4.1.0-incubating.jar:/home/runner/ycsb-mongodb-binding-0.17.0/lib/jackson-core-asl-1.9.4.jar:/home/runner/ycsb-mongodb-binding-0.17.0/lib/jackson-mapper-asl-1.9.4.jar:/home/runner/ycsb-mongodb-binding-0.17.0/lib/logback-classic-1.1.2.jar:/home/runner/ycsb-mongodb-binding-0.17.0/lib/logback-core-1.1.2.jar:/home/runner/ycsb-mongodb-binding-0.17.0/lib/mongo-java-driver-3.8.0.jar:/home/runner/ycsb-mongodb-binding-0.17.0/lib/mongodb-async-driver-2.0.1.jar:/home/runner/ycsb-mongodb-binding-0.17.0/lib/mongodb-binding-0.17.0.jar:/home/runner/ycsb-mongodb-binding-0.17.0/lib/slf4j-api-1.7.25.jar:/home/runner/ycsb-mongodb-binding-0.17.0/lib/snappy-java-1.1.7.1.jar site.ycsb.Client -t -db site.ycsb.db.MongoDbClient -s -P /home/runner/ycsb-mongodb-binding-0.17.0/workloads/workloadb -p mongodb.url=mongodb://127.0.0.1:27017/ycsb?w=1 -p measurementtype=raw -p measurement.raw.output_file=/home/runner/work/The-Omni-Compass/The-Omni-Compass/out/ycsb-b/rep-2/omni/notch-13.raw -p recordcount=250000 -p operationcount=1000000000 -p maxexecutiontime=20 -p target=3000 -p threads=32 -p insertstart=0 -p insertorder=ordered -p requestdistribution=uniform -p seed=100212
mongo client connection created with mongodb://127.0.0.1:27017/ycsb?w=1
Raw data measurement: will output to result file: /home/runner/work/The-Omni-Compass/The-Omni-Compass/out/ycsb-b/rep-2/omni/notch-13.raw
Raw data measurement: will output to result file: /home/runner/work/The-Omni-Compass/The-Omni-Compass/out/ycsb-b/rep-2/omni/notch-13.raw
Raw data measurement: will output to result file: /home/runner/work/The-Omni-Compass/The-Omni-Compass/out/ycsb-b/rep-2/omni/notch-13.raw
[OVERALL], RunTime(ms), 20003
[OVERALL], Throughput(ops/sec), 2946.5080237964307
[TOTAL_GCS_G1_Young_Generation], Count, 12
[TOTAL_GC_TIME_G1_Young_Generation], Time(ms), 51
[TOTAL_GC_TIME_%_G1_Young_Generation], Time(%), 0.2549617557366395
[TOTAL_GCS_G1_Old_Generation], Count, 0
[TOTAL_GC_TIME_G1_Old_Generation], Time(ms), 0
[TOTAL_GC_TIME_%_G1_Old_Generation], Time(%), 0.0
[TOTAL_GCs], Count, 12
[TOTAL_GC_TIME], Time(ms), 51
[TOTAL_GC_TIME_%], Time(%), 0.2549617557366395
[READ], Total Operations, 55970
[READ], Below is a summary of latency in microseconds:, -1
[READ], Average, 194.8206717884581
[READ], Min, 138
[READ], Max, 48448
[READ], p1, 148
[READ], p5, 151
[READ], p50, 188
[READ], p90, 232
[READ], p95, 255
[READ], p99, 381
[READ], p99.9, 1094
[READ], p99.99, 4830
[READ], Return=OK, 55970
[CLEANUP], Total Operations, 1
[CLEANUP], Below is a summary of latency in microseconds:, -1
[CLEANUP], Average, 1495.0
[CLEANUP], Min, 1495
[CLEANUP], Max, 1495
[CLEANUP], p1, 1495
[CLEANUP], p5, 1495
[CLEANUP], p50, 1495
[CLEANUP], p90, 1495
[CLEANUP], p95, 1495
[CLEANUP], p99, 1495
[CLEANUP], p99.9, 1495
[CLEANUP], p99.99, 1495
[UPDATE], Total Operations, 2969
[UPDATE], Below is a summary of latency in microseconds:, -1
[UPDATE], Average, 287.1647019198383
[UPDATE], Min, 186
[UPDATE], Max, 7153
[UPDATE], p1, 191
[UPDATE], p5, 199
[UPDATE], p50, 259
[UPDATE], p90, 382
[UPDATE], p95, 444
[UPDATE], p99, 603
[UPDATE], p99.9, 1747
[UPDATE], p99.99, 7153
[UPDATE], Return=OK, 2969

Command line: -t -db site.ycsb.db.MongoDbClient -s -P /home/runner/ycsb-mongodb-binding-0.17.0/workloads/workloadb -p mongodb.url=mongodb://127.0.0.1:27017/ycsb?w=1 -p measurementtype=raw -p measurement.raw.output_file=/home/runner/work/The-Omni-Compass/The-Omni-Compass/out/ycsb-b/rep-2/omni/notch-13.raw -p recordcount=250000 -p operationcount=1000000000 -p maxexecutiontime=20 -p target=3000 -p threads=32 -p insertstart=0 -p insertorder=ordered -p requestdistribution=uniform -p seed=100212
YCSB Client 0.17.0

Loading workload...
Starting test.
Maximum execution time specified as: 20 secs
2026-10-08 04:53:23:506 0 sec: 0 operations; est completion in 0 second 
DBWrapper: report latency for each error is false and specific error codes to track for latency are: []
2026-10-08 04:53:33:462 10 sec: 28938 operations; 2893.8 current ops/sec; est completion in 3 days 23 hours READ count: 27492, average latency(us): 208.81 UPDATE count: 1448, average latency(us): 333.90 
Maximum time elapsed. Requesting stop for the workload.
Stop requested for workload. Now Joining!
2026-10-08 04:53:43:462 20 sec: 58938 operations; 3000 current ops/sec; est completion in 3 days 22 hours READ count: 28477, average latency(us): 181.30 UPDATE count: 1521, average latency(us): 242.68 
2026-10-08 04:53:43:465 20 sec: 58939 operations; 500 current ops/sec; est completion in 3 days 22 hours READ count: 1, average latency(us): 488.00 CLEANUP count: 1, average latency(us): 1495.00  


/opt/hostedtoolcache/Java_Temurin-Hotspot_jdk/17.0.20-1/x64/bin/java  -classpath /home/runner/ycsb-mongodb-binding-0.17.0/conf:/home/runner/ycsb-mongodb-binding-0.17.0/lib/HdrHistogram-2.1.4.jar:/home/runner/ycsb-mongodb-binding-0.17.0/lib/core-0.17.0.jar:/home/runner/ycsb-mongodb-binding-0.17.0/lib/htrace-core4-4.1.0-incubating.jar:/home/runner/ycsb-mongodb-binding-0.17.0/lib/jackson-core-asl-1.9.4.jar:/home/runner/ycsb-mongodb-binding-0.17.0/lib/jackson-mapper-asl-1.9.4.jar:/home/runner/ycsb-mongodb-binding-0.17.0/lib/logback-classic-1.1.2.jar:/home/runner/ycsb-mongodb-binding-0.17.0/lib/logback-core-1.1.2.jar:/home/runner/ycsb-mongodb-binding-0.17.0/lib/mongo-java-driver-3.8.0.jar:/home/runner/ycsb-mongodb-binding-0.17.0/lib/mongodb-async-driver-2.0.1.jar:/home/runner/ycsb-mongodb-binding-0.17.0/lib/mongodb-binding-0.17.0.jar:/home/runner/ycsb-mongodb-binding-0.17.0/lib/slf4j-api-1.7.25.jar:/home/runner/ycsb-mongodb-binding-0.17.0/lib/snappy-java-1.1.7.1.jar site.ycsb.Client -t -db site.ycsb.db.MongoDbClient -s -P /home/runner/ycsb-mongodb-binding-0.17.0/workloads/workloadb -p mongodb.url=mongodb://127.0.0.1:27017/ycsb?w=1 -p measurementtype=raw -p measurement.raw.output_file=/home/runner/work/The-Omni-Compass/The-Omni-Compass/out/ycsb-b/rep-2/omni/notch-14.raw -p recordcount=500000 -p operationcount=1000000000 -p maxexecutiontime=20 -p target=3000 -p threads=32 -p insertstart=0 -p insertorder=ordered -p requestdistribution=uniform -p seed=100213
mongo client connection created with mongodb://127.0.0.1:27017/ycsb?w=1
Raw data measurement: will output to result file: /home/runner/work/The-Omni-Compass/The-Omni-Compass/out/ycsb-b/rep-2/omni/notch-14.raw
Raw data measurement: will output to result file: /home/runner/work/The-Omni-Compass/The-Omni-Compass/out/ycsb-b/rep-2/omni/notch-14.raw
Raw data measurement: will output to result file: /home/runner/work/The-Omni-Compass/The-Omni-Compass/out/ycsb-b/rep-2/omni/notch-14.raw
[OVERALL], RunTime(ms), 20003
[OVERALL], Throughput(ops/sec), 2944.4583312503123
[TOTAL_GCS_G1_Young_Generation], Count, 12
[TOTAL_GC_TIME_G1_Young_Generation], Time(ms), 50
[TOTAL_GC_TIME_%_G1_Young_Generation], Time(%), 0.24996250562415637
[TOTAL_GCS_G1_Old_Generation], Count, 0
[TOTAL_GC_TIME_G1_Old_Generation], Time(ms), 0
[TOTAL_GC_TIME_%_G1_Old_Generation], Time(%), 0.0
[TOTAL_GCs], Count, 12
[TOTAL_GC_TIME], Time(ms), 50
[TOTAL_GC_TIME_%], Time(%), 0.24996250562415637
[READ], Total Operations, 55970
[READ], Below is a summary of latency in microseconds:, -1
[READ], Average, 197.79406825084868
[READ], Min, 132
[READ], Max, 44468
[READ], p1, 149
[READ], p5, 153
[READ], p50, 189
[READ], p90, 235
[READ], p95, 257
[READ], p99, 393
[READ], p99.9, 1177
[READ], p99.99, 4905
[READ], Return=OK, 55970
[CLEANUP], Total Operations, 1
[CLEANUP], Below is a summary of latency in microseconds:, -1
[CLEANUP], Average, 1515.0
[CLEANUP], Min, 1515
[CLEANUP], Max, 1515
[CLEANUP], p1, 1515
[CLEANUP], p5, 1515
[CLEANUP], p50, 1515
[CLEANUP], p90, 1515
[CLEANUP], p95, 1515
[CLEANUP], p99, 1515
[CLEANUP], p99.9, 1515
[CLEANUP], p99.99, 1515
[UPDATE], Total Operations, 2928
[UPDATE], Below is a summary of latency in microseconds:, -1
[UPDATE], Average, 284.0409836065574
[UPDATE], Min, 184
[UPDATE], Max, 8155
[UPDATE], p1, 194
[UPDATE], p5, 202
[UPDATE], p50, 255
[UPDATE], p90, 392
[UPDATE], p95, 451
[UPDATE], p99, 573
[UPDATE], p99.9, 1720
[UPDATE], p99.99, 8155
[UPDATE], Return=OK, 2928

Command line: -t -db site.ycsb.db.MongoDbClient -s -P /home/runner/ycsb-mongodb-binding-0.17.0/workloads/workloadb -p mongodb.url=mongodb://127.0.0.1:27017/ycsb?w=1 -p measurementtype=raw -p measurement.raw.output_file=/home/runner/work/The-Omni-Compass/The-Omni-Compass/out/ycsb-b/rep-2/omni/notch-14.raw -p recordcount=500000 -p operationcount=1000000000 -p maxexecutiontime=20 -p target=3000 -p threads=32 -p insertstart=0 -p insertorder=ordered -p requestdistribution=uniform -p seed=100213
YCSB Client 0.17.0

Loading workload...
Starting test.
Maximum execution time specified as: 20 secs
2026-10-08 04:53:44:059 0 sec: 0 operations; est completion in 0 second 
DBWrapper: report latency for each error is false and specific error codes to track for latency are: []
2026-10-08 04:53:54:019 10 sec: 28895 operations; 2889.21 current ops/sec; est completion in 4 days READ count: 27467, average latency(us): 212.83 UPDATE count: 1431, average latency(us): 329.69 
Maximum time elapsed. Requesting stop for the workload.
2026-10-08 04:54:04:019 20 sec: 58895 operations; 3000.3 current ops/sec; est completion in 3 days 22 hours READ count: 28501, average latency(us): 183.31 UPDATE count: 1497, average latency(us): 240.40 
Stop requested for workload. Now Joining!
2026-10-08 04:54:04:022 20 sec: 58898 operations; 1000 current ops/sec; est completion in 3 days 22 hours READ count: 2, average latency(us): 235.50 CLEANUP count: 1, average latency(us): 1515.00  


/opt/hostedtoolcache/Java_Temurin-Hotspot_jdk/17.0.20-1/x64/bin/java  -classpath /home/runner/ycsb-mongodb-binding-0.17.0/conf:/home/runner/ycsb-mongodb-binding-0.17.0/lib/HdrHistogram-2.1.4.jar:/home/runner/ycsb-mongodb-binding-0.17.0/lib/core-0.17.0.jar:/home/runner/ycsb-mongodb-binding-0.17.0/lib/htrace-core4-4.1.0-incubating.jar:/home/runner/ycsb-mongodb-binding-0.17.0/lib/jackson-core-asl-1.9.4.jar:/home/runner/ycsb-mongodb-binding-0.17.0/lib/jackson-mapper-asl-1.9.4.jar:/home/runner/ycsb-mongodb-binding-0.17.0/lib/logback-classic-1.1.2.jar:/home/runner/ycsb-mongodb-binding-0.17.0/lib/logback-core-1.1.2.jar:/home/runner/ycsb-mongodb-binding-0.17.0/lib/mongo-java-driver-3.8.0.jar:/home/runner/ycsb-mongodb-binding-0.17.0/lib/mongodb-async-driver-2.0.1.jar:/home/runner/ycsb-mongodb-binding-0.17.0/lib/mongodb-binding-0.17.0.jar:/home/runner/ycsb-mongodb-binding-0.17.0/lib/slf4j-api-1.7.25.jar:/home/runner/ycsb-mongodb-binding-0.17.0/lib/snappy-java-1.1.7.1.jar site.ycsb.Client -t -db site.ycsb.db.MongoDbClient -s -P /home/runner/ycsb-mongodb-binding-0.17.0/workloads/workloadb -p mongodb.url=mongodb://127.0.0.1:27017/ycsb?w=1 -p measurementtype=raw -p measurement.raw.output_file=/home/runner/work/The-Omni-Compass/The-Omni-Compass/out/ycsb-b/rep-2/omni/notch-15.raw -p recordcount=250000 -p operationcount=1000000000 -p maxexecutiontime=20 -p target=3000 -p threads=32 -p insertstart=0 -p insertorder=ordered -p requestdistribution=uniform -p seed=100214
mongo client connection created with mongodb://127.0.0.1:27017/ycsb?w=1
Raw data measurement: will output to result file: /home/runner/work/The-Omni-Compass/The-Omni-Compass/out/ycsb-b/rep-2/omni/notch-15.raw
Raw data measurement: will output to result file: /home/runner/work/The-Omni-Compass/The-Omni-Compass/out/ycsb-b/rep-2/omni/notch-15.raw
Raw data measurement: will output to result file: /home/runner/work/The-Omni-Compass/The-Omni-Compass/out/ycsb-b/rep-2/omni/notch-15.raw
[OVERALL], RunTime(ms), 20002
[OVERALL], Throughput(ops/sec), 2950.7549245075493
[TOTAL_GCS_G1_Young_Generation], Count, 12
[TOTAL_GC_TIME_G1_Young_Generation], Time(ms), 48
[TOTAL_GC_TIME_%_G1_Young_Generation], Time(%), 0.23997600239976002
[TOTAL_GCS_G1_Old_Generation], Count, 0
[TOTAL_GC_TIME_G1_Old_Generation], Time(ms), 0
[TOTAL_GC_TIME_%_G1_Old_Generation], Time(%), 0.0
[TOTAL_GCs], Count, 12
[TOTAL_GC_TIME], Time(ms), 48
[TOTAL_GC_TIME_%], Time(%), 0.23997600239976002
[READ], Total Operations, 55984
[READ], Below is a summary of latency in microseconds:, -1
[READ], Average, 195.34049014004
[READ], Min, 127
[READ], Max, 51939
[READ], p1, 148
[READ], p5, 151
[READ], p50, 186
[READ], p90, 239
[READ], p95, 261
[READ], p99, 390
[READ], p99.9, 980
[READ], p99.99, 4877
[READ], Return=OK, 55984
[CLEANUP], Total Operations, 1
[CLEANUP], Below is a summary of latency in microseconds:, -1
[CLEANUP], Average, 1431.0
[CLEANUP], Min, 1431
[CLEANUP], Max, 1431
[CLEANUP], p1, 1431
[CLEANUP], p5, 1431
[CLEANUP], p50, 1431
[CLEANUP], p90, 1431
[CLEANUP], p95, 1431
[CLEANUP], p99, 1431
[CLEANUP], p99.9, 1431
[CLEANUP], p99.99, 1431
[UPDATE], Total Operations, 3037
[UPDATE], Below is a summary of latency in microseconds:, -1
[UPDATE], Average, 278.40105367138625
[UPDATE], Min, 187
[UPDATE], Max, 5574
[UPDATE], p1, 191
[UPDATE], p5, 196
[UPDATE], p50, 248
[UPDATE], p90, 389
[UPDATE], p95, 453
[UPDATE], p99, 609
[UPDATE], p99.9, 1973
[UPDATE], p99.99, 5574
[UPDATE], Return=OK, 3037

Command line: -t -db site.ycsb.db.MongoDbClient -s -P /home/runner/ycsb-mongodb-binding-0.17.0/workloads/workloadb -p mongodb.url=mongodb://127.0.0.1:27017/ycsb?w=1 -p measurementtype=raw -p measurement.raw.output_file=/home/runner/work/The-Omni-Compass/The-Omni-Compass/out/ycsb-b/rep-2/omni/notch-15.raw -p recordcount=250000 -p operationcount=1000000000 -p maxexecutiontime=20 -p target=3000 -p threads=32 -p insertstart=0 -p insertorder=ordered -p requestdistribution=uniform -p seed=100214
YCSB Client 0.17.0

Loading workload...
Starting test.
Maximum execution time specified as: 20 secs
2026-10-08 04:54:04:658 0 sec: 0 operations; est completion in 0 second 
DBWrapper: report latency for each error is false and specific error codes to track for latency are: []
2026-10-08 04:54:14:617 10 sec: 29020 operations; 2902 current ops/sec; est completion in 3 days 23 hours READ count: 27606, average latency(us): 214.26 UPDATE count: 1415, average latency(us): 332.21 
Maximum time elapsed. Requesting stop for the workload.
Stop requested for workload. Now Joining!
2026-10-08 04:54:24:617 20 sec: 59019 operations; 2999.9 current ops/sec; est completion in 3 days 22 hours READ count: 28378, average latency(us): 176.94 UPDATE count: 1622, average latency(us): 231.46 
2026-10-08 04:54:24:620 20 sec: 59021 operations; 1000 current ops/sec; est completion in 3 days 22 hours  CLEANUP count: 1, average latency(us): 1431.00  
