sysbench 1.0.20 (using system LuaJIT 2.1.0-beta3)

Running the test with following options:
Number of threads: 32
Target transaction rate: 300/sec
Initializing random number generator from current time


Initializing worker threads...

Threads started!

Latency histogram (values are in milliseconds)
       value  ------------- distribution ------------- count
       1.996 |                                         1
       2.069 |                                         2
       2.106 |**                                       21
       2.145 |*********                                79
       2.184 |******************                       148
       2.223 |********************                     171
       2.264 |*****************                        142
       2.305 |***************                          123
       2.347 |*************                            107
       2.389 |*************                            111
       2.433 |*************                            106
       2.477 |***************                          123
       2.522 |**************                           122
       2.568 |******************                       153
       2.615 |************************                 200
       2.662 |************************************     308
       2.710 |**************************************** 338
       2.760 |**************************************** 335
       2.810 |*********************************        280
       2.861 |**************************************** 335
       2.913 |**************************************   318
       2.966 |*********************************        276
       3.020 |******************************           250
       3.075 |***************************              229
       3.130 |*********************                    181
       3.187 |*****************                        141
       3.245 |****************                         131
       3.304 |************                             99
       3.364 |***********                              89
       3.425 |************                             98
       3.488 |********                                 71
       3.551 |********                                 69
       3.615 |*******                                  63
       3.681 |********                                 64
       3.748 |*********                                77
       3.816 |******                                   47
       3.885 |****                                     38
       3.956 |*****                                    44
       4.028 |*****                                    42
       4.101 |*****                                    45
       4.176 |******                                   50
       4.252 |***                                      25
       4.329 |**                                       18
       4.407 |**                                       18
       4.487 |****                                     34
       4.569 |***                                      22
       4.652 |***                                      27
       4.737 |****                                     31
       4.823 |**                                       16
       4.910 |***                                      23
       4.999 |*                                        11
       5.090 |**                                       18
       5.183 |**                                       13
       5.277 |**                                       13
       5.373 |*                                        12
       5.470 |*                                        10
       5.570 |**                                       14
       5.671 |*                                        10
       5.774 |*                                        9
       5.879 |                                         3
       5.986 |*                                        7
       6.095 |                                         2
       6.205 |*                                        6
       6.318 |                                         3
       6.433 |*                                        8
       6.550 |                                         1
       6.669 |                                         2
       6.790 |                                         1
       6.913 |                                         3
       7.039 |                                         1
       7.167 |                                         2
       7.297 |                                         2
       8.130 |                                         1
       8.895 |                                         1
       9.222 |                                         1
       9.560 |                                         1
 
SQL statistics:
    queries performed:
        read:                            83944
        write:                           0
        other:                           11992
        total:                           95936
    transactions:                        5996   (299.50 per sec.)
    queries:                             95936  (4791.94 per sec.)
    ignored errors:                      0      (0.00 per sec.)
    reconnects:                          0      (0.00 per sec.)

General statistics:
    total time:                          20.0198s
    total number of events:              5996

Latency (ms):
         min:                                    2.01
         avg:                                    3.01
         max:                                    9.54
         95th percentile:                        4.49
         sum:                                18018.32

Threads fairness:
    events (avg/stddev):           187.3750/1.41
    execution time (avg/stddev):   0.5631/0.01


