sysbench 1.0.20 (using system LuaJIT 2.1.0-beta3)

Running the test with following options:
Number of threads: 32
Target transaction rate: 3000/sec
Initializing random number generator from current time


Initializing worker threads...

Threads started!

Latency histogram (values are in milliseconds)
       value  ------------- distribution ------------- count
       0.054 |                                         2
       0.055 |                                         3
       0.056 |                                         3
       0.057 |                                         4
       0.059 |                                         2
       0.060 |                                         5
       0.061 |                                         6
       0.062 |                                         10
       0.063 |                                         7
       0.064 |                                         21
       0.065 |                                         18
       0.066 |                                         25
       0.068 |*                                        49
       0.069 |**                                       94
       0.070 |**                                       138
       0.071 |*****                                    262
       0.073 |********                                 457
       0.074 |***********                              643
       0.075 |***************                          854
       0.077 |*******************                      1056
       0.078 |*********************                    1195
       0.079 |************************                 1371
       0.081 |****************************             1593
       0.082 |*****************************            1655
       0.084 |*********************************        1836
       0.085 |************************************     2002
       0.087 |************************************     2011
       0.089 |***************************************  2175
       0.090 |**************************************** 2245
       0.092 |***************************************  2163
       0.093 |**************************************   2151
       0.095 |*************************************    2083
       0.097 |**********************************       1892
       0.099 |********************************         1776
       0.100 |******************************           1676
       0.102 |****************************             1548
       0.104 |*************************                1391
       0.106 |**********************                   1255
       0.108 |**********************                   1215
       0.110 |*******************                      1063
       0.112 |*******************                      1058
       0.114 |****************                         908
       0.116 |**************                           811
       0.118 |**************                           805
       0.120 |*************                            756
       0.122 |*************                            722
       0.125 |************                             655
       0.127 |***********                              607
       0.129 |**********                               534
       0.132 |*********                                525
       0.134 |**********                               553
       0.136 |*********                                493
       0.139 |********                                 472
       0.141 |********                                 464
       0.144 |********                                 449
       0.147 |*******                                  377
       0.149 |******                                   327
       0.152 |*****                                    305
       0.155 |******                                   309
       0.158 |****                                     247
       0.160 |****                                     234
       0.163 |***                                      184
       0.166 |***                                      177
       0.169 |**                                       132
       0.172 |**                                       110
       0.176 |**                                       100
       0.179 |*                                        70
       0.182 |*                                        48
       0.185 |*                                        49
       0.189 |*                                        40
       0.192 |*                                        45
       0.196 |                                         22
       0.199 |                                         26
       0.203 |                                         20
       0.206 |                                         16
       0.210 |                                         13
       0.214 |                                         15
       0.218 |                                         6
       0.222 |                                         5
       0.226 |                                         3
       0.230 |                                         6
       0.234 |                                         12
       0.238 |                                         9
       0.243 |                                         13
       0.247 |                                         14
       0.252 |*                                        33
       0.256 |*                                        50
       0.261 |*                                        63
       0.266 |**                                       117
       0.270 |***                                      145
       0.275 |****                                     206
       0.280 |*****                                    295
       0.285 |******                                   345
       0.291 |********                                 438
       0.296 |*********                                507
       0.301 |**********                               564
       0.307 |**********                               543
       0.312 |**********                               576
       0.318 |***********                              599
       0.324 |**********                               585
       0.330 |**********                               546
       0.336 |**********                               534
       0.342 |********                                 455
       0.348 |******                                   362
       0.354 |******                                   342
       0.361 |******                                   324
       0.367 |****                                     245
       0.374 |****                                     208
       0.381 |***                                      187
       0.388 |**                                       133
       0.395 |**                                       139
       0.402 |**                                       108
       0.409 |**                                       102
       0.417 |*                                        83
       0.424 |*                                        58
       0.432 |*                                        58
       0.440 |*                                        34
       0.448 |*                                        38
       0.456 |*                                        34
       0.464 |*                                        35
       0.473 |                                         27
       0.481 |                                         18
       0.490 |                                         14
       0.499 |                                         16
       0.508 |                                         19
       0.517 |                                         18
       0.527 |                                         16
       0.536 |                                         25
       0.546 |                                         15
       0.556 |                                         21
       0.566 |                                         17
       0.576 |                                         25
       0.587 |                                         20
       0.597 |                                         11
       0.608 |                                         18
       0.619 |                                         12
       0.630 |                                         10
       0.642 |                                         10
       0.654 |                                         5
       0.665 |                                         5
       0.677 |                                         1
       0.690 |                                         7
       0.702 |                                         2
       0.728 |                                         2
       0.755 |                                         2
       0.768 |                                         3
       0.782 |                                         1
       0.797 |                                         2
       0.826 |                                         1
       0.856 |                                         2
       0.872 |                                         3
       0.904 |                                         1
       0.937 |                                         1
       0.971 |                                         1
       1.319 |                                         1
       1.469 |                                         1
       1.496 |                                         1
       1.759 |                                         1
       2.069 |                                         1
       2.347 |                                         1
       3.075 |                                         1
       3.488 |                                         1
       4.407 |                                         1
       5.183 |                                         1
       8.428 |                                         1
       9.910 |                                         1
      10.651 |                                         1
      12.301 |                                         1
 
SQL statistics:
    queries performed:
        read:                            60157
        write:                           0
        other:                           0
        total:                           60157
    transactions:                        60157  (3005.28 per sec.)
    queries:                             60157  (3005.28 per sec.)
    ignored errors:                      0      (0.00 per sec.)
    reconnects:                          0      (0.00 per sec.)

General statistics:
    total time:                          20.0160s
    total number of events:              60157

Latency (ms):
         min:                                    0.05
         avg:                                    0.14
         max:                                   12.24
         95th percentile:                        0.34
         sum:                                 8388.53

Threads fairness:
    events (avg/stddev):           1879.9062/10.88
    execution time (avg/stddev):   0.2621/0.00


