1791638634.608 1 4.380
1791638634.610 0 13.210
1791638634.626 3 8.875
1791638634.640 5 8.802
1791638634.646 6 8.428
1791638634.660 8 8.651
1791638634.667 9 8.690
1791638634.680 11 8.598
1791638634.694 13 8.617
1791638634.701 14 8.634
1791638634.715 16 8.775
1791638634.721 17 8.451
1791638634.735 19 8.573
1791638634.749 21 8.391
1791638634.756 22 8.505
1791638634.769 24 8.484
1791638634.776 25 8.479
1791638634.790 27 8.448
1791638634.804 29 8.530
1791638634.810 30 8.392
1791638634.824 32 8.606
1791638634.831 33 8.484
1791638634.845 35 8.502
1791638634.858 37 8.464
1791638634.865 38 8.596
1791638634.879 40 8.404
1791638634.886 41 8.329
1791638634.899 43 8.475
1791638634.913 45 8.604
1791638634.920 46 8.303
1791638634.934 48 8.550
1791638634.941 49 8.626
1791638634.954 51 8.685
1791638634.968 53 8.488
1791638634.975 54 8.462
1791638634.988 56 8.522
1791638634.995 57 8.577
1791638635.009 59 8.420
1791638635.023 61 8.564
1791638635.029 62 8.424
1791638635.043 64 8.495
1791638635.050 65 8.459
1791638635.064 67 8.508
1791638635.077 69 8.561
1791638635.084 70 8.670
1791638635.098 72 8.489
1791638635.105 73 8.430
1791638635.119 75 8.626
1791638635.132 77 8.578
1791638635.139 78 8.432
1791638635.153 80 8.523
1791638635.159 81 8.480
1791638635.173 83 8.463
1791638635.187 85 8.451
1791638635.193 86 8.336
1791638635.207 88 8.425
1791638635.214 89 8.324
1791638635.228 91 8.364
1791638635.241 93 8.346
1791638635.248 94 8.459
1791638635.262 96 8.680
1791638635.269 97 8.521
1791638635.283 99 8.434
1791638635.296 101 8.313
1791638635.303 102 8.202
1791638635.317 104 8.369
1791638635.324 105 8.330
1791638635.337 107 8.306
1791638635.351 109 8.442
1791638635.358 110 8.259
1791638635.372 112 8.666
1791638635.380 113 9.592
1791638635.392 115 8.331
1791638635.406 117 8.314
1791638635.413 118 8.343
1791638635.426 120 8.483
1791638635.433 121 8.492
1791638635.447 123 8.441
1791638635.461 125 8.414
1791638635.467 126 8.353
1791638635.481 128 8.434
1791638635.488 129 8.239
1791638635.502 131 8.459
1791638635.515 133 8.391
1791638635.522 134 8.214
1791638635.536 136 8.245
1791638635.542 137 8.191
1791638635.556 139 8.444
1791638635.570 141 8.248
1791638635.577 142 8.233
1791638635.591 144 8.293
1791638635.597 145 8.157
1791638635.611 147 8.295
1791638635.625 149 8.360
1791638635.632 150 8.296
1791638635.646 152 8.594
1791638635.652 153 8.162
1791638635.666 155 8.270
1791638635.679 157 8.267
1791638635.686 158 8.231
1791638635.700 160 8.255
1791638635.707 161 8.608
1791638635.721 163 8.276
1791638635.734 165 8.278
1791638635.741 166 8.206
1791638635.755 168 8.284
1791638635.762 169 8.331
1791638635.775 171 8.296
1791638635.789 173 8.436
1791638635.796 174 8.311
1791638635.810 176 8.434
1791638635.816 177 8.364
1791638635.830 179 8.446
1791638635.844 181 8.361
1791638635.851 182 8.287
1791638635.865 184 8.488
1791638635.871 185 8.304
1791638635.885 187 8.318
1791638635.899 189 8.381
1791638635.905 190 8.343
1791638635.919 192 8.452
1791638635.926 193 8.297
1791638635.940 195 8.304
1791638635.954 197 8.567
1791638635.960 198 8.184
1791638635.974 200 8.292
1791638635.981 201 8.275
1791638635.994 203 8.349
1791638636.008 205 8.443
1791638636.015 206 8.351
1791638636.029 208 8.325
1791638636.036 209 8.404
1791638636.049 211 8.521
1791638636.063 213 8.537
1791638636.070 214 8.404
1791638636.083 216 8.401
1791638636.090 217 8.475
1791638636.104 219 8.595
1791638636.118 221 8.652
1791638636.125 222 8.598
1791638636.138 224 8.528
1791638636.145 225 8.612
1791638636.159 227 8.623
1791638636.173 229 8.524
1791638636.179 230 8.320
1791638636.193 232 8.386
1791638636.200 233 8.274
1791638636.213 235 8.386
1791638636.227 237 8.399
1791638636.234 238 8.349
1791638636.248 240 8.398
1791638636.255 241 8.471
1791638636.268 243 8.525
1791638636.282 245 8.480
1791638636.289 246 8.375
1791638636.303 248 8.551
1791638636.309 249 8.525
1791638636.323 251 8.454
1791638636.337 253 8.592
1791638636.344 254 8.428
1791638636.357 256 8.528
1791638636.364 257 8.513
1791638636.378 259 8.555
1791638636.392 261 8.538
1791638636.398 262 8.512
1791638636.412 264 8.850
1791638636.419 265 8.669
1791638636.433 267 8.495
1791638636.446 269 8.475
1791638636.453 270 8.365
1791638636.467 272 8.411
1791638636.474 273 8.349
1791638636.487 275 8.383
1791638636.501 277 8.290
1791638636.508 278 8.304
1791638636.521 280 8.364
1791638636.528 281 8.264
1791638636.542 283 8.240
1791638636.556 285 8.346
1791638636.562 286 8.253
1791638636.576 288 8.449
1791638636.583 289 8.298
1791638636.597 291 8.300
1791638636.611 293 8.507
1791638636.617 294 8.466
1791638636.631 296 8.388
1791638636.638 297 8.339
1791638636.652 299 8.344
1791638636.665 301 8.426
1791638636.672 302 8.312
1791638636.686 304 8.357
1791638636.693 305 8.384
1791638636.706 307 8.490
1791638636.720 309 8.395
1791638636.727 310 8.380
1791638636.741 312 8.407
1791638636.748 313 8.531
1791638636.761 315 8.467
1791638636.775 317 8.346
1791638636.782 318 8.263
1791638636.795 320 8.403
1791638636.802 321 8.337
1791638636.816 323 8.248
1791638636.829 325 8.285
1791638636.836 326 8.221
1791638636.850 328 8.242
1791638636.857 329 8.178
1791638636.870 331 8.263
1791638636.884 333 8.193
1791638636.891 334 8.236
1791638636.905 336 8.481
1791638636.912 337 8.287
1791638636.925 339 8.511
1791638636.939 341 8.603
1791638636.946 342 8.358
1791638636.960 344 8.678
1791638636.966 345 8.434
1791638636.980 347 8.424
1791638636.994 349 8.234
1791638637.001 350 8.342
1791638637.014 352 8.383
1791638637.021 353 8.296
1791638637.035 355 8.104
1791638637.049 357 8.323
1791638637.055 358 8.318
1791638637.069 360 8.339
1791638637.076 361 8.206
1791638637.090 363 8.336
1791638637.103 365 8.472
1791638637.110 366 8.224
1791638637.124 368 8.176
1791638637.130 369 8.147
1791638637.144 371 8.425
1791638637.158 373 8.250
1791638637.165 374 8.306
1791638637.179 376 8.303
1791638637.185 377 8.248
1791638637.199 379 8.362
1791638637.213 381 8.252
1791638637.220 382 8.191
1791638637.233 384 8.307
1791638637.240 385 8.265
1791638637.254 387 8.316
1791638637.268 389 8.409
1791638637.275 390 8.521
1791638637.288 392 8.582
1791638637.295 393 8.379
1791638637.309 395 8.398
1791638637.322 397 8.467
1791638637.329 398 8.424
1791638637.343 400 8.455
1791638637.350 401 8.435
1791638637.364 403 8.478
1791638637.377 405 8.605
1791638637.384 406 8.374
1791638637.398 408 8.524
1791638637.405 409 8.406
1791638637.418 411 8.475
1791638637.432 413 8.433
1791638637.439 414 8.368
1791638637.453 416 8.453
1791638637.459 417 8.446
1791638637.473 419 8.612
1791638637.487 421 8.437
1791638637.494 422 8.382
1791638637.507 424 8.389
1791638637.514 425 8.474
1791638637.528 427 8.420
1791638637.542 429 8.507
1791638637.548 430 8.453
1791638637.562 432 8.557
1791638637.569 433 8.559
1791638637.583 435 8.511
1791638637.596 437 8.583
1791638637.603 438 8.424
1791638637.617 440 8.496
1791638637.624 441 8.532
1791638637.637 443 8.616
1791638637.651 445 8.473
1791638637.658 446 8.426
1791638637.672 448 8.520
1791638637.679 449 8.587
1791638637.692 451 8.546
1791638637.706 453 8.418
1791638637.713 454 8.474
1791638637.726 456 8.618
1791638637.733 457 8.613
1791638637.747 459 8.597
1791638637.761 461 8.667
1791638637.767 462 8.646
1791638637.781 464 8.495
1791638637.788 465 8.523
1791638637.802 467 8.490
1791638637.815 469 8.542
1791638637.822 470 8.568
1791638637.836 472 8.462
1791638637.843 473 8.586
1791638637.856 475 8.437
1791638637.870 477 8.549
1791638637.877 478 8.583
1791638637.891 480 8.497
1791638637.897 481 8.505
1791638637.911 483 8.546
1791638637.925 485 8.613
1791638637.932 486 8.675
1791638637.945 488 8.541
1791638637.952 489 8.597
1791638637.966 491 8.478
1791638637.980 493 8.680
1791638637.986 494 8.533
1791638638.000 496 8.592
1791638638.007 497 8.690
1791638638.021 499 8.667
1791638638.035 501 8.626
1791638638.041 502 8.695
1791638638.055 504 8.536
1791638638.062 505 8.527
1791638638.075 507 8.487
1791638638.089 509 8.631
1791638638.096 510 8.522
1791638638.110 512 8.583
1791638638.117 513 8.563
1791638638.130 515 8.483
1791638638.144 517 8.532
1791638638.151 518 8.558
1791638638.164 520 8.481
1791638638.171 521 8.512
1791638638.185 523 8.454
1791638638.199 525 8.474
1791638638.205 526 8.488
1791638638.219 528 8.505
1791638638.226 529 8.440
1791638638.240 531 8.575
1791638638.253 533 8.447
1791638638.260 534 8.527
1791638638.274 536 8.592
1791638638.281 537 8.542
1791638638.295 539 8.497
1791638638.308 541 8.583
1791638638.315 542 8.411
1791638638.329 544 8.451
1791638638.336 545 8.585
1791638638.349 547 8.530
1791638638.363 549 8.565
1791638638.370 550 8.550
1791638638.383 552 8.364
1791638638.390 553 8.459
1791638638.404 555 8.428
1791638638.418 557 8.543
1791638638.425 558 8.509
1791638638.438 560 8.493
1791638638.445 561 8.591
1791638638.459 563 8.556
1791638638.473 565 8.603
1791638638.479 566 8.478
1791638638.493 568 8.562
1791638638.500 569 8.676
1791638638.514 571 8.614
1791638638.527 573 8.584
1791638638.534 574 8.486
1791638638.548 576 8.553
1791638638.554 577 8.431
1791638638.568 579 8.614
1791638638.582 581 8.557
1791638638.589 582 8.463
1791638638.602 584 8.535
1791638638.609 585 8.410
1791638638.623 587 8.534
1791638638.637 589 8.429
1791638638.644 590 8.509
1791638638.657 592 8.680
1791638638.664 593 8.422
1791638638.678 595 8.514
1791638638.692 597 8.518
1791638638.698 598 8.362
1791638638.712 600 8.494
1791638638.719 601 8.487
1791638638.733 603 8.466
1791638638.746 605 8.514
1791638638.753 606 8.390
1791638638.767 608 8.466
1791638638.774 609 8.468
1791638638.787 611 8.487
1791638638.801 613 8.493
1791638638.808 614 8.384
1791638638.821 616 8.393
1791638638.828 617 8.268
1791638638.842 619 8.410
1791638638.856 621 8.402
1791638638.862 622 8.350
1791638638.876 624 8.525
1791638638.883 625 8.386
1791638638.897 627 8.641
1791638638.911 629 8.568
1791638638.917 630 8.611
1791638638.931 632 8.651
1791638638.938 633 8.637
1791638638.952 635 8.539
1791638638.965 637 8.641
1791638638.972 638 8.541
1791638638.986 640 8.597
1791638638.993 641 8.561
1791638639.007 643 8.700
1791638639.020 645 8.736
1791638639.027 646 8.659
1791638639.041 648 8.754
1791638639.048 649 8.748
1791638639.061 651 8.762
1791638639.075 653 8.636
1791638639.082 654 8.527
1791638639.095 656 8.561
1791638639.102 657 8.324
1791638639.116 659 8.437
1791638639.130 661 8.576
1791638639.136 662 8.432
1791638639.150 664 8.435
1791638639.157 665 8.383
1791638639.170 667 8.346
1791638639.184 669 8.442
1791638639.191 670 8.359
1791638639.205 672 8.401
1791638639.211 673 8.284
1791638639.225 675 8.291
1791638639.239 677 8.427
1791638639.246 678 8.330
1791638639.260 680 8.371
1791638639.266 681 8.353
1791638639.280 683 8.603
1791638639.294 685 8.368
1791638639.300 686 8.337
1791638639.314 688 8.343
1791638639.321 689 8.219
1791638639.335 691 8.240
1791638639.348 693 8.321
1791638639.355 694 8.282
1791638639.369 696 8.452
1791638639.376 697 8.252
1791638639.390 699 8.366
1791638639.403 701 8.390
1791638639.410 702 8.361
1791638639.424 704 8.318
1791638639.431 705 8.261
1791638639.444 707 8.347
1791638639.458 709 8.381
1791638639.465 710 8.275
1791638639.478 712 8.314
1791638639.485 713 8.271
1791638639.499 715 8.336
1791638639.513 717 8.384
1791638639.520 718 8.291
1791638639.533 720 8.373
1791638639.540 721 8.426
1791638639.554 723 8.363
1791638639.568 725 8.412
1791638639.574 726 8.211
1791638639.588 728 8.287
1791638639.595 729 8.219
1791638639.609 731 8.364
1791638639.622 733 8.217
1791638639.629 734 8.165
1791638639.643 736 8.212
1791638639.649 737 8.129
1791638639.663 739 8.191
1791638639.677 741 8.214
1791638639.684 742 8.202
1791638639.698 744 8.360
1791638639.704 745 8.277
1791638639.718 747 8.575
1791638639.732 749 8.273
1791638639.738 750 8.218
1791638639.752 752 8.360
1791638639.759 753 8.256
1791638639.773 755 8.407
1791638639.787 757 8.321
1791638639.793 758 8.290
1791638639.807 760 8.259
1791638639.814 761 8.275
1791638639.828 763 8.383
1791638639.841 765 8.228
1791638639.848 766 8.138
1791638639.862 768 8.171
1791638639.868 769 8.144
1791638639.882 771 8.348
1791638639.896 773 8.225
1791638639.903 774 8.283
1791638639.917 776 8.425
1791638639.924 777 8.437
1791638639.937 779 8.526
1791638639.951 781 8.483
1791638639.958 782 8.543
1791638639.971 784 8.459
1791638639.978 785 8.450
1791638639.992 787 8.472
1791638640.006 789 8.539
1791638640.013 790 8.505
1791638640.026 792 8.590
1791638640.033 793 8.400
1791638640.047 795 8.491
1791638640.061 797 8.628
1791638640.067 798 8.212
1791638640.081 800 8.229
1791638640.087 801 8.120
1791638640.101 803 8.212
1791638640.115 805 8.172
1791638640.122 806 8.181
1791638640.135 808 8.156
1791638640.142 809 8.168
1791638640.156 811 8.245
1791638640.170 813 8.112
1791638640.177 814 8.167
1791638640.190 816 8.146
1791638640.197 817 8.080
1791638640.211 819 8.212
1791638640.224 821 8.157
1791638640.231 822 8.172
1791638640.245 824 8.199
1791638640.252 825 8.091
1791638640.265 827 8.157
1791638640.279 829 8.265
1791638640.286 830 8.008
1791638640.300 832 8.171
1791638640.307 833 8.187
1791638640.320 835 8.317
1791638640.334 837 8.227
1791638640.341 838 8.230
1791638640.355 840 8.221
1791638640.361 841 8.118
1791638640.375 843 8.177
1791638640.389 845 8.085
1791638640.395 846 8.108
1791638640.409 848 8.206
1791638640.416 849 8.210
1791638640.430 851 8.249
1791638640.444 853 8.325
1791638640.450 854 8.232
1791638640.464 856 8.208
1791638640.471 857 8.139
1791638640.485 859 8.172
1791638640.498 861 8.213
1791638640.505 862 8.104
1791638640.519 864 8.130
1791638640.526 865 8.165
1791638640.539 867 8.258
1791638640.553 869 8.183
1791638640.560 870 8.192
1791638640.574 872 8.246
1791638640.580 873 8.250
1791638640.594 875 8.170
1791638640.608 877 8.155
1791638640.615 878 8.373
1791638640.628 880 8.320
1791638640.635 881 8.164
1791638640.649 883 8.224
1791638640.663 885 8.191
1791638640.669 886 8.222
1791638640.683 888 8.370
1791638640.690 889 8.129
1791638640.704 891 8.189
1791638640.717 893 8.223
1791638640.724 894 8.173
1791638640.738 896 8.146
1791638640.744 897 7.986
1791638640.758 899 8.246
1791638640.772 901 8.106
1791638640.779 902 8.131
1791638640.792 904 8.054
1791638640.799 905 8.127
1791638640.813 907 8.244
1791638640.827 909 8.139
1791638640.834 910 8.132
1791638640.847 912 8.189
1791638640.854 913 8.214
1791638640.868 915 8.206
1791638640.882 917 8.198
1791638640.888 918 8.207
1791638640.902 920 8.248
1791638640.909 921 8.203
1791638640.923 923 8.173
1791638640.936 925 8.152
1791638640.943 926 8.138
1791638640.957 928 8.169
1791638640.964 929 8.150
1791638640.977 931 8.229
1791638640.991 933 8.164
1791638640.998 934 8.128
1791638641.012 936 8.252
1791638641.018 937 8.093
1791638641.032 939 8.217
1791638641.046 941 8.187
1791638641.053 942 8.101
1791638641.066 944 8.219
1791638641.073 945 8.227
1791638641.087 947 8.231
1791638641.101 949 8.351
1791638641.107 950 8.168
1791638641.121 952 8.258
1791638641.128 953 8.058
1791638641.142 955 8.146
1791638641.155 957 8.229
1791638641.162 958 8.223
1791638641.176 960 8.277
1791638641.183 961 8.141
1791638641.196 963 8.221
1791638641.210 965 8.222
1791638641.217 966 8.254
1791638641.231 968 8.266
1791638641.237 969 8.135
1791638641.251 971 8.207
1791638641.265 973 8.160
1791638641.272 974 8.135
1791638641.285 976 8.264
1791638641.292 977 8.183
1791638641.306 979 8.207
1791638641.320 981 8.319
1791638641.326 982 8.118
1791638641.340 984 8.228
1791638641.347 985 8.169
1791638641.361 987 8.305
1791638641.374 989 8.114
1791638641.381 990 8.123
1791638641.395 992 8.126
1791638641.402 993 8.085
1791638641.415 995 8.097
1791638641.429 997 8.199
1791638641.436 998 8.131
1791638641.450 1000 8.152
1791638641.456 1001 8.045
1791638641.470 1003 8.351
1791638641.484 1005 8.200
1791638641.491 1006 8.154
1791638641.504 1008 8.225
1791638641.511 1009 8.285
1791638641.525 1011 8.452
1791638641.539 1013 8.276
1791638641.546 1014 8.303
1791638641.559 1016 8.391
1791638641.566 1017 8.215
1791638641.580 1019 8.241
1791638641.593 1021 8.187
1791638641.600 1022 8.072
1791638641.614 1024 8.281
1791638641.621 1025 8.121
1791638641.635 1027 8.261
1791638641.648 1029 8.246
1791638641.655 1030 8.138
1791638641.669 1032 8.186
1791638641.676 1033 8.110
1791638641.689 1035 8.278
1791638641.703 1037 8.180
1791638641.710 1038 8.242
1791638641.724 1040 8.277
1791638641.731 1041 8.542
1791638641.744 1043 8.173
1791638641.758 1045 8.239
1791638641.765 1046 8.214
1791638641.778 1048 8.308
1791638641.785 1049 8.304
1791638641.799 1051 8.395
1791638641.813 1053 8.332
1791638641.819 1054 8.324
1791638641.833 1056 8.402
1791638641.840 1057 8.544
1791638641.854 1059 8.400
1791638641.867 1061 8.383
1791638641.874 1062 8.354
1791638641.888 1064 8.288
1791638641.895 1065 8.244
1791638641.908 1067 8.264
1791638641.922 1069 8.199
1791638641.929 1070 8.216
1791638641.943 1072 8.292
1791638641.950 1073 8.339
1791638641.963 1075 8.377
1791638641.977 1077 8.347
1791638641.984 1078 8.277
1791638641.998 1080 8.453
1791638642.004 1081 8.457
1791638642.018 1083 8.213
1791638642.032 1085 8.255
1791638642.038 1086 8.299
1791638642.052 1088 8.188
1791638642.059 1089 8.181
1791638642.073 1091 8.187
1791638642.086 1093 8.179
1791638642.093 1094 8.208
1791638642.107 1096 8.290
1791638642.114 1097 8.241
1791638642.127 1099 8.293
1791638642.141 1101 8.144
1791638642.148 1102 8.163
1791638642.161 1104 8.065
1791638642.168 1105 8.106
1791638642.182 1107 8.044
1791638642.196 1109 8.100
1791638642.203 1110 8.211
1791638642.216 1112 8.222
1791638642.223 1113 8.208
1791638642.237 1115 8.290
1791638642.251 1117 8.147
1791638642.257 1118 8.204
1791638642.271 1120 8.195
1791638642.278 1121 8.102
1791638642.292 1123 8.067
1791638642.305 1125 8.198
1791638642.312 1126 8.204
1791638642.326 1128 8.165
1791638642.333 1129 8.106
1791638642.347 1131 8.324
1791638642.360 1133 8.406
1791638642.367 1134 8.217
1791638642.381 1136 8.294
1791638642.388 1137 8.326
1791638642.401 1139 8.348
1791638642.415 1141 8.411
1791638642.422 1142 8.275
