sysbench 1.0.20 (using system LuaJIT 2.1.0-beta3)

Running the test with following options:
Number of threads: 32
Target transaction rate: 3000/sec
Initializing random number generator from current time


Initializing worker threads...

Threads started!

Latency histogram (values are in milliseconds)
       value  ------------- distribution ------------- count
       0.125 |                                         1
       0.127 |                                         2
       0.129 |                                         5
       0.132 |                                         17
       0.134 |                                         13
       0.136 |                                         33
       0.139 |*                                        68
       0.141 |*                                        139
       0.144 |**                                       240
       0.147 |****                                     397
       0.149 |******                                   592
       0.152 |********                                 765
       0.155 |**********                               1028
       0.158 |*************                            1297
       0.160 |****************                         1580
       0.163 |******************                       1800
       0.166 |******************                       1835
       0.169 |*******************                      1927
       0.172 |********************                     2029
       0.176 |**********************                   2211
       0.179 |************************                 2458
       0.182 |**************************               2655
       0.185 |******************************           2979
       0.189 |**********************************       3396
       0.192 |**************************************   3811
       0.196 |**************************************** 4030
       0.199 |************************************     3634
       0.203 |*******************************          3079
       0.206 |****************************             2784
       0.210 |***********************                  2342
       0.214 |*******************                      1907
       0.218 |****************                         1613
       0.222 |**************                           1369
       0.226 |***********                              1134
       0.230 |*********                                893
       0.234 |*******                                  743
       0.238 |******                                   569
       0.243 |*****                                    457
       0.247 |***                                      339
       0.252 |***                                      317
       0.256 |***                                      266
       0.261 |**                                       235
       0.266 |**                                       214
       0.270 |**                                       205
       0.275 |**                                       164
       0.280 |*                                        147
       0.285 |**                                       155
       0.291 |*                                        128
       0.296 |*                                        126
       0.301 |*                                        118
       0.307 |*                                        129
       0.312 |*                                        139
       0.318 |*                                        143
       0.324 |*                                        135
       0.330 |*                                        140
       0.336 |*                                        141
       0.342 |*                                        112
       0.348 |*                                        102
       0.354 |*                                        86
       0.361 |*                                        82
       0.367 |*                                        79
       0.374 |*                                        65
       0.381 |*                                        62
       0.388 |*                                        66
       0.395 |                                         50
       0.402 |*                                        62
       0.409 |*                                        60
       0.417 |*                                        54
       0.424 |                                         49
       0.432 |*                                        54
       0.440 |                                         43
       0.448 |                                         43
       0.456 |                                         42
       0.464 |                                         27
       0.473 |                                         20
       0.481 |                                         14
       0.490 |                                         17
       0.499 |                                         14
       0.508 |                                         9
       0.517 |                                         8
       0.527 |                                         8
       0.536 |                                         5
       0.546 |                                         10
       0.556 |                                         6
       0.566 |                                         5
       0.576 |                                         2
       0.587 |                                         5
       0.597 |                                         6
       0.608 |                                         2
       0.619 |                                         3
       0.654 |                                         3
       0.665 |                                         3
       0.677 |                                         1
       0.690 |                                         1
       0.768 |                                         1
       0.856 |                                         1
       0.888 |                                         1
       0.971 |                                         1
       1.122 |                                         2
       1.142 |                                         1
       1.163 |                                         1
       1.343 |                                         1
       1.367 |                                         2
       1.392 |                                         2
       1.469 |                                         1
       1.608 |                                         1
       1.791 |                                         1
       1.824 |                                         1
       1.925 |                                         1
       2.069 |                                         1
       2.305 |                                         1
       3.488 |                                         1
       3.816 |                                         1
       4.487 |                                         1
       4.652 |                                         1
       5.183 |                                         1
       5.277 |                                         1
       5.570 |                                         1
       5.671 |                                         1
       6.095 |                                         1
       6.433 |                                         1
       6.550 |                                         2
       6.790 |                                         1
       7.297 |                                         1
       7.985 |                                         2
       8.428 |                                         1
       9.910 |                                         1
      10.090 |                                         1
      10.460 |                                         1
      10.651 |                                         3
      11.242 |                                         2
      12.081 |                                         1
      12.301 |                                         1
 
SQL statistics:
    queries performed:
        read:                            60400
        write:                           0
        other:                           0
        total:                           60400
    transactions:                        60400  (3017.41 per sec.)
    queries:                             60400  (3017.41 per sec.)
    ignored errors:                      0      (0.00 per sec.)
    reconnects:                          0      (0.00 per sec.)

General statistics:
    total time:                          20.0168s
    total number of events:              60400

Latency (ms):
         min:                                    0.12
         avg:                                    0.20
         max:                                   12.19
         95th percentile:                        0.27
         sum:                                12279.54

Threads fairness:
    events (avg/stddev):           1887.5000/14.44
    execution time (avg/stddev):   0.3837/0.01


