sysbench 1.0.20 (using system LuaJIT 2.1.0-beta3)

Running the test with following options:
Number of threads: 32
Target transaction rate: 1000/sec
Initializing random number generator from current time


Initializing worker threads...

Threads started!

Latency histogram (values are in milliseconds)
       value  ------------- distribution ------------- count
       0.440 |                                         1
       0.473 |                                         1
       0.481 |                                         3
       0.490 |                                         2
       0.499 |                                         6
       0.508 |*                                        10
       0.517 |**                                       37
       0.527 |***                                      60
       0.536 |****                                     83
       0.546 |*******                                  138
       0.556 |**********                               184
       0.566 |***********                              200
       0.576 |************                             229
       0.587 |*************                            254
       0.597 |*****************                        312
       0.608 |*****************                        321
       0.619 |*******************                      351
       0.630 |***********************                  425
       0.642 |****************************             528
       0.654 |*******************************          589
       0.665 |**********************************       637
       0.677 |**********************************       636
       0.690 |***********************************      665
       0.702 |*************************************    694
       0.715 |***************************************  727
       0.728 |*************************************    691
       0.741 |**************************************** 755
       0.755 |*************************************    690
       0.768 |***************************************  734
       0.782 |************************************     676
       0.797 |***********************************      663
       0.811 |**********************************       635
       0.826 |********************************         598
       0.841 |*****************************            546
       0.856 |***************************              503
       0.872 |************************                 453
       0.888 |************************                 456
       0.904 |***********************                  435
       0.920 |*******************                      363
       0.937 |*******************                      362
       0.954 |******************                       342
       0.971 |****************                         300
       0.989 |**************                           270
       1.007 |***************                          278
       1.025 |************                             229
       1.044 |************                             223
       1.063 |**********                               191
       1.082 |********                                 160
       1.102 |********                                 151
       1.122 |********                                 143
       1.142 |********                                 149
       1.163 |*******                                  129
       1.184 |*****                                    93
       1.205 |******                                   116
       1.227 |*****                                    92
       1.250 |****                                     81
       1.272 |*****                                    90
       1.295 |****                                     68
       1.319 |***                                      51
       1.343 |***                                      62
       1.367 |***                                      52
       1.392 |***                                      49
       1.417 |**                                       47
       1.443 |**                                       47
       1.469 |**                                       34
       1.496 |**                                       29
       1.523 |**                                       34
       1.551 |*                                        28
       1.579 |*                                        28
       1.608 |*                                        21
       1.637 |*                                        21
       1.667 |*                                        24
       1.697 |*                                        24
       1.728 |*                                        18
       1.759 |*                                        18
       1.791 |*                                        11
       1.824 |*                                        15
       1.857 |*                                        19
       1.891 |*                                        18
       1.925 |*                                        16
       1.960 |*                                        13
       1.996 |*                                        10
       2.032 |                                         6
       2.069 |                                         8
       2.106 |                                         6
       2.145 |                                         8
       2.184 |                                         7
       2.223 |                                         6
       2.264 |                                         8
       2.305 |                                         5
       2.347 |                                         2
       2.389 |                                         3
       2.433 |                                         4
       2.477 |                                         3
       2.522 |                                         3
       2.568 |                                         7
       2.615 |                                         2
       2.662 |                                         1
       2.710 |                                         2
       2.760 |                                         2
       2.810 |                                         4
       2.861 |                                         4
       2.913 |                                         4
       2.966 |                                         3
       3.020 |                                         2
       3.075 |                                         3
       3.187 |                                         2
       3.245 |                                         3
       3.304 |                                         3
       3.364 |                                         2
       3.425 |                                         3
       3.488 |                                         1
       3.551 |                                         1
       3.615 |                                         1
       3.681 |                                         1
       3.816 |                                         3
       3.885 |                                         4
       3.956 |                                         2
       4.176 |                                         1
       4.252 |                                         2
       4.329 |                                         2
       4.407 |                                         3
       4.569 |                                         4
       4.737 |                                         3
       4.823 |                                         1
       4.910 |                                         2
       5.090 |                                         2
       5.183 |                                         3
       5.373 |                                         4
       5.470 |                                         2
       5.671 |                                         2
       5.774 |                                         1
       5.879 |                                         2
       5.986 |                                         2
       6.095 |                                         2
       6.205 |                                         5
       6.318 |                                         3
       6.550 |                                         5
       6.669 |                                         1
       6.790 |                                         1
       6.913 |                                         3
       7.167 |                                         2
       7.297 |                                         1
       7.430 |                                         1
       7.565 |                                         1
       7.702 |                                         3
       7.985 |                                         1
       8.130 |                                         1
       8.277 |                                         1
       8.428 |                                         1
       8.581 |                                         1
       8.737 |                                         1
       8.895 |                                         2
       9.057 |                                         1
       9.222 |                                         1
       9.389 |                                         2
       9.560 |                                         1
       9.734 |                                         3
      10.090 |                                         2
      10.274 |                                         2
      10.844 |                                         2
      11.041 |                                         4
      11.242 |                                         1
      11.446 |                                         2
      11.654 |                                         2
      11.866 |                                         1
      12.081 |                                         2
      12.301 |                                         3
      12.524 |                                         1
      12.752 |                                         2
      12.984 |                                         3
      13.219 |                                         1
      13.460 |                                         2
      13.704 |                                         1
      13.953 |                                         1
      14.207 |                                         2
      14.465 |                                         2
      14.728 |                                         3
      14.995 |                                         1
      15.545 |                                         3
      15.828 |                                         1
      16.115 |                                         2
      16.408 |                                         1
      16.706 |                                         2
      17.633 |                                         1
      18.280 |                                         2
      19.295 |                                         1
      19.645 |                                         1
      22.284 |                                         1
      22.689 |                                         2
      23.101 |                                         1
      24.384 |                                         1
      24.827 |                                         1
      25.737 |                                         2
 
SQL statistics:
    queries performed:
        read:                            0
        write:                           19718
        other:                           0
        total:                           19718
    transactions:                        19718  (984.97 per sec.)
    queries:                             19718  (984.97 per sec.)
    ignored errors:                      0      (0.00 per sec.)
    reconnects:                          0      (0.00 per sec.)

General statistics:
    total time:                          20.0184s
    total number of events:              19718

Latency (ms):
         min:                                    0.44
         avg:                                    0.90
         max:                                   25.71
         95th percentile:                        1.30
         sum:                                17722.56

Threads fairness:
    events (avg/stddev):           616.1875/4.45
    execution time (avg/stddev):   0.5538/0.01


