sysbench 1.0.20 (using system LuaJIT 2.1.0-beta3)

Running the test with following options:
Number of threads: 32
Target transaction rate: 300/sec
Initializing random number generator from current time


Initializing worker threads...

Threads started!

Latency histogram (values are in milliseconds)
       value  ------------- distribution ------------- count
       1.891 |                                         5
       1.925 |*                                        6
       1.960 |***                                      28
       1.996 |********                                 93
       2.032 |***************                          169
       2.069 |********************                     221
       2.106 |*********************                    233
       2.145 |*******************                      209
       2.184 |*****************                        186
       2.223 |***************                          171
       2.264 |*************                            139
       2.305 |*************                            139
       2.347 |*************                            146
       2.389 |***************                          163
       2.433 |********************                     217
       2.477 |***********************                  251
       2.522 |***********************************      393
       2.568 |**************************************** 443
       2.615 |************************************     396
       2.662 |*********************************        363
       2.710 |******************************           331
       2.760 |******************************           332
       2.810 |***************************              294
       2.861 |***********************                  255
       2.913 |*****************                        187
       2.966 |**************                           150
       3.020 |********                                 92
       3.075 |*****                                    57
       3.130 |****                                     42
       3.187 |****                                     48
       3.245 |***                                      30
       3.304 |**                                       22
       3.364 |**                                       18
       3.425 |**                                       18
       3.488 |*                                        12
       3.551 |*                                        10
       3.615 |*                                        7
       3.681 |*                                        12
       3.748 |                                         4
       3.816 |                                         4
       3.885 |                                         2
       3.956 |                                         5
       4.028 |                                         5
       4.101 |                                         3
       4.176 |                                         1
       4.252 |                                         4
       4.329 |                                         1
       4.407 |                                         1
       4.487 |                                         4
       4.569 |                                         4
       4.652 |                                         1
       4.737 |                                         4
       4.823 |                                         5
       4.999 |                                         2
       5.090 |                                         1
       5.183 |                                         1
       5.277 |                                         2
       5.373 |                                         1
       5.470 |                                         1
       5.774 |                                         2
       5.879 |                                         1
       5.986 |                                         3
       6.095 |                                         1
       6.433 |                                         1
       6.550 |                                         2
       6.669 |                                         1
       6.913 |                                         1
       7.039 |                                         2
       7.167 |                                         1
       7.297 |                                         1
       7.565 |                                         1
       7.842 |                                         1
       9.560 |                                         1
 
SQL statistics:
    queries performed:
        read:                            83482
        write:                           0
        other:                           11926
        total:                           95408
    transactions:                        5963   (297.86 per sec.)
    queries:                             95408  (4765.74 per sec.)
    ignored errors:                      0      (0.00 per sec.)
    reconnects:                          0      (0.00 per sec.)

General statistics:
    total time:                          20.0191s
    total number of events:              5963

Latency (ms):
         min:                                    1.89
         avg:                                    2.57
         max:                                    9.51
         95th percentile:                        3.07
         sum:                                15343.50

Threads fairness:
    events (avg/stddev):           186.3438/1.88
    execution time (avg/stddev):   0.4795/0.01


