sysbench 1.0.20 (using system LuaJIT 2.1.0-beta3)

Running the test with following options:
Number of threads: 32
Target transaction rate: 300/sec
Initializing random number generator from current time


Initializing worker threads...

Threads started!

Latency histogram (values are in milliseconds)
       value  ------------- distribution ------------- count
       2.347 |                                         2
       2.389 |*                                        7
       2.433 |*                                        13
       2.477 |***                                      36
       2.522 |******                                   74
       2.568 |**********                               131
       2.615 |***********                              149
       2.662 |***********                              143
       2.710 |**************                           190
       2.760 |**************                           182
       2.810 |************                             168
       2.861 |****************                         212
       2.913 |***************                          199
       2.966 |****************                         215
       3.020 |**********************                   290
       3.075 |*****************************            395
       3.130 |********************************         437
       3.187 |**********************************       464
       3.245 |**************************************   513
       3.304 |**************************************** 538
       3.364 |**************************************** 536
       3.425 |***************************************  525
       3.488 |**********************************       460
       3.551 |******************************           405
       3.615 |*************************                338
       3.681 |***********************                  312
       3.748 |*******************                      251
       3.816 |***************                          205
       3.885 |***************                          204
       3.956 |***********                              142
       4.028 |***********                              149
       4.101 |*********                                127
       4.176 |*******                                  92
       4.252 |******                                   76
       4.329 |*******                                  99
       4.407 |******                                   84
       4.487 |*****                                    69
       4.569 |****                                     52
       4.652 |****                                     56
       4.737 |***                                      41
       4.823 |***                                      37
       4.910 |**                                       30
       4.999 |**                                       32
       5.090 |***                                      39
       5.183 |**                                       28
       5.277 |**                                       29
       5.373 |**                                       23
       5.470 |**                                       27
       5.570 |*                                        16
       5.671 |*                                        15
       5.774 |**                                       23
       5.879 |*                                        13
       5.986 |*                                        8
       6.095 |*                                        8
       6.205 |*                                        14
       6.318 |                                         5
       6.433 |*                                        10
       6.550 |                                         6
       6.669 |                                         3
       6.790 |                                         2
       6.913 |*                                        9
       7.039 |                                         3
       7.167 |                                         6
       7.297 |                                         2
       7.430 |                                         1
       7.565 |                                         1
       7.702 |                                         3
       7.842 |                                         1
       7.985 |                                         1
       8.130 |                                         2
       8.428 |                                         1
       8.737 |                                         1
       9.222 |                                         1
      11.041 |                                         2
 
SQL statistics:
    queries performed:
        read:                            125762
        write:                           0
        other:                           17966
        total:                           143728
    transactions:                        8983   (299.18 per sec.)
    queries:                             143728 (4786.83 per sec.)
    ignored errors:                      0      (0.00 per sec.)
    reconnects:                          0      (0.00 per sec.)

General statistics:
    total time:                          30.0253s
    total number of events:              8983

Latency (ms):
         min:                                    2.37
         avg:                                    3.46
         max:                                   11.06
         95th percentile:                        4.65
         sum:                                31097.72

Threads fairness:
    events (avg/stddev):           280.7188/2.31
    execution time (avg/stddev):   0.9718/0.01


