sysbench 1.0.20 (using system LuaJIT 2.1.0-beta3)

Running the test with following options:
Number of threads: 32
Target transaction rate: 300/sec
Initializing random number generator from current time


Initializing worker threads...

Threads started!

Latency histogram (values are in milliseconds)
       value  ------------- distribution ------------- count
       2.305 |                                         2
       2.347 |*                                        23
       2.389 |**                                       33
       2.433 |*****                                    85
       2.477 |**********                               170
       2.522 |*************                            212
       2.568 |*************                            215
       2.615 |**************                           229
       2.662 |***************                          250
       2.710 |***************                          250
       2.760 |****************                         260
       2.810 |**************                           240
       2.861 |***************                          255
       2.913 |*******************                      320
       2.966 |*****************************            482
       3.020 |********************************         536
       3.075 |***********************************      589
       3.130 |**********************************       560
       3.187 |**************************************** 664
       3.245 |************************************     595
       3.304 |**************************************** 668
       3.364 |*******************************          526
       3.425 |**************************               435
       3.488 |******************                       303
       3.551 |*************                            225
       3.615 |***********                              184
       3.681 |*******                                  120
       3.748 |*****                                    82
       3.816 |***                                      55
       3.885 |***                                      44
       3.956 |*                                        21
       4.028 |*                                        20
       4.101 |*                                        18
       4.176 |*                                        14
       4.252 |*                                        11
       4.329 |*                                        12
       4.407 |                                         8
       4.487 |*                                        9
       4.569 |*                                        9
       4.652 |                                         8
       4.737 |                                         2
       4.823 |                                         7
       4.910 |                                         2
       4.999 |                                         4
       5.090 |                                         2
       5.183 |                                         2
       5.570 |                                         2
       5.774 |                                         1
       5.879 |                                         1
       6.205 |                                         1
       6.433 |                                         1
       6.550 |                                         1
       6.669 |                                         1
       6.913 |                                         1
      11.242 |                                         1
 
SQL statistics:
    queries performed:
        read:                            122794
        write:                           0
        other:                           17542
        total:                           140336
    transactions:                        8771   (292.17 per sec.)
    queries:                             140336 (4674.76 per sec.)
    ignored errors:                      0      (0.00 per sec.)
    reconnects:                          0      (0.00 per sec.)

General statistics:
    total time:                          30.0196s
    total number of events:              8771

Latency (ms):
         min:                                    2.31
         avg:                                    3.12
         max:                                   11.19
         95th percentile:                        3.68
         sum:                                27330.09

Threads fairness:
    events (avg/stddev):           274.0938/1.59
    execution time (avg/stddev):   0.8541/0.01


