/opt/hostedtoolcache/Java_Temurin-Hotspot_jdk/17.0.20-1/x64/bin/java  -classpath /home/runner/ycsb-mongodb-binding-0.17.0/conf:/home/runner/ycsb-mongodb-binding-0.17.0/lib/HdrHistogram-2.1.4.jar:/home/runner/ycsb-mongodb-binding-0.17.0/lib/core-0.17.0.jar:/home/runner/ycsb-mongodb-binding-0.17.0/lib/htrace-core4-4.1.0-incubating.jar:/home/runner/ycsb-mongodb-binding-0.17.0/lib/jackson-core-asl-1.9.4.jar:/home/runner/ycsb-mongodb-binding-0.17.0/lib/jackson-mapper-asl-1.9.4.jar:/home/runner/ycsb-mongodb-binding-0.17.0/lib/logback-classic-1.1.2.jar:/home/runner/ycsb-mongodb-binding-0.17.0/lib/logback-core-1.1.2.jar:/home/runner/ycsb-mongodb-binding-0.17.0/lib/mongo-java-driver-3.8.0.jar:/home/runner/ycsb-mongodb-binding-0.17.0/lib/mongodb-async-driver-2.0.1.jar:/home/runner/ycsb-mongodb-binding-0.17.0/lib/mongodb-binding-0.17.0.jar:/home/runner/ycsb-mongodb-binding-0.17.0/lib/slf4j-api-1.7.25.jar:/home/runner/ycsb-mongodb-binding-0.17.0/lib/snappy-java-1.1.7.1.jar site.ycsb.Client -t -db site.ycsb.db.MongoDbClient -s -P /home/runner/ycsb-mongodb-binding-0.17.0/workloads/workloadf -p mongodb.url=mongodb://127.0.0.1:27017/ycsb?w=1 -p measurementtype=raw -p measurement.raw.output_file=/home/runner/work/The-Omni-Compass/The-Omni-Compass/out/ycsb-f/rep-1/omni/notch-1.raw -p recordcount=250000 -p operationcount=1000000000 -p maxexecutiontime=20 -p target=3000 -p threads=32 -p insertstart=0 -p insertorder=ordered -p requestdistribution=uniform -p seed=100100
mongo client connection created with mongodb://127.0.0.1:27017/ycsb?w=1
Raw data measurement: will output to result file: /home/runner/work/The-Omni-Compass/The-Omni-Compass/out/ycsb-f/rep-1/omni/notch-1.raw
Raw data measurement: will output to result file: /home/runner/work/The-Omni-Compass/The-Omni-Compass/out/ycsb-f/rep-1/omni/notch-1.raw
Raw data measurement: will output to result file: /home/runner/work/The-Omni-Compass/The-Omni-Compass/out/ycsb-f/rep-1/omni/notch-1.raw
Raw data measurement: will output to result file: /home/runner/work/The-Omni-Compass/The-Omni-Compass/out/ycsb-f/rep-1/omni/notch-1.raw
[OVERALL], RunTime(ms), 20002
[OVERALL], Throughput(ops/sec), 2944.055594440556
[TOTAL_GCS_G1_Young_Generation], Count, 15
[TOTAL_GC_TIME_G1_Young_Generation], Time(ms), 58
[TOTAL_GC_TIME_%_G1_Young_Generation], Time(%), 0.28997100289971
[TOTAL_GCS_G1_Old_Generation], Count, 0
[TOTAL_GC_TIME_G1_Old_Generation], Time(ms), 0
[TOTAL_GC_TIME_%_G1_Old_Generation], Time(%), 0.0
[TOTAL_GCs], Count, 15
[TOTAL_GC_TIME], Time(ms), 58
[TOTAL_GC_TIME_%], Time(%), 0.28997100289971
[READ], Total Operations, 58887
[READ], Below is a summary of latency in microseconds:, -1
[READ], Average, 186.2646254691188
[READ], Min, 85
[READ], Max, 137141
[READ], p1, 95
[READ], p5, 98
[READ], p50, 133
[READ], p90, 324
[READ], p95, 366
[READ], p99, 608
[READ], p99.9, 2526
[READ], p99.99, 61439
[READ], Return=OK, 58887
[READ-MODIFY-WRITE], Total Operations, 29347
[READ-MODIFY-WRITE], Below is a summary of latency in microseconds:, -1
[READ-MODIFY-WRITE], Average, 340.4779704910212
[READ-MODIFY-WRITE], Min, 207
[READ-MODIFY-WRITE], Max, 137540
[READ-MODIFY-WRITE], p1, 218
[READ-MODIFY-WRITE], p5, 222
[READ-MODIFY-WRITE], p50, 284
[READ-MODIFY-WRITE], p90, 494
[READ-MODIFY-WRITE], p95, 564
[READ-MODIFY-WRITE], p99, 927
[READ-MODIFY-WRITE], p99.9, 3379
[READ-MODIFY-WRITE], p99.99, 105911
[CLEANUP], Total Operations, 1
[CLEANUP], Below is a summary of latency in microseconds:, -1
[CLEANUP], Average, 1216.0
[CLEANUP], Min, 1216
[CLEANUP], Max, 1216
[CLEANUP], p1, 1216
[CLEANUP], p5, 1216
[CLEANUP], p50, 1216
[CLEANUP], p90, 1216
[CLEANUP], p95, 1216
[CLEANUP], p99, 1216
[CLEANUP], p99.9, 1216
[CLEANUP], p99.99, 1216
[UPDATE], Total Operations, 29347
[UPDATE], Below is a summary of latency in microseconds:, -1
[UPDATE], Average, 149.34865573993935
[UPDATE], Min, 109
[UPDATE], Max, 7137
[UPDATE], p1, 119
[UPDATE], p5, 121
[UPDATE], p50, 139
[UPDATE], p90, 175
[UPDATE], p95, 200
[UPDATE], p99, 328
[UPDATE], p99.9, 757
[UPDATE], p99.99, 2764
[UPDATE], Return=OK, 29347

Command line: -t -db site.ycsb.db.MongoDbClient -s -P /home/runner/ycsb-mongodb-binding-0.17.0/workloads/workloadf -p mongodb.url=mongodb://127.0.0.1:27017/ycsb?w=1 -p measurementtype=raw -p measurement.raw.output_file=/home/runner/work/The-Omni-Compass/The-Omni-Compass/out/ycsb-f/rep-1/omni/notch-1.raw -p recordcount=250000 -p operationcount=1000000000 -p maxexecutiontime=20 -p target=3000 -p threads=32 -p insertstart=0 -p insertorder=ordered -p requestdistribution=uniform -p seed=100100
YCSB Client 0.17.0

Loading workload...
Starting test.
Maximum execution time specified as: 20 secs
2026-10-09 00:05:03:554 0 sec: 0 operations; est completion in 0 second 
DBWrapper: report latency for each error is false and specific error codes to track for latency are: []
2026-10-09 00:05:13:525 10 sec: 28885 operations; 2888.5 current ops/sec; est completion in 4 days READ count: 28887, average latency(us): 222.42 READ-MODIFY-WRITE count: 14452, average latency(us): 380.48 UPDATE count: 14452, average latency(us): 160.17 
Maximum time elapsed. Requesting stop for the workload.
Stop requested for workload. Now Joining!
2026-10-09 00:05:23:525 20 sec: 58885 operations; 3000 current ops/sec; est completion in 3 days 22 hours READ count: 29999, average latency(us): 151.45 READ-MODIFY-WRITE count: 14895, average latency(us): 301.66 UPDATE count: 14895, average latency(us): 138.85 
2026-10-09 00:05:23:527 20 sec: 58887 operations; 1000 current ops/sec; est completion in 3 days 22 hours READ count: 1, average latency(us): 176.00  CLEANUP count: 1, average latency(us): 1216.00  


/opt/hostedtoolcache/Java_Temurin-Hotspot_jdk/17.0.20-1/x64/bin/java  -classpath /home/runner/ycsb-mongodb-binding-0.17.0/conf:/home/runner/ycsb-mongodb-binding-0.17.0/lib/HdrHistogram-2.1.4.jar:/home/runner/ycsb-mongodb-binding-0.17.0/lib/core-0.17.0.jar:/home/runner/ycsb-mongodb-binding-0.17.0/lib/htrace-core4-4.1.0-incubating.jar:/home/runner/ycsb-mongodb-binding-0.17.0/lib/jackson-core-asl-1.9.4.jar:/home/runner/ycsb-mongodb-binding-0.17.0/lib/jackson-mapper-asl-1.9.4.jar:/home/runner/ycsb-mongodb-binding-0.17.0/lib/logback-classic-1.1.2.jar:/home/runner/ycsb-mongodb-binding-0.17.0/lib/logback-core-1.1.2.jar:/home/runner/ycsb-mongodb-binding-0.17.0/lib/mongo-java-driver-3.8.0.jar:/home/runner/ycsb-mongodb-binding-0.17.0/lib/mongodb-async-driver-2.0.1.jar:/home/runner/ycsb-mongodb-binding-0.17.0/lib/mongodb-binding-0.17.0.jar:/home/runner/ycsb-mongodb-binding-0.17.0/lib/slf4j-api-1.7.25.jar:/home/runner/ycsb-mongodb-binding-0.17.0/lib/snappy-java-1.1.7.1.jar site.ycsb.Client -t -db site.ycsb.db.MongoDbClient -s -P /home/runner/ycsb-mongodb-binding-0.17.0/workloads/workloadf -p mongodb.url=mongodb://127.0.0.1:27017/ycsb?w=1 -p measurementtype=raw -p measurement.raw.output_file=/home/runner/work/The-Omni-Compass/The-Omni-Compass/out/ycsb-f/rep-1/omni/notch-2.raw -p recordcount=500000 -p operationcount=1000000000 -p maxexecutiontime=20 -p target=3000 -p threads=32 -p insertstart=0 -p insertorder=ordered -p requestdistribution=uniform -p seed=100101
mongo client connection created with mongodb://127.0.0.1:27017/ycsb?w=1
Raw data measurement: will output to result file: /home/runner/work/The-Omni-Compass/The-Omni-Compass/out/ycsb-f/rep-1/omni/notch-2.raw
Raw data measurement: will output to result file: /home/runner/work/The-Omni-Compass/The-Omni-Compass/out/ycsb-f/rep-1/omni/notch-2.raw
Raw data measurement: will output to result file: /home/runner/work/The-Omni-Compass/The-Omni-Compass/out/ycsb-f/rep-1/omni/notch-2.raw
Raw data measurement: will output to result file: /home/runner/work/The-Omni-Compass/The-Omni-Compass/out/ycsb-f/rep-1/omni/notch-2.raw
[OVERALL], RunTime(ms), 20003
[OVERALL], Throughput(ops/sec), 2747.3878918162277
[TOTAL_GCS_G1_Young_Generation], Count, 14
[TOTAL_GC_TIME_G1_Young_Generation], Time(ms), 51
[TOTAL_GC_TIME_%_G1_Young_Generation], Time(%), 0.2549617557366395
[TOTAL_GCS_G1_Old_Generation], Count, 0
[TOTAL_GC_TIME_G1_Old_Generation], Time(ms), 0
[TOTAL_GC_TIME_%_G1_Old_Generation], Time(%), 0.0
[TOTAL_GCs], Count, 14
[TOTAL_GC_TIME], Time(ms), 51
[TOTAL_GC_TIME_%], Time(%), 0.2549617557366395
[READ], Total Operations, 54956
[READ], Below is a summary of latency in microseconds:, -1
[READ], Average, 280.50795181599824
[READ], Min, 85
[READ], Max, 320008
[READ], p1, 96
[READ], p5, 100
[READ], p50, 139
[READ], p90, 317
[READ], p95, 354
[READ], p99, 1237
[READ], p99.9, 19292
[READ], p99.99, 81666
[READ], Return=OK, 54956
[READ-MODIFY-WRITE], Total Operations, 27602
[READ-MODIFY-WRITE], Below is a summary of latency in microseconds:, -1
[READ-MODIFY-WRITE], Average, 439.4554380117383
[READ-MODIFY-WRITE], Min, 206
[READ-MODIFY-WRITE], Max, 320368
[READ-MODIFY-WRITE], p1, 219
[READ-MODIFY-WRITE], p5, 225
[READ-MODIFY-WRITE], p50, 294
[READ-MODIFY-WRITE], p90, 483
[READ-MODIFY-WRITE], p95, 543
[READ-MODIFY-WRITE], p99, 1584
[READ-MODIFY-WRITE], p99.9, 20576
[READ-MODIFY-WRITE], p99.99, 86881
[CLEANUP], Total Operations, 1
[CLEANUP], Below is a summary of latency in microseconds:, -1
[CLEANUP], Average, 1105.0
[CLEANUP], Min, 1105
[CLEANUP], Max, 1105
[CLEANUP], p1, 1105
[CLEANUP], p5, 1105
[CLEANUP], p50, 1105
[CLEANUP], p90, 1105
[CLEANUP], p95, 1105
[CLEANUP], p99, 1105
[CLEANUP], p99.9, 1105
[CLEANUP], p99.99, 1105
[UPDATE], Total Operations, 27602
[UPDATE], Below is a summary of latency in microseconds:, -1
[UPDATE], Average, 151.3921092674444
[UPDATE], Min, 112
[UPDATE], Max, 5371
[UPDATE], p1, 119
[UPDATE], p5, 121
[UPDATE], p50, 148
[UPDATE], p90, 179
[UPDATE], p95, 200
[UPDATE], p99, 305
[UPDATE], p99.9, 623
[UPDATE], p99.99, 2166
[UPDATE], Return=OK, 27602

Command line: -t -db site.ycsb.db.MongoDbClient -s -P /home/runner/ycsb-mongodb-binding-0.17.0/workloads/workloadf -p mongodb.url=mongodb://127.0.0.1:27017/ycsb?w=1 -p measurementtype=raw -p measurement.raw.output_file=/home/runner/work/The-Omni-Compass/The-Omni-Compass/out/ycsb-f/rep-1/omni/notch-2.raw -p recordcount=500000 -p operationcount=1000000000 -p maxexecutiontime=20 -p target=3000 -p threads=32 -p insertstart=0 -p insertorder=ordered -p requestdistribution=uniform -p seed=100101
YCSB Client 0.17.0

Loading workload...
Starting test.
Maximum execution time specified as: 20 secs
2026-10-09 00:05:24:180 0 sec: 0 operations; est completion in 0 second 
DBWrapper: report latency for each error is false and specific error codes to track for latency are: []
2026-10-09 00:05:34:151 10 sec: 19087 operations; 1908.7 current ops/sec; est completion in 6 days 1 hour READ count: 19089, average latency(us): 422.11 READ-MODIFY-WRITE count: 9538, average latency(us): 599.64 UPDATE count: 9538, average latency(us): 169.54 
Maximum time elapsed. Requesting stop for the workload.
Stop requested for workload. Now Joining!
2026-10-09 00:05:44:151 20 sec: 54952 operations; 3586.5 current ops/sec; est completion in 4 days 5 hours READ count: 35865, average latency(us): 205.15 READ-MODIFY-WRITE count: 18063, average latency(us): 354.88 UPDATE count: 18063, average latency(us): 141.81 
2026-10-09 00:05:44:154 20 sec: 54956 operations; 1333.33 current ops/sec; est completion in 4 days 5 hours READ count: 2, average latency(us): 163.50 READ-MODIFY-WRITE count: 1, average latency(us): 333.00 CLEANUP count: 1, average latency(us): 1105.00 UPDATE count: 1, average latency(us): 176.00 


/opt/hostedtoolcache/Java_Temurin-Hotspot_jdk/17.0.20-1/x64/bin/java  -classpath /home/runner/ycsb-mongodb-binding-0.17.0/conf:/home/runner/ycsb-mongodb-binding-0.17.0/lib/HdrHistogram-2.1.4.jar:/home/runner/ycsb-mongodb-binding-0.17.0/lib/core-0.17.0.jar:/home/runner/ycsb-mongodb-binding-0.17.0/lib/htrace-core4-4.1.0-incubating.jar:/home/runner/ycsb-mongodb-binding-0.17.0/lib/jackson-core-asl-1.9.4.jar:/home/runner/ycsb-mongodb-binding-0.17.0/lib/jackson-mapper-asl-1.9.4.jar:/home/runner/ycsb-mongodb-binding-0.17.0/lib/logback-classic-1.1.2.jar:/home/runner/ycsb-mongodb-binding-0.17.0/lib/logback-core-1.1.2.jar:/home/runner/ycsb-mongodb-binding-0.17.0/lib/mongo-java-driver-3.8.0.jar:/home/runner/ycsb-mongodb-binding-0.17.0/lib/mongodb-async-driver-2.0.1.jar:/home/runner/ycsb-mongodb-binding-0.17.0/lib/mongodb-binding-0.17.0.jar:/home/runner/ycsb-mongodb-binding-0.17.0/lib/slf4j-api-1.7.25.jar:/home/runner/ycsb-mongodb-binding-0.17.0/lib/snappy-java-1.1.7.1.jar site.ycsb.Client -t -db site.ycsb.db.MongoDbClient -s -P /home/runner/ycsb-mongodb-binding-0.17.0/workloads/workloadf -p mongodb.url=mongodb://127.0.0.1:27017/ycsb?w=1 -p measurementtype=raw -p measurement.raw.output_file=/home/runner/work/The-Omni-Compass/The-Omni-Compass/out/ycsb-f/rep-1/omni/notch-3.raw -p recordcount=750000 -p operationcount=1000000000 -p maxexecutiontime=20 -p target=3000 -p threads=32 -p insertstart=0 -p insertorder=ordered -p requestdistribution=uniform -p seed=100102
mongo client connection created with mongodb://127.0.0.1:27017/ycsb?w=1
Raw data measurement: will output to result file: /home/runner/work/The-Omni-Compass/The-Omni-Compass/out/ycsb-f/rep-1/omni/notch-3.raw
Raw data measurement: will output to result file: /home/runner/work/The-Omni-Compass/The-Omni-Compass/out/ycsb-f/rep-1/omni/notch-3.raw
Raw data measurement: will output to result file: /home/runner/work/The-Omni-Compass/The-Omni-Compass/out/ycsb-f/rep-1/omni/notch-3.raw
Raw data measurement: will output to result file: /home/runner/work/The-Omni-Compass/The-Omni-Compass/out/ycsb-f/rep-1/omni/notch-3.raw
[OVERALL], RunTime(ms), 20005
[OVERALL], Throughput(ops/sec), 2211.0472381904524
[TOTAL_GCS_G1_Young_Generation], Count, 12
[TOTAL_GC_TIME_G1_Young_Generation], Time(ms), 40
[TOTAL_GC_TIME_%_G1_Young_Generation], Time(%), 0.1999500124968758
[TOTAL_GCS_G1_Old_Generation], Count, 0
[TOTAL_GC_TIME_G1_Old_Generation], Time(ms), 0
[TOTAL_GC_TIME_%_G1_Old_Generation], Time(%), 0.0
[TOTAL_GCs], Count, 12
[TOTAL_GC_TIME], Time(ms), 40
[TOTAL_GC_TIME_%], Time(%), 0.1999500124968758
[READ], Total Operations, 44232
[READ], Below is a summary of latency in microseconds:, -1
[READ], Average, 366.87497739193344
[READ], Min, 86
[READ], Max, 198139
[READ], p1, 97
[READ], p5, 103
[READ], p50, 138
[READ], p90, 314
[READ], p95, 352
[READ], p99, 753
[READ], p99.9, 69537
[READ], p99.99, 162605
[READ], Return=OK, 44232
[READ-MODIFY-WRITE], Total Operations, 22110
[READ-MODIFY-WRITE], Below is a summary of latency in microseconds:, -1
[READ-MODIFY-WRITE], Average, 537.6327001356852
[READ-MODIFY-WRITE], Min, 210
[READ-MODIFY-WRITE], Max, 191451
[READ-MODIFY-WRITE], p1, 220
[READ-MODIFY-WRITE], p5, 227
[READ-MODIFY-WRITE], p50, 290
[READ-MODIFY-WRITE], p90, 478
[READ-MODIFY-WRITE], p95, 544
[READ-MODIFY-WRITE], p99, 1187
[READ-MODIFY-WRITE], p99.9, 79436
[READ-MODIFY-WRITE], p99.99, 162980
[CLEANUP], Total Operations, 1
[CLEANUP], Below is a summary of latency in microseconds:, -1
[CLEANUP], Average, 1028.0
[CLEANUP], Min, 1028
[CLEANUP], Max, 1028
[CLEANUP], p1, 1028
[CLEANUP], p5, 1028
[CLEANUP], p50, 1028
[CLEANUP], p90, 1028
[CLEANUP], p95, 1028
[CLEANUP], p99, 1028
[CLEANUP], p99.9, 1028
[CLEANUP], p99.99, 1028
[UPDATE], Total Operations, 22110
[UPDATE], Below is a summary of latency in microseconds:, -1
[UPDATE], Average, 152.59131614654004
[UPDATE], Min, 114
[UPDATE], Max, 4858
[UPDATE], p1, 119
[UPDATE], p5, 121
[UPDATE], p50, 141
[UPDATE], p90, 186
[UPDATE], p95, 219
[UPDATE], p99, 346
[UPDATE], p99.9, 708
[UPDATE], p99.99, 3844
[UPDATE], Return=OK, 22110

Command line: -t -db site.ycsb.db.MongoDbClient -s -P /home/runner/ycsb-mongodb-binding-0.17.0/workloads/workloadf -p mongodb.url=mongodb://127.0.0.1:27017/ycsb?w=1 -p measurementtype=raw -p measurement.raw.output_file=/home/runner/work/The-Omni-Compass/The-Omni-Compass/out/ycsb-f/rep-1/omni/notch-3.raw -p recordcount=750000 -p operationcount=1000000000 -p maxexecutiontime=20 -p target=3000 -p threads=32 -p insertstart=0 -p insertorder=ordered -p requestdistribution=uniform -p seed=100102
YCSB Client 0.17.0

Loading workload...
Starting test.
Maximum execution time specified as: 20 secs
2026-10-09 00:05:44:803 0 sec: 0 operations; est completion in 0 second 
DBWrapper: report latency for each error is false and specific error codes to track for latency are: []
2026-10-09 00:05:54:775 10 sec: 20156 operations; 2015.6 current ops/sec; est completion in 5 days 17 hours READ count: 20158, average latency(us): 395.47 READ-MODIFY-WRITE count: 10083, average latency(us): 577.88 UPDATE count: 10083, average latency(us): 166.77 
Maximum time elapsed. Requesting stop for the workload.
Stop requested for workload. Now Joining!
2026-10-09 00:06:04:775 20 sec: 44231 operations; 2407.5 current ops/sec; est completion in 5 days 5 hours READ count: 24073, average latency(us): 342.72 READ-MODIFY-WRITE count: 12026, average latency(us): 503.47 UPDATE count: 12026, average latency(us): 140.70 
2026-10-09 00:06:04:780 20 sec: 44232 operations; 200 current ops/sec; est completion in 5 days 5 hours READ count: 1, average latency(us): 5413.00 READ-MODIFY-WRITE count: 1, average latency(us): 5590.00 CLEANUP count: 1, average latency(us): 1028.00 UPDATE count: 1, average latency(us): 175.00 


/opt/hostedtoolcache/Java_Temurin-Hotspot_jdk/17.0.20-1/x64/bin/java  -classpath /home/runner/ycsb-mongodb-binding-0.17.0/conf:/home/runner/ycsb-mongodb-binding-0.17.0/lib/HdrHistogram-2.1.4.jar:/home/runner/ycsb-mongodb-binding-0.17.0/lib/core-0.17.0.jar:/home/runner/ycsb-mongodb-binding-0.17.0/lib/htrace-core4-4.1.0-incubating.jar:/home/runner/ycsb-mongodb-binding-0.17.0/lib/jackson-core-asl-1.9.4.jar:/home/runner/ycsb-mongodb-binding-0.17.0/lib/jackson-mapper-asl-1.9.4.jar:/home/runner/ycsb-mongodb-binding-0.17.0/lib/logback-classic-1.1.2.jar:/home/runner/ycsb-mongodb-binding-0.17.0/lib/logback-core-1.1.2.jar:/home/runner/ycsb-mongodb-binding-0.17.0/lib/mongo-java-driver-3.8.0.jar:/home/runner/ycsb-mongodb-binding-0.17.0/lib/mongodb-async-driver-2.0.1.jar:/home/runner/ycsb-mongodb-binding-0.17.0/lib/mongodb-binding-0.17.0.jar:/home/runner/ycsb-mongodb-binding-0.17.0/lib/slf4j-api-1.7.25.jar:/home/runner/ycsb-mongodb-binding-0.17.0/lib/snappy-java-1.1.7.1.jar site.ycsb.Client -t -db site.ycsb.db.MongoDbClient -s -P /home/runner/ycsb-mongodb-binding-0.17.0/workloads/workloadf -p mongodb.url=mongodb://127.0.0.1:27017/ycsb?w=1 -p measurementtype=raw -p measurement.raw.output_file=/home/runner/work/The-Omni-Compass/The-Omni-Compass/out/ycsb-f/rep-1/omni/notch-4.raw -p recordcount=500000 -p operationcount=1000000000 -p maxexecutiontime=20 -p target=3000 -p threads=32 -p insertstart=0 -p insertorder=ordered -p requestdistribution=uniform -p seed=100103
mongo client connection created with mongodb://127.0.0.1:27017/ycsb?w=1
Raw data measurement: will output to result file: /home/runner/work/The-Omni-Compass/The-Omni-Compass/out/ycsb-f/rep-1/omni/notch-4.raw
Raw data measurement: will output to result file: /home/runner/work/The-Omni-Compass/The-Omni-Compass/out/ycsb-f/rep-1/omni/notch-4.raw
Raw data measurement: will output to result file: /home/runner/work/The-Omni-Compass/The-Omni-Compass/out/ycsb-f/rep-1/omni/notch-4.raw
Raw data measurement: will output to result file: /home/runner/work/The-Omni-Compass/The-Omni-Compass/out/ycsb-f/rep-1/omni/notch-4.raw
[OVERALL], RunTime(ms), 20003
[OVERALL], Throughput(ops/sec), 2962.305654151877
[TOTAL_GCS_G1_Young_Generation], Count, 15
[TOTAL_GC_TIME_G1_Young_Generation], Time(ms), 61
[TOTAL_GC_TIME_%_G1_Young_Generation], Time(%), 0.3049542568614708
[TOTAL_GCS_G1_Old_Generation], Count, 0
[TOTAL_GC_TIME_G1_Old_Generation], Time(ms), 0
[TOTAL_GC_TIME_%_G1_Old_Generation], Time(%), 0.0
[TOTAL_GCs], Count, 15
[TOTAL_GC_TIME], Time(ms), 61
[TOTAL_GC_TIME_%], Time(%), 0.3049542568614708
[READ], Total Operations, 59255
[READ], Below is a summary of latency in microseconds:, -1
[READ], Average, 150.48655809636318
[READ], Min, 92
[READ], Max, 174377
[READ], p1, 99
[READ], p5, 105
[READ], p50, 140
[READ], p90, 173
[READ], p95, 190
[READ], p99, 311
[READ], p99.9, 1071
[READ], p99.99, 6873
[READ], Return=OK, 59255
[READ-MODIFY-WRITE], Total Operations, 29572
[READ-MODIFY-WRITE], Below is a summary of latency in microseconds:, -1
[READ-MODIFY-WRITE], Average, 308.89070742594345
[READ-MODIFY-WRITE], Min, 210
[READ-MODIFY-WRITE], Max, 174731
[READ-MODIFY-WRITE], p1, 223
[READ-MODIFY-WRITE], p5, 230
[READ-MODIFY-WRITE], p50, 294
[READ-MODIFY-WRITE], p90, 353
[READ-MODIFY-WRITE], p95, 395
[READ-MODIFY-WRITE], p99, 631
[READ-MODIFY-WRITE], p99.9, 2133
[READ-MODIFY-WRITE], p99.99, 15196
[CLEANUP], Total Operations, 1
[CLEANUP], Below is a summary of latency in microseconds:, -1
[CLEANUP], Average, 984.0
[CLEANUP], Min, 984
[CLEANUP], Max, 984
[CLEANUP], p1, 984
[CLEANUP], p5, 984
[CLEANUP], p50, 984
[CLEANUP], p90, 984
[CLEANUP], p95, 984
[CLEANUP], p99, 984
[CLEANUP], p99.9, 984
[CLEANUP], p99.99, 984
[UPDATE], Total Operations, 29572
[UPDATE], Below is a summary of latency in microseconds:, -1
[UPDATE], Average, 153.37961585283375
[UPDATE], Min, 111
[UPDATE], Max, 7520
[UPDATE], p1, 120
[UPDATE], p5, 122
[UPDATE], p50, 153
[UPDATE], p90, 182
[UPDATE], p95, 202
[UPDATE], p99, 303
[UPDATE], p99.9, 1061
[UPDATE], p99.99, 5318
[UPDATE], Return=OK, 29572

Command line: -t -db site.ycsb.db.MongoDbClient -s -P /home/runner/ycsb-mongodb-binding-0.17.0/workloads/workloadf -p mongodb.url=mongodb://127.0.0.1:27017/ycsb?w=1 -p measurementtype=raw -p measurement.raw.output_file=/home/runner/work/The-Omni-Compass/The-Omni-Compass/out/ycsb-f/rep-1/omni/notch-4.raw -p recordcount=500000 -p operationcount=1000000000 -p maxexecutiontime=20 -p target=3000 -p threads=32 -p insertstart=0 -p insertorder=ordered -p requestdistribution=uniform -p seed=100103
YCSB Client 0.17.0

Loading workload...
Starting test.
Maximum execution time specified as: 20 secs
2026-10-09 00:06:05:395 0 sec: 0 operations; est completion in 0 second 
DBWrapper: report latency for each error is false and specific error codes to track for latency are: []
2026-10-09 00:06:15:365 10 sec: 29252 operations; 2924.91 current ops/sec; est completion in 3 days 22 hours READ count: 29254, average latency(us): 158.23 READ-MODIFY-WRITE count: 14617, average latency(us): 328.46 UPDATE count: 14617, average latency(us): 166.38 
Maximum time elapsed. Requesting stop for the workload.
Stop requested for workload. Now Joining!
2026-10-09 00:06:25:365 20 sec: 59253 operations; 3000.1 current ops/sec; est completion in 3 days 21 hours READ count: 30000, average latency(us): 142.93 READ-MODIFY-WRITE count: 14954, average latency(us): 289.75 UPDATE count: 14954, average latency(us): 140.67 
2026-10-09 00:06:25:367 20 sec: 59255 operations; 1000 current ops/sec; est completion in 3 days 21 hours READ count: 1, average latency(us): 348.00 READ-MODIFY-WRITE count: 1, average latency(us): 521.00 CLEANUP count: 1, average latency(us): 984.00 UPDATE count: 1, average latency(us): 171.00 


/opt/hostedtoolcache/Java_Temurin-Hotspot_jdk/17.0.20-1/x64/bin/java  -classpath /home/runner/ycsb-mongodb-binding-0.17.0/conf:/home/runner/ycsb-mongodb-binding-0.17.0/lib/HdrHistogram-2.1.4.jar:/home/runner/ycsb-mongodb-binding-0.17.0/lib/core-0.17.0.jar:/home/runner/ycsb-mongodb-binding-0.17.0/lib/htrace-core4-4.1.0-incubating.jar:/home/runner/ycsb-mongodb-binding-0.17.0/lib/jackson-core-asl-1.9.4.jar:/home/runner/ycsb-mongodb-binding-0.17.0/lib/jackson-mapper-asl-1.9.4.jar:/home/runner/ycsb-mongodb-binding-0.17.0/lib/logback-classic-1.1.2.jar:/home/runner/ycsb-mongodb-binding-0.17.0/lib/logback-core-1.1.2.jar:/home/runner/ycsb-mongodb-binding-0.17.0/lib/mongo-java-driver-3.8.0.jar:/home/runner/ycsb-mongodb-binding-0.17.0/lib/mongodb-async-driver-2.0.1.jar:/home/runner/ycsb-mongodb-binding-0.17.0/lib/mongodb-binding-0.17.0.jar:/home/runner/ycsb-mongodb-binding-0.17.0/lib/slf4j-api-1.7.25.jar:/home/runner/ycsb-mongodb-binding-0.17.0/lib/snappy-java-1.1.7.1.jar site.ycsb.Client -t -db site.ycsb.db.MongoDbClient -s -P /home/runner/ycsb-mongodb-binding-0.17.0/workloads/workloadf -p mongodb.url=mongodb://127.0.0.1:27017/ycsb?w=1 -p measurementtype=raw -p measurement.raw.output_file=/home/runner/work/The-Omni-Compass/The-Omni-Compass/out/ycsb-f/rep-1/omni/notch-5.raw -p recordcount=750000 -p operationcount=1000000000 -p maxexecutiontime=20 -p target=3000 -p threads=32 -p insertstart=0 -p insertorder=ordered -p requestdistribution=uniform -p seed=100104
mongo client connection created with mongodb://127.0.0.1:27017/ycsb?w=1
Raw data measurement: will output to result file: /home/runner/work/The-Omni-Compass/The-Omni-Compass/out/ycsb-f/rep-1/omni/notch-5.raw
Raw data measurement: will output to result file: /home/runner/work/The-Omni-Compass/The-Omni-Compass/out/ycsb-f/rep-1/omni/notch-5.raw
Raw data measurement: will output to result file: /home/runner/work/The-Omni-Compass/The-Omni-Compass/out/ycsb-f/rep-1/omni/notch-5.raw
Raw data measurement: will output to result file: /home/runner/work/The-Omni-Compass/The-Omni-Compass/out/ycsb-f/rep-1/omni/notch-5.raw
[OVERALL], RunTime(ms), 20002
[OVERALL], Throughput(ops/sec), 2961.2038796120387
[TOTAL_GCS_G1_Young_Generation], Count, 15
[TOTAL_GC_TIME_G1_Young_Generation], Time(ms), 69
[TOTAL_GC_TIME_%_G1_Young_Generation], Time(%), 0.34496550344965504
[TOTAL_GCS_G1_Old_Generation], Count, 0
[TOTAL_GC_TIME_G1_Old_Generation], Time(ms), 0
[TOTAL_GC_TIME_%_G1_Old_Generation], Time(%), 0.0
[TOTAL_GCs], Count, 15
[TOTAL_GC_TIME], Time(ms), 69
[TOTAL_GC_TIME_%], Time(%), 0.34496550344965504
[READ], Total Operations, 59230
[READ], Below is a summary of latency in microseconds:, -1
[READ], Average, 190.57925037987508
[READ], Min, 91
[READ], Max, 204349
[READ], p1, 98
[READ], p5, 104
[READ], p50, 138
[READ], p90, 177
[READ], p95, 221
[READ], p99, 400
[READ], p99.9, 6566
[READ], p99.99, 93253
[READ], Return=OK, 59230
[READ-MODIFY-WRITE], Total Operations, 29317
[READ-MODIFY-WRITE], Below is a summary of latency in microseconds:, -1
[READ-MODIFY-WRITE], Average, 344.85527168537027
[READ-MODIFY-WRITE], Min, 208
[READ-MODIFY-WRITE], Max, 151633
[READ-MODIFY-WRITE], p1, 221
[READ-MODIFY-WRITE], p5, 228
[READ-MODIFY-WRITE], p50, 291
[READ-MODIFY-WRITE], p90, 361
[READ-MODIFY-WRITE], p95, 435
[READ-MODIFY-WRITE], p99, 686
[READ-MODIFY-WRITE], p99.9, 6742
[READ-MODIFY-WRITE], p99.99, 88802
[CLEANUP], Total Operations, 1
[CLEANUP], Below is a summary of latency in microseconds:, -1
[CLEANUP], Average, 1155.0
[CLEANUP], Min, 1155
[CLEANUP], Max, 1155
[CLEANUP], p1, 1155
[CLEANUP], p5, 1155
[CLEANUP], p50, 1155
[CLEANUP], p90, 1155
[CLEANUP], p95, 1155
[CLEANUP], p99, 1155
[CLEANUP], p99.9, 1155
[CLEANUP], p99.99, 1155
[UPDATE], Total Operations, 29317
[UPDATE], Below is a summary of latency in microseconds:, -1
[UPDATE], Average, 151.67957157962957
[UPDATE], Min, 114
[UPDATE], Max, 4978
[UPDATE], p1, 120
[UPDATE], p5, 121
[UPDATE], p50, 149
[UPDATE], p90, 179
[UPDATE], p95, 198
[UPDATE], p99, 307
[UPDATE], p99.9, 675
[UPDATE], p99.99, 2529
[UPDATE], Return=OK, 29317

Command line: -t -db site.ycsb.db.MongoDbClient -s -P /home/runner/ycsb-mongodb-binding-0.17.0/workloads/workloadf -p mongodb.url=mongodb://127.0.0.1:27017/ycsb?w=1 -p measurementtype=raw -p measurement.raw.output_file=/home/runner/work/The-Omni-Compass/The-Omni-Compass/out/ycsb-f/rep-1/omni/notch-5.raw -p recordcount=750000 -p operationcount=1000000000 -p maxexecutiontime=20 -p target=3000 -p threads=32 -p insertstart=0 -p insertorder=ordered -p requestdistribution=uniform -p seed=100104
YCSB Client 0.17.0

Loading workload...
Starting test.
Maximum execution time specified as: 20 secs
2026-10-09 00:06:26:040 0 sec: 0 operations; est completion in 0 second 
DBWrapper: report latency for each error is false and specific error codes to track for latency are: []
2026-10-09 00:06:36:011 10 sec: 29229 operations; 2922.9 current ops/sec; est completion in 3 days 23 hours READ count: 29231, average latency(us): 226.55 READ-MODIFY-WRITE count: 14404, average latency(us): 398.63 UPDATE count: 14404, average latency(us): 160.64 
Maximum time elapsed. Requesting stop for the workload.
Stop requested for workload. Now Joining!
2026-10-09 00:06:46:011 20 sec: 59229 operations; 3000 current ops/sec; est completion in 3 days 21 hours READ count: 29999, average latency(us): 155.53 READ-MODIFY-WRITE count: 14913, average latency(us): 292.92 UPDATE count: 14913, average latency(us): 143.02 
2026-10-09 00:06:46:013 20 sec: 59230 operations; 500 current ops/sec; est completion in 3 days 21 hours   CLEANUP count: 1, average latency(us): 1155.00  


/opt/hostedtoolcache/Java_Temurin-Hotspot_jdk/17.0.20-1/x64/bin/java  -classpath /home/runner/ycsb-mongodb-binding-0.17.0/conf:/home/runner/ycsb-mongodb-binding-0.17.0/lib/HdrHistogram-2.1.4.jar:/home/runner/ycsb-mongodb-binding-0.17.0/lib/core-0.17.0.jar:/home/runner/ycsb-mongodb-binding-0.17.0/lib/htrace-core4-4.1.0-incubating.jar:/home/runner/ycsb-mongodb-binding-0.17.0/lib/jackson-core-asl-1.9.4.jar:/home/runner/ycsb-mongodb-binding-0.17.0/lib/jackson-mapper-asl-1.9.4.jar:/home/runner/ycsb-mongodb-binding-0.17.0/lib/logback-classic-1.1.2.jar:/home/runner/ycsb-mongodb-binding-0.17.0/lib/logback-core-1.1.2.jar:/home/runner/ycsb-mongodb-binding-0.17.0/lib/mongo-java-driver-3.8.0.jar:/home/runner/ycsb-mongodb-binding-0.17.0/lib/mongodb-async-driver-2.0.1.jar:/home/runner/ycsb-mongodb-binding-0.17.0/lib/mongodb-binding-0.17.0.jar:/home/runner/ycsb-mongodb-binding-0.17.0/lib/slf4j-api-1.7.25.jar:/home/runner/ycsb-mongodb-binding-0.17.0/lib/snappy-java-1.1.7.1.jar site.ycsb.Client -t -db site.ycsb.db.MongoDbClient -s -P /home/runner/ycsb-mongodb-binding-0.17.0/workloads/workloadf -p mongodb.url=mongodb://127.0.0.1:27017/ycsb?w=1 -p measurementtype=raw -p measurement.raw.output_file=/home/runner/work/The-Omni-Compass/The-Omni-Compass/out/ycsb-f/rep-1/omni/notch-6.raw -p recordcount=1000000 -p operationcount=1000000000 -p maxexecutiontime=20 -p target=3000 -p threads=32 -p insertstart=0 -p insertorder=ordered -p requestdistribution=uniform -p seed=100105
mongo client connection created with mongodb://127.0.0.1:27017/ycsb?w=1
Raw data measurement: will output to result file: /home/runner/work/The-Omni-Compass/The-Omni-Compass/out/ycsb-f/rep-1/omni/notch-6.raw
Raw data measurement: will output to result file: /home/runner/work/The-Omni-Compass/The-Omni-Compass/out/ycsb-f/rep-1/omni/notch-6.raw
Raw data measurement: will output to result file: /home/runner/work/The-Omni-Compass/The-Omni-Compass/out/ycsb-f/rep-1/omni/notch-6.raw
Raw data measurement: will output to result file: /home/runner/work/The-Omni-Compass/The-Omni-Compass/out/ycsb-f/rep-1/omni/notch-6.raw
[OVERALL], RunTime(ms), 20016
[OVERALL], Throughput(ops/sec), 2776.2789768185453
[TOTAL_GCS_G1_Young_Generation], Count, 14
[TOTAL_GC_TIME_G1_Young_Generation], Time(ms), 55
[TOTAL_GC_TIME_%_G1_Young_Generation], Time(%), 0.2747801758593126
[TOTAL_GCS_G1_Old_Generation], Count, 0
[TOTAL_GC_TIME_G1_Old_Generation], Time(ms), 0
[TOTAL_GC_TIME_%_G1_Old_Generation], Time(%), 0.0
[TOTAL_GCs], Count, 14
[TOTAL_GC_TIME], Time(ms), 55
[TOTAL_GC_TIME_%], Time(%), 0.2747801758593126
[READ], Total Operations, 55570
[READ], Below is a summary of latency in microseconds:, -1
[READ], Average, 248.47343890588448
[READ], Min, 88
[READ], Max, 124210
[READ], p1, 98
[READ], p5, 106
[READ], p50, 138
[READ], p90, 289
[READ], p95, 334
[READ], p99, 525
[READ], p99.9, 24826
[READ], p99.99, 102068
[READ], Return=OK, 55570
[READ-MODIFY-WRITE], Total Operations, 27791
[READ-MODIFY-WRITE], Below is a summary of latency in microseconds:, -1
[READ-MODIFY-WRITE], Average, 420.18293692202514
[READ-MODIFY-WRITE], Min, 211
[READ-MODIFY-WRITE], Max, 124587
[READ-MODIFY-WRITE], p1, 222
[READ-MODIFY-WRITE], p5, 231
[READ-MODIFY-WRITE], p50, 287
[READ-MODIFY-WRITE], p90, 440
[READ-MODIFY-WRITE], p95, 508
[READ-MODIFY-WRITE], p99, 903
[READ-MODIFY-WRITE], p99.9, 33725
[READ-MODIFY-WRITE], p99.99, 107169
[CLEANUP], Total Operations, 1
[CLEANUP], Below is a summary of latency in microseconds:, -1
[CLEANUP], Average, 1042.0
[CLEANUP], Min, 1042
[CLEANUP], Max, 1042
[CLEANUP], p1, 1042
[CLEANUP], p5, 1042
[CLEANUP], p50, 1042
[CLEANUP], p90, 1042
[CLEANUP], p95, 1042
[CLEANUP], p99, 1042
[CLEANUP], p99.9, 1042
[CLEANUP], p99.99, 1042
[UPDATE], Total Operations, 27791
[UPDATE], Below is a summary of latency in microseconds:, -1
[UPDATE], Average, 151.2639343672412
[UPDATE], Min, 113
[UPDATE], Max, 5158
[UPDATE], p1, 120
[UPDATE], p5, 121
[UPDATE], p50, 144
[UPDATE], p90, 176
[UPDATE], p95, 196
[UPDATE], p99, 303
[UPDATE], p99.9, 717
[UPDATE], p99.99, 4463
[UPDATE], Return=OK, 27791

Command line: -t -db site.ycsb.db.MongoDbClient -s -P /home/runner/ycsb-mongodb-binding-0.17.0/workloads/workloadf -p mongodb.url=mongodb://127.0.0.1:27017/ycsb?w=1 -p measurementtype=raw -p measurement.raw.output_file=/home/runner/work/The-Omni-Compass/The-Omni-Compass/out/ycsb-f/rep-1/omni/notch-6.raw -p recordcount=1000000 -p operationcount=1000000000 -p maxexecutiontime=20 -p target=3000 -p threads=32 -p insertstart=0 -p insertorder=ordered -p requestdistribution=uniform -p seed=100105
YCSB Client 0.17.0

Loading workload...
Starting test.
Maximum execution time specified as: 20 secs
2026-10-09 00:06:46:686 0 sec: 0 operations; est completion in 0 second 
DBWrapper: report latency for each error is false and specific error codes to track for latency are: []
2026-10-09 00:06:56:655 10 sec: 28054 operations; 2805.4 current ops/sec; est completion in 4 days 3 hours READ count: 28056, average latency(us): 263.34 READ-MODIFY-WRITE count: 14086, average latency(us): 449.53 UPDATE count: 14086, average latency(us): 160.56 
Maximum time elapsed. Requesting stop for the workload.
Stop requested for workload. Now Joining!
2026-10-09 00:07:06:654 20 sec: 55569 operations; 2751.5 current ops/sec; est completion in 4 days 3 hours READ count: 27513, average latency(us): 232.35 READ-MODIFY-WRITE count: 13705, average latency(us): 390.02 UPDATE count: 13705, average latency(us): 141.71 
2026-10-09 00:07:06:670 20 sec: 55570 operations; 62.5 current ops/sec; est completion in 4 days 4 hours READ count: 1, average latency(us): 26815.00  CLEANUP count: 1, average latency(us): 1042.00  


/opt/hostedtoolcache/Java_Temurin-Hotspot_jdk/17.0.20-1/x64/bin/java  -classpath /home/runner/ycsb-mongodb-binding-0.17.0/conf:/home/runner/ycsb-mongodb-binding-0.17.0/lib/HdrHistogram-2.1.4.jar:/home/runner/ycsb-mongodb-binding-0.17.0/lib/core-0.17.0.jar:/home/runner/ycsb-mongodb-binding-0.17.0/lib/htrace-core4-4.1.0-incubating.jar:/home/runner/ycsb-mongodb-binding-0.17.0/lib/jackson-core-asl-1.9.4.jar:/home/runner/ycsb-mongodb-binding-0.17.0/lib/jackson-mapper-asl-1.9.4.jar:/home/runner/ycsb-mongodb-binding-0.17.0/lib/logback-classic-1.1.2.jar:/home/runner/ycsb-mongodb-binding-0.17.0/lib/logback-core-1.1.2.jar:/home/runner/ycsb-mongodb-binding-0.17.0/lib/mongo-java-driver-3.8.0.jar:/home/runner/ycsb-mongodb-binding-0.17.0/lib/mongodb-async-driver-2.0.1.jar:/home/runner/ycsb-mongodb-binding-0.17.0/lib/mongodb-binding-0.17.0.jar:/home/runner/ycsb-mongodb-binding-0.17.0/lib/slf4j-api-1.7.25.jar:/home/runner/ycsb-mongodb-binding-0.17.0/lib/snappy-java-1.1.7.1.jar site.ycsb.Client -t -db site.ycsb.db.MongoDbClient -s -P /home/runner/ycsb-mongodb-binding-0.17.0/workloads/workloadf -p mongodb.url=mongodb://127.0.0.1:27017/ycsb?w=1 -p measurementtype=raw -p measurement.raw.output_file=/home/runner/work/The-Omni-Compass/The-Omni-Compass/out/ycsb-f/rep-1/omni/notch-7.raw -p recordcount=1250000 -p operationcount=1000000000 -p maxexecutiontime=20 -p target=3000 -p threads=32 -p insertstart=0 -p insertorder=ordered -p requestdistribution=uniform -p seed=100106
mongo client connection created with mongodb://127.0.0.1:27017/ycsb?w=1
Raw data measurement: will output to result file: /home/runner/work/The-Omni-Compass/The-Omni-Compass/out/ycsb-f/rep-1/omni/notch-7.raw
Raw data measurement: will output to result file: /home/runner/work/The-Omni-Compass/The-Omni-Compass/out/ycsb-f/rep-1/omni/notch-7.raw
Raw data measurement: will output to result file: /home/runner/work/The-Omni-Compass/The-Omni-Compass/out/ycsb-f/rep-1/omni/notch-7.raw
Raw data measurement: will output to result file: /home/runner/work/The-Omni-Compass/The-Omni-Compass/out/ycsb-f/rep-1/omni/notch-7.raw
[OVERALL], RunTime(ms), 20003
[OVERALL], Throughput(ops/sec), 2959.606059091136
[TOTAL_GCS_G1_Young_Generation], Count, 15
[TOTAL_GC_TIME_G1_Young_Generation], Time(ms), 61
[TOTAL_GC_TIME_%_G1_Young_Generation], Time(%), 0.3049542568614708
[TOTAL_GCS_G1_Old_Generation], Count, 0
[TOTAL_GC_TIME_G1_Old_Generation], Time(ms), 0
[TOTAL_GC_TIME_%_G1_Old_Generation], Time(%), 0.0
[TOTAL_GCs], Count, 15
[TOTAL_GC_TIME], Time(ms), 61
[TOTAL_GC_TIME_%], Time(%), 0.3049542568614708
[READ], Total Operations, 59201
[READ], Below is a summary of latency in microseconds:, -1
[READ], Average, 197.10851168054594
[READ], Min, 91
[READ], Max, 123309
[READ], p1, 99
[READ], p5, 108
[READ], p50, 141
[READ], p90, 292
[READ], p95, 340
[READ], p99, 533
[READ], p99.9, 6969
[READ], p99.99, 78323
[READ], Return=OK, 59201
[READ-MODIFY-WRITE], Total Operations, 29565
[READ-MODIFY-WRITE], Below is a summary of latency in microseconds:, -1
[READ-MODIFY-WRITE], Average, 347.3640115000846
[READ-MODIFY-WRITE], Min, 213
[READ-MODIFY-WRITE], Max, 101779
[READ-MODIFY-WRITE], p1, 223
[READ-MODIFY-WRITE], p5, 232
[READ-MODIFY-WRITE], p50, 294
[READ-MODIFY-WRITE], p90, 448
[READ-MODIFY-WRITE], p95, 517
[READ-MODIFY-WRITE], p99, 945
[READ-MODIFY-WRITE], p99.9, 6898
[READ-MODIFY-WRITE], p99.99, 51952
[CLEANUP], Total Operations, 1
[CLEANUP], Below is a summary of latency in microseconds:, -1
[CLEANUP], Average, 1003.0
[CLEANUP], Min, 1003
[CLEANUP], Max, 1003
[CLEANUP], p1, 1003
[CLEANUP], p5, 1003
[CLEANUP], p50, 1003
[CLEANUP], p90, 1003
[CLEANUP], p95, 1003
[CLEANUP], p99, 1003
[CLEANUP], p99.9, 1003
[CLEANUP], p99.99, 1003
[UPDATE], Total Operations, 29565
[UPDATE], Below is a summary of latency in microseconds:, -1
[UPDATE], Average, 151.97223067816674
[UPDATE], Min, 110
[UPDATE], Max, 5974
[UPDATE], p1, 120
[UPDATE], p5, 122
[UPDATE], p50, 146
[UPDATE], p90, 181
[UPDATE], p95, 203
[UPDATE], p99, 295
[UPDATE], p99.9, 865
[UPDATE], p99.99, 4167
[UPDATE], Return=OK, 29565

Command line: -t -db site.ycsb.db.MongoDbClient -s -P /home/runner/ycsb-mongodb-binding-0.17.0/workloads/workloadf -p mongodb.url=mongodb://127.0.0.1:27017/ycsb?w=1 -p measurementtype=raw -p measurement.raw.output_file=/home/runner/work/The-Omni-Compass/The-Omni-Compass/out/ycsb-f/rep-1/omni/notch-7.raw -p recordcount=1250000 -p operationcount=1000000000 -p maxexecutiontime=20 -p target=3000 -p threads=32 -p insertstart=0 -p insertorder=ordered -p requestdistribution=uniform -p seed=100106
YCSB Client 0.17.0

Loading workload...
Starting test.
Maximum execution time specified as: 20 secs
2026-10-09 00:07:07:297 0 sec: 0 operations; est completion in 0 second 
DBWrapper: report latency for each error is false and specific error codes to track for latency are: []
2026-10-09 00:07:17:265 10 sec: 29175 operations; 2917.5 current ops/sec; est completion in 3 days 23 hours READ count: 29175, average latency(us): 215.78 READ-MODIFY-WRITE count: 14590, average latency(us): 379.40 UPDATE count: 14590, average latency(us): 164.40 
2026-10-09 00:07:27:265 20 sec: 59197 operations; 3002.2 current ops/sec; est completion in 3 days 21 hours READ count: 30023, average latency(us): 178.97 READ-MODIFY-WRITE count: 14973, average latency(us): 316.14 UPDATE count: 14973, average latency(us): 139.86 
Maximum time elapsed. Requesting stop for the workload.
Stop requested for workload. Now Joining!
2026-10-09 00:07:27:268 20 sec: 59201 operations; 2000 current ops/sec; est completion in 3 days 21 hours READ count: 3, average latency(us): 173.33 READ-MODIFY-WRITE count: 2, average latency(us): 396.00 CLEANUP count: 1, average latency(us): 1003.00 UPDATE count: 2, average latency(us): 177.00 


/opt/hostedtoolcache/Java_Temurin-Hotspot_jdk/17.0.20-1/x64/bin/java  -classpath /home/runner/ycsb-mongodb-binding-0.17.0/conf:/home/runner/ycsb-mongodb-binding-0.17.0/lib/HdrHistogram-2.1.4.jar:/home/runner/ycsb-mongodb-binding-0.17.0/lib/core-0.17.0.jar:/home/runner/ycsb-mongodb-binding-0.17.0/lib/htrace-core4-4.1.0-incubating.jar:/home/runner/ycsb-mongodb-binding-0.17.0/lib/jackson-core-asl-1.9.4.jar:/home/runner/ycsb-mongodb-binding-0.17.0/lib/jackson-mapper-asl-1.9.4.jar:/home/runner/ycsb-mongodb-binding-0.17.0/lib/logback-classic-1.1.2.jar:/home/runner/ycsb-mongodb-binding-0.17.0/lib/logback-core-1.1.2.jar:/home/runner/ycsb-mongodb-binding-0.17.0/lib/mongo-java-driver-3.8.0.jar:/home/runner/ycsb-mongodb-binding-0.17.0/lib/mongodb-async-driver-2.0.1.jar:/home/runner/ycsb-mongodb-binding-0.17.0/lib/mongodb-binding-0.17.0.jar:/home/runner/ycsb-mongodb-binding-0.17.0/lib/slf4j-api-1.7.25.jar:/home/runner/ycsb-mongodb-binding-0.17.0/lib/snappy-java-1.1.7.1.jar site.ycsb.Client -t -db site.ycsb.db.MongoDbClient -s -P /home/runner/ycsb-mongodb-binding-0.17.0/workloads/workloadf -p mongodb.url=mongodb://127.0.0.1:27017/ycsb?w=1 -p measurementtype=raw -p measurement.raw.output_file=/home/runner/work/The-Omni-Compass/The-Omni-Compass/out/ycsb-f/rep-1/omni/notch-8.raw -p recordcount=1500000 -p operationcount=1000000000 -p maxexecutiontime=20 -p target=3000 -p threads=32 -p insertstart=0 -p insertorder=ordered -p requestdistribution=uniform -p seed=100107
mongo client connection created with mongodb://127.0.0.1:27017/ycsb?w=1
Raw data measurement: will output to result file: /home/runner/work/The-Omni-Compass/The-Omni-Compass/out/ycsb-f/rep-1/omni/notch-8.raw
Raw data measurement: will output to result file: /home/runner/work/The-Omni-Compass/The-Omni-Compass/out/ycsb-f/rep-1/omni/notch-8.raw
Raw data measurement: will output to result file: /home/runner/work/The-Omni-Compass/The-Omni-Compass/out/ycsb-f/rep-1/omni/notch-8.raw
Raw data measurement: will output to result file: /home/runner/work/The-Omni-Compass/The-Omni-Compass/out/ycsb-f/rep-1/omni/notch-8.raw
[OVERALL], RunTime(ms), 20039
[OVERALL], Throughput(ops/sec), 2783.8714506711913
[TOTAL_GCS_G1_Young_Generation], Count, 14
[TOTAL_GC_TIME_G1_Young_Generation], Time(ms), 53
[TOTAL_GC_TIME_%_G1_Young_Generation], Time(%), 0.26448425570138234
[TOTAL_GCS_G1_Old_Generation], Count, 0
[TOTAL_GC_TIME_G1_Old_Generation], Time(ms), 0
[TOTAL_GC_TIME_%_G1_Old_Generation], Time(%), 0.0
[TOTAL_GCs], Count, 14
[TOTAL_GC_TIME], Time(ms), 53
[TOTAL_GC_TIME_%], Time(%), 0.26448425570138234
[READ], Total Operations, 55786
[READ], Below is a summary of latency in microseconds:, -1
[READ], Average, 222.65654465278027
[READ], Min, 88
[READ], Max, 105478
[READ], p1, 101
[READ], p5, 110
[READ], p50, 150
[READ], p90, 304
[READ], p95, 344
[READ], p99, 465
[READ], p99.9, 9745
[READ], p99.99, 86366
[READ], Return=OK, 55786
[READ-MODIFY-WRITE], Total Operations, 27829
[READ-MODIFY-WRITE], Below is a summary of latency in microseconds:, -1
[READ-MODIFY-WRITE], Average, 377.73179057817384
[READ-MODIFY-WRITE], Min, 212
[READ-MODIFY-WRITE], Max, 97509
[READ-MODIFY-WRITE], p1, 225
[READ-MODIFY-WRITE], p5, 234
[READ-MODIFY-WRITE], p50, 305
[READ-MODIFY-WRITE], p90, 460
[READ-MODIFY-WRITE], p95, 519
[READ-MODIFY-WRITE], p99, 805
[READ-MODIFY-WRITE], p99.9, 11496
[READ-MODIFY-WRITE], p99.99, 82121
[CLEANUP], Total Operations, 1
[CLEANUP], Below is a summary of latency in microseconds:, -1
[CLEANUP], Average, 1109.0
[CLEANUP], Min, 1109
[CLEANUP], Max, 1109
[CLEANUP], p1, 1109
[CLEANUP], p5, 1109
[CLEANUP], p50, 1109
[CLEANUP], p90, 1109
[CLEANUP], p95, 1109
[CLEANUP], p99, 1109
[CLEANUP], p99.9, 1109
[CLEANUP], p99.99, 1109
[UPDATE], Total Operations, 27829
[UPDATE], Below is a summary of latency in microseconds:, -1
[UPDATE], Average, 154.06777103022029
[UPDATE], Min, 111
[UPDATE], Max, 5350
[UPDATE], p1, 120
[UPDATE], p5, 122
[UPDATE], p50, 153
[UPDATE], p90, 183
[UPDATE], p95, 206
[UPDATE], p99, 306
[UPDATE], p99.9, 725
[UPDATE], p99.99, 2841
[UPDATE], Return=OK, 27829

Command line: -t -db site.ycsb.db.MongoDbClient -s -P /home/runner/ycsb-mongodb-binding-0.17.0/workloads/workloadf -p mongodb.url=mongodb://127.0.0.1:27017/ycsb?w=1 -p measurementtype=raw -p measurement.raw.output_file=/home/runner/work/The-Omni-Compass/The-Omni-Compass/out/ycsb-f/rep-1/omni/notch-8.raw -p recordcount=1500000 -p operationcount=1000000000 -p maxexecutiontime=20 -p target=3000 -p threads=32 -p insertstart=0 -p insertorder=ordered -p requestdistribution=uniform -p seed=100107
YCSB Client 0.17.0

Loading workload...
Starting test.
Maximum execution time specified as: 20 secs
2026-10-09 00:07:27:922 0 sec: 0 operations; est completion in 0 second 
DBWrapper: report latency for each error is false and specific error codes to track for latency are: []
2026-10-09 00:07:37:894 10 sec: 29196 operations; 2919.6 current ops/sec; est completion in 3 days 23 hours READ count: 29198, average latency(us): 202.98 READ-MODIFY-WRITE count: 14617, average latency(us): 372.05 UPDATE count: 14617, average latency(us): 163.58 
2026-10-09 00:07:47:894 20 sec: 55785 operations; 2658.9 current ops/sec; est completion in 4 days 3 hours READ count: 26587, average latency(us): 241.59 READ-MODIFY-WRITE count: 13211, average latency(us): 378.62 UPDATE count: 13211, average latency(us): 143.53 
Maximum time elapsed. Requesting stop for the workload.
Stop requested for workload. Now Joining!
2026-10-09 00:07:47:933 20 sec: 55786 operations; 25.64 current ops/sec; est completion in 4 days 3 hours READ count: 1, average latency(us): 71405.00 READ-MODIFY-WRITE count: 1, average latency(us): 71730.00 CLEANUP count: 1, average latency(us): 1109.00 UPDATE count: 1, average latency(us): 320.00 


/opt/hostedtoolcache/Java_Temurin-Hotspot_jdk/17.0.20-1/x64/bin/java  -classpath /home/runner/ycsb-mongodb-binding-0.17.0/conf:/home/runner/ycsb-mongodb-binding-0.17.0/lib/HdrHistogram-2.1.4.jar:/home/runner/ycsb-mongodb-binding-0.17.0/lib/core-0.17.0.jar:/home/runner/ycsb-mongodb-binding-0.17.0/lib/htrace-core4-4.1.0-incubating.jar:/home/runner/ycsb-mongodb-binding-0.17.0/lib/jackson-core-asl-1.9.4.jar:/home/runner/ycsb-mongodb-binding-0.17.0/lib/jackson-mapper-asl-1.9.4.jar:/home/runner/ycsb-mongodb-binding-0.17.0/lib/logback-classic-1.1.2.jar:/home/runner/ycsb-mongodb-binding-0.17.0/lib/logback-core-1.1.2.jar:/home/runner/ycsb-mongodb-binding-0.17.0/lib/mongo-java-driver-3.8.0.jar:/home/runner/ycsb-mongodb-binding-0.17.0/lib/mongodb-async-driver-2.0.1.jar:/home/runner/ycsb-mongodb-binding-0.17.0/lib/mongodb-binding-0.17.0.jar:/home/runner/ycsb-mongodb-binding-0.17.0/lib/slf4j-api-1.7.25.jar:/home/runner/ycsb-mongodb-binding-0.17.0/lib/snappy-java-1.1.7.1.jar site.ycsb.Client -t -db site.ycsb.db.MongoDbClient -s -P /home/runner/ycsb-mongodb-binding-0.17.0/workloads/workloadf -p mongodb.url=mongodb://127.0.0.1:27017/ycsb?w=1 -p measurementtype=raw -p measurement.raw.output_file=/home/runner/work/The-Omni-Compass/The-Omni-Compass/out/ycsb-f/rep-1/omni/notch-9.raw -p recordcount=1250000 -p operationcount=1000000000 -p maxexecutiontime=20 -p target=3000 -p threads=32 -p insertstart=0 -p insertorder=ordered -p requestdistribution=uniform -p seed=100108
mongo client connection created with mongodb://127.0.0.1:27017/ycsb?w=1
Raw data measurement: will output to result file: /home/runner/work/The-Omni-Compass/The-Omni-Compass/out/ycsb-f/rep-1/omni/notch-9.raw
Raw data measurement: will output to result file: /home/runner/work/The-Omni-Compass/The-Omni-Compass/out/ycsb-f/rep-1/omni/notch-9.raw
Raw data measurement: will output to result file: /home/runner/work/The-Omni-Compass/The-Omni-Compass/out/ycsb-f/rep-1/omni/notch-9.raw
Raw data measurement: will output to result file: /home/runner/work/The-Omni-Compass/The-Omni-Compass/out/ycsb-f/rep-1/omni/notch-9.raw
[OVERALL], RunTime(ms), 20002
[OVERALL], Throughput(ops/sec), 2960.853914608539
[TOTAL_GCS_G1_Young_Generation], Count, 15
[TOTAL_GC_TIME_G1_Young_Generation], Time(ms), 61
[TOTAL_GC_TIME_%_G1_Young_Generation], Time(%), 0.30496950304969506
[TOTAL_GCS_G1_Old_Generation], Count, 0
[TOTAL_GC_TIME_G1_Old_Generation], Time(ms), 0
[TOTAL_GC_TIME_%_G1_Old_Generation], Time(%), 0.0
[TOTAL_GCs], Count, 15
[TOTAL_GC_TIME], Time(ms), 61
[TOTAL_GC_TIME_%], Time(%), 0.30496950304969506
[READ], Total Operations, 59223
[READ], Below is a summary of latency in microseconds:, -1
[READ], Average, 158.1897573577833
[READ], Min, 94
[READ], Max, 100927
[READ], p1, 101
[READ], p5, 110
[READ], p50, 141
[READ], p90, 176
[READ], p95, 198
[READ], p99, 386
[READ], p99.9, 3029
[READ], p99.99, 15259
[READ], Return=OK, 59223
[READ-MODIFY-WRITE], Total Operations, 29598
[READ-MODIFY-WRITE], Below is a summary of latency in microseconds:, -1
[READ-MODIFY-WRITE], Average, 314.6136901141969
[READ-MODIFY-WRITE], Min, 212
[READ-MODIFY-WRITE], Max, 101285
[READ-MODIFY-WRITE], p1, 226
[READ-MODIFY-WRITE], p5, 234
[READ-MODIFY-WRITE], p50, 291
[READ-MODIFY-WRITE], p90, 360
[READ-MODIFY-WRITE], p95, 410
[READ-MODIFY-WRITE], p99, 710
[READ-MODIFY-WRITE], p99.9, 3550
[READ-MODIFY-WRITE], p99.99, 18209
[CLEANUP], Total Operations, 1
[CLEANUP], Below is a summary of latency in microseconds:, -1
[CLEANUP], Average, 1216.0
[CLEANUP], Min, 1216
[CLEANUP], Max, 1216
[CLEANUP], p1, 1216
[CLEANUP], p5, 1216
[CLEANUP], p50, 1216
[CLEANUP], p90, 1216
[CLEANUP], p95, 1216
[CLEANUP], p99, 1216
[CLEANUP], p99.9, 1216
[CLEANUP], p99.99, 1216
[UPDATE], Total Operations, 29598
[UPDATE], Below is a summary of latency in microseconds:, -1
[UPDATE], Average, 153.98300560848705
[UPDATE], Min, 114
[UPDATE], Max, 6292
[UPDATE], p1, 120
[UPDATE], p5, 122
[UPDATE], p50, 150
[UPDATE], p90, 184
[UPDATE], p95, 205
[UPDATE], p99, 316
[UPDATE], p99.9, 781
[UPDATE], p99.99, 4107
[UPDATE], Return=OK, 29598

Command line: -t -db site.ycsb.db.MongoDbClient -s -P /home/runner/ycsb-mongodb-binding-0.17.0/workloads/workloadf -p mongodb.url=mongodb://127.0.0.1:27017/ycsb?w=1 -p measurementtype=raw -p measurement.raw.output_file=/home/runner/work/The-Omni-Compass/The-Omni-Compass/out/ycsb-f/rep-1/omni/notch-9.raw -p recordcount=1250000 -p operationcount=1000000000 -p maxexecutiontime=20 -p target=3000 -p threads=32 -p insertstart=0 -p insertorder=ordered -p requestdistribution=uniform -p seed=100108
YCSB Client 0.17.0

Loading workload...
Starting test.
Maximum execution time specified as: 20 secs
2026-10-09 00:07:48:582 0 sec: 0 operations; est completion in 0 second 
DBWrapper: report latency for each error is false and specific error codes to track for latency are: []
2026-10-09 00:07:58:553 10 sec: 29217 operations; 2920.82 current ops/sec; est completion in 3 days 23 hours READ count: 29219, average latency(us): 169.97 READ-MODIFY-WRITE count: 14594, average latency(us): 340.54 UPDATE count: 14594, average latency(us): 166.25 
Maximum time elapsed. Requesting stop for the workload.
Stop requested for workload. Now Joining!
2026-10-09 00:08:08:551 20 sec: 59222 operations; 3001.4 current ops/sec; est completion in 3 days 21 hours READ count: 30004, average latency(us): 146.72 READ-MODIFY-WRITE count: 15004, average latency(us): 289.39 UPDATE count: 15004, average latency(us): 142.05 
2026-10-09 00:08:08:553 20 sec: 59223 operations; 500 current ops/sec; est completion in 3 days 21 hours   CLEANUP count: 1, average latency(us): 1216.00  


/opt/hostedtoolcache/Java_Temurin-Hotspot_jdk/17.0.20-1/x64/bin/java  -classpath /home/runner/ycsb-mongodb-binding-0.17.0/conf:/home/runner/ycsb-mongodb-binding-0.17.0/lib/HdrHistogram-2.1.4.jar:/home/runner/ycsb-mongodb-binding-0.17.0/lib/core-0.17.0.jar:/home/runner/ycsb-mongodb-binding-0.17.0/lib/htrace-core4-4.1.0-incubating.jar:/home/runner/ycsb-mongodb-binding-0.17.0/lib/jackson-core-asl-1.9.4.jar:/home/runner/ycsb-mongodb-binding-0.17.0/lib/jackson-mapper-asl-1.9.4.jar:/home/runner/ycsb-mongodb-binding-0.17.0/lib/logback-classic-1.1.2.jar:/home/runner/ycsb-mongodb-binding-0.17.0/lib/logback-core-1.1.2.jar:/home/runner/ycsb-mongodb-binding-0.17.0/lib/mongo-java-driver-3.8.0.jar:/home/runner/ycsb-mongodb-binding-0.17.0/lib/mongodb-async-driver-2.0.1.jar:/home/runner/ycsb-mongodb-binding-0.17.0/lib/mongodb-binding-0.17.0.jar:/home/runner/ycsb-mongodb-binding-0.17.0/lib/slf4j-api-1.7.25.jar:/home/runner/ycsb-mongodb-binding-0.17.0/lib/snappy-java-1.1.7.1.jar site.ycsb.Client -t -db site.ycsb.db.MongoDbClient -s -P /home/runner/ycsb-mongodb-binding-0.17.0/workloads/workloadf -p mongodb.url=mongodb://127.0.0.1:27017/ycsb?w=1 -p measurementtype=raw -p measurement.raw.output_file=/home/runner/work/The-Omni-Compass/The-Omni-Compass/out/ycsb-f/rep-1/omni/notch-10.raw -p recordcount=1000000 -p operationcount=1000000000 -p maxexecutiontime=20 -p target=3000 -p threads=32 -p insertstart=0 -p insertorder=ordered -p requestdistribution=uniform -p seed=100109
mongo client connection created with mongodb://127.0.0.1:27017/ycsb?w=1
Raw data measurement: will output to result file: /home/runner/work/The-Omni-Compass/The-Omni-Compass/out/ycsb-f/rep-1/omni/notch-10.raw
Raw data measurement: will output to result file: /home/runner/work/The-Omni-Compass/The-Omni-Compass/out/ycsb-f/rep-1/omni/notch-10.raw
Raw data measurement: will output to result file: /home/runner/work/The-Omni-Compass/The-Omni-Compass/out/ycsb-f/rep-1/omni/notch-10.raw
Raw data measurement: will output to result file: /home/runner/work/The-Omni-Compass/The-Omni-Compass/out/ycsb-f/rep-1/omni/notch-10.raw
[OVERALL], RunTime(ms), 20002
[OVERALL], Throughput(ops/sec), 2959.80401959804
[TOTAL_GCS_G1_Young_Generation], Count, 15
[TOTAL_GC_TIME_G1_Young_Generation], Time(ms), 62
[TOTAL_GC_TIME_%_G1_Young_Generation], Time(%), 0.30996900309969005
[TOTAL_GCS_G1_Old_Generation], Count, 0
[TOTAL_GC_TIME_G1_Old_Generation], Time(ms), 0
[TOTAL_GC_TIME_%_G1_Old_Generation], Time(%), 0.0
[TOTAL_GCs], Count, 15
[TOTAL_GC_TIME], Time(ms), 62
[TOTAL_GC_TIME_%], Time(%), 0.30996900309969005
[READ], Total Operations, 59202
[READ], Below is a summary of latency in microseconds:, -1
[READ], Average, 146.1477314955576
[READ], Min, 91
[READ], Max, 78923
[READ], p1, 100
[READ], p5, 108
[READ], p50, 140
[READ], p90, 174
[READ], p95, 190
[READ], p99, 289
[READ], p99.9, 806
[READ], p99.99, 5780
[READ], Return=OK, 59202
[READ-MODIFY-WRITE], Total Operations, 29596
[READ-MODIFY-WRITE], Below is a summary of latency in microseconds:, -1
[READ-MODIFY-WRITE], Average, 300.09758075415596
[READ-MODIFY-WRITE], Min, 211
[READ-MODIFY-WRITE], Max, 45553
[READ-MODIFY-WRITE], p1, 224
[READ-MODIFY-WRITE], p5, 231
[READ-MODIFY-WRITE], p50, 294
[READ-MODIFY-WRITE], p90, 355
[READ-MODIFY-WRITE], p95, 395
[READ-MODIFY-WRITE], p99, 595
[READ-MODIFY-WRITE], p99.9, 1665
[READ-MODIFY-WRITE], p99.99, 10100
[CLEANUP], Total Operations, 1
[CLEANUP], Below is a summary of latency in microseconds:, -1
[CLEANUP], Average, 1002.0
[CLEANUP], Min, 1002
[CLEANUP], Max, 1002
[CLEANUP], p1, 1002
[CLEANUP], p5, 1002
[CLEANUP], p50, 1002
[CLEANUP], p90, 1002
[CLEANUP], p95, 1002
[CLEANUP], p99, 1002
[CLEANUP], p99.9, 1002
[CLEANUP], p99.99, 1002
[UPDATE], Total Operations, 29596
[UPDATE], Below is a summary of latency in microseconds:, -1
[UPDATE], Average, 152.3896810379781
[UPDATE], Min, 111
[UPDATE], Max, 6055
[UPDATE], p1, 120
[UPDATE], p5, 121
[UPDATE], p50, 152
[UPDATE], p90, 185
[UPDATE], p95, 203
[UPDATE], p99, 296
[UPDATE], p99.9, 799
[UPDATE], p99.99, 5426
[UPDATE], Return=OK, 29596

Command line: -t -db site.ycsb.db.MongoDbClient -s -P /home/runner/ycsb-mongodb-binding-0.17.0/workloads/workloadf -p mongodb.url=mongodb://127.0.0.1:27017/ycsb?w=1 -p measurementtype=raw -p measurement.raw.output_file=/home/runner/work/The-Omni-Compass/The-Omni-Compass/out/ycsb-f/rep-1/omni/notch-10.raw -p recordcount=1000000 -p operationcount=1000000000 -p maxexecutiontime=20 -p target=3000 -p threads=32 -p insertstart=0 -p insertorder=ordered -p requestdistribution=uniform -p seed=100109
YCSB Client 0.17.0

Loading workload...
Starting test.
Maximum execution time specified as: 20 secs
2026-10-09 00:08:09:238 0 sec: 0 operations; est completion in 0 second 
DBWrapper: report latency for each error is false and specific error codes to track for latency are: []
2026-10-09 00:08:19:208 10 sec: 29199 operations; 2919.9 current ops/sec; est completion in 3 days 23 hours READ count: 29201, average latency(us): 157.26 READ-MODIFY-WRITE count: 14645, average latency(us): 322.20 UPDATE count: 14645, average latency(us): 164.48 
2026-10-09 00:08:29:208 20 sec: 59199 operations; 3000 current ops/sec; est completion in 3 days 21 hours READ count: 29999, average latency(us): 135.33 READ-MODIFY-WRITE count: 14950, average latency(us): 278.44 UPDATE count: 14950, average latency(us): 140.54 
Maximum time elapsed. Requesting stop for the workload.
Stop requested for workload. Now Joining!
2026-10-09 00:08:29:210 20 sec: 59202 operations; 1500 current ops/sec; est completion in 3 days 21 hours READ count: 2, average latency(us): 166.50 READ-MODIFY-WRITE count: 1, average latency(us): 393.00 CLEANUP count: 1, average latency(us): 1002.00 UPDATE count: 1, average latency(us): 183.00 


/opt/hostedtoolcache/Java_Temurin-Hotspot_jdk/17.0.20-1/x64/bin/java  -classpath /home/runner/ycsb-mongodb-binding-0.17.0/conf:/home/runner/ycsb-mongodb-binding-0.17.0/lib/HdrHistogram-2.1.4.jar:/home/runner/ycsb-mongodb-binding-0.17.0/lib/core-0.17.0.jar:/home/runner/ycsb-mongodb-binding-0.17.0/lib/htrace-core4-4.1.0-incubating.jar:/home/runner/ycsb-mongodb-binding-0.17.0/lib/jackson-core-asl-1.9.4.jar:/home/runner/ycsb-mongodb-binding-0.17.0/lib/jackson-mapper-asl-1.9.4.jar:/home/runner/ycsb-mongodb-binding-0.17.0/lib/logback-classic-1.1.2.jar:/home/runner/ycsb-mongodb-binding-0.17.0/lib/logback-core-1.1.2.jar:/home/runner/ycsb-mongodb-binding-0.17.0/lib/mongo-java-driver-3.8.0.jar:/home/runner/ycsb-mongodb-binding-0.17.0/lib/mongodb-async-driver-2.0.1.jar:/home/runner/ycsb-mongodb-binding-0.17.0/lib/mongodb-binding-0.17.0.jar:/home/runner/ycsb-mongodb-binding-0.17.0/lib/slf4j-api-1.7.25.jar:/home/runner/ycsb-mongodb-binding-0.17.0/lib/snappy-java-1.1.7.1.jar site.ycsb.Client -t -db site.ycsb.db.MongoDbClient -s -P /home/runner/ycsb-mongodb-binding-0.17.0/workloads/workloadf -p mongodb.url=mongodb://127.0.0.1:27017/ycsb?w=1 -p measurementtype=raw -p measurement.raw.output_file=/home/runner/work/The-Omni-Compass/The-Omni-Compass/out/ycsb-f/rep-1/omni/notch-11.raw -p recordcount=750000 -p operationcount=1000000000 -p maxexecutiontime=20 -p target=3000 -p threads=32 -p insertstart=0 -p insertorder=ordered -p requestdistribution=uniform -p seed=100110
mongo client connection created with mongodb://127.0.0.1:27017/ycsb?w=1
Raw data measurement: will output to result file: /home/runner/work/The-Omni-Compass/The-Omni-Compass/out/ycsb-f/rep-1/omni/notch-11.raw
Raw data measurement: will output to result file: /home/runner/work/The-Omni-Compass/The-Omni-Compass/out/ycsb-f/rep-1/omni/notch-11.raw
Raw data measurement: will output to result file: /home/runner/work/The-Omni-Compass/The-Omni-Compass/out/ycsb-f/rep-1/omni/notch-11.raw
Raw data measurement: will output to result file: /home/runner/work/The-Omni-Compass/The-Omni-Compass/out/ycsb-f/rep-1/omni/notch-11.raw
[OVERALL], RunTime(ms), 20002
[OVERALL], Throughput(ops/sec), 2959.90400959904
[TOTAL_GCS_G1_Young_Generation], Count, 15
[TOTAL_GC_TIME_G1_Young_Generation], Time(ms), 62
[TOTAL_GC_TIME_%_G1_Young_Generation], Time(%), 0.30996900309969005
[TOTAL_GCS_G1_Old_Generation], Count, 0
[TOTAL_GC_TIME_G1_Old_Generation], Time(ms), 0
[TOTAL_GC_TIME_%_G1_Old_Generation], Time(%), 0.0
[TOTAL_GCs], Count, 15
[TOTAL_GC_TIME], Time(ms), 62
[TOTAL_GC_TIME_%], Time(%), 0.30996900309969005
[READ], Total Operations, 59204
[READ], Below is a summary of latency in microseconds:, -1
[READ], Average, 143.34891223565975
[READ], Min, 92
[READ], Max, 35631
[READ], p1, 100
[READ], p5, 106
[READ], p50, 138
[READ], p90, 170
[READ], p95, 187
[READ], p99, 269
[READ], p99.9, 767
[READ], p99.99, 6337
[READ], Return=OK, 59204
[READ-MODIFY-WRITE], Total Operations, 29460
[READ-MODIFY-WRITE], Below is a summary of latency in microseconds:, -1
[READ-MODIFY-WRITE], Average, 296.8541412084182
[READ-MODIFY-WRITE], Min, 211
[READ-MODIFY-WRITE], Max, 42254
[READ-MODIFY-WRITE], p1, 224
[READ-MODIFY-WRITE], p5, 230
[READ-MODIFY-WRITE], p50, 287
[READ-MODIFY-WRITE], p90, 345
[READ-MODIFY-WRITE], p95, 385
[READ-MODIFY-WRITE], p99, 574
[READ-MODIFY-WRITE], p99.9, 1784
[READ-MODIFY-WRITE], p99.99, 7772
[CLEANUP], Total Operations, 1
[CLEANUP], Below is a summary of latency in microseconds:, -1
[CLEANUP], Average, 1335.0
[CLEANUP], Min, 1335
[CLEANUP], Max, 1335
[CLEANUP], p1, 1335
[CLEANUP], p5, 1335
[CLEANUP], p50, 1335
[CLEANUP], p90, 1335
[CLEANUP], p95, 1335
[CLEANUP], p99, 1335
[CLEANUP], p99.9, 1335
[CLEANUP], p99.99, 1335
[UPDATE], Total Operations, 29460
[UPDATE], Below is a summary of latency in microseconds:, -1
[UPDATE], Average, 151.43845892735914
[UPDATE], Min, 116
[UPDATE], Max, 5974
[UPDATE], p1, 120
[UPDATE], p5, 122
[UPDATE], p50, 147
[UPDATE], p90, 180
[UPDATE], p95, 197
[UPDATE], p99, 296
[UPDATE], p99.9, 851
[UPDATE], p99.99, 3772
[UPDATE], Return=OK, 29460

Command line: -t -db site.ycsb.db.MongoDbClient -s -P /home/runner/ycsb-mongodb-binding-0.17.0/workloads/workloadf -p mongodb.url=mongodb://127.0.0.1:27017/ycsb?w=1 -p measurementtype=raw -p measurement.raw.output_file=/home/runner/work/The-Omni-Compass/The-Omni-Compass/out/ycsb-f/rep-1/omni/notch-11.raw -p recordcount=750000 -p operationcount=1000000000 -p maxexecutiontime=20 -p target=3000 -p threads=32 -p insertstart=0 -p insertorder=ordered -p requestdistribution=uniform -p seed=100110
YCSB Client 0.17.0

Loading workload...
Starting test.
Maximum execution time specified as: 20 secs
2026-10-09 00:08:29:881 0 sec: 0 operations; est completion in 0 second 
DBWrapper: report latency for each error is false and specific error codes to track for latency are: []
2026-10-09 00:08:39:854 10 sec: 29203 operations; 2920.3 current ops/sec; est completion in 3 days 23 hours READ count: 29205, average latency(us): 151.76 READ-MODIFY-WRITE count: 14507, average latency(us): 317.92 UPDATE count: 14507, average latency(us): 163.17 
Maximum time elapsed. Requesting stop for the workload.
Stop requested for workload. Now Joining!
2026-10-09 00:08:49:853 20 sec: 59203 operations; 3000 current ops/sec; est completion in 3 days 21 hours READ count: 29999, average latency(us): 135.16 READ-MODIFY-WRITE count: 14953, average latency(us): 276.42 UPDATE count: 14953, average latency(us): 140.05 
2026-10-09 00:08:49:855 20 sec: 59204 operations; 500 current ops/sec; est completion in 3 days 21 hours   CLEANUP count: 1, average latency(us): 1335.00  


/opt/hostedtoolcache/Java_Temurin-Hotspot_jdk/17.0.20-1/x64/bin/java  -classpath /home/runner/ycsb-mongodb-binding-0.17.0/conf:/home/runner/ycsb-mongodb-binding-0.17.0/lib/HdrHistogram-2.1.4.jar:/home/runner/ycsb-mongodb-binding-0.17.0/lib/core-0.17.0.jar:/home/runner/ycsb-mongodb-binding-0.17.0/lib/htrace-core4-4.1.0-incubating.jar:/home/runner/ycsb-mongodb-binding-0.17.0/lib/jackson-core-asl-1.9.4.jar:/home/runner/ycsb-mongodb-binding-0.17.0/lib/jackson-mapper-asl-1.9.4.jar:/home/runner/ycsb-mongodb-binding-0.17.0/lib/logback-classic-1.1.2.jar:/home/runner/ycsb-mongodb-binding-0.17.0/lib/logback-core-1.1.2.jar:/home/runner/ycsb-mongodb-binding-0.17.0/lib/mongo-java-driver-3.8.0.jar:/home/runner/ycsb-mongodb-binding-0.17.0/lib/mongodb-async-driver-2.0.1.jar:/home/runner/ycsb-mongodb-binding-0.17.0/lib/mongodb-binding-0.17.0.jar:/home/runner/ycsb-mongodb-binding-0.17.0/lib/slf4j-api-1.7.25.jar:/home/runner/ycsb-mongodb-binding-0.17.0/lib/snappy-java-1.1.7.1.jar site.ycsb.Client -t -db site.ycsb.db.MongoDbClient -s -P /home/runner/ycsb-mongodb-binding-0.17.0/workloads/workloadf -p mongodb.url=mongodb://127.0.0.1:27017/ycsb?w=1 -p measurementtype=raw -p measurement.raw.output_file=/home/runner/work/The-Omni-Compass/The-Omni-Compass/out/ycsb-f/rep-1/omni/notch-12.raw -p recordcount=500000 -p operationcount=1000000000 -p maxexecutiontime=20 -p target=3000 -p threads=32 -p insertstart=0 -p insertorder=ordered -p requestdistribution=uniform -p seed=100111
mongo client connection created with mongodb://127.0.0.1:27017/ycsb?w=1
Raw data measurement: will output to result file: /home/runner/work/The-Omni-Compass/The-Omni-Compass/out/ycsb-f/rep-1/omni/notch-12.raw
Raw data measurement: will output to result file: /home/runner/work/The-Omni-Compass/The-Omni-Compass/out/ycsb-f/rep-1/omni/notch-12.raw
Raw data measurement: will output to result file: /home/runner/work/The-Omni-Compass/The-Omni-Compass/out/ycsb-f/rep-1/omni/notch-12.raw
Raw data measurement: will output to result file: /home/runner/work/The-Omni-Compass/The-Omni-Compass/out/ycsb-f/rep-1/omni/notch-12.raw
[OVERALL], RunTime(ms), 20005
[OVERALL], Throughput(ops/sec), 2959.310172456886
[TOTAL_GCS_G1_Young_Generation], Count, 15
[TOTAL_GC_TIME_G1_Young_Generation], Time(ms), 66
[TOTAL_GC_TIME_%_G1_Young_Generation], Time(%), 0.32991752061984503
[TOTAL_GCS_G1_Old_Generation], Count, 0
[TOTAL_GC_TIME_G1_Old_Generation], Time(ms), 0
[TOTAL_GC_TIME_%_G1_Old_Generation], Time(%), 0.0
[TOTAL_GCs], Count, 15
[TOTAL_GC_TIME], Time(ms), 66
[TOTAL_GC_TIME_%], Time(%), 0.32991752061984503
[READ], Total Operations, 59201
[READ], Below is a summary of latency in microseconds:, -1
[READ], Average, 140.62088478235165
[READ], Min, 91
[READ], Max, 39245
[READ], p1, 98
[READ], p5, 101
[READ], p50, 135
[READ], p90, 168
[READ], p95, 187
[READ], p99, 286
[READ], p99.9, 789
[READ], p99.99, 5301
[READ], Return=OK, 59201
[READ-MODIFY-WRITE], Total Operations, 29443
[READ-MODIFY-WRITE], Below is a summary of latency in microseconds:, -1
[READ-MODIFY-WRITE], Average, 292.4274020989709
[READ-MODIFY-WRITE], Min, 207
[READ-MODIFY-WRITE], Max, 7825
[READ-MODIFY-WRITE], p1, 221
[READ-MODIFY-WRITE], p5, 226
[READ-MODIFY-WRITE], p50, 284
[READ-MODIFY-WRITE], p90, 343
[READ-MODIFY-WRITE], p95, 389
[READ-MODIFY-WRITE], p99, 621
[READ-MODIFY-WRITE], p99.9, 1706
[READ-MODIFY-WRITE], p99.99, 7417
[CLEANUP], Total Operations, 1
[CLEANUP], Below is a summary of latency in microseconds:, -1
[CLEANUP], Average, 1168.0
[CLEANUP], Min, 1168
[CLEANUP], Max, 1168
[CLEANUP], p1, 1168
[CLEANUP], p5, 1168
[CLEANUP], p50, 1168
[CLEANUP], p90, 1168
[CLEANUP], p95, 1168
[CLEANUP], p99, 1168
[CLEANUP], p99.9, 1168
[CLEANUP], p99.99, 1168
[UPDATE], Total Operations, 29443
[UPDATE], Below is a summary of latency in microseconds:, -1
[UPDATE], Average, 150.22606392011684
[UPDATE], Min, 115
[UPDATE], Max, 7264
[UPDATE], p1, 119
[UPDATE], p5, 121
[UPDATE], p50, 145
[UPDATE], p90, 177
[UPDATE], p95, 203
[UPDATE], p99, 305
[UPDATE], p99.9, 819
[UPDATE], p99.99, 5223
[UPDATE], Return=OK, 29443

Command line: -t -db site.ycsb.db.MongoDbClient -s -P /home/runner/ycsb-mongodb-binding-0.17.0/workloads/workloadf -p mongodb.url=mongodb://127.0.0.1:27017/ycsb?w=1 -p measurementtype=raw -p measurement.raw.output_file=/home/runner/work/The-Omni-Compass/The-Omni-Compass/out/ycsb-f/rep-1/omni/notch-12.raw -p recordcount=500000 -p operationcount=1000000000 -p maxexecutiontime=20 -p target=3000 -p threads=32 -p insertstart=0 -p insertorder=ordered -p requestdistribution=uniform -p seed=100111
YCSB Client 0.17.0

Loading workload...
Starting test.
Maximum execution time specified as: 20 secs
2026-10-09 00:08:50:525 0 sec: 0 operations; est completion in 0 second 
DBWrapper: report latency for each error is false and specific error codes to track for latency are: []
2026-10-09 00:09:00:497 10 sec: 29194 operations; 2919.11 current ops/sec; est completion in 3 days 23 hours READ count: 29195, average latency(us): 150.14 READ-MODIFY-WRITE count: 14539, average latency(us): 312.90 UPDATE count: 14539, average latency(us): 161.54 
2026-10-09 00:09:10:497 20 sec: 59193 operations; 3000.2 current ops/sec; est completion in 3 days 21 hours READ count: 29999, average latency(us): 131.36 READ-MODIFY-WRITE count: 14899, average latency(us): 272.43 UPDATE count: 14899, average latency(us): 139.18 
Maximum time elapsed. Requesting stop for the workload.
Stop requested for workload. Now Joining!
2026-10-09 00:09:10:501 20 sec: 59201 operations; 1600 current ops/sec; est completion in 3 days 21 hours READ count: 7, average latency(us): 164.57 READ-MODIFY-WRITE count: 5, average latency(us): 337.20 CLEANUP count: 1, average latency(us): 1168.00 UPDATE count: 5, average latency(us): 166.40 


/opt/hostedtoolcache/Java_Temurin-Hotspot_jdk/17.0.20-1/x64/bin/java  -classpath /home/runner/ycsb-mongodb-binding-0.17.0/conf:/home/runner/ycsb-mongodb-binding-0.17.0/lib/HdrHistogram-2.1.4.jar:/home/runner/ycsb-mongodb-binding-0.17.0/lib/core-0.17.0.jar:/home/runner/ycsb-mongodb-binding-0.17.0/lib/htrace-core4-4.1.0-incubating.jar:/home/runner/ycsb-mongodb-binding-0.17.0/lib/jackson-core-asl-1.9.4.jar:/home/runner/ycsb-mongodb-binding-0.17.0/lib/jackson-mapper-asl-1.9.4.jar:/home/runner/ycsb-mongodb-binding-0.17.0/lib/logback-classic-1.1.2.jar:/home/runner/ycsb-mongodb-binding-0.17.0/lib/logback-core-1.1.2.jar:/home/runner/ycsb-mongodb-binding-0.17.0/lib/mongo-java-driver-3.8.0.jar:/home/runner/ycsb-mongodb-binding-0.17.0/lib/mongodb-async-driver-2.0.1.jar:/home/runner/ycsb-mongodb-binding-0.17.0/lib/mongodb-binding-0.17.0.jar:/home/runner/ycsb-mongodb-binding-0.17.0/lib/slf4j-api-1.7.25.jar:/home/runner/ycsb-mongodb-binding-0.17.0/lib/snappy-java-1.1.7.1.jar site.ycsb.Client -t -db site.ycsb.db.MongoDbClient -s -P /home/runner/ycsb-mongodb-binding-0.17.0/workloads/workloadf -p mongodb.url=mongodb://127.0.0.1:27017/ycsb?w=1 -p measurementtype=raw -p measurement.raw.output_file=/home/runner/work/The-Omni-Compass/The-Omni-Compass/out/ycsb-f/rep-1/omni/notch-13.raw -p recordcount=250000 -p operationcount=1000000000 -p maxexecutiontime=20 -p target=3000 -p threads=32 -p insertstart=0 -p insertorder=ordered -p requestdistribution=uniform -p seed=100112
mongo client connection created with mongodb://127.0.0.1:27017/ycsb?w=1
Raw data measurement: will output to result file: /home/runner/work/The-Omni-Compass/The-Omni-Compass/out/ycsb-f/rep-1/omni/notch-13.raw
Raw data measurement: will output to result file: /home/runner/work/The-Omni-Compass/The-Omni-Compass/out/ycsb-f/rep-1/omni/notch-13.raw
Raw data measurement: will output to result file: /home/runner/work/The-Omni-Compass/The-Omni-Compass/out/ycsb-f/rep-1/omni/notch-13.raw
Raw data measurement: will output to result file: /home/runner/work/The-Omni-Compass/The-Omni-Compass/out/ycsb-f/rep-1/omni/notch-13.raw
[OVERALL], RunTime(ms), 20002
[OVERALL], Throughput(ops/sec), 2958.054194580542
[TOTAL_GCS_G1_Young_Generation], Count, 15
[TOTAL_GC_TIME_G1_Young_Generation], Time(ms), 57
[TOTAL_GC_TIME_%_G1_Young_Generation], Time(%), 0.28497150284971506
[TOTAL_GCS_G1_Old_Generation], Count, 0
[TOTAL_GC_TIME_G1_Old_Generation], Time(ms), 0
[TOTAL_GC_TIME_%_G1_Old_Generation], Time(%), 0.0
[TOTAL_GCs], Count, 15
[TOTAL_GC_TIME], Time(ms), 57
[TOTAL_GC_TIME_%], Time(%), 0.28497150284971506
[READ], Total Operations, 59167
[READ], Below is a summary of latency in microseconds:, -1
[READ], Average, 140.03130123210573
[READ], Min, 92
[READ], Max, 32502
[READ], p1, 98
[READ], p5, 100
[READ], p50, 136
[READ], p90, 167
[READ], p95, 183
[READ], p99, 274
[READ], p99.9, 1035
[READ], p99.99, 4647
[READ], Return=OK, 59167
[READ-MODIFY-WRITE], Total Operations, 29334
[READ-MODIFY-WRITE], Below is a summary of latency in microseconds:, -1
[READ-MODIFY-WRITE], Average, 290.2375400559078
[READ-MODIFY-WRITE], Min, 212
[READ-MODIFY-WRITE], Max, 8365
[READ-MODIFY-WRITE], p1, 221
[READ-MODIFY-WRITE], p5, 225
[READ-MODIFY-WRITE], p50, 286
[READ-MODIFY-WRITE], p90, 341
[READ-MODIFY-WRITE], p95, 379
[READ-MODIFY-WRITE], p99, 585
[READ-MODIFY-WRITE], p99.9, 1713
[READ-MODIFY-WRITE], p99.99, 6155
[CLEANUP], Total Operations, 1
[CLEANUP], Below is a summary of latency in microseconds:, -1
[CLEANUP], Average, 1177.0
[CLEANUP], Min, 1177
[CLEANUP], Max, 1177
[CLEANUP], p1, 1177
[CLEANUP], p5, 1177
[CLEANUP], p50, 1177
[CLEANUP], p90, 1177
[CLEANUP], p95, 1177
[CLEANUP], p99, 1177
[CLEANUP], p99.9, 1177
[CLEANUP], p99.99, 1177
[UPDATE], Total Operations, 29334
[UPDATE], Below is a summary of latency in microseconds:, -1
[UPDATE], Average, 149.48990932024273
[UPDATE], Min, 115
[UPDATE], Max, 5893
[UPDATE], p1, 120
[UPDATE], p5, 121
[UPDATE], p50, 147
[UPDATE], p90, 175
[UPDATE], p95, 196
[UPDATE], p99, 295
[UPDATE], p99.9, 782
[UPDATE], p99.99, 5225
[UPDATE], Return=OK, 29334

Command line: -t -db site.ycsb.db.MongoDbClient -s -P /home/runner/ycsb-mongodb-binding-0.17.0/workloads/workloadf -p mongodb.url=mongodb://127.0.0.1:27017/ycsb?w=1 -p measurementtype=raw -p measurement.raw.output_file=/home/runner/work/The-Omni-Compass/The-Omni-Compass/out/ycsb-f/rep-1/omni/notch-13.raw -p recordcount=250000 -p operationcount=1000000000 -p maxexecutiontime=20 -p target=3000 -p threads=32 -p insertstart=0 -p insertorder=ordered -p requestdistribution=uniform -p seed=100112
YCSB Client 0.17.0

Loading workload...
Starting test.
Maximum execution time specified as: 20 secs
2026-10-09 00:09:11:177 0 sec: 0 operations; est completion in 0 second 
DBWrapper: report latency for each error is false and specific error codes to track for latency are: []
2026-10-09 00:09:21:148 10 sec: 29166 operations; 2916.6 current ops/sec; est completion in 3 days 23 hours READ count: 29168, average latency(us): 149.23 READ-MODIFY-WRITE count: 14375, average latency(us): 309.00 UPDATE count: 14375, average latency(us): 159.52 
Maximum time elapsed. Requesting stop for the workload.
Stop requested for workload. Now Joining!
2026-10-09 00:09:31:148 20 sec: 59166 operations; 3000 current ops/sec; est completion in 3 days 21 hours READ count: 29999, average latency(us): 131.09 READ-MODIFY-WRITE count: 14959, average latency(us): 272.21 UPDATE count: 14959, average latency(us): 139.85 
2026-10-09 00:09:31:150 20 sec: 59167 operations; 500 current ops/sec; est completion in 3 days 21 hours   CLEANUP count: 1, average latency(us): 1177.00  


/opt/hostedtoolcache/Java_Temurin-Hotspot_jdk/17.0.20-1/x64/bin/java  -classpath /home/runner/ycsb-mongodb-binding-0.17.0/conf:/home/runner/ycsb-mongodb-binding-0.17.0/lib/HdrHistogram-2.1.4.jar:/home/runner/ycsb-mongodb-binding-0.17.0/lib/core-0.17.0.jar:/home/runner/ycsb-mongodb-binding-0.17.0/lib/htrace-core4-4.1.0-incubating.jar:/home/runner/ycsb-mongodb-binding-0.17.0/lib/jackson-core-asl-1.9.4.jar:/home/runner/ycsb-mongodb-binding-0.17.0/lib/jackson-mapper-asl-1.9.4.jar:/home/runner/ycsb-mongodb-binding-0.17.0/lib/logback-classic-1.1.2.jar:/home/runner/ycsb-mongodb-binding-0.17.0/lib/logback-core-1.1.2.jar:/home/runner/ycsb-mongodb-binding-0.17.0/lib/mongo-java-driver-3.8.0.jar:/home/runner/ycsb-mongodb-binding-0.17.0/lib/mongodb-async-driver-2.0.1.jar:/home/runner/ycsb-mongodb-binding-0.17.0/lib/mongodb-binding-0.17.0.jar:/home/runner/ycsb-mongodb-binding-0.17.0/lib/slf4j-api-1.7.25.jar:/home/runner/ycsb-mongodb-binding-0.17.0/lib/snappy-java-1.1.7.1.jar site.ycsb.Client -t -db site.ycsb.db.MongoDbClient -s -P /home/runner/ycsb-mongodb-binding-0.17.0/workloads/workloadf -p mongodb.url=mongodb://127.0.0.1:27017/ycsb?w=1 -p measurementtype=raw -p measurement.raw.output_file=/home/runner/work/The-Omni-Compass/The-Omni-Compass/out/ycsb-f/rep-1/omni/notch-14.raw -p recordcount=500000 -p operationcount=1000000000 -p maxexecutiontime=20 -p target=3000 -p threads=32 -p insertstart=0 -p insertorder=ordered -p requestdistribution=uniform -p seed=100113
mongo client connection created with mongodb://127.0.0.1:27017/ycsb?w=1
Raw data measurement: will output to result file: /home/runner/work/The-Omni-Compass/The-Omni-Compass/out/ycsb-f/rep-1/omni/notch-14.raw
Raw data measurement: will output to result file: /home/runner/work/The-Omni-Compass/The-Omni-Compass/out/ycsb-f/rep-1/omni/notch-14.raw
Raw data measurement: will output to result file: /home/runner/work/The-Omni-Compass/The-Omni-Compass/out/ycsb-f/rep-1/omni/notch-14.raw
Raw data measurement: will output to result file: /home/runner/work/The-Omni-Compass/The-Omni-Compass/out/ycsb-f/rep-1/omni/notch-14.raw
[OVERALL], RunTime(ms), 20003
[OVERALL], Throughput(ops/sec), 2957.606359046143
[TOTAL_GCS_G1_Young_Generation], Count, 15
[TOTAL_GC_TIME_G1_Young_Generation], Time(ms), 63
[TOTAL_GC_TIME_%_G1_Young_Generation], Time(%), 0.314952757086437
[TOTAL_GCS_G1_Old_Generation], Count, 0
[TOTAL_GC_TIME_G1_Old_Generation], Time(ms), 0
[TOTAL_GC_TIME_%_G1_Old_Generation], Time(%), 0.0
[TOTAL_GCs], Count, 15
[TOTAL_GC_TIME], Time(ms), 63
[TOTAL_GC_TIME_%], Time(%), 0.314952757086437
[READ], Total Operations, 59161
[READ], Below is a summary of latency in microseconds:, -1
[READ], Average, 140.9233447710485
[READ], Min, 93
[READ], Max, 38737
[READ], p1, 99
[READ], p5, 102
[READ], p50, 133
[READ], p90, 169
[READ], p95, 188
[READ], p99, 293
[READ], p99.9, 989
[READ], p99.99, 4899
[READ], Return=OK, 59161
[READ-MODIFY-WRITE], Total Operations, 29584
[READ-MODIFY-WRITE], Below is a summary of latency in microseconds:, -1
[READ-MODIFY-WRITE], Average, 299.02785289345593
[READ-MODIFY-WRITE], Min, 212
[READ-MODIFY-WRITE], Max, 43902
[READ-MODIFY-WRITE], p1, 224
[READ-MODIFY-WRITE], p5, 230
[READ-MODIFY-WRITE], p50, 281
[READ-MODIFY-WRITE], p90, 353
[READ-MODIFY-WRITE], p95, 394
[READ-MODIFY-WRITE], p99, 646
[READ-MODIFY-WRITE], p99.9, 1674
[READ-MODIFY-WRITE], p99.99, 5162
[CLEANUP], Total Operations, 1
[CLEANUP], Below is a summary of latency in microseconds:, -1
[CLEANUP], Average, 1068.0
[CLEANUP], Min, 1068
[CLEANUP], Max, 1068
[CLEANUP], p1, 1068
[CLEANUP], p5, 1068
[CLEANUP], p50, 1068
[CLEANUP], p90, 1068
[CLEANUP], p95, 1068
[CLEANUP], p99, 1068
[CLEANUP], p99.9, 1068
[CLEANUP], p99.99, 1068
[UPDATE], Total Operations, 29584
[UPDATE], Below is a summary of latency in microseconds:, -1
[UPDATE], Average, 156.10569902650082
[UPDATE], Min, 113
[UPDATE], Max, 6815
[UPDATE], p1, 121
[UPDATE], p5, 122
[UPDATE], p50, 150
[UPDATE], p90, 184
[UPDATE], p95, 203
[UPDATE], p99, 320
[UPDATE], p99.9, 855
[UPDATE], p99.99, 3866
[UPDATE], Return=OK, 29584

Command line: -t -db site.ycsb.db.MongoDbClient -s -P /home/runner/ycsb-mongodb-binding-0.17.0/workloads/workloadf -p mongodb.url=mongodb://127.0.0.1:27017/ycsb?w=1 -p measurementtype=raw -p measurement.raw.output_file=/home/runner/work/The-Omni-Compass/The-Omni-Compass/out/ycsb-f/rep-1/omni/notch-14.raw -p recordcount=500000 -p operationcount=1000000000 -p maxexecutiontime=20 -p target=3000 -p threads=32 -p insertstart=0 -p insertorder=ordered -p requestdistribution=uniform -p seed=100113
YCSB Client 0.17.0

Loading workload...
Starting test.
Maximum execution time specified as: 20 secs
2026-10-09 00:09:31:824 0 sec: 0 operations; est completion in 106751991167300 days 15 hours 
DBWrapper: report latency for each error is false and specific error codes to track for latency are: []
2026-10-09 00:09:41:793 10 sec: 29160 operations; 2916 current ops/sec; est completion in 3 days 23 hours READ count: 29161, average latency(us): 150.03 READ-MODIFY-WRITE count: 14663, average latency(us): 319.62 UPDATE count: 14663, average latency(us): 166.08 
Maximum time elapsed. Requesting stop for the workload.
Stop requested for workload. Now Joining!
2026-10-09 00:09:51:793 20 sec: 59159 operations; 2999.9 current ops/sec; est completion in 3 days 21 hours READ count: 29999, average latency(us): 132.07 READ-MODIFY-WRITE count: 14920, average latency(us): 278.77 UPDATE count: 14920, average latency(us): 146.30 
2026-10-09 00:09:51:795 20 sec: 59161 operations; 1000 current ops/sec; est completion in 3 days 21 hours READ count: 1, average latency(us): 226.00 READ-MODIFY-WRITE count: 1, average latency(us): 568.00 CLEANUP count: 1, average latency(us): 1068.00 UPDATE count: 1, average latency(us): 190.00 


/opt/hostedtoolcache/Java_Temurin-Hotspot_jdk/17.0.20-1/x64/bin/java  -classpath /home/runner/ycsb-mongodb-binding-0.17.0/conf:/home/runner/ycsb-mongodb-binding-0.17.0/lib/HdrHistogram-2.1.4.jar:/home/runner/ycsb-mongodb-binding-0.17.0/lib/core-0.17.0.jar:/home/runner/ycsb-mongodb-binding-0.17.0/lib/htrace-core4-4.1.0-incubating.jar:/home/runner/ycsb-mongodb-binding-0.17.0/lib/jackson-core-asl-1.9.4.jar:/home/runner/ycsb-mongodb-binding-0.17.0/lib/jackson-mapper-asl-1.9.4.jar:/home/runner/ycsb-mongodb-binding-0.17.0/lib/logback-classic-1.1.2.jar:/home/runner/ycsb-mongodb-binding-0.17.0/lib/logback-core-1.1.2.jar:/home/runner/ycsb-mongodb-binding-0.17.0/lib/mongo-java-driver-3.8.0.jar:/home/runner/ycsb-mongodb-binding-0.17.0/lib/mongodb-async-driver-2.0.1.jar:/home/runner/ycsb-mongodb-binding-0.17.0/lib/mongodb-binding-0.17.0.jar:/home/runner/ycsb-mongodb-binding-0.17.0/lib/slf4j-api-1.7.25.jar:/home/runner/ycsb-mongodb-binding-0.17.0/lib/snappy-java-1.1.7.1.jar site.ycsb.Client -t -db site.ycsb.db.MongoDbClient -s -P /home/runner/ycsb-mongodb-binding-0.17.0/workloads/workloadf -p mongodb.url=mongodb://127.0.0.1:27017/ycsb?w=1 -p measurementtype=raw -p measurement.raw.output_file=/home/runner/work/The-Omni-Compass/The-Omni-Compass/out/ycsb-f/rep-1/omni/notch-15.raw -p recordcount=250000 -p operationcount=1000000000 -p maxexecutiontime=20 -p target=3000 -p threads=32 -p insertstart=0 -p insertorder=ordered -p requestdistribution=uniform -p seed=100114
mongo client connection created with mongodb://127.0.0.1:27017/ycsb?w=1
Raw data measurement: will output to result file: /home/runner/work/The-Omni-Compass/The-Omni-Compass/out/ycsb-f/rep-1/omni/notch-15.raw
Raw data measurement: will output to result file: /home/runner/work/The-Omni-Compass/The-Omni-Compass/out/ycsb-f/rep-1/omni/notch-15.raw
Raw data measurement: will output to result file: /home/runner/work/The-Omni-Compass/The-Omni-Compass/out/ycsb-f/rep-1/omni/notch-15.raw
Raw data measurement: will output to result file: /home/runner/work/The-Omni-Compass/The-Omni-Compass/out/ycsb-f/rep-1/omni/notch-15.raw
[OVERALL], RunTime(ms), 20003
[OVERALL], Throughput(ops/sec), 2962.105684147378
[TOTAL_GCS_G1_Young_Generation], Count, 15
[TOTAL_GC_TIME_G1_Young_Generation], Time(ms), 60
[TOTAL_GC_TIME_%_G1_Young_Generation], Time(%), 0.2999550067489877
[TOTAL_GCS_G1_Old_Generation], Count, 0
[TOTAL_GC_TIME_G1_Old_Generation], Time(ms), 0
[TOTAL_GC_TIME_%_G1_Old_Generation], Time(%), 0.0
[TOTAL_GCs], Count, 15
[TOTAL_GC_TIME], Time(ms), 60
[TOTAL_GC_TIME_%], Time(%), 0.2999550067489877
[READ], Total Operations, 59251
[READ], Below is a summary of latency in microseconds:, -1
[READ], Average, 137.36640731801995
[READ], Min, 87
[READ], Max, 37187
[READ], p1, 97
[READ], p5, 99
[READ], p50, 130
[READ], p90, 165
[READ], p95, 186
[READ], p99, 294
[READ], p99.9, 1142
[READ], p99.99, 4378
[READ], Return=OK, 59251
[READ-MODIFY-WRITE], Total Operations, 29730
[READ-MODIFY-WRITE], Below is a summary of latency in microseconds:, -1
[READ-MODIFY-WRITE], Average, 294.5508240834174
[READ-MODIFY-WRITE], Min, 211
[READ-MODIFY-WRITE], Max, 41844
[READ-MODIFY-WRITE], p1, 220
[READ-MODIFY-WRITE], p5, 225
[READ-MODIFY-WRITE], p50, 276
[READ-MODIFY-WRITE], p90, 347
[READ-MODIFY-WRITE], p95, 399
[READ-MODIFY-WRITE], p99, 623
[READ-MODIFY-WRITE], p99.9, 2120
[READ-MODIFY-WRITE], p99.99, 8143
[CLEANUP], Total Operations, 1
[CLEANUP], Below is a summary of latency in microseconds:, -1
[CLEANUP], Average, 1073.0
[CLEANUP], Min, 1073
[CLEANUP], Max, 1073
[CLEANUP], p1, 1073
[CLEANUP], p5, 1073
[CLEANUP], p50, 1073
[CLEANUP], p90, 1073
[CLEANUP], p95, 1073
[CLEANUP], p99, 1073
[CLEANUP], p99.9, 1073
[CLEANUP], p99.99, 1073
[UPDATE], Total Operations, 29730
[UPDATE], Below is a summary of latency in microseconds:, -1
[UPDATE], Average, 154.5163134880592
[UPDATE], Min, 115
[UPDATE], Max, 5738
[UPDATE], p1, 120
[UPDATE], p5, 121
[UPDATE], p50, 148
[UPDATE], p90, 181
[UPDATE], p95, 205
[UPDATE], p99, 309
[UPDATE], p99.9, 989
[UPDATE], p99.99, 5122
[UPDATE], Return=OK, 29730

Command line: -t -db site.ycsb.db.MongoDbClient -s -P /home/runner/ycsb-mongodb-binding-0.17.0/workloads/workloadf -p mongodb.url=mongodb://127.0.0.1:27017/ycsb?w=1 -p measurementtype=raw -p measurement.raw.output_file=/home/runner/work/The-Omni-Compass/The-Omni-Compass/out/ycsb-f/rep-1/omni/notch-15.raw -p recordcount=250000 -p operationcount=1000000000 -p maxexecutiontime=20 -p target=3000 -p threads=32 -p insertstart=0 -p insertorder=ordered -p requestdistribution=uniform -p seed=100114
YCSB Client 0.17.0

Loading workload...
Starting test.
Maximum execution time specified as: 20 secs
2026-10-09 00:09:52:487 0 sec: 0 operations; est completion in 0 second 
DBWrapper: report latency for each error is false and specific error codes to track for latency are: []
2026-10-09 00:10:02:459 10 sec: 29247 operations; 2924.7 current ops/sec; est completion in 3 days 22 hours READ count: 29248, average latency(us): 149.72 READ-MODIFY-WRITE count: 14686, average latency(us): 319.73 UPDATE count: 14686, average latency(us): 166.20 
2026-10-09 00:10:12:459 20 sec: 59247 operations; 3000 current ops/sec; est completion in 3 days 21 hours READ count: 29999, average latency(us): 125.32 READ-MODIFY-WRITE count: 15043, average latency(us): 269.96 UPDATE count: 15043, average latency(us): 143.11 
Maximum time elapsed. Requesting stop for the workload.
Stop requested for workload. Now Joining!
2026-10-09 00:10:12:462 20 sec: 59251 operations; 1333.33 current ops/sec; est completion in 3 days 21 hours READ count: 4, average latency(us): 168.25 READ-MODIFY-WRITE count: 1, average latency(us): 364.00 CLEANUP count: 1, average latency(us): 1073.00 UPDATE count: 1, average latency(us): 178.00 
