sysbench 1.0.20 (using system LuaJIT 2.1.0-beta3)

Running the test with following options:
Number of threads: 32
Target transaction rate: 1000/sec
Initializing random number generator from current time


Initializing worker threads...

Threads started!

Latency histogram (values are in milliseconds)
       value  ------------- distribution ------------- count
       0.546 |                                         1
       0.566 |                                         2
       0.576 |                                         1
       0.587 |                                         6
       0.597 |                                         6
       0.608 |*                                        18
       0.619 |**                                       34
       0.630 |***                                      45
       0.642 |****                                     68
       0.654 |*****                                    86
       0.665 |*******                                  129
       0.677 |********                                 133
       0.690 |********                                 147
       0.702 |*********                                163
       0.715 |**********                               177
       0.728 |**************                           244
       0.741 |******************                       312
       0.755 |********************                     350
       0.768 |************************                 411
       0.782 |***************************              477
       0.797 |*******************************          532
       0.811 |**********************************       596
       0.826 |*************************************    647
       0.841 |**************************************** 695
       0.856 |**************************************** 687
       0.872 |**************************************   652
       0.888 |*************************************    647
       0.904 |**************************************   661
       0.920 |**************************************** 692
       0.937 |*************************************    640
       0.954 |**************************************   664
       0.971 |************************************     626
       0.989 |************************************     623
       1.007 |**********************************       586
       1.025 |********************************         559
       1.044 |*****************************            512
       1.063 |***************************              469
       1.082 |*************************                434
       1.102 |*************************                429
       1.122 |*************************                428
       1.142 |************************                 413
       1.163 |**********************                   376
       1.184 |**********************                   379
       1.205 |*******************                      331
       1.227 |********************                     343
       1.250 |****************                         284
       1.272 |**************                           248
       1.295 |*************                            225
       1.319 |**************                           242
       1.343 |************                             210
       1.367 |*********                                159
       1.392 |*********                                161
       1.417 |*********                                150
       1.443 |********                                 135
       1.469 |*******                                  122
       1.496 |******                                   111
       1.523 |******                                   102
       1.551 |*****                                    89
       1.579 |****                                     74
       1.608 |*****                                    85
       1.637 |***                                      60
       1.667 |***                                      53
       1.697 |***                                      59
       1.728 |**                                       31
       1.759 |***                                      53
       1.791 |**                                       31
       1.824 |**                                       35
       1.857 |**                                       33
       1.891 |**                                       28
       1.925 |**                                       27
       1.960 |*                                        20
       1.996 |**                                       30
       2.032 |*                                        13
       2.069 |*                                        18
       2.106 |*                                        10
       2.145 |*                                        14
       2.184 |*                                        15
       2.223 |*                                        11
       2.264 |*                                        16
       2.305 |*                                        13
       2.347 |*                                        16
       2.389 |*                                        9
       2.433 |*                                        15
       2.477 |*                                        25
       2.522 |*                                        15
       2.568 |*                                        19
       2.615 |*                                        15
       2.662 |*                                        21
       2.710 |*                                        17
       2.760 |*                                        13
       2.810 |*                                        13
       2.861 |*                                        9
       2.913 |*                                        20
       2.966 |*                                        10
       3.020 |*                                        13
       3.075 |*                                        10
       3.130 |*                                        14
       3.187 |*                                        17
       3.245 |*                                        13
       3.304 |*                                        10
       3.364 |*                                        11
       3.425 |*                                        9
       3.488 |*                                        10
       3.551 |*                                        10
       3.615 |*                                        9
       3.681 |                                         5
       3.748 |*                                        13
       3.816 |*                                        15
       3.885 |                                         6
       3.956 |                                         7
       4.028 |*                                        13
       4.101 |                                         5
       4.176 |                                         6
       4.252 |                                         5
       4.329 |                                         8
       4.407 |                                         8
       4.487 |                                         8
       4.569 |                                         8
       4.652 |*                                        9
       4.737 |                                         7
       4.823 |                                         4
       4.910 |                                         3
       5.090 |                                         3
       5.183 |                                         3
       5.277 |                                         3
       5.373 |                                         6
       5.470 |                                         7
       5.570 |                                         4
       5.671 |                                         3
       5.774 |                                         1
       5.879 |                                         4
       5.986 |                                         1
       6.095 |                                         2
       6.205 |                                         8
       6.318 |                                         5
       6.433 |                                         5
       6.550 |                                         4
       6.669 |                                         4
       6.790 |                                         4
       6.913 |                                         1
       7.039 |                                         1
       7.167 |                                         2
       7.430 |                                         1
       7.565 |                                         4
       7.702 |                                         2
       7.842 |                                         1
       7.985 |                                         3
       8.130 |                                         1
       8.277 |                                         2
       8.428 |                                         2
       8.581 |                                         3
       8.737 |                                         3
       9.057 |                                         3
       9.222 |                                         1
       9.389 |                                         3
       9.734 |                                         3
       9.910 |                                         3
      10.090 |                                         5
      10.274 |                                         3
      10.460 |                                         3
      10.651 |                                         5
      10.844 |                                         2
      11.041 |                                         3
      11.242 |                                         1
      11.446 |                                         1
      11.654 |                                         5
      12.081 |                                         6
      12.301 |                                         2
      12.524 |                                         2
      12.752 |                                         2
      12.984 |                                         1
      13.219 |                                         4
      13.460 |                                         1
      13.704 |                                         1
      13.953 |                                         1
      14.207 |                                         2
      15.828 |                                         2
      16.408 |                                         1
      17.010 |                                         1
      17.319 |                                         3
      17.633 |                                         1
      17.954 |                                         1
      18.612 |                                         1
      18.950 |                                         2
      20.002 |                                         1
      21.886 |                                         1
      22.689 |                                         1
      24.384 |                                         2
      25.737 |                                         1
 
SQL statistics:
    queries performed:
        read:                            0
        write:                           20045
        other:                           0
        total:                           20045
    transactions:                        20045  (1001.09 per sec.)
    queries:                             20045  (1001.09 per sec.)
    ignored errors:                      0      (0.00 per sec.)
    reconnects:                          0      (0.00 per sec.)

General statistics:
    total time:                          20.0228s
    total number of events:              20045

Latency (ms):
         min:                                    0.55
         avg:                                    1.14
         max:                                   25.52
         95th percentile:                        1.76
         sum:                                22844.50

Threads fairness:
    events (avg/stddev):           626.4062/4.10
    execution time (avg/stddev):   0.7139/0.02


