sysbench 1.0.20 (using system LuaJIT 2.1.0-beta3)

Running the test with following options:
Number of threads: 32
Target transaction rate: 200/sec
Initializing random number generator from current time


Initializing worker threads...

Threads started!

Latency histogram (values are in milliseconds)
       value  ------------- distribution ------------- count
       2.389 |                                         3
       2.433 |*                                        8
       2.477 |**                                       15
       2.522 |***                                      28
       2.568 |*****                                    41
       2.615 |*********                                76
       2.662 |*************                            110
       2.710 |***************                          123
       2.760 |******************                       147
       2.810 |*********************                    171
       2.861 |************************                 196
       2.913 |***************************              225
       2.966 |******************************           248
       3.020 |*******************************          257
       3.075 |*********************************        277
       3.130 |***********************************      295
       3.187 |***************************************  325
       3.245 |**************************************** 333
       3.304 |*************************************    311
       3.364 |***********************************      293
       3.425 |**********************************       283
       3.488 |********************************         265
       3.551 |*******************************          254
       3.615 |**************************               218
       3.681 |*************************                208
       3.748 |*******************                      155
       3.816 |********************                     166
       3.885 |******************                       148
       3.956 |*****************                        141
       4.028 |*************                            108
       4.101 |**********                               83
       4.176 |*********                                73
       4.252 |******                                   54
       4.329 |******                                   47
       4.407 |*****                                    39
       4.487 |****                                     35
       4.569 |*****                                    43
       4.652 |**                                       19
       4.737 |***                                      28
       4.823 |***                                      27
       4.910 |***                                      23
       4.999 |**                                       17
       5.090 |*                                        12
       5.183 |**                                       13
       5.277 |**                                       14
       5.373 |*                                        7
       5.470 |*                                        6
       5.570 |*                                        8
       5.671 |*                                        6
       5.774 |*                                        12
       5.879 |*                                        7
       5.986 |*                                        6
       6.095 |*                                        6
       6.205 |*                                        5
       6.318 |                                         3
       6.433 |                                         4
       6.550 |                                         4
       6.669 |*                                        8
       6.790 |                                         1
       6.913 |*                                        5
       7.039 |                                         3
       7.167 |                                         3
       7.297 |                                         4
       7.430 |                                         2
       7.565 |                                         4
       7.702 |                                         3
       7.842 |                                         2
       7.985 |                                         2
       8.277 |                                         2
       8.581 |                                         2
       8.737 |                                         1
       9.057 |                                         3
       9.560 |                                         1
      10.460 |                                         1
      10.651 |                                         1
      11.041 |                                         2
      11.654 |                                         1
      14.207 |                                         1
      17.954 |                                         1
      18.612 |                                         1
 
SQL statistics:
    queries performed:
        read:                            85162
        write:                           24332
        other:                           12166
        total:                           121660
    transactions:                        6083   (202.64 per sec.)
    queries:                             121660 (4052.79 per sec.)
    ignored errors:                      0      (0.00 per sec.)
    reconnects:                          0      (0.00 per sec.)

General statistics:
    total time:                          30.0178s
    total number of events:              6083

Latency (ms):
         min:                                    2.38
         avg:                                    3.44
         max:                                   18.60
         95th percentile:                        4.57
         sum:                                20954.69

Threads fairness:
    events (avg/stddev):           190.0938/0.98
    execution time (avg/stddev):   0.6548/0.01


