sysbench 1.0.20 (using system LuaJIT 2.1.0-beta3)

Running the test with following options:
Number of threads: 32
Target transaction rate: 3000/sec
Initializing random number generator from current time


Initializing worker threads...

Threads started!

Latency histogram (values are in milliseconds)
       value  ------------- distribution ------------- count
       0.057 |                                         1
       0.061 |                                         2
       0.062 |                                         1
       0.063 |                                         6
       0.064 |                                         2
       0.065 |                                         1
       0.066 |                                         3
       0.068 |                                         1
       0.069 |                                         5
       0.070 |                                         10
       0.071 |                                         11
       0.073 |                                         21
       0.074 |                                         33
       0.075 |*                                        69
       0.077 |*                                        102
       0.078 |**                                       137
       0.079 |***                                      214
       0.081 |****                                     308
       0.082 |******                                   446
       0.084 |********                                 578
       0.085 |************                             850
       0.087 |***************                          1055
       0.089 |******************                       1306
       0.090 |**********************                   1603
       0.092 |*************************                1832
       0.093 |****************************             2013
       0.095 |********************************         2321
       0.097 |**********************************       2434
       0.099 |************************************     2602
       0.100 |***************************************  2831
       0.102 |***************************************  2790
       0.104 |**************************************** 2866
       0.106 |**************************************** 2886
       0.108 |**************************************   2754
       0.110 |***************************************  2785
       0.112 |************************************     2629
       0.114 |***********************************      2531
       0.116 |********************************         2304
       0.118 |*****************************            2124
       0.120 |***************************              1916
       0.122 |***********************                  1649
       0.125 |**********************                   1586
       0.127 |*******************                      1363
       0.129 |*****************                        1218
       0.132 |****************                         1135
       0.134 |*************                            909
       0.136 |**********                               747
       0.139 |*********                                637
       0.141 |********                                 563
       0.144 |*******                                  502
       0.147 |******                                   434
       0.149 |*****                                    362
       0.152 |****                                     303
       0.155 |****                                     262
       0.158 |***                                      214
       0.160 |**                                       169
       0.163 |**                                       152
       0.166 |**                                       122
       0.169 |**                                       144
       0.172 |*                                        97
       0.176 |*                                        93
       0.179 |*                                        68
       0.182 |*                                        72
       0.185 |*                                        51
       0.189 |                                         34
       0.192 |*                                        46
       0.196 |*                                        39
       0.199 |                                         35
       0.203 |                                         21
       0.206 |                                         22
       0.210 |                                         24
       0.214 |                                         19
       0.218 |                                         19
       0.222 |                                         16
       0.226 |                                         15
       0.230 |                                         11
       0.234 |                                         5
       0.238 |                                         10
       0.243 |                                         8
       0.247 |                                         8
       0.252 |                                         2
       0.256 |                                         2
       0.261 |                                         1
       0.266 |                                         3
       0.270 |                                         2
       0.275 |                                         3
       0.280 |                                         3
       0.285 |                                         6
       0.291 |                                         8
       0.296 |                                         20
       0.301 |                                         17
       0.307 |                                         19
       0.312 |                                         29
       0.318 |                                         31
       0.324 |                                         28
       0.330 |                                         30
       0.336 |*                                        38
       0.342 |*                                        43
       0.348 |*                                        39
       0.354 |                                         25
       0.361 |                                         35
       0.367 |                                         32
       0.374 |                                         18
       0.381 |                                         22
       0.388 |                                         15
       0.395 |                                         19
       0.402 |                                         11
       0.409 |                                         9
       0.417 |                                         6
       0.424 |                                         6
       0.432 |                                         3
       0.440 |                                         9
       0.448 |                                         1
       0.456 |                                         6
       0.464 |                                         2
       0.473 |                                         2
       0.481 |                                         2
       0.499 |                                         5
       0.527 |                                         3
       0.536 |                                         1
       0.826 |                                         1
       1.205 |                                         1
       3.020 |                                         1
 
SQL statistics:
    queries performed:
        read:                            60126
        write:                           0
        other:                           0
        total:                           60126
    transactions:                        60126  (3004.03 per sec.)
    queries:                             60126  (3004.03 per sec.)
    ignored errors:                      0      (0.00 per sec.)
    reconnects:                          0      (0.00 per sec.)

General statistics:
    total time:                          20.0141s
    total number of events:              60126

Latency (ms):
         min:                                    0.06
         avg:                                    0.11
         max:                                    3.04
         95th percentile:                        0.15
         sum:                                 6775.67

Threads fairness:
    events (avg/stddev):           1878.9375/10.56
    execution time (avg/stddev):   0.2117/0.00


