sysbench 1.0.20 (using system LuaJIT 2.1.0-beta3)

Running the test with following options:
Number of threads: 32
Target transaction rate: 300/sec
Initializing random number generator from current time


Initializing worker threads...

Threads started!

Latency histogram (values are in milliseconds)
       value  ------------- distribution ------------- count
       2.069 |                                         1
       2.106 |*                                        8
       2.145 |*                                        10
       2.184 |**                                       23
       2.223 |***                                      38
       2.264 |*****                                    76
       2.305 |*********                                133
       2.347 |*************                            187
       2.389 |*************                            200
       2.433 |**************                           207
       2.477 |***************                          218
       2.522 |*************                            188
       2.568 |***************                          224
       2.615 |**************                           213
       2.662 |**************                           214
       2.710 |****************                         230
       2.760 |*********************                    316
       2.810 |**************************               387
       2.861 |************************************     528
       2.913 |**************************************** 593
       2.966 |***********************************      525
       3.020 |**************************************   559
       3.075 |**************************************** 589
       3.130 |***********************************      519
       3.187 |*******************************          453
       3.245 |**************************               387
       3.304 |********************                     299
       3.364 |***************                          218
       3.425 |************                             183
       3.488 |*********                                136
       3.551 |*******                                  99
       3.615 |*****                                    81
       3.681 |****                                     64
       3.748 |***                                      51
       3.816 |****                                     60
       3.885 |**                                       32
       3.956 |***                                      40
       4.028 |*                                        18
       4.101 |***                                      39
       4.176 |**                                       26
       4.252 |**                                       31
       4.329 |*                                        20
       4.407 |*                                        21
       4.487 |**                                       25
       4.569 |**                                       31
       4.652 |**                                       28
       4.737 |*                                        21
       4.823 |*                                        16
       4.910 |*                                        14
       4.999 |*                                        22
       5.090 |*                                        11
       5.183 |*                                        8
       5.277 |*                                        11
       5.373 |*                                        8
       5.470 |*                                        11
       5.570 |*                                        12
       5.671 |*                                        10
       5.774 |*                                        15
       5.879 |*                                        14
       5.986 |*                                        10
       6.095 |*                                        16
       6.205 |*                                        16
       6.318 |*                                        11
       6.433 |*                                        16
       6.550 |*                                        17
       6.669 |*                                        14
       6.790 |*                                        14
       6.913 |*                                        13
       7.039 |*                                        9
       7.167 |*                                        15
       7.297 |*                                        8
       7.430 |*                                        10
       7.565 |*                                        9
       7.702 |*                                        9
       7.842 |*                                        14
       7.985 |                                         6
       8.130 |                                         5
       8.277 |                                         3
       8.428 |                                         1
       8.581 |                                         5
       8.737 |                                         6
       8.895 |                                         1
       9.057 |                                         2
       9.222 |                                         1
       9.389 |                                         1
       9.734 |                                         1
       9.910 |                                         1
      10.274 |                                         1
      10.460 |                                         1
 
SQL statistics:
    queries performed:
        read:                            125118
        write:                           0
        other:                           17874
        total:                           142992
    transactions:                        8937   (297.66 per sec.)
    queries:                             142992 (4762.62 per sec.)
    ignored errors:                      0      (0.00 per sec.)
    reconnects:                          0      (0.00 per sec.)

General statistics:
    total time:                          30.0234s
    total number of events:              8937

Latency (ms):
         min:                                    2.08
         avg:                                    3.13
         max:                                   10.41
         95th percentile:                        4.57
         sum:                                28009.99

Threads fairness:
    events (avg/stddev):           279.2812/1.99
    execution time (avg/stddev):   0.8753/0.01


