sysbench 1.0.20 (using system LuaJIT 2.1.0-beta3)

Running the test with following options:
Number of threads: 32
Target transaction rate: 300/sec
Initializing random number generator from current time


Initializing worker threads...

Threads started!

Latency histogram (values are in milliseconds)
       value  ------------- distribution ------------- count
       2.223 |                                         4
       2.264 |*                                        13
       2.305 |*                                        24
       2.347 |***                                      51
       2.389 |*******                                  112
       2.433 |************                             190
       2.477 |**************                           222
       2.522 |**************                           225
       2.568 |****************                         251
       2.615 |****************                         260
       2.662 |**************                           225
       2.710 |*************                            213
       2.760 |***********                              179
       2.810 |***************                          241
       2.861 |*******************                      299
       2.913 |************************                 387
       2.966 |**********************************       540
       3.020 |**********************************       551
       3.075 |**************************************   610
       3.130 |**************************************** 644
       3.187 |**************************************   618
       3.245 |*************************************    594
       3.304 |**********************************       541
       3.364 |*******************************          495
       3.425 |************************                 392
       3.488 |*****************                        278
       3.551 |**************                           229
       3.615 |*********                                137
       3.681 |*******                                  116
       3.748 |******                                   98
       3.816 |***                                      47
       3.885 |**                                       38
       3.956 |**                                       34
       4.028 |*                                        16
       4.101 |**                                       27
       4.176 |*                                        21
       4.252 |*                                        15
       4.329 |                                         8
       4.407 |*                                        11
       4.487 |                                         6
       4.569 |*                                        13
       4.652 |                                         7
       4.737 |                                         1
       4.823 |                                         3
       4.910 |                                         4
       4.999 |                                         3
       5.090 |                                         2
       5.183 |                                         2
       5.277 |                                         1
       5.373 |                                         1
       5.570 |                                         1
       5.671 |                                         3
       5.774 |                                         1
       5.986 |                                         1
       6.095 |                                         2
       6.205 |                                         1
       6.318 |                                         1
       6.669 |                                         1
       7.167 |                                         1
       7.297 |                                         1
       7.565 |                                         1
      11.242 |                                         1
      12.081 |                                         1
 
SQL statistics:
    queries performed:
        read:                            126210
        write:                           0
        other:                           18030
        total:                           144240
    transactions:                        9015   (300.24 per sec.)
    queries:                             144240 (4803.88 per sec.)
    ignored errors:                      0      (0.00 per sec.)
    reconnects:                          0      (0.00 per sec.)

General statistics:
    total time:                          30.0253s
    total number of events:              9015

Latency (ms):
         min:                                    2.22
         avg:                                    3.09
         max:                                   12.08
         95th percentile:                        3.68
         sum:                                27822.06

Threads fairness:
    events (avg/stddev):           281.7188/2.18
    execution time (avg/stddev):   0.8694/0.01


