sysbench 1.0.20 (using system LuaJIT 2.1.0-beta3)

Running the test with following options:
Number of threads: 32
Target transaction rate: 200/sec
Initializing random number generator from current time


Initializing worker threads...

Threads started!

Latency histogram (values are in milliseconds)
       value  ------------- distribution ------------- count
       3.488 |*                                        8
       3.551 |**                                       13
       3.615 |*******                                  41
       3.681 |***********                              63
       3.748 |**************                           82
       3.816 |********************                     119
       3.885 |***************                          89
       3.956 |*****************                        98
       4.028 |*******************                      115
       4.101 |*********************                    127
       4.176 |************************                 144
       4.252 |*******************************          182
       4.329 |*********************************        197
       4.407 |*********************************        198
       4.487 |*************************************    217
       4.569 |********************************         192
       4.652 |**************************************** 237
       4.737 |****************************             168
       4.823 |*****************************            174
       4.910 |*****************************            170
       4.999 |****************************             165
       5.090 |*************************                147
       5.183 |********************                     119
       5.277 |********************                     116
       5.373 |****************                         95
       5.470 |************                             74
       5.570 |*************                            77
       5.671 |***********                              64
       5.774 |*********                                54
       5.879 |**********                               60
       5.986 |*******                                  41
       6.095 |****                                     25
       6.205 |****                                     26
       6.318 |****                                     25
       6.433 |****                                     24
       6.550 |**                                       14
       6.669 |***                                      19
       6.790 |***                                      15
       6.913 |***                                      17
       7.039 |*                                        8
       7.167 |*                                        3
       7.297 |**                                       10
       7.430 |*                                        8
       7.565 |**                                       9
       7.702 |**                                       12
       7.842 |*                                        6
       7.985 |*                                        7
       8.130 |**                                       12
       8.277 |*                                        8
       8.428 |**                                       10
       8.581 |**                                       12
       8.737 |**                                       10
       8.895 |*                                        4
       9.057 |**                                       11
       9.222 |*                                        3
       9.389 |*                                        5
       9.560 |*                                        7
       9.734 |**                                       10
       9.910 |**                                       9
      10.090 |**                                       12
      10.274 |*                                        8
      10.460 |                                         2
      10.651 |*                                        8
      10.844 |*                                        6
      11.041 |*                                        4
      11.242 |                                         2
      11.446 |                                         1
      11.654 |*                                        3
      11.866 |                                         1
      12.524 |                                         1
      12.984 |                                         1
      13.219 |                                         1
      13.460 |                                         1
      13.704 |                                         1
      14.207 |                                         2
      14.465 |                                         2
      14.728 |                                         2
      15.828 |                                         1
      16.115 |                                         1
      17.633 |*                                        3
      18.950 |                                         1
 
SQL statistics:
    queries performed:
        read:                            56546
        write:                           16156
        other:                           8078
        total:                           80780
    transactions:                        4039   (201.60 per sec.)
    queries:                             80780  (4031.99 per sec.)
    ignored errors:                      0      (0.00 per sec.)
    reconnects:                          0      (0.00 per sec.)

General statistics:
    total time:                          20.0344s
    total number of events:              4039

Latency (ms):
         min:                                    3.47
         avg:                                    4.97
         max:                                   18.95
         95th percentile:                        7.43
         sum:                                20072.14

Threads fairness:
    events (avg/stddev):           126.2188/0.96
    execution time (avg/stddev):   0.6273/0.02


