sysbench 1.0.20 (using system LuaJIT 2.1.0-beta3)

Running the test with following options:
Number of threads: 32
Target transaction rate: 300/sec
Initializing random number generator from current time


Initializing worker threads...

Threads started!

Latency histogram (values are in milliseconds)
       value  ------------- distribution ------------- count
       1.996 |                                         2
       2.032 |                                         2
       2.069 |**                                       8
       2.106 |**                                       10
       2.145 |***                                      17
       2.184 |***                                      16
       2.223 |****                                     19
       2.264 |******                                   29
       2.305 |*****                                    28
       2.347 |********                                 44
       2.389 |********                                 40
       2.433 |********                                 42
       2.477 |*********                                48
       2.522 |**************                           71
       2.568 |*****************                        88
       2.615 |****************                         85
       2.662 |*****************                        89
       2.710 |********************                     105
       2.760 |*********************                    110
       2.810 |***********************                  123
       2.861 |*****************************            154
       2.913 |******************************           157
       2.966 |******************************           158
       3.020 |************************************     191
       3.075 |**********************************       178
       3.130 |*****************************            154
       3.187 |***********************************      182
       3.245 |************************************     189
       3.304 |**************************************** 210
       3.364 |***********************************      184
       3.425 |*******************************          161
       3.488 |*****************************            152
       3.551 |************************************     187
       3.615 |******************************           156
       3.681 |******************************           159
       3.748 |********************************         170
       3.816 |****************************             149
       3.885 |***************************              140
       3.956 |*******************                      102
       4.028 |*********************                    110
       4.101 |********************                     106
       4.176 |***********************                  122
       4.252 |**********************                   116
       4.329 |*********************                    109
       4.407 |***************                          81
       4.487 |********************                     107
       4.569 |******************                       93
       4.652 |*******************                      100
       4.737 |***************                          81
       4.823 |****************                         82
       4.910 |**************                           71
       4.999 |**************                           75
       5.090 |**************                           75
       5.183 |***************                          77
       5.277 |************                             62
       5.373 |*************                            66
       5.470 |************                             62
       5.570 |**********                               53
       5.671 |*********                                49
       5.774 |*********                                47
       5.879 |******                                   30
       5.986 |******                                   32
       6.095 |****                                     22
       6.205 |******                                   32
       6.318 |***                                      15
       6.433 |***                                      17
       6.550 |****                                     21
       6.669 |***                                      16
       6.790 |**                                       8
       6.913 |***                                      17
       7.039 |*                                        3
       7.167 |**                                       10
       7.297 |*                                        7
       7.430 |*                                        5
       7.565 |*                                        3
       7.702 |*                                        3
       7.842 |*                                        7
       7.985 |                                         1
       8.130 |                                         2
       8.277 |                                         1
       8.737 |*                                        3
       9.057 |                                         2
       9.222 |                                         1
       9.389 |                                         2
       9.560 |                                         1
       9.734 |                                         1
      12.081 |                                         2
      13.460 |                                         1
      14.207 |                                         1
      14.465 |                                         1
      14.995 |                                         2
      15.545 |                                         1
      17.010 |                                         1
 
SQL statistics:
    queries performed:
        read:                            85736
        write:                           0
        other:                           12248
        total:                           97984
    transactions:                        6124   (305.83 per sec.)
    queries:                             97984  (4893.24 per sec.)
    ignored errors:                      0      (0.00 per sec.)
    reconnects:                          0      (0.00 per sec.)

General statistics:
    total time:                          20.0239s
    total number of events:              6124

Latency (ms):
         min:                                    2.00
         avg:                                    3.78
         max:                                   16.93
         95th percentile:                        5.77
         sum:                                23118.63

Threads fairness:
    events (avg/stddev):           191.3750/1.82
    execution time (avg/stddev):   0.7225/0.01


