sysbench 1.0.20 (using system LuaJIT 2.1.0-beta3)

Running the test with following options:
Number of threads: 32
Target transaction rate: 1000/sec
Initializing random number generator from current time


Initializing worker threads...

Threads started!

Latency histogram (values are in milliseconds)
       value  ------------- distribution ------------- count
       0.546 |                                         1
       0.566 |                                         5
       0.576 |                                         1
       0.587 |*                                        10
       0.597 |*                                        17
       0.608 |**                                       22
       0.619 |***                                      36
       0.630 |****                                     55
       0.642 |*****                                    65
       0.654 |******                                   79
       0.665 |*******                                  103
       0.677 |*******                                  102
       0.690 |*********                                125
       0.702 |************                             161
       0.715 |*************                            186
       0.728 |***************                          214
       0.741 |******************                       255
       0.755 |*********************                    295
       0.768 |***********************                  316
       0.782 |****************************             388
       0.797 |*****************************            402
       0.811 |**********************************       471
       0.826 |**********************************       469
       0.841 |************************************     504
       0.856 |************************************     494
       0.872 |**************************************** 554
       0.888 |**************************************   523
       0.904 |*************************************    512
       0.920 |***************************************  534
       0.937 |**************************************   522
       0.954 |*************************************    507
       0.971 |*************************************    506
       0.989 |************************************     500
       1.007 |*************************************    518
       1.025 |**********************************       471
       1.044 |************************************     499
       1.063 |******************************           419
       1.082 |**********************************       464
       1.102 |******************************           411
       1.122 |********************************         442
       1.142 |******************************           410
       1.163 |*************************                340
       1.184 |*************************                346
       1.205 |*************************                340
       1.227 |***********************                  323
       1.250 |*********************                    288
       1.272 |*******************                      260
       1.295 |**********************                   302
       1.319 |********************                     282
       1.343 |*****************                        235
       1.367 |******************                       251
       1.392 |****************                         221
       1.417 |****************                         215
       1.443 |****************                         217
       1.469 |**************                           198
       1.496 |*************                            181
       1.523 |***********                              158
       1.551 |************                             171
       1.579 |***********                              149
       1.608 |**********                               138
       1.637 |************                             165
       1.667 |*********                                128
       1.697 |*********                                118
       1.728 |********                                 110
       1.759 |*******                                  99
       1.791 |*******                                  103
       1.824 |********                                 117
       1.857 |********                                 105
       1.891 |*******                                  91
       1.925 |******                                   87
       1.960 |*****                                    63
       1.996 |*****                                    70
       2.032 |*****                                    69
       2.069 |***                                      46
       2.106 |****                                     62
       2.145 |****                                     62
       2.184 |****                                     59
       2.223 |****                                     52
       2.264 |***                                      47
       2.305 |****                                     50
       2.347 |***                                      38
       2.389 |****                                     49
       2.433 |**                                       32
       2.477 |**                                       29
       2.522 |**                                       28
       2.568 |***                                      39
       2.615 |**                                       28
       2.662 |***                                      46
       2.710 |**                                       31
       2.760 |**                                       24
       2.810 |**                                       22
       2.861 |**                                       33
       2.913 |**                                       25
       2.966 |**                                       31
       3.020 |**                                       30
       3.075 |**                                       28
       3.130 |**                                       32
       3.187 |**                                       22
       3.245 |**                                       31
       3.304 |*                                        19
       3.364 |**                                       29
       3.425 |***                                      35
       3.488 |*                                        17
       3.551 |**                                       21
       3.615 |**                                       22
       3.681 |**                                       22
       3.748 |*                                        18
       3.816 |*                                        20
       3.885 |*                                        18
       3.956 |*                                        19
       4.028 |*                                        9
       4.101 |*                                        13
       4.176 |*                                        10
       4.252 |*                                        10
       4.329 |*                                        9
       4.407 |*                                        18
       4.487 |                                         6
       4.569 |*                                        9
       4.652 |*                                        7
       4.737 |*                                        10
       4.823 |*                                        13
       4.910 |*                                        9
       4.999 |                                         5
       5.090 |*                                        11
       5.183 |*                                        8
       5.277 |                                         5
       5.373 |                                         5
       5.470 |                                         4
       5.570 |                                         5
       5.671 |                                         6
       5.774 |                                         6
       5.986 |                                         3
       6.095 |                                         4
       6.205 |                                         1
       6.318 |                                         3
       6.433 |                                         1
       6.550 |                                         1
       6.669 |                                         3
       6.790 |                                         4
       6.913 |                                         4
       7.039 |                                         6
       7.167 |                                         2
       7.297 |                                         5
       7.430 |                                         4
       7.565 |                                         2
       7.842 |                                         3
       7.985 |                                         4
       8.130 |                                         2
       8.277 |                                         3
       8.428 |                                         1
       8.581 |                                         4
       8.737 |                                         4
       8.895 |*                                        8
       9.057 |                                         3
       9.222 |                                         4
       9.389 |                                         2
       9.560 |                                         3
       9.734 |                                         1
       9.910 |                                         2
      10.090 |                                         3
      10.274 |                                         4
      10.460 |                                         1
      10.651 |                                         3
      10.844 |                                         4
      11.041 |                                         2
      11.242 |                                         2
      11.446 |                                         2
      11.654 |                                         3
      11.866 |                                         1
      12.524 |                                         3
      12.752 |                                         1
      12.984 |                                         2
      13.460 |                                         1
      13.704 |                                         2
      14.207 |                                         1
      14.465 |                                         1
      15.268 |                                         1
      16.115 |                                         2
      16.706 |                                         1
      17.319 |                                         1
      18.280 |                                         2
      18.612 |                                         1
      19.645 |                                         1
      20.002 |                                         1
      20.366 |                                         1
      20.736 |                                         1
      21.496 |                                         1
      22.284 |                                         2
      23.101 |                                         1
      23.521 |                                         1
      23.948 |                                         1
      24.827 |                                         1
      25.278 |                                         1
 
SQL statistics:
    queries performed:
        read:                            0
        write:                           20045
        other:                           0
        total:                           20045
    transactions:                        20045  (1000.99 per sec.)
    queries:                             20045  (1000.99 per sec.)
    ignored errors:                      0      (0.00 per sec.)
    reconnects:                          0      (0.00 per sec.)

General statistics:
    total time:                          20.0248s
    total number of events:              20045

Latency (ms):
         min:                                    0.55
         avg:                                    1.28
         max:                                   25.39
         95th percentile:                        2.52
         sum:                                25681.22

Threads fairness:
    events (avg/stddev):           626.4062/5.50
    execution time (avg/stddev):   0.8025/0.02


