sysbench 1.0.20 (using system LuaJIT 2.1.0-beta3)

Running the test with following options:
Number of threads: 32
Target transaction rate: 1000/sec
Initializing random number generator from current time


Initializing worker threads...

Threads started!

Latency histogram (values are in milliseconds)
       value  ------------- distribution ------------- count
       0.456 |*                                        6
       0.464 |*                                        3
       0.473 |**                                       9
       0.481 |***                                      14
       0.490 |****                                     21
       0.499 |********                                 41
       0.508 |*********                                43
       0.517 |************                             62
       0.527 |***********                              56
       0.536 |*************                            63
       0.546 |***************                          77
       0.556 |****************                         80
       0.566 |***************                          77
       0.576 |*******************                      93
       0.587 |*********************                    104
       0.597 |************************                 118
       0.608 |*****************************            144
       0.619 |*******************************          157
       0.630 |********************************         162
       0.642 |**************************************   188
       0.654 |*****************************            145
       0.665 |***************************************  194
       0.677 |**************************************** 200
       0.690 |***********************************      177
       0.702 |**************************************** 200
       0.715 |************************************     179
       0.728 |***********************************      176
       0.741 |********************************         162
       0.755 |******************************           148
       0.768 |****************************             138
       0.782 |*************************                126
       0.797 |**************************               132
       0.811 |*********************                    103
       0.826 |**********************                   112
       0.841 |*****************                        83
       0.856 |*******************                      95
       0.872 |******************                       90
       0.888 |*****************                        84
       0.904 |**************                           69
       0.920 |***************                          77
       0.937 |*************                            63
       0.954 |***********                              57
       0.971 |*************                            67
       0.989 |************                             58
       1.007 |**********                               49
       1.025 |*********                                43
       1.044 |*******                                  33
       1.063 |*******                                  35
       1.082 |********                                 41
       1.102 |******                                   29
       1.122 |******                                   29
       1.142 |****                                     22
       1.163 |*******                                  33
       1.184 |******                                   32
       1.205 |******                                   28
       1.227 |*******                                  35
       1.250 |******                                   29
       1.272 |******                                   30
       1.295 |******                                   30
       1.319 |*****                                    23
       1.343 |*****                                    27
       1.367 |*****                                    26
       1.392 |*****                                    26
       1.417 |****                                     22
       1.443 |****                                     18
       1.469 |*****                                    25
       1.496 |*****                                    24
       1.523 |*****                                    26
       1.551 |*****                                    23
       1.579 |*****                                    23
       1.608 |*****                                    26
       1.637 |****                                     18
       1.667 |****                                     21
       1.697 |****                                     18
       1.728 |****                                     20
       1.759 |*****                                    25
       1.791 |***                                      17
       1.824 |*****                                    23
       1.857 |****                                     19
       1.891 |****                                     19
       1.925 |******                                   32
       1.960 |*****                                    26
       1.996 |****                                     20
       2.032 |****                                     21
       2.069 |****                                     20
       2.106 |*****                                    24
       2.145 |****                                     20
       2.184 |****                                     20
       2.223 |****                                     22
       2.264 |*****                                    23
       2.305 |*****                                    24
       2.347 |****                                     21
       2.389 |****                                     21
       2.433 |*****                                    24
       2.477 |****                                     20
       2.522 |******                                   29
       2.568 |*****                                    24
       2.615 |****                                     18
       2.662 |*****                                    24
       2.710 |*****                                    25
       2.760 |*****                                    23
       2.810 |****                                     21
       2.861 |****                                     22
       2.913 |*****                                    23
       2.966 |******                                   29
       3.020 |****                                     18
       3.075 |*****                                    23
       3.130 |****                                     20
       3.187 |****                                     21
       3.245 |*****                                    23
       3.304 |*****                                    24
       3.364 |****                                     19
       3.425 |****                                     20
       3.488 |******                                   28
       3.551 |*******                                  35
       3.615 |****                                     22
       3.681 |****                                     22
       3.748 |****                                     22
       3.816 |*****                                    24
       3.885 |********                                 39
       3.956 |*****                                    24
       4.028 |********                                 38
       4.101 |******                                   30
       4.176 |******                                   30
       4.252 |*******                                  33
       4.329 |***                                      17
       4.407 |*****                                    24
       4.487 |*****                                    25
       4.569 |******                                   28
       4.652 |******                                   32
       4.737 |*****                                    23
       4.823 |******                                   28
       4.910 |****                                     22
       4.999 |*******                                  36
       5.090 |*****                                    25
       5.183 |*******                                  33
       5.277 |******                                   31
       5.373 |*****                                    26
       5.470 |*****                                    26
       5.570 |******                                   32
       5.671 |****                                     19
       5.774 |******                                   28
       5.879 |****                                     21
       5.986 |*****                                    25
       6.095 |****                                     20
       6.205 |*****                                    24
       6.318 |****                                     22
       6.433 |*****                                    26
       6.550 |******                                   30
       6.669 |******                                   29
       6.790 |****                                     22
       6.913 |****                                     19
       7.039 |****                                     18
       7.167 |*****                                    23
       7.297 |*****                                    23
       7.430 |***                                      16
       7.565 |****                                     20
       7.702 |******                                   30
       7.842 |*****                                    26
       7.985 |******                                   28
       8.130 |*******                                  33
       8.277 |*****                                    27
       8.428 |*****                                    27
       8.581 |*******                                  35
       8.737 |******                                   30
       8.895 |******                                   28
       9.057 |*******                                  35
       9.222 |****                                     21
       9.389 |****                                     19
       9.560 |*****                                    27
       9.734 |*****                                    26
       9.910 |*****                                    23
      10.090 |*****                                    24
      10.274 |*****                                    25
      10.460 |*****                                    27
      10.651 |********                                 40
      10.844 |******                                   29
      11.041 |*****                                    26
      11.242 |*****                                    24
      11.446 |*****                                    27
      11.654 |********                                 41
      11.866 |*******                                  37
      12.081 |******                                   29
      12.301 |*******                                  35
      12.524 |*****                                    27
      12.752 |*****                                    25
      12.984 |******                                   30
      13.219 |*******                                  33
      13.460 |****                                     22
      13.704 |******                                   32
      13.953 |*******                                  35
      14.207 |*******                                  33
      14.465 |********                                 40
      14.728 |*******                                  34
      14.995 |******                                   28
      15.268 |********                                 39
      15.545 |******                                   30
      15.828 |******                                   31
      16.115 |******                                   28
      16.408 |******                                   28
      16.706 |*******                                  33
      17.010 |********                                 41
      17.319 |******                                   31
      17.633 |*******                                  33
      17.954 |********                                 41
      18.280 |********                                 39
      18.612 |******                                   31
      18.950 |********                                 39
      19.295 |******                                   31
      19.645 |*******                                  36
      20.002 |********                                 38
      20.366 |***********                              55
      20.736 |*******                                  36
      21.112 |******                                   31
      21.496 |********                                 42
      21.886 |*****                                    26
      22.284 |********                                 38
      22.689 |********                                 40
      23.101 |*******                                  37
      23.521 |******                                   30
      23.948 |***********                              57
      24.384 |*******                                  33
      24.827 |**********                               52
      25.278 |*******                                  37
      25.737 |**********                               48
      26.205 |*********                                43
      26.681 |***********                              55
      27.165 |**********                               50
      27.659 |**********                               51
      28.162 |*************                            63
      28.673 |************                             61
      29.194 |***********                              55
      29.725 |***********                              53
      30.265 |********                                 41
      30.815 |*********                                47
      31.375 |*********                                47
      31.945 |************                             61
      32.525 |********                                 39
      33.116 |**********                               49
      33.718 |**********                               48
      34.330 |*************                            65
      34.954 |**********                               52
      35.589 |************                             59
      36.236 |**********                               49
      36.894 |**************                           68
      37.565 |**************                           72
      38.247 |***********                              57
      38.942 |***********                              57
      39.650 |*************                            63
      40.370 |*************                            67
      41.104 |************                             62
      41.851 |****************                         82
      42.611 |***************                          73
      43.385 |***************                          73
      44.173 |************                             61
      44.976 |****************                         78
      45.793 |***********                              53
      46.625 |****************                         80
      47.472 |****************                         78
      48.335 |***************                          75
      49.213 |**************                           71
      50.107 |****************                         81
      51.018 |***************                          73
      51.945 |***************                          76
      52.889 |*************                            64
      53.850 |***************                          77
      54.828 |********************                     98
      55.824 |****************                         78
      56.839 |***************                          75
      57.871 |****************                         79
      58.923 |****************                         80
      59.993 |*******************                      94
      61.083 |**************                           69
      62.193 |***************                          75
      63.323 |*******************                      93
      64.474 |*******************                      97
      65.645 |*******************                      93
      66.838 |****************                         78
      68.053 |**************                           69
      69.289 |****************                         81
      70.548 |*****************                        86
      71.830 |****************                         82
      73.135 |*****************                        85
      74.464 |********************                     98
      75.817 |******************                       92
      77.194 |********************                     98
      78.597 |********************                     102
      80.025 |**********************                   108
      81.479 |*********************                    107
      82.959 |*****************                        84
      84.467 |****************                         79
      86.002 |**********************                   110
      87.564 |*********************                    105
      89.155 |*********************                    103
      90.775 |*********************                    103
      92.424 |*********************                    104
      94.104 |************************                 120
      95.814 |**********************                   111
      97.555 |***********************                  113
      99.327 |****************************             141
     101.132 |******************                       88
     102.969 |*********************                    107
     104.840 |*********************                    106
     106.745 |*****************                        83
     108.685 |******************                       92
     110.659 |*******************                      94
     112.670 |******************                       91
     114.717 |************************                 121
     116.802 |********************                     100
     118.924 |*******************                      94
     121.085 |*****************                        87
     123.285 |***************                          73
     125.525 |******************                       91
     127.805 |********************                     100
     130.128 |******************                       92
     132.492 |******************                       90
     134.899 |****************                         78
     137.350 |****************                         78
     139.846 |****************                         82
     142.387 |*****************                        85
     144.974 |****************                         82
     147.608 |***************                          74
     150.290 |*****************                        85
     153.021 |***************                          74
     155.801 |**************                           72
     158.632 |**************                           70
     161.514 |*************                            65
     164.449 |***************                          75
     167.437 |****************                         79
     170.479 |**************                           69
     173.577 |************                             62
     176.731 |**************                           72
     179.942 |**************                           70
     183.211 |*****************                        84
     186.540 |****************                         78
     189.929 |***********                              55
     193.380 |**************                           71
     196.894 |***********                              55
     200.472 |***************                          73
     204.114 |*********                                44
     207.823 |************                             61
     211.599 |**********                               50
     215.443 |*******                                  36
     219.358 |*******                                  37
     223.344 |**********                               49
     227.402 |********                                 42
     231.534 |********                                 41
     235.740 |********                                 38
     240.024 |********                                 42
     244.385 |*******                                  33
     248.825 |*******                                  34
     253.346 |******                                   30
     257.950 |*******                                  36
     262.636 |********                                 39
     267.408 |*********                                43
     272.267 |*********                                47
     277.214 |********                                 38
     282.251 |**********                               49
     287.379 |***********                              54
     292.601 |***********                              53
     297.917 |**********                               48
     303.330 |*******                                  35
     308.842 |*******                                  36
     314.453 |*******                                  34
     320.167 |*******                                  34
     325.984 |*****                                    25
     331.907 |*****                                    27
     337.938 |*****                                    25
     344.078 |****                                     19
     350.330 |****                                     20
     356.695 |***                                      17
     363.176 |**                                       8
     369.775 |*****                                    23
     376.494 |**                                       12
     383.334 |*                                        3
     390.299 |***                                      15
     397.391 |****                                     18
     404.611 |***                                      15
     411.963 |****                                     20
     419.448 |**                                       9
     427.069 |*                                        7
     434.829 |*                                        6
     442.730 |**                                       10
     450.774 |*                                        5
     458.964 |*                                        5
 
SQL statistics:
    queries performed:
        read:                            0
        write:                           19821
        other:                           0
        total:                           19821
    transactions:                        19821  (989.09 per sec.)
    queries:                             19821  (989.09 per sec.)
    ignored errors:                      0      (0.00 per sec.)
    reconnects:                          0      (0.00 per sec.)

General statistics:
    total time:                          20.0393s
    total number of events:              19821

Latency (ms):
         min:                                    0.46
         avg:                                   62.07
         max:                                  460.54
         95th percentile:                      235.74
         sum:                              1230210.39

Threads fairness:
    events (avg/stddev):           619.4062/4.59
    execution time (avg/stddev):   38.4441/0.47


