sysbench 1.0.20 (using system LuaJIT 2.1.0-beta3)

Running the test with following options:
Number of threads: 32
Target transaction rate: 1000/sec
Initializing random number generator from current time


Initializing worker threads...

Threads started!

Latency histogram (values are in milliseconds)
       value  ------------- distribution ------------- count
       0.464 |*                                        3
       0.473 |*                                        5
       0.481 |                                         2
       0.490 |**                                       8
       0.499 |***                                      14
       0.508 |*******                                  29
       0.517 |******                                   25
       0.527 |********                                 33
       0.536 |*********                                36
       0.546 |**********                               40
       0.556 |************                             47
       0.566 |**********                               41
       0.576 |**************                           58
       0.587 |****************                         64
       0.597 |**************                           58
       0.608 |********************                     81
       0.619 |*************************                100
       0.630 |********************************         132
       0.642 |***********************************      142
       0.654 |*************************************    149
       0.665 |***********************************      144
       0.677 |**************************************** 163
       0.690 |********************************         131
       0.702 |*************************************    151
       0.715 |******************************           121
       0.728 |**********************************       140
       0.741 |********************************         129
       0.755 |*****************************            118
       0.768 |**************************               107
       0.782 |**************************               106
       0.797 |**********************                   89
       0.811 |*********************                    85
       0.826 |********************                     81
       0.841 |*********************                    85
       0.856 |****************                         64
       0.872 |****************                         67
       0.888 |******************                       73
       0.904 |***************                          63
       0.920 |*************                            54
       0.937 |*************                            51
       0.954 |**********                               42
       0.971 |************                             49
       0.989 |*************                            51
       1.007 |**********                               42
       1.025 |***********                              44
       1.044 |**********                               39
       1.063 |***********                              45
       1.082 |**********                               42
       1.102 |**********                               39
       1.122 |******                                   24
       1.142 |*********                                35
       1.163 |******                                   26
       1.184 |********                                 34
       1.205 |*****                                    22
       1.227 |******                                   25
       1.250 |******                                   23
       1.272 |********                                 31
       1.295 |*****                                    19
       1.319 |******                                   26
       1.343 |***                                      11
       1.367 |*******                                  29
       1.392 |*******                                  30
       1.417 |******                                   26
       1.443 |******                                   23
       1.469 |******                                   23
       1.496 |****                                     15
       1.523 |****                                     18
       1.551 |******                                   23
       1.579 |******                                   25
       1.608 |*******                                  27
       1.637 |****                                     15
       1.667 |*****                                    21
       1.697 |******                                   26
       1.728 |****                                     17
       1.759 |****                                     15
       1.791 |******                                   23
       1.824 |*****                                    21
       1.857 |******                                   26
       1.891 |******                                   23
       1.925 |********                                 33
       1.960 |*****                                    22
       1.996 |******                                   23
       2.032 |*****                                    20
       2.069 |******                                   24
       2.106 |******                                   26
       2.145 |*******                                  27
       2.184 |******                                   23
       2.223 |****                                     16
       2.264 |******                                   23
       2.305 |****                                     16
       2.347 |****                                     15
       2.389 |*****                                    20
       2.433 |*****                                    21
       2.477 |***                                      14
       2.522 |*****                                    19
       2.568 |****                                     16
       2.615 |*******                                  30
       2.662 |***                                      11
       2.710 |*****                                    19
       2.760 |*****                                    19
       2.810 |*****                                    20
       2.861 |*******                                  29
       2.913 |*******                                  29
       2.966 |***                                      14
       3.020 |*****                                    19
       3.075 |***                                      12
       3.130 |******                                   26
       3.187 |*****                                    21
       3.245 |*****                                    22
       3.304 |******                                   25
       3.364 |***                                      14
       3.425 |***                                      11
       3.488 |**                                       8
       3.551 |******                                   24
       3.615 |***                                      14
       3.681 |****                                     17
       3.748 |****                                     18
       3.816 |**                                       8
       3.885 |****                                     17
       3.956 |***                                      12
       4.028 |****                                     18
       4.101 |****                                     18
       4.176 |***                                      14
       4.252 |*****                                    19
       4.329 |***                                      14
       4.407 |***                                      14
       4.487 |***                                      14
       4.569 |***                                      14
       4.652 |**                                       10
       4.737 |***                                      12
       4.823 |**                                       8
       4.910 |**                                       7
       4.999 |****                                     15
       5.090 |**                                       9
       5.183 |***                                      12
       5.277 |**                                       10
       5.373 |***                                      14
       5.470 |*****                                    20
       5.570 |***                                      11
       5.671 |**                                       8
       5.774 |***                                      13
       5.879 |****                                     15
       5.986 |***                                      12
       6.095 |**                                       7
       6.205 |****                                     15
       6.318 |***                                      11
       6.433 |***                                      13
       6.550 |****                                     15
       6.669 |***                                      11
       6.790 |*                                        3
       6.913 |**                                       7
       7.039 |**                                       10
       7.167 |****                                     15
       7.297 |****                                     18
       7.430 |***                                      13
       7.565 |****                                     17
       7.702 |***                                      12
       7.842 |****                                     16
       7.985 |**                                       9
       8.130 |****                                     18
       8.277 |***                                      11
       8.428 |***                                      12
       8.581 |****                                     18
       8.737 |***                                      12
       8.895 |***                                      11
       9.057 |***                                      14
       9.222 |****                                     15
       9.389 |*****                                    21
       9.560 |**                                       7
       9.734 |***                                      13
       9.910 |****                                     16
      10.090 |****                                     17
      10.274 |*****                                    19
      10.460 |***                                      12
      10.651 |*****                                    19
      10.844 |*****                                    22
      11.041 |******                                   24
      11.242 |******                                   26
      11.446 |*****                                    19
      11.654 |*****                                    22
      11.866 |******                                   25
      12.081 |******                                   25
      12.301 |****                                     18
      12.524 |*****                                    22
      12.752 |*****                                    20
      12.984 |*****                                    22
      13.219 |****                                     18
      13.460 |******                                   26
      13.704 |****                                     15
      13.953 |*******                                  27
      14.207 |***                                      13
      14.465 |****                                     16
      14.728 |******                                   24
      14.995 |*****                                    20
      15.268 |******                                   24
      15.545 |******                                   26
      15.828 |*****                                    19
      16.115 |*******                                  29
      16.408 |*****                                    21
      16.706 |******                                   23
      17.010 |******                                   25
      17.319 |****                                     17
      17.633 |******                                   24
      17.954 |******                                   24
      18.280 |********                                 31
      18.612 |********                                 32
      18.950 |*********                                36
      19.295 |******                                   25
      19.645 |********                                 31
      20.002 |*******                                  27
      20.366 |*********                                37
      20.736 |***********                              43
      21.112 |*****                                    22
      21.496 |******                                   25
      21.886 |******                                   24
      22.284 |******                                   23
      22.689 |********                                 31
      23.101 |********                                 31
      23.521 |*********                                35
      23.948 |*********                                38
      24.384 |*********                                37
      24.827 |******                                   25
      25.278 |********                                 34
      25.737 |**********                               40
      26.205 |*********                                35
      26.681 |*********                                37
      27.165 |**********                               40
      27.659 |*********                                36
      28.162 |***********                              44
      28.673 |*********                                38
      29.194 |*************                            51
      29.725 |************                             48
      30.265 |************                             48
      30.815 |***********                              46
      31.375 |**********                               39
      31.945 |*************                            55
      32.525 |**********                               42
      33.116 |************                             48
      33.718 |********                                 33
      34.330 |************                             47
      34.954 |***********                              46
      35.589 |**************                           57
      36.236 |*************                            55
      36.894 |*************                            51
      37.565 |************                             50
      38.247 |************                             47
      38.942 |***************                          62
      39.650 |************                             50
      40.370 |**************                           56
      41.104 |***************                          61
      41.851 |***********                              46
      42.611 |**********                               41
      43.385 |************                             48
      44.173 |***********                              46
      44.976 |*************                            54
      45.793 |***************                          60
      46.625 |*************                            53
      47.472 |*************                            54
      48.335 |*************                            54
      49.213 |*****************                        69
      50.107 |****************                         64
      51.018 |************                             50
      51.945 |************                             48
      52.889 |*************                            55
      53.850 |**************                           56
      54.828 |*******************                      76
      55.824 |****************                         65
      56.839 |******************                       74
      57.871 |****************                         66
      58.923 |***************                          61
      59.993 |*******************                      78
      61.083 |***************                          63
      62.193 |******************                       72
      63.323 |******************                       72
      64.474 |***************                          63
      65.645 |******************                       74
      66.838 |*******************                      79
      68.053 |********************                     83
      69.289 |******************                       74
      70.548 |*****************                        69
      71.830 |******************                       75
      73.135 |**********************                   91
      74.464 |*********************                    87
      75.817 |*******************                      79
      77.194 |**********************                   89
      78.597 |**********************                   88
      80.025 |************************                 98
      81.479 |*********************                    84
      82.959 |**************************               107
      84.467 |********************                     82
      86.002 |************************                 97
      87.564 |************************                 98
      89.155 |********************                     83
      90.775 |*******************                      79
      92.424 |*************************                102
      94.104 |************************                 96
      95.814 |***********************                  92
      97.555 |********************                     81
      99.327 |**************************               105
     101.132 |***********************                  95
     102.969 |******************                       75
     104.840 |*************************                100
     106.745 |************************                 99
     108.685 |*****************************            117
     110.659 |***********************                  95
     112.670 |***************************              109
     114.717 |************************                 98
     116.802 |*************************                100
     118.924 |*********************                    85
     121.085 |*****************************            117
     123.285 |*************************                100
     125.525 |**************************               105
     127.805 |************************                 96
     130.128 |*****************************            119
     132.492 |****************************             113
     134.899 |**********************                   89
     137.350 |**************************               106
     139.846 |*************************                103
     142.387 |****************************             114
     144.974 |***************************              110
     147.608 |**************************               106
     150.290 |*********************************        134
     153.021 |************************                 96
     155.801 |*************************                103
     158.632 |****************************             113
     161.514 |**************************               104
     164.449 |**********************                   90
     167.437 |***********************                  93
     170.479 |*************************                102
     173.577 |**********************                   90
     176.731 |**********************                   91
     179.942 |**************************               104
     183.211 |**********************                   88
     186.540 |***********************                  94
     189.929 |**********************                   90
     193.380 |****************************             113
     196.894 |*********************                    85
     200.472 |***********************                  94
     204.114 |************************                 98
     207.823 |*******************                      77
     211.599 |****************                         64
     215.443 |***************                          62
     219.358 |*****************                        70
     223.344 |********************                     82
     227.402 |********************                     83
     231.534 |*******************                      76
     235.740 |*************                            55
     240.024 |**************                           57
     244.385 |**************                           59
     248.825 |************                             48
     253.346 |***************                          60
     257.950 |***********                              43
     262.636 |****************                         67
     267.408 |************                             47
     272.267 |*************                            54
     277.214 |*************                            52
     282.251 |***************                          61
     287.379 |****************                         66
     292.601 |***************                          60
     297.917 |*******************                      78
     303.330 |*****************                        68
     308.842 |******************                       72
     314.453 |********************                     80
     320.167 |********************                     81
     325.984 |********************                     80
     331.907 |****************                         66
     337.938 |*****************                        71
     344.078 |**************                           56
     350.330 |*************                            54
     356.695 |************                             48
     363.176 |*********                                37
     369.775 |***********                              44
     376.494 |************                             48
     383.334 |************                             49
     390.299 |************                             49
     397.391 |***********                              43
     404.611 |**********                               42
     411.963 |*********                                36
     419.448 |*********                                36
     427.069 |*******                                  27
     434.829 |**********                               39
     442.730 |**********                               42
     450.774 |******                                   26
     458.964 |**********                               42
     467.304 |*******                                  27
     475.794 |********                                 31
     484.439 |******                                   26
     493.242 |*******                                  29
     502.204 |********                                 32
     511.328 |**********                               39
     520.619 |******                                   26
     530.078 |********                                 32
     539.710 |**********                               41
     549.516 |*********                                37
     559.501 |*********                                37
     569.667 |********                                 34
     580.017 |**********                               39
     590.556 |*******                                  29
     601.286 |****                                     17
     612.211 |********                                 32
     623.335 |***                                      12
     634.661 |****                                     18
     646.192 |*******                                  27
     657.933 |********                                 31
     669.888 |********                                 32
     682.059 |********                                 34
     694.452 |************                             49
     707.070 |************                             49
     719.917 |***********                              45
     732.998 |****************                         64
     746.316 |**************                           58
     759.876 |************                             48
     773.683 |**************                           58
     787.741 |********                                 32
     802.053 |*******                                  30
     816.626 |******                                   26
     831.464 |*********                                37
     846.572 |********                                 32
     861.954 |***********                              45
     877.615 |**********                               41
     893.561 |***********                              45
     909.797 |*****                                    20
     926.327 |****                                     17
     943.158 |****                                     18
     960.295 |*****                                    21
     977.743 |****                                     18
     995.508 |*****                                    20
    1013.597 |****                                     15
    1032.013 |******                                   25
    1050.764 |****                                     18
    1069.856 |****                                     17
 
SQL statistics:
    queries performed:
        read:                            0
        write:                           19874
        other:                           0
        total:                           19874
    transactions:                        19874  (991.66 per sec.)
    queries:                             19874  (991.66 per sec.)
    ignored errors:                      0      (0.00 per sec.)
    reconnects:                          0      (0.00 per sec.)

General statistics:
    total time:                          20.0407s
    total number of events:              19874

Latency (ms):
         min:                                    0.46
         avg:                                  139.37
         max:                                 1076.53
         95th percentile:                      623.33
         sum:                              2769800.93

Threads fairness:
    events (avg/stddev):           621.0625/6.38
    execution time (avg/stddev):   86.5563/1.57


