/opt/hostedtoolcache/Java_Temurin-Hotspot_jdk/17.0.20-1/x64/bin/java  -classpath /home/runner/ycsb-mongodb-binding-0.17.0/conf:/home/runner/ycsb-mongodb-binding-0.17.0/lib/HdrHistogram-2.1.4.jar:/home/runner/ycsb-mongodb-binding-0.17.0/lib/core-0.17.0.jar:/home/runner/ycsb-mongodb-binding-0.17.0/lib/htrace-core4-4.1.0-incubating.jar:/home/runner/ycsb-mongodb-binding-0.17.0/lib/jackson-core-asl-1.9.4.jar:/home/runner/ycsb-mongodb-binding-0.17.0/lib/jackson-mapper-asl-1.9.4.jar:/home/runner/ycsb-mongodb-binding-0.17.0/lib/logback-classic-1.1.2.jar:/home/runner/ycsb-mongodb-binding-0.17.0/lib/logback-core-1.1.2.jar:/home/runner/ycsb-mongodb-binding-0.17.0/lib/mongo-java-driver-3.8.0.jar:/home/runner/ycsb-mongodb-binding-0.17.0/lib/mongodb-async-driver-2.0.1.jar:/home/runner/ycsb-mongodb-binding-0.17.0/lib/mongodb-binding-0.17.0.jar:/home/runner/ycsb-mongodb-binding-0.17.0/lib/slf4j-api-1.7.25.jar:/home/runner/ycsb-mongodb-binding-0.17.0/lib/snappy-java-1.1.7.1.jar site.ycsb.Client -load -db site.ycsb.db.MongoDbClient -s -P /home/runner/ycsb-mongodb-binding-0.17.0/workloads/workloada -p mongodb.url=mongodb://127.0.0.1:27017/ycsb?w=1 -p measurementtype=raw -p measurement.raw.output_file=/home/runner/work/The-Omni-Compass/The-Omni-Compass/out/ycsb-tuning/load.raw -p recordcount=1500000 -p threads=32 -p insertorder=ordered
mongo client connection created with mongodb://127.0.0.1:27017/ycsb?w=1
Raw data measurement: will output to result file: /home/runner/work/The-Omni-Compass/The-Omni-Compass/out/ycsb-tuning/load.raw
Raw data measurement: will output to result file: /home/runner/work/The-Omni-Compass/The-Omni-Compass/out/ycsb-tuning/load.raw
[OVERALL], RunTime(ms), 218679
[OVERALL], Throughput(ops/sec), 6859.369212407227
[TOTAL_GCS_G1_Young_Generation], Count, 90
[TOTAL_GC_TIME_G1_Young_Generation], Time(ms), 2976
[TOTAL_GC_TIME_%_G1_Young_Generation], Time(%), 1.3608988517415939
[TOTAL_GCS_G1_Old_Generation], Count, 0
[TOTAL_GC_TIME_G1_Old_Generation], Time(ms), 0
[TOTAL_GC_TIME_%_G1_Old_Generation], Time(%), 0.0
[TOTAL_GCs], Count, 90
[TOTAL_GC_TIME], Time(ms), 2976
[TOTAL_GC_TIME_%], Time(%), 1.3608988517415939
[CLEANUP], Total Operations, 1
[CLEANUP], Below is a summary of latency in microseconds:, -1
[CLEANUP], Average, 1357.0
[CLEANUP], Min, 1357
[CLEANUP], Max, 1357
[CLEANUP], p1, 1357
[CLEANUP], p5, 1357
[CLEANUP], p50, 1357
[CLEANUP], p90, 1357
[CLEANUP], p95, 1357
[CLEANUP], p99, 1357
[CLEANUP], p99.9, 1357
[CLEANUP], p99.99, 1357
[INSERT], Total Operations, 1500000
[INSERT], Below is a summary of latency in microseconds:, -1
[INSERT], Average, 142.516508
[INSERT], Min, 96
[INSERT], Max, 73948
[INSERT], p1, 118
[INSERT], p5, 120
[INSERT], p50, 126
[INSERT], p90, 170
[INSERT], p95, 183
[INSERT], p99, 206
[INSERT], p99.9, 334
[INSERT], p99.99, 3548
[INSERT], Return=OK, 1500000

Command line: -load -db site.ycsb.db.MongoDbClient -s -P /home/runner/ycsb-mongodb-binding-0.17.0/workloads/workloada -p mongodb.url=mongodb://127.0.0.1:27017/ycsb?w=1 -p measurementtype=raw -p measurement.raw.output_file=/home/runner/work/The-Omni-Compass/The-Omni-Compass/out/ycsb-tuning/load.raw -p recordcount=1500000 -p threads=32 -p insertorder=ordered
YCSB Client 0.17.0

Loading workload...
Starting test.
2026-10-08 23:19:01:947 0 sec: 0 operations; est completion in 0 second 
DBWrapper: report latency for each error is false and specific error codes to track for latency are: []
2026-10-08 23:19:11:909 10 sec: 44453 operations; 4445.3 current ops/sec; est completion in 5 minutes INSERT count: 44458, average latency(us): 162.57 
2026-10-08 23:19:21:908 20 sec: 112350 operations; 6789.7 current ops/sec; est completion in 4 minutes INSERT count: 67894, average latency(us): 145.74 
2026-10-08 23:19:31:908 30 sec: 181792 operations; 6944.2 current ops/sec; est completion in 3 minutes INSERT count: 69442, average latency(us): 142.52 
2026-10-08 23:19:41:908 40 sec: 252567 operations; 7077.5 current ops/sec; est completion in 3 minutes INSERT count: 70774, average latency(us): 139.70 
2026-10-08 23:19:51:908 50 sec: 322326 operations; 6975.9 current ops/sec; est completion in 3 minutes INSERT count: 69760, average latency(us): 141.26 
2026-10-08 23:20:01:908 60 sec: 391918 operations; 6959.2 current ops/sec; est completion in 2 minutes INSERT count: 69592, average latency(us): 142.46 
2026-10-08 23:20:11:908 70 sec: 462072 operations; 7015.4 current ops/sec; est completion in 2 minutes INSERT count: 70154, average latency(us): 141.31 
2026-10-08 23:20:21:908 80 sec: 532259 operations; 7018.7 current ops/sec; est completion in 2 minutes INSERT count: 70186, average latency(us): 140.71 
2026-10-08 23:20:31:908 90 sec: 602567 operations; 7030.8 current ops/sec; est completion in 2 minutes INSERT count: 70311, average latency(us): 141.00 
2026-10-08 23:20:41:908 100 sec: 672758 operations; 7019.1 current ops/sec; est completion in 2 minutes INSERT count: 70189, average latency(us): 141.25 
2026-10-08 23:20:51:908 110 sec: 742707 operations; 6994.9 current ops/sec; est completion in 1 minute INSERT count: 69949, average latency(us): 141.19 
2026-10-08 23:21:01:908 120 sec: 812663 operations; 6995.6 current ops/sec; est completion in 1 minute INSERT count: 69955, average latency(us): 141.70 
2026-10-08 23:21:11:908 130 sec: 882059 operations; 6939.6 current ops/sec; est completion in 1 minute INSERT count: 69397, average latency(us): 142.24 
2026-10-08 23:21:21:908 140 sec: 950531 operations; 6847.2 current ops/sec; est completion in 1 minute INSERT count: 68471, average latency(us): 144.74 
2026-10-08 23:21:31:908 150 sec: 1020807 operations; 7027.6 current ops/sec; est completion in 1 minute INSERT count: 70278, average latency(us): 141.08 
2026-10-08 23:21:41:908 160 sec: 1090989 operations; 7018.2 current ops/sec; est completion in 1 minute INSERT count: 70180, average latency(us): 140.67 
2026-10-08 23:21:51:908 170 sec: 1160243 operations; 6925.4 current ops/sec; est completion in 50 seconds INSERT count: 69255, average latency(us): 143.15 
2026-10-08 23:22:01:908 180 sec: 1230860 operations; 7061.7 current ops/sec; est completion in 40 seconds INSERT count: 70617, average latency(us): 140.42 
2026-10-08 23:22:11:908 190 sec: 1299999 operations; 6913.9 current ops/sec; est completion in 30 seconds INSERT count: 69139, average latency(us): 143.38 
2026-10-08 23:22:21:908 200 sec: 1371019 operations; 7102 current ops/sec; est completion in 19 seconds INSERT count: 71018, average latency(us): 139.58 
2026-10-08 23:22:31:908 210 sec: 1439804 operations; 6878.5 current ops/sec; est completion in 9 second INSERT count: 68786, average latency(us): 143.50 
2026-10-08 23:22:40:587 218 sec: 1500000 operations; 6935.82 current ops/sec; CLEANUP count: 1, average latency(us): 1357.00 INSERT count: 60195, average latency(us): 142.87 
