sysbench 1.0.20 (using system LuaJIT 2.1.0-beta3)

Running the test with following options:
Number of threads: 32
Target transaction rate: 1000/sec
Initializing random number generator from current time


Initializing worker threads...

Threads started!

Latency histogram (values are in milliseconds)
       value  ------------- distribution ------------- count
       0.608 |                                         3
       0.630 |                                         3
       0.642 |                                         2
       0.654 |                                         3
       0.665 |*                                        13
       0.677 |*                                        12
       0.690 |*                                        21
       0.702 |**                                       24
       0.715 |***                                      49
       0.728 |***                                      43
       0.741 |***                                      54
       0.755 |*****                                    84
       0.768 |******                                   101
       0.782 |********                                 121
       0.797 |********                                 130
       0.811 |**********                               164
       0.826 |***********                              170
       0.841 |***********                              175
       0.856 |************                             186
       0.872 |**************                           223
       0.888 |***************                          230
       0.904 |******************                       281
       0.920 |*********************                    325
       0.937 |**************************               408
       0.954 |******************************           465
       0.971 |******************************           477
       0.989 |**********************************       541
       1.007 |***************************************  612
       1.025 |***********************************      559
       1.044 |**************************************   598
       1.063 |**************************************** 630
       1.082 |************************************     562
       1.102 |***************************************  618
       1.122 |**************************************   601
       1.142 |***************************************  612
       1.163 |***************************************  611
       1.184 |**************************************   595
       1.205 |***********************************      559
       1.227 |**************************************** 624
       1.250 |************************************     567
       1.272 |***********************************      546
       1.295 |**************************************   597
       1.319 |*************************************    580
       1.343 |*******************************          486
       1.367 |******************************           473
       1.392 |*****************************            458
       1.417 |****************************             438
       1.443 |***************************              421
       1.469 |**********************                   349
       1.496 |*******************                      299
       1.523 |********************                     317
       1.551 |******************                       282
       1.579 |****************                         247
       1.608 |***************                          235
       1.637 |***************                          238
       1.667 |************                             190
       1.697 |***********                              175
       1.728 |***********                              173
       1.759 |*********                                137
       1.791 |********                                 130
       1.824 |*******                                  110
       1.857 |*******                                  105
       1.891 |*****                                    86
       1.925 |******                                   93
       1.960 |*****                                    76
       1.996 |*****                                    77
       2.032 |****                                     64
       2.069 |***                                      53
       2.106 |***                                      49
       2.145 |***                                      47
       2.184 |**                                       35
       2.223 |***                                      41
       2.264 |**                                       38
       2.305 |**                                       33
       2.347 |*                                        22
       2.389 |**                                       26
       2.433 |**                                       24
       2.477 |*                                        14
       2.522 |*                                        17
       2.568 |*                                        13
       2.615 |*                                        15
       2.662 |*                                        11
       2.710 |*                                        14
       2.760 |*                                        14
       2.810 |                                         4
       2.861 |                                         5
       2.913 |                                         4
       2.966 |                                         7
       3.020 |                                         4
       3.075 |                                         3
       3.130 |                                         5
       3.187 |                                         5
       3.245 |                                         5
       3.304 |                                         4
       3.364 |                                         3
       3.425 |                                         5
       3.488 |                                         4
       3.551 |                                         5
       3.615 |                                         2
       3.681 |                                         4
       3.748 |                                         3
       3.816 |                                         2
       3.885 |                                         3
       3.956 |                                         3
       4.028 |                                         3
       4.176 |                                         1
       4.252 |                                         1
       4.329 |                                         1
       4.569 |                                         1
       4.652 |                                         1
       4.737 |                                         1
       4.823 |                                         2
       4.910 |                                         3
       4.999 |                                         3
       5.090 |                                         1
       5.183 |                                         1
       5.277 |                                         2
       5.570 |                                         2
       5.671 |                                         1
       5.774 |                                         1
       5.879 |                                         1
       6.095 |                                         2
       6.433 |                                         2
       6.550 |                                         1
       6.790 |                                         1
       6.913 |                                         1
       7.565 |                                         1
       8.130 |                                         1
       8.581 |                                         1
       8.895 |                                         1
       9.734 |                                         1
       9.910 |                                         1
      10.090 |                                         2
 
SQL statistics:
    queries performed:
        read:                            0
        write:                           20025
        other:                           0
        total:                           20025
    transactions:                        20025  (1000.50 per sec.)
    queries:                             20025  (1000.50 per sec.)
    ignored errors:                      0      (0.00 per sec.)
    reconnects:                          0      (0.00 per sec.)

General statistics:
    total time:                          20.0141s
    total number of events:              20025

Latency (ms):
         min:                                    0.60
         avg:                                    1.26
         max:                                   10.15
         95th percentile:                        1.86
         sum:                                25137.82

Threads fairness:
    events (avg/stddev):           625.7812/4.28
    execution time (avg/stddev):   0.7856/0.01


