sysbench 1.0.20 (using system LuaJIT 2.1.0-beta3)

Running the test with following options:
Number of threads: 32
Target transaction rate: 200/sec
Initializing random number generator from current time


Initializing worker threads...

Threads started!

Latency histogram (values are in milliseconds)
       value  ------------- distribution ------------- count
       3.681 |                                         2
       3.748 |**                                       8
       3.816 |***                                      12
       3.885 |****                                     17
       3.956 |*******                                  30
       4.028 |*********                                35
       4.101 |***********                              46
       4.176 |**************                           57
       4.252 |****************                         67
       4.329 |**********************                   89
       4.407 |*******************                      79
       4.487 |****************************             113
       4.569 |**************************               106
       4.652 |********************************         130
       4.737 |******************************           122
       4.823 |**********************************       138
       4.910 |**************************************** 163
       4.999 |**************************************   154
       5.090 |**************************************   155
       5.183 |************************************     146
       5.277 |*************************************    152
       5.373 |**********************************       140
       5.470 |*****************************            120
       5.570 |********************************         130
       5.671 |********************************         130
       5.774 |*****************************            118
       5.879 |******************************           121
       5.986 |******************                       73
       6.095 |*****************                        68
       6.205 |********************                     81
       6.318 |********************                     82
       6.433 |***************                          63
       6.550 |****************                         66
       6.669 |**************                           58
       6.790 |**************                           56
       6.913 |**************                           58
       7.039 |*********                                37
       7.167 |***********                              46
       7.297 |*********                                36
       7.430 |*******                                  30
       7.565 |********                                 34
       7.702 |*****                                    22
       7.842 |******                                   26
       7.985 |********                                 33
       8.130 |******                                   24
       8.277 |*******                                  27
       8.428 |******                                   25
       8.581 |******                                   24
       8.737 |******                                   26
       8.895 |*******                                  29
       9.057 |*****                                    19
       9.222 |*******                                  30
       9.389 |****                                     17
       9.560 |****                                     17
       9.734 |*****                                    21
       9.910 |****                                     17
      10.090 |***                                      13
      10.274 |***                                      13
      10.460 |****                                     18
      10.651 |*****                                    20
      10.844 |****                                     16
      11.041 |****                                     15
      11.242 |**                                       9
      11.446 |**                                       7
      11.654 |*                                        6
      11.866 |**                                       8
      12.081 |*                                        6
      12.301 |**                                       8
      12.524 |**                                       10
      12.752 |*                                        3
      12.984 |*                                        6
      13.219 |*                                        6
      13.460 |*                                        6
      13.704 |                                         2
      13.953 |*                                        3
      14.207 |*                                        5
      14.465 |*                                        5
      14.995 |                                         1
      15.268 |                                         2
      15.545 |                                         1
      15.828 |*                                        4
      16.115 |                                         1
      16.408 |                                         1
      16.706 |                                         1
      17.010 |                                         2
      17.319 |                                         1
      17.633 |                                         1
      20.736 |                                         1
 
SQL statistics:
    queries performed:
        read:                            54964
        write:                           15704
        other:                           7852
        total:                           78520
    transactions:                        3926   (196.00 per sec.)
    queries:                             78520  (3919.98 per sec.)
    ignored errors:                      0      (0.00 per sec.)
    reconnects:                          0      (0.00 per sec.)

General statistics:
    total time:                          20.0304s
    total number of events:              3926

Latency (ms):
         min:                                    3.68
         avg:                                    6.01
         max:                                   20.83
         95th percentile:                       10.09
         sum:                                23584.39

Threads fairness:
    events (avg/stddev):           122.6875/1.04
    execution time (avg/stddev):   0.7370/0.02


