sysbench 1.0.20 (using system LuaJIT 2.1.0-beta3)

Running the test with following options:
Number of threads: 32
Target transaction rate: 3000/sec
Initializing random number generator from current time


Initializing worker threads...

Threads started!

Latency histogram (values are in milliseconds)
       value  ------------- distribution ------------- count
       0.114 |                                         1
       0.118 |                                         1
       0.120 |                                         1
       0.122 |                                         7
       0.125 |                                         4
       0.127 |                                         8
       0.129 |                                         21
       0.132 |                                         45
       0.134 |                                         69
       0.136 |*                                        125
       0.139 |**                                       243
       0.141 |****                                     526
       0.144 |******                                   863
       0.147 |**********                               1370
       0.149 |************                             1632
       0.152 |**************                           1948
       0.155 |****************                         2250
       0.158 |******************                       2503
       0.160 |*******************                      2741
       0.163 |********************                     2907
       0.166 |*******************                      2730
       0.169 |******************                       2559
       0.172 |*******************                      2686
       0.176 |**********************                   3055
       0.179 |****************************             4019
       0.182 |***********************************      4962
       0.185 |**************************************** 5675
       0.189 |**************************************** 5675
       0.192 |*************************************    5311
       0.196 |*********************************        4675
       0.199 |*****************************            4053
       0.203 |***********************                  3324
       0.206 |*******************                      2730
       0.210 |******************                       2529
       0.214 |***************                          2113
       0.218 |**************                           1963
       0.222 |************                             1705
       0.226 |***********                              1587
       0.230 |*********                                1311
       0.234 |********                                 1163
       0.238 |*******                                  1015
       0.243 |******                                   878
       0.247 |*****                                    774
       0.252 |*****                                    640
       0.256 |****                                     595
       0.261 |***                                      464
       0.266 |***                                      380
       0.270 |**                                       353
       0.275 |**                                       298
       0.280 |**                                       288
       0.285 |**                                       264
       0.291 |**                                       290
       0.296 |**                                       256
       0.301 |**                                       239
       0.307 |**                                       229
       0.312 |*                                        207
       0.318 |**                                       220
       0.324 |*                                        183
       0.330 |*                                        182
       0.336 |*                                        165
       0.342 |*                                        139
       0.348 |*                                        113
       0.354 |*                                        91
       0.361 |*                                        110
       0.367 |*                                        82
       0.374 |                                         51
       0.381 |*                                        73
       0.388 |                                         46
       0.395 |                                         35
       0.402 |                                         42
       0.409 |                                         33
       0.417 |                                         20
       0.424 |                                         21
       0.432 |                                         21
       0.440 |                                         18
       0.448 |                                         14
       0.456 |                                         17
       0.464 |                                         9
       0.473 |                                         5
       0.481 |                                         7
       0.490 |                                         7
       0.499 |                                         3
       0.508 |                                         2
       0.517 |                                         1
       0.527 |                                         7
       0.536 |                                         2
       0.546 |                                         10
       0.556 |                                         2
       0.566 |                                         4
       0.576 |                                         1
       0.587 |                                         3
       0.608 |                                         1
       0.630 |                                         1
       0.642 |                                         3
       0.654 |                                         1
       0.690 |                                         1
       0.702 |                                         2
       0.797 |                                         1
       0.826 |                                         1
       0.856 |                                         1
 
SQL statistics:
    queries performed:
        read:                            90011
        write:                           0
        other:                           0
        total:                           90011
    transactions:                        90011  (2998.67 per sec.)
    queries:                             90011  (2998.67 per sec.)
    ignored errors:                      0      (0.00 per sec.)
    reconnects:                          0      (0.00 per sec.)

General statistics:
    total time:                          30.0166s
    total number of events:              90011

Latency (ms):
         min:                                    0.11
         avg:                                    0.19
         max:                                    0.86
         95th percentile:                        0.27
         sum:                                17512.12

Threads fairness:
    events (avg/stddev):           2812.8438/19.15
    execution time (avg/stddev):   0.5473/0.00


