sysbench 1.0.20 (using system LuaJIT 2.1.0-beta3)

Running the test with following options:
Number of threads: 32
Target transaction rate: 3000/sec
Initializing random number generator from current time


Initializing worker threads...

Threads started!

Latency histogram (values are in milliseconds)
       value  ------------- distribution ------------- count
       0.120 |                                         1
       0.122 |                                         2
       0.125 |                                         1
       0.127 |                                         3
       0.129 |                                         10
       0.132 |                                         20
       0.134 |                                         33
       0.136 |*                                        64
       0.139 |*                                        130
       0.141 |*                                        188
       0.144 |***                                      359
       0.147 |****                                     512
       0.149 |******                                   765
       0.152 |********                                 1022
       0.155 |***********                              1370
       0.158 |**************                           1767
       0.160 |*****************                        2100
       0.163 |******************                       2350
       0.166 |********************                     2546
       0.169 |*********************                    2623
       0.172 |*********************                    2620
       0.176 |**********************                   2784
       0.179 |************************                 3031
       0.182 |***************************              3492
       0.185 |*********************************        4221
       0.189 |*************************************    4721
       0.192 |**************************************** 5089
       0.196 |***************************************  4944
       0.199 |***************************************  4923
       0.203 |***********************************      4415
       0.206 |*********************************        4234
       0.210 |*****************************            3734
       0.214 |**************************               3363
       0.218 |************************                 3112
       0.222 |********************                     2535
       0.226 |*****************                        2223
       0.230 |****************                         1981
       0.234 |*************                            1682
       0.238 |***********                              1418
       0.243 |**********                               1214
       0.247 |********                                 1016
       0.252 |******                                   769
       0.256 |******                                   716
       0.261 |****                                     559
       0.266 |****                                     505
       0.270 |***                                      409
       0.275 |***                                      368
       0.280 |**                                       282
       0.285 |**                                       264
       0.291 |**                                       258
       0.296 |**                                       212
       0.301 |**                                       205
       0.307 |**                                       212
       0.312 |**                                       223
       0.318 |**                                       198
       0.324 |*                                        190
       0.330 |*                                        164
       0.336 |*                                        178
       0.342 |*                                        176
       0.348 |*                                        165
       0.354 |*                                        158
       0.361 |*                                        120
       0.367 |*                                        96
       0.374 |*                                        91
       0.381 |*                                        82
       0.388 |*                                        69
       0.395 |                                         52
       0.402 |                                         44
       0.409 |                                         32
       0.417 |                                         34
       0.424 |                                         23
       0.432 |                                         29
       0.440 |                                         24
       0.448 |                                         19
       0.456 |                                         22
       0.464 |                                         21
       0.473 |                                         13
       0.481 |                                         10
       0.490 |                                         10
       0.499 |                                         11
       0.508 |                                         5
       0.517 |                                         5
       0.527 |                                         6
       0.536 |                                         4
       0.546 |                                         3
       0.566 |                                         2
       0.587 |                                         1
       0.597 |                                         3
       0.608 |                                         3
       0.630 |                                         1
       0.642 |                                         2
       0.728 |                                         1
       0.755 |                                         1
       0.782 |                                         1
       0.811 |                                         1
       0.888 |                                         1
       1.392 |                                         1
       1.637 |                                         1
       1.697 |                                         1
       2.184 |                                         1
       2.389 |                                         1
       2.861 |                                         1
       3.364 |                                         1
       3.551 |                                         1
       3.615 |                                         1
       3.681 |                                         1
       3.816 |                                         3
       5.373 |                                         1
 
SQL statistics:
    queries performed:
        read:                            89685
        write:                           0
        other:                           0
        total:                           89685
    transactions:                        89685  (2987.69 per sec.)
    queries:                             89685  (2987.69 per sec.)
    ignored errors:                      0      (0.00 per sec.)
    reconnects:                          0      (0.00 per sec.)

General statistics:
    total time:                          30.0177s
    total number of events:              89685

Latency (ms):
         min:                                    0.12
         avg:                                    0.20
         max:                                    5.41
         95th percentile:                        0.27
         sum:                                18155.80

Threads fairness:
    events (avg/stddev):           2802.6562/17.23
    execution time (avg/stddev):   0.5674/0.00


