sysbench 1.0.20 (using system LuaJIT 2.1.0-beta3)

Running the test with following options:
Number of threads: 32
Target transaction rate: 300/sec
Initializing random number generator from current time


Initializing worker threads...

Threads started!

Latency histogram (values are in milliseconds)
       value  ------------- distribution ------------- count
       2.264 |                                         3
       2.305 |                                         1
       2.347 |*                                        7
       2.389 |**                                       19
       2.433 |*****                                    62
       2.477 |********                                 97
       2.522 |************                             133
       2.568 |************                             138
       2.615 |*************                            148
       2.662 |***************                          169
       2.710 |**************                           158
       2.760 |*************                            146
       2.810 |************                             136
       2.861 |*************                            152
       2.913 |*****************                        196
       2.966 |***************************              310
       3.020 |********************************         369
       3.075 |**********************************       390
       3.130 |**************************************** 454
       3.187 |**************************************** 457
       3.245 |**************************************** 455
       3.304 |*************************************    423
       3.364 |********************************         370
       3.425 |******************************           343
       3.488 |**************************               292
       3.551 |****************                         186
       3.615 |************                             136
       3.681 |*********                                101
       3.748 |*********                                101
       3.816 |****                                     50
       3.885 |****                                     45
       3.956 |****                                     42
       4.028 |**                                       19
       4.101 |**                                       21
       4.176 |**                                       18
       4.252 |*                                        15
       4.329 |*                                        9
       4.407 |*                                        7
       4.487 |*                                        10
       4.569 |*                                        12
       4.652 |*                                        10
       4.737 |*                                        7
       4.823 |*                                        7
       4.910 |*                                        7
       4.999 |                                         1
       5.090 |                                         2
       5.277 |                                         2
       5.470 |                                         2
       5.671 |                                         1
       5.774 |                                         2
       5.879 |                                         1
       6.205 |                                         2
      17.319 |                                         1
 
SQL statistics:
    queries performed:
        read:                            87430
        write:                           0
        other:                           12490
        total:                           99920
    transactions:                        6245   (311.93 per sec.)
    queries:                             99920  (4990.81 per sec.)
    ignored errors:                      0      (0.00 per sec.)
    reconnects:                          0      (0.00 per sec.)

General statistics:
    total time:                          20.0204s
    total number of events:              6245

Latency (ms):
         min:                                    2.26
         avg:                                    3.17
         max:                                   17.45
         95th percentile:                        3.75
         sum:                                19774.48

Threads fairness:
    events (avg/stddev):           195.1562/1.58
    execution time (avg/stddev):   0.6180/0.01


