sysbench 1.0.20 (using system LuaJIT 2.1.0-beta3)

Running the test with following options:
Number of threads: 32
Target transaction rate: 300/sec
Initializing random number generator from current time


Initializing worker threads...

Threads started!

Latency histogram (values are in milliseconds)
       value  ------------- distribution ------------- count
       2.347 |                                         1
       2.389 |*                                        10
       2.433 |*                                        9
       2.477 |***                                      28
       2.522 |*******                                  59
       2.568 |***********                              88
       2.615 |**********                               85
       2.662 |*************                            110
       2.710 |***********                              87
       2.760 |************                             97
       2.810 |*************                            108
       2.861 |**************                           113
       2.913 |*************                            108
       2.966 |*********************                    173
       3.020 |**************************               214
       3.075 |******************************           245
       3.130 |********************************         263
       3.187 |***********************************      287
       3.245 |**************************************   310
       3.304 |**************************************** 327
       3.364 |************************************     297
       3.425 |***************************************  317
       3.488 |********************************         263
       3.551 |*******************************          250
       3.615 |****************************             226
       3.681 |**********************                   178
       3.748 |*****************                        137
       3.816 |******************                       144
       3.885 |**************                           116
       3.956 |****************                         134
       4.028 |**************                           111
       4.101 |************                             96
       4.176 |***********                              93
       4.252 |********                                 62
       4.329 |********                                 65
       4.407 |********                                 69
       4.487 |*******                                  61
       4.569 |*****                                    42
       4.652 |******                                   50
       4.737 |***                                      26
       4.823 |*****                                    39
       4.910 |****                                     30
       4.999 |****                                     34
       5.090 |*****                                    39
       5.183 |****                                     31
       5.277 |**                                       19
       5.373 |***                                      22
       5.470 |***                                      21
       5.570 |***                                      27
       5.671 |***                                      26
       5.774 |***                                      24
       5.879 |**                                       18
       5.986 |*                                        10
       6.095 |**                                       20
       6.205 |*                                        11
       6.318 |*                                        12
       6.433 |*                                        11
       6.550 |*                                        12
       6.669 |*                                        11
       6.790 |*                                        6
       6.913 |*                                        5
       7.039 |                                         3
       7.167 |                                         2
       7.297 |*                                        6
       7.430 |*                                        9
       7.565 |                                         1
       7.702 |                                         2
       7.985 |                                         1
       8.277 |                                         2
       8.581 |                                         1
       8.737 |                                         3
       9.222 |                                         2
       9.389 |                                         1
       9.560 |                                         1
      10.090 |                                         1
      11.654 |                                         1
      11.866 |                                         1
      12.524 |                                         1
      13.460 |                                         1
      14.728 |                                         1
      16.706 |                                         1
      19.645 |                                         1
 
SQL statistics:
    queries performed:
        read:                            83006
        write:                           0
        other:                           11858
        total:                           94864
    transactions:                        5929   (296.12 per sec.)
    queries:                             94864  (4737.96 per sec.)
    ignored errors:                      0      (0.00 per sec.)
    reconnects:                          0      (0.00 per sec.)

General statistics:
    total time:                          20.0217s
    total number of events:              5929

Latency (ms):
         min:                                    2.36
         avg:                                    3.58
         max:                                   19.66
         95th percentile:                        5.28
         sum:                                21237.67

Threads fairness:
    events (avg/stddev):           185.2812/1.44
    execution time (avg/stddev):   0.6637/0.01


