1791640412.698 1 4.325
1791640412.700 0 13.182
1791640412.716 3 8.678
1791640412.730 5 8.718
1791640412.736 6 8.558
1791640412.750 8 8.581
1791640412.757 9 8.555
1791640412.771 11 8.498
1791640412.784 13 8.532
1791640412.791 14 8.537
1791640412.805 16 8.759
1791640412.812 17 8.523
1791640412.825 19 8.491
1791640412.839 21 8.305
1791640412.846 22 8.475
1791640412.859 24 8.293
1791640412.866 25 8.265
1791640412.880 27 8.301
1791640412.893 29 8.291
1791640412.900 30 8.302
1791640412.914 32 8.376
1791640412.921 33 8.275
1791640412.935 35 8.370
1791640412.948 37 8.301
1791640412.955 38 8.189
1791640412.969 40 8.219
1791640412.975 41 8.154
1791640412.989 43 8.398
1791640413.003 45 8.237
1791640413.010 46 8.143
1791640413.023 48 8.189
1791640413.030 49 8.190
1791640413.044 51 8.254
1791640413.058 53 8.255
1791640413.064 54 8.178
1791640413.078 56 8.343
1791640413.085 57 8.434
1791640413.099 59 8.229
1791640413.113 61 8.498
1791640413.119 62 8.203
1791640413.133 64 8.263
1791640413.140 65 8.260
1791640413.153 67 8.336
1791640413.167 69 8.530
1791640413.174 70 8.484
1791640413.188 72 8.474
1791640413.194 73 8.179
1791640413.208 75 8.551
1791640413.222 77 8.293
1791640413.229 78 8.197
1791640413.242 80 8.326
1791640413.249 81 8.253
1791640413.263 83 8.280
1791640413.276 85 8.267
1791640413.283 86 8.275
1791640413.297 88 8.388
1791640413.304 89 8.224
1791640413.318 91 8.423
1791640413.331 93 8.386
1791640413.338 94 8.304
1791640413.352 96 8.394
1791640413.358 97 8.206
1791640413.372 99 8.371
1791640413.386 101 8.536
1791640413.393 102 8.322
1791640413.407 104 8.437
1791640413.413 105 8.379
1791640413.427 107 8.541
1791640413.441 109 8.316
1791640413.448 110 8.387
1791640413.461 112 8.496
1791640413.469 113 8.974
1791640413.482 115 8.312
1791640413.495 117 8.300
1791640413.502 118 8.258
1791640413.516 120 8.327
1791640413.523 121 8.254
1791640413.536 123 8.265
1791640413.550 125 8.356
1791640413.557 126 8.272
1791640413.571 128 8.365
1791640413.577 129 8.232
1791640413.591 131 8.324
1791640413.605 133 8.242
1791640413.612 134 8.193
1791640413.625 136 8.256
1791640413.632 137 8.250
1791640413.646 139 8.225
1791640413.660 141 8.305
1791640413.666 142 8.326
1791640413.680 144 8.419
1791640413.687 145 8.288
1791640413.701 147 8.406
1791640413.714 149 8.404
1791640413.721 150 8.305
1791640413.735 152 8.311
1791640413.742 153 8.215
1791640413.755 155 8.233
1791640413.769 157 8.331
1791640413.776 158 8.256
1791640413.789 160 8.278
1791640413.796 161 8.393
1791640413.810 163 8.271
1791640413.824 165 8.294
1791640413.830 166 8.244
1791640413.844 168 8.355
1791640413.851 169 8.395
1791640413.865 171 8.314
1791640413.878 173 8.243
1791640413.885 174 8.291
1791640413.899 176 8.276
1791640413.906 177 8.240
1791640413.919 179 8.290
1791640413.933 181 8.336
1791640413.940 182 8.277
1791640413.954 184 8.367
1791640413.960 185 8.247
1791640413.974 187 8.429
1791640413.988 189 8.467
1791640413.995 190 8.292
1791640414.008 192 8.402
1791640414.015 193 8.260
1791640414.029 195 8.559
1791640414.043 197 8.644
1791640414.050 198 8.521
1791640414.063 200 8.440
1791640414.070 201 8.429
1791640414.084 203 8.435
1791640414.097 205 8.443
1791640414.104 206 8.348
1791640414.118 208 8.517
1791640414.125 209 8.305
1791640414.138 211 8.325
1791640414.152 213 8.240
1791640414.159 214 8.300
1791640414.172 216 8.200
1791640414.179 217 8.307
1791640414.193 219 8.411
1791640414.207 221 8.236
1791640414.213 222 8.310
1791640414.227 224 8.445
1791640414.234 225 8.293
1791640414.248 227 8.563
1791640414.261 229 8.317
1791640414.268 230 8.323
1791640414.282 232 8.232
1791640414.289 233 8.249
1791640414.303 235 8.422
1791640414.316 237 8.483
1791640414.323 238 8.349
1791640414.337 240 8.294
1791640414.343 241 8.226
1791640414.357 243 8.325
1791640414.371 245 8.271
1791640414.378 246 8.436
1791640414.391 248 8.323
1791640414.398 249 8.293
1791640414.412 251 8.632
1791640414.426 253 8.333
1791640414.432 254 8.250
1791640414.446 256 8.326
1791640414.453 257 8.189
1791640414.466 259 8.248
1791640414.480 261 8.249
1791640414.487 262 8.198
1791640414.501 264 8.137
1791640414.508 265 8.455
1791640414.521 267 8.342
1791640414.535 269 8.207
1791640414.542 270 8.169
1791640414.555 272 8.304
1791640414.562 273 8.234
1791640414.576 275 8.215
1791640414.590 277 8.193
1791640414.596 278 8.231
1791640414.610 280 8.239
1791640414.617 281 8.184
1791640414.631 283 8.234
1791640414.644 285 8.193
1791640414.651 286 8.158
1791640414.665 288 8.312
1791640414.672 289 8.243
1791640414.685 291 8.323
1791640414.699 293 8.236
1791640414.706 294 8.186
1791640414.720 296 8.305
1791640414.726 297 8.309
1791640414.740 299 8.269
1791640414.754 301 8.317
1791640414.760 302 8.169
1791640414.774 304 8.256
1791640414.781 305 8.186
1791640414.795 307 8.268
1791640414.808 309 8.268
1791640414.815 310 8.212
1791640414.829 312 8.337
1791640414.836 313 8.366
1791640414.850 315 8.462
1791640414.863 317 8.585
1791640414.870 318 8.485
1791640414.884 320 8.547
1791640414.891 321 8.209
1791640414.904 323 8.321
1791640414.918 325 8.465
1791640414.925 326 8.375
1791640414.938 328 8.302
1791640414.945 329 8.327
1791640414.959 331 8.209
1791640414.972 333 8.135
1791640414.979 334 8.162
1791640414.993 336 8.306
1791640415.000 337 8.207
1791640415.014 339 8.205
1791640415.027 341 8.275
1791640415.034 342 8.240
1791640415.048 344 8.201
1791640415.055 345 8.215
1791640415.068 347 8.239
1791640415.082 349 8.170
1791640415.089 350 8.178
1791640415.102 352 8.205
1791640415.109 353 8.163
1791640415.123 355 8.098
1791640415.137 357 8.268
1791640415.143 358 8.141
1791640415.157 360 8.418
1791640415.164 361 8.341
1791640415.178 363 8.362
1791640415.192 365 8.602
1791640415.198 366 8.419
1791640415.212 368 8.594
1791640415.219 369 8.200
1791640415.233 371 8.285
1791640415.246 373 8.414
1791640415.253 374 8.350
1791640415.267 376 8.284
1791640415.274 377 8.270
1791640415.287 379 8.434
1791640415.301 381 8.256
1791640415.308 382 8.254
1791640415.322 384 8.360
1791640415.328 385 8.249
1791640415.342 387 8.263
1791640415.356 389 8.405
1791640415.362 390 8.249
1791640415.376 392 8.196
1791640415.383 393 8.322
1791640415.397 395 8.281
1791640415.410 397 8.265
1791640415.417 398 8.213
1791640415.431 400 8.270
1791640415.438 401 8.226
1791640415.451 403 8.330
1791640415.465 405 8.492
1791640415.472 406 8.397
1791640415.486 408 8.289
1791640415.492 409 8.287
1791640415.506 411 8.377
1791640415.520 413 8.295
1791640415.527 414 8.319
1791640415.540 416 8.350
1791640415.547 417 8.463
1791640415.561 419 8.419
1791640415.575 421 8.377
1791640415.581 422 8.293
1791640415.595 424 8.282
1791640415.602 425 8.161
1791640415.615 427 8.193
1791640415.629 429 8.289
1791640415.636 430 8.132
1791640415.650 432 8.285
1791640415.656 433 8.214
1791640415.670 435 8.304
1791640415.684 437 8.442
1791640415.691 438 8.268
1791640415.705 440 8.370
1791640415.711 441 8.242
1791640415.725 443 8.214
1791640415.739 445 8.327
1791640415.745 446 8.136
1791640415.759 448 8.375
1791640415.766 449 8.216
1791640415.780 451 8.190
1791640415.793 453 8.245
1791640415.800 454 8.228
1791640415.814 456 8.238
1791640415.821 457 8.242
1791640415.834 459 8.198
1791640415.848 461 8.182
1791640415.855 462 8.179
1791640415.869 464 8.263
1791640415.875 465 8.201
1791640415.889 467 8.263
1791640415.903 469 8.275
1791640415.910 470 8.249
1791640415.923 472 8.276
1791640415.930 473 8.235
1791640415.944 475 8.289
1791640415.958 477 8.331
1791640415.964 478 8.384
1791640415.978 480 8.425
1791640415.985 481 8.372
1791640415.999 483 8.329
1791640416.012 485 8.377
1791640416.019 486 8.242
1791640416.033 488 8.348
1791640416.039 489 8.194
1791640416.053 491 8.253
1791640416.067 493 8.214
1791640416.074 494 8.139
1791640416.087 496 8.143
1791640416.094 497 8.196
1791640416.108 499 8.179
1791640416.121 501 8.089
1791640416.128 502 8.068
1791640416.142 504 8.126
1791640416.149 505 8.140
1791640416.162 507 8.087
1791640416.176 509 8.085
1791640416.183 510 8.320
1791640416.197 512 8.209
1791640416.204 513 8.230
1791640416.218 515 8.451
1791640416.231 517 8.186
1791640416.238 518 8.187
1791640416.251 520 8.079
1791640416.258 521 8.091
1791640416.272 523 8.122
1791640416.286 525 8.207
1791640416.292 526 8.069
1791640416.306 528 8.211
1791640416.313 529 8.100
1791640416.327 531 8.246
1791640416.340 533 8.133
1791640416.347 534 8.188
1791640416.361 536 8.275
1791640416.368 537 8.185
1791640416.381 539 8.088
1791640416.395 541 8.175
1791640416.402 542 8.074
1791640416.416 544 8.147
1791640416.422 545 8.034
1791640416.436 547 8.189
1791640416.450 549 8.170
1791640416.457 550 8.147
1791640416.470 552 8.230
1791640416.477 553 8.098
1791640416.491 555 8.147
1791640416.504 557 8.128
1791640416.511 558 8.267
1791640416.525 560 8.320
1791640416.532 561 8.346
1791640416.545 563 8.078
1791640416.559 565 8.251
1791640416.566 566 8.043
1791640416.580 568 8.112
1791640416.587 569 8.287
1791640416.600 571 8.198
1791640416.614 573 8.100
1791640416.621 574 8.091
1791640416.634 576 8.115
1791640416.641 577 8.062
1791640416.655 579 8.084
1791640416.669 581 8.051
1791640416.675 582 8.071
1791640416.689 584 8.141
1791640416.696 585 8.065
1791640416.710 587 8.194
1791640416.723 589 8.147
1791640416.730 590 8.086
1791640416.744 592 8.208
1791640416.751 593 8.230
1791640416.764 595 8.097
1791640416.778 597 8.105
1791640416.785 598 8.075
1791640416.800 600 8.779
1791640416.805 601 8.127
1791640416.819 603 8.230
1791640416.833 605 8.251
1791640416.840 606 8.224
1791640416.853 608 8.277
1791640416.860 609 8.281
1791640416.874 611 8.177
1791640416.888 613 8.247
1791640416.894 614 8.239
1791640416.908 616 8.275
1791640416.915 617 8.151
1791640416.929 619 8.201
1791640416.942 621 8.251
1791640416.949 622 8.192
1791640416.963 624 8.233
1791640416.970 625 8.186
1791640416.983 627 8.278
1791640416.997 629 8.144
1791640417.004 630 8.181
1791640417.018 632 8.227
1791640417.024 633 8.204
1791640417.038 635 8.121
1791640417.052 637 8.425
1791640417.059 638 8.223
1791640417.072 640 8.150
1791640417.079 641 8.180
1791640417.093 643 8.233
1791640417.107 645 8.369
1791640417.113 646 8.236
1791640417.127 648 8.433
1791640417.134 649 8.279
1791640417.147 651 8.146
1791640417.161 653 8.190
1791640417.168 654 8.267
1791640417.182 656 8.287
1791640417.189 657 8.370
1791640417.202 659 8.259
1791640417.216 661 8.385
1791640417.223 662 8.397
1791640417.237 664 8.421
1791640417.243 665 8.394
1791640417.257 667 8.554
1791640417.271 669 8.218
1791640417.277 670 8.201
1791640417.291 672 8.352
1791640417.298 673 8.137
1791640417.312 675 8.407
1791640417.326 677 8.564
1791640417.332 678 8.502
1791640417.346 680 8.543
1791640417.353 681 8.388
1791640417.367 683 8.590
1791640417.380 685 8.538
1791640417.387 686 8.444
1791640417.401 688 8.396
1791640417.407 689 8.242
1791640417.421 691 8.436
1791640417.435 693 8.255
1791640417.442 694 8.168
1791640417.455 696 8.296
1791640417.462 697 8.193
1791640417.476 699 8.588
1791640417.490 701 8.424
1791640417.496 702 8.328
1791640417.510 704 8.414
1791640417.517 705 8.456
1791640417.531 707 8.403
1791640417.544 709 8.346
1791640417.551 710 8.352
1791640417.565 712 8.483
1791640417.572 713 8.516
1791640417.585 715 8.490
1791640417.599 717 8.505
1791640417.606 718 8.574
1791640417.620 720 8.422
1791640417.627 721 8.659
1791640417.640 723 8.525
1791640417.654 725 8.611
1791640417.661 726 8.420
1791640417.674 728 8.561
1791640417.681 729 8.437
1791640417.695 731 8.504
1791640417.709 733 8.554
1791640417.715 734 8.456
1791640417.729 736 8.594
1791640417.736 737 8.489
1791640417.750 739 8.474
1791640417.763 741 8.552
1791640417.770 742 8.479
1791640417.784 744 8.513
1791640417.790 745 8.325
1791640417.804 747 8.309
1791640417.818 749 8.296
1791640417.825 750 8.192
1791640417.838 752 8.432
1791640417.845 753 8.431
1791640417.859 755 8.473
1791640417.873 757 8.535
1791640417.880 758 8.465
1791640417.893 760 8.570
1791640417.900 761 8.426
1791640417.914 763 8.379
1791640417.927 765 8.437
1791640417.934 766 8.405
1791640417.948 768 8.414
1791640417.955 769 8.373
1791640417.968 771 8.390
1791640417.982 773 8.393
1791640417.989 774 8.399
1791640418.002 776 8.311
1791640418.009 777 8.363
1791640418.023 779 8.462
1791640418.037 781 8.393
1791640418.044 782 8.295
1791640418.057 784 8.413
1791640418.064 785 8.233
1791640418.078 787 8.310
1791640418.091 789 8.320
1791640418.098 790 8.344
1791640418.112 792 8.417
1791640418.119 793 8.362
1791640418.133 795 8.385
1791640418.146 797 8.454
1791640418.153 798 8.411
1791640418.167 800 8.290
1791640418.173 801 8.317
1791640418.187 803 8.451
1791640418.201 805 8.452
1791640418.208 806 8.435
1791640418.221 808 8.433
1791640418.228 809 8.448
1791640418.242 811 8.579
1791640418.256 813 8.476
1791640418.262 814 8.369
1791640418.276 816 8.587
1791640418.283 817 8.333
1791640418.297 819 8.491
1791640418.310 821 8.456
1791640418.317 822 8.413
1791640418.331 824 8.325
1791640418.338 825 8.310
1791640418.351 827 8.407
1791640418.365 829 8.551
1791640418.372 830 8.403
1791640418.386 832 8.375
1791640418.392 833 8.389
1791640418.406 835 8.532
1791640418.420 837 8.258
1791640418.426 838 8.280
1791640418.440 840 8.297
1791640418.447 841 8.210
1791640418.461 843 8.335
1791640418.474 845 8.356
1791640418.481 846 8.415
1791640418.495 848 8.378
1791640418.502 849 8.246
1791640418.515 851 8.389
1791640418.529 853 8.376
1791640418.536 854 8.233
1791640418.550 856 8.404
1791640418.556 857 8.208
1791640418.570 859 8.308
1791640418.584 861 8.315
1791640418.591 862 8.286
1791640418.604 864 8.349
1791640418.611 865 8.323
1791640418.625 867 8.393
1791640418.639 869 8.357
1791640418.645 870 8.265
1791640418.659 872 8.385
1791640418.666 873 8.512
1791640418.680 875 8.367
1791640418.693 877 8.391
1791640418.700 878 8.330
1791640418.714 880 8.599
1791640418.721 881 8.389
1791640418.734 883 8.348
1791640418.748 885 8.479
1791640418.755 886 8.281
1791640418.768 888 8.348
1791640418.775 889 8.321
1791640418.789 891 8.379
1791640418.803 893 8.368
1791640418.809 894 8.299
1791640418.823 896 8.265
1791640418.830 897 8.236
1791640418.844 899 8.278
1791640418.857 901 8.356
1791640418.864 902 8.381
1791640418.878 904 8.495
1791640418.884 905 8.088
1791640418.898 907 8.345
1791640418.912 909 8.376
1791640418.919 910 8.189
1791640418.933 912 8.296
1791640418.940 913 8.400
1791640418.953 915 8.470
1791640418.967 917 8.347
1791640418.974 918 8.259
1791640418.987 920 8.441
1791640418.994 921 8.370
1791640419.008 923 8.240
1791640419.022 925 8.311
1791640419.028 926 8.368
1791640419.042 928 8.306
1791640419.049 929 8.259
1791640419.063 931 8.388
1791640419.077 933 8.571
1791640419.083 934 8.522
1791640419.097 936 8.382
1791640419.104 937 8.224
1791640419.117 939 8.469
1791640419.131 941 8.492
1791640419.138 942 8.639
1791640419.152 944 8.376
1791640419.158 945 8.379
1791640419.172 947 8.416
1791640419.186 949 8.750
1791640419.193 950 8.376
1791640419.206 952 8.342
1791640419.213 953 8.294
1791640419.227 955 8.244
1791640419.240 957 8.205
1791640419.247 958 8.206
1791640419.261 960 8.302
1791640419.268 961 8.143
1791640419.281 963 8.269
1791640419.295 965 8.232
1791640419.302 966 8.149
1791640419.316 968 8.279
1791640419.322 969 8.214
1791640419.336 971 8.425
1791640419.350 973 8.379
1791640419.357 974 8.303
1791640419.370 976 8.364
1791640419.377 977 8.296
1791640419.391 979 8.501
1791640419.405 981 8.379
1791640419.411 982 8.272
1791640419.425 984 8.492
1791640419.432 985 8.373
1791640419.446 987 8.576
1791640419.459 989 8.454
1791640419.466 990 8.392
1791640419.480 992 8.374
1791640419.487 993 8.402
1791640419.501 995 8.624
1791640419.514 997 8.466
1791640419.521 998 8.176
1791640419.535 1000 8.413
1791640419.541 1001 8.350
1791640419.555 1003 8.327
1791640419.569 1005 8.347
1791640419.575 1006 8.250
1791640419.589 1008 8.354
1791640419.596 1009 8.443
1791640419.610 1011 8.299
1791640419.624 1013 8.537
1791640419.630 1014 8.456
1791640419.644 1016 8.578
1791640419.651 1017 8.426
1791640419.665 1019 8.504
1791640419.678 1021 8.692
1791640419.685 1022 8.490
1791640419.699 1024 8.629
1791640419.705 1025 8.396
1791640419.719 1027 8.594
1791640419.733 1029 8.535
1791640419.740 1030 8.224
1791640419.754 1032 9.156
1791640419.761 1033 9.186
1791640419.774 1035 8.366
1791640419.788 1037 8.467
1791640419.794 1038 8.364
1791640419.808 1040 8.506
1791640419.815 1041 8.600
1791640419.829 1043 8.499
1791640419.844 1045 9.646
1791640419.850 1046 9.393
1791640419.863 1048 8.663
1791640419.870 1049 8.458
1791640419.884 1051 8.528
1791640419.897 1053 8.655
1791640419.904 1054 8.347
1791640419.918 1056 8.458
1791640419.925 1057 8.523
1791640419.938 1059 8.538
1791640419.952 1061 8.533
1791640419.959 1062 8.411
1791640419.972 1064 8.622
1791640419.979 1065 8.513
1791640419.993 1067 8.416
1791640420.006 1069 8.382
1791640420.013 1070 8.289
1791640420.027 1072 8.514
1791640420.034 1073 8.321
1791640420.047 1075 8.377
1791640420.061 1077 8.422
1791640420.068 1078 8.461
1791640420.082 1080 8.412
1791640420.088 1081 8.286
1791640420.102 1083 8.486
1791640420.116 1085 8.412
1791640420.123 1086 8.424
1791640420.136 1088 8.454
1791640420.143 1089 8.308
1791640420.157 1091 8.330
1791640420.171 1093 8.307
1791640420.177 1094 8.342
1791640420.191 1096 8.420
1791640420.198 1097 8.225
1791640420.212 1099 8.315
1791640420.225 1101 8.451
1791640420.232 1102 8.203
1791640420.246 1104 8.320
1791640420.252 1105 8.244
1791640420.266 1107 8.282
1791640420.280 1109 8.394
1791640420.287 1110 8.385
1791640420.301 1112 8.395
1791640420.307 1113 8.352
1791640420.321 1115 8.335
1791640420.335 1117 8.443
1791640420.342 1118 8.375
1791640420.355 1120 8.479
1791640420.362 1121 8.351
1791640420.376 1123 8.445
1791640420.389 1125 8.354
1791640420.396 1126 8.318
1791640420.410 1128 8.348
1791640420.417 1129 8.471
1791640420.431 1131 8.408
1791640420.444 1133 8.433
1791640420.451 1134 8.479
1791640420.465 1136 8.395
1791640420.472 1137 8.463
1791640420.485 1139 8.516
1791640420.499 1141 8.438
1791640420.506 1142 8.361
1791640420.520 1144 8.521
