sysbench 1.0.20 (using system LuaJIT 2.1.0-beta3)

Running the test with following options:
Number of threads: 32
Target transaction rate: 200/sec
Initializing random number generator from current time


Initializing worker threads...

Threads started!

Latency histogram (values are in milliseconds)
       value  ------------- distribution ------------- count
       3.615 |                                         1
       3.681 |*                                        5
       3.748 |**                                       9
       3.816 |****                                     17
       3.885 |*******                                  31
       3.956 |************                             54
       4.028 |*************                            61
       4.101 |**************                           65
       4.176 |*******************                      85
       4.252 |*********************                    96
       4.329 |*************************                114
       4.407 |***************************              125
       4.487 |********************************         147
       4.569 |************************************     166
       4.652 |*************************************    168
       4.737 |*************************************    167
       4.823 |***********************************      158
       4.910 |***********************************      161
       4.999 |**************************************** 183
       5.090 |*************************************    169
       5.183 |**********************************       154
       5.277 |************************************     164
       5.373 |********************************         146
       5.470 |*******************************          140
       5.570 |***************************              122
       5.671 |***********************                  105
       5.774 |*********************                    97
       5.879 |*****************                        77
       5.986 |******************                       83
       6.095 |************                             56
       6.205 |*************                            58
       6.318 |***********                              52
       6.433 |***********                              51
       6.550 |********                                 38
       6.669 |********                                 36
       6.790 |*****                                    25
       6.913 |****                                     19
       7.039 |******                                   26
       7.167 |*****                                    22
       7.297 |***                                      14
       7.430 |*****                                    24
       7.565 |***                                      15
       7.702 |***                                      12
       7.842 |**                                       9
       7.985 |***                                      14
       8.130 |**                                       10
       8.277 |****                                     19
       8.428 |**                                       11
       8.581 |****                                     17
       8.737 |**                                       9
       8.895 |**                                       10
       9.057 |**                                       10
       9.222 |****                                     19
       9.389 |***                                      15
       9.560 |**                                       7
       9.734 |***                                      13
       9.910 |**                                       11
      10.090 |****                                     19
      10.274 |**                                       10
      10.460 |**                                       7
      10.651 |***                                      15
      10.844 |***                                      15
      11.041 |****                                     20
      11.242 |****                                     17
      11.446 |****                                     19
      11.654 |***                                      14
      11.866 |**                                       11
      12.081 |**                                       7
      12.301 |**                                       10
      12.524 |**                                       10
      12.752 |***                                      12
      12.984 |***                                      13
      13.219 |**                                       10
      13.460 |***                                      12
      13.704 |**                                       10
      13.953 |**                                       7
      14.207 |*                                        3
      14.465 |*                                        4
      14.728 |*                                        6
      14.995 |*                                        5
      15.268 |                                         2
      15.545 |                                         1
      15.828 |*                                        3
      16.115 |                                         2
      16.408 |*                                        6
      16.706 |*                                        6
      17.633 |                                         2
      17.954 |*                                        5
      18.280 |                                         2
      18.612 |                                         1
      18.950 |                                         2
      19.295 |                                         1
      19.645 |                                         1
      20.002 |                                         2
      20.736 |                                         1
      21.112 |                                         1
      21.496 |                                         1
      21.886 |                                         1
      22.284 |                                         1
      22.689 |                                         1
      23.101 |                                         1
      23.948 |                                         1
      25.737 |                                         1
      27.165 |                                         1
 
SQL statistics:
    queries performed:
        read:                            55916
        write:                           15976
        other:                           7988
        total:                           79880
    transactions:                        3994   (199.35 per sec.)
    queries:                             79880  (3986.99 per sec.)
    ignored errors:                      0      (0.00 per sec.)
    reconnects:                          0      (0.00 per sec.)

General statistics:
    total time:                          20.0348s
    total number of events:              3994

Latency (ms):
         min:                                    3.63
         avg:                                    5.89
         max:                                   27.28
         95th percentile:                       11.24
         sum:                                23515.65

Threads fairness:
    events (avg/stddev):           124.8125/1.18
    execution time (avg/stddev):   0.7349/0.02


