sysbench 1.0.20 (using system LuaJIT 2.1.0-beta3)

Running the test with following options:
Number of threads: 32
Target transaction rate: 300/sec
Initializing random number generator from current time


Initializing worker threads...

Threads started!

Latency histogram (values are in milliseconds)
       value  ------------- distribution ------------- count
       1.857 |                                         1
       1.891 |                                         1
       1.925 |*                                        7
       1.960 |**                                       18
       1.996 |*******                                  59
       2.032 |**********                               84
       2.069 |**************                           117
       2.106 |****************                         135
       2.145 |******************                       157
       2.184 |****************                         134
       2.223 |*******************                      165
       2.264 |*****************                        147
       2.305 |****************                         141
       2.347 |****************                         136
       2.389 |*****************                        142
       2.433 |*******************                      164
       2.477 |***************************              231
       2.522 |*******************************          262
       2.568 |**************************************** 342
       2.615 |*********************************        283
       2.662 |*************************************    318
       2.710 |************************************     307
       2.760 |**********************************       288
       2.810 |*************************************    313
       2.861 |*****************************            252
       2.913 |************************                 204
       2.966 |********************                     175
       3.020 |****************                         135
       3.075 |************                             101
       3.130 |**********                               87
       3.187 |*******                                  63
       3.245 |*******                                  57
       3.304 |******                                   53
       3.364 |******                                   48
       3.425 |*****                                    43
       3.488 |*******                                  57
       3.551 |*****                                    45
       3.615 |****                                     33
       3.681 |***                                      24
       3.748 |****                                     31
       3.816 |***                                      26
       3.885 |****                                     33
       3.956 |***                                      25
       4.028 |***                                      28
       4.101 |****                                     37
       4.176 |***                                      22
       4.252 |***                                      23
       4.329 |***                                      22
       4.407 |**                                       20
       4.487 |**                                       18
       4.569 |**                                       15
       4.652 |**                                       21
       4.737 |**                                       17
       4.823 |***                                      24
       4.910 |**                                       17
       4.999 |**                                       14
       5.090 |**                                       21
       5.183 |***                                      25
       5.277 |**                                       13
       5.373 |**                                       21
       5.470 |**                                       13
       5.570 |**                                       13
       5.671 |**                                       20
       5.774 |**                                       16
       5.879 |*                                        12
       5.986 |*                                        5
       6.095 |                                         4
       6.205 |*                                        7
       6.318 |*                                        5
       6.433 |                                         3
       6.550 |*                                        6
       6.669 |                                         1
       6.790 |                                         4
       6.913 |                                         2
       7.039 |                                         3
       7.167 |                                         1
       7.430 |                                         2
       7.702 |                                         2
       7.985 |                                         1
       8.130 |                                         1
       8.277 |                                         2
       8.428 |                                         1
       8.581 |                                         1
       8.895 |                                         1
       9.057 |                                         1
       9.560 |                                         1
      17.010 |                                         1
      22.284 |                                         1
      23.101 |                                         1
      24.384 |                                         1
 
SQL statistics:
    queries performed:
        read:                            83076
        write:                           0
        other:                           11868
        total:                           94944
    transactions:                        5934   (296.26 per sec.)
    queries:                             94944  (4740.15 per sec.)
    ignored errors:                      0      (0.00 per sec.)
    reconnects:                          0      (0.00 per sec.)

General statistics:
    total time:                          20.0293s
    total number of events:              5934

Latency (ms):
         min:                                    1.87
         avg:                                    2.87
         max:                                   24.20
         95th percentile:                        4.65
         sum:                                17017.42

Threads fairness:
    events (avg/stddev):           185.4375/1.58
    execution time (avg/stddev):   0.5318/0.01


