sysbench 1.0.20 (using system LuaJIT 2.1.0-beta3)

Running the test with following options:
Number of threads: 32
Target transaction rate: 300/sec
Initializing random number generator from current time


Initializing worker threads...

Threads started!

Latency histogram (values are in milliseconds)
       value  ------------- distribution ------------- count
       2.145 |                                         8
       2.184 |*                                        22
       2.223 |****                                     60
       2.264 |*********                                144
       2.305 |*****************                        277
       2.347 |*****************                        282
       2.389 |***************                          251
       2.433 |*****************                        278
       2.477 |****************                         261
       2.522 |***************                          255
       2.568 |*************                            218
       2.615 |************                             192
       2.662 |**************                           235
       2.710 |*****************                        288
       2.760 |****************************             458
       2.810 |**************************************** 653
       2.861 |**************************************   626
       2.913 |**************************************   630
       2.966 |**************************************** 659
       3.020 |************************************     593
       3.075 |************************************     588
       3.130 |*******************************          508
       3.187 |***************************              440
       3.245 |*****************                        281
       3.304 |************                             198
       3.364 |********                                 139
       3.425 |********                                 124
       3.488 |*****                                    83
       3.551 |***                                      52
       3.615 |***                                      44
       3.681 |**                                       32
       3.748 |*                                        22
       3.816 |*                                        21
       3.885 |*                                        20
       3.956 |*                                        14
       4.028 |*                                        13
       4.101 |*                                        10
       4.176 |                                         2
       4.252 |                                         6
       4.329 |                                         5
       4.407 |                                         2
       4.487 |                                         6
       4.569 |                                         7
       4.652 |                                         3
       4.737 |                                         5
       4.823 |                                         4
       4.910 |                                         3
       4.999 |                                         4
       5.090 |                                         1
       5.183 |                                         2
       5.373 |                                         2
       5.570 |                                         1
       6.205 |                                         1
       6.913 |                                         1
 
SQL statistics:
    queries performed:
        read:                            126476
        write:                           0
        other:                           18068
        total:                           144544
    transactions:                        9034   (300.90 per sec.)
    queries:                             144544 (4814.36 per sec.)
    ignored errors:                      0      (0.00 per sec.)
    reconnects:                          0      (0.00 per sec.)

General statistics:
    total time:                          30.0231s
    total number of events:              9034

Latency (ms):
         min:                                    2.14
         avg:                                    2.88
         max:                                    6.86
         95th percentile:                        3.43
         sum:                                25988.93

Threads fairness:
    events (avg/stddev):           282.3125/1.63
    execution time (avg/stddev):   0.8122/0.01


