sysbench 1.0.20 (using system LuaJIT 2.1.0-beta3)

Running the test with following options:
Number of threads: 32
Target transaction rate: 300/sec
Initializing random number generator from current time


Initializing worker threads...

Threads started!

Latency histogram (values are in milliseconds)
       value  ------------- distribution ------------- count
       2.305 |                                         4
       2.347 |*                                        24
       2.389 |***                                      49
       2.433 |******                                   105
       2.477 |*********                                152
       2.522 |************                             211
       2.568 |*****************                        284
       2.615 |***************                          252
       2.662 |**************                           242
       2.710 |**************                           233
       2.760 |*************                            216
       2.810 |************                             210
       2.861 |**************                           239
       2.913 |********************                     334
       2.966 |*************************                431
       3.020 |****************************             483
       3.075 |***********************************      593
       3.130 |**************************************** 683
       3.187 |**************************************   641
       3.245 |**************************************   655
       3.304 |**********************************       585
       3.364 |**********************************       574
       3.425 |***************************              468
       3.488 |*********************                    359
       3.551 |***************                          263
       3.615 |***********                              188
       3.681 |********                                 139
       3.748 |*****                                    83
       3.816 |****                                     60
       3.885 |***                                      53
       3.956 |**                                       33
       4.028 |*                                        16
       4.101 |*                                        22
       4.176 |*                                        21
       4.252 |*                                        19
       4.329 |*                                        10
       4.407 |*                                        9
       4.487 |*                                        13
       4.569 |                                         6
       4.652 |                                         7
       4.737 |                                         4
       4.823 |                                         2
       4.910 |                                         2
       4.999 |                                         1
       5.090 |                                         4
       5.183 |                                         1
       5.277 |                                         2
       5.373 |                                         2
       5.470 |                                         1
       5.570 |                                         3
       5.986 |                                         1
       7.039 |                                         1
 
SQL statistics:
    queries performed:
        read:                            125902
        write:                           0
        other:                           17986
        total:                           143888
    transactions:                        8993   (299.54 per sec.)
    queries:                             143888 (4792.58 per sec.)
    ignored errors:                      0      (0.00 per sec.)
    reconnects:                          0      (0.00 per sec.)

General statistics:
    total time:                          30.0227s
    total number of events:              8993

Latency (ms):
         min:                                    2.31
         avg:                                    3.12
         max:                                    7.07
         95th percentile:                        3.68
         sum:                                28090.36

Threads fairness:
    events (avg/stddev):           281.0312/2.36
    execution time (avg/stddev):   0.8778/0.01


