sysbench 1.0.20 (using system LuaJIT 2.1.0-beta3)

Running the test with following options:
Number of threads: 32
Target transaction rate: 200/sec
Initializing random number generator from current time


Initializing worker threads...

Threads started!

Latency histogram (values are in milliseconds)
       value  ------------- distribution ------------- count
       3.748 |*                                        5
       3.816 |*                                        5
       3.885 |****                                     15
       3.956 |******                                   22
       4.028 |**********                               36
       4.101 |******                                   20
       4.176 |************                             40
       4.252 |***************                          53
       4.329 |************                             43
       4.407 |**********************                   77
       4.487 |*********************                    73
       4.569 |**************************               88
       4.652 |***************************              93
       4.737 |***********************************      122
       4.823 |********************************         112
       4.910 |***********************************      121
       4.999 |************************************     123
       5.090 |*************************************    127
       5.183 |**********************************       118
       5.277 |*************************************    127
       5.373 |**************************************** 138
       5.470 |*************************************    126
       5.570 |************************************     123
       5.671 |********************************         110
       5.774 |*************************************    127
       5.879 |**********************************       117
       5.986 |*****************************            100
       6.095 |***************************              93
       6.205 |****************************             98
       6.318 |************************                 83
       6.433 |*********************                    71
       6.550 |***************************              94
       6.669 |********************                     69
       6.790 |******************                       63
       6.913 |****************                         55
       7.039 |*****************                        58
       7.167 |*****************                        57
       7.297 |*************                            44
       7.430 |**************                           50
       7.565 |************                             40
       7.702 |************                             41
       7.842 |**********                               36
       7.985 |**********                               33
       8.130 |********                                 29
       8.277 |********                                 28
       8.428 |********                                 28
       8.581 |*******                                  24
       8.737 |*****                                    18
       8.895 |******                                   20
       9.057 |********                                 27
       9.222 |*********                                31
       9.389 |*****                                    17
       9.560 |******                                   20
       9.734 |******                                   22
       9.910 |*******                                  25
      10.090 |*****                                    16
      10.274 |*****                                    17
      10.460 |****                                     13
      10.651 |***                                      11
      10.844 |*******                                  23
      11.041 |******                                   21
      11.242 |******                                   21
      11.446 |***                                      9
      11.654 |***                                      10
      11.866 |******                                   20
      12.081 |****                                     15
      12.301 |******                                   21
      12.524 |*******                                  24
      12.752 |****                                     15
      12.984 |****                                     15
      13.219 |***                                      11
      13.460 |*****                                    16
      13.704 |*****                                    17
      13.953 |****                                     14
      14.207 |***                                      12
      14.465 |****                                     14
      14.728 |***                                      11
      14.995 |**                                       8
      15.268 |***                                      11
      15.545 |**                                       8
      15.828 |***                                      11
      16.115 |*                                        4
      16.408 |***                                      12
      16.706 |***                                      9
      17.010 |****                                     15
      17.319 |                                         1
      17.633 |*                                        4
      17.954 |***                                      9
      18.280 |**                                       6
      18.612 |                                         1
      18.950 |*                                        3
      19.295 |*                                        4
      19.645 |*                                        2
      20.002 |*                                        2
      20.366 |*                                        2
      20.736 |**                                       7
      21.886 |*                                        2
      22.284 |                                         1
      22.689 |*                                        2
      23.101 |*                                        2
      24.384 |                                         1
 
SQL statistics:
    queries performed:
        read:                            56112
        write:                           16032
        other:                           8016
        total:                           80160
    transactions:                        4008   (200.04 per sec.)
    queries:                             80160  (4000.81 per sec.)
    ignored errors:                      0      (0.00 per sec.)
    reconnects:                          0      (0.00 per sec.)

General statistics:
    total time:                          20.0356s
    total number of events:              4008

Latency (ms):
         min:                                    3.73
         avg:                                    6.79
         max:                                   24.45
         95th percentile:                       13.46
         sum:                                27228.86

Threads fairness:
    events (avg/stddev):           125.2500/1.46
    execution time (avg/stddev):   0.8509/0.02


