sysbench 1.0.20 (using system LuaJIT 2.1.0-beta3)

Running the test with following options:
Number of threads: 32
Target transaction rate: 300/sec
Initializing random number generator from current time


Initializing worker threads...

Threads started!

Latency histogram (values are in milliseconds)
       value  ------------- distribution ------------- count
       2.305 |                                         4
       2.347 |                                         1
       2.389 |**                                       26
       2.433 |*****                                    63
       2.477 |********                                 106
       2.522 |**********                               138
       2.568 |**********                               134
       2.615 |************                             166
       2.662 |*************                            174
       2.710 |*************                            175
       2.760 |*************                            179
       2.810 |************                             164
       2.861 |***************                          197
       2.913 |***************                          202
       2.966 |**********************                   294
       3.020 |****************************             369
       3.075 |*********************************        440
       3.130 |***********************************      468
       3.187 |**************************************   508
       3.245 |**************************************** 534
       3.304 |**************************************   512
       3.364 |**************************************   505
       3.425 |***********************************      461
       3.488 |****************************             372
       3.551 |************************                 315
       3.615 |*****************                        227
       3.681 |*****************                        224
       3.748 |*************                            177
       3.816 |***********                              149
       3.885 |***********                              151
       3.956 |*********                                121
       4.028 |*******                                  94
       4.101 |******                                   84
       4.176 |******                                   86
       4.252 |******                                   83
       4.329 |******                                   82
       4.407 |******                                   77
       4.487 |*****                                    68
       4.569 |*****                                    64
       4.652 |******                                   76
       4.737 |****                                     56
       4.823 |****                                     49
       4.910 |***                                      39
       4.999 |***                                      38
       5.090 |***                                      46
       5.183 |**                                       33
       5.277 |***                                      38
       5.373 |***                                      35
       5.470 |**                                       21
       5.570 |**                                       32
       5.671 |**                                       28
       5.774 |*                                        11
       5.879 |**                                       21
       5.986 |*                                        18
       6.095 |**                                       26
       6.205 |*                                        20
       6.318 |*                                        20
       6.433 |**                                       22
       6.550 |**                                       21
       6.669 |*                                        7
       6.790 |*                                        10
       6.913 |*                                        13
       7.039 |*                                        17
       7.167 |                                         6
       7.297 |                                         5
       7.430 |*                                        9
       7.565 |                                         5
       7.702 |                                         3
       7.842 |                                         5
       7.985 |                                         6
       8.130 |                                         6
       8.277 |                                         3
       8.428 |                                         2
       8.581 |                                         4
       8.737 |                                         5
       8.895 |                                         2
       9.057 |                                         4
       9.222 |                                         1
       9.389 |                                         2
       9.560 |                                         2
       9.734 |                                         4
       9.910 |                                         4
      10.090 |                                         1
      10.460 |                                         1
      10.844 |                                         1
      11.242 |                                         1
      11.654 |                                         1
 
SQL statistics:
    queries performed:
        read:                            125636
        write:                           0
        other:                           17948
        total:                           143584
    transactions:                        8974   (298.83 per sec.)
    queries:                             143584 (4781.33 per sec.)
    ignored errors:                      0      (0.00 per sec.)
    reconnects:                          0      (0.00 per sec.)

General statistics:
    total time:                          30.0298s
    total number of events:              8974

Latency (ms):
         min:                                    2.30
         avg:                                    3.49
         max:                                   11.61
         95th percentile:                        5.18
         sum:                                31353.61

Threads fairness:
    events (avg/stddev):           280.4375/2.29
    execution time (avg/stddev):   0.9798/0.01


