1791641393.911 0 11.024
1791641393.918 1 8.223
1791641393.936 3 8.209
1791641393.954 5 8.309
1791641393.963 6 8.200
1791641393.982 8 8.288
1791641393.991 9 8.131
1791641394.009 11 8.164
1791641394.027 13 8.250
1791641394.036 14 8.096
1791641394.054 16 8.095
1791641394.063 17 8.045
1791641394.082 19 8.168
1791641394.100 21 8.183
1791641394.109 22 8.340
1791641394.127 24 8.155
1791641394.137 25 8.185
1791641394.155 27 8.234
1791641394.173 29 8.192
1791641394.182 30 8.216
1791641394.200 32 8.130
1791641394.210 33 8.199
1791641394.228 35 8.187
1791641394.246 37 8.146
1791641394.255 38 8.283
1791641394.273 40 8.105
1791641394.283 41 8.189
1791641394.301 43 8.154
1791641394.319 45 8.035
1791641394.328 46 8.121
1791641394.346 48 8.035
1791641394.356 49 8.149
1791641394.374 51 8.074
1791641394.392 53 8.115
1791641394.401 54 8.134
1791641394.420 56 8.074
1791641394.429 57 8.270
1791641394.447 59 8.027
1791641394.465 61 8.338
1791641394.474 62 8.211
1791641394.493 64 8.155
1791641394.502 65 8.154
1791641394.520 67 8.168
1791641394.538 69 8.171
1791641394.547 70 8.099
1791641394.566 72 8.124
1791641394.575 73 8.128
1791641394.593 75 8.166
1791641394.611 77 8.105
1791641394.620 78 8.100
1791641394.639 80 8.193
1791641394.648 81 8.107
1791641394.666 83 8.221
1791641394.684 85 8.236
1791641394.693 86 8.154
1791641394.712 88 8.228
1791641394.721 89 8.035
1791641394.739 91 8.294
1791641394.757 93 8.199
1791641394.767 94 8.474
1791641394.785 96 8.193
1791641394.794 97 8.155
1791641394.812 99 8.123
1791641394.830 101 8.173
1791641394.840 102 8.172
1791641394.858 104 8.196
1791641394.867 105 8.140
1791641394.885 107 8.163
1791641394.903 109 8.194
1791641394.912 110 8.083
1791641394.931 112 8.483
1791641394.940 113 8.280
1791641394.958 115 8.114
1791641394.976 117 8.141
1791641394.986 118 8.093
1791641395.004 120 8.234
1791641395.013 121 8.367
1791641395.031 123 8.182
1791641395.049 125 8.079
1791641395.059 126 8.134
1791641395.077 128 8.193
1791641395.086 129 8.207
1791641395.104 131 8.096
1791641395.122 133 7.984
1791641395.132 134 8.082
1791641395.150 136 8.123
1791641395.159 137 8.143
1791641395.177 139 8.120
1791641395.196 141 8.162
1791641395.205 142 8.135
1791641395.223 144 8.127
1791641395.232 145 8.160
1791641395.250 147 8.148
1791641395.269 149 8.152
1791641395.278 150 8.366
1791641395.296 152 8.108
1791641395.305 153 8.206
1791641395.323 155 8.207
1791641395.342 157 8.220
1791641395.351 158 8.227
1791641395.369 160 8.353
1791641395.378 161 8.231
1791641395.396 163 8.266
1791641395.415 165 8.305
1791641395.424 166 8.284
1791641395.442 168 8.268
1791641395.451 169 8.266
1791641395.470 171 8.333
1791641395.488 173 8.273
1791641395.497 174 8.213
1791641395.515 176 8.308
1791641395.524 177 8.211
1791641395.542 179 8.202
1791641395.561 181 8.244
1791641395.570 182 8.227
1791641395.588 184 8.267
1791641395.597 185 8.199
1791641395.616 187 8.250
1791641395.634 189 8.366
1791641395.643 190 8.263
1791641395.661 192 8.277
1791641395.670 193 8.247
1791641395.689 195 8.215
1791641395.707 197 8.204
1791641395.716 198 8.404
1791641395.734 200 8.325
1791641395.743 201 8.296
1791641395.762 203 8.291
1791641395.780 205 8.526
1791641395.789 206 8.313
1791641395.807 208 8.304
1791641395.816 209 8.244
1791641395.835 211 8.255
1791641395.853 213 8.190
1791641395.862 214 8.139
1791641395.880 216 8.221
1791641395.889 217 8.212
1791641395.908 219 8.136
1791641395.926 221 8.245
1791641395.935 222 8.149
1791641395.953 224 8.194
1791641395.962 225 8.148
1791641395.981 227 8.330
1791641395.999 229 8.329
1791641396.008 230 8.244
1791641396.026 232 8.204
1791641396.035 233 8.180
1791641396.054 235 8.161
1791641396.072 237 8.098
1791641396.081 238 8.187
1791641396.099 240 8.073
1791641396.108 241 8.088
1791641396.127 243 8.150
1791641396.145 245 8.087
1791641396.154 246 8.162
1791641396.172 248 8.137
1791641396.181 249 8.132
1791641396.200 251 8.120
1791641396.218 253 8.165
1791641396.227 254 8.163
1791641396.245 256 8.164
1791641396.254 257 8.182
1791641396.273 259 8.159
1791641396.291 261 8.277
1791641396.300 262 8.213
1791641396.319 264 8.294
1791641396.327 265 8.084
1791641396.346 267 8.199
1791641396.364 269 8.220
1791641396.373 270 8.189
1791641396.391 272 8.155
1791641396.401 273 8.169
1791641396.419 275 8.210
1791641396.437 277 8.193
1791641396.446 278 8.161
1791641396.464 280 8.156
1791641396.474 281 8.134
1791641396.492 283 8.030
1791641396.510 285 8.135
1791641396.519 286 8.110
1791641396.537 288 8.158
1791641396.547 289 8.097
1791641396.565 291 8.148
1791641396.583 293 8.122
1791641396.592 294 8.106
1791641396.610 296 8.089
1791641396.620 297 8.077
1791641396.638 299 8.151
1791641396.656 301 8.134
1791641396.665 302 8.224
1791641396.683 304 8.094
1791641396.693 305 8.089
1791641396.711 307 8.134
1791641396.729 309 8.143
1791641396.738 310 8.055
1791641396.757 312 8.127
1791641396.766 313 8.130
1791641396.784 315 8.119
1791641396.802 317 8.032
1791641396.811 318 8.123
1791641396.830 320 8.157
1791641396.839 321 8.162
1791641396.857 323 8.117
1791641396.875 325 8.326
1791641396.884 326 8.237
1791641396.903 328 8.270
1791641396.912 329 8.155
1791641396.930 331 8.114
1791641396.948 333 8.143
1791641396.957 334 8.220
1791641396.976 336 8.303
1791641396.985 337 8.157
1791641397.003 339 8.074
1791641397.021 341 8.249
1791641397.030 342 8.195
1791641397.049 344 8.207
1791641397.058 345 8.177
1791641397.076 347 8.149
1791641397.094 349 8.119
1791641397.103 350 8.088
1791641397.122 352 8.137
1791641397.131 353 8.147
1791641397.149 355 8.109
1791641397.167 357 8.047
1791641397.176 358 8.085
1791641397.195 360 8.156
1791641397.204 361 8.092
1791641397.222 363 8.134
1791641397.240 365 8.161
1791641397.249 366 8.111
1791641397.268 368 8.289
1791641397.277 369 8.124
1791641397.295 371 8.162
1791641397.313 373 8.158
1791641397.323 374 8.190
1791641397.341 376 8.096
1791641397.350 377 8.121
1791641397.368 379 8.037
1791641397.386 381 8.145
1791641397.396 382 8.127
1791641397.414 384 8.066
1791641397.423 385 8.107
1791641397.441 387 8.167
1791641397.459 389 8.172
1791641397.469 390 8.131
1791641397.487 392 8.185
1791641397.496 393 8.094
1791641397.514 395 8.062
1791641397.533 397 8.170
1791641397.542 398 8.155
1791641397.560 400 8.161
1791641397.569 401 8.163
1791641397.587 403 8.199
1791641397.605 405 8.133
1791641397.615 406 8.096
1791641397.633 408 8.163
1791641397.642 409 8.155
1791641397.660 411 8.121
1791641397.679 413 8.167
1791641397.688 414 8.120
1791641397.706 416 8.267
1791641397.715 417 8.131
1791641397.733 419 8.137
1791641397.752 421 8.113
1791641397.761 422 8.190
1791641397.779 424 8.102
1791641397.788 425 8.122
1791641397.806 427 8.105
1791641397.824 429 8.034
1791641397.834 430 8.126
1791641397.852 432 8.113
1791641397.861 433 8.142
1791641397.879 435 8.082
1791641397.898 437 8.150
1791641397.907 438 8.045
1791641397.925 440 8.208
1791641397.934 441 8.137
1791641397.952 443 8.055
1791641397.971 445 8.078
1791641397.980 446 8.089
1791641397.998 448 8.140
1791641398.007 449 8.093
1791641398.026 451 8.999
1791641398.044 453 8.092
1791641398.053 454 8.294
1791641398.071 456 8.147
1791641398.080 457 8.079
1791641398.098 459 8.155
1791641398.117 461 8.271
1791641398.126 462 8.208
1791641398.144 464 8.141
1791641398.153 465 8.123
1791641398.172 467 8.266
1791641398.190 469 8.174
1791641398.199 470 8.150
1791641398.217 472 8.152
1791641398.226 473 8.168
1791641398.245 475 8.124
1791641398.263 477 8.204
1791641398.272 478 8.091
1791641398.290 480 8.137
1791641398.299 481 8.125
1791641398.317 483 8.091
1791641398.336 485 8.173
1791641398.345 486 8.261
1791641398.363 488 8.176
1791641398.372 489 8.135
1791641398.391 491 8.176
1791641398.409 493 8.147
1791641398.418 494 8.125
1791641398.436 496 8.126
1791641398.445 497 8.115
1791641398.464 499 8.068
1791641398.482 501 8.126
1791641398.491 502 8.263
1791641398.509 504 8.128
1791641398.518 505 8.078
1791641398.537 507 8.129
1791641398.555 509 8.060
1791641398.564 510 8.150
1791641398.582 512 8.207
1791641398.591 513 8.062
1791641398.610 515 8.077
1791641398.628 517 8.072
1791641398.637 518 8.282
1791641398.655 520 8.128
1791641398.664 521 8.087
1791641398.683 523 8.109
1791641398.701 525 8.066
1791641398.710 526 8.124
1791641398.728 528 8.124
1791641398.738 529 8.182
1791641398.756 531 8.169
1791641398.774 533 8.177
1791641398.783 534 8.179
1791641398.801 536 8.135
1791641398.810 537 8.096
1791641398.829 539 8.146
1791641398.847 541 8.192
1791641398.856 542 8.150
1791641398.874 544 8.127
1791641398.884 545 8.146
1791641398.902 547 8.145
1791641398.921 549 9.208
1791641398.930 550 8.550
1791641398.948 552 8.905
1791641398.958 553 9.207
1791641398.976 555 8.976
1791641398.994 557 9.353
1791641399.003 558 8.763
1791641399.021 560 8.976
1791641399.131 561 109.924
1791641399.136 565 77.568
1791641399.138 566 70.526
1791641399.140 563 99.924
1791641399.142 569 47.299
1791641399.144 571 31.099
1791641399.146 568 60.408
1791641399.149 573 17.785
1791641399.152 574 11.437
1791641399.166 576 8.077
1791641399.176 577 8.083
1791641399.195 579 8.877
1791641399.213 581 9.172
1791641399.222 582 8.926
1791641399.240 584 9.021
1791641399.249 585 8.780
1791641399.268 587 8.346
1791641399.285 589 8.135
1791641399.294 590 8.123
1791641399.312 592 8.056
1791641399.322 593 8.165
1791641399.340 595 8.108
1791641399.358 597 8.173
1791641399.367 598 8.089
1791641399.386 600 8.129
1791641399.395 601 8.142
1791641399.413 603 8.158
1791641399.431 605 8.138
1791641399.441 606 8.274
1791641399.459 608 8.104
1791641399.468 609 8.173
1791641399.486 611 8.075
1791641399.504 613 8.142
1791641399.514 614 8.236
1791641399.532 616 8.156
1791641399.542 617 9.220
1791641399.561 619 9.621
1791641399.579 621 9.428
1791641399.587 622 9.175
1791641399.605 624 8.823
1791641399.614 625 8.547
1791641399.632 627 8.158
1791641399.650 629 8.134
1791641399.660 630 8.196
1791641399.678 632 8.243
1791641399.687 633 8.210
1791641399.705 635 8.146
1791641399.723 637 8.110
1791641399.732 638 8.080
1791641399.751 640 8.226
1791641399.760 641 8.161
1791641399.778 643 8.108
1791641399.796 645 8.157
1791641399.806 646 8.143
1791641399.824 648 8.132
1791641399.833 649 8.083
1791641399.851 651 8.120
1791641399.869 653 8.109
1791641399.879 654 8.102
1791641399.897 656 8.106
1791641399.906 657 8.093
1791641399.924 659 8.100
1791641399.942 661 8.047
1791641399.951 662 8.026
1791641399.970 664 8.134
1791641399.979 665 8.027
1791641399.997 667 8.131
1791641400.015 669 8.042
1791641400.025 670 8.082
1791641400.043 672 8.101
1791641400.052 673 8.151
1791641400.070 675 8.113
1791641400.088 677 8.079
1791641400.098 678 8.074
1791641400.116 680 8.072
1791641400.125 681 8.082
1791641400.143 683 8.106
1791641400.162 685 8.137
1791641400.171 686 8.004
1791641400.189 688 8.057
1791641400.198 689 8.111
1791641400.216 691 8.176
1791641400.235 693 8.076
1791641400.244 694 8.096
1791641400.262 696 8.071
1791641400.271 697 8.121
1791641400.289 699 8.073
1791641400.308 701 8.078
1791641400.317 702 8.095
1791641400.335 704 8.108
1791641400.344 705 8.152
1791641400.362 707 8.128
1791641400.381 709 8.170
1791641400.390 710 8.106
1791641400.408 712 8.075
1791641400.417 713 8.090
1791641400.435 715 8.120
1791641400.454 717 8.172
1791641400.463 718 8.114
1791641400.481 720 8.554
1791641400.491 721 8.498
1791641400.509 723 8.557
1791641400.527 725 8.691
1791641400.536 726 8.652
1791641400.554 728 8.294
1791641400.563 729 8.315
1791641400.582 731 8.359
1791641400.600 733 8.304
1791641400.609 734 8.354
1791641400.627 736 8.415
1791641400.636 737 8.295
1791641400.655 739 8.420
1791641400.673 741 8.491
1791641400.682 742 8.367
1791641400.700 744 8.366
1791641400.710 745 8.416
1791641400.728 747 8.380
1791641400.746 749 8.571
1791641400.755 750 8.450
1791641400.773 752 8.428
1791641400.782 753 8.297
1791641400.801 755 8.522
1791641400.819 757 8.382
1791641400.828 758 8.526
1791641400.847 760 8.395
1791641400.855 761 8.288
1791641400.874 763 8.327
1791641400.892 765 8.309
1791641400.901 766 8.322
1791641400.919 768 8.205
1791641400.928 769 8.151
1791641400.947 771 8.178
1791641400.965 773 8.104
1791641400.974 774 8.143
1791641400.992 776 8.179
1791641401.001 777 8.218
1791641401.020 779 8.170
1791641401.038 781 8.706
1791641401.047 782 8.072
1791641401.065 784 8.123
1791641401.074 785 8.043
1791641401.093 787 8.073
1791641401.111 789 8.086
1791641401.120 790 8.126
1791641401.138 792 8.219
1791641401.147 793 8.074
1791641401.166 795 8.204
1791641401.184 797 7.961
1791641401.193 798 8.115
1791641401.211 800 8.071
1791641401.220 801 8.136
1791641401.239 803 8.190
1791641401.257 805 8.186
1791641401.266 806 8.149
1791641401.284 808 8.202
1791641401.293 809 8.110
1791641401.312 811 8.136
1791641401.330 813 8.159
1791641401.339 814 8.124
1791641401.357 816 8.084
1791641401.367 817 8.104
1791641401.385 819 8.160
1791641401.403 821 8.186
1791641401.413 822 8.469
1791641401.430 824 8.159
1791641401.440 825 8.083
1791641401.458 827 8.188
1791641401.476 829 8.108
1791641401.485 830 8.251
1791641401.504 832 8.192
1791641401.513 833 8.127
1791641401.531 835 8.153
1791641401.549 837 8.134
1791641401.558 838 8.105
1791641401.576 840 7.997
1791641401.586 841 8.071
1791641401.604 843 8.057
1791641401.622 845 8.077
1791641401.631 846 8.069
1791641401.649 848 8.091
1791641401.659 849 8.093
1791641401.677 851 8.049
1791641401.695 853 8.145
1791641401.704 854 8.084
1791641401.722 856 8.061
1791641401.732 857 8.220
1791641401.750 859 8.228
