sysbench 1.0.20 (using system LuaJIT 2.1.0-beta3)

Running the test with following options:
Number of threads: 32
Target transaction rate: 200/sec
Initializing random number generator from current time


Initializing worker threads...

Threads started!

Latency histogram (values are in milliseconds)
       value  ------------- distribution ------------- count
       2.305 |                                         1
       2.389 |                                         2
       2.433 |                                         3
       2.477 |*                                        7
       2.522 |**                                       17
       2.568 |*****                                    40
       2.615 |*******                                  53
       2.662 |************                             87
       2.710 |******************                       131
       2.760 |*******************                      137
       2.810 |*************************                180
       2.861 |**********************                   163
       2.913 |*****************************            213
       2.966 |***********************************      255
       3.020 |*********************************        244
       3.075 |***************************************  288
       3.130 |***********************************      257
       3.187 |************************************     263
       3.245 |**************************************** 292
       3.304 |*************************************    272
       3.364 |*************************************    271
       3.425 |**************************************   274
       3.488 |********************************         237
       3.551 |*******************************          224
       3.615 |****************************             207
       3.681 |**************************               189
       3.748 |**************************               188
       3.816 |*********************                    154
       3.885 |*********************                    154
       3.956 |********************                     145
       4.028 |*************                            96
       4.101 |*************                            94
       4.176 |*********                                69
       4.252 |********                                 55
       4.329 |*********                                69
       4.407 |*******                                  49
       4.487 |*****                                    35
       4.569 |******                                   41
       4.652 |***                                      23
       4.737 |***                                      25
       4.823 |**                                       16
       4.910 |**                                       16
       4.999 |**                                       15
       5.090 |**                                       18
       5.183 |*                                        8
       5.277 |*                                        7
       5.373 |*                                        7
       5.470 |*                                        8
       5.570 |**                                       12
       5.671 |*                                        7
       5.774 |*                                        10
       5.879 |**                                       11
       5.986 |*                                        9
       6.095 |*                                        7
       6.205 |***                                      19
       6.318 |**                                       15
       6.433 |***                                      19
       6.550 |**                                       13
       6.669 |**                                       18
       6.790 |**                                       17
       6.913 |**                                       17
       7.039 |**                                       17
       7.167 |**                                       13
       7.297 |***                                      21
       7.430 |**                                       11
       7.565 |**                                       17
       7.702 |**                                       18
       7.842 |**                                       14
       7.985 |**                                       15
       8.130 |**                                       11
       8.277 |*                                        9
       8.428 |**                                       11
       8.581 |*                                        8
       8.737 |**                                       11
       8.895 |*                                        5
       9.057 |*                                        7
       9.222 |*                                        9
       9.389 |*                                        6
       9.560 |*                                        5
       9.734 |**                                       11
       9.910 |                                         2
      10.090 |                                         1
      10.274 |*                                        7
      10.460 |*                                        5
      10.651 |                                         2
      10.844 |                                         2
      11.041 |                                         2
      11.242 |                                         3
      11.446 |                                         3
      11.866 |*                                        4
      12.301 |                                         2
      12.524 |*                                        6
      12.752 |                                         1
      13.219 |                                         1
      13.460 |                                         2
      14.207 |                                         1
      14.465 |                                         1
      14.728 |                                         1
      14.995 |                                         2
      15.828 |                                         1
      16.115 |                                         1
      17.319 |                                         2
      17.633 |                                         1
      19.645 |                                         2
      20.002 |                                         3
      20.736 |                                         2
      21.496 |                                         1
      21.886 |                                         1
      23.101 |                                         1
      23.521 |                                         1
      25.278 |                                         1
      25.737 |                                         1
      26.205 |                                         2
      27.165 |                                         1
      27.659 |                                         1
      29.725 |                                         2
      31.375 |                                         1
      33.116 |                                         1
      34.954 |                                         1
      36.236 |                                         1
      36.894 |                                         1
      37.565 |                                         1
      42.611 |                                         1
      43.385 |                                         1
 
SQL statistics:
    queries performed:
        read:                            85008
        write:                           24288
        other:                           12144
        total:                           121440
    transactions:                        6072   (202.13 per sec.)
    queries:                             121440 (4042.58 per sec.)
    ignored errors:                      0      (0.00 per sec.)
    reconnects:                          0      (0.00 per sec.)

General statistics:
    total time:                          30.0390s
    total number of events:              6072

Latency (ms):
         min:                                    2.30
         avg:                                    3.83
         max:                                   43.77
         95th percentile:                        6.91
         sum:                                23239.46

Threads fairness:
    events (avg/stddev):           189.7500/1.15
    execution time (avg/stddev):   0.7262/0.03


