sysbench 1.0.20 (using system LuaJIT 2.1.0-beta3)

Running the test with following options:
Number of threads: 32
Target transaction rate: 200/sec
Initializing random number generator from current time


Initializing worker threads...

Threads started!

Latency histogram (values are in milliseconds)
       value  ------------- distribution ------------- count
       2.389 |                                         3
       2.433 |*                                        7
       2.477 |*                                        11
       2.522 |***                                      25
       2.568 |*****                                    42
       2.615 |******                                   53
       2.662 |***********                              94
       2.710 |***************                          122
       2.760 |*******************                      158
       2.810 |******************                       150
       2.861 |********************                     171
       2.913 |***********************                  190
       2.966 |****************************             235
       3.020 |******************************           250
       3.075 |*****************************            243
       3.130 |********************************         270
       3.187 |**************************************** 334
       3.245 |**********************************       280
       3.304 |***************************************  328
       3.364 |*********************************        277
       3.425 |*******************************          260
       3.488 |*******************************          261
       3.551 |****************************             233
       3.615 |************************                 200
       3.681 |**********************                   187
       3.748 |**********************                   186
       3.816 |****************                         137
       3.885 |*****************                        146
       3.956 |****************                         130
       4.028 |**************                           113
       4.101 |************                             97
       4.176 |**********                               84
       4.252 |*******                                  62
       4.329 |*******                                  55
       4.407 |******                                   46
       4.487 |******                                   51
       4.569 |*****                                    39
       4.652 |******                                   47
       4.737 |***                                      29
       4.823 |***                                      26
       4.910 |***                                      22
       4.999 |**                                       16
       5.090 |***                                      21
       5.183 |*                                        7
       5.277 |**                                       16
       5.373 |*                                        12
       5.470 |**                                       19
       5.570 |**                                       17
       5.671 |**                                       19
       5.774 |**                                       15
       5.879 |**                                       20
       5.986 |**                                       19
       6.095 |*                                        12
       6.205 |***                                      26
       6.318 |*                                        9
       6.433 |*                                        11
       6.550 |*                                        11
       6.669 |*                                        10
       6.790 |*                                        9
       6.913 |*                                        11
       7.039 |*                                        6
       7.167 |*                                        8
       7.297 |**                                       13
       7.430 |*                                        11
       7.565 |*                                        6
       7.702 |*                                        8
       7.842 |*                                        6
       7.985 |                                         1
       8.130 |                                         2
       8.277 |                                         2
       8.428 |                                         3
       8.581 |                                         1
       8.737 |                                         2
       8.895 |                                         1
       9.057 |                                         3
       9.222 |                                         2
       9.389 |                                         1
       9.560 |                                         1
       9.734 |                                         1
      10.274 |                                         2
      10.460 |                                         1
      11.242 |                                         1
      12.301 |                                         1
      13.219 |                                         2
      13.953 |                                         1
      14.207 |                                         1
      14.465 |                                         2
      14.995 |                                         2
      15.268 |                                         1
      16.408 |                                         1
      17.010 |                                         1
      18.950 |                                         1
      21.112 |                                         2
      21.496 |                                         1
      21.886 |                                         1
      22.689 |                                         1
      26.205 |                                         2
      27.165 |                                         1
      34.330 |                                         1
      37.565 |                                         1
      41.851 |                                         1
      42.611 |                                         4
 
SQL statistics:
    queries performed:
        read:                            84616
        write:                           24176
        other:                           12088
        total:                           120880
    transactions:                        6044   (201.30 per sec.)
    queries:                             120880 (4026.08 per sec.)
    ignored errors:                      0      (0.00 per sec.)
    reconnects:                          0      (0.00 per sec.)

General statistics:
    total time:                          30.0227s
    total number of events:              6044

Latency (ms):
         min:                                    2.37
         avg:                                    3.65
         max:                                   42.91
         95th percentile:                        5.47
         sum:                                22067.66

Threads fairness:
    events (avg/stddev):           188.8750/0.89
    execution time (avg/stddev):   0.6896/0.02


