sysbench 1.0.20 (using system LuaJIT 2.1.0-beta3)

Running the test with following options:
Number of threads: 32
Target transaction rate: 1000/sec
Initializing random number generator from current time


Initializing worker threads...

Threads started!

Latency histogram (values are in milliseconds)
       value  ------------- distribution ------------- count
       0.536 |                                         1
       0.546 |                                         2
       0.556 |                                         6
       0.566 |*                                        15
       0.576 |*                                        31
       0.587 |**                                       57
       0.597 |****                                     96
       0.608 |*****                                    123
       0.619 |*****                                    139
       0.630 |********                                 210
       0.642 |*********                                232
       0.654 |**********                               267
       0.665 |**********                               254
       0.677 |************                             316
       0.690 |***************                          396
       0.702 |***************                          407
       0.715 |********************                     540
       0.728 |**************************               691
       0.741 |*****************************            765
       0.755 |**********************************       891
       0.768 |***********************************      919
       0.782 |**************************************   996
       0.797 |*************************************    988
       0.811 |***************************************  1031
       0.826 |***************************************  1034
       0.841 |***************************************  1040
       0.856 |**************************************** 1062
       0.872 |**************************************** 1060
       0.888 |**************************************   1008
       0.904 |**************************************   999
       0.920 |*************************************    981
       0.937 |***********************************      917
       0.954 |*********************************        875
       0.971 |******************************           805
       0.989 |******************************           807
       1.007 |**************************               702
       1.025 |*************************                676
       1.044 |*************************                652
       1.063 |**********************                   595
       1.082 |**********************                   581
       1.102 |********************                     518
       1.122 |*******************                      507
       1.142 |*****************                        458
       1.163 |***************                          406
       1.184 |***************                          410
       1.205 |*************                            343
       1.227 |*************                            342
       1.250 |***********                              295
       1.272 |***********                              293
       1.295 |*********                                227
       1.319 |*********                                243
       1.343 |*******                                  186
       1.367 |*******                                  186
       1.392 |*******                                  174
       1.417 |*****                                    134
       1.443 |*****                                    132
       1.469 |****                                     116
       1.496 |***                                      92
       1.523 |****                                     101
       1.551 |***                                      76
       1.579 |***                                      69
       1.608 |**                                       63
       1.637 |**                                       64
       1.667 |***                                      72
       1.697 |**                                       51
       1.728 |**                                       45
       1.759 |**                                       42
       1.791 |*                                        35
       1.824 |*                                        34
       1.857 |*                                        37
       1.891 |*                                        35
       1.925 |*                                        26
       1.960 |*                                        22
       1.996 |*                                        23
       2.032 |*                                        21
       2.069 |*                                        24
       2.106 |*                                        25
       2.145 |*                                        24
       2.184 |*                                        14
       2.223 |                                         10
       2.264 |*                                        17
       2.305 |*                                        17
       2.347 |*                                        22
       2.389 |*                                        15
       2.433 |*                                        17
       2.477 |*                                        24
       2.522 |*                                        26
       2.568 |*                                        18
       2.615 |*                                        20
       2.662 |*                                        23
       2.710 |*                                        26
       2.760 |*                                        30
       2.810 |*                                        15
       2.861 |*                                        24
       2.913 |*                                        17
       2.966 |*                                        22
       3.020 |*                                        26
       3.075 |*                                        14
       3.130 |*                                        17
       3.187 |                                         9
       3.245 |                                         9
       3.304 |                                         10
       3.364 |                                         8
       3.425 |                                         8
       3.488 |                                         8
       3.551 |                                         2
       3.615 |                                         3
       3.681 |                                         9
       3.748 |                                         3
       3.816 |                                         3
       3.956 |                                         3
       4.028 |                                         4
       4.101 |                                         2
       4.176 |                                         4
       4.252 |                                         2
       4.329 |                                         7
       4.407 |                                         9
       4.487 |                                         1
       4.569 |                                         7
       4.652 |                                         9
       4.737 |                                         6
       4.823 |                                         3
       4.910 |                                         11
       4.999 |                                         4
       5.090 |                                         7
       5.183 |                                         5
       5.277 |                                         6
       5.373 |                                         11
       5.470 |                                         4
       5.570 |                                         4
       5.671 |                                         4
       5.879 |                                         5
       5.986 |                                         2
       6.095 |                                         3
       6.205 |                                         2
       6.318 |                                         2
       6.433 |                                         2
       6.550 |                                         2
       6.669 |                                         1
       6.913 |                                         2
       7.039 |                                         1
       7.430 |                                         1
       7.985 |                                         1
       8.130 |                                         1
       8.581 |                                         1
       8.895 |                                         1
      10.274 |                                         1
 
SQL statistics:
    queries performed:
        read:                            0
        write:                           29745
        other:                           0
        total:                           29745
    transactions:                        29745  (990.93 per sec.)
    queries:                             29745  (990.93 per sec.)
    ignored errors:                      0      (0.00 per sec.)
    reconnects:                          0      (0.00 per sec.)

General statistics:
    total time:                          30.0169s
    total number of events:              29745

Latency (ms):
         min:                                    0.54
         avg:                                    1.00
         max:                                   10.26
         95th percentile:                        1.52
         sum:                                29658.21

Threads fairness:
    events (avg/stddev):           929.5312/5.79
    execution time (avg/stddev):   0.9268/0.01


