sysbench 1.0.20 (using system LuaJIT 2.1.0-beta3)

Running the test with following options:
Number of threads: 32
Target transaction rate: 1000/sec
Initializing random number generator from current time


Initializing worker threads...

Threads started!

Latency histogram (values are in milliseconds)
       value  ------------- distribution ------------- count
       0.536 |                                         1
       0.556 |                                         2
       0.566 |*                                        7
       0.576 |*                                        14
       0.587 |*                                        10
       0.597 |**                                       31
       0.608 |***                                      36
       0.619 |****                                     49
       0.630 |****                                     56
       0.642 |*******                                  92
       0.654 |******                                   87
       0.665 |*******                                  103
       0.677 |*********                                127
       0.690 |**********                               141
       0.702 |*************                            188
       0.715 |****************                         224
       0.728 |****************                         227
       0.741 |********************                     275
       0.755 |**************************               360
       0.768 |****************************             385
       0.782 |*****************************            411
       0.797 |********************************         444
       0.811 |*********************************        464
       0.826 |**********************************       468
       0.841 |**********************************       472
       0.856 |***********************************      486
       0.872 |*************************************    514
       0.888 |************************************     501
       0.904 |************************************     504
       0.920 |***************************************  550
       0.937 |**************************************   527
       0.954 |*************************************    515
       0.971 |**************************************** 558
       0.989 |**************************************   526
       1.007 |********************************         448
       1.025 |*************************************    515
       1.044 |************************************     501
       1.063 |************************************     508
       1.082 |**************************************   531
       1.102 |***********************************      495
       1.122 |***********************************      494
       1.142 |*********************************        454
       1.163 |*********************************        460
       1.184 |*******************************          431
       1.205 |*****************************            411
       1.227 |**************************               362
       1.250 |**************************               364
       1.272 |***********************                  319
       1.295 |**************************               362
       1.319 |***********************                  318
       1.343 |*********************                    297
       1.367 |******************                       257
       1.392 |******************                       248
       1.417 |****************                         224
       1.443 |****************                         226
       1.469 |************                             170
       1.496 |*************                            181
       1.523 |***********                              153
       1.551 |**********                               141
       1.579 |**********                               137
       1.608 |********                                 117
       1.637 |********                                 108
       1.667 |********                                 109
       1.697 |******                                   90
       1.728 |******                                   79
       1.759 |******                                   77
       1.791 |****                                     60
       1.824 |****                                     51
       1.857 |****                                     49
       1.891 |***                                      43
       1.925 |****                                     51
       1.960 |***                                      40
       1.996 |**                                       25
       2.032 |***                                      41
       2.069 |***                                      46
       2.106 |**                                       28
       2.145 |**                                       28
       2.184 |**                                       31
       2.223 |***                                      44
       2.264 |**                                       24
       2.305 |**                                       29
       2.347 |**                                       30
       2.389 |**                                       21
       2.433 |**                                       29
       2.477 |*                                        15
       2.522 |*                                        17
       2.568 |*                                        15
       2.615 |*                                        13
       2.662 |**                                       26
       2.710 |**                                       23
       2.760 |**                                       21
       2.810 |**                                       25
       2.861 |*                                        12
       2.913 |*                                        9
       2.966 |*                                        16
       3.020 |*                                        9
       3.075 |*                                        12
       3.130 |*                                        9
       3.187 |*                                        9
       3.245 |*                                        9
       3.304 |*                                        11
       3.364 |*                                        7
       3.425 |*                                        7
       3.488 |                                         6
       3.551 |                                         6
       3.615 |*                                        7
       3.681 |*                                        7
       3.748 |*                                        10
       3.816 |                                         3
       3.885 |                                         3
       3.956 |*                                        9
       4.028 |                                         1
       4.101 |                                         5
       4.176 |                                         3
       4.252 |                                         4
       4.329 |                                         1
       4.407 |                                         3
       4.487 |                                         4
       4.569 |                                         3
       4.652 |                                         4
       4.737 |                                         2
       4.823 |                                         2
       4.910 |                                         4
       4.999 |                                         3
       5.090 |                                         2
       5.183 |                                         2
       5.373 |                                         1
       5.470 |                                         2
       5.570 |                                         2
       5.671 |                                         1
       5.774 |                                         1
       5.879 |                                         3
       5.986 |                                         1
       6.095 |                                         4
       6.205 |                                         1
       6.433 |                                         2
       6.550 |                                         2
       6.669 |                                         1
       6.790 |                                         1
       7.167 |                                         1
       7.430 |                                         1
       7.702 |                                         1
       8.581 |                                         2
       8.737 |                                         1
       8.895 |                                         1
       9.057 |                                         2
       9.560 |                                         1
      10.090 |                                         1
      10.844 |                                         1
      11.041 |                                         2
      11.446 |                                         1
      11.866 |                                         1
      12.752 |                                         1
      13.460 |                                         1
      13.704 |                                         1
      15.268 |                                         1
      16.408 |                                         1
      16.706 |                                         1
      20.002 |                                         1
      22.284 |                                         2
      22.689 |                                         1
      23.521 |                                         1
      24.384 |                                         2
      25.737 |                                         1
      26.205 |                                         1
      28.673 |                                         2
      29.194 |                                         1
      29.725 |                                         1
      30.815 |                                         2
      31.375 |                                         3
      32.525 |                                         1
      33.116 |                                         1
      33.718 |                                         2
      34.330 |                                         1
      36.236 |                                         2
      36.894 |                                         1
      38.247 |                                         1
      38.942 |                                         1
      40.370 |                                         1
      41.104 |                                         1
      41.851 |                                         1
      42.611 |                                         2
      44.173 |                                         1
      45.793 |                                         1
      48.335 |                                         1
      49.213 |                                         1
      50.107 |                                         1
      51.018 |                                         1
      54.828 |                                         2
      58.923 |                                         1
      59.993 |                                         1
      61.083 |                                         3
      62.193 |                                         2
      63.323 |                                         3
      65.645 |                                         3
      66.838 |                                         1
      68.053 |                                         1
      69.289 |                                         2
      71.830 |                                         1
 
SQL statistics:
    queries performed:
        read:                            0
        write:                           20074
        other:                           0
        total:                           20074
    transactions:                        20074  (1002.74 per sec.)
    queries:                             20074  (1002.74 per sec.)
    ignored errors:                      0      (0.00 per sec.)
    reconnects:                          0      (0.00 per sec.)

General statistics:
    total time:                          20.0188s
    total number of events:              20074

Latency (ms):
         min:                                    0.54
         avg:                                    1.26
         max:                                   72.31
         95th percentile:                        1.86
         sum:                                25232.24

Threads fairness:
    events (avg/stddev):           627.3125/4.63
    execution time (avg/stddev):   0.7885/0.02


