sysbench 1.0.20 (using system LuaJIT 2.1.0-beta3)

Running the test with following options:
Number of threads: 32
Target transaction rate: 1000/sec
Initializing random number generator from current time


Initializing worker threads...

Threads started!

Latency histogram (values are in milliseconds)
       value  ------------- distribution ------------- count
       0.536 |                                         1
       0.556 |                                         2
       0.566 |*                                        11
       0.576 |*                                        9
       0.587 |**                                       26
       0.597 |**                                       38
       0.608 |*****                                    79
       0.619 |*****                                    79
       0.630 |*****                                    90
       0.642 |******                                   95
       0.654 |*******                                  117
       0.665 |********                                 136
       0.677 |*********                                151
       0.690 |************                             194
       0.702 |*************                            222
       0.715 |****************                         265
       0.728 |**********************                   366
       0.741 |***************************              440
       0.755 |******************************           488
       0.768 |******************************           501
       0.782 |********************************         527
       0.797 |********************************         533
       0.811 |***********************************      574
       0.826 |*************************************    608
       0.841 |*************************************    613
       0.856 |**************************************   619
       0.872 |************************************     592
       0.888 |***********************************      574
       0.904 |**************************************** 658
       0.920 |*************************************    613
       0.937 |**********************************       555
       0.954 |*********************************        545
       0.971 |************************************     598
       0.989 |*********************************        542
       1.007 |*********************************        544
       1.025 |*******************************          508
       1.044 |*****************************            469
       1.063 |*****************************            471
       1.082 |*****************************            472
       1.102 |****************************             456
       1.122 |*************************                412
       1.142 |*************************                412
       1.163 |************************                 396
       1.184 |***********************                  371
       1.205 |********************                     330
       1.227 |********************                     323
       1.250 |******************                       291
       1.272 |*****************                        278
       1.295 |*****************                        274
       1.319 |**************                           225
       1.343 |*************                            214
       1.367 |************                             195
       1.392 |**********                               168
       1.417 |**********                               172
       1.443 |*********                                152
       1.469 |********                                 135
       1.496 |********                                 127
       1.523 |******                                   99
       1.551 |******                                   94
       1.579 |*****                                    82
       1.608 |****                                     58
       1.637 |****                                     62
       1.667 |****                                     65
       1.697 |****                                     62
       1.728 |***                                      53
       1.759 |**                                       40
       1.791 |**                                       40
       1.824 |**                                       28
       1.857 |*                                        22
       1.891 |**                                       36
       1.925 |**                                       33
       1.960 |**                                       31
       1.996 |**                                       29
       2.032 |**                                       29
       2.069 |*                                        23
       2.106 |*                                        15
       2.145 |**                                       26
       2.184 |**                                       31
       2.223 |*                                        22
       2.264 |**                                       25
       2.305 |*                                        23
       2.347 |*                                        19
       2.389 |*                                        14
       2.433 |*                                        14
       2.477 |*                                        18
       2.522 |*                                        16
       2.568 |*                                        16
       2.615 |*                                        17
       2.662 |*                                        16
       2.710 |*                                        15
       2.760 |*                                        12
       2.810 |*                                        12
       2.861 |*                                        15
       2.913 |*                                        18
       2.966 |                                         8
       3.020 |*                                        16
       3.075 |*                                        9
       3.130 |*                                        15
       3.187 |*                                        11
       3.245 |                                         7
       3.304 |*                                        9
       3.364 |                                         6
       3.425 |                                         5
       3.488 |                                         5
       3.551 |                                         3
       3.615 |                                         4
       3.681 |                                         5
       3.748 |                                         4
       3.816 |                                         1
       3.885 |                                         6
       3.956 |                                         3
       4.028 |                                         5
       4.101 |                                         3
       4.176 |                                         1
       4.252 |                                         4
       4.329 |                                         4
       4.407 |                                         1
       4.487 |                                         3
       4.569 |                                         2
       4.652 |                                         5
       4.737 |                                         2
       4.823 |                                         1
       4.910 |                                         4
       4.999 |                                         8
       5.183 |                                         5
       5.277 |                                         1
       5.373 |                                         1
       5.470 |                                         4
       5.570 |                                         4
       5.671 |                                         1
       5.774 |                                         1
       6.095 |                                         3
       6.205 |                                         3
       6.318 |                                         3
       6.550 |                                         2
       6.913 |                                         1
       8.428 |                                         1
       8.895 |                                         1
       9.222 |                                         1
 
SQL statistics:
    queries performed:
        read:                            0
        write:                           20278
        other:                           0
        total:                           20278
    transactions:                        20278  (1013.06 per sec.)
    queries:                             20278  (1013.06 per sec.)
    ignored errors:                      0      (0.00 per sec.)
    reconnects:                          0      (0.00 per sec.)

General statistics:
    total time:                          20.0162s
    total number of events:              20278

Latency (ms):
         min:                                    0.54
         avg:                                    1.05
         max:                                    9.25
         95th percentile:                        1.67
         sum:                                21391.17

Threads fairness:
    events (avg/stddev):           633.6875/4.95
    execution time (avg/stddev):   0.6685/0.01


