sysbench 1.0.20 (using system LuaJIT 2.1.0-beta3)

Running the test with following options:
Number of threads: 32
Target transaction rate: 1000/sec
Initializing random number generator from current time


Initializing worker threads...

Threads started!

Latency histogram (values are in milliseconds)
       value  ------------- distribution ------------- count
       0.556 |                                         4
       0.566 |*                                        13
       0.576 |*                                        23
       0.587 |*                                        22
       0.597 |***                                      56
       0.608 |****                                     71
       0.619 |******                                   112
       0.630 |*******                                  131
       0.642 |********                                 160
       0.654 |********                                 160
       0.665 |**********                               190
       0.677 |**********                               184
       0.690 |*************                            257
       0.702 |*****************                        323
       0.715 |*******************                      369
       0.728 |************************                 452
       0.741 |*****************************            556
       0.755 |*********************************        635
       0.768 |*************************************    697
       0.782 |**********************************       644
       0.797 |**************************************   724
       0.811 |*************************************    708
       0.826 |***************************************  736
       0.841 |**************************************** 754
       0.856 |**************************************** 763
       0.872 |************************************     687
       0.888 |**********************************       654
       0.904 |**********************************       658
       0.920 |*************************************    699
       0.937 |**********************************       643
       0.954 |*********************************        635
       0.971 |****************************             538
       0.989 |****************************             533
       1.007 |**************************               505
       1.025 |*************************                486
       1.044 |***********************                  432
       1.063 |***********************                  433
       1.082 |********************                     386
       1.102 |******************                       350
       1.122 |******************                       341
       1.142 |***************                          295
       1.163 |*************                            245
       1.184 |*************                            245
       1.205 |***********                              216
       1.227 |**********                               190
       1.250 |*********                                169
       1.272 |*********                                168
       1.295 |*******                                  137
       1.319 |*******                                  133
       1.343 |******                                   120
       1.367 |*****                                    100
       1.392 |******                                   105
       1.417 |****                                     85
       1.443 |***                                      60
       1.469 |***                                      61
       1.496 |***                                      60
       1.523 |**                                       46
       1.551 |***                                      50
       1.579 |**                                       39
       1.608 |**                                       40
       1.637 |**                                       31
       1.667 |**                                       44
       1.697 |**                                       30
       1.728 |*                                        26
       1.759 |*                                        19
       1.791 |*                                        19
       1.824 |*                                        24
       1.857 |*                                        25
       1.891 |*                                        15
       1.925 |*                                        19
       1.960 |*                                        17
       1.996 |*                                        13
       2.032 |*                                        19
       2.069 |*                                        10
       2.106 |*                                        12
       2.145 |*                                        17
       2.184 |*                                        16
       2.223 |*                                        23
       2.264 |*                                        18
       2.305 |*                                        22
       2.347 |*                                        14
       2.389 |*                                        20
       2.433 |*                                        13
       2.477 |*                                        14
       2.522 |*                                        13
       2.568 |*                                        18
       2.615 |*                                        10
       2.662 |                                         8
       2.710 |*                                        11
       2.760 |*                                        10
       2.810 |*                                        14
       2.861 |                                         9
       2.913 |                                         6
       2.966 |                                         4
       3.020 |*                                        12
       3.075 |                                         8
       3.130 |                                         6
       3.187 |                                         2
       3.245 |                                         7
       3.304 |                                         5
       3.364 |                                         8
       3.425 |                                         1
       3.488 |                                         5
       3.551 |                                         3
       3.615 |                                         5
       3.681 |                                         4
       3.748 |                                         6
       3.816 |                                         3
       3.885 |                                         5
       3.956 |                                         6
       4.028 |                                         3
       4.101 |                                         1
       4.176 |                                         2
       4.252 |                                         4
       4.329 |                                         2
       4.407 |                                         1
       4.487 |                                         1
       4.569 |                                         4
       4.652 |                                         1
       4.737 |                                         5
       4.823 |                                         1
       4.910 |                                         1
       4.999 |                                         1
       5.090 |                                         4
       5.183 |                                         2
       5.373 |                                         1
       5.470 |                                         1
       5.671 |                                         3
       5.774 |                                         4
       5.986 |                                         4
       6.318 |                                         1
       6.433 |                                         1
       6.550 |                                         2
       6.913 |                                         1
       7.039 |                                         1
       7.167 |                                         1
       7.430 |                                         1
       7.702 |                                         1
       7.985 |                                         1
       8.277 |                                         1
       8.428 |                                         1
       8.895 |                                         1
       9.057 |                                         1
       9.389 |                                         1
      10.090 |                                         1
      11.242 |                                         1
      11.446 |                                         1
      14.995 |                                         1
      15.545 |                                         1
      16.408 |                                         1
      17.010 |                                         2
 
SQL statistics:
    queries performed:
        read:                            0
        write:                           20026
        other:                           0
        total:                           20026
    transactions:                        20026  (1000.51 per sec.)
    queries:                             20026  (1000.51 per sec.)
    ignored errors:                      0      (0.00 per sec.)
    reconnects:                          0      (0.00 per sec.)

General statistics:
    total time:                          20.0155s
    total number of events:              20026

Latency (ms):
         min:                                    0.55
         avg:                                    0.99
         max:                                   16.88
         95th percentile:                        1.47
         sum:                                19734.33

Threads fairness:
    events (avg/stddev):           625.8125/4.23
    execution time (avg/stddev):   0.6167/0.01


