sysbench 1.0.20 (using system LuaJIT 2.1.0-beta3)

Running the test with following options:
Number of threads: 32
Target transaction rate: 300/sec
Initializing random number generator from current time


Initializing worker threads...

Threads started!

Latency histogram (values are in milliseconds)
       value  ------------- distribution ------------- count
       0.904 |                                         2
       0.920 |*                                        8
       0.937 |**                                       14
       0.954 |*****                                    37
       0.971 |******                                   45
       0.989 |**********                               70
       1.007 |*************                            92
       1.025 |*****************                        118
       1.044 |*********************                    148
       1.063 |***************************              186
       1.082 |****************************             196
       1.102 |*****************************            205
       1.122 |********************************         223
       1.142 |********************************         226
       1.163 |***********************************      242
       1.184 |**************************************   268
       1.205 |**************************************   262
       1.227 |**************************************** 279
       1.250 |********************************         220
       1.272 |*********************************        232
       1.295 |****************************             196
       1.319 |*******************************          213
       1.343 |***********************                  160
       1.367 |***********************                  161
       1.392 |**********************                   156
       1.417 |********************                     139
       1.443 |******************                       127
       1.469 |****************                         112
       1.496 |****************                         113
       1.523 |*********                                61
       1.551 |***********                              77
       1.579 |*******                                  48
       1.608 |********                                 59
       1.637 |*********                                63
       1.667 |*******                                  47
       1.697 |*****                                    35
       1.728 |***                                      24
       1.759 |****                                     31
       1.791 |*****                                    35
       1.824 |****                                     30
       1.857 |****                                     30
       1.891 |***                                      18
       1.925 |****                                     25
       1.960 |***                                      21
       1.996 |***                                      24
       2.032 |***                                      22
       2.069 |***                                      21
       2.106 |**                                       15
       2.145 |****                                     30
       2.184 |**                                       17
       2.223 |*                                        6
       2.264 |***                                      24
       2.305 |**                                       16
       2.347 |**                                       17
       2.389 |**                                       14
       2.433 |**                                       16
       2.477 |**                                       15
       2.522 |**                                       14
       2.568 |**                                       16
       2.615 |**                                       14
       2.662 |*                                        10
       2.710 |***                                      18
       2.760 |*                                        10
       2.810 |**                                       16
       2.861 |**                                       11
       2.913 |**                                       16
       2.966 |**                                       13
       3.020 |***                                      24
       3.075 |**                                       12
       3.130 |**                                       12
       3.187 |**                                       12
       3.245 |***                                      18
       3.304 |**                                       12
       3.364 |***                                      19
       3.425 |**                                       15
       3.488 |**                                       17
       3.551 |**                                       16
       3.615 |*                                        9
       3.681 |**                                       13
       3.748 |*                                        9
       3.816 |**                                       16
       3.885 |**                                       16
       3.956 |***                                      18
       4.028 |**                                       14
       4.101 |*                                        9
       4.176 |**                                       12
       4.252 |**                                       17
       4.329 |**                                       17
       4.407 |**                                       11
       4.487 |**                                       16
       4.569 |**                                       15
       4.652 |***                                      19
       4.737 |*                                        7
       4.823 |**                                       11
       4.910 |**                                       11
       4.999 |*                                        8
       5.090 |*                                        9
       5.183 |*                                        8
       5.277 |                                         2
       5.373 |*                                        8
       5.470 |                                         3
       5.570 |*                                        6
       5.671 |*                                        6
       5.774 |*                                        5
       5.879 |*                                        5
       5.986 |                                         1
       6.095 |                                         1
       6.205 |                                         2
       6.318 |                                         2
       6.433 |                                         1
       6.790 |                                         1
       6.913 |                                         2
       7.842 |                                         1
       7.985 |                                         1
       8.130 |                                         2
       8.277 |                                         1
       8.581 |                                         1
       9.222 |                                         2
       9.389 |                                         1
       9.560 |                                         2
       9.734 |                                         1
       9.910 |                                         3
      10.090 |                                         2
      11.041 |                                         1
      11.242 |                                         1
      11.446 |                                         1
      13.219 |                                         1
      18.612 |                                         1
      24.827 |                                         1
      25.278 |                                         1
      27.165 |                                         1
 
SQL statistics:
    queries performed:
        read:                            82894
        write:                           0
        other:                           11842
        total:                           94736
    transactions:                        5921   (295.74 per sec.)
    queries:                             94736  (4731.85 per sec.)
    ignored errors:                      0      (0.00 per sec.)
    reconnects:                          0      (0.00 per sec.)

General statistics:
    total time:                          20.0203s
    total number of events:              5921

Latency (ms):
         min:                                    0.91
         avg:                                    1.61
         max:                                   27.09
         95th percentile:                        3.82
         sum:                                 9542.96

Threads fairness:
    events (avg/stddev):           185.0312/1.10
    execution time (avg/stddev):   0.2982/0.01


