sysbench 1.0.20 (using system LuaJIT 2.1.0-beta3)

Running the test with following options:
Number of threads: 32
Target transaction rate: 3000/sec
Initializing random number generator from current time


Initializing worker threads...

Threads started!

Latency histogram (values are in milliseconds)
       value  ------------- distribution ------------- count
       0.122 |                                         1
       0.127 |                                         3
       0.129 |                                         10
       0.132 |                                         7
       0.134 |                                         21
       0.136 |                                         34
       0.139 |*                                        55
       0.141 |*                                        120
       0.144 |**                                       202
       0.147 |****                                     348
       0.149 |******                                   525
       0.152 |********                                 687
       0.155 |**********                               800
       0.158 |***********                              960
       0.160 |**************                           1137
       0.163 |*****************                        1437
       0.166 |*******************                      1578
       0.169 |*******************                      1608
       0.172 |*******************                      1621
       0.176 |********************                     1681
       0.179 |***********************                  1946
       0.182 |****************************             2396
       0.185 |**********************************       2833
       0.189 |**************************************   3227
       0.192 |**************************************** 3367
       0.196 |**************************************** 3341
       0.199 |**************************************   3226
       0.203 |*************************************    3154
       0.206 |**********************************       2834
       0.210 |*******************************          2634
       0.214 |****************************             2374
       0.218 |************************                 2034
       0.222 |**********************                   1828
       0.226 |*******************                      1593
       0.230 |*****************                        1407
       0.234 |**************                           1198
       0.238 |***********                              952
       0.243 |**********                               830
       0.247 |********                                 665
       0.252 |*******                                  570
       0.256 |******                                   474
       0.261 |*****                                    413
       0.266 |****                                     370
       0.270 |***                                      289
       0.275 |***                                      280
       0.280 |***                                      215
       0.285 |**                                       197
       0.291 |**                                       187
       0.296 |**                                       191
       0.301 |**                                       186
       0.307 |**                                       179
       0.312 |**                                       135
       0.318 |**                                       157
       0.324 |**                                       132
       0.330 |**                                       146
       0.336 |**                                       132
       0.342 |**                                       146
       0.348 |*                                        109
       0.354 |*                                        107
       0.361 |*                                        91
       0.367 |*                                        81
       0.374 |*                                        70
       0.381 |*                                        65
       0.388 |                                         39
       0.395 |                                         42
       0.402 |                                         34
       0.409 |                                         31
       0.417 |                                         24
       0.424 |                                         19
       0.432 |                                         12
       0.440 |                                         17
       0.448 |                                         10
       0.456 |                                         9
       0.464 |                                         11
       0.473 |                                         6
       0.481 |                                         6
       0.490 |                                         8
       0.499 |                                         4
       0.508 |                                         5
       0.517 |                                         2
       0.527 |                                         5
       0.536 |                                         4
       0.546 |                                         2
       0.556 |                                         1
       0.587 |                                         2
       0.597 |                                         1
       0.608 |                                         1
       0.630 |                                         1
       0.654 |                                         2
       0.690 |                                         1
       0.715 |                                         2
       0.872 |                                         1
       1.007 |                                         1
       1.857 |                                         1
 
SQL statistics:
    queries performed:
        read:                            59900
        write:                           0
        other:                           0
        total:                           59900
    transactions:                        59900  (2992.45 per sec.)
    queries:                             59900  (2992.45 per sec.)
    ignored errors:                      0      (0.00 per sec.)
    reconnects:                          0      (0.00 per sec.)

General statistics:
    total time:                          20.0167s
    total number of events:              59900

Latency (ms):
         min:                                    0.12
         avg:                                    0.20
         max:                                    1.85
         95th percentile:                        0.28
         sum:                                12216.09

Threads fairness:
    events (avg/stddev):           1871.8750/15.64
    execution time (avg/stddev):   0.3818/0.00


