sysbench 1.0.20 (using system LuaJIT 2.1.0-beta3)

Running the test with following options:
Number of threads: 32
Target transaction rate: 3000/sec
Initializing random number generator from current time


Initializing worker threads...

Threads started!

Latency histogram (values are in milliseconds)
       value  ------------- distribution ------------- count
       0.118 |                                         1
       0.120 |                                         1
       0.125 |                                         1
       0.127 |                                         1
       0.129 |                                         3
       0.132 |                                         3
       0.134 |                                         15
       0.136 |                                         26
       0.139 |*                                        61
       0.141 |*                                        120
       0.144 |**                                       179
       0.147 |***                                      278
       0.149 |****                                     363
       0.152 |******                                   601
       0.155 |*********                                852
       0.158 |************                             1150
       0.160 |**************                           1320
       0.163 |***************                          1464
       0.166 |****************                         1539
       0.169 |*****************                        1622
       0.172 |******************                       1754
       0.176 |*******************                      1857
       0.179 |*********************                    1996
       0.182 |*********************                    2000
       0.185 |*************************                2421
       0.189 |*******************************          2927
       0.192 |**************************************   3603
       0.196 |**************************************** 3817
       0.199 |*************************************    3490
       0.203 |******************************           2887
       0.206 |*************************                2371
       0.210 |********************                     1949
       0.214 |*****************                        1626
       0.218 |**************                           1307
       0.222 |************                             1129
       0.226 |*********                                884
       0.230 |********                                 768
       0.234 |******                                   588
       0.238 |*****                                    470
       0.243 |****                                     368
       0.247 |***                                      306
       0.252 |**                                       224
       0.256 |***                                      251
       0.261 |**                                       182
       0.266 |**                                       192
       0.270 |**                                       164
       0.275 |*                                        137
       0.280 |*                                        115
       0.285 |*                                        125
       0.291 |*                                        107
       0.296 |*                                        129
       0.301 |*                                        117
       0.307 |*                                        130
       0.312 |*                                        121
       0.318 |*                                        137
       0.324 |**                                       177
       0.330 |**                                       192
       0.336 |**                                       203
       0.342 |***                                      253
       0.348 |***                                      290
       0.354 |****                                     366
       0.361 |****                                     427
       0.367 |*****                                    455
       0.374 |*****                                    475
       0.381 |*****                                    503
       0.388 |*****                                    439
       0.395 |*****                                    437
       0.402 |*****                                    485
       0.409 |*****                                    472
       0.417 |*****                                    451
       0.424 |****                                     420
       0.432 |****                                     417
       0.440 |****                                     400
       0.448 |***                                      313
       0.456 |***                                      296
       0.464 |***                                      256
       0.473 |**                                       198
       0.481 |**                                       175
       0.490 |*                                        140
       0.499 |*                                        129
       0.508 |*                                        114
       0.517 |*                                        80
       0.527 |*                                        87
       0.536 |*                                        64
       0.546 |*                                        50
       0.556 |*                                        58
       0.566 |                                         45
       0.576 |                                         36
       0.587 |                                         32
       0.597 |                                         46
       0.608 |                                         28
       0.619 |                                         22
       0.630 |                                         19
       0.642 |                                         17
       0.654 |                                         19
       0.665 |                                         18
       0.677 |                                         14
       0.690 |                                         12
       0.702 |                                         11
       0.715 |                                         8
       0.728 |                                         7
       0.741 |                                         10
       0.755 |                                         8
       0.768 |                                         13
       0.782 |                                         8
       0.797 |                                         4
       0.811 |                                         10
       0.826 |                                         5
       0.841 |                                         3
       0.856 |                                         6
       0.872 |                                         4
       0.888 |                                         2
       0.904 |                                         4
       0.920 |                                         5
       0.937 |                                         5
       0.971 |                                         2
       0.989 |                                         1
       1.007 |                                         3
       1.025 |                                         2
       1.044 |                                         4
       1.063 |                                         2
       1.082 |                                         3
       1.102 |                                         2
       1.122 |                                         4
       1.142 |                                         3
       1.163 |                                         6
       1.184 |                                         1
       1.205 |                                         1
       1.227 |                                         5
       1.250 |                                         2
       1.272 |                                         4
       1.295 |                                         7
       1.319 |                                         3
       1.343 |                                         3
       1.367 |                                         1
       1.392 |                                         3
       1.417 |                                         4
       1.443 |                                         1
       1.469 |                                         5
       1.496 |                                         2
       1.523 |                                         6
       1.551 |                                         5
       1.579 |                                         3
       1.608 |                                         7
       1.637 |                                         2
       1.667 |                                         2
       1.697 |                                         2
       1.728 |                                         2
       1.759 |                                         5
       1.791 |                                         1
       1.824 |                                         4
       1.925 |                                         3
       1.960 |                                         5
       1.996 |                                         2
       2.032 |                                         2
       2.069 |                                         3
       2.106 |                                         5
       2.145 |                                         1
       2.184 |                                         3
       2.223 |                                         3
       2.264 |                                         2
       2.347 |                                         1
       2.389 |                                         1
       2.433 |                                         4
       2.477 |                                         1
       2.522 |                                         1
       2.568 |                                         4
       2.615 |                                         1
       2.662 |                                         1
       2.710 |                                         5
       2.760 |                                         1
       2.861 |                                         3
       2.913 |                                         3
       3.020 |                                         2
       3.187 |                                         3
       3.488 |                                         1
       3.551 |                                         1
       3.615 |                                         2
       3.681 |                                         2
       3.748 |                                         5
       3.816 |                                         2
       3.885 |                                         1
       3.956 |                                         1
       4.028 |                                         1
       4.101 |                                         1
       4.176 |                                         1
       4.252 |                                         2
       4.329 |                                         2
       4.487 |                                         4
       4.569 |                                         1
       4.652 |                                         5
       4.823 |                                         2
       4.910 |                                         1
       4.999 |                                         1
       5.183 |                                         2
       5.277 |                                         2
       5.373 |                                         1
       5.470 |                                         1
       5.570 |                                         2
       5.671 |                                         1
       5.879 |                                         1
       6.095 |                                         2
       6.433 |                                         1
       6.550 |                                         2
       6.790 |                                         1
       7.167 |                                         1
       7.985 |                                         1
       8.277 |                                         1
       8.428 |                                         1
       8.581 |                                         2
       9.057 |                                         1
      10.274 |                                         2
      10.460 |                                         1
      11.866 |                                         2
      12.984 |                                         1
      14.207 |                                         1
      16.706 |                                         1
      17.010 |                                         1
      17.633 |                                         1
      18.280 |                                         1
      18.612 |                                         1
 
SQL statistics:
    queries performed:
        read:                            59736
        write:                           0
        other:                           0
        total:                           59736
    transactions:                        59736  (2984.22 per sec.)
    queries:                             59736  (2984.22 per sec.)
    ignored errors:                      0      (0.00 per sec.)
    reconnects:                          0      (0.00 per sec.)

General statistics:
    total time:                          20.0169s
    total number of events:              59736

Latency (ms):
         min:                                    0.12
         avg:                                    0.24
         max:                                   18.76
         95th percentile:                        0.44
         sum:                                14417.55

Threads fairness:
    events (avg/stddev):           1866.7500/13.77
    execution time (avg/stddev):   0.4505/0.01


