sysbench 1.0.20 (using system LuaJIT 2.1.0-beta3)

Running the test with following options:
Number of threads: 32
Target transaction rate: 300/sec
Initializing random number generator from current time


Initializing worker threads...

Threads started!

Latency histogram (values are in milliseconds)
       value  ------------- distribution ------------- count
       2.184 |                                         5
       2.223 |*                                        16
       2.264 |***                                      38
       2.305 |******                                   75
       2.347 |********                                 104
       2.389 |**********                               131
       2.433 |***********                              151
       2.477 |************                             160
       2.522 |***************                          199
       2.568 |**************                           191
       2.615 |**************                           188
       2.662 |*************                            174
       2.710 |*****************                        224
       2.760 |******************                       241
       2.810 |*************************                333
       2.861 |*************************                333
       2.913 |*******************************          421
       2.966 |************************************     488
       3.020 |***************************************  526
       3.075 |**************************************** 538
       3.130 |*************************************    493
       3.187 |***************************************  522
       3.245 |*********************************        444
       3.304 |*******************************          417
       3.364 |***************************              358
       3.425 |**********************                   301
       3.488 |*****************                        227
       3.551 |***************                          206
       3.615 |***********                              143
       3.681 |***********                              142
       3.748 |*********                                115
       3.816 |*******                                  91
       3.885 |*******                                  94
       3.956 |******                                   77
       4.028 |*****                                    67
       4.101 |*****                                    61
       4.176 |*****                                    64
       4.252 |****                                     52
       4.329 |***                                      45
       4.407 |***                                      46
       4.487 |***                                      39
       4.569 |***                                      38
       4.652 |***                                      40
       4.737 |***                                      36
       4.823 |**                                       32
       4.910 |**                                       28
       4.999 |*                                        17
       5.090 |**                                       23
       5.183 |**                                       27
       5.277 |**                                       23
       5.373 |***                                      34
       5.470 |*                                        20
       5.570 |**                                       25
       5.671 |*                                        16
       5.774 |*                                        19
       5.879 |*                                        16
       5.986 |*                                        14
       6.095 |*                                        13
       6.205 |*                                        16
       6.318 |*                                        17
       6.433 |*                                        12
       6.550 |*                                        13
       6.669 |*                                        9
       6.790 |                                         5
       6.913 |*                                        11
       7.039 |*                                        12
       7.167 |*                                        12
       7.297 |*                                        8
       7.430 |                                         2
       7.565 |                                         5
       7.702 |                                         5
       7.842 |                                         3
       7.985 |                                         4
       8.130 |                                         3
       8.277 |                                         2
       8.581 |                                         2
       8.737 |                                         5
       9.057 |                                         1
       9.389 |                                         1
       9.560 |                                         1
       9.734 |                                         1
       9.910 |                                         1
      10.090 |                                         1
      10.460 |                                         1
 
SQL statistics:
    queries performed:
        read:                            127596
        write:                           0
        other:                           18228
        total:                           145824
    transactions:                        9114   (303.62 per sec.)
    queries:                             145824 (4857.85 per sec.)
    ignored errors:                      0      (0.00 per sec.)
    reconnects:                          0      (0.00 per sec.)

General statistics:
    total time:                          30.0178s
    total number of events:              9114

Latency (ms):
         min:                                    2.17
         avg:                                    3.27
         max:                                   10.42
         95th percentile:                        4.82
         sum:                                29766.20

Threads fairness:
    events (avg/stddev):           284.8125/1.84
    execution time (avg/stddev):   0.9302/0.01


