sysbench 1.0.20 (using system LuaJIT 2.1.0-beta3)

Running the test with following options:
Number of threads: 32
Target transaction rate: 1000/sec
Initializing random number generator from current time


Initializing worker threads...

Threads started!

Latency histogram (values are in milliseconds)
       value  ------------- distribution ------------- count
       0.499 |                                         2
       0.508 |                                         1
       0.517 |                                         3
       0.527 |*                                        11
       0.536 |**                                       23
       0.546 |***                                      37
       0.556 |****                                     53
       0.566 |******                                   85
       0.576 |*******                                  100
       0.587 |*******                                  104
       0.597 |********                                 116
       0.608 |********                                 119
       0.619 |**********                               140
       0.630 |**************                           210
       0.642 |***************                          220
       0.654 |******************                       258
       0.665 |********************                     289
       0.677 |***********************                  336
       0.690 |**************************               373
       0.702 |******************************           443
       0.715 |****************************             409
       0.728 |******************************           431
       0.741 |*********************************        478
       0.755 |************************************     525
       0.768 |*************************************    542
       0.782 |*************************************    540
       0.797 |**************************************** 584
       0.811 |*************************************    545
       0.826 |*************************************    544
       0.841 |**************************************** 584
       0.856 |**************************************   558
       0.872 |************************************     521
       0.888 |*************************************    535
       0.904 |**************************************   559
       0.920 |*************************************    542
       0.937 |*************************************    539
       0.954 |*********************************        483
       0.971 |*********************************        483
       0.989 |******************************           438
       1.007 |******************************           441
       1.025 |****************************             404
       1.044 |*************************                364
       1.063 |***************************              388
       1.082 |************************                 355
       1.102 |************************                 346
       1.122 |*******************                      281
       1.142 |*******************                      275
       1.163 |*******************                      279
       1.184 |******************                       262
       1.205 |**************                           200
       1.227 |***************                          215
       1.250 |**************                           201
       1.272 |************                             178
       1.295 |************                             171
       1.319 |***********                              161
       1.343 |************                             175
       1.367 |**********                               143
       1.392 |********                                 124
       1.417 |*********                                132
       1.443 |********                                 121
       1.469 |********                                 112
       1.496 |*********                                127
       1.523 |*******                                  105
       1.551 |*****                                    73
       1.579 |*******                                  98
       1.608 |******                                   85
       1.637 |******                                   92
       1.667 |*****                                    66
       1.697 |*****                                    72
       1.728 |****                                     62
       1.759 |****                                     56
       1.791 |****                                     64
       1.824 |***                                      49
       1.857 |****                                     52
       1.891 |***                                      38
       1.925 |***                                      42
       1.960 |***                                      39
       1.996 |**                                       33
       2.032 |**                                       29
       2.069 |***                                      44
       2.106 |**                                       34
       2.145 |**                                       22
       2.184 |**                                       30
       2.223 |*                                        21
       2.264 |**                                       31
       2.305 |**                                       22
       2.347 |**                                       23
       2.389 |**                                       25
       2.433 |**                                       23
       2.477 |**                                       26
       2.522 |*                                        20
       2.568 |*                                        19
       2.615 |**                                       26
       2.662 |*                                        19
       2.710 |**                                       23
       2.760 |*                                        19
       2.810 |*                                        21
       2.861 |*                                        19
       2.913 |*                                        11
       2.966 |**                                       28
       3.020 |*                                        17
       3.075 |*                                        10
       3.130 |*                                        16
       3.187 |*                                        10
       3.245 |*                                        20
       3.304 |*                                        12
       3.364 |*                                        10
       3.425 |*                                        20
       3.488 |*                                        9
       3.551 |*                                        10
       3.615 |                                         6
       3.681 |*                                        13
       3.748 |*                                        16
       3.816 |                                         7
       3.885 |                                         6
       3.956 |                                         7
       4.028 |*                                        8
       4.101 |                                         7
       4.176 |                                         7
       4.252 |                                         6
       4.329 |                                         4
       4.407 |                                         4
       4.487 |*                                        8
       4.569 |                                         3
       4.652 |                                         3
       4.737 |                                         5
       4.823 |                                         2
       4.910 |                                         5
       5.090 |                                         6
       5.183 |                                         2
       5.277 |                                         1
       5.373 |                                         6
       5.470 |                                         1
       5.570 |                                         1
       5.671 |                                         2
       5.774 |                                         1
       5.879 |                                         3
       5.986 |                                         2
       6.095 |                                         1
       6.205 |                                         1
       6.318 |                                         1
       6.433 |                                         1
       6.550 |                                         1
       6.790 |                                         1
       6.913 |                                         3
       7.039 |                                         5
       7.167 |                                         1
       7.297 |                                         1
       7.430 |                                         1
       7.565 |                                         1
       7.702 |                                         1
       7.842 |                                         1
       7.985 |                                         2
       8.130 |                                         3
       8.277 |                                         4
       8.581 |                                         3
       8.895 |                                         2
       9.057 |                                         1
       9.222 |                                         2
       9.389 |                                         2
       9.560 |                                         4
       9.734 |                                         3
       9.910 |                                         2
      10.274 |                                         5
      10.460 |                                         2
      10.651 |                                         3
      10.844 |                                         4
      11.041 |                                         1
      11.242 |                                         1
      11.446 |                                         1
      11.654 |                                         2
      11.866 |                                         2
      12.081 |                                         1
      12.524 |                                         1
      12.752 |                                         3
      13.219 |                                         2
      13.460 |                                         1
      13.704 |                                         1
      13.953 |                                         4
      14.207 |                                         3
      14.465 |                                         3
      14.728 |                                         1
      14.995 |                                         1
      15.545 |                                         2
      16.115 |                                         2
      16.408 |                                         2
      16.706 |                                         3
      17.319 |                                         1
      17.633 |                                         1
      18.280 |                                         1
      18.612 |                                         1
      19.295 |                                         1
      20.002 |                                         1
      20.366 |                                         2
      21.112 |                                         1
 
SQL statistics:
    queries performed:
        read:                            0
        write:                           20163
        other:                           0
        total:                           20163
    transactions:                        20163  (1007.25 per sec.)
    queries:                             20163  (1007.25 per sec.)
    ignored errors:                      0      (0.00 per sec.)
    reconnects:                          0      (0.00 per sec.)

General statistics:
    total time:                          20.0175s
    total number of events:              20163

Latency (ms):
         min:                                    0.50
         avg:                                    1.09
         max:                                   21.15
         95th percentile:                        1.93
         sum:                                21958.42

Threads fairness:
    events (avg/stddev):           630.0938/4.81
    execution time (avg/stddev):   0.6862/0.02


