sysbench 1.0.20 (using system LuaJIT 2.1.0-beta3)

Running the test with following options:
Number of threads: 32
Target transaction rate: 3000/sec
Initializing random number generator from current time


Initializing worker threads...

Threads started!

Latency histogram (values are in milliseconds)
       value  ------------- distribution ------------- count
       0.118 |                                         1
       0.120 |                                         1
       0.122 |                                         1
       0.125 |                                         6
       0.127 |                                         17
       0.129 |                                         32
       0.132 |*                                        56
       0.134 |**                                       157
       0.136 |***                                      293
       0.139 |*****                                    514
       0.141 |********                                 796
       0.144 |***********                              1108
       0.147 |************                             1183
       0.149 |**************                           1398
       0.152 |****************                         1619
       0.155 |*****************                        1710
       0.158 |******************                       1815
       0.160 |******************                       1818
       0.163 |***************                          1507
       0.166 |**************                           1422
       0.169 |****************                         1623
       0.172 |************************                 2341
       0.176 |**********************************       3348
       0.179 |**************************************   3735
       0.182 |**************************************** 3980
       0.185 |***********************************      3484
       0.189 |****************************             2791
       0.192 |************************                 2349
       0.196 |*******************                      1937
       0.199 |**************                           1433
       0.203 |***********                              1129
       0.206 |*********                                897
       0.210 |********                                 783
       0.214 |******                                   598
       0.218 |*****                                    520
       0.222 |****                                     418
       0.226 |****                                     382
       0.230 |***                                      298
       0.234 |***                                      270
       0.238 |**                                       216
       0.243 |**                                       246
       0.247 |**                                       203
       0.252 |*                                        140
       0.256 |*                                        143
       0.261 |*                                        122
       0.266 |*                                        132
       0.270 |*                                        117
       0.275 |*                                        99
       0.280 |*                                        103
       0.285 |*                                        112
       0.291 |*                                        117
       0.296 |*                                        110
       0.301 |*                                        106
       0.307 |*                                        111
       0.312 |*                                        127
       0.318 |*                                        118
       0.324 |**                                       156
       0.330 |**                                       171
       0.336 |**                                       221
       0.342 |***                                      262
       0.348 |****                                     352
       0.354 |****                                     414
       0.361 |*****                                    535
       0.367 |******                                   566
       0.374 |******                                   587
       0.381 |******                                   606
       0.388 |*******                                  697
       0.395 |*******                                  653
       0.402 |******                                   610
       0.409 |******                                   614
       0.417 |*****                                    512
       0.424 |****                                     408
       0.432 |***                                      292
       0.440 |**                                       243
       0.448 |**                                       242
       0.456 |**                                       174
       0.464 |**                                       156
       0.473 |*                                        130
       0.481 |*                                        117
       0.490 |*                                        89
       0.499 |*                                        91
       0.508 |*                                        76
       0.517 |*                                        74
       0.527 |*                                        50
       0.536 |                                         44
       0.546 |                                         37
       0.556 |                                         35
       0.566 |                                         42
       0.576 |                                         31
       0.587 |                                         29
       0.597 |                                         26
       0.608 |                                         23
       0.619 |                                         18
       0.630 |                                         30
       0.642 |                                         11
       0.654 |                                         14
       0.665 |                                         7
       0.677 |                                         13
       0.690 |                                         8
       0.702 |                                         14
       0.715 |                                         10
       0.728 |                                         9
       0.741 |                                         7
       0.755 |                                         6
       0.768 |                                         7
       0.782 |                                         4
       0.797 |                                         4
       0.811 |                                         5
       0.826 |                                         2
       0.841 |                                         1
       0.856 |                                         2
       0.872 |                                         2
       0.888 |                                         2
       0.904 |                                         4
       0.920 |                                         5
       0.937 |                                         3
       0.954 |                                         2
       0.971 |                                         1
       0.989 |                                         2
       1.007 |                                         3
       1.025 |                                         6
       1.044 |                                         3
       1.063 |                                         3
       1.082 |                                         3
       1.122 |                                         3
       1.142 |                                         1
       1.184 |                                         1
       1.205 |                                         3
       1.227 |                                         1
       1.250 |                                         3
       1.272 |                                         2
       1.295 |                                         2
       1.343 |                                         2
       1.367 |                                         3
       1.417 |                                         2
       1.469 |                                         3
       1.496 |                                         2
       1.523 |                                         2
       1.579 |                                         3
       1.637 |                                         3
       1.667 |                                         2
       1.697 |                                         1
       1.728 |                                         1
       1.759 |                                         1
       1.791 |                                         2
       1.824 |                                         2
       1.857 |                                         1
       1.925 |                                         2
       2.145 |                                         1
       2.184 |                                         1
       2.264 |                                         1
       2.305 |                                         2
       2.347 |                                         4
       2.389 |                                         1
       2.433 |                                         2
       2.477 |                                         1
       2.522 |                                         1
       2.568 |                                         1
       2.615 |                                         2
       2.710 |                                         1
       2.760 |                                         1
       2.913 |                                         1
       3.020 |                                         1
       3.075 |                                         1
       3.130 |                                         1
       3.304 |                                         1
       3.615 |                                         1
       3.681 |                                         1
       3.816 |                                         1
 
SQL statistics:
    queries performed:
        read:                            59743
        write:                           0
        other:                           0
        total:                           59743
    transactions:                        59743  (2984.81 per sec.)
    queries:                             59743  (2984.81 per sec.)
    ignored errors:                      0      (0.00 per sec.)
    reconnects:                          0      (0.00 per sec.)

General statistics:
    total time:                          20.0153s
    total number of events:              59743

Latency (ms):
         min:                                    0.12
         avg:                                    0.22
         max:                                    3.84
         95th percentile:                        0.42
         sum:                                13134.19

Threads fairness:
    events (avg/stddev):           1866.9688/12.56
    execution time (avg/stddev):   0.4104/0.01


