sysbench 1.0.20 (using system LuaJIT 2.1.0-beta3)

Running the test with following options:
Number of threads: 32
Target transaction rate: 3000/sec
Initializing random number generator from current time


Initializing worker threads...

Threads started!

Latency histogram (values are in milliseconds)
       value  ------------- distribution ------------- count
       0.116 |                                         3
       0.118 |                                         4
       0.120 |                                         2
       0.122 |                                         5
       0.125 |                                         13
       0.127 |                                         23
       0.129 |                                         35
       0.132 |                                         55
       0.134 |*                                        113
       0.136 |**                                       263
       0.139 |*****                                    524
       0.141 |********                                 885
       0.144 |***********                              1246
       0.147 |************                             1387
       0.149 |*************                            1509
       0.152 |****************                         1826
       0.155 |*****************                        1988
       0.158 |*******************                      2156
       0.160 |*******************                      2215
       0.163 |****************                         1874
       0.166 |***************                          1727
       0.169 |****************                         1815
       0.172 |********************                     2310
       0.176 |******************************           3478
       0.179 |**************************************   4292
       0.182 |**************************************** 4570
       0.185 |***************************************  4423
       0.189 |*********************************        3783
       0.192 |****************************             3245
       0.196 |***********************                  2676
       0.199 |******************                       2104
       0.203 |**************                           1557
       0.206 |***********                              1292
       0.210 |*********                                993
       0.214 |*******                                  796
       0.218 |*****                                    620
       0.222 |****                                     474
       0.226 |***                                      381
       0.230 |***                                      362
       0.234 |***                                      312
       0.238 |**                                       259
       0.243 |**                                       248
       0.247 |**                                       203
       0.252 |**                                       174
       0.256 |*                                        138
       0.261 |*                                        120
       0.266 |*                                        121
       0.270 |*                                        133
       0.275 |*                                        135
       0.280 |*                                        141
       0.285 |*                                        130
       0.291 |*                                        118
       0.296 |*                                        120
       0.301 |*                                        106
       0.307 |*                                        107
       0.312 |*                                        109
       0.318 |*                                        93
       0.324 |*                                        74
       0.330 |*                                        72
       0.336 |*                                        77
       0.342 |*                                        68
       0.348 |                                         36
       0.354 |                                         33
       0.361 |                                         23
       0.367 |                                         20
       0.374 |                                         18
       0.381 |                                         11
       0.388 |                                         7
       0.395 |                                         11
       0.402 |                                         3
       0.409 |                                         6
       0.417 |                                         7
       0.424 |                                         6
       0.432 |                                         5
       0.440 |                                         3
       0.448 |                                         1
       0.456 |                                         3
       0.481 |                                         1
       0.490 |                                         3
       0.508 |                                         1
       0.517 |                                         2
       0.546 |                                         1
       0.566 |                                         1
       0.576 |                                         2
       0.587 |                                         1
       0.654 |                                         1
       0.665 |                                         1
       0.755 |                                         1
       0.782 |                                         1
       0.872 |                                         2
       1.122 |                                         2
       1.142 |                                         2
       1.469 |                                         1
       1.523 |                                         1
       1.667 |                                         1
       1.891 |                                         1
       1.960 |                                         1
       2.032 |                                         1
       2.069 |                                         1
       2.305 |                                         1
       3.364 |                                         1
       3.425 |                                         1
       3.748 |                                         1
       4.407 |                                         1
       4.737 |                                         1
       4.910 |                                         1
       5.570 |                                         1
       7.167 |                                         1
       7.842 |                                         1
       8.277 |                                         1
       8.428 |                                         2
       9.560 |                                         1
       9.734 |                                         1
      11.242 |                                         1
      12.752 |                                         1
      14.207 |                                         1
 
SQL statistics:
    queries performed:
        read:                            60322
        write:                           0
        other:                           0
        total:                           60322
    transactions:                        60322  (3013.96 per sec.)
    queries:                             60322  (3013.96 per sec.)
    ignored errors:                      0      (0.00 per sec.)
    reconnects:                          0      (0.00 per sec.)

General statistics:
    total time:                          20.0138s
    total number of events:              60322

Latency (ms):
         min:                                    0.12
         avg:                                    0.19
         max:                                   14.15
         95th percentile:                        0.23
         sum:                                11196.00

Threads fairness:
    events (avg/stddev):           1885.0625/15.49
    execution time (avg/stddev):   0.3499/0.01


