sysbench 1.0.20 (using system LuaJIT 2.1.0-beta3)

Running the test with following options:
Number of threads: 32
Target transaction rate: 3000/sec
Initializing random number generator from current time


Initializing worker threads...

Threads started!

Latency histogram (values are in milliseconds)
       value  ------------- distribution ------------- count
       0.059 |                                         1
       0.060 |                                         2
       0.062 |                                         2
       0.063 |                                         4
       0.064 |                                         1
       0.065 |                                         6
       0.066 |                                         10
       0.068 |                                         5
       0.069 |                                         19
       0.070 |                                         23
       0.071 |                                         19
       0.073 |                                         31
       0.074 |                                         39
       0.075 |*                                        46
       0.077 |*                                        56
       0.078 |*                                        123
       0.079 |***                                      247
       0.081 |*****                                    429
       0.082 |********                                 661
       0.084 |***********                              934
       0.085 |**************                           1190
       0.087 |******************                       1454
       0.089 |********************                     1626
       0.090 |***********************                  1919
       0.092 |**************************               2156
       0.093 |*****************************            2346
       0.095 |*******************************          2568
       0.097 |**********************************       2805
       0.099 |***********************************      2875
       0.100 |************************************     2988
       0.102 |**************************************   3148
       0.104 |**************************************** 3289
       0.106 |**************************************   3100
       0.108 |*************************************    3061
       0.110 |************************************     2938
       0.112 |***********************************      2877
       0.114 |*********************************        2680
       0.116 |*********************************        2674
       0.118 |*******************************          2558
       0.120 |******************************           2485
       0.122 |****************************             2332
       0.125 |**************************               2177
       0.127 |*************************                2015
       0.129 |************************                 1933
       0.132 |*********************                    1713
       0.134 |********************                     1639
       0.136 |*******************                      1532
       0.139 |*****************                        1435
       0.141 |****************                         1313
       0.144 |***************                          1255
       0.147 |**************                           1151
       0.149 |************                             998
       0.152 |************                             967
       0.155 |**********                               842
       0.158 |**********                               837
       0.160 |**********                               788
       0.163 |*********                                716
       0.166 |********                                 625
       0.169 |********                                 617
       0.172 |******                                   516
       0.176 |******                                   507
       0.179 |******                                   469
       0.182 |*****                                    416
       0.185 |*****                                    427
       0.189 |*****                                    376
       0.192 |****                                     324
       0.196 |****                                     301
       0.199 |****                                     310
       0.203 |***                                      274
       0.206 |***                                      252
       0.210 |**                                       204
       0.214 |**                                       202
       0.218 |**                                       185
       0.222 |**                                       168
       0.226 |**                                       171
       0.230 |**                                       166
       0.234 |**                                       131
       0.238 |*                                        121
       0.243 |*                                        121
       0.247 |*                                        123
       0.252 |*                                        115
       0.256 |*                                        99
       0.261 |*                                        75
       0.266 |*                                        80
       0.270 |*                                        75
       0.275 |*                                        78
       0.280 |*                                        66
       0.285 |*                                        66
       0.291 |*                                        61
       0.296 |*                                        49
       0.301 |*                                        55
       0.307 |                                         39
       0.312 |*                                        56
       0.318 |*                                        57
       0.324 |*                                        49
       0.330 |*                                        53
       0.336 |*                                        51
       0.342 |*                                        62
       0.348 |*                                        69
       0.354 |*                                        75
       0.361 |*                                        107
       0.367 |*                                        98
       0.374 |*                                        121
       0.381 |*                                        121
       0.388 |*                                        114
       0.395 |*                                        120
       0.402 |*                                        117
       0.409 |**                                       133
       0.417 |*                                        113
       0.424 |*                                        122
       0.432 |*                                        96
       0.440 |*                                        106
       0.448 |*                                        84
       0.456 |*                                        82
       0.464 |*                                        72
       0.473 |*                                        64
       0.481 |*                                        54
       0.490 |*                                        50
       0.499 |*                                        59
       0.508 |*                                        51
       0.517 |*                                        51
       0.527 |*                                        48
       0.536 |*                                        43
       0.546 |                                         41
       0.556 |                                         35
       0.566 |                                         30
       0.576 |                                         36
       0.587 |*                                        48
       0.597 |                                         31
       0.608 |                                         31
       0.619 |                                         33
       0.630 |                                         31
       0.642 |                                         30
       0.654 |                                         32
       0.665 |                                         33
       0.677 |                                         22
       0.690 |                                         32
       0.702 |                                         37
       0.715 |                                         27
       0.728 |                                         30
       0.741 |                                         27
       0.755 |                                         27
       0.768 |                                         25
       0.782 |                                         33
       0.797 |                                         21
       0.811 |                                         23
       0.826 |                                         23
       0.841 |                                         33
       0.856 |                                         31
       0.872 |                                         39
       0.888 |                                         22
       0.904 |                                         25
       0.920 |                                         26
       0.937 |                                         21
       0.954 |                                         29
       0.971 |                                         18
       0.989 |                                         30
       1.007 |                                         23
       1.025 |                                         32
       1.044 |                                         23
       1.063 |                                         26
       1.082 |                                         26
       1.102 |                                         17
       1.122 |                                         25
       1.142 |                                         18
       1.163 |                                         22
       1.184 |                                         29
       1.205 |                                         14
       1.227 |                                         25
       1.250 |                                         28
       1.272 |                                         23
       1.295 |                                         14
       1.319 |                                         15
       1.343 |                                         24
       1.367 |                                         23
       1.392 |                                         17
       1.417 |                                         19
       1.443 |                                         12
       1.469 |                                         17
       1.496 |                                         17
       1.523 |                                         14
       1.551 |                                         18
       1.579 |                                         16
       1.608 |                                         15
       1.637 |                                         14
       1.667 |                                         22
       1.697 |                                         21
       1.728 |                                         16
       1.759 |                                         17
       1.791 |                                         21
       1.824 |                                         10
       1.857 |                                         20
       1.891 |                                         19
       1.925 |                                         20
       1.960 |                                         20
       1.996 |                                         27
       2.032 |                                         22
       2.069 |                                         17
       2.106 |                                         4
       2.145 |                                         16
       2.184 |                                         12
       2.223 |                                         20
       2.264 |                                         13
       2.305 |                                         14
       2.347 |                                         13
       2.389 |                                         9
       2.433 |                                         9
       2.477 |                                         8
       2.522 |                                         13
       2.568 |                                         8
       2.615 |                                         14
       2.662 |                                         12
       2.710 |                                         11
       2.760 |                                         10
       2.810 |                                         9
       2.861 |                                         15
       2.913 |                                         18
       2.966 |                                         21
       3.020 |                                         7
       3.075 |                                         11
       3.130 |                                         24
       3.187 |                                         12
       3.245 |                                         11
       3.304 |                                         8
       3.364 |                                         9
       3.425 |                                         8
       3.488 |                                         7
       3.551 |                                         8
       3.615 |                                         9
       3.681 |                                         6
       3.748 |                                         15
       3.816 |                                         7
       3.885 |                                         14
       3.956 |                                         7
       4.028 |                                         10
       4.101 |                                         8
       4.176 |                                         9
       4.252 |                                         5
       4.329 |                                         8
       4.407 |                                         6
       4.487 |                                         10
       4.569 |                                         7
       4.652 |                                         7
       4.737 |                                         8
       4.823 |                                         4
       4.910 |                                         5
       4.999 |                                         3
       5.090 |                                         10
       5.183 |                                         6
       5.277 |                                         6
       5.373 |                                         4
       5.470 |                                         1
       5.570 |                                         4
       5.671 |                                         3
       5.774 |                                         3
       5.879 |                                         3
       5.986 |                                         3
       6.095 |                                         4
       6.205 |                                         2
       6.318 |                                         3
       6.433 |                                         3
       6.550 |                                         3
       6.669 |                                         1
       6.790 |                                         6
       6.913 |                                         4
       7.297 |                                         1
       7.565 |                                         1
       7.842 |                                         5
       8.277 |                                         1
       9.057 |                                         2
       9.560 |                                         1
      10.090 |                                         1
      10.274 |                                         1
      10.460 |                                         1
      11.041 |                                         1
      24.384 |                                         1
      27.165 |                                         1
      28.673 |                                         1
      31.375 |                                         1
      37.565 |                                         2
      56.839 |                                         1
      68.053 |                                         1
      71.830 |                                         1
      74.464 |                                         1
 
SQL statistics:
    queries performed:
        read:                            89826
        write:                           0
        other:                           0
        total:                           89826
    transactions:                        89826  (2992.45 per sec.)
    queries:                             89826  (2992.45 per sec.)
    ignored errors:                      0      (0.00 per sec.)
    reconnects:                          0      (0.00 per sec.)

General statistics:
    total time:                          30.0163s
    total number of events:              89826

Latency (ms):
         min:                                    0.06
         avg:                                    0.18
         max:                                   75.13
         95th percentile:                        0.35
         sum:                                15830.38

Threads fairness:
    events (avg/stddev):           2807.0625/17.12
    execution time (avg/stddev):   0.4947/0.02


