3006:C 07 Oct 2026 23:51:53.909 # oO0OoO0OoO0Oo Redis is starting oO0OoO0OoO0Oo
3006:C 07 Oct 2026 23:51:53.909 # Redis version=7.0.15, bits=64, commit=00000000, modified=0, pid=3006, just started
3006:C 07 Oct 2026 23:51:53.909 # Configuration loaded
3006:M 07 Oct 2026 23:51:53.910 * monotonic clock: POSIX clock_gettime
3006:M 07 Oct 2026 23:51:53.910 * Running mode=standalone, port=6390.
3006:M 07 Oct 2026 23:51:53.910 # Server initialized
3006:M 07 Oct 2026 23:51:53.910 # WARNING Memory overcommit must be enabled! Without it, a background save or replication may fail under low memory condition. Being disabled, it can can also cause failures without low memory condition, see https://github.com/jemalloc/jemalloc/issues/1328. To fix this issue add 'vm.overcommit_memory = 1' to /etc/sysctl.conf and then reboot or run the command 'sysctl vm.overcommit_memory=1' for this to take effect.
3006:M 07 Oct 2026 23:51:53.911 * Ready to accept connections
3006:M 07 Oct 2026 23:57:01.376 # WARNING: the new maxmemory value set via CONFIG SET (25165824) is smaller than the current memory usage (27576352). This will result in key eviction and/or the inability to accept new write commands depending on the maxmemory-policy.
3006:M 07 Oct 2026 23:58:14.386 # WARNING: the new maxmemory value set via CONFIG SET (109051904) is smaller than the current memory usage (112013000). This will result in key eviction and/or the inability to accept new write commands depending on the maxmemory-policy.
3006:M 08 Oct 2026 00:00:39.412 # WARNING: the new maxmemory value set via CONFIG SET (335544320) is smaller than the current memory usage (343785880). This will result in key eviction and/or the inability to accept new write commands depending on the maxmemory-policy.
3006:M 08 Oct 2026 00:00:51.414 # WARNING: the new maxmemory value set via CONFIG SET (335544320) is smaller than the current memory usage (339777376). This will result in key eviction and/or the inability to accept new write commands depending on the maxmemory-policy.
3006:M 08 Oct 2026 00:01:21.417 # WARNING: the new maxmemory value set via CONFIG SET (343932928) is smaller than the current memory usage (348760984). This will result in key eviction and/or the inability to accept new write commands depending on the maxmemory-policy.
3006:M 08 Oct 2026 00:01:53.420 # WARNING: the new maxmemory value set via CONFIG SET (335544320) is smaller than the current memory usage (343932768). This will result in key eviction and/or the inability to accept new write commands depending on the maxmemory-policy.
3006:M 08 Oct 2026 00:01:57.418 # WARNING: the new maxmemory value set via CONFIG SET (67108864) is smaller than the current memory usage (335515872). This will result in key eviction and/or the inability to accept new write commands depending on the maxmemory-policy.
3006:M 08 Oct 2026 00:02:03.583 # WARNING: the new maxmemory value set via CONFIG SET (25165824) is smaller than the current memory usage (27650232). This will result in key eviction and/or the inability to accept new write commands depending on the maxmemory-policy.
3006:M 08 Oct 2026 00:03:15.594 # WARNING: the new maxmemory value set via CONFIG SET (109051904) is smaller than the current memory usage (111059152). This will result in key eviction and/or the inability to accept new write commands depending on the maxmemory-policy.
3006:M 08 Oct 2026 00:05:43.630 # WARNING: the new maxmemory value set via CONFIG SET (343932928) is smaller than the current memory usage (344905800). This will result in key eviction and/or the inability to accept new write commands depending on the maxmemory-policy.
3006:M 08 Oct 2026 00:06:20.633 # WARNING: the new maxmemory value set via CONFIG SET (352321536) is smaller than the current memory usage (353556624). This will result in key eviction and/or the inability to accept new write commands depending on the maxmemory-policy.
3006:M 08 Oct 2026 00:06:59.636 # WARNING: the new maxmemory value set via CONFIG SET (67108864) is smaller than the current memory usage (352320776). This will result in key eviction and/or the inability to accept new write commands depending on the maxmemory-policy.
3006:M 08 Oct 2026 00:17:07.401 # WARNING: the new maxmemory value set via CONFIG SET (25165824) is smaller than the current memory usage (27561920). This will result in key eviction and/or the inability to accept new write commands depending on the maxmemory-policy.
3006:M 08 Oct 2026 00:17:13.401 # WARNING: the new maxmemory value set via CONFIG SET (25165824) is smaller than the current memory usage (26256528). This will result in key eviction and/or the inability to accept new write commands depending on the maxmemory-policy.
3006:M 08 Oct 2026 00:18:21.416 # WARNING: the new maxmemory value set via CONFIG SET (109051904) is smaller than the current memory usage (111651768). This will result in key eviction and/or the inability to accept new write commands depending on the maxmemory-policy.
3006:M 08 Oct 2026 00:20:40.441 # WARNING: the new maxmemory value set via CONFIG SET (335544320) is smaller than the current memory usage (342358968). This will result in key eviction and/or the inability to accept new write commands depending on the maxmemory-policy.
3006:M 08 Oct 2026 00:20:55.444 # WARNING: the new maxmemory value set via CONFIG SET (335544320) is smaller than the current memory usage (340514720). This will result in key eviction and/or the inability to accept new write commands depending on the maxmemory-policy.
3006:M 08 Oct 2026 00:21:26.446 # WARNING: the new maxmemory value set via CONFIG SET (343932928) is smaller than the current memory usage (348528992). This will result in key eviction and/or the inability to accept new write commands depending on the maxmemory-policy.
3006:M 08 Oct 2026 00:21:29.448 # WARNING: the new maxmemory value set via CONFIG SET (335544320) is smaller than the current memory usage (343267224). This will result in key eviction and/or the inability to accept new write commands depending on the maxmemory-policy.
3006:M 08 Oct 2026 00:22:04.451 # WARNING: the new maxmemory value set via CONFIG SET (67108864) is smaller than the current memory usage (335527720). This will result in key eviction and/or the inability to accept new write commands depending on the maxmemory-policy.
