sysbench 1.0.20 (using system LuaJIT 2.1.0-beta3)

Running the test with following options:
Number of threads: 32
Target transaction rate: 300/sec
Initializing random number generator from current time


Initializing worker threads...

Threads started!

Latency histogram (values are in milliseconds)
       value  ------------- distribution ------------- count
       0.872 |                                         1
       0.888 |*                                        2
       0.904 |**                                       5
       0.920 |******                                   17
       0.937 |*******                                  21
       0.954 |***********                              31
       0.971 |********                                 23
       0.989 |*********                                27
       1.007 |********                                 24
       1.025 |*******                                  21
       1.044 |**********                               30
       1.063 |***************                          44
       1.082 |***********                              33
       1.102 |******************                       53
       1.122 |************************                 71
       1.142 |*********************                    61
       1.163 |************************                 71
       1.184 |***********************                  67
       1.205 |*****************                        49
       1.227 |*************************                73
       1.250 |*************************                72
       1.272 |*********************************        96
       1.295 |******************************           89
       1.319 |*********************************        97
       1.343 |********************************         94
       1.367 |******************************           87
       1.392 |*******************************          92
       1.417 |***************************************  114
       1.443 |*********************************        97
       1.469 |*************************************    108
       1.496 |**************************************   111
       1.523 |***********************************      103
       1.551 |*******************************          90
       1.579 |**************************************   112
       1.608 |**************************************   110
       1.637 |************************************     105
       1.667 |*************************************    109
       1.697 |******************************           89
       1.728 |*************************************    107
       1.759 |*************************************    109
       1.791 |**************************************** 117
       1.824 |*****************************            85
       1.857 |*********************************        97
       1.891 |*****************************            84
       1.925 |*********************************        97
       1.960 |******************************           88
       1.996 |************************************     105
       2.032 |*******************************          90
       2.069 |***************************              79
       2.106 |*****************************            86
       2.145 |*****************************            84
       2.184 |***************************              79
       2.223 |******************************           87
       2.264 |**********************************       100
       2.305 |****************************             83
       2.347 |*************************                72
       2.389 |***************************              78
       2.433 |***********************                  66
       2.477 |*************************                73
       2.522 |****************************             82
       2.568 |**************************               76
       2.615 |************************                 69
       2.662 |************************                 69
       2.710 |***********************                  66
       2.760 |***********************                  68
       2.810 |*********************                    62
       2.861 |*******************                      57
       2.913 |********************                     59
       2.966 |*******************                      57
       3.020 |*******************                      55
       3.075 |*******************                      56
       3.130 |*********************                    60
       3.187 |**************************               77
       3.245 |**********************                   64
       3.304 |********************                     58
       3.364 |*******************                      57
       3.425 |****************                         48
       3.488 |*******************                      56
       3.551 |*********************                    61
       3.615 |*********************                    62
       3.681 |*******************                      57
       3.748 |****************                         48
       3.816 |********************                     59
       3.885 |*****************                        49
       3.956 |**************                           41
       4.028 |***************                          43
       4.101 |************                             36
       4.176 |***********                              31
       4.252 |*******                                  21
       4.329 |********                                 23
       4.407 |**********                               28
       4.487 |********                                 24
       4.569 |***                                      9
       4.652 |***                                      9
       4.737 |**                                       7
       4.823 |*                                        3
       4.910 |*                                        2
       4.999 |*                                        2
       5.183 |*                                        4
       5.373 |                                         1
       5.570 |                                         1
 
SQL statistics:
    queries performed:
        read:                            86548
        write:                           0
        other:                           12364
        total:                           98912
    transactions:                        6182   (308.77 per sec.)
    queries:                             98912  (4940.40 per sec.)
    ignored errors:                      0      (0.00 per sec.)
    reconnects:                          0      (0.00 per sec.)

General statistics:
    total time:                          20.0205s
    total number of events:              6182

Latency (ms):
         min:                                    0.87
         avg:                                    2.14
         max:                                    5.58
         95th percentile:                        3.89
         sum:                                13239.99

Threads fairness:
    events (avg/stddev):           193.1875/1.07
    execution time (avg/stddev):   0.4137/0.01


