sysbench 1.0.20 (using system LuaJIT 2.1.0-beta3)

Running the test with following options:
Number of threads: 32
Target transaction rate: 200/sec
Initializing random number generator from current time


Initializing worker threads...

Threads started!

Latency histogram (values are in milliseconds)
       value  ------------- distribution ------------- count
       3.364 |                                         1
       3.425 |**                                       15
       3.488 |***                                      28
       3.551 |********                                 68
       3.615 |************                             105
       3.681 |****************                         143
       3.748 |*****************                        144
       3.816 |**********************                   188
       3.885 |**********************                   194
       3.956 |**********************                   195
       4.028 |*********************                    186
       4.101 |***************************              230
       4.176 |****************************             242
       4.252 |*************************************    318
       4.329 |***********************************      303
       4.407 |**************************************** 347
       4.487 |***********************************      305
       4.569 |*********************************        287
       4.652 |***********************************      301
       4.737 |*******************************          272
       4.823 |*******************************          265
       4.910 |*************************                218
       4.999 |*************************                217
       5.090 |*********************                    184
       5.183 |**********************                   188
       5.277 |*****************                        146
       5.373 |*****************                        148
       5.470 |************                             103
       5.570 |*********                                80
       5.671 |********                                 72
       5.774 |*******                                  59
       5.879 |*******                                  62
       5.986 |*****                                    44
       6.095 |*****                                    40
       6.205 |***                                      30
       6.318 |**                                       17
       6.433 |**                                       18
       6.550 |***                                      22
       6.669 |**                                       19
       6.790 |**                                       17
       6.913 |*                                        9
       7.039 |**                                       15
       7.167 |*                                        9
       7.297 |*                                        7
       7.430 |*                                        5
       7.565 |*                                        5
       7.702 |*                                        7
       7.842 |*                                        5
       7.985 |*                                        5
       8.130 |                                         3
       8.277 |                                         2
       8.428 |                                         3
       8.581 |                                         3
       8.737 |                                         1
       8.895 |                                         4
       9.057 |                                         1
       9.222 |                                         1
       9.389 |                                         1
       9.560 |                                         1
      10.090 |                                         3
      10.651 |                                         3
      11.041 |                                         1
      11.242 |                                         1
      11.654 |                                         1
      12.752 |                                         1
      13.460 |                                         1
      14.465 |                                         1
      15.828 |                                         1
      16.115 |                                         1
      16.408 |                                         1
      16.706 |                                         1
      18.280 |                                         1
      19.295 |                                         1
      19.645 |                                         1
      20.736 |                                         1
      21.886 |                                         3
      22.689 |                                         1
 
SQL statistics:
    queries performed:
        read:                            83048
        write:                           23728
        other:                           11864
        total:                           118640
    transactions:                        5932   (197.61 per sec.)
    queries:                             118640 (3952.28 per sec.)
    ignored errors:                      0      (0.00 per sec.)
    reconnects:                          0      (0.00 per sec.)

General statistics:
    total time:                          30.0177s
    total number of events:              5932

Latency (ms):
         min:                                    3.36
         avg:                                    4.67
         max:                                   22.62
         95th percentile:                        5.99
         sum:                                27714.34

Threads fairness:
    events (avg/stddev):           185.3750/1.19
    execution time (avg/stddev):   0.8661/0.01


