sysbench 1.0.20 (using system LuaJIT 2.1.0-beta3)

Running the test with following options:
Number of threads: 32
Target transaction rate: 300/sec
Initializing random number generator from current time


Initializing worker threads...

Threads started!

Latency histogram (values are in milliseconds)
       value  ------------- distribution ------------- count
       1.272 |                                         1
       1.295 |                                         3
       1.319 |**                                       25
       1.343 |*******                                  73
       1.367 |************                             127
       1.392 |********************                     216
       1.417 |*****************************            310
       1.443 |****************************             299
       1.469 |***************************              289
       1.496 |*****************************            316
       1.523 |***********************                  250
       1.551 |************************                 259
       1.579 |********************                     212
       1.608 |*****************                        186
       1.637 |******************                       197
       1.667 |*********************                    224
       1.697 |***********************                  254
       1.728 |***************************              291
       1.759 |***************************************  418
       1.791 |*************************************    396
       1.824 |**************************************   408
       1.857 |**************************************** 433
       1.891 |**********************************       372
       1.925 |*****************************            319
       1.960 |******************************           321
       1.996 |***********************                  252
       2.032 |*********************                    222
       2.069 |******************                       191
       2.106 |******************                       198
       2.145 |****************                         169
       2.184 |*************                            145
       2.223 |*********                                102
       2.264 |*********                                95
       2.305 |*******                                  81
       2.347 |*****                                    53
       2.389 |*****                                    58
       2.433 |****                                     44
       2.477 |*****                                    51
       2.522 |****                                     39
       2.568 |***                                      29
       2.615 |***                                      32
       2.662 |**                                       23
       2.710 |***                                      29
       2.760 |***                                      30
       2.810 |***                                      33
       2.861 |**                                       22
       2.913 |*                                        14
       2.966 |*                                        16
       3.020 |*                                        14
       3.075 |**                                       17
       3.130 |**                                       21
       3.187 |**                                       20
       3.245 |*                                        13
       3.304 |**                                       19
       3.364 |*                                        12
       3.425 |*                                        9
       3.488 |*                                        15
       3.551 |*                                        12
       3.615 |*                                        11
       3.681 |*                                        13
       3.748 |*                                        13
       3.816 |*                                        13
       3.885 |*                                        15
       3.956 |**                                       22
       4.028 |**                                       19
       4.101 |**                                       22
       4.176 |**                                       19
       4.252 |*                                        15
       4.329 |*                                        12
       4.407 |*                                        16
       4.487 |*                                        8
       4.569 |*                                        13
       4.652 |*                                        13
       4.737 |*                                        14
       4.823 |*                                        7
       4.910 |*                                        11
       4.999 |*                                        10
       5.090 |*                                        7
       5.183 |*                                        10
       5.277 |*                                        7
       5.373 |*                                        10
       5.470 |*                                        9
       5.570 |                                         4
       5.671 |*                                        7
       5.774 |                                         3
       5.879 |*                                        8
       5.986 |                                         4
       6.095 |                                         4
       6.205 |                                         1
       6.318 |                                         1
       6.433 |                                         5
       6.550 |                                         3
       6.669 |                                         2
       6.790 |                                         4
       6.913 |                                         4
       7.039 |                                         1
       7.167 |                                         1
       7.297 |                                         3
       7.430 |                                         3
       7.565 |                                         4
       7.702 |*                                        9
       7.985 |                                         1
       8.130 |                                         3
       8.277 |                                         4
       8.428 |                                         1
       8.581 |                                         1
       8.737 |                                         5
       8.895 |                                         3
       9.057 |                                         1
       9.222 |                                         2
       9.389 |                                         1
       9.560 |                                         2
       9.734 |                                         4
       9.910 |                                         1
      10.090 |                                         1
      10.274 |                                         5
      10.460 |                                         1
      10.651 |                                         3
      11.041 |                                         2
      11.242 |                                         3
      11.446 |                                         3
      11.654 |                                         1
      11.866 |                                         2
      12.081 |                                         1
      12.301 |                                         2
      12.524 |                                         4
      12.752 |                                         1
      12.984 |                                         2
      13.219 |                                         1
      13.704 |                                         3
      13.953 |                                         1
      14.465 |                                         2
      14.995 |                                         1
      15.268 |                                         1
      15.545 |                                         1
      15.828 |                                         3
      16.408 |                                         1
      16.706 |                                         3
      17.010 |                                         3
      17.319 |                                         2
      17.954 |                                         2
      18.280 |                                         1
      18.950 |                                         2
      19.295 |                                         1
      20.002 |                                         2
      20.366 |                                         2
      20.736 |                                         2
      21.112 |                                         1
      21.496 |                                         4
      21.886 |                                         4
      22.284 |                                         1
      23.101 |                                         2
      23.521 |                                         2
      23.948 |                                         1
      24.384 |                                         3
      25.278 |                                         1
      25.737 |                                         3
      26.205 |                                         4
      26.681 |                                         4
      27.165 |                                         3
      27.659 |                                         1
      28.162 |                                         2
      28.673 |                                         1
      29.194 |                                         1
      29.725 |                                         2
      30.815 |                                         2
      31.375 |                                         2
      31.945 |                                         2
      32.525 |                                         3
      33.116 |                                         2
      33.718 |                                         1
      34.330 |                                         1
      34.954 |                                         1
      35.589 |                                         1
      36.894 |                                         2
      37.565 |                                         2
      38.247 |                                         5
      38.942 |                                         1
      39.650 |                                         2
      40.370 |                                         2
      41.104 |                                         3
      41.851 |                                         3
      42.611 |                                         3
      43.385 |                                         2
      44.173 |                                         3
      44.976 |                                         2
      45.793 |                                         4
      46.625 |                                         4
      47.472 |                                         2
      48.335 |*                                        6
      49.213 |                                         3
      50.107 |                                         1
      51.018 |                                         1
      51.945 |                                         2
      52.889 |                                         1
      53.850 |                                         1
      55.824 |                                         2
      56.839 |                                         2
      57.871 |                                         1
      58.923 |                                         1
      74.464 |                                         1
      80.025 |                                         1
 
SQL statistics:
    queries performed:
        read:                            124194
        write:                           0
        other:                           17742
        total:                           141936
    transactions:                        8871   (295.41 per sec.)
    queries:                             141936 (4726.57 per sec.)
    ignored errors:                      0      (0.00 per sec.)
    reconnects:                          0      (0.00 per sec.)

General statistics:
    total time:                          30.0282s
    total number of events:              8871

Latency (ms):
         min:                                    1.28
         avg:                                    2.55
         max:                                   79.35
         95th percentile:                        4.25
         sum:                                22589.19

Threads fairness:
    events (avg/stddev):           277.2188/1.17
    execution time (avg/stddev):   0.7059/0.02




sysbench 1.0.20 (using system LuaJIT 2.1.0-beta3)

Running the test with following options:
Number of threads: 32
Target transaction rate: 300/sec
Initializing random number generator from current time


Initializing worker threads...

Threads started!

Latency histogram (values are in milliseconds)
       value  ------------- distribution ------------- count
       1.392 |                                         1
       1.496 |*                                        4
       1.523 |*                                        7
       1.551 |******                                   31
       1.579 |*******                                  40
       1.608 |********                                 43
       1.637 |***********                              60
       1.667 |*************                            73
       1.697 |**********                               57
       1.728 |************                             66
       1.759 |**********                               56
       1.791 |*************                            70
       1.824 |*************                            69
       1.857 |**************                           79
       1.891 |**********************                   120
       1.925 |************************                 131
       1.960 |****************************             152
       1.996 |*****************************            157
       2.032 |*********************************        182
       2.069 |*******************************          171
       2.106 |********************************         175
       2.145 |***************************              149
       2.184 |******************************           162
       2.223 |***************************************  210
       2.264 |***********************************      190
       2.305 |*************************************    203
       2.347 |**************************************** 218
       2.389 |***************************************  210
       2.433 |************************************     194
       2.477 |********************************         176
       2.522 |************************************     195
       2.568 |***********************************      192
       2.615 |********************************         172
       2.662 |********************************         173
       2.710 |******************************           166
       2.760 |*****************************            160
       2.810 |********************************         173
       2.861 |****************************             150
       2.913 |***************************              148
       2.966 |****************************             151
       3.020 |**************************               140
       3.075 |*******************************          171
       3.130 |**************************               141
       3.187 |*************************                138
       3.245 |***********************                  126
       3.304 |**************************               143
       3.364 |*******************                      105
       3.425 |*****************                        92
       3.488 |*******************                      105
       3.551 |*****************                        93
       3.615 |**************                           79
       3.681 |*********************                    115
       3.748 |********************                     107
       3.816 |******************                       99
       3.885 |*******************                      105
       3.956 |**************                           79
       4.028 |*****************                        95
       4.101 |*************                            71
       4.176 |*************                            70
       4.252 |**************                           75
       4.329 |****************                         86
       4.407 |**********                               56
       4.487 |************                             65
       4.569 |*************                            72
       4.652 |************                             63
       4.737 |***********                              60
       4.823 |***********                              59
       4.910 |**********                               56
       4.999 |************                             66
       5.090 |***********                              62
       5.183 |***********                              59
       5.277 |***********                              62
       5.373 |************                             64
       5.470 |*************                            70
       5.570 |***********                              62
       5.671 |**********                               57
       5.774 |**********                               57
       5.879 |********                                 45
       5.986 |*********                                51
       6.095 |**********                               53
       6.205 |*********                                48
       6.318 |*********                                47
       6.433 |********                                 45
       6.550 |********                                 42
       6.669 |*****                                    27
       6.790 |******                                   33
       6.913 |*****                                    26
       7.039 |*****                                    28
       7.167 |**                                       11
       7.297 |***                                      15
       7.430 |****                                     21
       7.565 |*                                        7
       7.702 |*                                        7
       7.842 |*                                        8
       7.985 |**                                       9
       8.130 |                                         2
       8.277 |*                                        4
       8.428 |*                                        3
       8.581 |*                                        5
       8.737 |                                         2
       8.895 |                                         2
       9.057 |                                         1
       9.222 |*                                        3
       9.389 |                                         1
       9.734 |                                         1
       9.910 |                                         1
      10.651 |                                         2
      10.844 |                                         1
      11.041 |                                         2
      11.242 |                                         1
      11.446 |                                         1
      12.301 |*                                        3
      12.984 |                                         1
      13.953 |                                         1
      15.268 |*                                        3
      24.384 |                                         2
      26.681 |                                         1
      31.945 |                                         1
      33.718 |                                         1
      36.236 |                                         1
      36.894 |                                         2
      37.565 |                                         1
      39.650 |                                         1
      41.104 |                                         2
      42.611 |*                                        3
      47.472 |                                         1
      51.945 |                                         1
      55.824 |                                         1
      56.839 |                                         1
      64.474 |                                         2
      65.645 |                                         1
      71.830 |*                                        4
      73.135 |                                         1
      74.464 |                                         1
      75.817 |                                         2
      77.194 |                                         2
      78.597 |                                         1
      80.025 |                                         1
      84.467 |                                         1
      86.002 |                                         2
      94.104 |                                         1
      95.814 |                                         1
      99.327 |                                         1
     101.132 |*                                        3
     102.969 |                                         1
     106.745 |*                                        3
     108.685 |                                         2
     112.670 |                                         1
     114.717 |                                         1
     116.802 |                                         1
     118.924 |                                         2
     123.285 |                                         2
     130.128 |                                         1
     132.492 |                                         1
     137.350 |                                         2
     139.846 |                                         2
     142.387 |                                         1
     144.974 |*                                        3
     150.290 |                                         1
     155.801 |                                         1
     158.632 |                                         1
     164.449 |                                         2
     170.479 |*                                        4
     173.577 |                                         2
     176.731 |*                                        5
     179.942 |*                                        5
     183.211 |*                                        3
     186.540 |                                         1
     189.929 |                                         2
     193.380 |                                         1
     196.894 |*                                        3
     200.472 |                                         1
     204.114 |                                         2
     207.823 |                                         2
     211.599 |                                         1
     215.443 |*                                        8
     219.358 |*                                        6
     223.344 |*                                        5
     227.402 |*                                        7
     231.534 |*                                        4
     235.740 |*                                        8
     240.024 |**                                       9
     244.385 |*                                        5
     248.825 |*                                        7
     253.346 |*                                        6
     257.950 |*                                        3
     262.636 |                                         2
     267.408 |                                         2
     272.267 |*                                        5
     282.251 |                                         1
     287.379 |                                         1
 
SQL statistics:
    queries performed:
        read:                            127484
        write:                           0
        other:                           18212
        total:                           145696
    transactions:                        9106   (303.29 per sec.)
    queries:                             145696 (4852.69 per sec.)
    ignored errors:                      0      (0.00 per sec.)
    reconnects:                          0      (0.00 per sec.)

General statistics:
    total time:                          30.0226s
    total number of events:              9106

Latency (ms):
         min:                                    1.39
         avg:                                    6.58
         max:                                  286.48
         95th percentile:                        6.55
         sum:                                59922.37

Threads fairness:
    events (avg/stddev):           284.5625/2.15
    execution time (avg/stddev):   1.8726/0.06




sysbench 1.0.20 (using system LuaJIT 2.1.0-beta3)

Running the test with following options:
Number of threads: 32
Target transaction rate: 300/sec
Initializing random number generator from current time


Initializing worker threads...

Threads started!

Latency histogram (values are in milliseconds)
       value  ------------- distribution ------------- count
       1.295 |                                         1
       1.319 |                                         5
       1.343 |**                                       18
       1.367 |***                                      37
       1.392 |*******                                  77
       1.417 |****************                         183
       1.443 |*********************                    238
       1.469 |*************************                283
       1.496 |****************************             325
       1.523 |*************************                281
       1.551 |*****************************            326
       1.579 |****************************             323
       1.608 |***************************              307
       1.637 |*************************                289
       1.667 |***********************                  263
       1.697 |******************************           344
       1.728 |*****************************            334
       1.759 |************************************     410
       1.791 |***********************************      402
       1.824 |*************************************    421
       1.857 |**************************************** 454
       1.891 |**************************************** 457
       1.925 |*************************************    428
       1.960 |************************************     409
       1.996 |********************************         368
       2.032 |****************************             316
       2.069 |***********************                  259
       2.106 |********************                     234
       2.145 |*******************                      220
       2.184 |******************                       208
       2.223 |*************                            148
       2.264 |************                             136
       2.305 |*********                                107
       2.347 |*******                                  75
       2.389 |*****                                    57
       2.433 |****                                     50
       2.477 |***                                      31
       2.522 |**                                       21
       2.568 |**                                       20
       2.615 |*                                        12
       2.662 |                                         5
       2.710 |*                                        6
       2.760 |                                         4
       2.810 |                                         5
       2.861 |                                         3
       2.913 |                                         1
       2.966 |                                         1
       3.020 |                                         2
       3.130 |                                         1
       3.425 |                                         1
       3.615 |                                         1
 
SQL statistics:
    queries performed:
        read:                            124698
        write:                           0
        other:                           17814
        total:                           142512
    transactions:                        8907   (296.71 per sec.)
    queries:                             142512 (4747.37 per sec.)
    ignored errors:                      0      (0.00 per sec.)
    reconnects:                          0      (0.00 per sec.)

General statistics:
    total time:                          30.0179s
    total number of events:              8907

Latency (ms):
         min:                                    1.30
         avg:                                    1.82
         max:                                    3.60
         95th percentile:                        2.26
         sum:                                16193.98

Threads fairness:
    events (avg/stddev):           278.3438/1.69
    execution time (avg/stddev):   0.5061/0.01




sysbench 1.0.20 (using system LuaJIT 2.1.0-beta3)

Running the test with following options:
Number of threads: 32
Target transaction rate: 300/sec
Initializing random number generator from current time


Initializing worker threads...

FATAL: mysql_stmt_prepare() failed
FATAL: MySQL error: 1146 "Table 'sbtest.sbtest7' doesn't exist"
FATAL: `thread_init' function failed: /usr/share/sysbench/oltp_common.lua:284: SQL API error
FATAL: mysql_stmt_prepare() failed
FATAL: MySQL error: 1146 "Table 'sbtest.sbtest7' doesn't exist"
FATAL: `thread_init' function failed: /usr/share/sysbench/oltp_common.lua:284: SQL API error
FATAL: mysql_stmt_prepare() failed
FATAL: MySQL error: 1146 "Table 'sbtest.sbtest7' doesn't exist"
FATAL: `thread_init' function failed: /usr/share/sysbench/oltp_common.lua:284: SQL API error
FATAL: mysql_stmt_prepare() failed
FATAL: MySQL error: 1146 "Table 'sbtest.sbtest7' doesn't exist"
FATAL: `thread_init' function failed: /usr/share/sysbench/oltp_common.lua:284: SQL API error
FATAL: mysql_stmt_prepare() failed
FATAL: MySQL error: 1146 "Table 'sbtest.sbtest7' doesn't exist"
FATAL: `thread_init' function failed: /usr/share/sysbench/oltp_common.lua:284: SQL API error
FATAL: mysql_stmt_prepare() failed
FATAL: MySQL error: 1146 "Table 'sbtest.sbtest7' doesn't exist"
FATAL: `thread_init' function failed: /usr/share/sysbench/oltp_common.lua:284: SQL API error
FATAL: mysql_stmt_prepare() failed
FATAL: MySQL error: 1146 "Table 'sbtest.sbtest7' doesn't exist"
FATAL: `thread_init' function failed: /usr/share/sysbench/oltp_common.lua:284: SQL API error
FATAL: mysql_stmt_prepare() failed
FATAL: MySQL error: 1146 "Table 'sbtest.sbtest7' doesn't exist"
FATAL: `thread_init' function failed: /usr/share/sysbench/oltp_common.lua:284: SQL API error
FATAL: mysql_stmt_prepare() failed
FATAL: MySQL error: 1146 "Table 'sbtest.sbtest7' doesn't exist"
FATAL: `thread_init' function failed: /usr/share/sysbench/oltp_common.lua:284: SQL API error
FATAL: mysql_stmt_prepare() failed
FATAL: MySQL error: 1146 "Table 'sbtest.sbtest7' doesn't exist"
FATAL: `thread_init' function failed: /usr/share/sysbench/oltp_common.lua:284: SQL API error
FATAL: mysql_stmt_prepare() failed
FATAL: MySQL error: 1146 "Table 'sbtest.sbtest7' doesn't exist"
FATAL: `thread_init' function failed: /usr/share/sysbench/oltp_common.lua:284: SQL API error
FATAL: mysql_stmt_prepare() failed
FATAL: MySQL error: 1146 "Table 'sbtest.sbtest7' doesn't exist"
FATAL: `thread_init' function failed: /usr/share/sysbench/oltp_common.lua:284: SQL API error
FATAL: mysql_stmt_prepare() failed
FATAL: MySQL error: 1146 "Table 'sbtest.sbtest7' doesn't exist"
FATAL: `thread_init' function failed: /usr/share/sysbench/oltp_common.lua:284: SQL API error
FATAL: mysql_stmt_prepare() failed
FATAL: MySQL error: 1146 "Table 'sbtest.sbtest7' doesn't exist"
FATAL: `thread_init' function failed: /usr/share/sysbench/oltp_common.lua:284: SQL API error
FATAL: mysql_stmt_prepare() failed
FATAL: MySQL error: 1146 "Table 'sbtest.sbtest7' doesn't exist"
FATAL: `thread_init' function failed: /usr/share/sysbench/oltp_common.lua:284: SQL API error
FATAL: mysql_stmt_prepare() failed
FATAL: MySQL error: 1146 "Table 'sbtest.sbtest7' doesn't exist"
FATAL: `thread_init' function failed: /usr/share/sysbench/oltp_common.lua:284: SQL API error
FATAL: mysql_stmt_prepare() failed
FATAL: MySQL error: 1146 "Table 'sbtest.sbtest7' doesn't exist"
FATAL: `thread_init' function failed: /usr/share/sysbench/oltp_common.lua:284: SQL API error
FATAL: mysql_stmt_prepare() failed
FATAL: MySQL error: 1146 "Table 'sbtest.sbtest7' doesn't exist"
FATAL: `thread_init' function failed: /usr/share/sysbench/oltp_common.lua:284: SQL API error
FATAL: mysql_stmt_prepare() failed
FATAL: MySQL error: 1146 "Table 'sbtest.sbtest7' doesn't exist"
FATAL: `thread_init' function failed: /usr/share/sysbench/oltp_common.lua:284: SQL API error
FATAL: mysql_stmt_prepare() failed
FATAL: MySQL error: 1146 "Table 'sbtest.sbtest7' doesn't exist"
FATAL: `thread_init' function failed: /usr/share/sysbench/oltp_common.lua:284: SQL API error
FATAL: mysql_stmt_prepare() failed
FATAL: MySQL error: 1146 "Table 'sbtest.sbtest7' doesn't exist"
FATAL: `thread_init' function failed: /usr/share/sysbench/oltp_common.lua:284: SQL API error
FATAL: mysql_stmt_prepare() failed
FATAL: MySQL error: 1146 "Table 'sbtest.sbtest7' doesn't exist"
FATAL: `thread_init' function failed: /usr/share/sysbench/oltp_common.lua:284: SQL API error
FATAL: mysql_stmt_prepare() failed
FATAL: MySQL error: 1146 "Table 'sbtest.sbtest7' doesn't exist"
FATAL: `thread_init' function failed: /usr/share/sysbench/oltp_common.lua:284: SQL API error
FATAL: mysql_stmt_prepare() failed
(last message repeated 1 times)
FATAL: MySQL error: 1146 "Table 'sbtest.sbtest7' doesn't exist"
FATAL: `thread_init' function failed: /usr/share/sysbench/oltp_common.lua:284: SQL API error
FATAL: MySQL error: 1146 "Table 'sbtest.sbtest7' doesn't exist"
FATAL: `thread_init' function failed: /usr/share/sysbench/oltp_common.lua:284: SQL API error
FATAL: mysql_stmt_prepare() failed
FATAL: MySQL error: 1146 "Table 'sbtest.sbtest7' doesn't exist"
FATAL: `thread_init' function failed: /usr/share/sysbench/oltp_common.lua:284: SQL API error
FATAL: mysql_stmt_prepare() failed
FATAL: MySQL error: 1146 "Table 'sbtest.sbtest7' doesn't exist"
FATAL: `thread_init' function failed: /usr/share/sysbench/oltp_common.lua:284: SQL API error
FATAL: mysql_stmt_prepare() failed
FATAL: MySQL error: 1146 "Table 'sbtest.sbtest7' doesn't exist"
FATAL: `thread_init' function failed: /usr/share/sysbench/oltp_common.lua:284: SQL API error
FATAL: mysql_stmt_prepare() failed
FATAL: MySQL error: 1146 "Table 'sbtest.sbtest7' doesn't exist"
FATAL: `thread_init' function failed: /usr/share/sysbench/oltp_common.lua:284: SQL API error
FATAL: mysql_stmt_prepare() failed
FATAL: MySQL error: 1146 "Table 'sbtest.sbtest7' doesn't exist"
FATAL: `thread_init' function failed: /usr/share/sysbench/oltp_common.lua:284: SQL API error
FATAL: mysql_stmt_prepare() failed
FATAL: MySQL error: 1146 "Table 'sbtest.sbtest7' doesn't exist"
FATAL: `thread_init' function failed: /usr/share/sysbench/oltp_common.lua:284: SQL API error
FATAL: mysql_stmt_prepare() failed
FATAL: MySQL error: 1146 "Table 'sbtest.sbtest7' doesn't exist"
FATAL: `thread_init' function failed: /usr/share/sysbench/oltp_common.lua:284: SQL API error
FATAL: Thread initialization failed!



sysbench 1.0.20 (using system LuaJIT 2.1.0-beta3)

Running the test with following options:
Number of threads: 32
Target transaction rate: 300/sec
Initializing random number generator from current time


Initializing worker threads...

Threads started!

Latency histogram (values are in milliseconds)
       value  ------------- distribution ------------- count
       1.163 |                                         1
       1.272 |                                         1
       1.295 |                                         2
       1.319 |                                         6
       1.343 |**                                       27
       1.367 |*******                                  98
       1.392 |***************                          215
       1.417 |***************************              388
       1.443 |*************************************    535
       1.469 |**********************************       491
       1.496 |******************************           433
       1.523 |************************                 348
       1.551 |******************                       263
       1.579 |**************                           199
       1.608 |***************                          211
       1.637 |*****************                        250
       1.667 |*******************                      269
       1.697 |****************************             396
       1.728 |*********************************        471
       1.759 |**************************************** 576
       1.791 |***********************************      511
       1.824 |************************************     525
       1.857 |******************************           429
       1.891 |***********************                  338
       1.925 |**********************                   316
       1.960 |********************                     286
       1.996 |*******************                      271
       2.032 |***************                          210
       2.069 |*************                            189
       2.106 |************                             175
       2.145 |*********                                126
       2.184 |******                                   89
       2.223 |*****                                    72
       2.264 |***                                      44
       2.305 |***                                      36
       2.347 |**                                       22
       2.389 |*                                        15
       2.433 |*                                        12
       2.477 |                                         4
       2.522 |                                         6
       2.568 |                                         5
       2.615 |                                         5
       2.662 |                                         2
       2.710 |                                         2
       2.760 |                                         2
       2.810 |                                         1
 
SQL statistics:
    queries performed:
        read:                            124222
        write:                           0
        other:                           17746
        total:                           141968
    transactions:                        8873   (295.57 per sec.)
    queries:                             141968 (4729.11 per sec.)
    ignored errors:                      0      (0.00 per sec.)
    reconnects:                          0      (0.00 per sec.)

General statistics:
    total time:                          30.0188s
    total number of events:              8873

Latency (ms):
         min:                                    1.17
         avg:                                    1.73
         max:                                    2.81
         95th percentile:                        2.11
         sum:                                15320.87

Threads fairness:
    events (avg/stddev):           277.2812/1.55
    execution time (avg/stddev):   0.4788/0.00




sysbench 1.0.20 (using system LuaJIT 2.1.0-beta3)

Running the test with following options:
Number of threads: 32
Target transaction rate: 300/sec
Initializing random number generator from current time


Initializing worker threads...

Threads started!

Latency histogram (values are in milliseconds)
       value  ------------- distribution ------------- count
       1.367 |                                         1
       1.392 |                                         1
       1.417 |                                         2
       1.443 |                                         4
       1.469 |*                                        14
       1.496 |**                                       23
       1.523 |*****                                    64
       1.551 |*********                                104
       1.579 |****************                         183
       1.608 |*******************                      226
       1.637 |**********************                   257
       1.667 |*************************                292
       1.697 |**************************               305
       1.728 |************************                 276
       1.759 |**********************                   259
       1.791 |*********************                    246
       1.824 |***********************                  264
       1.857 |************************                 281
       1.891 |******************************           348
       1.925 |***********************************      407
       1.960 |**********************************       396
       1.996 |***************************************  453
       2.032 |***************************************  450
       2.069 |**************************************** 467
       2.106 |*************************************    429
       2.145 |*******************************          361
       2.184 |*****************************            340
       2.223 |*****************************            338
       2.264 |***********************                  274
       2.305 |************************                 279
       2.347 |**********************                   256
       2.389 |*******************                      217
       2.433 |**************                           164
       2.477 |*************                            149
       2.522 |************                             142
       2.568 |***********                              129
       2.615 |********                                 93
       2.662 |*******                                  80
       2.710 |*******                                  85
       2.760 |****                                     47
       2.810 |***                                      34
       2.861 |***                                      38
       2.913 |**                                       25
       2.966 |**                                       23
       3.020 |*                                        17
       3.075 |*                                        11
       3.130 |*                                        8
       3.187 |                                         5
       3.245 |*                                        6
       3.304 |                                         2
       3.364 |                                         4
       3.425 |*                                        7
       3.488 |                                         2
       3.551 |                                         1
       3.615 |                                         1
       3.681 |                                         1
       3.748 |                                         1
       4.028 |                                         1
 
SQL statistics:
    queries performed:
        read:                            124502
        write:                           0
        other:                           17786
        total:                           142288
    transactions:                        8893   (296.16 per sec.)
    queries:                             142288 (4738.55 per sec.)
    ignored errors:                      0      (0.00 per sec.)
    reconnects:                          0      (0.00 per sec.)

General statistics:
    total time:                          30.0265s
    total number of events:              8893

Latency (ms):
         min:                                    1.38
         avg:                                    2.04
         max:                                    4.01
         95th percentile:                        2.61
         sum:                                18169.48

Threads fairness:
    events (avg/stddev):           277.9062/1.49
    execution time (avg/stddev):   0.5678/0.01


