sysbench 1.0.20 (using system LuaJIT 2.1.0-beta3)

Running the test with following options:
Number of threads: 32
Target transaction rate: 200/sec
Initializing random number generator from current time


Initializing worker threads...

Threads started!

Latency histogram (values are in milliseconds)
       value  ------------- distribution ------------- count
       2.477 |*                                        2
       2.522 |***                                      12
       2.568 |******                                   25
       2.615 |*********                                33
       2.662 |***************                          58
       2.710 |*******************                      74
       2.760 |*************************                95
       2.810 |***********************                  91
       2.861 |************************                 93
       2.913 |***************************              105
       2.966 |******************************           115
       3.020 |*******************************          120
       3.075 |**************************************   148
       3.130 |**********************************       132
       3.187 |**************************************** 155
       3.245 |*************************************    143
       3.304 |***********************************      136
       3.364 |************************************     141
       3.425 |*******************************          120
       3.488 |****************************             110
       3.551 |*************************                97
       3.615 |*******************                      74
       3.681 |*********************                    80
       3.748 |***************                          60
       3.816 |****************                         62
       3.885 |*************                            52
       3.956 |**********                               37
       4.028 |**********                               37
       4.101 |********                                 32
       4.176 |*********                                35
       4.252 |******                                   25
       4.329 |******                                   23
       4.407 |***                                      13
       4.487 |*****                                    20
       4.569 |****                                     15
       4.652 |*****                                    18
       4.737 |***                                      10
       4.823 |****                                     17
       4.910 |***                                      13
       4.999 |***                                      10
       5.090 |**                                       6
       5.183 |***                                      10
       5.277 |*                                        3
       5.373 |*                                        2
       5.470 |**                                       8
       5.570 |**                                       7
       5.671 |**                                       7
       5.774 |**                                       6
       5.879 |**                                       7
       5.986 |*                                        4
       6.095 |**                                       8
       6.205 |**                                       6
       6.318 |**                                       7
       6.433 |*                                        5
       6.550 |*                                        4
       6.669 |*                                        4
       6.790 |                                         1
       6.913 |*                                        4
       7.039 |**                                       7
       7.167 |*                                        2
       7.297 |*                                        5
       7.430 |*                                        2
       7.565 |*                                        2
       7.702 |*                                        5
       7.842 |*                                        5
       7.985 |**                                       6
       8.130 |**                                       6
       8.277 |**                                       7
       8.428 |*                                        4
       8.581 |**                                       8
       8.737 |**                                       7
       8.895 |*                                        3
       9.057 |*                                        4
       9.222 |**                                       6
       9.389 |*                                        5
       9.560 |*                                        4
       9.734 |*                                        5
       9.910 |*                                        2
      10.090 |*                                        4
      10.274 |*                                        2
      10.460 |*                                        3
      10.651 |*                                        2
      10.844 |*                                        3
      11.041 |*                                        3
      11.242 |*                                        2
      11.446 |*                                        4
      11.654 |*                                        4
      11.866 |*                                        4
      12.301 |**                                       7
      12.524 |*                                        3
      12.752 |*                                        4
      12.984 |*                                        5
      13.219 |*                                        3
      13.460 |*                                        4
      13.704 |*                                        5
      13.953 |*                                        2
      14.207 |                                         1
      14.465 |                                         1
      14.728 |*                                        4
      14.995 |*                                        4
      15.268 |*                                        2
      15.545 |*                                        4
      15.828 |**                                       6
      16.115 |*                                        4
      16.408 |*                                        2
      16.706 |                                         1
      17.010 |                                         1
      17.319 |*                                        5
      17.633 |*                                        5
      17.954 |***                                      11
      18.280 |                                         1
      18.612 |*                                        5
      18.950 |*                                        5
      19.295 |**                                       6
      19.645 |**                                       7
      20.002 |*                                        5
      20.366 |                                         1
      20.736 |*                                        2
      21.112 |*                                        4
      21.496 |*                                        5
      21.886 |*                                        5
      22.284 |**                                       7
      22.689 |**                                       9
      23.101 |*                                        4
      23.521 |**                                       7
      23.948 |**                                       9
      24.384 |*                                        5
      24.827 |*                                        5
      25.278 |                                         1
      25.737 |*                                        2
      26.205 |**                                       7
      26.681 |*                                        4
      27.165 |**                                       8
      27.659 |*                                        5
      28.162 |**                                       6
      28.673 |*                                        3
      29.194 |**                                       8
      29.725 |***                                      10
      30.265 |**                                       6
      30.815 |**                                       8
      31.375 |*                                        5
      31.945 |*                                        5
      32.525 |**                                       6
      33.116 |**                                       7
      33.718 |                                         1
      34.330 |***                                      12
      34.954 |**                                       7
      35.589 |*                                        3
      36.236 |*                                        3
      36.894 |*                                        4
      37.565 |*                                        5
      38.247 |**                                       9
      38.942 |**                                       6
      39.650 |**                                       6
      40.370 |*                                        5
      41.104 |**                                       7
      41.851 |**                                       6
      42.611 |**                                       7
      43.385 |**                                       8
      44.173 |*                                        2
      44.976 |*                                        4
      45.793 |*                                        3
      46.625 |*                                        5
      47.472 |***                                      10
      48.335 |*                                        5
      49.213 |*                                        4
      50.107 |***                                      11
      51.018 |*                                        4
      51.945 |*                                        5
      52.889 |**                                       9
      53.850 |**                                       6
      54.828 |**                                       8
      55.824 |***                                      13
      56.839 |**                                       7
      57.871 |**                                       6
      58.923 |**                                       7
      59.993 |**                                       7
      61.083 |***                                      12
      62.193 |**                                       6
      63.323 |**                                       9
      64.474 |***                                      11
      65.645 |**                                       9
      66.838 |**                                       6
      68.053 |*                                        5
      69.289 |**                                       9
      70.548 |**                                       7
      71.830 |**                                       8
      73.135 |**                                       8
      74.464 |***                                      12
      75.817 |*                                        5
      77.194 |**                                       8
      78.597 |*                                        4
      80.025 |*                                        5
      81.479 |***                                      11
      82.959 |**                                       9
      84.467 |**                                       6
      86.002 |*                                        2
      87.564 |***                                      10
      89.155 |*                                        5
      90.775 |***                                      10
      92.424 |**                                       9
      94.104 |***                                      11
      95.814 |**                                       9
      97.555 |**                                       7
      99.327 |****                                     15
     101.132 |***                                      13
     102.969 |*                                        5
     104.840 |*                                        5
     106.745 |**                                       8
     108.685 |***                                      12
     110.659 |***                                      13
     112.670 |***                                      11
     114.717 |***                                      12
     116.802 |**                                       8
     118.924 |***                                      10
     121.085 |*                                        2
     123.285 |*                                        5
     125.525 |***                                      10
     127.805 |**                                       9
     130.128 |**                                       7
     132.492 |**                                       8
     134.899 |*                                        3
     137.350 |**                                       9
     139.846 |****                                     15
     142.387 |**                                       6
     144.974 |*                                        3
     147.608 |**                                       6
     150.290 |*                                        5
     153.021 |**                                       9
     155.801 |*                                        4
     158.632 |*                                        5
     161.514 |**                                       6
     164.449 |**                                       6
     167.437 |*                                        5
     170.479 |**                                       9
     173.577 |*                                        4
     176.731 |*                                        4
     179.942 |**                                       8
     183.211 |*                                        4
     186.540 |*                                        4
     189.929 |*                                        3
     193.380 |*                                        3
     196.894 |*                                        3
     200.472 |*                                        4
     204.114 |*                                        3
     207.823 |*                                        4
     211.599 |**                                       6
     215.443 |*                                        4
     219.358 |**                                       6
     223.344 |**                                       6
     227.402 |*                                        2
     231.534 |*                                        3
     235.740 |*                                        5
     240.024 |**                                       7
     244.385 |*                                        4
     248.825 |                                         1
     253.346 |**                                       7
     257.950 |*                                        4
     262.636 |*                                        2
     267.408 |**                                       6
     272.267 |*                                        2
     277.214 |*                                        3
     282.251 |**                                       7
     287.379 |*                                        4
     292.601 |**                                       6
     297.917 |*                                        3
     303.330 |                                         1
     314.453 |*                                        2
     320.167 |*                                        2
     325.984 |**                                       6
     331.907 |                                         1
     337.938 |*                                        4
     344.078 |*                                        3
     350.330 |*                                        2
     356.695 |                                         1
     363.176 |*                                        4
     369.775 |*                                        4
     376.494 |*                                        2
     383.334 |*                                        4
     390.299 |*                                        4
     397.391 |                                         1
     404.611 |*                                        5
     411.963 |                                         1
     419.448 |*                                        4
     427.069 |*                                        2
     502.204 |                                         1
 
SQL statistics:
    queries performed:
        read:                            55692
        write:                           15912
        other:                           7956
        total:                           79560
    transactions:                        3978   (198.69 per sec.)
    queries:                             79560  (3973.75 per sec.)
    ignored errors:                      0      (0.00 per sec.)
    reconnects:                          0      (0.00 per sec.)

General statistics:
    total time:                          20.0210s
    total number of events:              3978

Latency (ms):
         min:                                    2.48
         avg:                                   31.20
         max:                                  498.20
         95th percentile:                      167.44
         sum:                               124108.01

Threads fairness:
    events (avg/stddev):           124.3125/1.65
    execution time (avg/stddev):   3.8784/0.18


