sysbench 1.0.20 (using system LuaJIT 2.1.0-beta3)

Running the test with following options:
Number of threads: 32
Target transaction rate: 200/sec
Initializing random number generator from current time


Initializing worker threads...

Threads started!

Latency histogram (values are in milliseconds)
       value  ------------- distribution ------------- count
       2.522 |                                         1
       2.568 |                                         1
       2.615 |****                                     12
       2.662 |*******                                  18
       2.710 |*********                                24
       2.760 |*************                            36
       2.810 |****************                         43
       2.861 |***************                          40
       2.913 |********************                     54
       2.966 |*********************                    57
       3.020 |*************************                69
       3.075 |***********************                  64
       3.130 |***************************************  105
       3.187 |*************************************    101
       3.245 |***************************************  107
       3.304 |***************************************  105
       3.364 |***************************************  105
       3.425 |*********************************        90
       3.488 |**************************************** 109
       3.551 |*************************************    100
       3.615 |*****************************            78
       3.681 |*************************************    101
       3.748 |*******************************          85
       3.816 |**********************************       93
       3.885 |*****************************            79
       3.956 |*************************                68
       4.028 |*********************                    56
       4.101 |*********************                    58
       4.176 |*******************                      52
       4.252 |*********************                    56
       4.329 |**************************               72
       4.407 |******************                       50
       4.487 |***********                              30
       4.569 |*************                            35
       4.652 |***************                          41
       4.737 |****************                         44
       4.823 |*******                                  19
       4.910 |*************                            36
       4.999 |********                                 21
       5.090 |**********                               27
       5.183 |********                                 23
       5.277 |*******                                  18
       5.373 |********                                 22
       5.470 |**********                               26
       5.570 |********                                 21
       5.671 |********                                 22
       5.774 |******                                   15
       5.879 |*********                                25
       5.986 |*****                                    13
       6.095 |*****                                    14
       6.205 |******                                   15
       6.318 |*********                                24
       6.433 |****                                     10
       6.550 |*****                                    13
       6.669 |*******                                  20
       6.790 |******                                   16
       6.913 |*******                                  18
       7.039 |*****                                    13
       7.167 |****                                     11
       7.297 |******                                   17
       7.430 |*****                                    14
       7.565 |***                                      7
       7.702 |****                                     10
       7.842 |****                                     11
       7.985 |****                                     10
       8.130 |****                                     10
       8.277 |***                                      7
       8.428 |****                                     12
       8.581 |****                                     10
       8.737 |**                                       6
       8.895 |****                                     11
       9.057 |*****                                    13
       9.222 |***                                      7
       9.389 |**                                       6
       9.560 |****                                     11
       9.734 |**                                       6
       9.910 |*                                        4
      10.090 |***                                      8
      10.274 |***                                      7
      10.460 |**                                       6
      10.844 |***                                      7
      11.041 |**                                       5
      11.242 |**                                       5
      11.446 |***                                      9
      11.654 |***                                      8
      11.866 |**                                       6
      12.081 |***                                      7
      12.301 |*                                        2
      12.524 |**                                       6
      12.752 |**                                       5
      12.984 |**                                       6
      13.219 |***                                      9
      13.460 |**                                       6
      13.704 |*                                        4
      13.953 |*                                        2
      14.207 |*                                        2
      14.465 |*                                        3
      14.728 |*                                        2
      14.995 |**                                       5
      15.268 |**                                       6
      15.545 |**                                       5
      15.828 |***                                      7
      16.115 |**                                       6
      16.408 |*                                        3
      16.706 |*                                        3
      17.010 |*                                        4
      17.633 |*                                        3
      17.954 |*                                        4
      18.280 |**                                       6
      18.612 |**                                       5
      18.950 |***                                      7
      19.295 |***                                      7
      19.645 |***                                      7
      20.002 |                                         1
      20.366 |**                                       5
      20.736 |***                                      7
      21.112 |*                                        2
      21.496 |**                                       5
      21.886 |***                                      8
      22.284 |*                                        3
      22.689 |**                                       6
      23.101 |**                                       6
      23.521 |***                                      8
      23.948 |**                                       5
      24.384 |***                                      9
      24.827 |**                                       6
      25.278 |****                                     11
      25.737 |****                                     10
      26.205 |**                                       5
      26.681 |**                                       5
      27.165 |*                                        3
      27.659 |*                                        4
      28.162 |**                                       5
      28.673 |*                                        4
      29.194 |*                                        4
      29.725 |*                                        3
      30.265 |***                                      9
      30.815 |****                                     11
      31.375 |****                                     12
      31.945 |**                                       5
      32.525 |***                                      8
      33.116 |**                                       5
      33.718 |***                                      9
      34.330 |***                                      7
      34.954 |***                                      9
      35.589 |*                                        4
      36.236 |**                                       5
      36.894 |**                                       6
      37.565 |***                                      8
      38.247 |****                                     10
      38.942 |***                                      9
      39.650 |****                                     10
      40.370 |****                                     11
      41.104 |******                                   16
      41.851 |***                                      9
      42.611 |**                                       5
      43.385 |*                                        3
      44.173 |****                                     12
      44.976 |****                                     11
      45.793 |***                                      9
      46.625 |**                                       5
      47.472 |*                                        4
      48.335 |***                                      7
      49.213 |**                                       6
      50.107 |*                                        4
      51.018 |****                                     10
      51.945 |**                                       6
      52.889 |******                                   16
      53.850 |***                                      7
      54.828 |**                                       6
      55.824 |***                                      7
      56.839 |*                                        4
      57.871 |****                                     12
      58.923 |***                                      9
      59.993 |**                                       5
      61.083 |***                                      7
      62.193 |                                         1
      63.323 |***                                      9
      64.474 |***                                      9
      65.645 |***                                      8
      66.838 |***                                      9
      68.053 |***                                      7
      69.289 |****                                     12
      70.548 |****                                     12
      71.830 |****                                     11
      73.135 |****                                     10
      74.464 |**                                       5
      75.817 |*                                        4
      77.194 |****                                     11
      78.597 |***                                      7
      80.025 |***                                      7
      81.479 |****                                     12
      82.959 |****                                     11
      84.467 |**                                       5
      86.002 |**                                       5
      87.564 |**                                       5
      89.155 |**                                       5
      90.775 |***                                      7
      92.424 |****                                     10
      94.104 |***                                      8
      95.814 |****                                     10
      97.555 |***                                      8
      99.327 |**                                       6
     101.132 |***                                      8
     102.969 |**                                       5
     104.840 |****                                     10
     106.745 |****                                     11
     108.685 |***                                      7
     110.659 |**                                       5
     112.670 |**                                       6
     114.717 |***                                      9
     116.802 |***                                      9
     118.924 |****                                     11
     121.085 |***                                      8
     123.285 |***                                      8
     125.525 |**                                       5
     127.805 |***                                      9
     130.128 |***                                      9
     132.492 |****                                     11
     134.899 |***                                      7
     137.350 |**                                       5
     139.846 |***                                      7
     142.387 |**                                       6
     144.974 |**                                       5
     147.608 |*                                        2
     150.290 |***                                      9
     153.021 |***                                      9
     155.801 |*                                        4
     158.632 |**                                       6
     161.514 |*                                        4
     164.449 |*                                        3
     167.437 |*                                        4
     170.479 |*                                        4
     173.577 |                                         1
     176.731 |*                                        3
     179.942 |*                                        4
     183.211 |*                                        4
     186.540 |*                                        3
     189.929 |                                         1
     193.380 |*                                        2
     196.894 |*                                        2
     204.114 |                                         1
     207.823 |                                         1
     211.599 |                                         1
 
SQL statistics:
    queries performed:
        read:                            55048
        write:                           15728
        other:                           7864
        total:                           78640
    transactions:                        3932   (196.32 per sec.)
    queries:                             78640  (3926.50 per sec.)
    ignored errors:                      0      (0.00 per sec.)
    reconnects:                          0      (0.00 per sec.)

General statistics:
    total time:                          20.0277s
    total number of events:              3932

Latency (ms):
         min:                                    2.53
         avg:                                   20.21
         max:                                  210.49
         95th percentile:                      106.75
         sum:                                79470.87

Threads fairness:
    events (avg/stddev):           122.8750/1.78
    execution time (avg/stddev):   2.4835/0.23


