sysbench 1.0.20 (using system LuaJIT 2.1.0-beta3)

Running the test with following options:
Number of threads: 32
Target transaction rate: 200/sec
Initializing random number generator from current time


Initializing worker threads...

Threads started!

Latency histogram (values are in milliseconds)
       value  ------------- distribution ------------- count
       2.662 |                                         1
       2.710 |                                         1
       2.760 |                                         2
       2.810 |*                                        8
       2.861 |**                                       12
       2.913 |****                                     25
       2.966 |********                                 53
       3.020 |**************                           97
       3.075 |*****************                        120
       3.130 |*********************                    149
       3.187 |************************                 170
       3.245 |**************************               182
       3.304 |*********************************        232
       3.364 |*********************************        231
       3.425 |*********************************        232
       3.488 |*************************************    254
       3.551 |***************************************  270
       3.615 |***************************************  272
       3.681 |**************************************** 278
       3.748 |**************************************   264
       3.816 |*************************************    254
       3.885 |**************************************   263
       3.956 |********************************         225
       4.028 |********************************         225
       4.101 |**********************************       236
       4.176 |********************************         224
       4.252 |************************                 168
       4.329 |***********************                  157
       4.407 |*******************                      135
       4.487 |*******************                      134
       4.569 |***************                          104
       4.652 |****************                         114
       4.737 |**********                               70
       4.823 |***********                              75
       4.910 |*******                                  51
       4.999 |*****                                    36
       5.090 |*******                                  47
       5.183 |*****                                    38
       5.277 |*****                                    34
       5.373 |****                                     28
       5.470 |****                                     30
       5.570 |***                                      21
       5.671 |***                                      18
       5.774 |***                                      18
       5.879 |***                                      19
       5.986 |*                                        8
       6.095 |**                                       16
       6.205 |*                                        9
       6.318 |*                                        6
       6.433 |**                                       12
       6.550 |**                                       13
       6.669 |***                                      18
       6.790 |**                                       14
       6.913 |**                                       11
       7.039 |***                                      18
       7.167 |**                                       12
       7.297 |**                                       11
       7.430 |*                                        9
       7.565 |**                                       12
       7.702 |**                                       16
       7.842 |**                                       15
       7.985 |*                                        10
       8.130 |*                                        9
       8.277 |**                                       15
       8.428 |*                                        10
       8.581 |***                                      24
       8.737 |*                                        8
       8.895 |**                                       15
       9.057 |**                                       14
       9.222 |**                                       11
       9.389 |**                                       17
       9.560 |*                                        9
       9.734 |**                                       11
       9.910 |**                                       11
      10.090 |**                                       12
      10.274 |*                                        10
      10.460 |**                                       12
      10.651 |*                                        10
      10.844 |**                                       12
      11.041 |*                                        4
      11.242 |*                                        5
      11.446 |*                                        5
      11.654 |*                                        7
      11.866 |*                                        5
      12.081 |*                                        4
      12.301 |*                                        4
      12.524 |                                         3
      12.752 |                                         2
      13.219 |                                         1
      13.460 |                                         3
      13.953 |                                         1
      14.207 |                                         2
      14.465 |                                         1
      15.828 |                                         1
      22.284 |                                         1
 
SQL statistics:
    queries performed:
        read:                            84644
        write:                           24184
        other:                           12092
        total:                           120920
    transactions:                        6046   (201.34 per sec.)
    queries:                             120920 (4026.80 per sec.)
    ignored errors:                      0      (0.00 per sec.)
    reconnects:                          0      (0.00 per sec.)

General statistics:
    total time:                          30.0277s
    total number of events:              6046

Latency (ms):
         min:                                    2.65
         avg:                                    4.23
         max:                                   22.22
         95th percentile:                        7.56
         sum:                                25552.00

Threads fairness:
    events (avg/stddev):           188.9375/1.12
    execution time (avg/stddev):   0.7985/0.02


