sysbench 1.0.20 (using system LuaJIT 2.1.0-beta3)

Running the test with following options:
Number of threads: 32
Target transaction rate: 3000/sec
Initializing random number generator from current time


Initializing worker threads...

Threads started!

Latency histogram (values are in milliseconds)
       value  ------------- distribution ------------- count
       0.118 |                                         2
       0.120 |                                         1
       0.122 |                                         3
       0.125 |                                         6
       0.127 |                                         6
       0.129 |                                         14
       0.132 |                                         16
       0.134 |                                         24
       0.136 |*                                        64
       0.139 |*                                        94
       0.141 |**                                       134
       0.144 |***                                      200
       0.147 |****                                     330
       0.149 |******                                   490
       0.152 |*********                                662
       0.155 |***********                              839
       0.158 |**************                           1059
       0.160 |******************                       1359
       0.163 |*******************                      1456
       0.166 |********************                     1549
       0.169 |*********************                    1619
       0.172 |*********************                    1605
       0.176 |*********************                    1654
       0.179 |***********************                  1799
       0.182 |***************************              2127
       0.185 |********************************         2510
       0.189 |************************************     2793
       0.192 |**************************************** 3106
       0.196 |***************************************  3065
       0.199 |**************************************   2971
       0.203 |**********************************       2623
       0.206 |******************************           2354
       0.210 |**************************               2018
       0.214 |**********************                   1731
       0.218 |********************                     1534
       0.222 |*****************                        1297
       0.226 |**************                           1088
       0.230 |*************                            976
       0.234 |**********                               767
       0.238 |*********                                675
       0.243 |*******                                  553
       0.247 |******                                   478
       0.252 |*****                                    419
       0.256 |****                                     344
       0.261 |****                                     295
       0.266 |***                                      239
       0.270 |***                                      217
       0.275 |**                                       164
       0.280 |**                                       151
       0.285 |**                                       144
       0.291 |**                                       146
       0.296 |**                                       157
       0.301 |**                                       140
       0.307 |**                                       142
       0.312 |**                                       138
       0.318 |**                                       177
       0.324 |**                                       169
       0.330 |***                                      227
       0.336 |***                                      248
       0.342 |****                                     311
       0.348 |****                                     316
       0.354 |******                                   434
       0.361 |******                                   490
       0.367 |*******                                  520
       0.374 |*******                                  564
       0.381 |*******                                  582
       0.388 |********                                 583
       0.395 |********                                 615
       0.402 |*******                                  542
       0.409 |******                                   466
       0.417 |******                                   468
       0.424 |*****                                    394
       0.432 |****                                     330
       0.440 |****                                     274
       0.448 |***                                      246
       0.456 |***                                      234
       0.464 |***                                      220
       0.473 |**                                       163
       0.481 |**                                       138
       0.490 |**                                       133
       0.499 |*                                        102
       0.508 |*                                        99
       0.517 |*                                        85
       0.527 |*                                        78
       0.536 |*                                        88
       0.546 |*                                        50
       0.556 |*                                        45
       0.566 |*                                        39
       0.576 |*                                        39
       0.587 |                                         37
       0.597 |                                         27
       0.608 |                                         22
       0.619 |                                         29
       0.630 |                                         20
       0.642 |                                         13
       0.654 |                                         17
       0.665 |                                         13
       0.677 |                                         9
       0.690 |                                         10
       0.702 |                                         2
       0.715 |                                         8
       0.728 |                                         5
       0.741 |                                         6
       0.755 |                                         6
       0.768 |                                         11
       0.782 |                                         5
       0.797 |                                         8
       0.811 |                                         6
       0.826 |                                         6
       0.841 |                                         2
       0.856 |                                         1
       0.872 |                                         6
       0.904 |                                         4
       0.920 |                                         5
       0.937 |                                         4
       0.954 |                                         1
       0.971 |                                         4
       0.989 |                                         2
       1.007 |                                         4
       1.025 |                                         3
       1.044 |                                         6
       1.082 |                                         4
       1.102 |                                         2
       1.122 |                                         2
       1.142 |                                         3
       1.163 |                                         2
       1.205 |                                         4
       1.227 |                                         5
       1.250 |                                         1
       1.272 |                                         1
       1.295 |                                         2
       1.319 |                                         4
       1.343 |                                         3
       1.367 |                                         1
       1.392 |                                         4
       1.417 |                                         8
       1.443 |                                         2
       1.469 |                                         1
       1.496 |                                         3
       1.523 |                                         5
       1.579 |                                         2
       1.608 |                                         6
       1.637 |                                         3
       1.667 |                                         3
       1.697 |                                         2
       1.728 |                                         4
       1.759 |                                         2
       1.791 |                                         2
       1.824 |                                         3
       1.857 |                                         6
       1.891 |                                         4
       1.925 |                                         5
       1.960 |                                         3
       1.996 |                                         3
       2.032 |                                         2
       2.069 |                                         2
       2.106 |                                         4
       2.145 |                                         2
       2.184 |                                         6
       2.223 |                                         3
       2.305 |                                         6
       2.347 |                                         5
       2.389 |                                         5
       2.433 |                                         4
       2.477 |                                         3
       2.522 |                                         5
       2.568 |                                         3
       2.615 |                                         3
       2.662 |                                         3
       2.710 |                                         2
       2.760 |                                         4
       2.810 |                                         3
       2.861 |                                         6
       2.913 |                                         5
       2.966 |                                         4
       3.020 |                                         4
       3.075 |                                         3
       3.130 |                                         2
       3.187 |                                         2
       3.245 |                                         1
       3.304 |                                         1
       3.488 |                                         1
       3.551 |                                         1
       3.748 |                                         2
       4.101 |                                         1
       4.176 |                                         2
       4.329 |                                         2
       4.407 |                                         2
       4.487 |                                         1
       4.569 |                                         2
       4.652 |                                         2
       4.999 |                                         2
 
SQL statistics:
    queries performed:
        read:                            60334
        write:                           0
        other:                           0
        total:                           60334
    transactions:                        60334  (3014.31 per sec.)
    queries:                             60334  (3014.31 per sec.)
    ignored errors:                      0      (0.00 per sec.)
    reconnects:                          0      (0.00 per sec.)

General statistics:
    total time:                          20.0155s
    total number of events:              60334

Latency (ms):
         min:                                    0.12
         avg:                                    0.24
         max:                                    5.02
         95th percentile:                        0.42
         sum:                                14365.60

Threads fairness:
    events (avg/stddev):           1885.4375/13.55
    execution time (avg/stddev):   0.4489/0.01


