sysbench 1.0.20 (using system LuaJIT 2.1.0-beta3)

Running the test with following options:
Number of threads: 32
Target transaction rate: 3000/sec
Initializing random number generator from current time


Initializing worker threads...

Threads started!

Latency histogram (values are in milliseconds)
       value  ------------- distribution ------------- count
       0.125 |                                         1
       0.127 |                                         1
       0.132 |                                         1
       0.134 |                                         7
       0.136 |                                         16
       0.139 |                                         15
       0.141 |                                         30
       0.144 |*                                        42
       0.147 |*                                        60
       0.149 |*                                        85
       0.152 |*                                        96
       0.155 |**                                       136
       0.158 |***                                      205
       0.160 |****                                     272
       0.163 |******                                   434
       0.166 |*********                                680
       0.169 |***********                              820
       0.172 |*************                            963
       0.176 |****************                         1169
       0.179 |******************                       1322
       0.182 |********************                     1491
       0.185 |*********************                    1540
       0.189 |*********************                    1544
       0.192 |***********************                  1740
       0.196 |***************************              2061
       0.199 |********************************         2386
       0.203 |*************************************    2798
       0.206 |**************************************** 2977
       0.210 |**************************************** 3001
       0.214 |***************************************  2924
       0.218 |************************************     2703
       0.222 |**********************************       2540
       0.226 |******************************           2257
       0.230 |**************************               1963
       0.234 |***********************                  1692
       0.238 |********************                     1504
       0.243 |******************                       1314
       0.247 |**************                           1073
       0.252 |************                             894
       0.256 |***********                              798
       0.261 |********                                 628
       0.266 |*******                                  524
       0.270 |******                                   461
       0.275 |*****                                    394
       0.280 |*****                                    352
       0.285 |****                                     295
       0.291 |***                                      256
       0.296 |***                                      200
       0.301 |***                                      202
       0.307 |**                                       172
       0.312 |**                                       171
       0.318 |**                                       140
       0.324 |**                                       185
       0.330 |**                                       163
       0.336 |***                                      188
       0.342 |***                                      220
       0.348 |***                                      223
       0.354 |****                                     281
       0.361 |*****                                    340
       0.367 |*****                                    375
       0.374 |******                                   420
       0.381 |*******                                  553
       0.388 |*******                                  510
       0.395 |********                                 612
       0.402 |********                                 626
       0.409 |*********                                653
       0.417 |********                                 624
       0.424 |********                                 578
       0.432 |*******                                  488
       0.440 |*******                                  504
       0.448 |*****                                    390
       0.456 |*****                                    354
       0.464 |****                                     296
       0.473 |***                                      261
       0.481 |***                                      212
       0.490 |**                                       171
       0.499 |**                                       155
       0.508 |**                                       121
       0.517 |**                                       125
       0.527 |*                                        98
       0.536 |*                                        89
       0.546 |*                                        78
       0.556 |*                                        72
       0.566 |*                                        78
       0.576 |*                                        60
       0.587 |*                                        54
       0.597 |*                                        53
       0.608 |                                         36
       0.619 |*                                        39
       0.630 |*                                        45
       0.642 |                                         30
       0.654 |                                         25
       0.665 |                                         20
       0.677 |                                         14
       0.690 |                                         15
       0.702 |                                         14
       0.715 |                                         10
       0.728 |                                         11
       0.741 |                                         8
       0.755 |                                         8
       0.768 |                                         6
       0.782 |                                         9
       0.797 |                                         6
       0.811 |                                         4
       0.826 |                                         3
       0.841 |                                         5
       0.856 |                                         7
       0.872 |                                         8
       0.888 |                                         9
       0.904 |                                         5
       0.920 |                                         1
       0.937 |                                         4
       0.954 |                                         1
       0.971 |                                         5
       1.007 |                                         4
       1.025 |                                         3
       1.082 |                                         1
       1.102 |                                         4
       1.142 |                                         2
       1.163 |                                         4
       1.184 |                                         4
       1.205 |                                         3
       1.227 |                                         4
       1.250 |                                         1
       1.272 |                                         4
       1.295 |                                         1
       1.319 |                                         1
       1.343 |                                         3
       1.367 |                                         1
       1.392 |                                         3
       1.417 |                                         1
       1.443 |                                         6
       1.469 |                                         2
       1.496 |                                         2
       1.523 |                                         5
       1.551 |                                         3
       1.579 |                                         2
       1.608 |                                         2
       1.637 |                                         1
       1.667 |                                         2
       1.697 |                                         4
       1.728 |                                         3
       1.759 |                                         2
       1.791 |                                         1
       1.824 |                                         1
       1.857 |                                         1
       1.891 |                                         2
       1.925 |                                         5
       1.960 |                                         4
       1.996 |                                         3
       2.032 |                                         2
       2.069 |                                         6
       2.106 |                                         4
       2.145 |                                         3
       2.184 |                                         1
       2.223 |                                         2
       2.264 |                                         2
       2.305 |                                         1
       2.347 |                                         4
       2.389 |                                         4
       2.433 |                                         9
       2.477 |                                         5
       2.522 |                                         7
       2.568 |                                         5
       2.615 |                                         5
       2.662 |                                         3
       2.710 |                                         3
       2.760 |                                         3
       2.810 |                                         4
       2.913 |                                         4
       2.966 |                                         2
       3.020 |                                         6
       3.075 |                                         2
       3.187 |                                         4
       3.245 |                                         1
       3.304 |                                         3
       3.364 |                                         1
       3.425 |                                         3
       3.488 |                                         3
       3.551 |                                         1
       3.615 |                                         2
       3.681 |                                         2
       3.748 |                                         2
       3.885 |                                         2
       4.028 |                                         1
       4.101 |                                         2
       4.252 |                                         2
       4.329 |                                         1
       4.407 |                                         2
       4.487 |                                         1
       4.569 |                                         1
       4.652 |                                         2
       4.737 |                                         1
       4.823 |                                         1
       4.910 |                                         1
       5.183 |                                         1
       5.277 |                                         2
       5.470 |                                         1
       5.774 |                                         1
       6.205 |                                         1
       6.318 |                                         1
 
SQL statistics:
    queries performed:
        read:                            60136
        write:                           0
        other:                           0
        total:                           60136
    transactions:                        60136  (3004.26 per sec.)
    queries:                             60136  (3004.26 per sec.)
    ignored errors:                      0      (0.00 per sec.)
    reconnects:                          0      (0.00 per sec.)

General statistics:
    total time:                          20.0165s
    total number of events:              60136

Latency (ms):
         min:                                    0.12
         avg:                                    0.26
         max:                                    6.27
         95th percentile:                        0.45
         sum:                                15576.21

Threads fairness:
    events (avg/stddev):           1879.2500/14.75
    execution time (avg/stddev):   0.4868/0.01


