sysbench 1.0.20 (using system LuaJIT 2.1.0-beta3)

Running the test with following options:
Number of threads: 32
Target transaction rate: 300/sec
Initializing random number generator from current time


Initializing worker threads...

Threads started!

Latency histogram (values are in milliseconds)
       value  ------------- distribution ------------- count
       2.184 |                                         2
       2.223 |                                         1
       2.264 |                                         5
       2.305 |*                                        18
       2.347 |****                                     46
       2.389 |*********                                110
       2.433 |************                             149
       2.477 |*************                            154
       2.522 |***************                          180
       2.568 |*************                            163
       2.615 |***************                          180
       2.662 |**************                           172
       2.710 |*************                            158
       2.760 |*************                            155
       2.810 |****************                         199
       2.861 |************************                 289
       2.913 |*******************************          381
       2.966 |**********************************       417
       3.020 |**************************************   459
       3.075 |**************************************** 486
       3.130 |**************************************   461
       3.187 |***************************************  476
       3.245 |***********************************      423
       3.304 |********************************         386
       3.364 |****************************             345
       3.425 |*****************************            349
       3.488 |**********************                   264
       3.551 |*******************                      230
       3.615 |****************                         194
       3.681 |**************                           175
       3.748 |*********                                112
       3.816 |*************                            153
       3.885 |**********                               119
       3.956 |********                                 92
       4.028 |********                                 93
       4.101 |********                                 99
       4.176 |******                                   69
       4.252 |******                                   72
       4.329 |******                                   73
       4.407 |*****                                    58
       4.487 |*****                                    62
       4.569 |****                                     52
       4.652 |****                                     51
       4.737 |***                                      41
       4.823 |****                                     54
       4.910 |*****                                    55
       4.999 |***                                      40
       5.090 |***                                      31
       5.183 |***                                      33
       5.277 |***                                      36
       5.373 |***                                      34
       5.470 |**                                       27
       5.570 |**                                       27
       5.671 |***                                      34
       5.774 |**                                       27
       5.879 |**                                       26
       5.986 |*                                        15
       6.095 |**                                       19
       6.205 |**                                       24
       6.318 |**                                       29
       6.433 |**                                       20
       6.550 |**                                       19
       6.669 |*                                        15
       6.790 |*                                        16
       6.913 |*                                        14
       7.039 |*                                        16
       7.167 |*                                        9
       7.297 |*                                        15
       7.430 |*                                        16
       7.565 |*                                        15
       7.702 |*                                        9
       7.842 |*                                        12
       7.985 |                                         6
       8.130 |                                         3
       8.277 |*                                        8
       8.428 |*                                        9
       8.581 |                                         5
       8.737 |                                         2
       8.895 |                                         4
       9.057 |                                         6
       9.222 |                                         1
       9.389 |                                         5
       9.560 |                                         5
       9.734 |                                         2
       9.910 |                                         1
      10.090 |                                         3
      10.274 |                                         2
      10.460 |                                         2
      10.844 |                                         1
      11.446 |                                         1
      11.866 |                                         1
 
SQL statistics:
    queries performed:
        read:                            124978
        write:                           0
        other:                           17854
        total:                           142832
    transactions:                        8927   (297.36 per sec.)
    queries:                             142832 (4757.74 per sec.)
    ignored errors:                      0      (0.00 per sec.)
    reconnects:                          0      (0.00 per sec.)

General statistics:
    total time:                          30.0206s
    total number of events:              8927

Latency (ms):
         min:                                    2.20
         avg:                                    3.45
         max:                                   11.78
         95th percentile:                        5.47
         sum:                                30825.41

Threads fairness:
    events (avg/stddev):           278.9688/1.88
    execution time (avg/stddev):   0.9633/0.01


