sysbench 1.0.20 (using system LuaJIT 2.1.0-beta3)

Running the test with following options:
Number of threads: 32
Target transaction rate: 300/sec
Initializing random number generator from current time


Initializing worker threads...

Threads started!

Latency histogram (values are in milliseconds)
       value  ------------- distribution ------------- count
       2.223 |                                         3
       2.264 |                                         4
       2.305 |**                                       27
       2.347 |***                                      56
       2.389 |*******                                  120
       2.433 |************                             199
       2.477 |**************                           232
       2.522 |***************                          246
       2.568 |*****************                        267
       2.615 |*****************                        271
       2.662 |***************                          240
       2.710 |*************                            204
       2.760 |***************                          240
       2.810 |******************                       291
       2.861 |************************                 387
       2.913 |*******************************          504
       2.966 |*************************************    592
       3.020 |**************************************** 642
       3.075 |***********************************      567
       3.130 |***************************************  629
       3.187 |************************************     577
       3.245 |**************************************   614
       3.304 |******************************           475
       3.364 |**************************               413
       3.425 |*******************                      312
       3.488 |************                             198
       3.551 |*********                                147
       3.615 |******                                   90
       3.681 |****                                     70
       3.748 |****                                     59
       3.816 |**                                       35
       3.885 |**                                       30
       3.956 |*                                        21
       4.028 |**                                       25
       4.101 |*                                        15
       4.176 |*                                        10
       4.252 |                                         8
       4.329 |                                         7
       4.407 |                                         8
       4.487 |                                         7
       4.569 |*                                        9
       4.652 |*                                        10
       4.737 |                                         6
       4.823 |                                         6
       4.910 |                                         3
       4.999 |                                         3
       5.090 |                                         1
       5.183 |                                         5
       5.277 |                                         1
       5.373 |                                         5
       5.470 |                                         6
       5.570 |                                         6
       5.671 |                                         3
       5.986 |                                         1
       6.205 |                                         1
       6.318 |                                         2
       6.669 |                                         1
       9.734 |                                         1
      12.301 |                                         1
 
SQL statistics:
    queries performed:
        read:                            124782
        write:                           0
        other:                           17826
        total:                           142608
    transactions:                        8913   (296.91 per sec.)
    queries:                             142608 (4750.54 per sec.)
    ignored errors:                      0      (0.00 per sec.)
    reconnects:                          0      (0.00 per sec.)

General statistics:
    total time:                          30.0189s
    total number of events:              8913

Latency (ms):
         min:                                    2.21
         avg:                                    3.04
         max:                                   12.30
         95th percentile:                        3.62
         sum:                                27140.03

Threads fairness:
    events (avg/stddev):           278.5312/1.84
    execution time (avg/stddev):   0.8481/0.01


