sysbench 1.0.20 (using system LuaJIT 2.1.0-beta3)

Running the test with following options:
Number of threads: 32
Target transaction rate: 300/sec
Initializing random number generator from current time


Initializing worker threads...

Threads started!

Latency histogram (values are in milliseconds)
       value  ------------- distribution ------------- count
       0.920 |                                         1
       0.937 |                                         3
       0.954 |                                         2
       0.971 |**                                       17
       0.989 |****                                     40
       1.007 |*********                                81
       1.025 |***************                          139
       1.044 |***********************                  212
       1.063 |*************************                232
       1.082 |**************************               238
       1.102 |********************                     188
       1.122 |*******************                      175
       1.142 |**********************                   203
       1.163 |***************************              246
       1.184 |*********************************        305
       1.205 |**************************************** 371
       1.227 |***************************************  360
       1.250 |*********************************        306
       1.272 |**************************               241
       1.295 |**********************                   204
       1.319 |************************                 225
       1.343 |**************************               244
       1.367 |**************************               242
       1.392 |**************************               245
       1.417 |*******************                      174
       1.443 |*****************                        156
       1.469 |*****************                        155
       1.496 |**************                           126
       1.523 |***********                              106
       1.551 |**********                               92
       1.579 |**********                               97
       1.608 |********                                 75
       1.637 |******                                   58
       1.667 |******                                   55
       1.697 |***                                      24
       1.728 |*****                                    51
       1.759 |****                                     37
       1.791 |***                                      31
       1.824 |***                                      25
       1.857 |***                                      25
       1.891 |*                                        11
       1.925 |*                                        8
       1.960 |**                                       17
       1.996 |*                                        12
       2.032 |*                                        7
       2.069 |*                                        11
       2.106 |                                         4
       2.145 |*                                        5
       2.184 |                                         4
       2.264 |                                         2
       2.305 |                                         3
       2.347 |                                         3
       2.389 |                                         2
       2.615 |                                         1
       2.710 |                                         1
       2.810 |                                         1
       2.861 |                                         2
       2.913 |                                         1
       2.966 |                                         2
       3.020 |                                         2
       3.075 |                                         1
       3.130 |                                         2
       3.187 |                                         2
       3.304 |                                         2
       3.364 |                                         1
       3.425 |                                         2
       3.488 |                                         1
       3.551 |                                         2
       3.681 |                                         1
       3.748 |                                         4
       3.816 |                                         1
       3.885 |                                         2
       3.956 |                                         2
       4.028 |                                         3
       4.101 |                                         2
       4.176 |                                         1
       4.329 |                                         1
       4.407 |                                         1
       4.569 |                                         1
       4.652 |                                         1
       4.910 |*                                        5
       4.999 |                                         2
       5.183 |                                         1
       5.277 |                                         2
       5.373 |                                         2
       5.470 |                                         2
       5.570 |                                         1
       5.671 |                                         2
       6.318 |                                         1
       6.433 |                                         2
       6.550 |                                         2
       7.430 |                                         1
       8.277 |                                         1
 
SQL statistics:
    queries performed:
        read:                            83482
        write:                           0
        other:                           11926
        total:                           95408
    transactions:                        5963   (297.79 per sec.)
    queries:                             95408  (4764.68 per sec.)
    ignored errors:                      0      (0.00 per sec.)
    reconnects:                          0      (0.00 per sec.)

General statistics:
    total time:                          20.0234s
    total number of events:              5963

Latency (ms):
         min:                                    0.92
         avg:                                    1.32
         max:                                    8.27
         95th percentile:                        1.73
         sum:                                 7898.16

Threads fairness:
    events (avg/stddev):           186.3438/1.55
    execution time (avg/stddev):   0.2468/0.00


