sysbench 1.0.20 (using system LuaJIT 2.1.0-beta3)

Running the test with following options:
Number of threads: 32
Target transaction rate: 1000/sec
Initializing random number generator from current time


Initializing worker threads...

Threads started!

Latency histogram (values are in milliseconds)
       value  ------------- distribution ------------- count
       0.665 |                                         1
       0.677 |                                         1
       0.690 |                                         3
       0.702 |                                         7
       0.715 |                                         7
       0.728 |*                                        17
       0.741 |*                                        15
       0.755 |**                                       30
       0.768 |**                                       31
       0.782 |***                                      44
       0.797 |****                                     52
       0.811 |****                                     65
       0.826 |*****                                    76
       0.841 |******                                   89
       0.856 |******                                   92
       0.872 |********                                 122
       0.888 |**********                               149
       0.904 |************                             170
       0.920 |***************                          215
       0.937 |******************                       269
       0.954 |*******************                      285
       0.971 |***********************                  332
       0.989 |***********************                  339
       1.007 |**************************               373
       1.025 |*****************************            429
       1.044 |********************************         472
       1.063 |*********************************        484
       1.082 |*******************************          460
       1.102 |**********************************       491
       1.122 |*********************************        480
       1.142 |************************************     528
       1.163 |**********************************       504
       1.184 |**************************************   556
       1.205 |************************************     529
       1.227 |***************************************  565
       1.250 |**************************************   554
       1.272 |**************************************   562
       1.295 |**************************************** 585
       1.319 |***************************************  568
       1.343 |***************************************  566
       1.367 |*********************************        482
       1.392 |***********************************      513
       1.417 |**********************************       499
       1.443 |********************************         473
       1.469 |***********************************      506
       1.496 |******************************           444
       1.523 |****************************             403
       1.551 |*************************                367
       1.579 |************************                 357
       1.608 |*************************                368
       1.637 |********************                     292
       1.667 |*********************                    303
       1.697 |******************                       263
       1.728 |*******************                      276
       1.759 |*****************                        245
       1.791 |****************                         234
       1.824 |*************                            197
       1.857 |**************                           205
       1.891 |***********                              168
       1.925 |************                             181
       1.960 |********                                 123
       1.996 |*********                                126
       2.032 |********                                 121
       2.069 |*******                                  109
       2.106 |********                                 112
       2.145 |*******                                  106
       2.184 |******                                   91
       2.223 |******                                   87
       2.264 |*****                                    73
       2.305 |******                                   85
       2.347 |****                                     62
       2.389 |*****                                    66
       2.433 |*****                                    68
       2.477 |****                                     57
       2.522 |****                                     63
       2.568 |***                                      42
       2.615 |***                                      51
       2.662 |***                                      44
       2.710 |***                                      49
       2.760 |***                                      45
       2.810 |***                                      50
       2.861 |**                                       23
       2.913 |**                                       27
       2.966 |**                                       33
       3.020 |**                                       28
       3.075 |**                                       24
       3.130 |*                                        20
       3.187 |*                                        17
       3.245 |**                                       27
       3.304 |*                                        19
       3.364 |**                                       22
       3.425 |*                                        20
       3.488 |**                                       23
       3.551 |**                                       23
       3.615 |*                                        10
       3.681 |*                                        12
       3.748 |*                                        14
       3.816 |*                                        12
       3.885 |*                                        11
       3.956 |*                                        14
       4.028 |*                                        12
       4.101 |*                                        11
       4.176 |*                                        15
       4.252 |*                                        12
       4.329 |                                         4
       4.407 |                                         4
       4.487 |*                                        12
       4.569 |                                         7
       4.652 |*                                        13
       4.737 |                                         2
       4.823 |                                         2
       4.910 |*                                        8
       4.999 |                                         3
       5.090 |                                         1
       5.183 |                                         3
       5.277 |                                         3
       5.373 |                                         1
       5.470 |                                         2
       5.671 |                                         1
       5.774 |                                         3
       5.879 |                                         1
       5.986 |                                         3
       6.095 |                                         3
       6.318 |                                         2
       6.550 |                                         4
       6.790 |                                         1
       6.913 |                                         2
       7.039 |                                         1
       7.167 |                                         2
       7.297 |                                         2
       7.565 |                                         1
       7.985 |                                         1
       8.130 |                                         1
       8.277 |                                         1
       8.428 |                                         2
       8.581 |                                         1
       8.737 |                                         1
       8.895 |                                         4
       9.057 |                                         4
       9.222 |                                         3
       9.389 |                                         3
       9.910 |                                         1
      10.090 |                                         4
      10.274 |                                         1
      10.460 |                                         1
      10.844 |                                         1
      11.041 |                                         2
      11.654 |                                         1
      11.866 |                                         1
      12.301 |                                         1
      13.219 |                                         1
      14.207 |                                         1
      16.706 |                                         1
      17.010 |                                         1
      17.319 |                                         1
      18.280 |                                         1
      20.366 |                                         1
      20.736 |                                         1
      21.112 |                                         1
      21.886 |                                         1
      28.162 |                                         1
      29.194 |                                         1
      30.265 |                                         1
      31.945 |                                         1
 
SQL statistics:
    queries performed:
        read:                            0
        write:                           20091
        other:                           0
        total:                           20091
    transactions:                        20091  (1003.71 per sec.)
    queries:                             20091  (1003.71 per sec.)
    ignored errors:                      0      (0.00 per sec.)
    reconnects:                          0      (0.00 per sec.)

General statistics:
    total time:                          20.0156s
    total number of events:              20091

Latency (ms):
         min:                                    0.66
         avg:                                    1.46
         max:                                   32.14
         95th percentile:                        2.43
         sum:                                29384.67

Threads fairness:
    events (avg/stddev):           627.8438/4.03
    execution time (avg/stddev):   0.9183/0.02


