sysbench 1.0.20 (using system LuaJIT 2.1.0-beta3)

Running the test with following options:
Number of threads: 32
Target transaction rate: 200/sec
Initializing random number generator from current time


Initializing worker threads...

Threads started!

Latency histogram (values are in milliseconds)
       value  ------------- distribution ------------- count
       2.522 |***                                      2
       2.615 |***                                      2
       2.662 |*********                                7
       2.710 |******                                   5
       2.760 |***************                          12
       2.810 |***************                          12
       2.861 |************                             9
       2.913 |************                             9
       2.966 |***************                          12
       3.020 |**********************                   17
       3.075 |*****************                        13
       3.130 |***********************                  18
       3.187 |******************************           23
       3.245 |**************************************** 31
       3.304 |**********************************       26
       3.364 |***********************                  18
       3.425 |******************************           23
       3.488 |**********************************       26
       3.551 |***********************************      27
       3.615 |**********************************       26
       3.681 |**********************                   17
       3.748 |*********************                    16
       3.816 |***************************              21
       3.885 |***********************                  18
       3.956 |*************************                19
       4.028 |******************************           23
       4.101 |******************                       14
       4.176 |*************************                19
       4.252 |***********************                  18
       4.329 |*****************                        13
       4.407 |*****************                        13
       4.487 |**********                               8
       4.569 |*********************                    16
       4.652 |**********                               8
       4.737 |******************                       14
       4.823 |*************                            10
       4.910 |***************                          12
       4.999 |**********                               8
       5.090 |********                                 6
       5.183 |******************                       14
       5.277 |*************                            10
       5.373 |*************                            10
       5.470 |***************                          12
       5.570 |**********                               8
       5.671 |************                             9
       5.774 |********                                 6
       5.879 |*********                                7
       5.986 |***************                          12
       6.095 |*********                                7
       6.205 |**************                           11
       6.318 |**********                               8
       6.433 |************                             9
       6.550 |*********                                7
       6.669 |**************                           11
       6.790 |***************                          12
       6.913 |************                             9
       7.039 |*********                                7
       7.167 |**************                           11
       7.297 |**********                               8
       7.430 |*******************                      15
       7.565 |*********                                7
       7.702 |*********                                7
       7.842 |*************                            10
       7.985 |*************                            10
       8.130 |*********                                7
       8.277 |***************                          12
       8.428 |***************                          12
       8.581 |******************                       14
       8.737 |*****                                    4
       8.895 |*********                                7
       9.057 |**********                               8
       9.222 |************                             9
       9.389 |***************                          12
       9.560 |******                                   5
       9.734 |*****                                    4
       9.910 |**********                               8
      10.090 |************                             9
      10.274 |**************                           11
      10.460 |************                             9
      10.651 |************                             9
      10.844 |************                             9
      11.041 |********                                 6
      11.242 |******                                   5
      11.446 |*************                            10
      11.654 |****                                     3
      11.866 |***************                          12
      12.081 |***************                          12
      12.301 |*********                                7
      12.524 |*************                            10
      12.752 |*****************                        13
      12.984 |************                             9
      13.219 |******************                       14
      13.460 |**************                           11
      13.704 |***************                          12
      13.953 |*************                            10
      14.207 |*********************                    16
      14.465 |*************                            10
      14.728 |*********                                7
      14.995 |********                                 6
      15.268 |*********                                7
      15.545 |**********                               8
      15.828 |**********                               8
      16.115 |*************                            10
      16.408 |************                             9
      16.706 |**************                           11
      17.010 |*****************                        13
      17.319 |******                                   5
      17.633 |****                                     3
      17.954 |************                             9
      18.280 |*************                            10
      18.612 |*****                                    4
      18.950 |****                                     3
      19.295 |***************                          12
      19.645 |***************                          12
      20.002 |********                                 6
      20.366 |**********                               8
      20.736 |***************                          12
      21.112 |*************                            10
      21.496 |**************                           11
      21.886 |***************                          12
      22.284 |***************                          12
      22.689 |************                             9
      23.101 |*****************                        13
      23.521 |***************                          12
      23.948 |***************                          12
      24.384 |*********                                7
      24.827 |******************                       14
      25.278 |************                             9
      25.737 |**********                               8
      26.205 |*************                            10
      26.681 |************                             9
      27.165 |*******************                      15
      27.659 |*************                            10
      28.162 |*************************                19
      28.673 |***************************              21
      29.194 |*****************                        13
      29.725 |******************                       14
      30.265 |************                             9
      30.815 |***************                          12
      31.375 |***********************                  18
      31.945 |*****************                        13
      32.525 |************                             9
      33.116 |***************                          12
      33.718 |*********************                    16
      34.330 |*********************                    16
      34.954 |*********************                    16
      35.589 |**************************               20
      36.236 |*************************                19
      36.894 |******************                       14
      37.565 |*************************                19
      38.247 |***************                          12
      38.942 |**********************                   17
      39.650 |*********************                    16
      40.370 |******************                       14
      41.104 |*******************                      15
      41.851 |*****************                        13
      42.611 |***********************                  18
      43.385 |******************                       14
      44.173 |************                             9
      44.976 |*************                            10
      45.793 |*********************                    16
      46.625 |***************                          12
      47.472 |******************                       14
      48.335 |**********************************       26
      49.213 |****************************             22
      50.107 |******************                       14
      51.018 |**************                           11
      51.945 |**********************                   17
      52.889 |*****************                        13
      53.850 |***********************                  18
      54.828 |*********************                    16
      55.824 |**********************                   17
      56.839 |*********************                    16
      57.871 |**********************                   17
      58.923 |******************                       14
      59.993 |*******************                      15
      61.083 |*************************                19
      62.193 |*******************                      15
      63.323 |*******************                      15
      64.474 |***********************                  18
      65.645 |**************************               20
      66.838 |********************************         25
      68.053 |***************************              21
      69.289 |****************************             22
      70.548 |**********************                   17
      71.830 |***************************              21
      73.135 |*****************                        13
      74.464 |******************                       14
      75.817 |**************************               20
      77.194 |*******************                      15
      78.597 |********************************         25
      80.025 |**************************               20
      81.479 |****************************             22
      82.959 |*************************                19
      84.467 |**********************************       26
      86.002 |****************************             22
      87.564 |*********************                    16
      89.155 |*********************                    16
      90.775 |*************************                19
      92.424 |***********************************      27
      94.104 |*********************                    16
      95.814 |*****************                        13
      97.555 |**********************                   17
      99.327 |**********************                   17
     101.132 |*******************                      15
     102.969 |**************************               20
     104.840 |***************************              21
     106.745 |*******************                      15
     108.685 |*************************                19
     110.659 |******************                       14
     112.670 |****************************             22
     114.717 |**********************                   17
     116.802 |*********************                    16
     118.924 |**************************               20
     121.085 |***************************              21
     123.285 |**************                           11
     125.525 |*************                            10
     127.805 |******************                       14
     130.128 |**************************               20
     132.492 |*******************                      15
     134.899 |**********************                   17
     137.350 |******************************           23
     139.846 |***********************                  18
     142.387 |*************************                19
     144.974 |****************************             22
     147.608 |*************************                19
     150.290 |********************************         25
     153.021 |*************************                19
     155.801 |********************************         25
     158.632 |*************************                19
     161.514 |**********************************       26
     164.449 |**********************                   17
     167.437 |***********************                  18
     170.479 |***********************************      27
     173.577 |**********************                   17
     176.731 |**********************                   17
     179.942 |**********************                   17
     183.211 |***************************              21
     186.540 |*****************                        13
     189.929 |*************************                19
     193.380 |*******************                      15
     196.894 |***********************                  18
     200.472 |*******************************          24
     204.114 |*****************                        13
     207.823 |*************************                19
     211.599 |***************                          12
     215.443 |**********************                   17
     219.358 |***************                          12
     223.344 |*********************                    16
     227.402 |***************************              21
     231.534 |****************************             22
     235.740 |**********************                   17
     240.024 |***************************              21
     244.385 |***************                          12
     248.825 |**************                           11
     253.346 |****************************             22
     257.950 |***************                          12
     262.636 |*****************                        13
     267.408 |***************                          12
     272.267 |*******************                      15
     277.214 |**************                           11
     282.251 |*********************                    16
     287.379 |*******************                      15
     292.601 |******************                       14
     297.917 |******************                       14
     303.330 |************                             9
     308.842 |**********************                   17
     314.453 |****************************             22
     320.167 |******************                       14
     325.984 |*********                                7
     331.907 |**********************                   17
     337.938 |***************                          12
     344.078 |*************                            10
     350.330 |*************                            10
     356.695 |*****************                        13
     363.176 |*********                                7
     369.775 |******                                   5
     376.494 |**********                               8
     383.334 |*****                                    4
     390.299 |******                                   5
     397.391 |**********                               8
     404.611 |********                                 6
     411.963 |*********                                7
     419.448 |*****                                    4
     427.069 |**********                               8
     434.829 |******                                   5
     442.730 |*********                                7
     450.774 |************                             9
     458.964 |****                                     3
     467.304 |*****                                    4
     475.794 |*********                                7
     484.439 |******                                   5
     493.242 |*****                                    4
     502.204 |**********                               8
     511.328 |****                                     3
     520.619 |*****                                    4
     530.078 |*                                        1
     539.710 |*                                        1
     549.516 |***                                      2
     559.501 |*                                        1
     569.667 |***                                      2
     580.017 |*                                        1
     590.556 |*                                        1
 
SQL statistics:
    queries performed:
        read:                            55748
        write:                           15928
        other:                           7964
        total:                           79640
    transactions:                        3982   (197.24 per sec.)
    queries:                             79640  (3944.86 per sec.)
    ignored errors:                      0      (0.00 per sec.)
    reconnects:                          0      (0.00 per sec.)

General statistics:
    total time:                          20.1880s
    total number of events:              3982

Latency (ms):
         min:                                    2.52
         avg:                                   93.75
         max:                                  590.37
         95th percentile:                      320.17
         sum:                               373321.51

Threads fairness:
    events (avg/stddev):           124.4375/3.42
    execution time (avg/stddev):   11.6663/0.41


