sysbench 1.0.20 (using system LuaJIT 2.1.0-beta3)

Running the test with following options:
Number of threads: 32
Target transaction rate: 3000/sec
Initializing random number generator from current time


Initializing worker threads...

Threads started!

Latency histogram (values are in milliseconds)
       value  ------------- distribution ------------- count
       0.078 |                                         1
       0.082 |                                         3
       0.084 |                                         4
       0.085 |                                         5
       0.087 |                                         11
       0.089 |                                         26
       0.090 |*                                        59
       0.092 |*                                        138
       0.093 |**                                       244
       0.095 |****                                     410
       0.097 |*****                                    549
       0.099 |******                                   717
       0.100 |********                                 918
       0.102 |***********                              1168
       0.104 |*************                            1407
       0.106 |**************                           1553
       0.108 |***************                          1657
       0.110 |****************                         1793
       0.112 |*******************                      2064
       0.114 |********************                     2225
       0.116 |************************                 2615
       0.118 |*************************                2744
       0.120 |*****************************            3217
       0.122 |*********************************        3652
       0.125 |************************************     3997
       0.127 |**************************************** 4411
       0.129 |***************************************  4328
       0.132 |**************************************** 4441
       0.134 |**************************************   4198
       0.136 |***********************************      3887
       0.139 |*******************************          3456
       0.141 |****************************             3153
       0.144 |*************************                2801
       0.147 |*********************                    2363
       0.149 |*******************                      2123
       0.152 |****************                         1815
       0.155 |***************                          1624
       0.158 |*************                            1415
       0.160 |***********                              1172
       0.163 |*********                                1035
       0.166 |********                                 888
       0.169 |*******                                  799
       0.172 |*******                                  737
       0.176 |*****                                    593
       0.179 |*****                                    563
       0.182 |****                                     498
       0.185 |****                                     474
       0.189 |***                                      386
       0.192 |***                                      350
       0.196 |***                                      319
       0.199 |***                                      303
       0.203 |***                                      289
       0.206 |**                                       243
       0.210 |**                                       229
       0.214 |**                                       222
       0.218 |**                                       184
       0.222 |*                                        163
       0.226 |*                                        157
       0.230 |*                                        117
       0.234 |*                                        127
       0.238 |*                                        128
       0.243 |*                                        98
       0.247 |*                                        89
       0.252 |*                                        108
       0.256 |*                                        97
       0.261 |*                                        87
       0.266 |*                                        106
       0.270 |*                                        83
       0.275 |*                                        92
       0.280 |*                                        68
       0.285 |*                                        71
       0.291 |*                                        79
       0.296 |*                                        80
       0.301 |*                                        73
       0.307 |*                                        65
       0.312 |*                                        80
       0.318 |*                                        64
       0.324 |*                                        68
       0.330 |*                                        83
       0.336 |*                                        77
       0.342 |*                                        113
       0.348 |*                                        120
       0.354 |*                                        114
       0.361 |*                                        119
       0.367 |*                                        120
       0.374 |*                                        150
       0.381 |*                                        160
       0.388 |**                                       176
       0.395 |**                                       189
       0.402 |**                                       230
       0.409 |**                                       261
       0.417 |**                                       262
       0.424 |***                                      301
       0.432 |***                                      307
       0.440 |***                                      360
       0.448 |***                                      366
       0.456 |***                                      327
       0.464 |***                                      385
       0.473 |***                                      345
       0.481 |***                                      346
       0.490 |***                                      318
       0.499 |**                                       276
       0.508 |**                                       270
       0.517 |**                                       245
       0.527 |**                                       202
       0.536 |**                                       168
       0.546 |*                                        131
       0.556 |*                                        124
       0.566 |*                                        111
       0.576 |*                                        73
       0.587 |*                                        67
       0.597 |*                                        61
       0.608 |                                         52
       0.619 |                                         35
       0.630 |                                         50
       0.642 |                                         40
       0.654 |                                         32
       0.665 |                                         27
       0.677 |                                         17
       0.690 |                                         22
       0.702 |                                         21
       0.715 |                                         14
       0.728 |                                         12
       0.741 |                                         14
       0.755 |                                         15
       0.768 |                                         14
       0.782 |                                         8
       0.797 |                                         10
       0.811 |                                         10
       0.826 |                                         8
       0.841 |                                         6
       0.856 |                                         5
       0.872 |                                         11
       0.888 |                                         4
       0.904 |                                         5
       0.920 |                                         6
       0.937 |                                         5
       0.954 |                                         2
       0.971 |                                         4
       0.989 |                                         2
       1.007 |                                         3
       1.044 |                                         1
       1.063 |                                         3
       1.082 |                                         3
       1.102 |                                         1
       1.163 |                                         2
       1.184 |                                         1
       1.205 |                                         1
       1.227 |                                         1
       1.319 |                                         1
       1.343 |                                         1
       1.367 |                                         2
       1.443 |                                         2
       1.469 |                                         1
       1.496 |                                         2
       1.579 |                                         1
       1.637 |                                         1
       1.667 |                                         1
       1.791 |                                         1
       1.960 |                                         1
       3.615 |                                         1
       3.816 |                                         1
       5.470 |                                         1
 
SQL statistics:
    queries performed:
        read:                            90017
        write:                           0
        other:                           0
        total:                           90017
    transactions:                        90017  (2998.81 per sec.)
    queries:                             90017  (2998.81 per sec.)
    ignored errors:                      0      (0.00 per sec.)
    reconnects:                          0      (0.00 per sec.)

General statistics:
    total time:                          30.0161s
    total number of events:              90017

Latency (ms):
         min:                                    0.08
         avg:                                    0.16
         max:                                    5.49
         95th percentile:                        0.44
         sum:                                14810.65

Threads fairness:
    events (avg/stddev):           2813.0312/16.81
    execution time (avg/stddev):   0.4628/0.01


