sysbench 1.0.20 (using system LuaJIT 2.1.0-beta3)

Running the test with following options:
Number of threads: 32
Target transaction rate: 300/sec
Initializing random number generator from current time


Initializing worker threads...

Threads started!

Latency histogram (values are in milliseconds)
       value  ------------- distribution ------------- count
       1.791 |                                         2
       1.857 |                                         5
       1.891 |*****                                    48
       1.925 |********                                 79
       1.960 |***************                          151
       1.996 |*********************                    215
       2.032 |**********************                   229
       2.069 |********************                     208
       2.106 |*********************                    219
       2.145 |****************                         163
       2.184 |***************                          154
       2.223 |***************                          152
       2.264 |**************                           147
       2.305 |***************                          152
       2.347 |*******************                      197
       2.389 |***************************              280
       2.433 |***********************************      354
       2.477 |**************************************** 409
       2.522 |***********************************      356
       2.568 |**************************************   390
       2.615 |*********************************        341
       2.662 |******************************           305
       2.710 |****************************             290
       2.760 |*************************                259
       2.810 |**********************                   230
       2.861 |*****************                        175
       2.913 |***********                              116
       2.966 |*********                                96
       3.020 |******                                   63
       3.075 |****                                     41
       3.130 |****                                     36
       3.187 |**                                       24
       3.245 |**                                       24
       3.304 |*                                        15
       3.364 |*                                        13
       3.425 |*                                        7
       3.488 |*                                        11
       3.551 |                                         3
       3.615 |                                         5
       3.681 |                                         4
       3.748 |                                         3
       3.816 |                                         4
       3.956 |                                         2
       4.176 |                                         2
       4.252 |                                         1
       4.652 |                                         1
       4.823 |                                         1
       4.999 |                                         1
 
SQL statistics:
    queries performed:
        read:                            83762
        write:                           0
        other:                           11966
        total:                           95728
    transactions:                        5983   (298.85 per sec.)
    queries:                             95728  (4781.57 per sec.)
    ignored errors:                      0      (0.00 per sec.)
    reconnects:                          0      (0.00 per sec.)

General statistics:
    total time:                          20.0198s
    total number of events:              5983

Latency (ms):
         min:                                    1.80
         avg:                                    2.47
         max:                                    4.99
         95th percentile:                        2.97
         sum:                                14767.85

Threads fairness:
    events (avg/stddev):           186.9688/1.42
    execution time (avg/stddev):   0.4615/0.01


