sysbench 1.0.20 (using system LuaJIT 2.1.0-beta3)

Running the test with following options:
Number of threads: 32
Target transaction rate: 300/sec
Initializing random number generator from current time


Initializing worker threads...

Threads started!

Latency histogram (values are in milliseconds)
       value  ------------- distribution ------------- count
       1.227 |                                         1
       1.250 |                                         2
       1.272 |*                                        9
       1.295 |***                                      35
       1.319 |*****                                    61
       1.343 |*********                                108
       1.367 |***************                          188
       1.392 |********************                     252
       1.417 |**************************               320
       1.443 |**************************               324
       1.469 |**************************               326
       1.496 |******************************           373
       1.523 |************************                 303
       1.551 |***********************                  287
       1.579 |***********************                  284
       1.608 |***********************                  289
       1.637 |*****************************            359
       1.667 |*****************************            363
       1.697 |**********************************       420
       1.728 |************************************     443
       1.759 |**************************************** 499
       1.791 |***************************************  490
       1.824 |**************************************   479
       1.857 |************************************     443
       1.891 |*******************************          382
       1.925 |****************************             344
       1.960 |************************                 298
       1.996 |********************                     245
       2.032 |******************                       222
       2.069 |**************                           173
       2.106 |************                             145
       2.145 |**********                               125
       2.184 |********                                 96
       2.223 |*******                                  84
       2.264 |****                                     48
       2.305 |****                                     46
       2.347 |**                                       27
       2.389 |**                                       19
       2.433 |*                                        16
       2.477 |*                                        8
       2.522 |                                         5
       2.615 |                                         1
       2.662 |                                         3
       2.710 |                                         4
       2.760 |                                         3
       2.810 |                                         1
       2.861 |                                         1
       2.913 |                                         3
       2.966 |                                         1
       3.075 |                                         2
       3.130 |                                         1
       3.245 |                                         1
       3.364 |                                         1
 
SQL statistics:
    queries performed:
        read:                            125482
        write:                           0
        other:                           17926
        total:                           143408
    transactions:                        8963   (298.59 per sec.)
    queries:                             143408 (4777.47 per sec.)
    ignored errors:                      0      (0.00 per sec.)
    reconnects:                          0      (0.00 per sec.)

General statistics:
    total time:                          30.0165s
    total number of events:              8963

Latency (ms):
         min:                                    1.24
         avg:                                    1.73
         max:                                    3.36
         95th percentile:                        2.14
         sum:                                15489.36

Threads fairness:
    events (avg/stddev):           280.0938/1.94
    execution time (avg/stddev):   0.4840/0.01


