sysbench 1.0.20 (using system LuaJIT 2.1.0-beta3)

Running the test with following options:
Number of threads: 32
Target transaction rate: 200/sec
Initializing random number generator from current time


Initializing worker threads...

Threads started!

Latency histogram (values are in milliseconds)
       value  ------------- distribution ------------- count
       3.425 |                                         2
       3.488 |**                                       9
       3.551 |****                                     20
       3.615 |******                                   33
       3.681 |**********                               57
       3.748 |***************                          83
       3.816 |******************                       102
       3.885 |*******************                      104
       3.956 |*********************                    118
       4.028 |********************                     111
       4.101 |************************                 130
       4.176 |*************************                137
       4.252 |*******************************          169
       4.329 |************************************     200
       4.407 |**********************************       189
       4.487 |************************************     199
       4.569 |*********************************        184
       4.652 |**************************************** 221
       4.737 |*************************************    204
       4.823 |************************************     200
       4.910 |*********************************        184
       4.999 |******************************           167
       5.090 |***************************              149
       5.183 |***************************              149
       5.277 |********************                     108
       5.373 |*********************                    115
       5.470 |*********************                    115
       5.570 |****************                         88
       5.671 |*************                            72
       5.774 |***********                              60
       5.879 |*******                                  38
       5.986 |******                                   35
       6.095 |*****                                    29
       6.205 |******                                   35
       6.318 |*****                                    26
       6.433 |******                                   34
       6.550 |***                                      19
       6.669 |*****                                    26
       6.790 |***                                      16
       6.913 |***                                      18
       7.039 |**                                       13
       7.167 |***                                      15
       7.297 |*                                        7
       7.430 |*                                        8
       7.565 |***                                      14
       7.702 |**                                       10
       7.842 |*                                        6
       7.985 |*                                        6
       8.130 |**                                       9
       8.277 |*                                        5
       8.428 |*                                        5
       8.581 |*                                        5
       8.737 |*                                        4
       8.895 |                                         2
       9.057 |                                         2
       9.222 |                                         1
       9.734 |                                         1
      10.090 |                                         2
      10.844 |                                         1
      11.866 |                                         1
      12.081 |                                         1
      14.728 |                                         1
      14.995 |                                         1
      16.115 |                                         1
 
SQL statistics:
    queries performed:
        read:                            57064
        write:                           16304
        other:                           8152
        total:                           81520
    transactions:                        4076   (203.45 per sec.)
    queries:                             81520  (4069.01 per sec.)
    ignored errors:                      0      (0.00 per sec.)
    reconnects:                          0      (0.00 per sec.)

General statistics:
    total time:                          20.0340s
    total number of events:              4076

Latency (ms):
         min:                                    3.43
         avg:                                    4.84
         max:                                   16.20
         95th percentile:                        6.43
         sum:                                19723.41

Threads fairness:
    events (avg/stddev):           127.3750/1.05
    execution time (avg/stddev):   0.6164/0.01


