1791602396.962 2 11.613
1791602396.995 4 11.455
1791602397.046 7 11.596
1791602397.097 10 11.415
1791602397.131 12 11.450
1791602397.182 15 11.358
1791602397.233 18 11.369
1791602397.267 20 11.397
1791602397.318 23 11.394
1791602397.369 26 11.419
1791602397.403 28 11.511
1791602397.453 31 11.437
1791602397.504 34 11.490
1791602397.538 36 11.581
1791602397.589 39 11.584
1791602397.640 42 11.383
1791602397.674 44 11.389
1791602397.725 47 11.403
1791602397.776 50 11.442
1791602397.810 52 11.388
1791602397.861 55 11.511
1791602397.911 58 11.457
1791602397.946 60 11.673
1791602397.996 63 11.406
1791602398.047 66 11.314
1791602398.081 68 11.355
1791602398.132 71 11.388
1791602398.183 74 11.582
1791602398.217 76 11.360
1791602398.268 79 11.745
1791602398.319 82 11.314
1791602398.352 84 11.293
1791602398.404 87 11.454
1791602398.454 90 11.441
1791602398.488 92 11.468
1791602398.539 95 11.520
1791602398.590 98 11.471
1791602398.624 100 11.382
1791602398.675 103 11.217
1791602398.726 106 11.182
1791602398.760 108 11.167
1791602398.811 111 11.283
1791602398.861 114 11.317
1791602398.895 116 11.315
1791602398.946 119 11.283
1791602398.997 122 11.382
1791602399.031 124 11.275
1791602399.082 127 11.303
1791602399.133 130 11.273
1791602399.167 132 11.246
1791602399.218 135 11.331
1791602399.269 138 11.288
1791602399.303 140 11.319
1791602399.353 143 11.334
1791602399.404 146 11.340
1791602399.438 148 11.303
1791602399.489 151 11.298
1791602399.540 154 11.287
1791602399.574 156 11.260
1791602399.625 159 11.229
1791602399.676 162 11.191
1791602399.710 164 11.231
1791602399.761 167 11.257
1791602399.812 170 11.291
1791602399.845 172 11.304
1791602399.896 175 11.412
1791602399.947 178 11.384
1791602399.981 180 11.375
1791602400.032 183 11.288
1791602400.083 186 11.353
1791602400.117 188 11.506
1791602400.168 191 11.360
1791602400.219 194 11.356
1791602400.253 196 11.346
1791602400.304 199 11.337
1791602400.354 202 11.339
1791602400.388 204 11.344
1791602400.439 207 11.322
1791602400.490 210 11.377
1791602400.524 212 11.291
1791602400.575 215 11.348
1791602400.626 218 11.302
1791602400.660 220 11.389
1791602400.711 223 11.368
1791602400.762 226 11.571
1791602400.796 228 11.315
1791602400.847 231 11.382
1791602400.897 234 11.395
1791602400.931 236 11.430
1791602400.982 239 11.457
1791602401.033 242 11.488
1791602401.067 244 11.335
1791602401.118 247 11.385
1791602401.169 250 11.275
1791602401.203 252 11.291
1791602401.255 255 12.922
1791602401.305 258 11.402
1791602401.339 260 11.500
1791602401.389 263 11.389
1791602401.440 266 11.314
1791602401.474 268 11.310
1791602401.525 271 11.256
1791602401.576 274 11.343
1791602401.610 276 11.332
1791602401.661 279 11.297
1791602401.712 282 11.303
1791602401.746 284 11.311
1791602401.797 287 11.317
1791602401.847 290 11.325
1791602401.881 292 11.332
1791602401.932 295 11.440
1791602401.983 298 11.486
1791602402.017 300 11.396
1791602402.068 303 11.405
1791602402.119 306 11.450
1791602402.153 308 11.308
1791602402.204 311 11.312
1791602402.255 314 11.351
1791602402.289 316 11.327
1791602402.339 319 11.306
1791602402.390 322 11.307
1791602402.424 324 11.236
1791602402.475 327 11.312
1791602402.526 330 11.368
1791602402.560 332 11.356
1791602402.611 335 11.341
1791602402.662 338 11.387
1791602402.696 340 11.475
1791602402.747 343 11.418
1791602402.798 346 11.388
1791602402.832 348 11.352
1791602402.882 351 11.382
1791602402.933 354 11.368
1791602402.967 356 11.374
1791602403.018 359 11.361
1791602403.069 362 11.329
1791602403.103 364 11.378
1791602403.154 367 11.336
1791602403.205 370 11.453
1791602403.239 372 11.354
1791602403.290 375 11.434
1791602403.341 378 11.655
1791602403.375 380 11.439
1791602403.425 383 11.404
1791602403.476 386 11.427
1791602403.510 388 11.638
1791602403.561 391 11.491
1791602403.612 394 11.546
1791602403.646 396 11.430
1791602403.697 399 11.450
1791602403.748 402 11.457
1791602403.782 404 11.438
1791602403.833 407 11.500
1791602403.884 410 11.590
1791602403.918 412 11.529
1791602403.968 415 11.536
1791602404.019 418 11.633
1791602404.054 420 11.787
1791602404.104 423 11.470
1791602404.155 426 11.500
1791602404.189 428 11.414
1791602404.240 431 11.464
1791602404.291 434 11.527
1791602404.325 436 11.472
1791602404.376 439 11.473
1791602404.427 442 11.539
1791602404.460 444 11.541
1791602404.511 447 11.373
1791602404.562 450 11.481
1791602404.596 452 11.410
1791602404.647 455 11.388
1791602404.698 458 11.312
1791602404.732 460 11.278
1791602404.783 463 11.329
