sysbench 1.0.20 (using system LuaJIT 2.1.0-beta3)

Running the test with following options:
Number of threads: 32
Target transaction rate: 1000/sec
Initializing random number generator from current time


Initializing worker threads...

Threads started!

Latency histogram (values are in milliseconds)
       value  ------------- distribution ------------- count
       0.576 |                                         1
       0.587 |                                         6
       0.597 |                                         5
       0.608 |*                                        8
       0.619 |*                                        13
       0.630 |**                                       23
       0.642 |***                                      36
       0.654 |***                                      46
       0.665 |*****                                    72
       0.677 |******                                   77
       0.690 |*******                                  88
       0.702 |******                                   78
       0.715 |*******                                  99
       0.728 |***********                              146
       0.741 |***********                              155
       0.755 |***************                          200
       0.768 |******************                       238
       0.782 |********************                     269
       0.797 |*********************                    290
       0.811 |************************                 318
       0.826 |***************************              365
       0.841 |****************************             380
       0.856 |***************************              362
       0.872 |*******************************          421
       0.888 |********************************         432
       0.904 |***********************************      478
       0.920 |***********************************      473
       0.937 |*********************************        446
       0.954 |*********************************        442
       0.971 |************************************     487
       0.989 |**********************************       464
       1.007 |************************************     492
       1.025 |***********************************      475
       1.044 |*************************************    496
       1.063 |***********************************      479
       1.082 |**************************************   518
       1.102 |**************************************   508
       1.122 |***************************************  521
       1.142 |*************************************    493
       1.163 |*********************************        446
       1.184 |**************************************** 540
       1.205 |************************************     486
       1.227 |**********************************       463
       1.250 |*******************************          423
       1.272 |*****************************            397
       1.295 |*****************************            398
       1.319 |******************************           402
       1.343 |*************************                342
       1.367 |***************************              366
       1.392 |***********************                  309
       1.417 |**********************                   301
       1.443 |*******************                      263
       1.469 |******************                       243
       1.496 |****************                         212
       1.523 |***************                          204
       1.551 |**************                           189
       1.579 |****************                         216
       1.608 |***********                              153
       1.637 |************                             157
       1.667 |***********                              147
       1.697 |*********                                127
       1.728 |*********                                127
       1.759 |********                                 109
       1.791 |********                                 107
       1.824 |********                                 102
       1.857 |*********                                117
       1.891 |*****                                    74
       1.925 |******                                   79
       1.960 |*****                                    61
       1.996 |****                                     59
       2.032 |*****                                    69
       2.069 |*****                                    64
       2.106 |*****                                    62
       2.145 |****                                     56
       2.184 |***                                      39
       2.223 |****                                     56
       2.264 |***                                      38
       2.305 |**                                       29
       2.347 |***                                      45
       2.389 |***                                      34
       2.433 |**                                       22
       2.477 |**                                       27
       2.522 |**                                       23
       2.568 |**                                       29
       2.615 |*                                        18
       2.662 |**                                       21
       2.710 |**                                       29
       2.760 |*                                        19
       2.810 |*                                        17
       2.861 |*                                        20
       2.913 |**                                       25
       2.966 |*                                        16
       3.020 |*                                        16
       3.075 |*                                        17
       3.130 |*                                        17
       3.187 |*                                        15
       3.245 |*                                        19
       3.304 |*                                        20
       3.364 |*                                        20
       3.425 |**                                       21
       3.488 |**                                       23
       3.551 |*                                        13
       3.615 |*                                        16
       3.681 |*                                        20
       3.748 |*                                        14
       3.816 |**                                       22
       3.885 |**                                       22
       3.956 |*                                        18
       4.028 |*                                        17
       4.101 |*                                        17
       4.176 |**                                       21
       4.252 |*                                        18
       4.329 |**                                       28
       4.407 |*                                        14
       4.487 |*                                        20
       4.569 |*                                        14
       4.652 |*                                        12
       4.737 |*                                        11
       4.823 |*                                        9
       4.910 |*                                        12
       4.999 |*                                        14
       5.090 |*                                        10
       5.183 |*                                        10
       5.277 |                                         2
       5.373 |                                         4
       5.470 |                                         4
       5.570 |                                         2
       5.671 |                                         4
       5.774 |                                         5
       5.879 |*                                        7
       5.986 |                                         4
       6.095 |                                         2
       6.205 |                                         2
       6.318 |                                         5
       6.669 |                                         1
       6.790 |                                         2
       7.167 |                                         1
       7.297 |                                         3
       7.430 |                                         1
       7.565 |                                         1
       7.842 |                                         2
       7.985 |                                         2
       8.130 |                                         1
       8.428 |                                         1
       8.737 |                                         1
       8.895 |                                         2
       9.222 |                                         1
       9.560 |                                         1
      11.041 |                                         1
 
SQL statistics:
    queries performed:
        read:                            0
        write:                           19859
        other:                           0
        total:                           19859
    transactions:                        19859  (991.79 per sec.)
    queries:                             19859  (991.79 per sec.)
    ignored errors:                      0      (0.00 per sec.)
    reconnects:                          0      (0.00 per sec.)

General statistics:
    total time:                          20.0230s
    total number of events:              19859

Latency (ms):
         min:                                    0.58
         avg:                                    1.27
         max:                                   11.07
         95th percentile:                        2.26
         sum:                                25163.63

Threads fairness:
    events (avg/stddev):           620.5938/5.31
    execution time (avg/stddev):   0.7864/0.01


