sysbench 1.0.20 (using system LuaJIT 2.1.0-beta3)

Running the test with following options:
Number of threads: 32
Target transaction rate: 1000/sec
Initializing random number generator from current time


Initializing worker threads...

Threads started!

Latency histogram (values are in milliseconds)
       value  ------------- distribution ------------- count
       0.556 |                                         1
       0.576 |                                         1
       0.587 |                                         5
       0.597 |                                         6
       0.608 |                                         8
       0.619 |*                                        22
       0.630 |**                                       42
       0.642 |***                                      57
       0.654 |***                                      61
       0.665 |*****                                    96
       0.677 |*****                                    95
       0.690 |********                                 145
       0.702 |**********                               176
       0.715 |*********                                166
       0.728 |***********                              194
       0.741 |***************                          271
       0.755 |*******************                      330
       0.768 |**********************                   383
       0.782 |*************************                438
       0.797 |***************************              482
       0.811 |*******************************          545
       0.826 |*********************************        586
       0.841 |************************************     635
       0.856 |**************************************   679
       0.872 |**************************************   671
       0.888 |**************************************** 707
       0.904 |*************************************    656
       0.920 |**************************************   675
       0.937 |*************************************    650
       0.954 |***********************************      616
       0.971 |***********************************      620
       0.989 |***********************************      619
       1.007 |**********************************       601
       1.025 |*****************************            514
       1.044 |******************************           529
       1.063 |***************************              469
       1.082 |**************************               468
       1.102 |***************************              484
       1.122 |**********************                   394
       1.142 |*********************                    378
       1.163 |**********************                   387
       1.184 |*******************                      341
       1.205 |********************                     355
       1.227 |******************                       320
       1.250 |****************                         282
       1.272 |***************                          265
       1.295 |*************                            238
       1.319 |*************                            232
       1.343 |************                             208
       1.367 |**********                               185
       1.392 |**********                               168
       1.417 |********                                 150
       1.443 |********                                 143
       1.469 |*******                                  118
       1.496 |*******                                  122
       1.523 |******                                   107
       1.551 |*****                                    94
       1.579 |*****                                    94
       1.608 |*****                                    97
       1.637 |****                                     76
       1.667 |****                                     67
       1.697 |***                                      58
       1.728 |***                                      58
       1.759 |**                                       40
       1.791 |***                                      45
       1.824 |**                                       35
       1.857 |**                                       33
       1.891 |*                                        26
       1.925 |**                                       36
       1.960 |**                                       27
       1.996 |*                                        19
       2.032 |**                                       35
       2.069 |*                                        21
       2.106 |*                                        25
       2.145 |**                                       30
       2.184 |*                                        14
       2.223 |*                                        14
       2.264 |*                                        23
       2.305 |*                                        14
       2.347 |*                                        14
       2.389 |*                                        11
       2.433 |                                         7
       2.477 |*                                        14
       2.522 |*                                        12
       2.568 |*                                        15
       2.615 |*                                        9
       2.662 |*                                        16
       2.710 |*                                        17
       2.760 |*                                        11
       2.810 |*                                        9
       2.861 |*                                        14
       2.913 |*                                        19
       2.966 |*                                        16
       3.020 |*                                        12
       3.075 |*                                        19
       3.130 |*                                        11
       3.187 |*                                        24
       3.245 |*                                        11
       3.304 |*                                        15
       3.364 |*                                        16
       3.425 |*                                        21
       3.488 |*                                        24
       3.551 |*                                        12
       3.615 |*                                        25
       3.681 |*                                        20
       3.748 |*                                        19
       3.816 |*                                        16
       3.885 |*                                        18
       3.956 |*                                        22
       4.028 |*                                        13
       4.101 |*                                        15
       4.176 |*                                        15
       4.252 |*                                        21
       4.329 |*                                        16
       4.407 |*                                        19
       4.487 |*                                        9
       4.569 |*                                        10
       4.652 |*                                        12
       4.737 |*                                        9
       4.823 |*                                        9
       4.910 |                                         5
       4.999 |                                         7
       5.090 |                                         4
       5.183 |                                         3
       5.277 |*                                        9
       5.373 |                                         1
       5.470 |                                         2
       5.570 |                                         4
       5.671 |                                         2
       5.774 |                                         3
       5.879 |                                         2
       5.986 |                                         7
       6.095 |                                         6
       6.205 |                                         3
       6.318 |                                         2
       6.433 |                                         3
       6.550 |                                         1
       6.669 |                                         2
       6.790 |                                         3
       6.913 |                                         3
       7.039 |                                         2
       7.167 |                                         1
       7.430 |                                         3
       7.565 |                                         1
       7.702 |                                         4
       7.842 |                                         2
       7.985 |                                         2
       8.130 |                                         1
       8.428 |                                         2
       8.581 |                                         2
       8.737 |                                         1
       8.895 |                                         1
       9.057 |                                         2
       9.222 |                                         1
       9.389 |                                         3
       9.560 |                                         1
       9.734 |                                         1
       9.910 |                                         2
      10.090 |                                         2
      10.651 |                                         2
      11.041 |                                         1
      11.446 |                                         1
      11.866 |                                         1
      16.706 |                                         1
      17.319 |                                         1
      17.954 |                                         1
      18.612 |                                         1
      18.950 |                                         1
      20.736 |                                         1
      24.384 |                                         2
      24.827 |                                         1
      25.278 |                                         1
      25.737 |                                         2
      26.205 |                                         1
 
SQL statistics:
    queries performed:
        read:                            0
        write:                           19818
        other:                           0
        total:                           19818
    transactions:                        19818  (989.90 per sec.)
    queries:                             19818  (989.90 per sec.)
    ignored errors:                      0      (0.00 per sec.)
    reconnects:                          0      (0.00 per sec.)

General statistics:
    total time:                          20.0198s
    total number of events:              19818

Latency (ms):
         min:                                    0.55
         avg:                                    1.15
         max:                                   26.07
         95th percentile:                        1.93
         sum:                                22791.46

Threads fairness:
    events (avg/stddev):           619.3125/4.74
    execution time (avg/stddev):   0.7122/0.02


