sysbench 1.0.20 (using system LuaJIT 2.1.0-beta3)

Running the test with following options:
Number of threads: 32
Target transaction rate: 1000/sec
Initializing random number generator from current time


Initializing worker threads...

Threads started!

Latency histogram (values are in milliseconds)
       value  ------------- distribution ------------- count
       0.576 |                                         1
       0.587 |                                         7
       0.597 |                                         7
       0.608 |*                                        20
       0.619 |*                                        19
       0.630 |***                                      45
       0.642 |*****                                    70
       0.654 |*****                                    79
       0.665 |*******                                  111
       0.677 |********                                 121
       0.690 |**********                               150
       0.702 |*********                                139
       0.715 |************                             186
       0.728 |**************                           205
       0.741 |******************                       269
       0.755 |*********************                    322
       0.768 |*************************                386
       0.782 |*************************                386
       0.797 |******************************           450
       0.811 |********************************         486
       0.826 |*********************************        508
       0.841 |************************************     541
       0.856 |************************************     542
       0.872 |************************************     547
       0.888 |************************************     551
       0.904 |**************************************** 607
       0.920 |**************************************** 602
       0.937 |**************************************   576
       0.954 |***************************************  590
       0.971 |**************************************** 605
       0.989 |***********************************      538
       1.007 |**********************************       510
       1.025 |***********************************      533
       1.044 |*********************************        500
       1.063 |***********************************      532
       1.082 |********************************         482
       1.102 |*********************************        500
       1.122 |****************************             421
       1.142 |*****************************            443
       1.163 |*************************                375
       1.184 |**************************               393
       1.205 |***************************              407
       1.227 |************************                 366
       1.250 |************************                 361
       1.272 |********************                     297
       1.295 |*******************                      289
       1.319 |*****************                        261
       1.343 |****************                         249
       1.367 |****************                         236
       1.392 |*************                            196
       1.417 |**************                           206
       1.443 |***********                              171
       1.469 |***********                              163
       1.496 |*********                                141
       1.523 |*********                                133
       1.551 |*********                                131
       1.579 |******                                   89
       1.608 |*******                                  110
       1.637 |******                                   85
       1.667 |******                                   88
       1.697 |****                                     66
       1.728 |*****                                    78
       1.759 |****                                     65
       1.791 |****                                     57
       1.824 |***                                      52
       1.857 |****                                     55
       1.891 |**                                       34
       1.925 |**                                       31
       1.960 |***                                      41
       1.996 |**                                       23
       2.032 |**                                       34
       2.069 |**                                       25
       2.106 |**                                       26
       2.145 |**                                       34
       2.184 |**                                       28
       2.223 |**                                       25
       2.264 |*                                        19
       2.305 |**                                       23
       2.347 |*                                        17
       2.389 |*                                        18
       2.433 |*                                        18
       2.477 |*                                        21
       2.522 |*                                        15
       2.568 |*                                        14
       2.615 |*                                        15
       2.662 |*                                        17
       2.710 |*                                        16
       2.760 |*                                        10
       2.810 |*                                        8
       2.861 |*                                        15
       2.913 |*                                        15
       2.966 |*                                        15
       3.020 |*                                        20
       3.075 |*                                        15
       3.130 |*                                        11
       3.187 |*                                        18
       3.245 |*                                        21
       3.304 |*                                        20
       3.364 |*                                        18
       3.425 |*                                        11
       3.488 |*                                        13
       3.551 |*                                        19
       3.615 |*                                        14
       3.681 |**                                       25
       3.748 |*                                        14
       3.816 |*                                        13
       3.885 |*                                        21
       3.956 |*                                        17
       4.028 |*                                        22
       4.101 |*                                        16
       4.176 |*                                        13
       4.252 |*                                        22
       4.329 |*                                        16
       4.407 |*                                        16
       4.487 |*                                        13
       4.569 |                                         7
       4.652 |*                                        11
       4.737 |*                                        11
       4.823 |*                                        12
       4.910 |                                         6
       4.999 |                                         2
       5.090 |                                         1
       5.183 |                                         2
       5.277 |                                         4
       5.373 |                                         3
       5.470 |                                         4
       5.570 |                                         5
       5.671 |                                         7
       5.774 |                                         6
       5.879 |                                         6
       5.986 |                                         3
       6.095 |                                         3
       6.205 |                                         3
       6.318 |                                         4
       6.433 |                                         2
       6.669 |                                         5
       6.790 |                                         4
       6.913 |                                         3
       7.167 |                                         1
       7.430 |                                         1
       7.565 |                                         1
       7.842 |                                         1
       8.277 |                                         1
       8.581 |                                         1
       8.895 |                                         3
 
SQL statistics:
    queries performed:
        read:                            0
        write:                           19775
        other:                           0
        total:                           19775
    transactions:                        19775  (987.94 per sec.)
    queries:                             19775  (987.94 per sec.)
    ignored errors:                      0      (0.00 per sec.)
    reconnects:                          0      (0.00 per sec.)

General statistics:
    total time:                          20.0160s
    total number of events:              19775

Latency (ms):
         min:                                    0.58
         avg:                                    1.15
         max:                                    8.96
         95th percentile:                        1.96
         sum:                                22796.20

Threads fairness:
    events (avg/stddev):           617.9688/4.73
    execution time (avg/stddev):   0.7124/0.01


