3145:C 10 Oct 2026 03:09:36.621 # oO0OoO0OoO0Oo Redis is starting oO0OoO0OoO0Oo
3145:C 10 Oct 2026 03:09:36.621 # Redis version=7.0.15, bits=64, commit=00000000, modified=0, pid=3145, just started
3145:C 10 Oct 2026 03:09:36.621 # Configuration loaded
3145:M 10 Oct 2026 03:09:36.621 * monotonic clock: POSIX clock_gettime
3145:M 10 Oct 2026 03:09:36.622 * Running mode=standalone, port=6390.
3145:M 10 Oct 2026 03:09:36.622 # Server initialized
3145:M 10 Oct 2026 03:09:36.622 # WARNING Memory overcommit must be enabled! Without it, a background save or replication may fail under low memory condition. Being disabled, it can can also cause failures without low memory condition, see https://github.com/jemalloc/jemalloc/issues/1328. To fix this issue add 'vm.overcommit_memory = 1' to /etc/sysctl.conf and then reboot or run the command 'sysctl vm.overcommit_memory=1' for this to take effect.
3145:M 10 Oct 2026 03:09:36.622 * Ready to accept connections
3145:M 10 Oct 2026 03:13:53.724 # WARNING: the new maxmemory value set via CONFIG SET (58720256) is smaller than the current memory usage (67099032). This will result in key eviction and/or the inability to accept new write commands depending on the maxmemory-policy.
3145:M 10 Oct 2026 03:14:02.724 # WARNING: the new maxmemory value set via CONFIG SET (50331648) is smaller than the current memory usage (58674576). This will result in key eviction and/or the inability to accept new write commands depending on the maxmemory-policy.
3145:M 10 Oct 2026 03:14:55.728 # WARNING: the new maxmemory value set via CONFIG SET (58720256) is smaller than the current memory usage (67090968). This will result in key eviction and/or the inability to accept new write commands depending on the maxmemory-policy.
3145:M 10 Oct 2026 03:15:04.730 # WARNING: the new maxmemory value set via CONFIG SET (50331648) is smaller than the current memory usage (58705624). This will result in key eviction and/or the inability to accept new write commands depending on the maxmemory-policy.
3145:M 10 Oct 2026 03:16:54.337 # WARNING: the new maxmemory value set via CONFIG SET (58720256) is smaller than the current memory usage (67102288). This will result in key eviction and/or the inability to accept new write commands depending on the maxmemory-policy.
3145:M 10 Oct 2026 03:17:03.338 # WARNING: the new maxmemory value set via CONFIG SET (50331648) is smaller than the current memory usage (58608856). This will result in key eviction and/or the inability to accept new write commands depending on the maxmemory-policy.
3145:M 10 Oct 2026 03:17:53.343 # WARNING: the new maxmemory value set via CONFIG SET (58720256) is smaller than the current memory usage (67072232). This will result in key eviction and/or the inability to accept new write commands depending on the maxmemory-policy.
3145:M 10 Oct 2026 03:18:02.344 # WARNING: the new maxmemory value set via CONFIG SET (50331648) is smaller than the current memory usage (58624304). This will result in key eviction and/or the inability to accept new write commands depending on the maxmemory-policy.
3145:M 10 Oct 2026 03:25:59.248 # WARNING: the new maxmemory value set via CONFIG SET (58720256) is smaller than the current memory usage (67075232). This will result in key eviction and/or the inability to accept new write commands depending on the maxmemory-policy.
3145:M 10 Oct 2026 03:26:08.248 # WARNING: the new maxmemory value set via CONFIG SET (50331648) is smaller than the current memory usage (58701216). This will result in key eviction and/or the inability to accept new write commands depending on the maxmemory-policy.
3145:M 10 Oct 2026 03:26:59.254 # WARNING: the new maxmemory value set via CONFIG SET (58720256) is smaller than the current memory usage (67046568). This will result in key eviction and/or the inability to accept new write commands depending on the maxmemory-policy.
3145:M 10 Oct 2026 03:27:08.255 # WARNING: the new maxmemory value set via CONFIG SET (50331648) is smaller than the current memory usage (58705248). This will result in key eviction and/or the inability to accept new write commands depending on the maxmemory-policy.
