sysbench 1.0.20 (using system LuaJIT 2.1.0-beta3)

Running the test with following options:
Number of threads: 32
Target transaction rate: 300/sec
Initializing random number generator from current time


Initializing worker threads...

Threads started!

Latency histogram (values are in milliseconds)
       value  ------------- distribution ------------- count
       1.122 |                                         1
       1.142 |                                         6
       1.163 |**                                       23
       1.184 |****                                     63
       1.205 |************                             171
       1.227 |**********************                   327
       1.250 |********************************         466
       1.272 |***********************************      516
       1.295 |*****************************            431
       1.319 |*****************************            422
       1.343 |************************                 346
       1.367 |******************                       266
       1.392 |***************                          224
       1.417 |*************                            191
       1.443 |*************                            196
       1.469 |***************                          221
       1.496 |**********************                   319
       1.523 |**************************               384
       1.551 |***********************************      521
       1.579 |**************************************** 588
       1.608 |*************************************    543
       1.637 |********************************         472
       1.667 |**************************               388
       1.697 |*********************                    304
       1.728 |*******************                      273
       1.759 |****************                         241
       1.791 |**************                           209
       1.824 |*************                            195
       1.857 |**********                               153
       1.891 |*********                                136
       1.925 |*******                                  108
       1.960 |******                                   83
       1.996 |***                                      44
       2.032 |**                                       35
       2.069 |*                                        21
       2.106 |*                                        17
       2.145 |*                                        9
       2.184 |*                                        14
       2.223 |                                         5
       2.264 |                                         6
       2.305 |                                         2
       2.389 |                                         1
       2.433 |                                         1
       2.477 |                                         3
       2.522 |                                         3
       2.966 |                                         1
       4.028 |                                         1
       4.487 |                                         1
       4.910 |                                         1
 
SQL statistics:
    queries performed:
        read:                            125328
        write:                           0
        other:                           17904
        total:                           143232
    transactions:                        8952   (298.23 per sec.)
    queries:                             143232 (4771.67 per sec.)
    ignored errors:                      0      (0.00 per sec.)
    reconnects:                          0      (0.00 per sec.)

General statistics:
    total time:                          30.0161s
    total number of events:              8952

Latency (ms):
         min:                                    1.11
         avg:                                    1.52
         max:                                    4.90
         95th percentile:                        1.89
         sum:                                13586.93

Threads fairness:
    events (avg/stddev):           279.7500/1.44
    execution time (avg/stddev):   0.4246/0.00


