sysbench 1.0.20 (using system LuaJIT 2.1.0-beta3)

Running the test with following options:
Number of threads: 32
Target transaction rate: 300/sec
Initializing random number generator from current time


Initializing worker threads...

Threads started!

Latency histogram (values are in milliseconds)
       value  ------------- distribution ------------- count
       0.768 |                                         1
       0.782 |                                         1
       0.797 |*                                        12
       0.811 |***                                      24
       0.826 |********                                 62
       0.841 |*************                            108
       0.856 |**********************                   178
       0.872 |*******************************          251
       0.888 |**************************************   308
       0.904 |************************************     292
       0.920 |******************************           242
       0.937 |************************                 198
       0.954 |***************************              217
       0.971 |********************************         257
       0.989 |**************************************** 326
       1.007 |**************************************   308
       1.025 |***********************************      283
       1.044 |*****************************            233
       1.063 |**********************                   183
       1.082 |**********************                   183
       1.102 |*****************                        142
       1.122 |*****************                        141
       1.142 |***************                          126
       1.163 |***********                              90
       1.184 |***********                              91
       1.205 |************                             97
       1.227 |***********                              91
       1.250 |*********                                75
       1.272 |*******                                  60
       1.295 |*****                                    42
       1.319 |*****                                    38
       1.343 |*****                                    37
       1.367 |****                                     35
       1.392 |***                                      23
       1.417 |****                                     33
       1.443 |**                                       18
       1.469 |**                                       20
       1.496 |**                                       13
       1.523 |***                                      26
       1.551 |***                                      22
       1.579 |***                                      21
       1.608 |**                                       19
       1.637 |***                                      23
       1.667 |***                                      21
       1.697 |***                                      23
       1.728 |***                                      21
       1.759 |***                                      21
       1.791 |*                                        11
       1.824 |*                                        12
       1.857 |**                                       19
       1.891 |**                                       13
       1.925 |*                                        12
       1.960 |**                                       16
       1.996 |*                                        12
       2.032 |*                                        10
       2.069 |*                                        10
       2.106 |**                                       18
       2.145 |*                                        12
       2.184 |*                                        12
       2.223 |*                                        12
       2.264 |*                                        11
       2.305 |**                                       15
       2.347 |*                                        12
       2.389 |**                                       14
       2.433 |**                                       16
       2.477 |**                                       13
       2.522 |**                                       13
       2.568 |*                                        8
       2.615 |**                                       13
       2.662 |**                                       16
       2.710 |**                                       19
       2.760 |**                                       15
       2.810 |**                                       15
       2.861 |*                                        12
       2.913 |**                                       15
       2.966 |**                                       18
       3.020 |**                                       15
       3.075 |**                                       15
       3.130 |**                                       16
       3.187 |**                                       14
       3.245 |*                                        12
       3.304 |**                                       13
       3.364 |**                                       17
       3.425 |*                                        10
       3.488 |*                                        8
       3.551 |**                                       15
       3.615 |*                                        11
       3.681 |*                                        12
       3.748 |*                                        10
       3.816 |**                                       13
       3.885 |*                                        11
       3.956 |**                                       14
       4.028 |**                                       14
       4.101 |*                                        11
       4.176 |*                                        8
       4.252 |*                                        8
       4.329 |*                                        10
       4.407 |*                                        6
       4.487 |*                                        9
       4.569 |                                         3
       4.652 |                                         3
       4.737 |                                         2
       4.823 |                                         3
       4.910 |                                         3
       4.999 |*                                        6
       5.183 |                                         4
       5.277 |                                         1
       5.373 |                                         2
       5.570 |                                         1
       5.671 |                                         1
       5.774 |                                         2
       5.879 |                                         1
       5.986 |                                         1
       6.318 |                                         1
       6.550 |                                         2
       6.669 |                                         1
       6.790 |                                         3
       7.039 |                                         3
       7.297 |                                         3
       7.565 |                                         2
       7.702 |                                         2
       7.842 |                                         3
       7.985 |                                         3
       8.130 |                                         1
       8.277 |                                         1
       8.428 |                                         1
       8.581 |                                         2
       8.737 |                                         1
       9.222 |                                         2
       9.389 |                                         1
       9.560 |                                         2
       9.734 |                                         3
       9.910 |                                         2
      10.090 |                                         1
      10.274 |                                         2
      10.460 |                                         1
      10.844 |                                         1
      11.041 |                                         1
      11.446 |                                         2
      11.654 |                                         2
      11.866 |                                         1
      12.081 |                                         3
      12.301 |                                         2
      12.524 |                                         2
      12.984 |                                         1
      13.219 |                                         1
      13.460 |                                         3
      13.704 |                                         4
      13.953 |                                         2
      14.207 |                                         2
      14.465 |                                         1
      14.995 |                                         2
      15.268 |                                         2
      15.545 |                                         2
      16.115 |                                         2
      16.408 |                                         2
      16.706 |                                         1
      17.010 |                                         1
      17.319 |                                         1
      17.633 |                                         1
      18.280 |                                         1
      19.645 |                                         1
      20.002 |                                         1
      21.112 |                                         2
      23.101 |                                         1
      33.718 |                                         1
      42.611 |                                         1
      44.173 |                                         1
      44.976 |                                         1
      45.793 |                                         1
      48.335 |                                         1
      50.107 |                                         1
      51.018 |                                         3
      52.889 |                                         1
      54.828 |                                         1
 
SQL statistics:
    queries performed:
        read:                            81732
        write:                           0
        other:                           11676
        total:                           93408
    transactions:                        5838   (291.64 per sec.)
    queries:                             93408  (4666.23 per sec.)
    ignored errors:                      0      (0.00 per sec.)
    reconnects:                          0      (0.00 per sec.)

General statistics:
    total time:                          20.0173s
    total number of events:              5838

Latency (ms):
         min:                                    0.77
         avg:                                    1.54
         max:                                   54.85
         95th percentile:                        3.49
         sum:                                 8967.92

Threads fairness:
    events (avg/stddev):           182.4375/1.25
    execution time (avg/stddev):   0.2802/0.03




sysbench 1.0.20 (using system LuaJIT 2.1.0-beta3)

Running the test with following options:
Number of threads: 32
Target transaction rate: 300/sec
Initializing random number generator from current time


Initializing worker threads...

Threads started!

Latency histogram (values are in milliseconds)
       value  ------------- distribution ------------- count
       0.888 |*                                        2
       0.904 |**                                       7
       0.920 |******                                   17
       0.937 |**********                               28
       0.954 |************                             35
       0.971 |*********                                27
       0.989 |********                                 22
       1.007 |******                                   17
       1.025 |******                                   16
       1.044 |***********                              32
       1.063 |*******                                  20
       1.082 |******************                       51
       1.102 |*****************                        49
       1.122 |*******************                      56
       1.142 |**********************                   63
       1.163 |*************                            37
       1.184 |******************                       52
       1.205 |**************                           40
       1.227 |***********************                  67
       1.250 |***********************                  65
       1.272 |**************************               76
       1.295 |*****************************            82
       1.319 |*****************************            83
       1.343 |*************************                71
       1.367 |****************************             81
       1.392 |*****************************            82
       1.417 |*****************************            84
       1.443 |**************************************   108
       1.469 |*******************************          90
       1.496 |**************************************** 115
       1.523 |*****************************            84
       1.551 |****************************             81
       1.579 |*******************************          89
       1.608 |****************************             80
       1.637 |********************************         93
       1.667 |*********************************        95
       1.697 |**********************************       98
       1.728 |*****************************            82
       1.759 |*****************************            82
       1.791 |*****************************            84
       1.824 |*********************************        94
       1.857 |*******************************          90
       1.891 |********************************         91
       1.925 |***********************                  66
       1.960 |***************************              79
       1.996 |******************************           85
       2.032 |**************************               76
       2.069 |***********************************      101
       2.106 |**************************               74
       2.145 |**************************               75
       2.184 |****************************             81
       2.223 |*************************                73
       2.264 |*****************************            84
       2.305 |*******************************          89
       2.347 |**************************               76
       2.389 |************************                 69
       2.433 |**************************               74
       2.477 |*****************************            84
       2.522 |**************************               76
       2.568 |************************                 70
       2.615 |***************************              78
       2.662 |******************                       53
       2.710 |***********************                  66
       2.760 |***************************              78
       2.810 |*************************                71
       2.861 |******************                       51
       2.913 |**************************               76
       2.966 |***********************                  65
       3.020 |*********************                    59
       3.075 |***********************                  65
       3.130 |******************                       53
       3.187 |***********************                  67
       3.245 |***********************                  66
       3.304 |*********************                    59
       3.364 |************************                 68
       3.425 |********************                     57
       3.488 |*******************                      56
       3.551 |*****************                        48
       3.615 |**********************                   62
       3.681 |***********************                  66
       3.748 |*******************                      56
       3.816 |**********************                   63
       3.885 |**********************                   64
       3.956 |******************                       51
       4.028 |*********************                    61
       4.101 |******************                       53
       4.176 |****************                         47
       4.252 |***************                          44
       4.329 |************                             35
       4.407 |************                             35
       4.487 |*******************                      55
       4.569 |*********                                25
       4.652 |*******                                  19
       4.737 |******                                   16
       4.823 |*******                                  20
       4.910 |****                                     11
       4.999 |***                                      9
       5.090 |****                                     11
       5.183 |***                                      10
       5.277 |**                                       6
       5.373 |*                                        3
       5.470 |*                                        2
       5.570 |                                         1
       5.774 |*                                        3
       5.879 |                                         1
       6.433 |*                                        2
       6.550 |                                         1
       6.790 |                                         1
       6.913 |*                                        2
       7.039 |                                         1
       7.167 |*                                        2
       7.297 |                                         1
       7.430 |*                                        3
       7.565 |                                         1
       7.702 |                                         1
       7.842 |**                                       5
       7.985 |                                         1
       8.130 |*                                        3
       8.277 |*                                        3
       8.428 |*                                        2
       8.581 |*                                        3
       9.222 |                                         1
       9.389 |                                         1
       9.910 |*                                        3
      10.090 |                                         1
      10.274 |                                         1
      10.651 |                                         1
      10.844 |                                         1
      11.041 |*                                        2
      11.654 |*                                        2
      12.081 |                                         1
      12.301 |*                                        2
      12.752 |*                                        3
      13.219 |                                         1
      13.460 |                                         1
      13.704 |                                         1
      14.207 |*                                        2
      15.268 |                                         1
      15.545 |                                         1
      15.828 |*                                        2
      16.408 |                                         1
      18.280 |*                                        2
      19.645 |                                         1
      25.737 |                                         1
      26.205 |                                         1
      27.659 |                                         1
 
SQL statistics:
    queries performed:
        read:                            85148
        write:                           0
        other:                           12164
        total:                           97312
    transactions:                        6082   (303.78 per sec.)
    queries:                             97312  (4860.50 per sec.)
    ignored errors:                      0      (0.00 per sec.)
    reconnects:                          0      (0.00 per sec.)

General statistics:
    total time:                          20.0204s
    total number of events:              6082

Latency (ms):
         min:                                    0.88
         avg:                                    2.39
         max:                                   27.87
         95th percentile:                        4.33
         sum:                                14537.32

Threads fairness:
    events (avg/stddev):           190.0625/1.06
    execution time (avg/stddev):   0.4543/0.01




sysbench 1.0.20 (using system LuaJIT 2.1.0-beta3)

Running the test with following options:
Number of threads: 32
Target transaction rate: 300/sec
Initializing random number generator from current time


Initializing worker threads...

Threads started!

Latency histogram (values are in milliseconds)
       value  ------------- distribution ------------- count
       0.782 |                                         4
       0.797 |*                                        10
       0.811 |****                                     49
       0.826 |*******                                  92
       0.841 |***************                          196
       0.856 |**********************                   275
       0.872 |**********************************       433
       0.888 |*****************************            369
       0.904 |***************************              346
       0.920 |***********************                  299
       0.937 |********************                     254
       0.954 |*********************                    272
       0.971 |****************************             359
       0.989 |**************************************** 509
       1.007 |*************************************    467
       1.025 |****************************             359
       1.044 |*********************                    264
       1.063 |*******************                      246
       1.082 |****************                         199
       1.102 |**************                           177
       1.122 |***********                              140
       1.142 |***********                              143
       1.163 |**********                               125
       1.184 |********                                 101
       1.205 |*******                                  89
       1.227 |*****                                    60
       1.250 |****                                     55
       1.272 |**                                       26
       1.295 |**                                       21
       1.319 |*                                        18
       1.343 |**                                       21
       1.367 |*                                        15
       1.392 |*                                        8
       1.443 |                                         3
       1.469 |                                         4
       1.496 |                                         1
       1.523 |                                         3
       1.551 |                                         1
       1.579 |                                         2
       1.667 |                                         2
       1.960 |                                         1
       1.996 |                                         1
       2.662 |                                         1
       3.551 |                                         1
       5.986 |                                         1
 
SQL statistics:
    queries performed:
        read:                            84308
        write:                           0
        other:                           12044
        total:                           96352
    transactions:                        6022   (300.83 per sec.)
    queries:                             96352  (4813.35 per sec.)
    ignored errors:                      0      (0.00 per sec.)
    reconnects:                          0      (0.00 per sec.)

General statistics:
    total time:                          20.0171s
    total number of events:              6022

Latency (ms):
         min:                                    0.78
         avg:                                    0.99
         max:                                    5.96
         95th percentile:                        1.21
         sum:                                 5973.51

Threads fairness:
    events (avg/stddev):           188.1875/1.21
    execution time (avg/stddev):   0.1867/0.00




sysbench 1.0.20 (using system LuaJIT 2.1.0-beta3)

Running the test with following options:
Number of threads: 32
Target transaction rate: 300/sec
Initializing random number generator from current time


Initializing worker threads...

FATAL: mysql_stmt_prepare() failed
FATAL: MySQL error: 1146 "Table 'sbtest.sbtest7' doesn't exist"
FATAL: `thread_init' function failed: /usr/share/sysbench/oltp_common.lua:284: SQL API error
FATAL: mysql_stmt_prepare() failed
FATAL: MySQL error: 1146 "Table 'sbtest.sbtest7' doesn't exist"
FATAL: `thread_init' function failed: /usr/share/sysbench/oltp_common.lua:284: SQL API error
FATAL: mysql_stmt_prepare() failed
FATAL: MySQL error: 1146 "Table 'sbtest.sbtest7' doesn't exist"
FATAL: `thread_init' function failed: /usr/share/sysbench/oltp_common.lua:284: SQL API error
FATAL: mysql_stmt_prepare() failed
FATAL: MySQL error: 1146 "Table 'sbtest.sbtest7' doesn't exist"
FATAL: `thread_init' function failed: /usr/share/sysbench/oltp_common.lua:284: SQL API error
FATAL: mysql_stmt_prepare() failed
FATAL: MySQL error: 1146 "Table 'sbtest.sbtest7' doesn't exist"
FATAL: `thread_init' function failed: /usr/share/sysbench/oltp_common.lua:284: SQL API error
FATAL: mysql_stmt_prepare() failed
FATAL: MySQL error: 1146 "Table 'sbtest.sbtest7' doesn't exist"
FATAL: `thread_init' function failed: /usr/share/sysbench/oltp_common.lua:284: SQL API error
FATAL: mysql_stmt_prepare() failed
FATAL: MySQL error: 1146 "Table 'sbtest.sbtest7' doesn't exist"
FATAL: `thread_init' function failed: /usr/share/sysbench/oltp_common.lua:284: SQL API error
FATAL: mysql_stmt_prepare() failed
FATAL: MySQL error: 1146 "Table 'sbtest.sbtest7' doesn't exist"
FATAL: `thread_init' function failed: /usr/share/sysbench/oltp_common.lua:284: SQL API error
FATAL: mysql_stmt_prepare() failed
FATAL: MySQL error: 1146 "Table 'sbtest.sbtest7' doesn't exist"
FATAL: `thread_init' function failed: /usr/share/sysbench/oltp_common.lua:284: SQL API error
FATAL: mysql_stmt_prepare() failed
FATAL: MySQL error: 1146 "Table 'sbtest.sbtest7' doesn't exist"
FATAL: `thread_init' function failed: /usr/share/sysbench/oltp_common.lua:284: SQL API error
FATAL: mysql_stmt_prepare() failed
FATAL: MySQL error: 1146 "Table 'sbtest.sbtest7' doesn't exist"
FATAL: `thread_init' function failed: /usr/share/sysbench/oltp_common.lua:284: SQL API error
FATAL: mysql_stmt_prepare() failed
FATAL: MySQL error: 1146 "Table 'sbtest.sbtest7' doesn't exist"
FATAL: `thread_init' function failed: /usr/share/sysbench/oltp_common.lua:284: SQL API error
FATAL: mysql_stmt_prepare() failed
FATAL: MySQL error: 1146 "Table 'sbtest.sbtest7' doesn't exist"
FATAL: `thread_init' function failed: /usr/share/sysbench/oltp_common.lua:284: SQL API error
FATAL: mysql_stmt_prepare() failed
FATAL: MySQL error: 1146 "Table 'sbtest.sbtest7' doesn't exist"
FATAL: `thread_init' function failed: /usr/share/sysbench/oltp_common.lua:284: SQL API error
FATAL: mysql_stmt_prepare() failed
FATAL: MySQL error: 1146 "Table 'sbtest.sbtest7' doesn't exist"
FATAL: `thread_init' function failed: /usr/share/sysbench/oltp_common.lua:284: SQL API error
FATAL: mysql_stmt_prepare() failed
FATAL: MySQL error: 1146 "Table 'sbtest.sbtest7' doesn't exist"
FATAL: `thread_init' function failed: /usr/share/sysbench/oltp_common.lua:284: SQL API error
FATAL: mysql_stmt_prepare() failed
FATAL: MySQL error: 1146 "Table 'sbtest.sbtest7' doesn't exist"
FATAL: `thread_init' function failed: /usr/share/sysbench/oltp_common.lua:284: SQL API error
FATAL: mysql_stmt_prepare() failed
FATAL: MySQL error: 1146 "Table 'sbtest.sbtest7' doesn't exist"
FATAL: `thread_init' function failed: /usr/share/sysbench/oltp_common.lua:284: SQL API error
FATAL: mysql_stmt_prepare() failed
FATAL: MySQL error: 1146 "Table 'sbtest.sbtest7' doesn't exist"
FATAL: `thread_init' function failed: /usr/share/sysbench/oltp_common.lua:284: SQL API error
FATAL: mysql_stmt_prepare() failed
FATAL: MySQL error: 1146 "Table 'sbtest.sbtest7' doesn't exist"
FATAL: `thread_init' function failed: /usr/share/sysbench/oltp_common.lua:284: SQL API error
FATAL: mysql_stmt_prepare() failed
FATAL: MySQL error: 1146 "Table 'sbtest.sbtest7' doesn't exist"
FATAL: `thread_init' function failed: /usr/share/sysbench/oltp_common.lua:284: SQL API error
FATAL: mysql_stmt_prepare() failed
FATAL: MySQL error: 1146 "Table 'sbtest.sbtest7' doesn't exist"
FATAL: `thread_init' function failed: /usr/share/sysbench/oltp_common.lua:284: SQL API error
FATAL: mysql_stmt_prepare() failed
FATAL: MySQL error: 1146 "Table 'sbtest.sbtest7' doesn't exist"
FATAL: `thread_init' function failed: /usr/share/sysbench/oltp_common.lua:284: SQL API error
FATAL: mysql_stmt_prepare() failed
FATAL: MySQL error: 1146 "Table 'sbtest.sbtest7' doesn't exist"
FATAL: `thread_init' function failed: /usr/share/sysbench/oltp_common.lua:284: SQL API error
FATAL: mysql_stmt_prepare() failed
FATAL: MySQL error: 1146 "Table 'sbtest.sbtest7' doesn't exist"
FATAL: `thread_init' function failed: /usr/share/sysbench/oltp_common.lua:284: SQL API error
FATAL: mysql_stmt_prepare() failed
FATAL: MySQL error: 1146 "Table 'sbtest.sbtest7' doesn't exist"
FATAL: `thread_init' function failed: /usr/share/sysbench/oltp_common.lua:284: SQL API error
FATAL: mysql_stmt_prepare() failed
FATAL: MySQL error: 1146 "Table 'sbtest.sbtest7' doesn't exist"
FATAL: `thread_init' function failed: /usr/share/sysbench/oltp_common.lua:284: SQL API error
FATAL: mysql_stmt_prepare() failed
FATAL: MySQL error: 1146 "Table 'sbtest.sbtest7' doesn't exist"
FATAL: `thread_init' function failed: /usr/share/sysbench/oltp_common.lua:284: SQL API error
FATAL: mysql_stmt_prepare() failed
FATAL: MySQL error: 1146 "Table 'sbtest.sbtest7' doesn't exist"
FATAL: `thread_init' function failed: /usr/share/sysbench/oltp_common.lua:284: SQL API error
FATAL: mysql_stmt_prepare() failed
FATAL: MySQL error: 1146 "Table 'sbtest.sbtest7' doesn't exist"
FATAL: `thread_init' function failed: /usr/share/sysbench/oltp_common.lua:284: SQL API error
FATAL: mysql_stmt_prepare() failed
FATAL: MySQL error: 1146 "Table 'sbtest.sbtest7' doesn't exist"
FATAL: `thread_init' function failed: /usr/share/sysbench/oltp_common.lua:284: SQL API error
FATAL: mysql_stmt_prepare() failed
FATAL: MySQL error: 1146 "Table 'sbtest.sbtest7' doesn't exist"
FATAL: `thread_init' function failed: /usr/share/sysbench/oltp_common.lua:284: SQL API error
FATAL: Thread initialization failed!



sysbench 1.0.20 (using system LuaJIT 2.1.0-beta3)

Running the test with following options:
Number of threads: 32
Target transaction rate: 300/sec
Initializing random number generator from current time


Initializing worker threads...

Threads started!

Latency histogram (values are in milliseconds)
       value  ------------- distribution ------------- count
       0.768 |                                         1
       0.782 |                                         4
       0.797 |*                                        15
       0.811 |***                                      45
       0.826 |*******                                  104
       0.841 |*****************                        242
       0.856 |**************************               381
       0.872 |**********************************       487
       0.888 |*********************************        469
       0.904 |**********************                   316
       0.920 |*****************                        242
       0.937 |**************                           197
       0.954 |*******************                      270
       0.971 |******************************           426
       0.989 |**************************************** 577
       1.007 |************************************     517
       1.025 |***********************                  334
       1.044 |**************                           209
       1.063 |************                             170
       1.082 |***********                              155
       1.102 |**********                               141
       1.122 |**********                               142
       1.142 |********                                 115
       1.163 |******                                   89
       1.184 |*******                                  101
       1.205 |******                                   82
       1.227 |***                                      50
       1.250 |*                                        21
       1.272 |*                                        18
       1.295 |*                                        14
       1.319 |*                                        9
       1.343 |                                         3
       1.367 |                                         7
       1.392 |                                         5
       1.417 |                                         3
       1.443 |                                         1
       1.496 |                                         2
       1.667 |                                         1
 
SQL statistics:
    queries performed:
        read:                            83510
        write:                           0
        other:                           11930
        total:                           95440
    transactions:                        5965   (297.88 per sec.)
    queries:                             95440  (4766.16 per sec.)
    ignored errors:                      0      (0.00 per sec.)
    reconnects:                          0      (0.00 per sec.)

General statistics:
    total time:                          20.0239s
    total number of events:              5965

Latency (ms):
         min:                                    0.77
         avg:                                    0.97
         max:                                    1.68
         95th percentile:                        1.18
         sum:                                 5812.30

Threads fairness:
    events (avg/stddev):           186.4062/1.11
    execution time (avg/stddev):   0.1816/0.00




sysbench 1.0.20 (using system LuaJIT 2.1.0-beta3)

Running the test with following options:
Number of threads: 32
Target transaction rate: 300/sec
Initializing random number generator from current time


Initializing worker threads...

Threads started!

Latency histogram (values are in milliseconds)
       value  ------------- distribution ------------- count
       0.841 |                                         1
       0.856 |*                                        8
       0.872 |**                                       22
       0.888 |*******                                  63
       0.904 |****************                         152
       0.920 |**************************               244
       0.937 |******************************           286
       0.954 |***************************              256
       0.971 |*********************                    202
       0.989 |******************                       169
       1.007 |***************                          145
       1.025 |*************************                239
       1.044 |**********************************       323
       1.063 |**************************************** 377
       1.082 |****************************             261
       1.102 |******************************           283
       1.122 |***************************              259
       1.142 |*************************                240
       1.163 |***********************                  221
       1.184 |*********************                    199
       1.205 |*****************                        160
       1.227 |*******************                      180
       1.250 |*********************                    198
       1.272 |********************                     188
       1.295 |**************                           134
       1.319 |**************                           134
       1.343 |**************                           130
       1.367 |************                             111
       1.392 |************                             116
       1.417 |*********                                85
       1.443 |********                                 75
       1.469 |*******                                  67
       1.496 |******                                   58
       1.523 |******                                   55
       1.551 |*****                                    45
       1.579 |*****                                    48
       1.608 |*****                                    45
       1.637 |***                                      29
       1.667 |***                                      25
       1.697 |***                                      26
       1.728 |*                                        12
       1.759 |**                                       17
       1.791 |*                                        7
       1.824 |**                                       17
       1.857 |*                                        13
       1.891 |*                                        6
       1.925 |*                                        8
       1.960 |                                         4
       1.996 |                                         3
       2.032 |                                         4
       2.069 |*                                        5
       2.145 |                                         1
       2.264 |                                         1
       2.305 |                                         1
       2.522 |                                         1
       2.568 |                                         1
       2.760 |                                         1
       3.020 |                                         1
 
SQL statistics:
    queries performed:
        read:                            83468
        write:                           0
        other:                           11924
        total:                           95392
    transactions:                        5962   (297.79 per sec.)
    queries:                             95392  (4764.56 per sec.)
    ignored errors:                      0      (0.00 per sec.)
    reconnects:                          0      (0.00 per sec.)

General statistics:
    total time:                          20.0206s
    total number of events:              5962

Latency (ms):
         min:                                    0.85
         avg:                                    1.15
         max:                                    3.01
         95th percentile:                        1.55
         sum:                                 6883.05

Threads fairness:
    events (avg/stddev):           186.3125/1.04
    execution time (avg/stddev):   0.2151/0.00


