sysbench 1.0.20 (using system LuaJIT 2.1.0-beta3)

Running the test with following options:
Number of threads: 32
Target transaction rate: 1000/sec
Initializing random number generator from current time


Initializing worker threads...

Threads started!

Latency histogram (values are in milliseconds)
       value  ------------- distribution ------------- count
       0.536 |                                         1
       0.546 |                                         1
       0.556 |                                         3
       0.566 |*                                        17
       0.576 |*                                        17
       0.587 |**                                       28
       0.597 |***                                      46
       0.608 |****                                     54
       0.619 |******                                   79
       0.630 |********                                 112
       0.642 |*******                                  100
       0.654 |********                                 114
       0.665 |**********                               134
       0.677 |***********                              155
       0.690 |*************                            177
       0.702 |******************                       244
       0.715 |**********************                   304
       0.728 |************************                 329
       0.741 |************************                 330
       0.755 |*******************************          424
       0.768 |**********************************       463
       0.782 |**********************************       469
       0.797 |*********************************        455
       0.811 |**********************************       465
       0.826 |************************************     495
       0.841 |***********************************      474
       0.856 |***********************************      480
       0.872 |*************************************    505
       0.888 |*************************************    505
       0.904 |*************************************    507
       0.920 |*************************************    503
       0.937 |*************************************    505
       0.954 |*************************************    507
       0.971 |***********************************      478
       0.989 |***************************************  532
       1.007 |************************************     491
       1.025 |**************************************** 544
       1.044 |************************************     495
       1.063 |***************************************  529
       1.082 |************************************     492
       1.102 |***********************************      479
       1.122 |**************************************   517
       1.142 |**********************************       465
       1.163 |************************************     496
       1.184 |****************************             381
       1.205 |*****************************            391
       1.227 |***************************              361
       1.250 |************************                 327
       1.272 |**********************                   305
       1.295 |********************                     271
       1.319 |******************                       238
       1.343 |****************                         222
       1.367 |***************                          200
       1.392 |***************                          203
       1.417 |*************                            176
       1.443 |*************                            172
       1.469 |**********                               140
       1.496 |**********                               137
       1.523 |*********                                122
       1.551 |******                                   85
       1.579 |*******                                  89
       1.608 |*****                                    74
       1.637 |*****                                    74
       1.667 |*****                                    62
       1.697 |****                                     54
       1.728 |****                                     50
       1.759 |****                                     59
       1.791 |***                                      47
       1.824 |**                                       30
       1.857 |***                                      44
       1.891 |**                                       33
       1.925 |**                                       33
       1.960 |***                                      35
       1.996 |*                                        20
       2.032 |***                                      37
       2.069 |**                                       24
       2.106 |**                                       32
       2.145 |**                                       32
       2.184 |**                                       29
       2.223 |*                                        19
       2.264 |**                                       23
       2.305 |*                                        20
       2.347 |**                                       29
       2.389 |**                                       24
       2.433 |**                                       23
       2.477 |**                                       26
       2.522 |**                                       22
       2.568 |**                                       22
       2.615 |**                                       21
       2.662 |**                                       22
       2.710 |**                                       25
       2.760 |**                                       22
       2.810 |*                                        16
       2.861 |*                                        16
       2.913 |*                                        18
       2.966 |*                                        12
       3.020 |*                                        16
       3.075 |*                                        13
       3.130 |**                                       21
       3.187 |*                                        14
       3.245 |*                                        14
       3.304 |*                                        10
       3.364 |                                         6
       3.425 |*                                        8
       3.488 |*                                        7
       3.551 |                                         5
       3.615 |*                                        13
       3.681 |*                                        13
       3.748 |                                         3
       3.816 |                                         5
       3.885 |*                                        8
       3.956 |*                                        7
       4.028 |*                                        7
       4.101 |                                         5
       4.176 |                                         4
       4.252 |*                                        8
       4.329 |                                         4
       4.407 |                                         3
       4.487 |                                         4
       4.569 |                                         3
       4.652 |                                         3
       4.737 |                                         3
       4.823 |                                         3
       4.910 |                                         3
       4.999 |                                         1
       5.090 |                                         3
       5.183 |                                         2
       5.277 |                                         3
       5.373 |                                         3
       5.570 |                                         2
       5.671 |                                         3
       5.774 |                                         3
       5.879 |                                         2
       6.095 |                                         2
       6.433 |                                         1
       6.669 |                                         3
       6.913 |                                         2
       7.039 |                                         1
       7.167 |                                         1
       7.297 |                                         2
       7.430 |                                         2
       7.702 |                                         1
       8.277 |                                         1
       9.222 |                                         1
      10.090 |                                         2
      10.460 |                                         1
      10.844 |                                         1
      11.242 |                                         1
      12.081 |                                         1
      12.984 |                                         1
      13.704 |                                         2
      13.953 |                                         1
      15.545 |                                         1
      16.115 |                                         1
      17.954 |                                         1
      18.950 |                                         1
      20.002 |                                         1
      20.736 |                                         1
      21.112 |                                         1
      21.886 |                                         1
      22.689 |                                         1
      23.948 |                                         2
      25.737 |                                         1
      27.659 |                                         1
      28.673 |                                         1
      29.194 |                                         2
      32.525 |                                         2
      33.116 |                                         2
      34.330 |                                         1
      34.954 |                                         6
      36.894 |                                         1
      40.370 |                                         3
      41.104 |                                         1
      43.385 |                                         1
      44.173 |                                         2
      45.793 |                                         1
      46.625 |                                         1
      48.335 |                                         2
      49.213 |                                         1
      50.107 |                                         1
      51.018 |                                         1
      52.889 |                                         1
      56.839 |                                         1
      57.871 |                                         2
      58.923 |                                         1
      59.993 |                                         1
      61.083 |                                         1
      62.193 |                                         2
      63.323 |                                         5
      64.474 |                                         3
      65.645 |                                         1
      66.838 |                                         2
      68.053 |                                         1
      69.289 |                                         6
      70.548 |                                         4
      71.830 |                                         2
      73.135 |                                         1
      77.194 |                                         1
      78.597 |                                         1
      81.479 |                                         4
      84.467 |                                         2
      86.002 |                                         2
      89.155 |                                         2
      90.775 |                                         2
      92.424 |                                         2
      95.814 |                                         2
      97.555 |                                         2
      99.327 |                                         3
     101.132 |                                         1
     102.969 |                                         4
     104.840 |                                         3
     106.745 |                                         1
     108.685 |                                         3
     110.659 |                                         1
     112.670 |                                         2
     114.717 |                                         4
     116.802 |                                         1
     118.924 |                                         3
     121.085 |                                         6
     123.285 |                                         1
     125.525 |                                         4
     127.805 |                                         1
     130.128 |                                         2
     132.492 |                                         3
     134.899 |                                         2
     137.350 |                                         1
     139.846 |                                         1
     142.387 |                                         5
     144.974 |                                         6
     147.608 |                                         6
     150.290 |                                         6
     153.021 |                                         1
     155.801 |                                         2
     158.632 |                                         3
     161.514 |                                         3
     164.449 |                                         3
     167.437 |                                         4
     170.479 |                                         5
     173.577 |                                         2
     176.731 |                                         3
     179.942 |                                         3
     183.211 |                                         2
     186.540 |*                                        7
     189.929 |                                         3
     193.380 |                                         4
     196.894 |                                         6
     200.472 |                                         6
     204.114 |                                         6
     207.823 |                                         1
 
SQL statistics:
    queries performed:
        read:                            0
        write:                           19961
        other:                           0
        total:                           19961
    transactions:                        19961  (997.17 per sec.)
    queries:                             19961  (997.17 per sec.)
    ignored errors:                      0      (0.00 per sec.)
    reconnects:                          0      (0.00 per sec.)

General statistics:
    total time:                          20.0173s
    total number of events:              19961

Latency (ms):
         min:                                    0.54
         avg:                                    2.39
         max:                                  207.55
         95th percentile:                        2.03
         sum:                                47642.89

Threads fairness:
    events (avg/stddev):           623.7812/3.87
    execution time (avg/stddev):   1.4888/0.09


