sysbench 1.0.20 (using system LuaJIT 2.1.0-beta3)

Running the test with following options:
Number of threads: 32
Target transaction rate: 300/sec
Initializing random number generator from current time


Initializing worker threads...

Threads started!

Latency histogram (values are in milliseconds)
       value  ------------- distribution ------------- count
       2.264 |                                         2
       2.305 |                                         8
       2.347 |*                                        19
       2.389 |***                                      45
       2.433 |*****                                    80
       2.477 |*******                                  124
       2.522 |***********                              178
       2.568 |************                             204
       2.615 |*************                            223
       2.662 |**************                           232
       2.710 |**************                           239
       2.760 |***************                          248
       2.810 |**************                           230
       2.861 |*****************                        285
       2.913 |**********************                   361
       2.966 |*****************************            488
       3.020 |*****************************            492
       3.075 |***********************************      577
       3.130 |**********************************       574
       3.187 |**************************************   639
       3.245 |**************************************** 668
       3.304 |**************************************   636
       3.364 |*******************************          515
       3.425 |***************************              446
       3.488 |********************                     333
       3.551 |*****************                        287
       3.615 |*************                            216
       3.681 |********                                 140
       3.748 |*****                                    88
       3.816 |***                                      56
       3.885 |***                                      55
       3.956 |**                                       39
       4.028 |**                                       27
       4.101 |**                                       31
       4.176 |*                                        23
       4.252 |*                                        12
       4.329 |*                                        10
       4.407 |*                                        9
       4.487 |                                         6
       4.569 |*                                        10
       4.652 |                                         4
       4.737 |                                         8
       4.823 |                                         4
       4.910 |                                         6
       4.999 |                                         6
       5.090 |                                         1
       5.183 |                                         5
       5.277 |                                         2
       5.373 |                                         1
       5.470 |                                         4
       5.671 |                                         2
       5.879 |                                         3
       6.433 |                                         2
       6.550 |                                         1
 
SQL statistics:
    queries performed:
        read:                            124656
        write:                           0
        other:                           17808
        total:                           142464
    transactions:                        8904   (296.61 per sec.)
    queries:                             142464 (4745.77 per sec.)
    ignored errors:                      0      (0.00 per sec.)
    reconnects:                          0      (0.00 per sec.)

General statistics:
    total time:                          30.0188s
    total number of events:              8904

Latency (ms):
         min:                                    2.28
         avg:                                    3.14
         max:                                    6.57
         95th percentile:                        3.68
         sum:                                27942.71

Threads fairness:
    events (avg/stddev):           278.2500/2.14
    execution time (avg/stddev):   0.8732/0.01


