/opt/hostedtoolcache/Java_Temurin-Hotspot_jdk/17.0.20-1/x64/bin/java  -classpath /home/runner/ycsb-mongodb-binding-0.17.0/conf:/home/runner/ycsb-mongodb-binding-0.17.0/lib/HdrHistogram-2.1.4.jar:/home/runner/ycsb-mongodb-binding-0.17.0/lib/core-0.17.0.jar:/home/runner/ycsb-mongodb-binding-0.17.0/lib/htrace-core4-4.1.0-incubating.jar:/home/runner/ycsb-mongodb-binding-0.17.0/lib/jackson-core-asl-1.9.4.jar:/home/runner/ycsb-mongodb-binding-0.17.0/lib/jackson-mapper-asl-1.9.4.jar:/home/runner/ycsb-mongodb-binding-0.17.0/lib/logback-classic-1.1.2.jar:/home/runner/ycsb-mongodb-binding-0.17.0/lib/logback-core-1.1.2.jar:/home/runner/ycsb-mongodb-binding-0.17.0/lib/mongo-java-driver-3.8.0.jar:/home/runner/ycsb-mongodb-binding-0.17.0/lib/mongodb-async-driver-2.0.1.jar:/home/runner/ycsb-mongodb-binding-0.17.0/lib/mongodb-binding-0.17.0.jar:/home/runner/ycsb-mongodb-binding-0.17.0/lib/slf4j-api-1.7.25.jar:/home/runner/ycsb-mongodb-binding-0.17.0/lib/snappy-java-1.1.7.1.jar site.ycsb.Client -t -db site.ycsb.db.MongoDbClient -s -P /home/runner/ycsb-mongodb-binding-0.17.0/workloads/workloadb -p mongodb.url=mongodb://127.0.0.1:27017/ycsb?w=1 -p measurementtype=raw -p measurement.raw.output_file=/home/runner/work/The-Omni-Compass/The-Omni-Compass/out/ycsb-b/rep-1/omni/notch-1.raw -p recordcount=250000 -p operationcount=1000000000 -p maxexecutiontime=20 -p target=3000 -p threads=32 -p insertstart=0 -p insertorder=ordered -p requestdistribution=uniform -p seed=100100
mongo client connection created with mongodb://127.0.0.1:27017/ycsb?w=1
Raw data measurement: will output to result file: /home/runner/work/The-Omni-Compass/The-Omni-Compass/out/ycsb-b/rep-1/omni/notch-1.raw
Raw data measurement: will output to result file: /home/runner/work/The-Omni-Compass/The-Omni-Compass/out/ycsb-b/rep-1/omni/notch-1.raw
Raw data measurement: will output to result file: /home/runner/work/The-Omni-Compass/The-Omni-Compass/out/ycsb-b/rep-1/omni/notch-1.raw
[OVERALL], RunTime(ms), 20002
[OVERALL], Throughput(ops/sec), 2932.5567443255673
[TOTAL_GCS_G1_Young_Generation], Count, 12
[TOTAL_GC_TIME_G1_Young_Generation], Time(ms), 63
[TOTAL_GC_TIME_%_G1_Young_Generation], Time(%), 0.31496850314968505
[TOTAL_GCS_G1_Old_Generation], Count, 0
[TOTAL_GC_TIME_G1_Old_Generation], Time(ms), 0
[TOTAL_GC_TIME_%_G1_Old_Generation], Time(%), 0.0
[TOTAL_GCs], Count, 12
[TOTAL_GC_TIME], Time(ms), 63
[TOTAL_GC_TIME_%], Time(%), 0.31496850314968505
[READ], Total Operations, 55792
[READ], Below is a summary of latency in microseconds:, -1
[READ], Average, 193.3244013478635
[READ], Min, 92
[READ], Max, 54356
[READ], p1, 98
[READ], p5, 102
[READ], p50, 145
[READ], p90, 380
[READ], p95, 437
[READ], p99, 717
[READ], p99.9, 1305
[READ], p99.99, 6384
[READ], Return=OK, 55792
[CLEANUP], Total Operations, 1
[CLEANUP], Below is a summary of latency in microseconds:, -1
[CLEANUP], Average, 1203.0
[CLEANUP], Min, 1203
[CLEANUP], Max, 1203
[CLEANUP], p1, 1203
[CLEANUP], p5, 1203
[CLEANUP], p50, 1203
[CLEANUP], p90, 1203
[CLEANUP], p95, 1203
[CLEANUP], p99, 1203
[CLEANUP], p99.9, 1203
[CLEANUP], p99.99, 1203
[UPDATE], Total Operations, 2865
[UPDATE], Below is a summary of latency in microseconds:, -1
[UPDATE], Average, 322.1047120418848
[UPDATE], Min, 131
[UPDATE], Max, 7794
[UPDATE], p1, 145
[UPDATE], p5, 161
[UPDATE], p50, 258
[UPDATE], p90, 568
[UPDATE], p95, 703
[UPDATE], p99, 988
[UPDATE], p99.9, 2565
[UPDATE], p99.99, 7794
[UPDATE], Return=OK, 2865

Command line: -t -db site.ycsb.db.MongoDbClient -s -P /home/runner/ycsb-mongodb-binding-0.17.0/workloads/workloadb -p mongodb.url=mongodb://127.0.0.1:27017/ycsb?w=1 -p measurementtype=raw -p measurement.raw.output_file=/home/runner/work/The-Omni-Compass/The-Omni-Compass/out/ycsb-b/rep-1/omni/notch-1.raw -p recordcount=250000 -p operationcount=1000000000 -p maxexecutiontime=20 -p target=3000 -p threads=32 -p insertstart=0 -p insertorder=ordered -p requestdistribution=uniform -p seed=100100
YCSB Client 0.17.0

Loading workload...
Starting test.
Maximum execution time specified as: 20 secs
2026-10-08 04:42:32:608 0 sec: 0 operations; est completion in 0 second 
DBWrapper: report latency for each error is false and specific error codes to track for latency are: []
2026-10-08 04:42:42:571 10 sec: 28656 operations; 2865.6 current ops/sec; est completion in 4 days READ count: 27241, average latency(us): 245.04 UPDATE count: 1417, average latency(us): 402.82 
Maximum time elapsed. Requesting stop for the workload.
Stop requested for workload. Now Joining!
2026-10-08 04:42:52:571 20 sec: 58655 operations; 2999.9 current ops/sec; est completion in 3 days 22 hours READ count: 28550, average latency(us): 143.98 UPDATE count: 1448, average latency(us): 243.12 
2026-10-08 04:42:52:573 20 sec: 58657 operations; 1000 current ops/sec; est completion in 3 days 22 hours READ count: 1, average latency(us): 217.00 CLEANUP count: 1, average latency(us): 1203.00  


/opt/hostedtoolcache/Java_Temurin-Hotspot_jdk/17.0.20-1/x64/bin/java  -classpath /home/runner/ycsb-mongodb-binding-0.17.0/conf:/home/runner/ycsb-mongodb-binding-0.17.0/lib/HdrHistogram-2.1.4.jar:/home/runner/ycsb-mongodb-binding-0.17.0/lib/core-0.17.0.jar:/home/runner/ycsb-mongodb-binding-0.17.0/lib/htrace-core4-4.1.0-incubating.jar:/home/runner/ycsb-mongodb-binding-0.17.0/lib/jackson-core-asl-1.9.4.jar:/home/runner/ycsb-mongodb-binding-0.17.0/lib/jackson-mapper-asl-1.9.4.jar:/home/runner/ycsb-mongodb-binding-0.17.0/lib/logback-classic-1.1.2.jar:/home/runner/ycsb-mongodb-binding-0.17.0/lib/logback-core-1.1.2.jar:/home/runner/ycsb-mongodb-binding-0.17.0/lib/mongo-java-driver-3.8.0.jar:/home/runner/ycsb-mongodb-binding-0.17.0/lib/mongodb-async-driver-2.0.1.jar:/home/runner/ycsb-mongodb-binding-0.17.0/lib/mongodb-binding-0.17.0.jar:/home/runner/ycsb-mongodb-binding-0.17.0/lib/slf4j-api-1.7.25.jar:/home/runner/ycsb-mongodb-binding-0.17.0/lib/snappy-java-1.1.7.1.jar site.ycsb.Client -t -db site.ycsb.db.MongoDbClient -s -P /home/runner/ycsb-mongodb-binding-0.17.0/workloads/workloadb -p mongodb.url=mongodb://127.0.0.1:27017/ycsb?w=1 -p measurementtype=raw -p measurement.raw.output_file=/home/runner/work/The-Omni-Compass/The-Omni-Compass/out/ycsb-b/rep-1/omni/notch-2.raw -p recordcount=500000 -p operationcount=1000000000 -p maxexecutiontime=20 -p target=3000 -p threads=32 -p insertstart=0 -p insertorder=ordered -p requestdistribution=uniform -p seed=100101
mongo client connection created with mongodb://127.0.0.1:27017/ycsb?w=1
Raw data measurement: will output to result file: /home/runner/work/The-Omni-Compass/The-Omni-Compass/out/ycsb-b/rep-1/omni/notch-2.raw
Raw data measurement: will output to result file: /home/runner/work/The-Omni-Compass/The-Omni-Compass/out/ycsb-b/rep-1/omni/notch-2.raw
Raw data measurement: will output to result file: /home/runner/work/The-Omni-Compass/The-Omni-Compass/out/ycsb-b/rep-1/omni/notch-2.raw
[OVERALL], RunTime(ms), 20002
[OVERALL], Throughput(ops/sec), 2952.6047395260475
[TOTAL_GCS_G1_Young_Generation], Count, 12
[TOTAL_GC_TIME_G1_Young_Generation], Time(ms), 70
[TOTAL_GC_TIME_%_G1_Young_Generation], Time(%), 0.34996500349965004
[TOTAL_GCS_G1_Old_Generation], Count, 0
[TOTAL_GC_TIME_G1_Old_Generation], Time(ms), 0
[TOTAL_GC_TIME_%_G1_Old_Generation], Time(%), 0.0
[TOTAL_GCs], Count, 12
[TOTAL_GC_TIME], Time(ms), 70
[TOTAL_GC_TIME_%], Time(%), 0.34996500349965004
[READ], Total Operations, 56082
[READ], Below is a summary of latency in microseconds:, -1
[READ], Average, 191.88770015334688
[READ], Min, 90
[READ], Max, 50951
[READ], p1, 102
[READ], p5, 107
[READ], p50, 155
[READ], p90, 359
[READ], p95, 401
[READ], p99, 535
[READ], p99.9, 1187
[READ], p99.99, 8158
[READ], Return=OK, 56082
[CLEANUP], Total Operations, 1
[CLEANUP], Below is a summary of latency in microseconds:, -1
[CLEANUP], Average, 1349.0
[CLEANUP], Min, 1349
[CLEANUP], Max, 1349
[CLEANUP], p1, 1349
[CLEANUP], p5, 1349
[CLEANUP], p50, 1349
[CLEANUP], p90, 1349
[CLEANUP], p95, 1349
[CLEANUP], p99, 1349
[CLEANUP], p99.9, 1349
[CLEANUP], p99.99, 1349
[UPDATE], Total Operations, 2976
[UPDATE], Below is a summary of latency in microseconds:, -1
[UPDATE], Average, 321.4479166666667
[UPDATE], Min, 134
[UPDATE], Max, 21889
[UPDATE], p1, 152
[UPDATE], p5, 169
[UPDATE], p50, 270
[UPDATE], p90, 513
[UPDATE], p95, 589
[UPDATE], p99, 760
[UPDATE], p99.9, 5184
[UPDATE], p99.99, 21889
[UPDATE], Return=OK, 2976

Command line: -t -db site.ycsb.db.MongoDbClient -s -P /home/runner/ycsb-mongodb-binding-0.17.0/workloads/workloadb -p mongodb.url=mongodb://127.0.0.1:27017/ycsb?w=1 -p measurementtype=raw -p measurement.raw.output_file=/home/runner/work/The-Omni-Compass/The-Omni-Compass/out/ycsb-b/rep-1/omni/notch-2.raw -p recordcount=500000 -p operationcount=1000000000 -p maxexecutiontime=20 -p target=3000 -p threads=32 -p insertstart=0 -p insertorder=ordered -p requestdistribution=uniform -p seed=100101
YCSB Client 0.17.0

Loading workload...
Starting test.
Maximum execution time specified as: 20 secs
2026-10-08 04:42:53:113 0 sec: 0 operations; est completion in 0 second 
DBWrapper: report latency for each error is false and specific error codes to track for latency are: []
2026-10-08 04:43:03:079 10 sec: 29057 operations; 2905.7 current ops/sec; est completion in 3 days 23 hours READ count: 27592, average latency(us): 227.02 UPDATE count: 1466, average latency(us): 382.38 
Maximum time elapsed. Requesting stop for the workload.
Stop requested for workload. Now Joining!
2026-10-08 04:43:13:079 20 sec: 59057 operations; 3000 current ops/sec; est completion in 3 days 22 hours READ count: 28489, average latency(us): 157.86 UPDATE count: 1510, average latency(us): 262.29 
2026-10-08 04:43:13:082 20 sec: 59058 operations; 500 current ops/sec; est completion in 3 days 22 hours READ count: 1, average latency(us): 243.00 CLEANUP count: 1, average latency(us): 1349.00  


/opt/hostedtoolcache/Java_Temurin-Hotspot_jdk/17.0.20-1/x64/bin/java  -classpath /home/runner/ycsb-mongodb-binding-0.17.0/conf:/home/runner/ycsb-mongodb-binding-0.17.0/lib/HdrHistogram-2.1.4.jar:/home/runner/ycsb-mongodb-binding-0.17.0/lib/core-0.17.0.jar:/home/runner/ycsb-mongodb-binding-0.17.0/lib/htrace-core4-4.1.0-incubating.jar:/home/runner/ycsb-mongodb-binding-0.17.0/lib/jackson-core-asl-1.9.4.jar:/home/runner/ycsb-mongodb-binding-0.17.0/lib/jackson-mapper-asl-1.9.4.jar:/home/runner/ycsb-mongodb-binding-0.17.0/lib/logback-classic-1.1.2.jar:/home/runner/ycsb-mongodb-binding-0.17.0/lib/logback-core-1.1.2.jar:/home/runner/ycsb-mongodb-binding-0.17.0/lib/mongo-java-driver-3.8.0.jar:/home/runner/ycsb-mongodb-binding-0.17.0/lib/mongodb-async-driver-2.0.1.jar:/home/runner/ycsb-mongodb-binding-0.17.0/lib/mongodb-binding-0.17.0.jar:/home/runner/ycsb-mongodb-binding-0.17.0/lib/slf4j-api-1.7.25.jar:/home/runner/ycsb-mongodb-binding-0.17.0/lib/snappy-java-1.1.7.1.jar site.ycsb.Client -t -db site.ycsb.db.MongoDbClient -s -P /home/runner/ycsb-mongodb-binding-0.17.0/workloads/workloadb -p mongodb.url=mongodb://127.0.0.1:27017/ycsb?w=1 -p measurementtype=raw -p measurement.raw.output_file=/home/runner/work/The-Omni-Compass/The-Omni-Compass/out/ycsb-b/rep-1/omni/notch-3.raw -p recordcount=750000 -p operationcount=1000000000 -p maxexecutiontime=20 -p target=3000 -p threads=32 -p insertstart=0 -p insertorder=ordered -p requestdistribution=uniform -p seed=100102
mongo client connection created with mongodb://127.0.0.1:27017/ycsb?w=1
Raw data measurement: will output to result file: /home/runner/work/The-Omni-Compass/The-Omni-Compass/out/ycsb-b/rep-1/omni/notch-3.raw
Raw data measurement: will output to result file: /home/runner/work/The-Omni-Compass/The-Omni-Compass/out/ycsb-b/rep-1/omni/notch-3.raw
Raw data measurement: will output to result file: /home/runner/work/The-Omni-Compass/The-Omni-Compass/out/ycsb-b/rep-1/omni/notch-3.raw
[OVERALL], RunTime(ms), 20003
[OVERALL], Throughput(ops/sec), 2950.257461380793
[TOTAL_GCS_G1_Young_Generation], Count, 12
[TOTAL_GC_TIME_G1_Young_Generation], Time(ms), 70
[TOTAL_GC_TIME_%_G1_Young_Generation], Time(%), 0.34994750787381895
[TOTAL_GCS_G1_Old_Generation], Count, 0
[TOTAL_GC_TIME_G1_Old_Generation], Time(ms), 0
[TOTAL_GC_TIME_%_G1_Old_Generation], Time(%), 0.0
[TOTAL_GCs], Count, 12
[TOTAL_GC_TIME], Time(ms), 70
[TOTAL_GC_TIME_%], Time(%), 0.34994750787381895
[READ], Total Operations, 56088
[READ], Below is a summary of latency in microseconds:, -1
[READ], Average, 187.3723434602767
[READ], Min, 91
[READ], Max, 51873
[READ], p1, 103
[READ], p5, 112
[READ], p50, 152
[READ], p90, 350
[READ], p95, 397
[READ], p99, 513
[READ], p99.9, 1182
[READ], p99.99, 8091
[READ], Return=OK, 56088
[CLEANUP], Total Operations, 1
[CLEANUP], Below is a summary of latency in microseconds:, -1
[CLEANUP], Average, 1092.0
[CLEANUP], Min, 1092
[CLEANUP], Max, 1092
[CLEANUP], p1, 1092
[CLEANUP], p5, 1092
[CLEANUP], p50, 1092
[CLEANUP], p90, 1092
[CLEANUP], p95, 1092
[CLEANUP], p99, 1092
[CLEANUP], p99.9, 1092
[CLEANUP], p99.99, 1092
[UPDATE], Total Operations, 2926
[UPDATE], Below is a summary of latency in microseconds:, -1
[UPDATE], Average, 322.44634313055366
[UPDATE], Min, 132
[UPDATE], Max, 12653
[UPDATE], p1, 158
[UPDATE], p5, 175
[UPDATE], p50, 279
[UPDATE], p90, 508
[UPDATE], p95, 587
[UPDATE], p99, 790
[UPDATE], p99.9, 1249
[UPDATE], p99.99, 12653
[UPDATE], Return=OK, 2926

Command line: -t -db site.ycsb.db.MongoDbClient -s -P /home/runner/ycsb-mongodb-binding-0.17.0/workloads/workloadb -p mongodb.url=mongodb://127.0.0.1:27017/ycsb?w=1 -p measurementtype=raw -p measurement.raw.output_file=/home/runner/work/The-Omni-Compass/The-Omni-Compass/out/ycsb-b/rep-1/omni/notch-3.raw -p recordcount=750000 -p operationcount=1000000000 -p maxexecutiontime=20 -p target=3000 -p threads=32 -p insertstart=0 -p insertorder=ordered -p requestdistribution=uniform -p seed=100102
YCSB Client 0.17.0

Loading workload...
Starting test.
Maximum execution time specified as: 20 secs
2026-10-08 04:43:13:642 0 sec: 0 operations; est completion in 0 second 
DBWrapper: report latency for each error is false and specific error codes to track for latency are: []
2026-10-08 04:43:23:610 10 sec: 29010 operations; 2901 current ops/sec; est completion in 3 days 23 hours READ count: 27585, average latency(us): 216.48 UPDATE count: 1427, average latency(us): 378.98 
2026-10-08 04:43:33:610 20 sec: 59010 operations; 3000 current ops/sec; est completion in 3 days 22 hours READ count: 28499, average latency(us): 159.18 UPDATE count: 1499, average latency(us): 268.63 
Maximum time elapsed. Requesting stop for the workload.
Stop requested for workload. Now Joining!
2026-10-08 04:43:33:613 20 sec: 59014 operations; 1333.33 current ops/sec; est completion in 3 days 22 hours READ count: 4, average latency(us): 301.75 CLEANUP count: 1, average latency(us): 1092.00  


/opt/hostedtoolcache/Java_Temurin-Hotspot_jdk/17.0.20-1/x64/bin/java  -classpath /home/runner/ycsb-mongodb-binding-0.17.0/conf:/home/runner/ycsb-mongodb-binding-0.17.0/lib/HdrHistogram-2.1.4.jar:/home/runner/ycsb-mongodb-binding-0.17.0/lib/core-0.17.0.jar:/home/runner/ycsb-mongodb-binding-0.17.0/lib/htrace-core4-4.1.0-incubating.jar:/home/runner/ycsb-mongodb-binding-0.17.0/lib/jackson-core-asl-1.9.4.jar:/home/runner/ycsb-mongodb-binding-0.17.0/lib/jackson-mapper-asl-1.9.4.jar:/home/runner/ycsb-mongodb-binding-0.17.0/lib/logback-classic-1.1.2.jar:/home/runner/ycsb-mongodb-binding-0.17.0/lib/logback-core-1.1.2.jar:/home/runner/ycsb-mongodb-binding-0.17.0/lib/mongo-java-driver-3.8.0.jar:/home/runner/ycsb-mongodb-binding-0.17.0/lib/mongodb-async-driver-2.0.1.jar:/home/runner/ycsb-mongodb-binding-0.17.0/lib/mongodb-binding-0.17.0.jar:/home/runner/ycsb-mongodb-binding-0.17.0/lib/slf4j-api-1.7.25.jar:/home/runner/ycsb-mongodb-binding-0.17.0/lib/snappy-java-1.1.7.1.jar site.ycsb.Client -t -db site.ycsb.db.MongoDbClient -s -P /home/runner/ycsb-mongodb-binding-0.17.0/workloads/workloadb -p mongodb.url=mongodb://127.0.0.1:27017/ycsb?w=1 -p measurementtype=raw -p measurement.raw.output_file=/home/runner/work/The-Omni-Compass/The-Omni-Compass/out/ycsb-b/rep-1/omni/notch-4.raw -p recordcount=500000 -p operationcount=1000000000 -p maxexecutiontime=20 -p target=3000 -p threads=32 -p insertstart=0 -p insertorder=ordered -p requestdistribution=uniform -p seed=100103
mongo client connection created with mongodb://127.0.0.1:27017/ycsb?w=1
Raw data measurement: will output to result file: /home/runner/work/The-Omni-Compass/The-Omni-Compass/out/ycsb-b/rep-1/omni/notch-4.raw
Raw data measurement: will output to result file: /home/runner/work/The-Omni-Compass/The-Omni-Compass/out/ycsb-b/rep-1/omni/notch-4.raw
Raw data measurement: will output to result file: /home/runner/work/The-Omni-Compass/The-Omni-Compass/out/ycsb-b/rep-1/omni/notch-4.raw
[OVERALL], RunTime(ms), 20002
[OVERALL], Throughput(ops/sec), 2950.25497450255
[TOTAL_GCS_G1_Young_Generation], Count, 12
[TOTAL_GC_TIME_G1_Young_Generation], Time(ms), 71
[TOTAL_GC_TIME_%_G1_Young_Generation], Time(%), 0.35496450354964504
[TOTAL_GCS_G1_Old_Generation], Count, 0
[TOTAL_GC_TIME_G1_Old_Generation], Time(ms), 0
[TOTAL_GC_TIME_%_G1_Old_Generation], Time(%), 0.0
[TOTAL_GCs], Count, 12
[TOTAL_GC_TIME], Time(ms), 71
[TOTAL_GC_TIME_%], Time(%), 0.35496450354964504
[READ], Total Operations, 56004
[READ], Below is a summary of latency in microseconds:, -1
[READ], Average, 151.37433040497106
[READ], Min, 94
[READ], Max, 45005
[READ], p1, 100
[READ], p5, 103
[READ], p50, 133
[READ], p90, 198
[READ], p95, 232
[READ], p99, 381
[READ], p99.9, 866
[READ], p99.99, 7191
[READ], Return=OK, 56004
[CLEANUP], Total Operations, 1
[CLEANUP], Below is a summary of latency in microseconds:, -1
[CLEANUP], Average, 1145.0
[CLEANUP], Min, 1145
[CLEANUP], Max, 1145
[CLEANUP], p1, 1145
[CLEANUP], p5, 1145
[CLEANUP], p50, 1145
[CLEANUP], p90, 1145
[CLEANUP], p95, 1145
[CLEANUP], p99, 1145
[CLEANUP], p99.9, 1145
[CLEANUP], p99.99, 1145
[UPDATE], Total Operations, 3007
[UPDATE], Below is a summary of latency in microseconds:, -1
[UPDATE], Average, 279.0029930162953
[UPDATE], Min, 133
[UPDATE], Max, 5714
[UPDATE], p1, 146
[UPDATE], p5, 160
[UPDATE], p50, 247
[UPDATE], p90, 410
[UPDATE], p95, 492
[UPDATE], p99, 706
[UPDATE], p99.9, 1766
[UPDATE], p99.99, 5714
[UPDATE], Return=OK, 3007

Command line: -t -db site.ycsb.db.MongoDbClient -s -P /home/runner/ycsb-mongodb-binding-0.17.0/workloads/workloadb -p mongodb.url=mongodb://127.0.0.1:27017/ycsb?w=1 -p measurementtype=raw -p measurement.raw.output_file=/home/runner/work/The-Omni-Compass/The-Omni-Compass/out/ycsb-b/rep-1/omni/notch-4.raw -p recordcount=500000 -p operationcount=1000000000 -p maxexecutiontime=20 -p target=3000 -p threads=32 -p insertstart=0 -p insertorder=ordered -p requestdistribution=uniform -p seed=100103
YCSB Client 0.17.0

Loading workload...
Starting test.
Maximum execution time specified as: 20 secs
2026-10-08 04:43:34:143 0 sec: 0 operations; est completion in 0 second 
DBWrapper: report latency for each error is false and specific error codes to track for latency are: []
2026-10-08 04:43:44:106 10 sec: 29009 operations; 2900.9 current ops/sec; est completion in 3 days 23 hours READ count: 27584, average latency(us): 168.58 UPDATE count: 1426, average latency(us): 336.81 
Maximum time elapsed. Requesting stop for the workload.
2026-10-08 04:43:54:106 20 sec: 59009 operations; 3000 current ops/sec; est completion in 3 days 22 hours READ count: 28418, average latency(us): 134.67 UPDATE count: 1581, average latency(us): 226.87 
Stop requested for workload. Now Joining!
2026-10-08 04:43:54:108 20 sec: 59011 operations; 1000 current ops/sec; est completion in 3 days 22 hours READ count: 2, average latency(us): 296.00 CLEANUP count: 1, average latency(us): 1145.00  


/opt/hostedtoolcache/Java_Temurin-Hotspot_jdk/17.0.20-1/x64/bin/java  -classpath /home/runner/ycsb-mongodb-binding-0.17.0/conf:/home/runner/ycsb-mongodb-binding-0.17.0/lib/HdrHistogram-2.1.4.jar:/home/runner/ycsb-mongodb-binding-0.17.0/lib/core-0.17.0.jar:/home/runner/ycsb-mongodb-binding-0.17.0/lib/htrace-core4-4.1.0-incubating.jar:/home/runner/ycsb-mongodb-binding-0.17.0/lib/jackson-core-asl-1.9.4.jar:/home/runner/ycsb-mongodb-binding-0.17.0/lib/jackson-mapper-asl-1.9.4.jar:/home/runner/ycsb-mongodb-binding-0.17.0/lib/logback-classic-1.1.2.jar:/home/runner/ycsb-mongodb-binding-0.17.0/lib/logback-core-1.1.2.jar:/home/runner/ycsb-mongodb-binding-0.17.0/lib/mongo-java-driver-3.8.0.jar:/home/runner/ycsb-mongodb-binding-0.17.0/lib/mongodb-async-driver-2.0.1.jar:/home/runner/ycsb-mongodb-binding-0.17.0/lib/mongodb-binding-0.17.0.jar:/home/runner/ycsb-mongodb-binding-0.17.0/lib/slf4j-api-1.7.25.jar:/home/runner/ycsb-mongodb-binding-0.17.0/lib/snappy-java-1.1.7.1.jar site.ycsb.Client -t -db site.ycsb.db.MongoDbClient -s -P /home/runner/ycsb-mongodb-binding-0.17.0/workloads/workloadb -p mongodb.url=mongodb://127.0.0.1:27017/ycsb?w=1 -p measurementtype=raw -p measurement.raw.output_file=/home/runner/work/The-Omni-Compass/The-Omni-Compass/out/ycsb-b/rep-1/omni/notch-5.raw -p recordcount=750000 -p operationcount=1000000000 -p maxexecutiontime=20 -p target=3000 -p threads=32 -p insertstart=0 -p insertorder=ordered -p requestdistribution=uniform -p seed=100104
mongo client connection created with mongodb://127.0.0.1:27017/ycsb?w=1
Raw data measurement: will output to result file: /home/runner/work/The-Omni-Compass/The-Omni-Compass/out/ycsb-b/rep-1/omni/notch-5.raw
Raw data measurement: will output to result file: /home/runner/work/The-Omni-Compass/The-Omni-Compass/out/ycsb-b/rep-1/omni/notch-5.raw
Raw data measurement: will output to result file: /home/runner/work/The-Omni-Compass/The-Omni-Compass/out/ycsb-b/rep-1/omni/notch-5.raw
[OVERALL], RunTime(ms), 20002
[OVERALL], Throughput(ops/sec), 2951.2548745125487
[TOTAL_GCS_G1_Young_Generation], Count, 12
[TOTAL_GC_TIME_G1_Young_Generation], Time(ms), 69
[TOTAL_GC_TIME_%_G1_Young_Generation], Time(%), 0.34496550344965504
[TOTAL_GCS_G1_Old_Generation], Count, 0
[TOTAL_GC_TIME_G1_Old_Generation], Time(ms), 0
[TOTAL_GC_TIME_%_G1_Old_Generation], Time(%), 0.0
[TOTAL_GCs], Count, 12
[TOTAL_GC_TIME], Time(ms), 69
[TOTAL_GC_TIME_%], Time(%), 0.34496550344965504
[READ], Total Operations, 56120
[READ], Below is a summary of latency in microseconds:, -1
[READ], Average, 158.25513186029937
[READ], Min, 93
[READ], Max, 47190
[READ], p1, 100
[READ], p5, 105
[READ], p50, 137
[READ], p90, 206
[READ], p95, 249
[READ], p99, 461
[READ], p99.9, 1086
[READ], p99.99, 8363
[READ], Return=OK, 56120
[CLEANUP], Total Operations, 1
[CLEANUP], Below is a summary of latency in microseconds:, -1
[CLEANUP], Average, 1196.0
[CLEANUP], Min, 1196
[CLEANUP], Max, 1196
[CLEANUP], p1, 1196
[CLEANUP], p5, 1196
[CLEANUP], p50, 1196
[CLEANUP], p90, 1196
[CLEANUP], p95, 1196
[CLEANUP], p99, 1196
[CLEANUP], p99.9, 1196
[CLEANUP], p99.99, 1196
[UPDATE], Total Operations, 2911
[UPDATE], Below is a summary of latency in microseconds:, -1
[UPDATE], Average, 283.4228787358296
[UPDATE], Min, 131
[UPDATE], Max, 11717
[UPDATE], p1, 151
[UPDATE], p5, 164
[UPDATE], p50, 250
[UPDATE], p90, 418
[UPDATE], p95, 495
[UPDATE], p99, 691
[UPDATE], p99.9, 1760
[UPDATE], p99.99, 11717
[UPDATE], Return=OK, 2911

Command line: -t -db site.ycsb.db.MongoDbClient -s -P /home/runner/ycsb-mongodb-binding-0.17.0/workloads/workloadb -p mongodb.url=mongodb://127.0.0.1:27017/ycsb?w=1 -p measurementtype=raw -p measurement.raw.output_file=/home/runner/work/The-Omni-Compass/The-Omni-Compass/out/ycsb-b/rep-1/omni/notch-5.raw -p recordcount=750000 -p operationcount=1000000000 -p maxexecutiontime=20 -p target=3000 -p threads=32 -p insertstart=0 -p insertorder=ordered -p requestdistribution=uniform -p seed=100104
YCSB Client 0.17.0

Loading workload...
Starting test.
Maximum execution time specified as: 20 secs
2026-10-08 04:43:54:638 0 sec: 0 operations; est completion in 0 second 
DBWrapper: report latency for each error is false and specific error codes to track for latency are: []
2026-10-08 04:44:04:605 10 sec: 29030 operations; 2903 current ops/sec; est completion in 3 days 23 hours READ count: 27642, average latency(us): 175.60 UPDATE count: 1389, average latency(us): 327.77 
Maximum time elapsed. Requesting stop for the workload.
Stop requested for workload. Now Joining!
2026-10-08 04:44:14:604 20 sec: 59030 operations; 3000 current ops/sec; est completion in 3 days 22 hours READ count: 28478, average latency(us): 141.42 UPDATE count: 1522, average latency(us): 242.95 
2026-10-08 04:44:14:606 20 sec: 59031 operations; 500 current ops/sec; est completion in 3 days 22 hours  CLEANUP count: 1, average latency(us): 1196.00  


/opt/hostedtoolcache/Java_Temurin-Hotspot_jdk/17.0.20-1/x64/bin/java  -classpath /home/runner/ycsb-mongodb-binding-0.17.0/conf:/home/runner/ycsb-mongodb-binding-0.17.0/lib/HdrHistogram-2.1.4.jar:/home/runner/ycsb-mongodb-binding-0.17.0/lib/core-0.17.0.jar:/home/runner/ycsb-mongodb-binding-0.17.0/lib/htrace-core4-4.1.0-incubating.jar:/home/runner/ycsb-mongodb-binding-0.17.0/lib/jackson-core-asl-1.9.4.jar:/home/runner/ycsb-mongodb-binding-0.17.0/lib/jackson-mapper-asl-1.9.4.jar:/home/runner/ycsb-mongodb-binding-0.17.0/lib/logback-classic-1.1.2.jar:/home/runner/ycsb-mongodb-binding-0.17.0/lib/logback-core-1.1.2.jar:/home/runner/ycsb-mongodb-binding-0.17.0/lib/mongo-java-driver-3.8.0.jar:/home/runner/ycsb-mongodb-binding-0.17.0/lib/mongodb-async-driver-2.0.1.jar:/home/runner/ycsb-mongodb-binding-0.17.0/lib/mongodb-binding-0.17.0.jar:/home/runner/ycsb-mongodb-binding-0.17.0/lib/slf4j-api-1.7.25.jar:/home/runner/ycsb-mongodb-binding-0.17.0/lib/snappy-java-1.1.7.1.jar site.ycsb.Client -t -db site.ycsb.db.MongoDbClient -s -P /home/runner/ycsb-mongodb-binding-0.17.0/workloads/workloadb -p mongodb.url=mongodb://127.0.0.1:27017/ycsb?w=1 -p measurementtype=raw -p measurement.raw.output_file=/home/runner/work/The-Omni-Compass/The-Omni-Compass/out/ycsb-b/rep-1/omni/notch-6.raw -p recordcount=1000000 -p operationcount=1000000000 -p maxexecutiontime=20 -p target=3000 -p threads=32 -p insertstart=0 -p insertorder=ordered -p requestdistribution=uniform -p seed=100105
mongo client connection created with mongodb://127.0.0.1:27017/ycsb?w=1
Raw data measurement: will output to result file: /home/runner/work/The-Omni-Compass/The-Omni-Compass/out/ycsb-b/rep-1/omni/notch-6.raw
Raw data measurement: will output to result file: /home/runner/work/The-Omni-Compass/The-Omni-Compass/out/ycsb-b/rep-1/omni/notch-6.raw
Raw data measurement: will output to result file: /home/runner/work/The-Omni-Compass/The-Omni-Compass/out/ycsb-b/rep-1/omni/notch-6.raw
[OVERALL], RunTime(ms), 20003
[OVERALL], Throughput(ops/sec), 2950.0574913762935
[TOTAL_GCS_G1_Young_Generation], Count, 12
[TOTAL_GC_TIME_G1_Young_Generation], Time(ms), 68
[TOTAL_GC_TIME_%_G1_Young_Generation], Time(%), 0.33994900764885266
[TOTAL_GCS_G1_Old_Generation], Count, 0
[TOTAL_GC_TIME_G1_Old_Generation], Time(ms), 0
[TOTAL_GC_TIME_%_G1_Old_Generation], Time(%), 0.0
[TOTAL_GCs], Count, 12
[TOTAL_GC_TIME], Time(ms), 68
[TOTAL_GC_TIME_%], Time(%), 0.33994900764885266
[READ], Total Operations, 56037
[READ], Below is a summary of latency in microseconds:, -1
[READ], Average, 179.35895925906098
[READ], Min, 96
[READ], Max, 44846
[READ], p1, 102
[READ], p5, 109
[READ], p50, 148
[READ], p90, 332
[READ], p95, 386
[READ], p99, 522
[READ], p99.9, 1099
[READ], p99.99, 7125
[READ], Return=OK, 56037
[CLEANUP], Total Operations, 1
[CLEANUP], Below is a summary of latency in microseconds:, -1
[CLEANUP], Average, 1163.0
[CLEANUP], Min, 1163
[CLEANUP], Max, 1163
[CLEANUP], p1, 1163
[CLEANUP], p5, 1163
[CLEANUP], p50, 1163
[CLEANUP], p90, 1163
[CLEANUP], p95, 1163
[CLEANUP], p99, 1163
[CLEANUP], p99.9, 1163
[CLEANUP], p99.99, 1163
[UPDATE], Total Operations, 2973
[UPDATE], Below is a summary of latency in microseconds:, -1
[UPDATE], Average, 308.38042381432894
[UPDATE], Min, 143
[UPDATE], Max, 7422
[UPDATE], p1, 153
[UPDATE], p5, 165
[UPDATE], p50, 270
[UPDATE], p90, 490
[UPDATE], p95, 559
[UPDATE], p99, 770
[UPDATE], p99.9, 1688
[UPDATE], p99.99, 7422
[UPDATE], Return=OK, 2973

Command line: -t -db site.ycsb.db.MongoDbClient -s -P /home/runner/ycsb-mongodb-binding-0.17.0/workloads/workloadb -p mongodb.url=mongodb://127.0.0.1:27017/ycsb?w=1 -p measurementtype=raw -p measurement.raw.output_file=/home/runner/work/The-Omni-Compass/The-Omni-Compass/out/ycsb-b/rep-1/omni/notch-6.raw -p recordcount=1000000 -p operationcount=1000000000 -p maxexecutiontime=20 -p target=3000 -p threads=32 -p insertstart=0 -p insertorder=ordered -p requestdistribution=uniform -p seed=100105
YCSB Client 0.17.0

Loading workload...
Starting test.
Maximum execution time specified as: 20 secs
2026-10-08 04:44:15:134 0 sec: 0 operations; est completion in 0 second 
DBWrapper: report latency for each error is false and specific error codes to track for latency are: []
2026-10-08 04:44:25:101 10 sec: 29009 operations; 2900.61 current ops/sec; est completion in 3 days 23 hours READ count: 27553, average latency(us): 205.48 UPDATE count: 1457, average latency(us): 370.64 
Maximum time elapsed. Requesting stop for the workload.
Stop requested for workload. Now Joining!
2026-10-08 04:44:35:101 20 sec: 59009 operations; 3000 current ops/sec; est completion in 3 days 22 hours READ count: 28483, average latency(us): 154.09 UPDATE count: 1516, average latency(us): 248.54 
2026-10-08 04:44:35:103 20 sec: 59010 operations; 500 current ops/sec; est completion in 3 days 22 hours READ count: 1, average latency(us): 246.00 CLEANUP count: 1, average latency(us): 1163.00  


/opt/hostedtoolcache/Java_Temurin-Hotspot_jdk/17.0.20-1/x64/bin/java  -classpath /home/runner/ycsb-mongodb-binding-0.17.0/conf:/home/runner/ycsb-mongodb-binding-0.17.0/lib/HdrHistogram-2.1.4.jar:/home/runner/ycsb-mongodb-binding-0.17.0/lib/core-0.17.0.jar:/home/runner/ycsb-mongodb-binding-0.17.0/lib/htrace-core4-4.1.0-incubating.jar:/home/runner/ycsb-mongodb-binding-0.17.0/lib/jackson-core-asl-1.9.4.jar:/home/runner/ycsb-mongodb-binding-0.17.0/lib/jackson-mapper-asl-1.9.4.jar:/home/runner/ycsb-mongodb-binding-0.17.0/lib/logback-classic-1.1.2.jar:/home/runner/ycsb-mongodb-binding-0.17.0/lib/logback-core-1.1.2.jar:/home/runner/ycsb-mongodb-binding-0.17.0/lib/mongo-java-driver-3.8.0.jar:/home/runner/ycsb-mongodb-binding-0.17.0/lib/mongodb-async-driver-2.0.1.jar:/home/runner/ycsb-mongodb-binding-0.17.0/lib/mongodb-binding-0.17.0.jar:/home/runner/ycsb-mongodb-binding-0.17.0/lib/slf4j-api-1.7.25.jar:/home/runner/ycsb-mongodb-binding-0.17.0/lib/snappy-java-1.1.7.1.jar site.ycsb.Client -t -db site.ycsb.db.MongoDbClient -s -P /home/runner/ycsb-mongodb-binding-0.17.0/workloads/workloadb -p mongodb.url=mongodb://127.0.0.1:27017/ycsb?w=1 -p measurementtype=raw -p measurement.raw.output_file=/home/runner/work/The-Omni-Compass/The-Omni-Compass/out/ycsb-b/rep-1/omni/notch-7.raw -p recordcount=1250000 -p operationcount=1000000000 -p maxexecutiontime=20 -p target=3000 -p threads=32 -p insertstart=0 -p insertorder=ordered -p requestdistribution=uniform -p seed=100106
mongo client connection created with mongodb://127.0.0.1:27017/ycsb?w=1
Raw data measurement: will output to result file: /home/runner/work/The-Omni-Compass/The-Omni-Compass/out/ycsb-b/rep-1/omni/notch-7.raw
Raw data measurement: will output to result file: /home/runner/work/The-Omni-Compass/The-Omni-Compass/out/ycsb-b/rep-1/omni/notch-7.raw
Raw data measurement: will output to result file: /home/runner/work/The-Omni-Compass/The-Omni-Compass/out/ycsb-b/rep-1/omni/notch-7.raw
[OVERALL], RunTime(ms), 20003
[OVERALL], Throughput(ops/sec), 2953.806928960656
[TOTAL_GCS_G1_Young_Generation], Count, 12
[TOTAL_GC_TIME_G1_Young_Generation], Time(ms), 68
[TOTAL_GC_TIME_%_G1_Young_Generation], Time(%), 0.33994900764885266
[TOTAL_GCS_G1_Old_Generation], Count, 0
[TOTAL_GC_TIME_G1_Old_Generation], Time(ms), 0
[TOTAL_GC_TIME_%_G1_Old_Generation], Time(%), 0.0
[TOTAL_GCs], Count, 12
[TOTAL_GC_TIME], Time(ms), 68
[TOTAL_GC_TIME_%], Time(%), 0.33994900764885266
[READ], Total Operations, 56114
[READ], Below is a summary of latency in microseconds:, -1
[READ], Average, 188.0191396086538
[READ], Min, 96
[READ], Max, 50352
[READ], p1, 104
[READ], p5, 115
[READ], p50, 159
[READ], p90, 338
[READ], p95, 392
[READ], p99, 503
[READ], p99.9, 1059
[READ], p99.99, 6646
[READ], Return=OK, 56114
[CLEANUP], Total Operations, 1
[CLEANUP], Below is a summary of latency in microseconds:, -1
[CLEANUP], Average, 1368.0
[CLEANUP], Min, 1368
[CLEANUP], Max, 1368
[CLEANUP], p1, 1368
[CLEANUP], p5, 1368
[CLEANUP], p50, 1368
[CLEANUP], p90, 1368
[CLEANUP], p95, 1368
[CLEANUP], p99, 1368
[CLEANUP], p99.9, 1368
[CLEANUP], p99.99, 1368
[UPDATE], Total Operations, 2971
[UPDATE], Below is a summary of latency in microseconds:, -1
[UPDATE], Average, 315.08852238303604
[UPDATE], Min, 144
[UPDATE], Max, 5295
[UPDATE], p1, 161
[UPDATE], p5, 178
[UPDATE], p50, 276
[UPDATE], p90, 498
[UPDATE], p95, 572
[UPDATE], p99, 757
[UPDATE], p99.9, 1246
[UPDATE], p99.99, 5295
[UPDATE], Return=OK, 2971

Command line: -t -db site.ycsb.db.MongoDbClient -s -P /home/runner/ycsb-mongodb-binding-0.17.0/workloads/workloadb -p mongodb.url=mongodb://127.0.0.1:27017/ycsb?w=1 -p measurementtype=raw -p measurement.raw.output_file=/home/runner/work/The-Omni-Compass/The-Omni-Compass/out/ycsb-b/rep-1/omni/notch-7.raw -p recordcount=1250000 -p operationcount=1000000000 -p maxexecutiontime=20 -p target=3000 -p threads=32 -p insertstart=0 -p insertorder=ordered -p requestdistribution=uniform -p seed=100106
YCSB Client 0.17.0

Loading workload...
Starting test.
Maximum execution time specified as: 20 secs
2026-10-08 04:44:35:616 0 sec: 0 operations; est completion in 0 second 
DBWrapper: report latency for each error is false and specific error codes to track for latency are: []
2026-10-08 04:44:45:580 10 sec: 29084 operations; 2908.11 current ops/sec; est completion in 3 days 23 hours READ count: 27577, average latency(us): 208.43 UPDATE count: 1509, average latency(us): 359.47 
Maximum time elapsed. Requesting stop for the workload.
Stop requested for workload. Now Joining!
2026-10-08 04:44:55:580 20 sec: 59084 operations; 3000.3 current ops/sec; est completion in 3 days 22 hours READ count: 28536, average latency(us): 168.27 UPDATE count: 1462, average latency(us): 269.29 
2026-10-08 04:44:55:582 20 sec: 59085 operations; 333.33 current ops/sec; est completion in 3 days 22 hours READ count: 1, average latency(us): 823.00 CLEANUP count: 1, average latency(us): 1368.00  


/opt/hostedtoolcache/Java_Temurin-Hotspot_jdk/17.0.20-1/x64/bin/java  -classpath /home/runner/ycsb-mongodb-binding-0.17.0/conf:/home/runner/ycsb-mongodb-binding-0.17.0/lib/HdrHistogram-2.1.4.jar:/home/runner/ycsb-mongodb-binding-0.17.0/lib/core-0.17.0.jar:/home/runner/ycsb-mongodb-binding-0.17.0/lib/htrace-core4-4.1.0-incubating.jar:/home/runner/ycsb-mongodb-binding-0.17.0/lib/jackson-core-asl-1.9.4.jar:/home/runner/ycsb-mongodb-binding-0.17.0/lib/jackson-mapper-asl-1.9.4.jar:/home/runner/ycsb-mongodb-binding-0.17.0/lib/logback-classic-1.1.2.jar:/home/runner/ycsb-mongodb-binding-0.17.0/lib/logback-core-1.1.2.jar:/home/runner/ycsb-mongodb-binding-0.17.0/lib/mongo-java-driver-3.8.0.jar:/home/runner/ycsb-mongodb-binding-0.17.0/lib/mongodb-async-driver-2.0.1.jar:/home/runner/ycsb-mongodb-binding-0.17.0/lib/mongodb-binding-0.17.0.jar:/home/runner/ycsb-mongodb-binding-0.17.0/lib/slf4j-api-1.7.25.jar:/home/runner/ycsb-mongodb-binding-0.17.0/lib/snappy-java-1.1.7.1.jar site.ycsb.Client -t -db site.ycsb.db.MongoDbClient -s -P /home/runner/ycsb-mongodb-binding-0.17.0/workloads/workloadb -p mongodb.url=mongodb://127.0.0.1:27017/ycsb?w=1 -p measurementtype=raw -p measurement.raw.output_file=/home/runner/work/The-Omni-Compass/The-Omni-Compass/out/ycsb-b/rep-1/omni/notch-8.raw -p recordcount=1500000 -p operationcount=1000000000 -p maxexecutiontime=20 -p target=3000 -p threads=32 -p insertstart=0 -p insertorder=ordered -p requestdistribution=uniform -p seed=100107
mongo client connection created with mongodb://127.0.0.1:27017/ycsb?w=1
Raw data measurement: will output to result file: /home/runner/work/The-Omni-Compass/The-Omni-Compass/out/ycsb-b/rep-1/omni/notch-8.raw
Raw data measurement: will output to result file: /home/runner/work/The-Omni-Compass/The-Omni-Compass/out/ycsb-b/rep-1/omni/notch-8.raw
Raw data measurement: will output to result file: /home/runner/work/The-Omni-Compass/The-Omni-Compass/out/ycsb-b/rep-1/omni/notch-8.raw
[OVERALL], RunTime(ms), 20002
[OVERALL], Throughput(ops/sec), 2952.054794520548
[TOTAL_GCS_G1_Young_Generation], Count, 12
[TOTAL_GC_TIME_G1_Young_Generation], Time(ms), 72
[TOTAL_GC_TIME_%_G1_Young_Generation], Time(%), 0.35996400359964004
[TOTAL_GCS_G1_Old_Generation], Count, 0
[TOTAL_GC_TIME_G1_Old_Generation], Time(ms), 0
[TOTAL_GC_TIME_%_G1_Old_Generation], Time(%), 0.0
[TOTAL_GCs], Count, 12
[TOTAL_GC_TIME], Time(ms), 72
[TOTAL_GC_TIME_%], Time(%), 0.35996400359964004
[READ], Total Operations, 56110
[READ], Below is a summary of latency in microseconds:, -1
[READ], Average, 187.77406879344144
[READ], Min, 98
[READ], Max, 51407
[READ], p1, 103
[READ], p5, 114
[READ], p50, 156
[READ], p90, 334
[READ], p95, 384
[READ], p99, 499
[READ], p99.9, 1147
[READ], p99.99, 10086
[READ], Return=OK, 56110
[CLEANUP], Total Operations, 1
[CLEANUP], Below is a summary of latency in microseconds:, -1
[CLEANUP], Average, 1433.0
[CLEANUP], Min, 1433
[CLEANUP], Max, 1433
[CLEANUP], p1, 1433
[CLEANUP], p5, 1433
[CLEANUP], p50, 1433
[CLEANUP], p90, 1433
[CLEANUP], p95, 1433
[CLEANUP], p99, 1433
[CLEANUP], p99.9, 1433
[CLEANUP], p99.99, 1433
[UPDATE], Total Operations, 2937
[UPDATE], Below is a summary of latency in microseconds:, -1
[UPDATE], Average, 313.04800817160367
[UPDATE], Min, 145
[UPDATE], Max, 7073
[UPDATE], p1, 160
[UPDATE], p5, 175
[UPDATE], p50, 275
[UPDATE], p90, 478
[UPDATE], p95, 547
[UPDATE], p99, 725
[UPDATE], p99.9, 2600
[UPDATE], p99.99, 7073
[UPDATE], Return=OK, 2937

Command line: -t -db site.ycsb.db.MongoDbClient -s -P /home/runner/ycsb-mongodb-binding-0.17.0/workloads/workloadb -p mongodb.url=mongodb://127.0.0.1:27017/ycsb?w=1 -p measurementtype=raw -p measurement.raw.output_file=/home/runner/work/The-Omni-Compass/The-Omni-Compass/out/ycsb-b/rep-1/omni/notch-8.raw -p recordcount=1500000 -p operationcount=1000000000 -p maxexecutiontime=20 -p target=3000 -p threads=32 -p insertstart=0 -p insertorder=ordered -p requestdistribution=uniform -p seed=100107
YCSB Client 0.17.0

Loading workload...
Starting test.
Maximum execution time specified as: 20 secs
2026-10-08 04:44:56:109 0 sec: 0 operations; est completion in 0 second 
DBWrapper: report latency for each error is false and specific error codes to track for latency are: []
2026-10-08 04:45:06:077 10 sec: 29045 operations; 2904.5 current ops/sec; est completion in 3 days 23 hours READ count: 27600, average latency(us): 208.39 UPDATE count: 1446, average latency(us): 365.05 
Maximum time elapsed. Requesting stop for the workload.
2026-10-08 04:45:16:077 20 sec: 59045 operations; 3000 current ops/sec; est completion in 3 days 22 hours READ count: 28509, average latency(us): 167.81 UPDATE count: 1491, average latency(us): 262.62 
Stop requested for workload. Now Joining!
2026-10-08 04:45:16:079 20 sec: 59047 operations; 1000 current ops/sec; est completion in 3 days 22 hours READ count: 1, average latency(us): 234.00 CLEANUP count: 1, average latency(us): 1433.00  


/opt/hostedtoolcache/Java_Temurin-Hotspot_jdk/17.0.20-1/x64/bin/java  -classpath /home/runner/ycsb-mongodb-binding-0.17.0/conf:/home/runner/ycsb-mongodb-binding-0.17.0/lib/HdrHistogram-2.1.4.jar:/home/runner/ycsb-mongodb-binding-0.17.0/lib/core-0.17.0.jar:/home/runner/ycsb-mongodb-binding-0.17.0/lib/htrace-core4-4.1.0-incubating.jar:/home/runner/ycsb-mongodb-binding-0.17.0/lib/jackson-core-asl-1.9.4.jar:/home/runner/ycsb-mongodb-binding-0.17.0/lib/jackson-mapper-asl-1.9.4.jar:/home/runner/ycsb-mongodb-binding-0.17.0/lib/logback-classic-1.1.2.jar:/home/runner/ycsb-mongodb-binding-0.17.0/lib/logback-core-1.1.2.jar:/home/runner/ycsb-mongodb-binding-0.17.0/lib/mongo-java-driver-3.8.0.jar:/home/runner/ycsb-mongodb-binding-0.17.0/lib/mongodb-async-driver-2.0.1.jar:/home/runner/ycsb-mongodb-binding-0.17.0/lib/mongodb-binding-0.17.0.jar:/home/runner/ycsb-mongodb-binding-0.17.0/lib/slf4j-api-1.7.25.jar:/home/runner/ycsb-mongodb-binding-0.17.0/lib/snappy-java-1.1.7.1.jar site.ycsb.Client -t -db site.ycsb.db.MongoDbClient -s -P /home/runner/ycsb-mongodb-binding-0.17.0/workloads/workloadb -p mongodb.url=mongodb://127.0.0.1:27017/ycsb?w=1 -p measurementtype=raw -p measurement.raw.output_file=/home/runner/work/The-Omni-Compass/The-Omni-Compass/out/ycsb-b/rep-1/omni/notch-9.raw -p recordcount=1250000 -p operationcount=1000000000 -p maxexecutiontime=20 -p target=3000 -p threads=32 -p insertstart=0 -p insertorder=ordered -p requestdistribution=uniform -p seed=100108
mongo client connection created with mongodb://127.0.0.1:27017/ycsb?w=1
Raw data measurement: will output to result file: /home/runner/work/The-Omni-Compass/The-Omni-Compass/out/ycsb-b/rep-1/omni/notch-9.raw
Raw data measurement: will output to result file: /home/runner/work/The-Omni-Compass/The-Omni-Compass/out/ycsb-b/rep-1/omni/notch-9.raw
Raw data measurement: will output to result file: /home/runner/work/The-Omni-Compass/The-Omni-Compass/out/ycsb-b/rep-1/omni/notch-9.raw
[OVERALL], RunTime(ms), 20002
[OVERALL], Throughput(ops/sec), 2950.05499450055
[TOTAL_GCS_G1_Young_Generation], Count, 12
[TOTAL_GC_TIME_G1_Young_Generation], Time(ms), 65
[TOTAL_GC_TIME_%_G1_Young_Generation], Time(%), 0.324967503249675
[TOTAL_GCS_G1_Old_Generation], Count, 0
[TOTAL_GC_TIME_G1_Old_Generation], Time(ms), 0
[TOTAL_GC_TIME_%_G1_Old_Generation], Time(%), 0.0
[TOTAL_GCs], Count, 12
[TOTAL_GC_TIME], Time(ms), 65
[TOTAL_GC_TIME_%], Time(%), 0.324967503249675
[READ], Total Operations, 56082
[READ], Below is a summary of latency in microseconds:, -1
[READ], Average, 160.18481865839306
[READ], Min, 97
[READ], Max, 36696
[READ], p1, 104
[READ], p5, 114
[READ], p50, 144
[READ], p90, 206
[READ], p95, 241
[READ], p99, 433
[READ], p99.9, 896
[READ], p99.99, 6415
[READ], Return=OK, 56082
[CLEANUP], Total Operations, 1
[CLEANUP], Below is a summary of latency in microseconds:, -1
[CLEANUP], Average, 1209.0
[CLEANUP], Min, 1209
[CLEANUP], Max, 1209
[CLEANUP], p1, 1209
[CLEANUP], p5, 1209
[CLEANUP], p50, 1209
[CLEANUP], p90, 1209
[CLEANUP], p95, 1209
[CLEANUP], p99, 1209
[CLEANUP], p99.9, 1209
[CLEANUP], p99.99, 1209
[UPDATE], Total Operations, 2925
[UPDATE], Below is a summary of latency in microseconds:, -1
[UPDATE], Average, 289.1425641025641
[UPDATE], Min, 137
[UPDATE], Max, 6849
[UPDATE], p1, 158
[UPDATE], p5, 172
[UPDATE], p50, 264
[UPDATE], p90, 405
[UPDATE], p95, 483
[UPDATE], p99, 676
[UPDATE], p99.9, 4712
[UPDATE], p99.99, 6849
[UPDATE], Return=OK, 2925

Command line: -t -db site.ycsb.db.MongoDbClient -s -P /home/runner/ycsb-mongodb-binding-0.17.0/workloads/workloadb -p mongodb.url=mongodb://127.0.0.1:27017/ycsb?w=1 -p measurementtype=raw -p measurement.raw.output_file=/home/runner/work/The-Omni-Compass/The-Omni-Compass/out/ycsb-b/rep-1/omni/notch-9.raw -p recordcount=1250000 -p operationcount=1000000000 -p maxexecutiontime=20 -p target=3000 -p threads=32 -p insertstart=0 -p insertorder=ordered -p requestdistribution=uniform -p seed=100108
YCSB Client 0.17.0

Loading workload...
Starting test.
Maximum execution time specified as: 20 secs
2026-10-08 04:45:16:640 0 sec: 0 operations; est completion in 0 second 
DBWrapper: report latency for each error is false and specific error codes to track for latency are: []
2026-10-08 04:45:26:608 10 sec: 29005 operations; 2900.5 current ops/sec; est completion in 3 days 23 hours READ count: 27556, average latency(us): 173.91 UPDATE count: 1451, average latency(us): 328.23 
Maximum time elapsed. Requesting stop for the workload.
Stop requested for workload. Now Joining!
2026-10-08 04:45:36:608 20 sec: 59005 operations; 3000 current ops/sec; est completion in 3 days 22 hours READ count: 28525, average latency(us): 146.92 UPDATE count: 1474, average latency(us): 250.67 
2026-10-08 04:45:36:610 20 sec: 59007 operations; 1000 current ops/sec; est completion in 3 days 22 hours READ count: 1, average latency(us): 262.00 CLEANUP count: 1, average latency(us): 1209.00  


/opt/hostedtoolcache/Java_Temurin-Hotspot_jdk/17.0.20-1/x64/bin/java  -classpath /home/runner/ycsb-mongodb-binding-0.17.0/conf:/home/runner/ycsb-mongodb-binding-0.17.0/lib/HdrHistogram-2.1.4.jar:/home/runner/ycsb-mongodb-binding-0.17.0/lib/core-0.17.0.jar:/home/runner/ycsb-mongodb-binding-0.17.0/lib/htrace-core4-4.1.0-incubating.jar:/home/runner/ycsb-mongodb-binding-0.17.0/lib/jackson-core-asl-1.9.4.jar:/home/runner/ycsb-mongodb-binding-0.17.0/lib/jackson-mapper-asl-1.9.4.jar:/home/runner/ycsb-mongodb-binding-0.17.0/lib/logback-classic-1.1.2.jar:/home/runner/ycsb-mongodb-binding-0.17.0/lib/logback-core-1.1.2.jar:/home/runner/ycsb-mongodb-binding-0.17.0/lib/mongo-java-driver-3.8.0.jar:/home/runner/ycsb-mongodb-binding-0.17.0/lib/mongodb-async-driver-2.0.1.jar:/home/runner/ycsb-mongodb-binding-0.17.0/lib/mongodb-binding-0.17.0.jar:/home/runner/ycsb-mongodb-binding-0.17.0/lib/slf4j-api-1.7.25.jar:/home/runner/ycsb-mongodb-binding-0.17.0/lib/snappy-java-1.1.7.1.jar site.ycsb.Client -t -db site.ycsb.db.MongoDbClient -s -P /home/runner/ycsb-mongodb-binding-0.17.0/workloads/workloadb -p mongodb.url=mongodb://127.0.0.1:27017/ycsb?w=1 -p measurementtype=raw -p measurement.raw.output_file=/home/runner/work/The-Omni-Compass/The-Omni-Compass/out/ycsb-b/rep-1/omni/notch-10.raw -p recordcount=1000000 -p operationcount=1000000000 -p maxexecutiontime=20 -p target=3000 -p threads=32 -p insertstart=0 -p insertorder=ordered -p requestdistribution=uniform -p seed=100109
mongo client connection created with mongodb://127.0.0.1:27017/ycsb?w=1
Raw data measurement: will output to result file: /home/runner/work/The-Omni-Compass/The-Omni-Compass/out/ycsb-b/rep-1/omni/notch-10.raw
Raw data measurement: will output to result file: /home/runner/work/The-Omni-Compass/The-Omni-Compass/out/ycsb-b/rep-1/omni/notch-10.raw
Raw data measurement: will output to result file: /home/runner/work/The-Omni-Compass/The-Omni-Compass/out/ycsb-b/rep-1/omni/notch-10.raw
[OVERALL], RunTime(ms), 20003
[OVERALL], Throughput(ops/sec), 2951.3572964055393
[TOTAL_GCS_G1_Young_Generation], Count, 12
[TOTAL_GC_TIME_G1_Young_Generation], Time(ms), 63
[TOTAL_GC_TIME_%_G1_Young_Generation], Time(%), 0.314952757086437
[TOTAL_GCS_G1_Old_Generation], Count, 0
[TOTAL_GC_TIME_G1_Old_Generation], Time(ms), 0
[TOTAL_GC_TIME_%_G1_Old_Generation], Time(%), 0.0
[TOTAL_GCs], Count, 12
[TOTAL_GC_TIME], Time(ms), 63
[TOTAL_GC_TIME_%], Time(%), 0.314952757086437
[READ], Total Operations, 56052
[READ], Below is a summary of latency in microseconds:, -1
[READ], Average, 160.7622564761293
[READ], Min, 95
[READ], Max, 46553
[READ], p1, 103
[READ], p5, 114
[READ], p50, 150
[READ], p90, 208
[READ], p95, 231
[READ], p99, 385
[READ], p99.9, 895
[READ], p99.99, 6039
[READ], Return=OK, 56052
[CLEANUP], Total Operations, 1
[CLEANUP], Below is a summary of latency in microseconds:, -1
[CLEANUP], Average, 1145.0
[CLEANUP], Min, 1145
[CLEANUP], Max, 1145
[CLEANUP], p1, 1145
[CLEANUP], p5, 1145
[CLEANUP], p50, 1145
[CLEANUP], p90, 1145
[CLEANUP], p95, 1145
[CLEANUP], p99, 1145
[CLEANUP], p99.9, 1145
[CLEANUP], p99.99, 1145
[UPDATE], Total Operations, 2984
[UPDATE], Below is a summary of latency in microseconds:, -1
[UPDATE], Average, 290.57774798927613
[UPDATE], Min, 138
[UPDATE], Max, 6385
[UPDATE], p1, 157
[UPDATE], p5, 174
[UPDATE], p50, 268
[UPDATE], p90, 418
[UPDATE], p95, 484
[UPDATE], p99, 616
[UPDATE], p99.9, 1544
[UPDATE], p99.99, 6385
[UPDATE], Return=OK, 2984

Command line: -t -db site.ycsb.db.MongoDbClient -s -P /home/runner/ycsb-mongodb-binding-0.17.0/workloads/workloadb -p mongodb.url=mongodb://127.0.0.1:27017/ycsb?w=1 -p measurementtype=raw -p measurement.raw.output_file=/home/runner/work/The-Omni-Compass/The-Omni-Compass/out/ycsb-b/rep-1/omni/notch-10.raw -p recordcount=1000000 -p operationcount=1000000000 -p maxexecutiontime=20 -p target=3000 -p threads=32 -p insertstart=0 -p insertorder=ordered -p requestdistribution=uniform -p seed=100109
YCSB Client 0.17.0

Loading workload...
Starting test.
Maximum execution time specified as: 20 secs
2026-10-08 04:45:37:147 0 sec: 0 operations; est completion in 0 second 
DBWrapper: report latency for each error is false and specific error codes to track for latency are: []
2026-10-08 04:45:47:116 10 sec: 29035 operations; 2903.5 current ops/sec; est completion in 3 days 23 hours READ count: 27595, average latency(us): 177.42 UPDATE count: 1441, average latency(us): 335.79 
Maximum time elapsed. Requesting stop for the workload.
Stop requested for workload. Now Joining!
2026-10-08 04:45:57:116 20 sec: 59034 operations; 2999.9 current ops/sec; est completion in 3 days 22 hours READ count: 28457, average latency(us): 144.61 UPDATE count: 1542, average latency(us): 247.41 
2026-10-08 04:45:57:119 20 sec: 59036 operations; 666.67 current ops/sec; est completion in 3 days 22 hours  CLEANUP count: 1, average latency(us): 1145.00 UPDATE count: 1, average latency(us): 1704.00 


/opt/hostedtoolcache/Java_Temurin-Hotspot_jdk/17.0.20-1/x64/bin/java  -classpath /home/runner/ycsb-mongodb-binding-0.17.0/conf:/home/runner/ycsb-mongodb-binding-0.17.0/lib/HdrHistogram-2.1.4.jar:/home/runner/ycsb-mongodb-binding-0.17.0/lib/core-0.17.0.jar:/home/runner/ycsb-mongodb-binding-0.17.0/lib/htrace-core4-4.1.0-incubating.jar:/home/runner/ycsb-mongodb-binding-0.17.0/lib/jackson-core-asl-1.9.4.jar:/home/runner/ycsb-mongodb-binding-0.17.0/lib/jackson-mapper-asl-1.9.4.jar:/home/runner/ycsb-mongodb-binding-0.17.0/lib/logback-classic-1.1.2.jar:/home/runner/ycsb-mongodb-binding-0.17.0/lib/logback-core-1.1.2.jar:/home/runner/ycsb-mongodb-binding-0.17.0/lib/mongo-java-driver-3.8.0.jar:/home/runner/ycsb-mongodb-binding-0.17.0/lib/mongodb-async-driver-2.0.1.jar:/home/runner/ycsb-mongodb-binding-0.17.0/lib/mongodb-binding-0.17.0.jar:/home/runner/ycsb-mongodb-binding-0.17.0/lib/slf4j-api-1.7.25.jar:/home/runner/ycsb-mongodb-binding-0.17.0/lib/snappy-java-1.1.7.1.jar site.ycsb.Client -t -db site.ycsb.db.MongoDbClient -s -P /home/runner/ycsb-mongodb-binding-0.17.0/workloads/workloadb -p mongodb.url=mongodb://127.0.0.1:27017/ycsb?w=1 -p measurementtype=raw -p measurement.raw.output_file=/home/runner/work/The-Omni-Compass/The-Omni-Compass/out/ycsb-b/rep-1/omni/notch-11.raw -p recordcount=750000 -p operationcount=1000000000 -p maxexecutiontime=20 -p target=3000 -p threads=32 -p insertstart=0 -p insertorder=ordered -p requestdistribution=uniform -p seed=100110
mongo client connection created with mongodb://127.0.0.1:27017/ycsb?w=1
Raw data measurement: will output to result file: /home/runner/work/The-Omni-Compass/The-Omni-Compass/out/ycsb-b/rep-1/omni/notch-11.raw
Raw data measurement: will output to result file: /home/runner/work/The-Omni-Compass/The-Omni-Compass/out/ycsb-b/rep-1/omni/notch-11.raw
Raw data measurement: will output to result file: /home/runner/work/The-Omni-Compass/The-Omni-Compass/out/ycsb-b/rep-1/omni/notch-11.raw
[OVERALL], RunTime(ms), 20003
[OVERALL], Throughput(ops/sec), 2954.0068989651554
[TOTAL_GCS_G1_Young_Generation], Count, 12
[TOTAL_GC_TIME_G1_Young_Generation], Time(ms), 67
[TOTAL_GC_TIME_%_G1_Young_Generation], Time(%), 0.3349497575363695
[TOTAL_GCS_G1_Old_Generation], Count, 0
[TOTAL_GC_TIME_G1_Old_Generation], Time(ms), 0
[TOTAL_GC_TIME_%_G1_Old_Generation], Time(%), 0.0
[TOTAL_GCs], Count, 12
[TOTAL_GC_TIME], Time(ms), 67
[TOTAL_GC_TIME_%], Time(%), 0.3349497575363695
[READ], Total Operations, 56186
[READ], Below is a summary of latency in microseconds:, -1
[READ], Average, 157.67664542768662
[READ], Min, 96
[READ], Max, 53132
[READ], p1, 102
[READ], p5, 112
[READ], p50, 150
[READ], p90, 202
[READ], p95, 225
[READ], p99, 367
[READ], p99.9, 983
[READ], p99.99, 5719
[READ], Return=OK, 56186
[CLEANUP], Total Operations, 1
[CLEANUP], Below is a summary of latency in microseconds:, -1
[CLEANUP], Average, 1223.0
[CLEANUP], Min, 1223
[CLEANUP], Max, 1223
[CLEANUP], p1, 1223
[CLEANUP], p5, 1223
[CLEANUP], p50, 1223
[CLEANUP], p90, 1223
[CLEANUP], p95, 1223
[CLEANUP], p99, 1223
[CLEANUP], p99.9, 1223
[CLEANUP], p99.99, 1223
[UPDATE], Total Operations, 2903
[UPDATE], Below is a summary of latency in microseconds:, -1
[UPDATE], Average, 288.4743368928695
[UPDATE], Min, 143
[UPDATE], Max, 5890
[UPDATE], p1, 157
[UPDATE], p5, 172
[UPDATE], p50, 268
[UPDATE], p90, 410
[UPDATE], p95, 469
[UPDATE], p99, 591
[UPDATE], p99.9, 1420
[UPDATE], p99.99, 5890
[UPDATE], Return=OK, 2903

Command line: -t -db site.ycsb.db.MongoDbClient -s -P /home/runner/ycsb-mongodb-binding-0.17.0/workloads/workloadb -p mongodb.url=mongodb://127.0.0.1:27017/ycsb?w=1 -p measurementtype=raw -p measurement.raw.output_file=/home/runner/work/The-Omni-Compass/The-Omni-Compass/out/ycsb-b/rep-1/omni/notch-11.raw -p recordcount=750000 -p operationcount=1000000000 -p maxexecutiontime=20 -p target=3000 -p threads=32 -p insertstart=0 -p insertorder=ordered -p requestdistribution=uniform -p seed=100110
YCSB Client 0.17.0

Loading workload...
Starting test.
Maximum execution time specified as: 20 secs
2026-10-08 04:45:57:662 0 sec: 0 operations; est completion in 0 second 
DBWrapper: report latency for each error is false and specific error codes to track for latency are: []
2026-10-08 04:46:07:629 10 sec: 29086 operations; 2908.6 current ops/sec; est completion in 3 days 23 hours READ count: 27685, average latency(us): 175.46 UPDATE count: 1402, average latency(us): 338.24 
2026-10-08 04:46:17:629 20 sec: 59086 operations; 3000 current ops/sec; est completion in 3 days 22 hours READ count: 28499, average latency(us): 140.40 UPDATE count: 1501, average latency(us): 241.99 
Maximum time elapsed. Requesting stop for the workload.
Stop requested for workload. Now Joining!
2026-10-08 04:46:17:632 20 sec: 59089 operations; 1000 current ops/sec; est completion in 3 days 22 hours READ count: 2, average latency(us): 245.00 CLEANUP count: 1, average latency(us): 1223.00  


/opt/hostedtoolcache/Java_Temurin-Hotspot_jdk/17.0.20-1/x64/bin/java  -classpath /home/runner/ycsb-mongodb-binding-0.17.0/conf:/home/runner/ycsb-mongodb-binding-0.17.0/lib/HdrHistogram-2.1.4.jar:/home/runner/ycsb-mongodb-binding-0.17.0/lib/core-0.17.0.jar:/home/runner/ycsb-mongodb-binding-0.17.0/lib/htrace-core4-4.1.0-incubating.jar:/home/runner/ycsb-mongodb-binding-0.17.0/lib/jackson-core-asl-1.9.4.jar:/home/runner/ycsb-mongodb-binding-0.17.0/lib/jackson-mapper-asl-1.9.4.jar:/home/runner/ycsb-mongodb-binding-0.17.0/lib/logback-classic-1.1.2.jar:/home/runner/ycsb-mongodb-binding-0.17.0/lib/logback-core-1.1.2.jar:/home/runner/ycsb-mongodb-binding-0.17.0/lib/mongo-java-driver-3.8.0.jar:/home/runner/ycsb-mongodb-binding-0.17.0/lib/mongodb-async-driver-2.0.1.jar:/home/runner/ycsb-mongodb-binding-0.17.0/lib/mongodb-binding-0.17.0.jar:/home/runner/ycsb-mongodb-binding-0.17.0/lib/slf4j-api-1.7.25.jar:/home/runner/ycsb-mongodb-binding-0.17.0/lib/snappy-java-1.1.7.1.jar site.ycsb.Client -t -db site.ycsb.db.MongoDbClient -s -P /home/runner/ycsb-mongodb-binding-0.17.0/workloads/workloadb -p mongodb.url=mongodb://127.0.0.1:27017/ycsb?w=1 -p measurementtype=raw -p measurement.raw.output_file=/home/runner/work/The-Omni-Compass/The-Omni-Compass/out/ycsb-b/rep-1/omni/notch-12.raw -p recordcount=500000 -p operationcount=1000000000 -p maxexecutiontime=20 -p target=3000 -p threads=32 -p insertstart=0 -p insertorder=ordered -p requestdistribution=uniform -p seed=100111
mongo client connection created with mongodb://127.0.0.1:27017/ycsb?w=1
Raw data measurement: will output to result file: /home/runner/work/The-Omni-Compass/The-Omni-Compass/out/ycsb-b/rep-1/omni/notch-12.raw
Raw data measurement: will output to result file: /home/runner/work/The-Omni-Compass/The-Omni-Compass/out/ycsb-b/rep-1/omni/notch-12.raw
Raw data measurement: will output to result file: /home/runner/work/The-Omni-Compass/The-Omni-Compass/out/ycsb-b/rep-1/omni/notch-12.raw
[OVERALL], RunTime(ms), 20003
[OVERALL], Throughput(ops/sec), 2951.207318902165
[TOTAL_GCS_G1_Young_Generation], Count, 12
[TOTAL_GC_TIME_G1_Young_Generation], Time(ms), 65
[TOTAL_GC_TIME_%_G1_Young_Generation], Time(%), 0.3249512573114033
[TOTAL_GCS_G1_Old_Generation], Count, 0
[TOTAL_GC_TIME_G1_Old_Generation], Time(ms), 0
[TOTAL_GC_TIME_%_G1_Old_Generation], Time(%), 0.0
[TOTAL_GCs], Count, 12
[TOTAL_GC_TIME], Time(ms), 65
[TOTAL_GC_TIME_%], Time(%), 0.3249512573114033
[READ], Total Operations, 56124
[READ], Below is a summary of latency in microseconds:, -1
[READ], Average, 160.41231915045256
[READ], Min, 95
[READ], Max, 49913
[READ], p1, 103
[READ], p5, 110
[READ], p50, 147
[READ], p90, 208
[READ], p95, 239
[READ], p99, 396
[READ], p99.9, 878
[READ], p99.99, 5509
[READ], Return=OK, 56124
[CLEANUP], Total Operations, 1
[CLEANUP], Below is a summary of latency in microseconds:, -1
[CLEANUP], Average, 1156.0
[CLEANUP], Min, 1156
[CLEANUP], Max, 1156
[CLEANUP], p1, 1156
[CLEANUP], p5, 1156
[CLEANUP], p50, 1156
[CLEANUP], p90, 1156
[CLEANUP], p95, 1156
[CLEANUP], p99, 1156
[CLEANUP], p99.9, 1156
[CLEANUP], p99.99, 1156
[UPDATE], Total Operations, 2909
[UPDATE], Below is a summary of latency in microseconds:, -1
[UPDATE], Average, 293.20178755586113
[UPDATE], Min, 144
[UPDATE], Max, 7927
[UPDATE], p1, 162
[UPDATE], p5, 178
[UPDATE], p50, 268
[UPDATE], p90, 422
[UPDATE], p95, 503
[UPDATE], p99, 648
[UPDATE], p99.9, 2048
[UPDATE], p99.99, 7927
[UPDATE], Return=OK, 2909

Command line: -t -db site.ycsb.db.MongoDbClient -s -P /home/runner/ycsb-mongodb-binding-0.17.0/workloads/workloadb -p mongodb.url=mongodb://127.0.0.1:27017/ycsb?w=1 -p measurementtype=raw -p measurement.raw.output_file=/home/runner/work/The-Omni-Compass/The-Omni-Compass/out/ycsb-b/rep-1/omni/notch-12.raw -p recordcount=500000 -p operationcount=1000000000 -p maxexecutiontime=20 -p target=3000 -p threads=32 -p insertstart=0 -p insertorder=ordered -p requestdistribution=uniform -p seed=100111
YCSB Client 0.17.0

Loading workload...
Starting test.
Maximum execution time specified as: 20 secs
2026-10-08 04:46:18:201 0 sec: 0 operations; est completion in 0 second 
DBWrapper: report latency for each error is false and specific error codes to track for latency are: []
2026-10-08 04:46:28:170 10 sec: 29030 operations; 2903 current ops/sec; est completion in 3 days 23 hours READ count: 27582, average latency(us): 176.09 UPDATE count: 1450, average latency(us): 333.19 
Maximum time elapsed. Requesting stop for the workload.
2026-10-08 04:46:38:169 20 sec: 59030 operations; 3000 current ops/sec; est completion in 3 days 22 hours READ count: 28540, average latency(us): 145.25 UPDATE count: 1459, average latency(us): 253.46 
Stop requested for workload. Now Joining!
2026-10-08 04:46:38:172 20 sec: 59033 operations; 1000 current ops/sec; est completion in 3 days 22 hours READ count: 2, average latency(us): 320.00 CLEANUP count: 1, average latency(us): 1156.00  


/opt/hostedtoolcache/Java_Temurin-Hotspot_jdk/17.0.20-1/x64/bin/java  -classpath /home/runner/ycsb-mongodb-binding-0.17.0/conf:/home/runner/ycsb-mongodb-binding-0.17.0/lib/HdrHistogram-2.1.4.jar:/home/runner/ycsb-mongodb-binding-0.17.0/lib/core-0.17.0.jar:/home/runner/ycsb-mongodb-binding-0.17.0/lib/htrace-core4-4.1.0-incubating.jar:/home/runner/ycsb-mongodb-binding-0.17.0/lib/jackson-core-asl-1.9.4.jar:/home/runner/ycsb-mongodb-binding-0.17.0/lib/jackson-mapper-asl-1.9.4.jar:/home/runner/ycsb-mongodb-binding-0.17.0/lib/logback-classic-1.1.2.jar:/home/runner/ycsb-mongodb-binding-0.17.0/lib/logback-core-1.1.2.jar:/home/runner/ycsb-mongodb-binding-0.17.0/lib/mongo-java-driver-3.8.0.jar:/home/runner/ycsb-mongodb-binding-0.17.0/lib/mongodb-async-driver-2.0.1.jar:/home/runner/ycsb-mongodb-binding-0.17.0/lib/mongodb-binding-0.17.0.jar:/home/runner/ycsb-mongodb-binding-0.17.0/lib/slf4j-api-1.7.25.jar:/home/runner/ycsb-mongodb-binding-0.17.0/lib/snappy-java-1.1.7.1.jar site.ycsb.Client -t -db site.ycsb.db.MongoDbClient -s -P /home/runner/ycsb-mongodb-binding-0.17.0/workloads/workloadb -p mongodb.url=mongodb://127.0.0.1:27017/ycsb?w=1 -p measurementtype=raw -p measurement.raw.output_file=/home/runner/work/The-Omni-Compass/The-Omni-Compass/out/ycsb-b/rep-1/omni/notch-13.raw -p recordcount=250000 -p operationcount=1000000000 -p maxexecutiontime=20 -p target=3000 -p threads=32 -p insertstart=0 -p insertorder=ordered -p requestdistribution=uniform -p seed=100112
mongo client connection created with mongodb://127.0.0.1:27017/ycsb?w=1
Raw data measurement: will output to result file: /home/runner/work/The-Omni-Compass/The-Omni-Compass/out/ycsb-b/rep-1/omni/notch-13.raw
Raw data measurement: will output to result file: /home/runner/work/The-Omni-Compass/The-Omni-Compass/out/ycsb-b/rep-1/omni/notch-13.raw
Raw data measurement: will output to result file: /home/runner/work/The-Omni-Compass/The-Omni-Compass/out/ycsb-b/rep-1/omni/notch-13.raw
[OVERALL], RunTime(ms), 20003
[OVERALL], Throughput(ops/sec), 2953.9569064640305
[TOTAL_GCS_G1_Young_Generation], Count, 12
[TOTAL_GC_TIME_G1_Young_Generation], Time(ms), 68
[TOTAL_GC_TIME_%_G1_Young_Generation], Time(%), 0.33994900764885266
[TOTAL_GCS_G1_Old_Generation], Count, 0
[TOTAL_GC_TIME_G1_Old_Generation], Time(ms), 0
[TOTAL_GC_TIME_%_G1_Old_Generation], Time(%), 0.0
[TOTAL_GCs], Count, 12
[TOTAL_GC_TIME], Time(ms), 68
[TOTAL_GC_TIME_%], Time(%), 0.33994900764885266
[READ], Total Operations, 56125
[READ], Below is a summary of latency in microseconds:, -1
[READ], Average, 156.27750556792873
[READ], Min, 94
[READ], Max, 52522
[READ], p1, 100
[READ], p5, 104
[READ], p50, 145
[READ], p90, 199
[READ], p95, 223
[READ], p99, 375
[READ], p99.9, 1041
[READ], p99.99, 7026
[READ], Return=OK, 56125
[CLEANUP], Total Operations, 1
[CLEANUP], Below is a summary of latency in microseconds:, -1
[CLEANUP], Average, 1103.0
[CLEANUP], Min, 1103
[CLEANUP], Max, 1103
[CLEANUP], p1, 1103
[CLEANUP], p5, 1103
[CLEANUP], p50, 1103
[CLEANUP], p90, 1103
[CLEANUP], p95, 1103
[CLEANUP], p99, 1103
[CLEANUP], p99.9, 1103
[CLEANUP], p99.99, 1103
[UPDATE], Total Operations, 2963
[UPDATE], Below is a summary of latency in microseconds:, -1
[UPDATE], Average, 280.6024299696254
[UPDATE], Min, 132
[UPDATE], Max, 7866
[UPDATE], p1, 146
[UPDATE], p5, 163
[UPDATE], p50, 258
[UPDATE], p90, 400
[UPDATE], p95, 444
[UPDATE], p99, 625
[UPDATE], p99.9, 2262
[UPDATE], p99.99, 7866
[UPDATE], Return=OK, 2963

Command line: -t -db site.ycsb.db.MongoDbClient -s -P /home/runner/ycsb-mongodb-binding-0.17.0/workloads/workloadb -p mongodb.url=mongodb://127.0.0.1:27017/ycsb?w=1 -p measurementtype=raw -p measurement.raw.output_file=/home/runner/work/The-Omni-Compass/The-Omni-Compass/out/ycsb-b/rep-1/omni/notch-13.raw -p recordcount=250000 -p operationcount=1000000000 -p maxexecutiontime=20 -p target=3000 -p threads=32 -p insertstart=0 -p insertorder=ordered -p requestdistribution=uniform -p seed=100112
YCSB Client 0.17.0

Loading workload...
Starting test.
Maximum execution time specified as: 20 secs
2026-10-08 04:46:38:708 0 sec: 0 operations; est completion in 0 second 
DBWrapper: report latency for each error is false and specific error codes to track for latency are: []
2026-10-08 04:46:48:673 10 sec: 29087 operations; 2908.41 current ops/sec; est completion in 3 days 23 hours READ count: 27623, average latency(us): 172.86 UPDATE count: 1465, average latency(us): 328.92 
Maximum time elapsed. Requesting stop for the workload.
Stop requested for workload. Now Joining!
2026-10-08 04:46:58:673 20 sec: 59087 operations; 3000.3 current ops/sec; est completion in 3 days 22 hours READ count: 28501, average latency(us): 140.19 UPDATE count: 1498, average latency(us): 233.35 
2026-10-08 04:46:58:675 20 sec: 59088 operations; 500 current ops/sec; est completion in 3 days 22 hours READ count: 1, average latency(us): 415.00 CLEANUP count: 1, average latency(us): 1103.00  


/opt/hostedtoolcache/Java_Temurin-Hotspot_jdk/17.0.20-1/x64/bin/java  -classpath /home/runner/ycsb-mongodb-binding-0.17.0/conf:/home/runner/ycsb-mongodb-binding-0.17.0/lib/HdrHistogram-2.1.4.jar:/home/runner/ycsb-mongodb-binding-0.17.0/lib/core-0.17.0.jar:/home/runner/ycsb-mongodb-binding-0.17.0/lib/htrace-core4-4.1.0-incubating.jar:/home/runner/ycsb-mongodb-binding-0.17.0/lib/jackson-core-asl-1.9.4.jar:/home/runner/ycsb-mongodb-binding-0.17.0/lib/jackson-mapper-asl-1.9.4.jar:/home/runner/ycsb-mongodb-binding-0.17.0/lib/logback-classic-1.1.2.jar:/home/runner/ycsb-mongodb-binding-0.17.0/lib/logback-core-1.1.2.jar:/home/runner/ycsb-mongodb-binding-0.17.0/lib/mongo-java-driver-3.8.0.jar:/home/runner/ycsb-mongodb-binding-0.17.0/lib/mongodb-async-driver-2.0.1.jar:/home/runner/ycsb-mongodb-binding-0.17.0/lib/mongodb-binding-0.17.0.jar:/home/runner/ycsb-mongodb-binding-0.17.0/lib/slf4j-api-1.7.25.jar:/home/runner/ycsb-mongodb-binding-0.17.0/lib/snappy-java-1.1.7.1.jar site.ycsb.Client -t -db site.ycsb.db.MongoDbClient -s -P /home/runner/ycsb-mongodb-binding-0.17.0/workloads/workloadb -p mongodb.url=mongodb://127.0.0.1:27017/ycsb?w=1 -p measurementtype=raw -p measurement.raw.output_file=/home/runner/work/The-Omni-Compass/The-Omni-Compass/out/ycsb-b/rep-1/omni/notch-14.raw -p recordcount=500000 -p operationcount=1000000000 -p maxexecutiontime=20 -p target=3000 -p threads=32 -p insertstart=0 -p insertorder=ordered -p requestdistribution=uniform -p seed=100113
mongo client connection created with mongodb://127.0.0.1:27017/ycsb?w=1
Raw data measurement: will output to result file: /home/runner/work/The-Omni-Compass/The-Omni-Compass/out/ycsb-b/rep-1/omni/notch-14.raw
Raw data measurement: will output to result file: /home/runner/work/The-Omni-Compass/The-Omni-Compass/out/ycsb-b/rep-1/omni/notch-14.raw
Raw data measurement: will output to result file: /home/runner/work/The-Omni-Compass/The-Omni-Compass/out/ycsb-b/rep-1/omni/notch-14.raw
[OVERALL], RunTime(ms), 20003
[OVERALL], Throughput(ops/sec), 2951.8072289156626
[TOTAL_GCS_G1_Young_Generation], Count, 12
[TOTAL_GC_TIME_G1_Young_Generation], Time(ms), 69
[TOTAL_GC_TIME_%_G1_Young_Generation], Time(%), 0.3449482577613358
[TOTAL_GCS_G1_Old_Generation], Count, 0
[TOTAL_GC_TIME_G1_Old_Generation], Time(ms), 0
[TOTAL_GC_TIME_%_G1_Old_Generation], Time(%), 0.0
[TOTAL_GCs], Count, 12
[TOTAL_GC_TIME], Time(ms), 69
[TOTAL_GC_TIME_%], Time(%), 0.3449482577613358
[READ], Total Operations, 56083
[READ], Below is a summary of latency in microseconds:, -1
[READ], Average, 156.0566303514434
[READ], Min, 95
[READ], Max, 50138
[READ], p1, 100
[READ], p5, 104
[READ], p50, 146
[READ], p90, 198
[READ], p95, 224
[READ], p99, 374
[READ], p99.9, 957
[READ], p99.99, 7120
[READ], Return=OK, 56083
[CLEANUP], Total Operations, 1
[CLEANUP], Below is a summary of latency in microseconds:, -1
[CLEANUP], Average, 1143.0
[CLEANUP], Min, 1143
[CLEANUP], Max, 1143
[CLEANUP], p1, 1143
[CLEANUP], p5, 1143
[CLEANUP], p50, 1143
[CLEANUP], p90, 1143
[CLEANUP], p95, 1143
[CLEANUP], p99, 1143
[CLEANUP], p99.9, 1143
[CLEANUP], p99.99, 1143
[UPDATE], Total Operations, 2962
[UPDATE], Below is a summary of latency in microseconds:, -1
[UPDATE], Average, 288.2052667116813
[UPDATE], Min, 142
[UPDATE], Max, 5369
[UPDATE], p1, 154
[UPDATE], p5, 173
[UPDATE], p50, 269
[UPDATE], p90, 383
[UPDATE], p95, 441
[UPDATE], p99, 631
[UPDATE], p99.9, 3735
[UPDATE], p99.99, 5369
[UPDATE], Return=OK, 2962

Command line: -t -db site.ycsb.db.MongoDbClient -s -P /home/runner/ycsb-mongodb-binding-0.17.0/workloads/workloadb -p mongodb.url=mongodb://127.0.0.1:27017/ycsb?w=1 -p measurementtype=raw -p measurement.raw.output_file=/home/runner/work/The-Omni-Compass/The-Omni-Compass/out/ycsb-b/rep-1/omni/notch-14.raw -p recordcount=500000 -p operationcount=1000000000 -p maxexecutiontime=20 -p target=3000 -p threads=32 -p insertstart=0 -p insertorder=ordered -p requestdistribution=uniform -p seed=100113
YCSB Client 0.17.0

Loading workload...
Starting test.
Maximum execution time specified as: 20 secs
2026-10-08 04:46:59:226 0 sec: 0 operations; est completion in 0 second 
DBWrapper: report latency for each error is false and specific error codes to track for latency are: []
2026-10-08 04:47:09:194 10 sec: 29041 operations; 2904.1 current ops/sec; est completion in 3 days 23 hours READ count: 27529, average latency(us): 171.62 UPDATE count: 1513, average latency(us): 329.86 
2026-10-08 04:47:19:194 20 sec: 59041 operations; 3000 current ops/sec; est completion in 3 days 22 hours READ count: 28550, average latency(us): 141.04 UPDATE count: 1449, average latency(us): 244.71 
Maximum time elapsed. Requesting stop for the workload.
Stop requested for workload. Now Joining!
2026-10-08 04:47:19:196 20 sec: 59045 operations; 1333.33 current ops/sec; est completion in 3 days 22 hours READ count: 4, average latency(us): 237.75 CLEANUP count: 1, average latency(us): 1143.00  


/opt/hostedtoolcache/Java_Temurin-Hotspot_jdk/17.0.20-1/x64/bin/java  -classpath /home/runner/ycsb-mongodb-binding-0.17.0/conf:/home/runner/ycsb-mongodb-binding-0.17.0/lib/HdrHistogram-2.1.4.jar:/home/runner/ycsb-mongodb-binding-0.17.0/lib/core-0.17.0.jar:/home/runner/ycsb-mongodb-binding-0.17.0/lib/htrace-core4-4.1.0-incubating.jar:/home/runner/ycsb-mongodb-binding-0.17.0/lib/jackson-core-asl-1.9.4.jar:/home/runner/ycsb-mongodb-binding-0.17.0/lib/jackson-mapper-asl-1.9.4.jar:/home/runner/ycsb-mongodb-binding-0.17.0/lib/logback-classic-1.1.2.jar:/home/runner/ycsb-mongodb-binding-0.17.0/lib/logback-core-1.1.2.jar:/home/runner/ycsb-mongodb-binding-0.17.0/lib/mongo-java-driver-3.8.0.jar:/home/runner/ycsb-mongodb-binding-0.17.0/lib/mongodb-async-driver-2.0.1.jar:/home/runner/ycsb-mongodb-binding-0.17.0/lib/mongodb-binding-0.17.0.jar:/home/runner/ycsb-mongodb-binding-0.17.0/lib/slf4j-api-1.7.25.jar:/home/runner/ycsb-mongodb-binding-0.17.0/lib/snappy-java-1.1.7.1.jar site.ycsb.Client -t -db site.ycsb.db.MongoDbClient -s -P /home/runner/ycsb-mongodb-binding-0.17.0/workloads/workloadb -p mongodb.url=mongodb://127.0.0.1:27017/ycsb?w=1 -p measurementtype=raw -p measurement.raw.output_file=/home/runner/work/The-Omni-Compass/The-Omni-Compass/out/ycsb-b/rep-1/omni/notch-15.raw -p recordcount=250000 -p operationcount=1000000000 -p maxexecutiontime=20 -p target=3000 -p threads=32 -p insertstart=0 -p insertorder=ordered -p requestdistribution=uniform -p seed=100114
mongo client connection created with mongodb://127.0.0.1:27017/ycsb?w=1
Raw data measurement: will output to result file: /home/runner/work/The-Omni-Compass/The-Omni-Compass/out/ycsb-b/rep-1/omni/notch-15.raw
Raw data measurement: will output to result file: /home/runner/work/The-Omni-Compass/The-Omni-Compass/out/ycsb-b/rep-1/omni/notch-15.raw
Raw data measurement: will output to result file: /home/runner/work/The-Omni-Compass/The-Omni-Compass/out/ycsb-b/rep-1/omni/notch-15.raw
[OVERALL], RunTime(ms), 20002
[OVERALL], Throughput(ops/sec), 2952.854714528547
[TOTAL_GCS_G1_Young_Generation], Count, 12
[TOTAL_GC_TIME_G1_Young_Generation], Time(ms), 67
[TOTAL_GC_TIME_%_G1_Young_Generation], Time(%), 0.33496650334966505
[TOTAL_GCS_G1_Old_Generation], Count, 0
[TOTAL_GC_TIME_G1_Old_Generation], Time(ms), 0
[TOTAL_GC_TIME_%_G1_Old_Generation], Time(%), 0.0
[TOTAL_GCs], Count, 12
[TOTAL_GC_TIME], Time(ms), 67
[TOTAL_GC_TIME_%], Time(%), 0.33496650334966505
[READ], Total Operations, 56170
[READ], Below is a summary of latency in microseconds:, -1
[READ], Average, 152.53945166458965
[READ], Min, 93
[READ], Max, 42287
[READ], p1, 98
[READ], p5, 102
[READ], p50, 142
[READ], p90, 196
[READ], p95, 215
[READ], p99, 367
[READ], p99.9, 938
[READ], p99.99, 6170
[READ], Return=OK, 56170
[CLEANUP], Total Operations, 1
[CLEANUP], Below is a summary of latency in microseconds:, -1
[CLEANUP], Average, 1137.0
[CLEANUP], Min, 1137
[CLEANUP], Max, 1137
[CLEANUP], p1, 1137
[CLEANUP], p5, 1137
[CLEANUP], p50, 1137
[CLEANUP], p90, 1137
[CLEANUP], p95, 1137
[CLEANUP], p99, 1137
[CLEANUP], p99.9, 1137
[CLEANUP], p99.99, 1137
[UPDATE], Total Operations, 2893
[UPDATE], Below is a summary of latency in microseconds:, -1
[UPDATE], Average, 287.1648807466298
[UPDATE], Min, 138
[UPDATE], Max, 5183
[UPDATE], p1, 150
[UPDATE], p5, 166
[UPDATE], p50, 266
[UPDATE], p90, 408
[UPDATE], p95, 456
[UPDATE], p99, 632
[UPDATE], p99.9, 1527
[UPDATE], p99.99, 5183
[UPDATE], Return=OK, 2893

Command line: -t -db site.ycsb.db.MongoDbClient -s -P /home/runner/ycsb-mongodb-binding-0.17.0/workloads/workloadb -p mongodb.url=mongodb://127.0.0.1:27017/ycsb?w=1 -p measurementtype=raw -p measurement.raw.output_file=/home/runner/work/The-Omni-Compass/The-Omni-Compass/out/ycsb-b/rep-1/omni/notch-15.raw -p recordcount=250000 -p operationcount=1000000000 -p maxexecutiontime=20 -p target=3000 -p threads=32 -p insertstart=0 -p insertorder=ordered -p requestdistribution=uniform -p seed=100114
YCSB Client 0.17.0

Loading workload...
Starting test.
Maximum execution time specified as: 20 secs
2026-10-08 04:47:19:721 0 sec: 0 operations; est completion in 0 second 
DBWrapper: report latency for each error is false and specific error codes to track for latency are: []
2026-10-08 04:47:29:685 10 sec: 29060 operations; 2906 current ops/sec; est completion in 3 days 23 hours READ count: 27617, average latency(us): 171.57 UPDATE count: 1444, average latency(us): 333.72 
Maximum time elapsed. Requesting stop for the workload.
Stop requested for workload. Now Joining!
2026-10-08 04:47:39:685 20 sec: 59060 operations; 3000 current ops/sec; est completion in 3 days 22 hours READ count: 28551, average latency(us): 134.13 UPDATE count: 1449, average latency(us): 240.77 
2026-10-08 04:47:39:688 20 sec: 59063 operations; 1500 current ops/sec; est completion in 3 days 22 hours READ count: 2, average latency(us): 176.50 CLEANUP count: 1, average latency(us): 1137.00  
