2026-10-11T00:50:18Z	INFO	setup	Outbound filter mode off allows tenant-selected Vault addresses without destination restrictions; allowedEndpoints is ignored. Configure KEDA_OUTBOUND_FILTER.hashiCorpVault with mode enforce and trusted allowedEndpoints to restrict destinations
2026-10-11T00:50:18Z	INFO	setup	Starting manager
2026-10-11T00:50:18Z	INFO	setup	KEDA Version: 2.21.0
2026-10-11T00:50:18Z	INFO	setup	Git Commit: 626ded5d783108bedf647e20bbc83f8e458e02e4
2026-10-11T00:50:18Z	INFO	setup	Go Version: go1.26.8
2026-10-11T00:50:18Z	INFO	setup	Go OS/Arch: linux/amd64
2026-10-11T00:50:18Z	INFO	setup	Running on Kubernetes 1.35	{"version": "v1.35.0"}
2026-10-11T00:50:18Z	INFO	controller-runtime.metrics	Starting metrics server
2026-10-11T00:50:18Z	INFO	controller-runtime.metrics	Serving metrics server	{"bindAddress": ":8080", "secure": false}
2026-10-11T00:50:18Z	INFO	starting server	{"name": "health probe", "addr": "[::]:8081"}
I1011 00:50:18.721409       1 leaderelection.go:258] "Attempting to acquire leader lease..." lock="keda/operator.keda.sh"
I1011 00:50:56.885462       1 leaderelection.go:272] "Successfully acquired lease" lock="keda/operator.keda.sh"
2026-10-11T00:50:56Z	INFO	cert-rotation	starting cert rotator controller
2026-10-11T00:50:56Z	INFO	Starting EventSource	{"controller": "scaledobject", "controllerGroup": "keda.sh", "controllerKind": "ScaledObject", "source": "channel source: 0x2d2523b79e30"}
2026-10-11T00:50:56Z	INFO	Starting EventSource	{"controller": "scaledobject", "controllerGroup": "keda.sh", "controllerKind": "ScaledObject", "source": "kind source: *v1alpha1.ScaledObject"}
2026-10-11T00:50:56Z	INFO	Starting EventSource	{"controller": "scaledobject", "controllerGroup": "keda.sh", "controllerKind": "ScaledObject", "source": "kind source: *v2.HorizontalPodAutoscaler"}
2026-10-11T00:50:56Z	INFO	Starting EventSource	{"controller": "triggerauthentication", "controllerGroup": "keda.sh", "controllerKind": "TriggerAuthentication", "source": "kind source: *v1alpha1.TriggerAuthentication"}
2026-10-11T00:50:56Z	INFO	Starting EventSource	{"controller": "scaledjob", "controllerGroup": "keda.sh", "controllerKind": "ScaledJob", "source": "kind source: *v1alpha1.ScaledJob"}
2026-10-11T00:50:56Z	INFO	Starting EventSource	{"controller": "cloudeventsource", "controllerGroup": "eventing.keda.sh", "controllerKind": "CloudEventSource", "source": "kind source: *v1alpha1.CloudEventSource"}
2026-10-11T00:50:56Z	INFO	Starting EventSource	{"controller": "clustertriggerauthentication", "controllerGroup": "keda.sh", "controllerKind": "ClusterTriggerAuthentication", "source": "kind source: *v1alpha1.ClusterTriggerAuthentication"}
2026-10-11T00:50:56Z	INFO	Starting EventSource	{"controller": "clustercloudeventsource", "controllerGroup": "eventing.keda.sh", "controllerKind": "ClusterCloudEventSource", "source": "kind source: *v1alpha1.ClusterCloudEventSource"}
2026-10-11T00:50:56Z	INFO	cert-rotation	no cert refresh needed
2026-10-11T00:50:56Z	INFO	cert-rotation	certs are ready in /certs
2026-10-11T00:50:57Z	INFO	Starting Controller	{"controller": "triggerauthentication", "controllerGroup": "keda.sh", "controllerKind": "TriggerAuthentication"}
2026-10-11T00:50:57Z	INFO	Starting workers	{"controller": "triggerauthentication", "controllerGroup": "keda.sh", "controllerKind": "TriggerAuthentication", "worker count": 1}
2026-10-11T00:50:57Z	INFO	Starting Controller	{"controller": "scaledobject", "controllerGroup": "keda.sh", "controllerKind": "ScaledObject"}
2026-10-11T00:50:57Z	INFO	Starting workers	{"controller": "scaledobject", "controllerGroup": "keda.sh", "controllerKind": "ScaledObject", "worker count": 5}
2026-10-11T00:50:57Z	INFO	cert-rotation	no cert refresh needed
2026-10-11T00:50:57Z	INFO	Starting Controller	{"controller": "scaledjob", "controllerGroup": "keda.sh", "controllerKind": "ScaledJob"}
2026-10-11T00:50:57Z	INFO	Starting workers	{"controller": "scaledjob", "controllerGroup": "keda.sh", "controllerKind": "ScaledJob", "worker count": 1}
2026-10-11T00:50:57Z	INFO	Starting Controller	{"controller": "clustercloudeventsource", "controllerGroup": "eventing.keda.sh", "controllerKind": "ClusterCloudEventSource"}
2026-10-11T00:50:57Z	INFO	Starting workers	{"controller": "clustercloudeventsource", "controllerGroup": "eventing.keda.sh", "controllerKind": "ClusterCloudEventSource", "worker count": 1}
2026-10-11T00:50:57Z	INFO	Starting Controller	{"controller": "clustertriggerauthentication", "controllerGroup": "keda.sh", "controllerKind": "ClusterTriggerAuthentication"}
2026-10-11T00:50:57Z	INFO	Starting workers	{"controller": "clustertriggerauthentication", "controllerGroup": "keda.sh", "controllerKind": "ClusterTriggerAuthentication", "worker count": 1}
2026-10-11T00:50:57Z	INFO	Starting Controller	{"controller": "cloudeventsource", "controllerGroup": "eventing.keda.sh", "controllerKind": "CloudEventSource"}
2026-10-11T00:50:57Z	INFO	Starting workers	{"controller": "cloudeventsource", "controllerGroup": "eventing.keda.sh", "controllerKind": "CloudEventSource", "worker count": 1}
2026-10-11T00:50:57Z	INFO	cert-rotation	Ensuring CA cert	{"name": "v1beta1.external.metrics.k8s.io", "gvk": "apiregistration.k8s.io/v1, Kind=APIService", "name": "v1beta1.external.metrics.k8s.io", "gvk": "apiregistration.k8s.io/v1, Kind=APIService"}
2026-10-11T00:50:57Z	INFO	cert-rotation	Ensuring CA cert	{"name": "keda-admission", "gvk": "admissionregistration.k8s.io/v1, Kind=ValidatingWebhookConfiguration", "name": "keda-admission", "gvk": "admissionregistration.k8s.io/v1, Kind=ValidatingWebhookConfiguration"}
2026-10-11T00:50:58Z	INFO	cert-rotation	CA certs are injected to webhooks
2026-10-11T00:50:58Z	INFO	grpc_server	Starting Metrics Service gRPC Server	{"address": ":9666"}
2026-10-11T00:50:58Z	INFO	Reconciling ScaledObject	{"controller": "scaledobject", "controllerGroup": "keda.sh", "controllerKind": "ScaledObject", "ScaledObject": {"name":"php-apache","namespace":"default"}, "namespace": "default", "name": "php-apache", "reconcileID": "d5be176c-2ba9-4d14-8e1b-5a0ab5569f98"}
2026-10-11T00:50:58Z	INFO	Adding Finalizer for the ScaledObject	{"controller": "scaledobject", "controllerGroup": "keda.sh", "controllerKind": "ScaledObject", "ScaledObject": {"name":"php-apache","namespace":"default"}, "namespace": "default", "name": "php-apache", "reconcileID": "d5be176c-2ba9-4d14-8e1b-5a0ab5569f98"}
2026-10-11T00:50:59Z	INFO	metadata.finalizers: "finalizer.keda.sh": prefer a domain-qualified finalizer name including a path (/) to avoid accidental conflicts with other finalizer writers	{"controller": "scaledobject", "controllerGroup": "keda.sh", "controllerKind": "ScaledObject", "ScaledObject": {"name":"php-apache","namespace":"default"}, "namespace": "default", "name": "php-apache", "reconcileID": "d5be176c-2ba9-4d14-8e1b-5a0ab5569f98"}
2026-10-11T00:50:59Z	INFO	Detected resource targeted for scaling	{"controller": "scaledobject", "controllerGroup": "keda.sh", "controllerKind": "ScaledObject", "ScaledObject": {"name":"php-apache","namespace":"default"}, "namespace": "default", "name": "php-apache", "reconcileID": "d5be176c-2ba9-4d14-8e1b-5a0ab5569f98", "resource": "apps/v1.Deployment", "name": "php-apache"}
2026-10-11T00:50:59Z	INFO	Creating a new HPA	{"controller": "scaledobject", "controllerGroup": "keda.sh", "controllerKind": "ScaledObject", "ScaledObject": {"name":"php-apache","namespace":"default"}, "namespace": "default", "name": "php-apache", "reconcileID": "d5be176c-2ba9-4d14-8e1b-5a0ab5569f98", "HPA.Namespace": "default", "HPA.Name": "php-apache"}
2026-10-11T00:50:59Z	INFO	Initializing Scaling logic according to ScaledObject Specification	{"controller": "scaledobject", "controllerGroup": "keda.sh", "controllerKind": "ScaledObject", "ScaledObject": {"name":"php-apache","namespace":"default"}, "namespace": "default", "name": "php-apache", "reconcileID": "d5be176c-2ba9-4d14-8e1b-5a0ab5569f98"}
2026-10-11T00:50:59Z	INFO	Reconciling ScaledObject	{"controller": "scaledobject", "controllerGroup": "keda.sh", "controllerKind": "ScaledObject", "ScaledObject": {"name":"php-apache","namespace":"default"}, "namespace": "default", "name": "php-apache", "reconcileID": "9a19af65-7280-45d8-b4b1-a404c7e1f998"}
2026-10-11T00:50:59Z	INFO	Detected resource targeted for scaling	{"controller": "scaledobject", "controllerGroup": "keda.sh", "controllerKind": "ScaledObject", "ScaledObject": {"name":"php-apache","namespace":"default"}, "namespace": "default", "name": "php-apache", "reconcileID": "9a19af65-7280-45d8-b4b1-a404c7e1f998", "resource": "apps/v1.Deployment", "name": "php-apache"}
2026-10-11T00:50:59Z	INFO	Reconciling ScaledObject	{"controller": "scaledobject", "controllerGroup": "keda.sh", "controllerKind": "ScaledObject", "ScaledObject": {"name":"php-apache","namespace":"default"}, "namespace": "default", "name": "php-apache", "reconcileID": "de502d30-09b8-4310-b4bc-9997d1b6d9f8"}
2026-10-11T00:50:59Z	INFO	Detected resource targeted for scaling	{"controller": "scaledobject", "controllerGroup": "keda.sh", "controllerKind": "ScaledObject", "ScaledObject": {"name":"php-apache","namespace":"default"}, "namespace": "default", "name": "php-apache", "reconcileID": "de502d30-09b8-4310-b4bc-9997d1b6d9f8", "resource": "apps/v1.Deployment", "name": "php-apache"}
