sysbench 1.0.20 (using system LuaJIT 2.1.0-beta3)

Running the test with following options:
Number of threads: 32
Target transaction rate: 3000/sec
Initializing random number generator from current time


Initializing worker threads...

Threads started!

Latency histogram (values are in milliseconds)
       value  ------------- distribution ------------- count
       0.112 |                                         1
       0.118 |                                         3
       0.120 |                                         3
       0.122 |                                         12
       0.125 |                                         24
       0.127 |                                         42
       0.129 |                                         49
       0.132 |*                                        106
       0.134 |**                                       215
       0.136 |****                                     416
       0.139 |*******                                  723
       0.141 |**********                               1010
       0.144 |************                             1188
       0.147 |*************                            1322
       0.149 |***************                          1515
       0.152 |*****************                        1656
       0.155 |******************                       1790
       0.158 |*******************                      1906
       0.160 |*****************                        1637
       0.163 |***************                          1449
       0.166 |***************                          1443
       0.169 |*********************                    2022
       0.172 |******************************           2944
       0.176 |************************************     3555
       0.179 |**************************************** 3927
       0.182 |***********************************      3475
       0.185 |*****************************            2823
       0.189 |**************************               2513
       0.192 |*********************                    2047
       0.196 |****************                         1614
       0.199 |*************                            1232
       0.203 |***********                              1036
       0.206 |*********                                843
       0.210 |*******                                  732
       0.214 |******                                   599
       0.218 |*****                                    518
       0.222 |****                                     417
       0.226 |****                                     355
       0.230 |***                                      295
       0.234 |***                                      274
       0.238 |**                                       234
       0.243 |**                                       205
       0.247 |**                                       167
       0.252 |**                                       159
       0.256 |*                                        140
       0.261 |*                                        121
       0.266 |*                                        134
       0.270 |*                                        128
       0.275 |*                                        121
       0.280 |*                                        124
       0.285 |*                                        119
       0.291 |*                                        117
       0.296 |*                                        115
       0.301 |*                                        135
       0.307 |*                                        132
       0.312 |*                                        132
       0.318 |**                                       152
       0.324 |**                                       192
       0.330 |**                                       212
       0.336 |**                                       230
       0.342 |***                                      302
       0.348 |****                                     414
       0.354 |*****                                    456
       0.361 |*****                                    494
       0.367 |******                                   569
       0.374 |******                                   569
       0.381 |*******                                  649
       0.388 |*******                                  680
       0.395 |*******                                  664
       0.402 |******                                   552
       0.409 |*****                                    470
       0.417 |*****                                    454
       0.424 |****                                     362
       0.432 |***                                      315
       0.440 |***                                      257
       0.448 |**                                       188
       0.456 |**                                       174
       0.464 |**                                       168
       0.473 |*                                        101
       0.481 |*                                        104
       0.490 |*                                        92
       0.499 |*                                        85
       0.508 |*                                        80
       0.517 |                                         48
       0.527 |*                                        50
       0.536 |                                         43
       0.546 |*                                        61
       0.556 |                                         28
       0.566 |                                         43
       0.576 |                                         41
       0.587 |                                         37
       0.597 |                                         22
       0.608 |                                         18
       0.619 |                                         19
       0.630 |                                         16
       0.642 |                                         17
       0.654 |                                         12
       0.665 |                                         10
       0.677 |                                         11
       0.690 |                                         8
       0.702 |                                         13
       0.715 |                                         8
       0.728 |                                         7
       0.741 |                                         8
       0.755 |                                         5
       0.768 |                                         5
       0.782 |                                         5
       0.797 |                                         3
       0.811 |                                         3
       0.826 |                                         4
       0.841 |                                         3
       0.856 |                                         4
       0.872 |                                         2
       0.888 |                                         2
       0.904 |                                         2
       0.920 |                                         5
       0.937 |                                         4
       0.954 |                                         2
       0.971 |                                         1
       0.989 |                                         1
       1.007 |                                         2
       1.025 |                                         3
       1.044 |                                         3
       1.063 |                                         1
       1.082 |                                         5
       1.102 |                                         2
       1.122 |                                         3
       1.142 |                                         3
       1.163 |                                         3
       1.184 |                                         2
       1.205 |                                         4
       1.227 |                                         3
       1.250 |                                         5
       1.272 |                                         3
       1.295 |                                         2
       1.319 |                                         2
       1.343 |                                         1
       1.367 |                                         2
       1.392 |                                         5
       1.469 |                                         1
       1.523 |                                         2
       1.579 |                                         2
       1.637 |                                         2
       1.667 |                                         3
       1.697 |                                         3
       1.728 |                                         1
       1.791 |                                         2
       1.857 |                                         1
       1.891 |                                         1
       1.960 |                                         1
       1.996 |                                         3
       2.069 |                                         3
       2.184 |                                         1
       2.223 |                                         2
       2.264 |                                         1
       2.389 |                                         2
       2.477 |                                         1
       2.522 |                                         1
       2.568 |                                         1
       2.615 |                                         1
       2.710 |                                         3
       2.810 |                                         2
       2.861 |                                         1
       2.966 |                                         1
       3.020 |                                         1
       3.075 |                                         2
       3.130 |                                         3
       3.304 |                                         1
       3.364 |                                         2
       3.488 |                                         1
       3.551 |                                         1
       3.615 |                                         1
       3.681 |                                         2
       3.956 |                                         1
       4.252 |                                         1
       4.407 |                                         1
       4.999 |                                         1
       5.470 |                                         1
       5.671 |                                         1
       6.205 |                                         1
       7.565 |                                         1
       8.737 |                                         1
      11.446 |                                         2
      11.654 |                                         1
      11.866 |                                         1
      13.953 |                                         2
      14.207 |                                         1
 
SQL statistics:
    queries performed:
        read:                            59696
        write:                           0
        other:                           0
        total:                           59696
    transactions:                        59696  (2982.58 per sec.)
    queries:                             59696  (2982.58 per sec.)
    ignored errors:                      0      (0.00 per sec.)
    reconnects:                          0      (0.00 per sec.)

General statistics:
    total time:                          20.0145s
    total number of events:              59696

Latency (ms):
         min:                                    0.11
         avg:                                    0.22
         max:                                   14.21
         95th percentile:                        0.42
         sum:                                13176.59

Threads fairness:
    events (avg/stddev):           1865.5000/22.36
    execution time (avg/stddev):   0.4118/0.01


