sysbench 1.0.20 (using system LuaJIT 2.1.0-beta3)

Running the test with following options:
Number of threads: 32
Target transaction rate: 3000/sec
Initializing random number generator from current time


Initializing worker threads...

Threads started!

Latency histogram (values are in milliseconds)
       value  ------------- distribution ------------- count
       0.122 |                                         1
       0.127 |                                         2
       0.129 |                                         5
       0.132 |                                         13
       0.134 |                                         27
       0.136 |*                                        50
       0.139 |*                                        97
       0.141 |**                                       151
       0.144 |***                                      252
       0.147 |****                                     302
       0.149 |*******                                  520
       0.152 |********                                 613
       0.155 |***********                              803
       0.158 |************                             914
       0.160 |***************                          1127
       0.163 |****************                         1159
       0.166 |******************                       1328
       0.169 |*******************                      1427
       0.172 |********************                     1519
       0.176 |***********************                  1708
       0.179 |***************************              1995
       0.182 |*****************************            2143
       0.185 |*********************************        2431
       0.189 |************************************     2671
       0.192 |***************************************  2871
       0.196 |**************************************** 2978
       0.199 |**************************************   2818
       0.203 |************************************     2688
       0.206 |*********************************        2483
       0.210 |*******************************          2315
       0.214 |***************************              2014
       0.218 |***************************              2000
       0.222 |***********************                  1710
       0.226 |***********************                  1704
       0.230 |********************                     1481
       0.234 |******************                       1311
       0.238 |****************                         1179
       0.243 |**************                           1046
       0.247 |************                             857
       0.252 |**********                               773
       0.256 |*********                                687
       0.261 |********                                 619
       0.266 |********                                 560
       0.270 |******                                   452
       0.275 |******                                   422
       0.280 |*****                                    382
       0.285 |****                                     318
       0.291 |****                                     268
       0.296 |****                                     271
       0.301 |****                                     285
       0.307 |***                                      243
       0.312 |***                                      252
       0.318 |***                                      258
       0.324 |***                                      233
       0.330 |***                                      217
       0.336 |***                                      209
       0.342 |***                                      195
       0.348 |**                                       154
       0.354 |**                                       164
       0.361 |**                                       175
       0.367 |**                                       142
       0.374 |**                                       135
       0.381 |**                                       129
       0.388 |**                                       144
       0.395 |*                                        87
       0.402 |*                                        109
       0.409 |**                                       113
       0.417 |*                                        86
       0.424 |*                                        92
       0.432 |*                                        89
       0.440 |*                                        74
       0.448 |*                                        82
       0.456 |*                                        70
       0.464 |*                                        56
       0.473 |*                                        57
       0.481 |*                                        49
       0.490 |*                                        42
       0.499 |*                                        45
       0.508 |                                         35
       0.517 |                                         37
       0.527 |                                         30
       0.536 |                                         19
       0.546 |                                         15
       0.556 |                                         12
       0.566 |                                         15
       0.576 |                                         17
       0.587 |                                         12
       0.597 |                                         15
       0.608 |                                         8
       0.619 |                                         12
       0.630 |                                         4
       0.642 |                                         8
       0.654 |                                         5
       0.665 |                                         9
       0.677 |                                         5
       0.702 |                                         2
       0.715 |                                         3
       0.728 |                                         2
       0.741 |                                         3
       0.755 |                                         2
       0.768 |                                         1
       0.841 |                                         1
       0.872 |                                         1
       0.904 |                                         1
       0.954 |                                         1
       1.925 |                                         1
 
SQL statistics:
    queries performed:
        read:                            59727
        write:                           0
        other:                           0
        total:                           59727
    transactions:                        59727  (2983.87 per sec.)
    queries:                             59727  (2983.87 per sec.)
    ignored errors:                      0      (0.00 per sec.)
    reconnects:                          0      (0.00 per sec.)

General statistics:
    total time:                          20.0162s
    total number of events:              59727

Latency (ms):
         min:                                    0.12
         avg:                                    0.21
         max:                                    1.93
         95th percentile:                        0.33
         sum:                                12807.69

Threads fairness:
    events (avg/stddev):           1866.4688/13.58
    execution time (avg/stddev):   0.4002/0.00


