1791599231.843 2 3.303
1791599231.851 4 4.141
1791599231.865 7 7.568
1791599231.872 10 4.046
1791599231.879 12 4.009
1791599231.892 15 7.531
1791599231.899 18 4.117
1791599231.906 20 4.075
1791599231.920 23 7.875
1791599231.927 26 4.043
1791599231.934 28 4.095
1791599231.947 31 7.511
1791599231.954 34 4.081
1791599231.961 36 3.942
1791599231.975 39 7.788
1791599231.982 42 4.263
1791599231.989 44 4.175
1791599232.003 47 7.714
1791599232.009 50 4.149
1791599232.016 52 4.113
1791599232.030 55 7.523
1791599232.037 58 4.410
1791599232.044 60 4.069
1791599232.058 63 8.299
1791599232.064 66 4.015
1791599232.071 68 3.935
1791599232.085 71 7.681
1791599232.093 74 5.338
1791599232.100 76 5.444
1791599232.114 79 8.393
1791599232.121 82 5.559
1791599232.126 84 4.064
1791599232.140 87 7.538
1791599232.147 90 4.012
1791599232.154 92 3.965
1791599232.168 95 7.644
1791599232.175 98 4.337
1791599232.182 100 4.870
1791599232.196 103 8.081
1791599232.203 106 5.158
1791599232.209 108 4.253
1791599232.223 111 8.079
1791599232.230 114 4.651
1791599232.237 116 4.759
1791599232.250 119 7.452
1791599232.259 122 5.529
1791599232.265 124 5.230
1791599232.278 127 8.014
1791599232.285 130 4.563
1791599232.292 132 4.681
1791599232.305 135 7.453
1791599232.312 138 4.037
1791599232.319 140 4.130
1791599232.333 143 7.508
1791599232.340 146 4.050
1791599232.347 148 4.110
1791599232.360 151 7.478
1791599232.367 154 3.979
1791599232.374 156 3.955
1791599232.388 159 7.490
1791599232.395 162 3.992
1791599232.402 164 3.950
1791599232.417 167 8.929
1791599232.422 170 3.931
1791599232.429 172 4.008
1791599232.443 175 7.677
1791599232.450 178 4.173
1791599232.457 180 4.137
1791599232.471 183 7.717
1791599232.477 186 4.040
1791599232.484 188 4.119
1791599232.499 191 8.112
1791599232.505 194 4.052
1791599232.512 196 4.163
1791599232.526 199 7.572
1791599232.533 202 4.747
1791599232.539 204 4.012
1791599232.554 207 8.600
1791599232.560 210 4.271
1791599232.567 212 4.421
1791599232.581 215 7.762
1791599232.588 218 4.221
1791599232.595 220 4.125
1791599232.608 223 7.695
1791599232.615 226 4.228
1791599232.622 228 4.082
1791599232.636 231 7.802
1791599232.643 234 4.712
1791599232.651 236 5.247
1791599232.663 239 7.537
1791599232.670 242 4.083
1791599232.677 244 4.205
1791599232.691 247 7.979
1791599232.698 250 4.305
1791599232.705 252 4.404
1791599232.719 255 7.652
1791599232.726 258 5.025
1791599232.732 260 4.091
1791599232.746 263 7.555
1791599232.753 266 4.476
1791599232.760 268 4.037
1791599232.773 271 7.480
1791599232.780 274 4.032
1791599232.787 276 4.057
1791599232.801 279 7.644
1791599232.808 282 4.247
1791599232.815 284 4.228
1791599232.829 287 7.708
1791599232.837 290 5.755
1791599232.843 292 4.699
1791599232.857 295 8.800
1791599232.863 298 4.383
1791599232.870 300 4.519
1791599232.884 303 8.233
1791599232.892 306 5.102
1791599232.899 308 5.821
1791599232.911 311 7.640
1791599232.918 314 4.147
1791599232.925 316 4.145
1791599232.939 319 7.868
1791599232.946 322 4.106
1791599232.953 324 4.724
1791599232.967 327 8.590
1791599232.974 330 4.739
1791599232.980 332 4.384
1791599232.994 335 8.071
1791599233.001 338 4.738
1791599233.008 340 4.310
1791599233.022 343 8.531
1791599233.028 346 4.087
1791599233.035 348 4.114
1791599233.050 351 8.450
1791599233.056 354 4.149
1791599233.063 356 4.723
1791599233.077 359 8.394
1791599233.083 362 4.017
1791599233.090 364 4.086
1791599233.104 367 7.725
1791599233.111 370 4.329
1791599233.118 372 4.680
1791599233.132 375 8.405
1791599233.139 378 5.050
1791599233.146 380 5.142
1791599233.161 383 9.436
1791599233.166 386 4.231
1791599233.173 388 4.247
1791599233.187 391 7.621
1791599233.193 394 4.106
1791599233.200 396 4.217
1791599233.214 399 7.585
1791599233.221 402 4.096
1791599233.228 404 4.017
1791599233.242 407 7.569
1791599233.248 410 4.068
1791599233.255 412 4.124
1791599233.269 415 7.722
1791599233.276 418 4.289
1791599233.283 420 4.465
1791599233.297 423 7.631
1791599233.304 426 4.260
1791599233.311 428 4.328
1791599233.324 431 7.633
1791599233.331 434 4.171
1791599233.338 436 4.167
1791599233.352 439 7.521
1791599233.359 442 4.084
1791599233.365 444 4.022
1791599233.379 447 7.437
1791599233.386 450 4.187
1791599233.393 452 4.160
1791599233.407 455 7.746
1791599233.414 458 4.169
1791599233.421 460 4.107
1791599233.434 463 7.518
1791599233.441 466 4.067
1791599233.448 468 4.080
1791599233.462 471 7.922
1791599233.469 474 4.270
1791599233.476 476 4.150
1791599233.490 479 8.496
1791599233.496 482 4.105
1791599233.503 484 4.187
1791599233.517 487 7.917
1791599233.525 490 4.929
1791599233.531 492 4.203
1791599233.545 495 7.651
1791599233.552 498 5.114
1791599233.560 500 5.438
1791599233.572 503 7.753
1791599233.579 506 4.478
1791599233.587 508 5.764
1791599233.600 511 8.336
1791599233.608 514 5.445
1791599233.614 516 4.409
1791599233.629 519 9.221
1791599233.636 522 5.749
1791599233.643 524 5.775
1791599233.655 527 8.282
1791599233.662 530 4.140
1791599233.668 532 4.127
1791599233.682 535 7.583
1791599233.689 538 4.054
1791599233.696 540 4.107
1791599233.710 543 7.646
1791599233.717 546 4.141
1791599233.724 548 4.142
1791599233.738 551 7.822
1791599233.744 554 4.345
1791599233.751 556 4.354
1791599233.765 559 7.945
1791599233.772 562 4.219
1791599233.779 564 4.198
1791599233.792 567 7.670
1791599233.799 570 4.315
1791599233.806 572 4.338
1791599233.820 575 8.051
1791599233.827 578 4.643
1791599233.834 580 4.072
1791599233.847 583 7.617
1791599233.854 586 4.131
1791599233.861 588 4.137
1791599233.875 591 7.560
1791599233.882 594 4.145
1791599233.889 596 4.152
1791599233.903 599 7.615
1791599233.909 602 4.128
1791599233.916 604 4.375
1791599233.930 607 7.908
1791599233.937 610 4.223
1791599233.944 612 4.162
1791599233.958 615 7.636
1791599233.964 618 4.144
1791599233.971 620 4.118
1791599233.985 623 7.790
1791599233.992 626 4.025
1791599233.999 628 4.115
1791599234.013 631 7.665
1791599234.020 634 4.173
1791599234.026 636 4.219
1791599234.040 639 7.731
1791599234.047 642 4.100
1791599234.054 644 4.071
1791599234.068 647 8.202
1791599234.075 650 4.111
1791599234.082 652 4.183
1791599234.095 655 7.533
1791599234.102 658 4.056
1791599234.109 660 4.109
1791599234.123 663 7.595
1791599234.130 666 4.157
1791599234.138 668 5.751
1791599234.151 671 7.803
1791599234.157 674 4.285
1791599234.166 676 5.685
1791599234.178 679 7.779
1791599234.185 682 4.743
1791599234.193 684 5.716
1791599234.207 687 9.067
1791599234.213 690 4.638
1791599234.219 692 4.228
1791599234.233 695 7.724
1791599234.240 698 4.699
1791599234.247 700 4.784
1791599234.261 703 8.523
1791599234.267 706 4.159
1791599234.274 708 4.206
1791599234.288 711 7.954
1791599234.295 714 4.270
1791599234.302 716 4.685
1791599234.317 719 8.989
1791599234.322 722 4.064
1791599234.330 724 4.838
1791599234.343 727 7.787
1791599234.350 730 4.017
1791599234.357 732 4.030
1791599234.371 735 8.362
1791599234.379 738 5.721
1791599234.386 740 5.449
1791599234.398 743 7.631
1791599234.405 746 4.121
1791599234.412 748 4.109
1791599234.426 751 7.554
1791599234.432 754 3.997
1791599234.439 756 3.994
1791599234.453 759 7.657
1791599234.460 762 4.150
1791599234.467 764 4.118
1791599234.481 767 8.232
1791599234.488 770 4.135
1791599234.494 772 4.086
1791599234.508 775 7.596
1791599234.515 778 4.094
1791599234.522 780 4.321
1791599234.536 783 7.638
1791599234.543 786 4.142
1791599234.550 788 4.123
1791599234.565 791 9.232
1791599234.571 794 5.207
1791599234.577 796 4.261
1791599234.591 799 7.727
1791599234.598 802 4.236
1791599234.605 804 4.809
1791599234.619 807 8.484
1791599234.625 810 4.031
1791599234.632 812 4.025
1791599234.646 815 7.470
1791599234.653 818 4.625
1791599234.660 820 4.075
1791599234.674 823 7.733
1791599234.680 826 4.080
1791599234.687 828 4.096
1791599234.701 831 7.670
1791599234.708 834 4.550
1791599234.715 836 4.190
1791599234.730 839 9.054
1791599234.736 842 4.971
1791599234.742 844 4.011
1791599234.756 847 7.433
1791599234.763 850 3.991
1791599234.770 852 3.985
1791599234.783 855 7.401
1791599234.790 858 3.992
1791599234.797 860 4.015
1791599234.811 863 7.701
1791599234.818 866 4.395
1791599234.825 868 4.342
1791599234.839 871 7.600
1791599234.845 874 3.999
1791599234.853 876 4.914
1791599234.866 879 7.535
1791599234.873 882 4.275
1791599234.880 884 4.370
1791599234.894 887 8.144
1791599234.901 890 4.753
1791599234.909 892 5.416
1791599234.923 895 8.898
1791599234.928 898 4.021
1791599234.935 900 4.302
1791599234.949 903 7.499
1791599234.956 906 4.006
1791599234.964 908 5.371
1791599234.977 911 7.842
1791599234.984 914 5.191
1791599234.990 916 4.045
1791599235.004 919 7.934
1791599235.011 922 4.616
1791599235.017 924 3.965
1791599235.033 927 8.938
1791599235.039 930 5.046
1791599235.046 932 5.376
1791599235.059 935 7.847
1791599235.066 938 3.983
1791599235.073 940 3.979
1791599235.086 943 7.529
1791599235.093 946 3.961
1791599235.100 948 4.013
1791599235.114 951 7.872
1791599235.121 954 4.145
1791599235.128 956 4.173
1791599235.142 959 8.317
1791599235.148 962 3.961
1791599235.155 964 4.070
1791599235.169 967 7.619
1791599235.176 970 4.160
1791599235.183 972 4.586
1791599235.197 975 7.726
1791599235.204 978 4.254
1791599235.211 980 4.257
1791599235.224 983 7.668
1791599235.231 986 4.352
1791599235.238 988 4.292
1791599235.252 991 7.653
1791599235.259 994 4.101
1791599235.266 996 4.954
1791599235.281 999 9.258
1791599235.286 1002 4.269
1791599235.293 1004 4.073
1791599235.307 1007 8.207
1791599235.314 1010 4.125
1791599235.322 1012 5.572
1791599235.334 1015 7.593
1791599235.341 1018 4.128
1791599235.348 1020 4.130
1791599235.362 1023 7.609
1791599235.369 1026 4.089
1791599235.376 1028 4.059
1791599235.390 1031 8.535
1791599235.398 1034 5.683
1791599235.405 1036 5.584
1791599235.417 1039 7.996
1791599235.425 1042 4.945
1791599235.431 1044 4.211
1791599235.445 1047 7.668
1791599235.451 1050 4.184
1791599235.459 1052 5.228
1791599235.472 1055 7.604
1791599235.479 1058 4.218
1791599235.486 1060 4.664
1791599235.500 1063 7.678
1791599235.506 1066 4.106
1791599235.514 1068 5.133
1791599235.527 1071 7.809
1791599235.534 1074 4.448
1791599235.541 1076 4.597
1791599235.555 1079 8.274
1791599235.562 1082 4.905
1791599235.570 1084 5.455
1791599235.582 1087 7.767
1791599235.589 1090 4.091
1791599235.596 1092 4.010
1791599235.610 1095 8.213
1791599235.618 1098 5.523
1791599235.625 1100 5.335
1791599235.637 1103 7.655
1791599235.644 1106 4.168
1791599235.651 1108 4.181
1791599235.665 1111 7.681
1791599235.672 1114 4.140
1791599235.678 1116 4.127
1791599235.692 1119 7.596
1791599235.699 1122 4.149
1791599235.706 1124 4.293
1791599235.720 1127 7.572
1791599235.727 1130 4.222
1791599235.734 1132 4.359
1791599235.747 1135 7.636
1791599235.754 1138 4.119
1791599235.761 1140 4.149
1791599235.775 1143 7.693
1791599235.782 1146 4.166
1791599235.789 1148 4.133
1791599235.803 1151 8.533
1791599235.809 1154 4.183
1791599235.816 1156 4.161
1791599235.830 1159 7.691
1791599235.837 1162 4.248
1791599235.844 1164 4.204
1791599235.857 1167 7.617
1791599235.864 1170 4.144
1791599235.871 1172 4.226
1791599235.887 1175 9.501
1791599235.892 1178 4.196
1791599235.899 1180 4.684
1791599235.913 1183 7.653
1791599235.920 1186 4.938
1791599235.926 1188 4.093
1791599235.940 1191 7.986
1791599235.947 1194 4.155
1791599235.954 1196 4.619
1791599235.968 1199 7.604
1791599235.975 1202 4.189
1791599235.981 1204 4.174
1791599235.995 1207 7.602
1791599236.002 1210 4.300
1791599236.009 1212 4.315
1791599236.023 1215 7.761
1791599236.030 1218 4.916
1791599236.037 1220 4.387
1791599236.050 1223 7.696
1791599236.057 1226 4.166
1791599236.064 1228 4.313
1791599236.078 1231 7.691
1791599236.085 1234 4.254
1791599236.091 1236 4.108
1791599236.105 1239 7.625
1791599236.112 1242 4.173
1791599236.119 1244 4.159
1791599236.133 1247 7.759
1791599236.171 1250 35.439
1791599236.173 1255 20.058
1791599236.174 1252 31.388
1791599236.175 1258 11.740
1791599236.176 1260 6.434
1791599236.188 1263 8.107
1791599236.195 1266 4.685
1791599236.202 1268 4.821
1791599236.216 1271 8.560
1791599236.223 1274 5.153
1791599236.229 1276 4.320
1791599236.244 1279 9.132
1791599236.250 1282 4.635
1791599236.257 1284 4.114
1791599236.271 1287 8.374
1791599236.277 1290 4.160
1791599236.284 1292 4.123
1791599236.298 1295 7.889
1791599236.305 1298 4.199
1791599236.312 1300 4.375
1791599236.326 1303 7.897
1791599236.332 1306 4.146
1791599236.339 1308 4.207
1791599236.353 1311 7.694
1791599236.360 1314 4.171
1791599236.367 1316 4.075
1791599236.381 1319 8.276
1791599236.388 1322 4.602
1791599236.395 1324 4.961
1791599236.408 1327 7.597
1791599236.415 1330 4.082
1791599236.422 1332 4.088
1791599236.436 1335 7.734
1791599236.443 1338 4.315
1791599236.450 1340 4.186
1791599236.463 1343 7.655
1791599236.470 1346 4.157
1791599236.477 1348 4.344
1791599236.491 1351 7.750
1791599236.498 1354 4.329
1791599236.505 1356 4.286
1791599236.518 1359 7.545
1791599236.525 1362 4.028
1791599236.532 1364 4.007
1791599236.546 1367 8.046
1791599236.553 1370 4.092
1791599236.560 1372 4.093
1791599236.573 1375 7.571
1791599236.581 1378 5.152
1791599236.587 1380 4.163
1791599236.601 1383 7.707
1791599236.608 1386 4.291
1791599236.615 1388 4.306
1791599236.629 1391 8.128
1791599236.635 1394 4.145
1791599236.642 1396 4.157
1791599236.656 1399 7.944
1791599236.663 1402 4.209
1791599236.670 1404 4.179
1791599236.684 1407 7.586
1791599236.691 1410 4.299
1791599236.697 1412 4.244
1791599236.711 1415 7.677
1791599236.718 1418 4.200
1791599236.725 1420 4.147
1791599236.739 1423 7.565
1791599236.745 1426 4.166
1791599236.752 1428 4.182
1791599236.766 1431 7.674
1791599236.773 1434 4.217
1791599236.780 1436 4.375
1791599236.794 1439 7.692
1791599236.801 1442 4.903
1791599236.808 1444 4.990
1791599236.821 1447 7.576
1791599236.828 1450 4.318
1791599236.835 1452 4.424
1791599236.849 1455 8.182
1791599236.856 1458 4.121
1791599236.862 1460 4.153
1791599236.876 1463 7.655
1791599236.883 1466 4.232
1791599236.890 1468 4.220
1791599236.904 1471 7.625
1791599236.911 1474 4.080
1791599236.918 1476 4.159
1791599236.932 1479 8.542
1791599236.938 1482 4.098
1791599236.945 1484 4.211
1791599236.959 1487 7.727
1791599236.966 1490 4.222
1791599236.973 1492 4.111
1791599236.986 1495 7.608
1791599236.993 1498 4.110
1791599237.000 1500 4.209
1791599237.016 1503 9.257
1791599237.021 1506 4.117
1791599237.028 1508 4.063
1791599237.042 1511 7.699
1791599237.048 1514 4.127
1791599237.055 1516 4.064
1791599237.069 1519 7.633
1791599237.076 1522 4.061
1791599237.083 1524 4.244
1791599237.097 1527 7.582
1791599237.104 1530 4.258
1791599237.110 1532 4.287
1791599237.124 1535 7.848
1791599237.131 1538 4.477
1791599237.138 1540 4.079
1791599237.152 1543 7.625
1791599237.158 1546 4.141
1791599237.166 1548 5.037
1791599237.179 1551 7.651
1791599237.186 1554 4.380
1791599237.193 1556 4.071
1791599237.207 1559 8.257
1791599237.214 1562 4.332
1791599237.221 1564 4.322
1791599237.234 1567 7.596
1791599237.241 1570 4.209
1791599237.248 1572 4.149
1791599237.262 1575 7.531
1791599237.269 1578 4.783
1791599237.277 1580 5.597
1791599237.289 1583 7.602
1791599237.296 1586 4.144
1791599237.303 1588 4.183
1791599237.317 1591 7.561
1791599237.324 1594 4.712
1791599237.330 1596 4.066
1791599237.346 1599 8.985
1791599237.351 1602 4.153
1791599237.358 1604 4.233
1791599237.372 1607 8.080
1791599237.379 1610 4.184
1791599237.386 1612 4.473
1791599237.400 1615 7.747
1791599237.406 1618 4.326
1791599237.413 1620 4.277
1791599237.427 1623 8.006
1791599237.434 1626 4.631
1791599237.441 1628 4.152
1791599237.455 1631 8.462
1791599237.462 1634 5.034
1791599237.468 1636 4.056
1791599237.482 1639 7.796
1791599237.489 1642 4.256
1791599237.496 1644 4.683
1791599237.510 1647 8.397
1791599237.517 1650 4.976
1791599237.524 1652 5.044
1791599237.537 1655 7.960
1791599237.544 1658 4.210
1791599237.551 1660 4.553
1791599237.565 1663 7.608
1791599237.571 1666 4.109
1791599237.579 1668 4.914
1791599237.592 1671 7.761
1791599237.599 1674 4.352
1791599237.606 1676 4.148
1791599237.620 1679 8.227
1791599237.627 1682 4.948
1791599237.634 1684 4.967
1791599237.647 1687 7.596
1791599237.654 1690 4.146
1791599237.661 1692 4.127
1791599237.675 1695 8.192
1791599237.682 1698 4.317
1791599237.690 1700 6.038
1791599237.704 1703 9.290
1791599237.709 1706 4.237
1791599237.716 1708 4.120
1791599237.730 1711 8.135
1791599237.737 1714 4.291
1791599237.745 1716 5.801
1791599237.759 1719 8.966
1791599237.764 1722 4.150
1791599237.771 1724 4.132
1791599237.785 1727 8.033
1791599237.792 1730 4.626
1791599237.799 1732 4.042
1791599237.812 1735 7.580
1791599237.820 1738 5.129
1791599237.826 1740 4.039
1791599237.840 1743 7.897
1791599237.847 1746 4.156
1791599237.854 1748 4.205
1791599237.868 1751 7.684
1791599237.874 1754 4.162
1791599237.881 1756 4.107
1791599237.895 1759 7.625
1791599237.902 1762 4.319
1791599237.909 1764 4.241
1791599237.923 1767 7.590
1791599237.930 1770 4.986
1791599237.938 1772 5.706
1791599237.950 1775 7.804
1791599237.957 1778 4.176
1791599237.964 1780 4.520
1791599237.978 1783 7.613
1791599237.985 1786 4.280
1791599237.992 1788 4.436
1791599238.005 1791 7.664
1791599238.012 1794 4.215
1791599238.019 1796 4.250
1791599238.033 1799 8.240
1791599238.040 1802 4.311
1791599238.047 1804 4.317
1791599238.060 1807 7.684
1791599238.067 1810 4.211
1791599238.074 1812 4.279
1791599238.088 1815 8.132
1791599238.095 1818 4.198
1791599238.102 1820 4.168
1791599238.117 1823 9.135
1791599238.122 1826 4.208
1791599238.129 1828 4.304
1791599238.143 1831 8.110
1791599238.150 1834 4.717
1791599238.157 1836 4.827
1791599238.172 1839 9.014
1791599238.178 1842 5.213
1791599238.184 1844 4.242
1791599238.198 1847 8.016
1791599238.205 1850 4.669
1791599238.212 1852 4.743
1791599238.227 1855 9.236
1791599238.233 1858 5.092
1791599238.240 1860 5.300
1791599238.253 1863 7.812
1791599238.260 1866 4.191
1791599238.267 1868 4.104
1791599238.281 1871 7.741
1791599238.288 1874 5.014
1791599238.296 1876 6.087
1791599238.308 1879 7.691
1791599238.315 1882 4.505
1791599238.322 1884 4.606
1791599238.336 1887 7.634
1791599238.343 1890 4.319
1791599238.349 1892 4.249
1791599238.363 1895 7.717
1791599238.370 1898 4.196
1791599238.377 1900 4.477
1791599238.391 1903 8.230
1791599238.398 1906 4.151
1791599238.404 1908 4.140
1791599238.418 1911 7.629
1791599238.425 1914 4.173
1791599238.432 1916 4.191
1791599238.446 1919 7.963
1791599238.453 1922 4.782
1791599238.459 1924 4.025
1791599238.475 1927 8.996
1791599238.480 1930 4.064
1791599238.487 1932 4.072
1791599238.501 1935 7.614
1791599238.508 1938 4.723
1791599238.516 1940 5.722
1791599238.528 1943 7.669
1791599238.535 1946 4.141
1791599238.542 1948 4.096
1791599238.556 1951 7.548
1791599238.563 1954 4.716
1791599238.570 1956 4.170
1791599238.584 1959 8.507
1791599238.590 1962 4.157
1791599238.597 1964 4.338
1791599238.612 1967 8.966
1791599238.618 1970 4.624
1791599238.625 1972 4.211
1791599238.660 1975 29.049
1791599238.662 1980 13.744
1791599238.663 1978 21.634
1791599238.666 1983 7.249
1791599238.673 1986 4.431
1791599238.680 1988 4.147
1791599238.694 1991 7.601
1791599238.701 1994 5.031
1791599238.707 1996 4.234
1791599238.721 1999 7.770
1791599238.728 2002 4.279
1791599238.735 2004 4.159
1791599238.749 2007 8.291
1791599238.757 2010 5.736
1791599238.764 2012 5.499
1791599238.776 2015 7.624
1791599238.783 2018 4.388
1791599238.790 2020 4.472
1791599238.804 2023 8.282
1791599238.811 2026 4.857
1791599238.818 2028 4.927
1791599238.831 2031 7.676
1791599238.838 2034 4.318
1791599238.845 2036 4.419
1791599238.859 2039 7.538
1791599238.866 2042 4.085
1791599238.874 2044 5.568
1791599238.886 2047 7.591
1791599238.893 2050 4.265
1791599238.900 2052 4.050
1791599238.914 2055 7.562
1791599238.921 2058 4.718
1791599238.928 2060 4.069
1791599238.943 2063 9.278
1791599238.949 2066 4.424
1791599238.956 2068 5.283
1791599238.969 2071 7.727
1791599238.976 2074 4.123
1791599238.983 2076 4.069
1791599238.998 2079 9.266
1791599239.005 2082 5.731
1791599239.012 2084 5.926
1791599239.024 2087 7.998
1791599239.032 2090 4.929
1791599239.038 2092 4.160
1791599239.053 2095 9.005
1791599239.059 2098 4.988
1791599239.065 2100 4.254
1791599239.079 2103 7.850
1791599239.086 2106 4.143
1791599239.093 2108 4.134
1791599239.107 2111 8.308
1791599239.114 2114 4.846
1791599239.120 2116 4.014
1791599239.134 2119 7.538
1791599239.141 2122 4.052
1791599239.148 2124 3.975
1791599239.162 2127 7.483
1791599239.168 2130 3.964
1791599239.175 2132 4.012
1791599239.189 2135 7.757
1791599239.196 2138 4.130
1791599239.203 2140 4.481
1791599239.217 2143 7.635
1791599239.224 2146 4.372
1791599239.230 2148 4.124
1791599239.246 2151 9.179
1791599239.251 2154 4.240
1791599239.258 2156 4.405
1791599239.272 2159 8.171
1791599239.279 2162 4.693
1791599239.286 2164 4.205
1791599239.300 2167 8.565
1791599239.306 2170 4.193
1791599239.313 2172 4.152
1791599239.327 2175 8.092
1791599239.334 2178 4.208
1791599239.341 2180 4.834
1791599239.355 2183 8.533
1791599239.362 2186 5.169
1791599239.368 2188 4.171
1791599239.382 2191 8.003
1791599239.389 2194 4.215
1791599239.396 2196 4.183
1791599239.409 2199 7.598
1791599239.416 2202 4.249
1791599239.423 2204 4.211
1791599239.437 2207 7.712
1791599239.444 2210 4.181
1791599239.451 2212 4.197
1791599239.465 2215 7.647
1791599239.471 2218 4.089
1791599239.479 2220 4.828
1791599239.492 2223 7.833
1791599239.499 2226 4.517
1791599239.506 2228 4.159
1791599239.520 2231 8.310
1791599239.527 2234 4.917
1791599239.533 2236 4.122
1791599239.547 2239 7.754
1791599239.554 2242 4.381
1791599239.561 2244 4.123
1791599239.575 2247 7.853
1791599239.582 2250 4.906
1791599239.589 2252 4.983
1791599239.604 2255 9.264
1791599239.611 2258 5.762
1791599239.618 2260 5.827
1791599239.630 2263 7.761
1791599239.638 2266 5.692
1791599239.645 2268 5.640
1791599239.659 2271 9.082
1791599239.666 2274 5.632
1791599239.671 2276 4.360
1791599239.685 2279 8.127
