sysbench 1.0.20 (using system LuaJIT 2.1.0-beta3)

Running the test with following options:
Number of threads: 32
Target transaction rate: 3000/sec
Initializing random number generator from current time


Initializing worker threads...

Threads started!

Latency histogram (values are in milliseconds)
       value  ------------- distribution ------------- count
       0.084 |                                         1
       0.085 |                                         2
       0.087 |                                         2
       0.089 |                                         1
       0.090 |                                         1
       0.092 |                                         2
       0.093 |                                         6
       0.095 |                                         20
       0.097 |                                         44
       0.099 |*                                        90
       0.100 |*                                        122
       0.102 |**                                       206
       0.104 |***                                      285
       0.106 |***                                      346
       0.108 |*****                                    506
       0.110 |******                                   632
       0.112 |********                                 794
       0.114 |*********                                950
       0.116 |**********                               1103
       0.118 |**************                           1456
       0.120 |****************                         1645
       0.122 |******************                       1883
       0.125 |*********************                    2209
       0.127 |************************                 2491
       0.129 |***************************              2831
       0.132 |******************************           3148
       0.134 |********************************         3413
       0.136 |**********************************       3626
       0.139 |**************************************   3953
       0.141 |**************************************   4004
       0.144 |***************************************  4117
       0.147 |**************************************** 4206
       0.149 |***************************************  4134
       0.152 |**************************************   4038
       0.155 |***********************************      3672
       0.158 |*********************************        3491
       0.160 |*****************************            3089
       0.163 |**************************               2705
       0.166 |***********************                  2441
       0.169 |********************                     2091
       0.172 |******************                       1853
       0.176 |***************                          1600
       0.179 |*************                            1322
       0.182 |***********                              1176
       0.185 |**********                               1048
       0.189 |********                                 874
       0.192 |*******                                  773
       0.196 |******                                   643
       0.199 |******                                   626
       0.203 |*****                                    519
       0.206 |****                                     470
       0.210 |****                                     437
       0.214 |****                                     417
       0.218 |***                                      352
       0.222 |***                                      348
       0.226 |***                                      313
       0.230 |***                                      292
       0.234 |***                                      289
       0.238 |**                                       252
       0.243 |***                                      266
       0.247 |**                                       234
       0.252 |**                                       210
       0.256 |**                                       240
       0.261 |**                                       196
       0.266 |**                                       168
       0.270 |*                                        150
       0.275 |**                                       166
       0.280 |*                                        140
       0.285 |*                                        144
       0.291 |*                                        143
       0.296 |*                                        118
       0.301 |*                                        120
       0.307 |*                                        94
       0.312 |*                                        88
       0.318 |*                                        106
       0.324 |*                                        78
       0.330 |*                                        87
       0.336 |*                                        86
       0.342 |*                                        80
       0.348 |*                                        84
       0.354 |*                                        57
       0.361 |*                                        81
       0.367 |*                                        70
       0.374 |*                                        68
       0.381 |*                                        83
       0.388 |*                                        63
       0.395 |*                                        79
       0.402 |*                                        82
       0.409 |*                                        86
       0.417 |*                                        81
       0.424 |*                                        80
       0.432 |*                                        88
       0.440 |*                                        115
       0.448 |*                                        110
       0.456 |*                                        112
       0.464 |*                                        117
       0.473 |*                                        110
       0.481 |*                                        130
       0.490 |*                                        97
       0.499 |*                                        131
       0.508 |*                                        123
       0.517 |*                                        89
       0.527 |*                                        116
       0.536 |*                                        116
       0.546 |*                                        90
       0.556 |*                                        105
       0.566 |*                                        97
       0.576 |*                                        76
       0.587 |*                                        60
       0.597 |*                                        53
       0.608 |                                         46
       0.619 |                                         43
       0.630 |                                         39
       0.642 |                                         42
       0.654 |*                                        53
       0.665 |                                         30
       0.677 |                                         27
       0.690 |                                         29
       0.702 |                                         24
       0.715 |                                         17
       0.728 |                                         22
       0.741 |                                         16
       0.755 |                                         22
       0.768 |                                         12
       0.782 |                                         16
       0.797 |                                         15
       0.811 |                                         13
       0.826 |                                         17
       0.841 |                                         13
       0.856 |                                         6
       0.872 |                                         12
       0.888 |                                         14
       0.904 |                                         8
       0.920 |                                         12
       0.937 |                                         10
       0.954 |                                         6
       0.971 |                                         7
       0.989 |                                         8
       1.007 |                                         6
       1.025 |                                         5
       1.044 |                                         6
       1.063 |                                         5
       1.082 |                                         5
       1.102 |                                         5
       1.122 |                                         2
       1.142 |                                         6
       1.163 |                                         6
       1.184 |                                         4
       1.205 |                                         9
       1.227 |                                         3
       1.250 |                                         4
       1.272 |                                         8
       1.295 |                                         3
       1.319 |                                         2
       1.343 |                                         6
       1.367 |                                         3
       1.392 |                                         4
       1.417 |                                         1
       1.443 |                                         3
       1.469 |                                         2
       1.496 |                                         1
       1.523 |                                         3
       1.551 |                                         2
       1.579 |                                         4
       1.608 |                                         7
       1.637 |                                         4
       1.667 |                                         7
       1.697 |                                         2
       1.759 |                                         2
       1.791 |                                         1
       1.824 |                                         3
       1.857 |                                         2
       1.891 |                                         1
       1.925 |                                         1
       1.960 |                                         4
       1.996 |                                         1
       2.032 |                                         3
       2.069 |                                         2
       2.145 |                                         3
       2.184 |                                         4
       2.223 |                                         3
       2.264 |                                         1
       2.347 |                                         1
       2.389 |                                         4
       2.433 |                                         1
       2.477 |                                         2
       2.568 |                                         2
       2.615 |                                         1
       2.662 |                                         1
       2.710 |                                         2
       2.760 |                                         2
       2.861 |                                         2
       2.913 |                                         1
       2.966 |                                         3
       3.130 |                                         2
       3.187 |                                         2
       3.245 |                                         2
       3.364 |                                         1
       3.425 |                                         1
       3.488 |                                         2
       3.551 |                                         2
       3.681 |                                         1
       3.748 |                                         3
       3.816 |                                         1
       3.885 |                                         2
       3.956 |                                         1
       4.252 |                                         1
       4.329 |                                         2
       4.407 |                                         1
       4.487 |                                         1
       4.652 |                                         2
       5.183 |                                         1
       5.277 |                                         2
       5.373 |                                         2
       5.570 |                                         2
       5.671 |                                         1
       5.879 |                                         2
       5.986 |                                         1
       6.095 |                                         1
       6.318 |                                         1
       6.669 |                                         1
       7.039 |                                         1
 
SQL statistics:
    queries performed:
        read:                            89925
        write:                           0
        other:                           0
        total:                           89925
    transactions:                        89925  (2995.88 per sec.)
    queries:                             89925  (2995.88 per sec.)
    ignored errors:                      0      (0.00 per sec.)
    reconnects:                          0      (0.00 per sec.)

General statistics:
    total time:                          30.0148s
    total number of events:              89925

Latency (ms):
         min:                                    0.08
         avg:                                    0.17
         max:                                    7.05
         95th percentile:                        0.30
         sum:                                15504.52

Threads fairness:
    events (avg/stddev):           2810.1562/17.91
    execution time (avg/stddev):   0.4845/0.01


