sysbench 1.0.20 (using system LuaJIT 2.1.0-beta3)

Running the test with following options:
Number of threads: 32
Target transaction rate: 3000/sec
Initializing random number generator from current time


Initializing worker threads...

Threads started!

Latency histogram (values are in milliseconds)
       value  ------------- distribution ------------- count
       0.120 |                                         1
       0.122 |                                         2
       0.125 |                                         1
       0.127 |                                         4
       0.129 |                                         8
       0.132 |                                         8
       0.134 |                                         18
       0.136 |                                         34
       0.139 |*                                        86
       0.141 |*                                        155
       0.144 |**                                       271
       0.147 |***                                      364
       0.149 |****                                     542
       0.152 |******                                   767
       0.155 |********                                 999
       0.158 |**********                               1284
       0.160 |************                             1552
       0.163 |**************                           1908
       0.166 |****************                         2137
       0.169 |*****************                        2257
       0.172 |*******************                      2559
       0.176 |*********************                    2824
       0.179 |************************                 3229
       0.182 |***************************              3540
       0.185 |******************************           4025
       0.189 |*********************************        4379
       0.192 |************************************     4799
       0.196 |***************************************  5129
       0.199 |**************************************** 5289
       0.203 |***************************************  5200
       0.206 |***********************************      4678
       0.210 |********************************         4180
       0.214 |*****************************            3803
       0.218 |**************************               3380
       0.222 |***********************                  2992
       0.226 |********************                     2649
       0.230 |****************                         2075
       0.234 |*************                            1712
       0.238 |***********                              1456
       0.243 |*********                                1191
       0.247 |********                                 1013
       0.252 |******                                   812
       0.256 |*****                                    711
       0.261 |****                                     565
       0.266 |****                                     505
       0.270 |***                                      443
       0.275 |***                                      371
       0.280 |**                                       300
       0.285 |**                                       270
       0.291 |**                                       254
       0.296 |**                                       242
       0.301 |**                                       251
       0.307 |**                                       216
       0.312 |**                                       227
       0.318 |**                                       204
       0.324 |**                                       214
       0.330 |**                                       206
       0.336 |**                                       220
       0.342 |**                                       219
       0.348 |*                                        177
       0.354 |*                                        150
       0.361 |*                                        156
       0.367 |*                                        117
       0.374 |*                                        109
       0.381 |*                                        110
       0.388 |*                                        91
       0.395 |*                                        79
       0.402 |                                         62
       0.409 |                                         49
       0.417 |                                         48
       0.424 |                                         41
       0.432 |                                         35
       0.440 |                                         40
       0.448 |                                         22
       0.456 |                                         28
       0.464 |                                         35
       0.473 |                                         31
       0.481 |                                         21
       0.490 |                                         15
       0.499 |                                         18
       0.508 |                                         22
       0.517 |                                         13
       0.527 |                                         10
       0.536 |                                         7
       0.546 |                                         7
       0.556 |                                         10
       0.566 |                                         13
       0.576 |                                         5
       0.587 |                                         2
       0.597 |                                         3
       0.608 |                                         2
       0.619 |                                         4
       0.642 |                                         3
       0.654 |                                         1
       0.665 |                                         2
       0.690 |                                         1
       0.702 |                                         1
       0.715 |                                         2
       0.728 |                                         2
       0.768 |                                         1
       0.826 |                                         2
       0.856 |                                         2
       0.904 |                                         1
       0.971 |                                         1
       1.044 |                                         1
       1.102 |                                         1
       1.205 |                                         1
       1.250 |                                         1
       2.145 |                                         1
       2.184 |                                         2
 
SQL statistics:
    queries performed:
        read:                            90288
        write:                           0
        other:                           0
        total:                           90288
    transactions:                        90288  (3008.02 per sec.)
    queries:                             90288  (3008.02 per sec.)
    ignored errors:                      0      (0.00 per sec.)
    reconnects:                          0      (0.00 per sec.)

General statistics:
    total time:                          30.0154s
    total number of events:              90288

Latency (ms):
         min:                                    0.12
         avg:                                    0.21
         max:                                    2.19
         95th percentile:                        0.28
         sum:                                18568.94

Threads fairness:
    events (avg/stddev):           2821.5000/18.94
    execution time (avg/stddev):   0.5803/0.00


