sysbench 1.0.20 (using system LuaJIT 2.1.0-beta3)

Running the test with following options:
Number of threads: 32
Target transaction rate: 3000/sec
Initializing random number generator from current time


Initializing worker threads...

Threads started!

Latency histogram (values are in milliseconds)
       value  ------------- distribution ------------- count
       0.118 |                                         2
       0.120 |                                         10
       0.122 |                                         8
       0.125 |                                         14
       0.127 |                                         23
       0.129 |                                         39
       0.132 |                                         54
       0.134 |*                                        138
       0.136 |**                                       209
       0.139 |***                                      332
       0.141 |****                                     559
       0.144 |******                                   767
       0.147 |*********                                1075
       0.149 |***********                              1373
       0.152 |**************                           1772
       0.155 |****************                         1970
       0.158 |******************                       2210
       0.160 |*******************                      2420
       0.163 |*******************                      2450
       0.166 |********************                     2516
       0.169 |*******************                      2442
       0.172 |*********************                    2666
       0.176 |**************************               3211
       0.179 |*******************************          3925
       0.182 |*************************************    4600
       0.185 |***************************************  4920
       0.189 |**************************************** 5035
       0.192 |**************************************   4812
       0.196 |***********************************      4430
       0.199 |******************************           3821
       0.203 |*************************                3178
       0.206 |*********************                    2600
       0.210 |*****************                        2151
       0.214 |**************                           1823
       0.218 |************                             1545
       0.222 |***********                              1335
       0.226 |*********                                1118
       0.230 |********                                 1005
       0.234 |*******                                  878
       0.238 |******                                   784
       0.243 |******                                   707
       0.247 |*****                                    581
       0.252 |****                                     528
       0.256 |****                                     464
       0.261 |****                                     444
       0.266 |***                                      335
       0.270 |**                                       278
       0.275 |**                                       266
       0.280 |**                                       260
       0.285 |**                                       248
       0.291 |**                                       191
       0.296 |**                                       221
       0.301 |*                                        175
       0.307 |**                                       231
       0.312 |**                                       201
       0.318 |**                                       225
       0.324 |**                                       287
       0.330 |***                                      323
       0.336 |***                                      360
       0.342 |****                                     472
       0.348 |****                                     549
       0.354 |*****                                    676
       0.361 |*****                                    666
       0.367 |******                                   747
       0.374 |******                                   777
       0.381 |******                                   749
       0.388 |*****                                    625
       0.395 |*****                                    594
       0.402 |****                                     525
       0.409 |***                                      420
       0.417 |***                                      369
       0.424 |***                                      341
       0.432 |**                                       287
       0.440 |*                                        188
       0.448 |*                                        173
       0.456 |*                                        171
       0.464 |*                                        131
       0.473 |*                                        115
       0.481 |*                                        104
       0.490 |*                                        76
       0.499 |*                                        89
       0.508 |*                                        73
       0.517 |*                                        69
       0.527 |*                                        64
       0.536 |                                         45
       0.546 |                                         52
       0.556 |                                         32
       0.566 |                                         27
       0.576 |                                         26
       0.587 |                                         22
       0.597 |                                         19
       0.608 |                                         20
       0.619 |                                         11
       0.630 |                                         11
       0.642 |                                         5
       0.654 |                                         8
       0.665 |                                         8
       0.677 |                                         4
       0.690 |                                         4
       0.702 |                                         1
       0.715 |                                         3
       0.741 |                                         1
       0.755 |                                         1
       0.782 |                                         3
       0.797 |                                         2
       0.811 |                                         1
       0.841 |                                         2
       0.856 |                                         5
       0.872 |                                         2
       0.920 |                                         1
       1.063 |                                         2
       1.122 |                                         2
       1.205 |                                         1
       1.250 |                                         1
       1.579 |                                         1
       1.791 |                                         1
       2.069 |                                         1
       2.106 |                                         2
 
SQL statistics:
    queries performed:
        read:                            89922
        write:                           0
        other:                           0
        total:                           89922
    transactions:                        89922  (2995.77 per sec.)
    queries:                             89922  (2995.77 per sec.)
    ignored errors:                      0      (0.00 per sec.)
    reconnects:                          0      (0.00 per sec.)

General statistics:
    total time:                          30.0159s
    total number of events:              89922

Latency (ms):
         min:                                    0.12
         avg:                                    0.21
         max:                                    2.11
         95th percentile:                        0.39
         sum:                                19236.23

Threads fairness:
    events (avg/stddev):           2810.0625/17.44
    execution time (avg/stddev):   0.6011/0.01


