sysbench 1.0.20 (using system LuaJIT 2.1.0-beta3)

Running the test with following options:
Number of threads: 32
Target transaction rate: 300/sec
Initializing random number generator from current time


Initializing worker threads...

Threads started!

Latency histogram (values are in milliseconds)
       value  ------------- distribution ------------- count
       0.904 |                                         1
       0.937 |                                         8
       0.954 |                                         10
       0.971 |**                                       40
       0.989 |*****                                    104
       1.007 |*************                            252
       1.025 |**********************                   444
       1.044 |*****************************            589
       1.063 |*******************************          618
       1.082 |**********************                   439
       1.102 |*******************                      382
       1.122 |*****************                        343
       1.142 |***********************                  462
       1.163 |*******************************          611
       1.184 |**************************************** 801
       1.205 |**********************************       687
       1.227 |**********************                   450
       1.250 |*******************                      375
       1.272 |******************                       360
       1.295 |***************                          291
       1.319 |*************                            262
       1.343 |**************                           283
       1.367 |**********                               208
       1.392 |**********                               193
       1.417 |*******                                  145
       1.443 |*****                                    106
       1.469 |****                                     81
       1.496 |**                                       49
       1.523 |*                                        30
       1.551 |*                                        23
       1.579 |*                                        27
       1.608 |*                                        16
       1.637 |                                         6
       1.667 |                                         4
       1.697 |                                         6
       1.728 |                                         4
       1.759 |                                         4
       1.791 |                                         8
       1.824 |                                         5
       1.857 |                                         3
       1.891 |                                         1
       1.925 |                                         2
       1.960 |                                         2
       1.996 |                                         3
       2.032 |                                         1
       2.069 |                                         1
       2.106 |                                         1
       2.145 |                                         1
       2.184 |                                         2
       2.223 |                                         2
       2.264 |                                         5
       2.305 |                                         2
       2.347 |                                         1
       2.389 |                                         2
       2.433 |                                         6
       2.477 |                                         7
       2.522 |                                         3
       2.568 |                                         2
       2.615 |                                         1
       2.662 |                                         2
       2.710 |                                         3
       2.760 |                                         2
       2.810 |                                         1
       2.861 |                                         5
       2.913 |                                         3
       2.966 |                                         3
       3.020 |                                         5
       3.075 |                                         4
       3.130 |                                         5
       3.187 |                                         5
       3.245 |                                         1
       3.304 |                                         6
       3.364 |                                         2
       3.425 |                                         3
       3.488 |                                         4
       3.551 |                                         4
       3.615 |                                         4
       3.681 |                                         2
       3.748 |                                         4
       3.816 |                                         5
       3.885 |                                         3
       3.956 |                                         1
       4.028 |                                         8
       4.101 |                                         2
       4.176 |                                         4
       4.252 |                                         5
       4.329 |                                         1
       4.407 |                                         1
       4.487 |                                         2
       4.569 |                                         2
       4.652 |                                         1
       4.823 |                                         2
       4.910 |                                         2
       4.999 |                                         2
       5.090 |                                         3
       5.277 |                                         2
       5.373 |                                         2
       5.470 |                                         2
       5.570 |                                         3
       5.671 |                                         1
       5.879 |                                         2
       5.986 |                                         1
       6.095 |                                         1
       6.433 |                                         1
 
SQL statistics:
    queries performed:
        read:                            124628
        write:                           0
        other:                           17804
        total:                           142432
    transactions:                        8902   (296.54 per sec.)
    queries:                             142432 (4744.61 per sec.)
    ignored errors:                      0      (0.00 per sec.)
    reconnects:                          0      (0.00 per sec.)

General statistics:
    total time:                          30.0191s
    total number of events:              8902

Latency (ms):
         min:                                    0.90
         avg:                                    1.23
         max:                                    6.42
         95th percentile:                        1.44
         sum:                                10933.98

Threads fairness:
    events (avg/stddev):           278.1875/1.45
    execution time (avg/stddev):   0.3417/0.00


