sysbench 1.0.20 (using system LuaJIT 2.1.0-beta3)

Running the test with following options:
Number of threads: 32
Target transaction rate: 3000/sec
Initializing random number generator from current time


Initializing worker threads...

Threads started!

Latency histogram (values are in milliseconds)
       value  ------------- distribution ------------- count
       0.116 |                                         1
       0.120 |                                         1
       0.122 |                                         2
       0.125 |                                         1
       0.127 |                                         2
       0.129 |                                         9
       0.132 |                                         14
       0.134 |                                         33
       0.136 |*                                        49
       0.139 |*                                        118
       0.141 |**                                       207
       0.144 |****                                     330
       0.147 |******                                   495
       0.149 |********                                 652
       0.152 |***********                              881
       0.155 |*************                            1057
       0.158 |***************                          1285
       0.160 |****************                         1378
       0.163 |******************                       1492
       0.166 |******************                       1474
       0.169 |*******************                      1595
       0.172 |*********************                    1785
       0.176 |*************************                2054
       0.179 |****************************             2323
       0.182 |********************************         2656
       0.185 |*********************************        2777
       0.189 |*************************************    3058
       0.192 |**************************************   3175
       0.196 |**************************************** 3346
       0.199 |*********************************        2790
       0.203 |****************************             2341
       0.206 |***********************                  1896
       0.210 |*******************                      1573
       0.214 |*****************                        1436
       0.218 |**************                           1134
       0.222 |***********                              935
       0.226 |**********                               801
       0.230 |********                                 658
       0.234 |******                                   534
       0.238 |*****                                    460
       0.243 |****                                     372
       0.247 |****                                     300
       0.252 |***                                      254
       0.256 |***                                      247
       0.261 |**                                       202
       0.266 |**                                       182
       0.270 |**                                       156
       0.275 |**                                       144
       0.280 |**                                       130
       0.285 |*                                        124
       0.291 |**                                       139
       0.296 |*                                        113
       0.301 |**                                       141
       0.307 |*                                        113
       0.312 |**                                       143
       0.318 |**                                       136
       0.324 |**                                       136
       0.330 |**                                       158
       0.336 |**                                       160
       0.342 |**                                       207
       0.348 |***                                      254
       0.354 |****                                     319
       0.361 |****                                     373
       0.367 |******                                   466
       0.374 |******                                   482
       0.381 |*******                                  572
       0.388 |*******                                  579
       0.395 |*******                                  587
       0.402 |*******                                  602
       0.409 |******                                   509
       0.417 |******                                   508
       0.424 |*****                                    456
       0.432 |*****                                    440
       0.440 |*****                                    385
       0.448 |****                                     298
       0.456 |****                                     294
       0.464 |***                                      276
       0.473 |**                                       207
       0.481 |**                                       196
       0.490 |**                                       159
       0.499 |*                                        106
       0.508 |**                                       134
       0.517 |*                                        89
       0.527 |*                                        93
       0.536 |*                                        79
       0.546 |*                                        67
       0.556 |*                                        60
       0.566 |                                         41
       0.576 |*                                        58
       0.587 |*                                        42
       0.597 |                                         28
       0.608 |                                         28
       0.619 |                                         38
       0.630 |                                         19
       0.642 |                                         22
       0.654 |                                         26
       0.665 |                                         23
       0.677 |                                         18
       0.690 |                                         15
       0.702 |                                         15
       0.715 |                                         14
       0.728 |                                         19
       0.741 |                                         8
       0.755 |                                         10
       0.768 |                                         11
       0.782 |                                         10
       0.797 |                                         6
       0.811 |                                         6
       0.826 |                                         7
       0.841 |                                         4
       0.856 |                                         5
       0.872 |                                         3
       0.888 |                                         8
       0.904 |                                         9
       0.920 |                                         4
       0.937 |                                         3
       0.954 |                                         11
       0.971 |                                         3
       0.989 |                                         6
       1.007 |                                         4
       1.025 |                                         4
       1.044 |                                         7
       1.063 |                                         3
       1.082 |                                         4
       1.102 |                                         6
       1.122 |                                         4
       1.142 |                                         5
       1.163 |                                         6
       1.184 |                                         2
       1.205 |                                         4
       1.227 |                                         8
       1.250 |                                         3
       1.272 |                                         3
       1.295 |                                         2
       1.319 |                                         1
       1.343 |                                         5
       1.367 |                                         2
       1.392 |                                         3
       1.417 |                                         1
       1.443 |                                         6
       1.469 |                                         2
       1.496 |                                         4
       1.523 |                                         2
       1.551 |                                         3
       1.579 |                                         5
       1.637 |                                         3
       1.667 |                                         5
       1.697 |                                         4
       1.728 |                                         6
       1.759 |                                         9
       1.791 |                                         7
       1.824 |                                         3
       1.857 |                                         6
       1.891 |                                         3
       1.925 |                                         7
       1.960 |                                         6
       1.996 |                                         3
       2.032 |                                         5
       2.069 |                                         2
       2.106 |                                         5
       2.145 |                                         5
       2.184 |                                         3
       2.223 |                                         4
       2.264 |                                         3
       2.305 |                                         1
       2.347 |                                         1
       2.389 |                                         4
       2.433 |                                         1
       2.568 |                                         3
       2.615 |                                         1
       2.710 |                                         3
       2.760 |                                         2
       2.810 |                                         3
       2.966 |                                         4
       3.020 |                                         1
       3.075 |                                         1
       3.130 |                                         2
       3.187 |                                         1
       3.245 |                                         3
       3.304 |                                         1
       3.364 |                                         1
       3.425 |                                         1
       3.488 |                                         3
       3.551 |                                         2
       3.615 |                                         3
       3.748 |                                         1
       3.816 |                                         1
       3.885 |                                         1
       3.956 |                                         2
       4.101 |                                         2
       4.252 |                                         1
       4.329 |                                         1
       4.569 |                                         1
       4.652 |                                         3
       4.737 |                                         1
       4.823 |                                         2
       4.999 |                                         2
       5.090 |                                         3
       5.277 |                                         2
       5.373 |                                         2
       6.095 |                                         1
       6.205 |                                         1
       6.318 |                                         1
       6.550 |                                         1
       6.669 |                                         2
       6.790 |                                         1
       7.167 |                                         1
       7.702 |                                         1
       7.842 |                                         2
       7.985 |                                         2
       8.277 |                                         1
       9.057 |                                         2
       9.910 |                                         1
      10.090 |                                         1
 
SQL statistics:
    queries performed:
        read:                            59748
        write:                           0
        other:                           0
        total:                           59748
    transactions:                        59748  (2985.05 per sec.)
    queries:                             59748  (2985.05 per sec.)
    ignored errors:                      0      (0.00 per sec.)
    reconnects:                          0      (0.00 per sec.)

General statistics:
    total time:                          20.0153s
    total number of events:              59748

Latency (ms):
         min:                                    0.12
         avg:                                    0.24
         max:                                   10.11
         95th percentile:                        0.44
         sum:                                14359.10

Threads fairness:
    events (avg/stddev):           1867.1250/12.66
    execution time (avg/stddev):   0.4487/0.01


