sysbench 1.0.20 (using system LuaJIT 2.1.0-beta3)

Running the test with following options:
Number of threads: 32
Target transaction rate: 3000/sec
Initializing random number generator from current time


Initializing worker threads...

Threads started!

Latency histogram (values are in milliseconds)
       value  ------------- distribution ------------- count
       0.114 |                                         1
       0.116 |                                         1
       0.118 |                                         2
       0.120 |                                         5
       0.122 |                                         2
       0.125 |                                         6
       0.127 |                                         20
       0.129 |                                         25
       0.132 |                                         50
       0.134 |*                                        164
       0.136 |**                                       285
       0.139 |*****                                    525
       0.141 |********                                 952
       0.144 |***********                              1227
       0.147 |************                             1367
       0.149 |**************                           1614
       0.152 |****************                         1824
       0.155 |*****************                        1979
       0.158 |*******************                      2204
       0.160 |*******************                      2176
       0.163 |*****************                        1976
       0.166 |***************                          1725
       0.169 |*****************                        1925
       0.172 |**********************                   2498
       0.176 |*******************************          3563
       0.179 |***************************************  4498
       0.182 |**************************************** 4630
       0.185 |***********************************      4033
       0.189 |******************************           3494
       0.192 |**************************               3015
       0.196 |*********************                    2392
       0.199 |*****************                        2002
       0.203 |*************                            1478
       0.206 |***********                              1277
       0.210 |*********                                986
       0.214 |*******                                  822
       0.218 |******                                   677
       0.222 |*****                                    524
       0.226 |****                                     426
       0.230 |***                                      333
       0.234 |***                                      340
       0.238 |**                                       283
       0.243 |**                                       269
       0.247 |**                                       205
       0.252 |*                                        145
       0.256 |*                                        159
       0.261 |*                                        138
       0.266 |*                                        120
       0.270 |*                                        145
       0.275 |*                                        111
       0.280 |*                                        144
       0.285 |*                                        116
       0.291 |*                                        143
       0.296 |*                                        134
       0.301 |*                                        111
       0.307 |*                                        99
       0.312 |*                                        111
       0.318 |*                                        104
       0.324 |*                                        65
       0.330 |*                                        64
       0.336 |*                                        60
       0.342 |                                         42
       0.348 |                                         43
       0.354 |                                         31
       0.361 |                                         24
       0.367 |                                         15
       0.374 |                                         23
       0.381 |                                         9
       0.388 |                                         9
       0.395 |                                         8
       0.402 |                                         9
       0.409 |                                         6
       0.417 |                                         6
       0.424 |                                         2
       0.432 |                                         2
       0.440 |                                         2
       0.448 |                                         2
       0.456 |                                         2
       0.464 |                                         3
       0.481 |                                         1
       0.536 |                                         1
       0.546 |                                         2
       0.566 |                                         2
       0.597 |                                         1
       0.619 |                                         1
       0.642 |                                         1
       0.728 |                                         1
       0.811 |                                         1
       0.826 |                                         1
       0.954 |                                         1
       1.142 |                                         1
       1.163 |                                         1
       1.205 |                                         2
       1.227 |                                         1
       1.250 |                                         1
       1.295 |                                         1
       1.343 |                                         1
       1.367 |                                         1
       1.443 |                                         1
       1.925 |                                         1
       1.960 |                                         1
       2.106 |                                         1
       2.810 |                                         2
       2.861 |                                         1
       3.425 |                                         3
       3.681 |                                         1
       3.956 |                                         1
       4.329 |                                         1
       4.652 |                                         1
       4.737 |                                         1
       4.999 |                                         2
       5.277 |                                         1
       5.570 |                                         1
       6.318 |                                         1
       6.550 |                                         1
       6.790 |                                         1
       6.913 |                                         1
       7.039 |                                         1
       7.297 |                                         1
       7.430 |                                         1
       7.985 |                                         1
       8.581 |                                         1
       9.057 |                                         2
       9.222 |                                         1
       9.560 |                                         2
       9.910 |                                         1
      10.090 |                                         1
      10.460 |                                         1
      10.651 |                                         1
      11.041 |                                         2
      11.866 |                                         1
 
SQL statistics:
    queries performed:
        read:                            60069
        write:                           0
        other:                           0
        total:                           60069
    transactions:                        60069  (3001.22 per sec.)
    queries:                             60069  (3001.22 per sec.)
    ignored errors:                      0      (0.00 per sec.)
    reconnects:                          0      (0.00 per sec.)

General statistics:
    total time:                          20.0144s
    total number of events:              60069

Latency (ms):
         min:                                    0.11
         avg:                                    0.19
         max:                                   11.87
         95th percentile:                        0.24
         sum:                                11241.59

Threads fairness:
    events (avg/stddev):           1877.1562/14.36
    execution time (avg/stddev):   0.3513/0.00


