sysbench 1.0.20 (using system LuaJIT 2.1.0-beta3)

Running the test with following options:
Number of threads: 32
Target transaction rate: 1000/sec
Initializing random number generator from current time


Initializing worker threads...

Threads started!

Latency histogram (values are in milliseconds)
       value  ------------- distribution ------------- count
       0.536 |                                         1
       0.556 |                                         1
       0.566 |                                         3
       0.576 |                                         9
       0.587 |                                         5
       0.597 |*                                        16
       0.608 |*                                        27
       0.619 |**                                       35
       0.630 |***                                      52
       0.642 |*****                                    87
       0.654 |******                                   101
       0.665 |******                                   101
       0.677 |********                                 137
       0.690 |*******                                  124
       0.702 |***********                              192
       0.715 |***********                              205
       0.728 |*************                            239
       0.741 |****************                         297
       0.755 |********************                     372
       0.768 |*********************                    390
       0.782 |**************************               466
       0.797 |***************************              498
       0.811 |********************************         579
       0.826 |*****************************            532
       0.841 |*********************************        608
       0.856 |*********************************        598
       0.872 |************************************     650
       0.888 |************************************     651
       0.904 |*************************************    673
       0.920 |**************************************** 730
       0.937 |*********************************        610
       0.954 |********************************         584
       0.971 |**********************************       622
       0.989 |********************************         576
       1.007 |********************************         585
       1.025 |*****************************            529
       1.044 |***************************              484
       1.063 |***************************              488
       1.082 |****************************             505
       1.102 |*************************                461
       1.122 |************************                 430
       1.142 |*********************                    382
       1.163 |*******************                      355
       1.184 |*******************                      350
       1.205 |*****************                        310
       1.227 |*****************                        308
       1.250 |***************                          275
       1.272 |*************                            237
       1.295 |*************                            233
       1.319 |*************                            231
       1.343 |************                             210
       1.367 |**********                               185
       1.392 |********                                 151
       1.417 |*********                                167
       1.443 |********                                 138
       1.469 |******                                   114
       1.496 |******                                   118
       1.523 |*****                                    95
       1.551 |*****                                    100
       1.579 |****                                     76
       1.608 |****                                     75
       1.637 |*****                                    84
       1.667 |****                                     69
       1.697 |***                                      61
       1.728 |****                                     64
       1.759 |**                                       44
       1.791 |**                                       38
       1.824 |**                                       39
       1.857 |**                                       39
       1.891 |*                                        27
       1.925 |**                                       40
       1.960 |**                                       28
       1.996 |*                                        21
       2.032 |*                                        23
       2.069 |*                                        18
       2.106 |*                                        16
       2.145 |*                                        26
       2.184 |*                                        15
       2.223 |*                                        17
       2.264 |*                                        23
       2.305 |*                                        22
       2.347 |                                         8
       2.389 |*                                        20
       2.433 |*                                        12
       2.477 |                                         7
       2.522 |*                                        11
       2.568 |*                                        15
       2.615 |*                                        11
       2.662 |                                         8
       2.710 |*                                        11
       2.760 |                                         6
       2.810 |*                                        11
       2.861 |*                                        19
       2.913 |*                                        15
       2.966 |*                                        19
       3.020 |*                                        13
       3.075 |*                                        20
       3.130 |*                                        10
       3.187 |*                                        16
       3.245 |*                                        20
       3.304 |*                                        13
       3.364 |*                                        21
       3.425 |*                                        18
       3.488 |*                                        20
       3.551 |*                                        17
       3.615 |*                                        18
       3.681 |*                                        19
       3.748 |*                                        22
       3.816 |*                                        21
       3.885 |*                                        13
       3.956 |*                                        15
       4.028 |*                                        16
       4.101 |                                         3
       4.176 |*                                        11
       4.252 |*                                        11
       4.329 |*                                        10
       4.407 |                                         5
       4.487 |                                         7
       4.569 |*                                        12
       4.652 |                                         7
       4.737 |                                         5
       4.823 |                                         7
       4.910 |                                         5
       4.999 |                                         2
       5.090 |                                         6
       5.277 |                                         4
       5.373 |                                         3
       5.470 |                                         6
       5.570 |                                         3
       5.671 |                                         6
       5.774 |                                         4
       5.879 |                                         3
       5.986 |                                         4
       6.095 |                                         2
       6.205 |                                         3
       6.318 |                                         6
       6.433 |                                         3
       6.550 |                                         4
       6.669 |                                         1
       6.790 |                                         4
       6.913 |                                         3
       7.039 |                                         1
       7.167 |                                         1
       7.297 |                                         1
       7.430 |                                         2
       7.565 |                                         1
       8.130 |                                         1
       8.581 |                                         2
       8.737 |                                         2
       9.389 |                                         2
       9.560 |                                         1
       9.734 |                                         2
       9.910 |                                         1
      10.651 |                                         1
      12.301 |                                         2
      12.524 |                                         3
      12.752 |                                         1
      14.995 |                                         1
      15.268 |                                         1
      17.010 |                                         1
      17.319 |                                         2
      17.633 |                                         1
      19.295 |                                         1
      20.002 |                                         1
      20.366 |                                         1
      20.736 |                                         1
      21.112 |                                         3
      21.886 |                                         1
      22.284 |                                         1
      23.521 |                                         1
      24.827 |                                         1
      25.737 |                                         2
      26.681 |                                         1
 
SQL statistics:
    queries performed:
        read:                            0
        write:                           19736
        other:                           0
        total:                           19736
    transactions:                        19736  (985.92 per sec.)
    queries:                             19736  (985.92 per sec.)
    ignored errors:                      0      (0.00 per sec.)
    reconnects:                          0      (0.00 per sec.)

General statistics:
    total time:                          20.0174s
    total number of events:              19736

Latency (ms):
         min:                                    0.54
         avg:                                    1.13
         max:                                   26.59
         95th percentile:                        1.82
         sum:                                22383.89

Threads fairness:
    events (avg/stddev):           616.7500/5.52
    execution time (avg/stddev):   0.6995/0.02


