sysbench 1.0.20 (using system LuaJIT 2.1.0-beta3)

Running the test with following options:
Number of threads: 32
Target transaction rate: 300/sec
Initializing random number generator from current time


Initializing worker threads...

Threads started!

Latency histogram (values are in milliseconds)
       value  ------------- distribution ------------- count
       1.184 |                                         1
       1.227 |                                         1
       1.250 |*                                        5
       1.272 |**                                       15
       1.295 |*****                                    39
       1.319 |**********                               77
       1.343 |****************                         131
       1.367 |*************************                201
       1.392 |*************************                200
       1.417 |**************************               212
       1.443 |************************                 195
       1.469 |***********************                  185
       1.496 |*******************                      151
       1.523 |*******************                      150
       1.551 |********************                     163
       1.579 |********************                     163
       1.608 |*************************                201
       1.637 |**************************               212
       1.667 |********************************         256
       1.697 |************************************     288
       1.728 |**************************************** 324
       1.759 |*******************************          251
       1.791 |*****************************            234
       1.824 |*************************                199
       1.857 |*************************                205
       1.891 |********************                     159
       1.925 |*******************                      157
       1.960 |******************                       145
       1.996 |****************                         130
       2.032 |**************                           114
       2.069 |**********                               77
       2.106 |***********                              87
       2.145 |********                                 63
       2.184 |******                                   45
       2.223 |******                                   46
       2.264 |*****                                    42
       2.305 |***                                      25
       2.347 |*****                                    38
       2.389 |***                                      22
       2.433 |***                                      25
       2.477 |**                                       20
       2.522 |***                                      21
       2.568 |***                                      27
       2.615 |**                                       15
       2.662 |***                                      23
       2.710 |**                                       17
       2.760 |**                                       14
       2.810 |****                                     31
       2.861 |*                                        10
       2.913 |***                                      25
       2.966 |**                                       15
       3.020 |**                                       19
       3.075 |**                                       18
       3.130 |**                                       14
       3.187 |**                                       17
       3.245 |**                                       18
       3.304 |*                                        10
       3.364 |**                                       19
       3.425 |**                                       16
       3.488 |**                                       15
       3.551 |**                                       17
       3.615 |**                                       18
       3.681 |**                                       19
       3.748 |*                                        12
       3.816 |*                                        10
       3.885 |**                                       13
       3.956 |*                                        12
       4.028 |*                                        12
       4.101 |**                                       14
       4.176 |**                                       19
       4.252 |*                                        7
       4.329 |**                                       13
       4.407 |**                                       15
       4.487 |*                                        11
       4.569 |**                                       13
       4.652 |*                                        8
       4.737 |*                                        12
       4.823 |*                                        8
       4.910 |**                                       14
       4.999 |*                                        11
       5.090 |*                                        11
       5.183 |*                                        10
       5.277 |*                                        8
       5.373 |                                         3
       5.470 |*                                        6
       5.570 |                                         4
       5.671 |*                                        11
       5.774 |*                                        8
       5.879 |*                                        8
       5.986 |*                                        6
       6.095 |                                         3
       6.205 |*                                        6
       6.318 |                                         4
       6.433 |                                         3
       6.550 |                                         4
       6.669 |                                         1
       6.790 |                                         1
       6.913 |                                         1
       7.167 |                                         1
       7.430 |                                         1
       7.565 |                                         1
       7.702 |                                         1
 
SQL statistics:
    queries performed:
        read:                            83412
        write:                           0
        other:                           11916
        total:                           95328
    transactions:                        5958   (297.65 per sec.)
    queries:                             95328  (4762.40 per sec.)
    ignored errors:                      0      (0.00 per sec.)
    reconnects:                          0      (0.00 per sec.)

General statistics:
    total time:                          20.0158s
    total number of events:              5958

Latency (ms):
         min:                                    1.19
         avg:                                    1.95
         max:                                    7.66
         95th percentile:                        3.75
         sum:                                11619.08

Threads fairness:
    events (avg/stddev):           186.1875/1.04
    execution time (avg/stddev):   0.3631/0.00


