sysbench 1.0.20 (using system LuaJIT 2.1.0-beta3)

Running the test with following options:
Number of threads: 32
Target transaction rate: 300/sec
Initializing random number generator from current time


Initializing worker threads...

Threads started!

Latency histogram (values are in milliseconds)
       value  ------------- distribution ------------- count
       2.264 |                                         2
       2.305 |                                         6
       2.347 |*                                        24
       2.389 |***                                      56
       2.433 |********                                 135
       2.477 |*************                            223
       2.522 |**************                           248
       2.568 |************                             201
       2.615 |**************                           249
       2.662 |*************                            222
       2.710 |************                             205
       2.760 |************                             207
       2.810 |************                             202
       2.861 |**************                           245
       2.913 |**********************                   390
       2.966 |*******************************          544
       3.020 |**************************************   672
       3.075 |**************************************** 699
       3.130 |*************************************    640
       3.187 |**************************************   667
       3.245 |***********************************      620
       3.304 |**********************************       597
       3.364 |****************************             490
       3.425 |********************                     347
       3.488 |****************                         282
       3.551 |**********                               172
       3.615 |********                                 139
       3.681 |******                                   98
       3.748 |*****                                    87
       3.816 |***                                      53
       3.885 |***                                      56
       3.956 |**                                       37
       4.028 |**                                       30
       4.101 |**                                       36
       4.176 |**                                       36
       4.252 |*                                        24
       4.329 |*                                        21
       4.407 |*                                        21
       4.487 |*                                        15
       4.569 |*                                        9
       4.652 |                                         5
       4.737 |                                         7
       4.823 |                                         4
       4.910 |                                         4
       4.999 |                                         1
       5.090 |                                         6
       5.277 |                                         1
       5.373 |                                         2
       5.470 |                                         1
       5.570 |                                         3
       5.671 |                                         2
       5.774 |                                         5
       6.205 |                                         3
       6.318 |                                         1
       6.433 |                                         1
       6.550 |                                         1
       6.669 |                                         1
       6.790 |                                         1
       6.913 |                                         1
       7.039 |                                         2
       7.985 |                                         2
 
SQL statistics:
    queries performed:
        read:                            126854
        write:                           0
        other:                           18122
        total:                           144976
    transactions:                        9061   (301.80 per sec.)
    queries:                             144976 (4828.83 per sec.)
    ignored errors:                      0      (0.00 per sec.)
    reconnects:                          0      (0.00 per sec.)

General statistics:
    total time:                          30.0226s
    total number of events:              9061

Latency (ms):
         min:                                    2.26
         avg:                                    3.11
         max:                                    8.00
         95th percentile:                        3.75
         sum:                                28208.78

Threads fairness:
    events (avg/stddev):           283.1562/1.95
    execution time (avg/stddev):   0.8815/0.01


