sysbench 1.0.20 (using system LuaJIT 2.1.0-beta3)

Running the test with following options:
Number of threads: 32
Target transaction rate: 300/sec
Initializing random number generator from current time


Initializing worker threads...

Threads started!

Latency histogram (values are in milliseconds)
       value  ------------- distribution ------------- count
       2.223 |                                         2
       2.264 |                                         3
       2.305 |*                                        18
       2.347 |**                                       33
       2.389 |***                                      61
       2.433 |********                                 140
       2.477 |***********                              200
       2.522 |*************                            224
       2.568 |**************                           246
       2.615 |*************                            229
       2.662 |*************                            236
       2.710 |**************                           240
       2.760 |************                             220
       2.810 |*************                            229
       2.861 |****************                         274
       2.913 |********************                     346
       2.966 |*************************                444
       3.020 |*******************************          547
       3.075 |**********************************       606
       3.130 |**************************************   674
       3.187 |**************************************** 705
       3.245 |************************************     631
       3.304 |*********************************        583
       3.364 |******************************           524
       3.425 |***********************                  398
       3.488 |******************                       312
       3.551 |************                             203
       3.615 |*********                                153
       3.681 |*****                                    86
       3.748 |****                                     76
       3.816 |***                                      47
       3.885 |**                                       27
       3.956 |*                                        15
       4.028 |*                                        13
       4.101 |*                                        11
       4.176 |*                                        22
       4.252 |*                                        15
       4.329 |                                         6
       4.407 |                                         8
       4.487 |                                         7
       4.569 |                                         8
       4.652 |                                         4
       4.737 |                                         3
       4.823 |                                         5
       4.910 |                                         1
       4.999 |                                         6
       5.090 |                                         3
       5.183 |                                         2
       5.277 |                                         1
       5.373 |                                         1
       5.470 |                                         3
       5.570 |                                         1
       5.671 |                                         2
       5.774 |                                         1
       5.879 |                                         1
       5.986 |                                         1
       6.095 |                                         1
       6.205 |                                         1
       6.318 |                                         2
       6.550 |                                         1
       6.913 |                                         1
       7.039 |                                         1
 
SQL statistics:
    queries performed:
        read:                            124096
        write:                           0
        other:                           17728
        total:                           141824
    transactions:                        8864   (295.25 per sec.)
    queries:                             141824 (4723.96 per sec.)
    ignored errors:                      0      (0.00 per sec.)
    reconnects:                          0      (0.00 per sec.)

General statistics:
    total time:                          30.0218s
    total number of events:              8864

Latency (ms):
         min:                                    2.23
         avg:                                    3.09
         max:                                    7.03
         95th percentile:                        3.62
         sum:                                27429.97

Threads fairness:
    events (avg/stddev):           277.0000/1.75
    execution time (avg/stddev):   0.8572/0.01


