/opt/hostedtoolcache/Java_Temurin-Hotspot_jdk/17.0.20-1/x64/bin/java  -classpath /home/runner/ycsb-mongodb-binding-0.17.0/conf:/home/runner/ycsb-mongodb-binding-0.17.0/lib/HdrHistogram-2.1.4.jar:/home/runner/ycsb-mongodb-binding-0.17.0/lib/core-0.17.0.jar:/home/runner/ycsb-mongodb-binding-0.17.0/lib/htrace-core4-4.1.0-incubating.jar:/home/runner/ycsb-mongodb-binding-0.17.0/lib/jackson-core-asl-1.9.4.jar:/home/runner/ycsb-mongodb-binding-0.17.0/lib/jackson-mapper-asl-1.9.4.jar:/home/runner/ycsb-mongodb-binding-0.17.0/lib/logback-classic-1.1.2.jar:/home/runner/ycsb-mongodb-binding-0.17.0/lib/logback-core-1.1.2.jar:/home/runner/ycsb-mongodb-binding-0.17.0/lib/mongo-java-driver-3.8.0.jar:/home/runner/ycsb-mongodb-binding-0.17.0/lib/mongodb-async-driver-2.0.1.jar:/home/runner/ycsb-mongodb-binding-0.17.0/lib/mongodb-binding-0.17.0.jar:/home/runner/ycsb-mongodb-binding-0.17.0/lib/slf4j-api-1.7.25.jar:/home/runner/ycsb-mongodb-binding-0.17.0/lib/snappy-java-1.1.7.1.jar site.ycsb.Client -t -db site.ycsb.db.MongoDbClient -s -P /home/runner/ycsb-mongodb-binding-0.17.0/workloads/workloadf -p mongodb.url=mongodb://127.0.0.1:27017/ycsb?w=1 -p measurementtype=raw -p measurement.raw.output_file=/home/runner/work/The-Omni-Compass/The-Omni-Compass/out/ycsb-f/rep-3/native/notch-1.raw -p recordcount=250000 -p operationcount=1000000000 -p maxexecutiontime=20 -p target=3000 -p threads=32 -p insertstart=0 -p insertorder=ordered -p requestdistribution=uniform -p seed=100300
mongo client connection created with mongodb://127.0.0.1:27017/ycsb?w=1
Raw data measurement: will output to result file: /home/runner/work/The-Omni-Compass/The-Omni-Compass/out/ycsb-f/rep-3/native/notch-1.raw
Raw data measurement: will output to result file: /home/runner/work/The-Omni-Compass/The-Omni-Compass/out/ycsb-f/rep-3/native/notch-1.raw
Raw data measurement: will output to result file: /home/runner/work/The-Omni-Compass/The-Omni-Compass/out/ycsb-f/rep-3/native/notch-1.raw
Raw data measurement: will output to result file: /home/runner/work/The-Omni-Compass/The-Omni-Compass/out/ycsb-f/rep-3/native/notch-1.raw
[OVERALL], RunTime(ms), 20003
[OVERALL], Throughput(ops/sec), 2929.160625906114
[TOTAL_GCS_G1_Young_Generation], Count, 15
[TOTAL_GC_TIME_G1_Young_Generation], Time(ms), 67
[TOTAL_GC_TIME_%_G1_Young_Generation], Time(%), 0.3349497575363695
[TOTAL_GCS_G1_Old_Generation], Count, 0
[TOTAL_GC_TIME_G1_Old_Generation], Time(ms), 0
[TOTAL_GC_TIME_%_G1_Old_Generation], Time(%), 0.0
[TOTAL_GCs], Count, 15
[TOTAL_GC_TIME], Time(ms), 67
[TOTAL_GC_TIME_%], Time(%), 0.3349497575363695
[READ], Total Operations, 58592
[READ], Below is a summary of latency in microseconds:, -1
[READ], Average, 227.94458287820862
[READ], Min, 123
[READ], Max, 59046
[READ], p1, 142
[READ], p5, 147
[READ], p50, 183
[READ], p90, 417
[READ], p95, 468
[READ], p99, 781
[READ], p99.9, 1735
[READ], p99.99, 5182
[READ], Return=OK, 58592
[READ-MODIFY-WRITE], Total Operations, 29218
[READ-MODIFY-WRITE], Below is a summary of latency in microseconds:, -1
[READ-MODIFY-WRITE], Average, 430.38455746457663
[READ-MODIFY-WRITE], Min, 291
[READ-MODIFY-WRITE], Max, 10045
[READ-MODIFY-WRITE], p1, 308
[READ-MODIFY-WRITE], p5, 320
[READ-MODIFY-WRITE], p50, 389
[READ-MODIFY-WRITE], p90, 639
[READ-MODIFY-WRITE], p95, 717
[READ-MODIFY-WRITE], p99, 1132
[READ-MODIFY-WRITE], p99.9, 2370
[READ-MODIFY-WRITE], p99.99, 5984
[CLEANUP], Total Operations, 1
[CLEANUP], Below is a summary of latency in microseconds:, -1
[CLEANUP], Average, 1422.0
[CLEANUP], Min, 1422
[CLEANUP], Max, 1422
[CLEANUP], p1, 1422
[CLEANUP], p5, 1422
[CLEANUP], p50, 1422
[CLEANUP], p90, 1422
[CLEANUP], p95, 1422
[CLEANUP], p99, 1422
[CLEANUP], p99.9, 1422
[CLEANUP], p99.99, 1422
[UPDATE], Total Operations, 29218
[UPDATE], Below is a summary of latency in microseconds:, -1
[UPDATE], Average, 203.20750906975152
[UPDATE], Min, 149
[UPDATE], Max, 8145
[UPDATE], p1, 156
[UPDATE], p5, 170
[UPDATE], p50, 200
[UPDATE], p90, 236
[UPDATE], p95, 253
[UPDATE], p99, 374
[UPDATE], p99.9, 813
[UPDATE], p99.99, 3500
[UPDATE], Return=OK, 29218

Command line: -t -db site.ycsb.db.MongoDbClient -s -P /home/runner/ycsb-mongodb-binding-0.17.0/workloads/workloadf -p mongodb.url=mongodb://127.0.0.1:27017/ycsb?w=1 -p measurementtype=raw -p measurement.raw.output_file=/home/runner/work/The-Omni-Compass/The-Omni-Compass/out/ycsb-f/rep-3/native/notch-1.raw -p recordcount=250000 -p operationcount=1000000000 -p maxexecutiontime=20 -p target=3000 -p threads=32 -p insertstart=0 -p insertorder=ordered -p requestdistribution=uniform -p seed=100300
YCSB Client 0.17.0

Loading workload...
Starting test.
Maximum execution time specified as: 20 secs
2026-10-09 00:21:58:296 0 sec: 0 operations; est completion in 0 second 
DBWrapper: report latency for each error is false and specific error codes to track for latency are: []
2026-10-09 00:22:08:252 10 sec: 22464 operations; 2246.4 current ops/sec; est completion in 5 days 3 hours READ count: 22466, average latency(us): 309.25 READ-MODIFY-WRITE count: 11082, average latency(us): 529.83 UPDATE count: 11082, average latency(us): 223.05 
Maximum time elapsed. Requesting stop for the workload.
Stop requested for workload. Now Joining!
2026-10-09 00:22:18:252 20 sec: 58590 operations; 3612.6 current ops/sec; est completion in 3 days 22 hours READ count: 36125, average latency(us): 177.38 READ-MODIFY-WRITE count: 18135, average latency(us): 369.59 UPDATE count: 18135, average latency(us): 191.08 
2026-10-09 00:22:18:255 20 sec: 58592 operations; 666.67 current ops/sec; est completion in 3 days 22 hours READ count: 1, average latency(us): 220.00 READ-MODIFY-WRITE count: 1, average latency(us): 814.00 CLEANUP count: 1, average latency(us): 1422.00 UPDATE count: 1, average latency(us): 266.00 


/opt/hostedtoolcache/Java_Temurin-Hotspot_jdk/17.0.20-1/x64/bin/java  -classpath /home/runner/ycsb-mongodb-binding-0.17.0/conf:/home/runner/ycsb-mongodb-binding-0.17.0/lib/HdrHistogram-2.1.4.jar:/home/runner/ycsb-mongodb-binding-0.17.0/lib/core-0.17.0.jar:/home/runner/ycsb-mongodb-binding-0.17.0/lib/htrace-core4-4.1.0-incubating.jar:/home/runner/ycsb-mongodb-binding-0.17.0/lib/jackson-core-asl-1.9.4.jar:/home/runner/ycsb-mongodb-binding-0.17.0/lib/jackson-mapper-asl-1.9.4.jar:/home/runner/ycsb-mongodb-binding-0.17.0/lib/logback-classic-1.1.2.jar:/home/runner/ycsb-mongodb-binding-0.17.0/lib/logback-core-1.1.2.jar:/home/runner/ycsb-mongodb-binding-0.17.0/lib/mongo-java-driver-3.8.0.jar:/home/runner/ycsb-mongodb-binding-0.17.0/lib/mongodb-async-driver-2.0.1.jar:/home/runner/ycsb-mongodb-binding-0.17.0/lib/mongodb-binding-0.17.0.jar:/home/runner/ycsb-mongodb-binding-0.17.0/lib/slf4j-api-1.7.25.jar:/home/runner/ycsb-mongodb-binding-0.17.0/lib/snappy-java-1.1.7.1.jar site.ycsb.Client -t -db site.ycsb.db.MongoDbClient -s -P /home/runner/ycsb-mongodb-binding-0.17.0/workloads/workloadf -p mongodb.url=mongodb://127.0.0.1:27017/ycsb?w=1 -p measurementtype=raw -p measurement.raw.output_file=/home/runner/work/The-Omni-Compass/The-Omni-Compass/out/ycsb-f/rep-3/native/notch-2.raw -p recordcount=500000 -p operationcount=1000000000 -p maxexecutiontime=20 -p target=3000 -p threads=32 -p insertstart=0 -p insertorder=ordered -p requestdistribution=uniform -p seed=100301
mongo client connection created with mongodb://127.0.0.1:27017/ycsb?w=1
Raw data measurement: will output to result file: /home/runner/work/The-Omni-Compass/The-Omni-Compass/out/ycsb-f/rep-3/native/notch-2.raw
Raw data measurement: will output to result file: /home/runner/work/The-Omni-Compass/The-Omni-Compass/out/ycsb-f/rep-3/native/notch-2.raw
Raw data measurement: will output to result file: /home/runner/work/The-Omni-Compass/The-Omni-Compass/out/ycsb-f/rep-3/native/notch-2.raw
Raw data measurement: will output to result file: /home/runner/work/The-Omni-Compass/The-Omni-Compass/out/ycsb-f/rep-3/native/notch-2.raw
[OVERALL], RunTime(ms), 20003
[OVERALL], Throughput(ops/sec), 2843.4234864770283
[TOTAL_GCS_G1_Young_Generation], Count, 15
[TOTAL_GC_TIME_G1_Young_Generation], Time(ms), 66
[TOTAL_GC_TIME_%_G1_Young_Generation], Time(%), 0.32995050742388643
[TOTAL_GCS_G1_Old_Generation], Count, 0
[TOTAL_GC_TIME_G1_Old_Generation], Time(ms), 0
[TOTAL_GC_TIME_%_G1_Old_Generation], Time(%), 0.0
[TOTAL_GCs], Count, 15
[TOTAL_GC_TIME], Time(ms), 66
[TOTAL_GC_TIME_%], Time(%), 0.32995050742388643
[READ], Total Operations, 56877
[READ], Below is a summary of latency in microseconds:, -1
[READ], Average, 237.67990576155563
[READ], Min, 124
[READ], Max, 55359
[READ], p1, 143
[READ], p5, 147
[READ], p50, 187
[READ], p90, 405
[READ], p95, 442
[READ], p99, 630
[READ], p99.9, 2341
[READ], p99.99, 40862
[READ], Return=OK, 56877
[READ-MODIFY-WRITE], Total Operations, 28685
[READ-MODIFY-WRITE], Below is a summary of latency in microseconds:, -1
[READ-MODIFY-WRITE], Average, 443.71023182848177
[READ-MODIFY-WRITE], Min, 291
[READ-MODIFY-WRITE], Max, 55933
[READ-MODIFY-WRITE], p1, 309
[READ-MODIFY-WRITE], p5, 320
[READ-MODIFY-WRITE], p50, 395
[READ-MODIFY-WRITE], p90, 623
[READ-MODIFY-WRITE], p95, 691
[READ-MODIFY-WRITE], p99, 1044
[READ-MODIFY-WRITE], p99.9, 3158
[READ-MODIFY-WRITE], p99.99, 45288
[CLEANUP], Total Operations, 1
[CLEANUP], Below is a summary of latency in microseconds:, -1
[CLEANUP], Average, 1232.0
[CLEANUP], Min, 1232
[CLEANUP], Max, 1232
[CLEANUP], p1, 1232
[CLEANUP], p5, 1232
[CLEANUP], p50, 1232
[CLEANUP], p90, 1232
[CLEANUP], p95, 1232
[CLEANUP], p99, 1232
[CLEANUP], p99.9, 1232
[CLEANUP], p99.99, 1232
[UPDATE], Total Operations, 28685
[UPDATE], Below is a summary of latency in microseconds:, -1
[UPDATE], Average, 206.00875021788391
[UPDATE], Min, 150
[UPDATE], Max, 7825
[UPDATE], p1, 163
[UPDATE], p5, 170
[UPDATE], p50, 199
[UPDATE], p90, 240
[UPDATE], p95, 267
[UPDATE], p99, 409
[UPDATE], p99.9, 1289
[UPDATE], p99.99, 6182
[UPDATE], Return=OK, 28685

Command line: -t -db site.ycsb.db.MongoDbClient -s -P /home/runner/ycsb-mongodb-binding-0.17.0/workloads/workloadf -p mongodb.url=mongodb://127.0.0.1:27017/ycsb?w=1 -p measurementtype=raw -p measurement.raw.output_file=/home/runner/work/The-Omni-Compass/The-Omni-Compass/out/ycsb-f/rep-3/native/notch-2.raw -p recordcount=500000 -p operationcount=1000000000 -p maxexecutiontime=20 -p target=3000 -p threads=32 -p insertstart=0 -p insertorder=ordered -p requestdistribution=uniform -p seed=100301
YCSB Client 0.17.0

Loading workload...
Starting test.
Maximum execution time specified as: 20 secs
2026-10-09 00:22:19:109 0 sec: 0 operations; est completion in 0 second 
DBWrapper: report latency for each error is false and specific error codes to track for latency are: []
2026-10-09 00:22:29:064 10 sec: 24927 operations; 2492.45 current ops/sec; est completion in 4 days 15 hours READ count: 24927, average latency(us): 269.82 READ-MODIFY-WRITE count: 12585, average latency(us): 489.94 UPDATE count: 12585, average latency(us): 222.55 
Maximum time elapsed. Requesting stop for the workload.
Stop requested for workload. Now Joining!
2026-10-09 00:22:39:064 20 sec: 56875 operations; 3195.12 current ops/sec; est completion in 4 days 1 hour READ count: 31949, average latency(us): 212.61 READ-MODIFY-WRITE count: 16099, average latency(us): 407.55 UPDATE count: 16099, average latency(us): 193.08 
2026-10-09 00:22:39:066 20 sec: 56877 operations; 666.67 current ops/sec; est completion in 4 days 1 hour READ count: 1, average latency(us): 227.00 READ-MODIFY-WRITE count: 1, average latency(us): 775.00 CLEANUP count: 1, average latency(us): 1232.00 UPDATE count: 1, average latency(us): 241.00 


/opt/hostedtoolcache/Java_Temurin-Hotspot_jdk/17.0.20-1/x64/bin/java  -classpath /home/runner/ycsb-mongodb-binding-0.17.0/conf:/home/runner/ycsb-mongodb-binding-0.17.0/lib/HdrHistogram-2.1.4.jar:/home/runner/ycsb-mongodb-binding-0.17.0/lib/core-0.17.0.jar:/home/runner/ycsb-mongodb-binding-0.17.0/lib/htrace-core4-4.1.0-incubating.jar:/home/runner/ycsb-mongodb-binding-0.17.0/lib/jackson-core-asl-1.9.4.jar:/home/runner/ycsb-mongodb-binding-0.17.0/lib/jackson-mapper-asl-1.9.4.jar:/home/runner/ycsb-mongodb-binding-0.17.0/lib/logback-classic-1.1.2.jar:/home/runner/ycsb-mongodb-binding-0.17.0/lib/logback-core-1.1.2.jar:/home/runner/ycsb-mongodb-binding-0.17.0/lib/mongo-java-driver-3.8.0.jar:/home/runner/ycsb-mongodb-binding-0.17.0/lib/mongodb-async-driver-2.0.1.jar:/home/runner/ycsb-mongodb-binding-0.17.0/lib/mongodb-binding-0.17.0.jar:/home/runner/ycsb-mongodb-binding-0.17.0/lib/slf4j-api-1.7.25.jar:/home/runner/ycsb-mongodb-binding-0.17.0/lib/snappy-java-1.1.7.1.jar site.ycsb.Client -t -db site.ycsb.db.MongoDbClient -s -P /home/runner/ycsb-mongodb-binding-0.17.0/workloads/workloadf -p mongodb.url=mongodb://127.0.0.1:27017/ycsb?w=1 -p measurementtype=raw -p measurement.raw.output_file=/home/runner/work/The-Omni-Compass/The-Omni-Compass/out/ycsb-f/rep-3/native/notch-3.raw -p recordcount=750000 -p operationcount=1000000000 -p maxexecutiontime=20 -p target=3000 -p threads=32 -p insertstart=0 -p insertorder=ordered -p requestdistribution=uniform -p seed=100302
mongo client connection created with mongodb://127.0.0.1:27017/ycsb?w=1
Raw data measurement: will output to result file: /home/runner/work/The-Omni-Compass/The-Omni-Compass/out/ycsb-f/rep-3/native/notch-3.raw
Raw data measurement: will output to result file: /home/runner/work/The-Omni-Compass/The-Omni-Compass/out/ycsb-f/rep-3/native/notch-3.raw
Raw data measurement: will output to result file: /home/runner/work/The-Omni-Compass/The-Omni-Compass/out/ycsb-f/rep-3/native/notch-3.raw
Raw data measurement: will output to result file: /home/runner/work/The-Omni-Compass/The-Omni-Compass/out/ycsb-f/rep-3/native/notch-3.raw
[OVERALL], RunTime(ms), 20002
[OVERALL], Throughput(ops/sec), 2752.974702529747
[TOTAL_GCS_G1_Young_Generation], Count, 14
[TOTAL_GC_TIME_G1_Young_Generation], Time(ms), 69
[TOTAL_GC_TIME_%_G1_Young_Generation], Time(%), 0.34496550344965504
[TOTAL_GCS_G1_Old_Generation], Count, 0
[TOTAL_GC_TIME_G1_Old_Generation], Time(ms), 0
[TOTAL_GC_TIME_%_G1_Old_Generation], Time(%), 0.0
[TOTAL_GCs], Count, 14
[TOTAL_GC_TIME], Time(ms), 69
[TOTAL_GC_TIME_%], Time(%), 0.34496550344965504
[READ], Total Operations, 55065
[READ], Below is a summary of latency in microseconds:, -1
[READ], Average, 247.99157359484246
[READ], Min, 125
[READ], Max, 61659
[READ], p1, 147
[READ], p5, 151
[READ], p50, 190
[READ], p90, 398
[READ], p95, 439
[READ], p99, 591
[READ], p99.9, 2587
[READ], p99.99, 47822
[READ], Return=OK, 55065
[READ-MODIFY-WRITE], Total Operations, 27793
[READ-MODIFY-WRITE], Below is a summary of latency in microseconds:, -1
[READ-MODIFY-WRITE], Average, 460.4992983844853
[READ-MODIFY-WRITE], Min, 299
[READ-MODIFY-WRITE], Max, 61925
[READ-MODIFY-WRITE], p1, 316
[READ-MODIFY-WRITE], p5, 324
[READ-MODIFY-WRITE], p50, 398
[READ-MODIFY-WRITE], p90, 614
[READ-MODIFY-WRITE], p95, 685
[READ-MODIFY-WRITE], p99, 997
[READ-MODIFY-WRITE], p99.9, 4620
[READ-MODIFY-WRITE], p99.99, 60133
[CLEANUP], Total Operations, 1
[CLEANUP], Below is a summary of latency in microseconds:, -1
[CLEANUP], Average, 1461.0
[CLEANUP], Min, 1461
[CLEANUP], Max, 1461
[CLEANUP], p1, 1461
[CLEANUP], p5, 1461
[CLEANUP], p50, 1461
[CLEANUP], p90, 1461
[CLEANUP], p95, 1461
[CLEANUP], p99, 1461
[CLEANUP], p99.9, 1461
[CLEANUP], p99.99, 1461
[UPDATE], Total Operations, 27793
[UPDATE], Below is a summary of latency in microseconds:, -1
[UPDATE], Average, 207.64447882560356
[UPDATE], Min, 148
[UPDATE], Max, 10488
[UPDATE], p1, 166
[UPDATE], p5, 170
[UPDATE], p50, 199
[UPDATE], p90, 244
[UPDATE], p95, 270
[UPDATE], p99, 400
[UPDATE], p99.9, 1450
[UPDATE], p99.99, 6548
[UPDATE], Return=OK, 27793

Command line: -t -db site.ycsb.db.MongoDbClient -s -P /home/runner/ycsb-mongodb-binding-0.17.0/workloads/workloadf -p mongodb.url=mongodb://127.0.0.1:27017/ycsb?w=1 -p measurementtype=raw -p measurement.raw.output_file=/home/runner/work/The-Omni-Compass/The-Omni-Compass/out/ycsb-f/rep-3/native/notch-3.raw -p recordcount=750000 -p operationcount=1000000000 -p maxexecutiontime=20 -p target=3000 -p threads=32 -p insertstart=0 -p insertorder=ordered -p requestdistribution=uniform -p seed=100302
YCSB Client 0.17.0

Loading workload...
Starting test.
Maximum execution time specified as: 20 secs
2026-10-09 00:22:39:875 0 sec: 0 operations; est completion in 0 second 
DBWrapper: report latency for each error is false and specific error codes to track for latency are: []
2026-10-09 00:22:49:829 10 sec: 25358 operations; 2535.8 current ops/sec; est completion in 4 days 13 hours READ count: 25359, average latency(us): 261.19 READ-MODIFY-WRITE count: 12829, average latency(us): 491.84 UPDATE count: 12829, average latency(us): 225.96 
Maximum time elapsed. Requesting stop for the workload.
Stop requested for workload. Now Joining!
2026-10-09 00:22:59:829 20 sec: 55064 operations; 2970.6 current ops/sec; est completion in 4 days 4 hours READ count: 29706, average latency(us): 236.73 READ-MODIFY-WRITE count: 14964, average latency(us): 433.63 UPDATE count: 14964, average latency(us): 191.94 
2026-10-09 00:22:59:831 20 sec: 55065 operations; 500 current ops/sec; est completion in 4 days 4 hours   CLEANUP count: 1, average latency(us): 1461.00  


/opt/hostedtoolcache/Java_Temurin-Hotspot_jdk/17.0.20-1/x64/bin/java  -classpath /home/runner/ycsb-mongodb-binding-0.17.0/conf:/home/runner/ycsb-mongodb-binding-0.17.0/lib/HdrHistogram-2.1.4.jar:/home/runner/ycsb-mongodb-binding-0.17.0/lib/core-0.17.0.jar:/home/runner/ycsb-mongodb-binding-0.17.0/lib/htrace-core4-4.1.0-incubating.jar:/home/runner/ycsb-mongodb-binding-0.17.0/lib/jackson-core-asl-1.9.4.jar:/home/runner/ycsb-mongodb-binding-0.17.0/lib/jackson-mapper-asl-1.9.4.jar:/home/runner/ycsb-mongodb-binding-0.17.0/lib/logback-classic-1.1.2.jar:/home/runner/ycsb-mongodb-binding-0.17.0/lib/logback-core-1.1.2.jar:/home/runner/ycsb-mongodb-binding-0.17.0/lib/mongo-java-driver-3.8.0.jar:/home/runner/ycsb-mongodb-binding-0.17.0/lib/mongodb-async-driver-2.0.1.jar:/home/runner/ycsb-mongodb-binding-0.17.0/lib/mongodb-binding-0.17.0.jar:/home/runner/ycsb-mongodb-binding-0.17.0/lib/slf4j-api-1.7.25.jar:/home/runner/ycsb-mongodb-binding-0.17.0/lib/snappy-java-1.1.7.1.jar site.ycsb.Client -t -db site.ycsb.db.MongoDbClient -s -P /home/runner/ycsb-mongodb-binding-0.17.0/workloads/workloadf -p mongodb.url=mongodb://127.0.0.1:27017/ycsb?w=1 -p measurementtype=raw -p measurement.raw.output_file=/home/runner/work/The-Omni-Compass/The-Omni-Compass/out/ycsb-f/rep-3/native/notch-4.raw -p recordcount=500000 -p operationcount=1000000000 -p maxexecutiontime=20 -p target=3000 -p threads=32 -p insertstart=0 -p insertorder=ordered -p requestdistribution=uniform -p seed=100303
mongo client connection created with mongodb://127.0.0.1:27017/ycsb?w=1
Raw data measurement: will output to result file: /home/runner/work/The-Omni-Compass/The-Omni-Compass/out/ycsb-f/rep-3/native/notch-4.raw
Raw data measurement: will output to result file: /home/runner/work/The-Omni-Compass/The-Omni-Compass/out/ycsb-f/rep-3/native/notch-4.raw
Raw data measurement: will output to result file: /home/runner/work/The-Omni-Compass/The-Omni-Compass/out/ycsb-f/rep-3/native/notch-4.raw
Raw data measurement: will output to result file: /home/runner/work/The-Omni-Compass/The-Omni-Compass/out/ycsb-f/rep-3/native/notch-4.raw
[OVERALL], RunTime(ms), 20003
[OVERALL], Throughput(ops/sec), 2948.5577163425487
[TOTAL_GCS_G1_Young_Generation], Count, 15
[TOTAL_GC_TIME_G1_Young_Generation], Time(ms), 73
[TOTAL_GC_TIME_%_G1_Young_Generation], Time(%), 0.36494525821126833
[TOTAL_GCS_G1_Old_Generation], Count, 0
[TOTAL_GC_TIME_G1_Old_Generation], Time(ms), 0
[TOTAL_GC_TIME_%_G1_Old_Generation], Time(%), 0.0
[TOTAL_GCs], Count, 15
[TOTAL_GC_TIME], Time(ms), 73
[TOTAL_GC_TIME_%], Time(%), 0.36494525821126833
[READ], Total Operations, 58980
[READ], Below is a summary of latency in microseconds:, -1
[READ], Average, 190.2012037978976
[READ], Min, 125
[READ], Max, 47843
[READ], p1, 146
[READ], p5, 149
[READ], p50, 183
[READ], p90, 222
[READ], p95, 244
[READ], p99, 389
[READ], p99.9, 1475
[READ], p99.99, 7510
[READ], Return=OK, 58980
[READ-MODIFY-WRITE], Total Operations, 29392
[READ-MODIFY-WRITE], Below is a summary of latency in microseconds:, -1
[READ-MODIFY-WRITE], Average, 394.55722645617857
[READ-MODIFY-WRITE], Min, 296
[READ-MODIFY-WRITE], Max, 55855
[READ-MODIFY-WRITE], p1, 305
[READ-MODIFY-WRITE], p5, 320
[READ-MODIFY-WRITE], p50, 368
[READ-MODIFY-WRITE], p90, 454
[READ-MODIFY-WRITE], p95, 506
[READ-MODIFY-WRITE], p99, 787
[READ-MODIFY-WRITE], p99.9, 2699
[READ-MODIFY-WRITE], p99.99, 7743
[CLEANUP], Total Operations, 1
[CLEANUP], Below is a summary of latency in microseconds:, -1
[CLEANUP], Average, 1331.0
[CLEANUP], Min, 1331
[CLEANUP], Max, 1331
[CLEANUP], p1, 1331
[CLEANUP], p5, 1331
[CLEANUP], p50, 1331
[CLEANUP], p90, 1331
[CLEANUP], p95, 1331
[CLEANUP], p99, 1331
[CLEANUP], p99.9, 1331
[CLEANUP], p99.99, 1331
[UPDATE], Total Operations, 29392
[UPDATE], Below is a summary of latency in microseconds:, -1
[UPDATE], Average, 201.43015106151333
[UPDATE], Min, 148
[UPDATE], Max, 7149
[UPDATE], p1, 153
[UPDATE], p5, 167
[UPDATE], p50, 187
[UPDATE], p90, 235
[UPDATE], p95, 259
[UPDATE], p99, 390
[UPDATE], p99.9, 966
[UPDATE], p99.99, 3780
[UPDATE], Return=OK, 29392

Command line: -t -db site.ycsb.db.MongoDbClient -s -P /home/runner/ycsb-mongodb-binding-0.17.0/workloads/workloadf -p mongodb.url=mongodb://127.0.0.1:27017/ycsb?w=1 -p measurementtype=raw -p measurement.raw.output_file=/home/runner/work/The-Omni-Compass/The-Omni-Compass/out/ycsb-f/rep-3/native/notch-4.raw -p recordcount=500000 -p operationcount=1000000000 -p maxexecutiontime=20 -p target=3000 -p threads=32 -p insertstart=0 -p insertorder=ordered -p requestdistribution=uniform -p seed=100303
YCSB Client 0.17.0

Loading workload...
Starting test.
Maximum execution time specified as: 20 secs
2026-10-09 00:23:00:622 0 sec: 0 operations; est completion in 0 second 
DBWrapper: report latency for each error is false and specific error codes to track for latency are: []
2026-10-09 00:23:10:579 10 sec: 28959 operations; 2895.61 current ops/sec; est completion in 3 days 23 hours READ count: 28959, average latency(us): 203.12 READ-MODIFY-WRITE count: 14380, average latency(us): 423.65 UPDATE count: 14380, average latency(us): 215.97 
2026-10-09 00:23:20:579 20 sec: 58977 operations; 3002.1 current ops/sec; est completion in 3 days 22 hours READ count: 30020, average latency(us): 177.73 READ-MODIFY-WRITE count: 15011, average latency(us): 366.69 UPDATE count: 15012, average latency(us): 187.50 
Maximum time elapsed. Requesting stop for the workload.
Stop requested for workload. Now Joining!
2026-10-09 00:23:20:581 20 sec: 58980 operations; 1000 current ops/sec; est completion in 3 days 22 hours READ count: 1, average latency(us): 335.00 READ-MODIFY-WRITE count: 1, average latency(us): 453.00 CLEANUP count: 1, average latency(us): 1331.00  


/opt/hostedtoolcache/Java_Temurin-Hotspot_jdk/17.0.20-1/x64/bin/java  -classpath /home/runner/ycsb-mongodb-binding-0.17.0/conf:/home/runner/ycsb-mongodb-binding-0.17.0/lib/HdrHistogram-2.1.4.jar:/home/runner/ycsb-mongodb-binding-0.17.0/lib/core-0.17.0.jar:/home/runner/ycsb-mongodb-binding-0.17.0/lib/htrace-core4-4.1.0-incubating.jar:/home/runner/ycsb-mongodb-binding-0.17.0/lib/jackson-core-asl-1.9.4.jar:/home/runner/ycsb-mongodb-binding-0.17.0/lib/jackson-mapper-asl-1.9.4.jar:/home/runner/ycsb-mongodb-binding-0.17.0/lib/logback-classic-1.1.2.jar:/home/runner/ycsb-mongodb-binding-0.17.0/lib/logback-core-1.1.2.jar:/home/runner/ycsb-mongodb-binding-0.17.0/lib/mongo-java-driver-3.8.0.jar:/home/runner/ycsb-mongodb-binding-0.17.0/lib/mongodb-async-driver-2.0.1.jar:/home/runner/ycsb-mongodb-binding-0.17.0/lib/mongodb-binding-0.17.0.jar:/home/runner/ycsb-mongodb-binding-0.17.0/lib/slf4j-api-1.7.25.jar:/home/runner/ycsb-mongodb-binding-0.17.0/lib/snappy-java-1.1.7.1.jar site.ycsb.Client -t -db site.ycsb.db.MongoDbClient -s -P /home/runner/ycsb-mongodb-binding-0.17.0/workloads/workloadf -p mongodb.url=mongodb://127.0.0.1:27017/ycsb?w=1 -p measurementtype=raw -p measurement.raw.output_file=/home/runner/work/The-Omni-Compass/The-Omni-Compass/out/ycsb-f/rep-3/native/notch-5.raw -p recordcount=750000 -p operationcount=1000000000 -p maxexecutiontime=20 -p target=3000 -p threads=32 -p insertstart=0 -p insertorder=ordered -p requestdistribution=uniform -p seed=100304
mongo client connection created with mongodb://127.0.0.1:27017/ycsb?w=1
Raw data measurement: will output to result file: /home/runner/work/The-Omni-Compass/The-Omni-Compass/out/ycsb-f/rep-3/native/notch-5.raw
Raw data measurement: will output to result file: /home/runner/work/The-Omni-Compass/The-Omni-Compass/out/ycsb-f/rep-3/native/notch-5.raw
Raw data measurement: will output to result file: /home/runner/work/The-Omni-Compass/The-Omni-Compass/out/ycsb-f/rep-3/native/notch-5.raw
Raw data measurement: will output to result file: /home/runner/work/The-Omni-Compass/The-Omni-Compass/out/ycsb-f/rep-3/native/notch-5.raw
[OVERALL], RunTime(ms), 20003
[OVERALL], Throughput(ops/sec), 2948.657701344798
[TOTAL_GCS_G1_Young_Generation], Count, 15
[TOTAL_GC_TIME_G1_Young_Generation], Time(ms), 70
[TOTAL_GC_TIME_%_G1_Young_Generation], Time(%), 0.34994750787381895
[TOTAL_GCS_G1_Old_Generation], Count, 0
[TOTAL_GC_TIME_G1_Old_Generation], Time(ms), 0
[TOTAL_GC_TIME_%_G1_Old_Generation], Time(%), 0.0
[TOTAL_GCs], Count, 15
[TOTAL_GC_TIME], Time(ms), 70
[TOTAL_GC_TIME_%], Time(%), 0.34994750787381895
[READ], Total Operations, 58982
[READ], Below is a summary of latency in microseconds:, -1
[READ], Average, 206.22883252517718
[READ], Min, 124
[READ], Max, 57541
[READ], p1, 145
[READ], p5, 150
[READ], p50, 185
[READ], p90, 230
[READ], p95, 272
[READ], p99, 492
[READ], p99.9, 2405
[READ], p99.99, 32414
[READ], Return=OK, 58982
[READ-MODIFY-WRITE], Total Operations, 29381
[READ-MODIFY-WRITE], Below is a summary of latency in microseconds:, -1
[READ-MODIFY-WRITE], Average, 414.131071100371
[READ-MODIFY-WRITE], Min, 292
[READ-MODIFY-WRITE], Max, 40558
[READ-MODIFY-WRITE], p1, 313
[READ-MODIFY-WRITE], p5, 323
[READ-MODIFY-WRITE], p50, 384
[READ-MODIFY-WRITE], p90, 473
[READ-MODIFY-WRITE], p95, 566
[READ-MODIFY-WRITE], p99, 894
[READ-MODIFY-WRITE], p99.9, 3648
[READ-MODIFY-WRITE], p99.99, 30723
[CLEANUP], Total Operations, 1
[CLEANUP], Below is a summary of latency in microseconds:, -1
[CLEANUP], Average, 1238.0
[CLEANUP], Min, 1238
[CLEANUP], Max, 1238
[CLEANUP], p1, 1238
[CLEANUP], p5, 1238
[CLEANUP], p50, 1238
[CLEANUP], p90, 1238
[CLEANUP], p95, 1238
[CLEANUP], p99, 1238
[CLEANUP], p99.9, 1238
[CLEANUP], p99.99, 1238
[UPDATE], Total Operations, 29381
[UPDATE], Below is a summary of latency in microseconds:, -1
[UPDATE], Average, 205.71852557775432
[UPDATE], Min, 149
[UPDATE], Max, 8307
[UPDATE], p1, 165
[UPDATE], p5, 169
[UPDATE], p50, 199
[UPDATE], p90, 240
[UPDATE], p95, 266
[UPDATE], p99, 405
[UPDATE], p99.9, 1410
[UPDATE], p99.99, 4742
[UPDATE], Return=OK, 29381

Command line: -t -db site.ycsb.db.MongoDbClient -s -P /home/runner/ycsb-mongodb-binding-0.17.0/workloads/workloadf -p mongodb.url=mongodb://127.0.0.1:27017/ycsb?w=1 -p measurementtype=raw -p measurement.raw.output_file=/home/runner/work/The-Omni-Compass/The-Omni-Compass/out/ycsb-f/rep-3/native/notch-5.raw -p recordcount=750000 -p operationcount=1000000000 -p maxexecutiontime=20 -p target=3000 -p threads=32 -p insertstart=0 -p insertorder=ordered -p requestdistribution=uniform -p seed=100304
YCSB Client 0.17.0

Loading workload...
Starting test.
Maximum execution time specified as: 20 secs
2026-10-09 00:23:21:424 0 sec: 0 operations; est completion in 0 second 
DBWrapper: report latency for each error is false and specific error codes to track for latency are: []
2026-10-09 00:23:31:383 10 sec: 28980 operations; 2898 current ops/sec; est completion in 3 days 23 hours READ count: 28982, average latency(us): 210.77 READ-MODIFY-WRITE count: 14390, average latency(us): 430.59 UPDATE count: 14390, average latency(us): 218.58 
Maximum time elapsed. Requesting stop for the workload.
Stop requested for workload. Now Joining!
2026-10-09 00:23:41:382 20 sec: 58980 operations; 3000 current ops/sec; est completion in 3 days 22 hours READ count: 29999, average latency(us): 201.84 READ-MODIFY-WRITE count: 14990, average latency(us): 398.31 UPDATE count: 14990, average latency(us): 193.37 
2026-10-09 00:23:41:385 20 sec: 58982 operations; 666.67 current ops/sec; est completion in 3 days 22 hours READ count: 1, average latency(us): 200.00 READ-MODIFY-WRITE count: 1, average latency(us): 722.00 CLEANUP count: 1, average latency(us): 1238.00 UPDATE count: 1, average latency(us): 226.00 


/opt/hostedtoolcache/Java_Temurin-Hotspot_jdk/17.0.20-1/x64/bin/java  -classpath /home/runner/ycsb-mongodb-binding-0.17.0/conf:/home/runner/ycsb-mongodb-binding-0.17.0/lib/HdrHistogram-2.1.4.jar:/home/runner/ycsb-mongodb-binding-0.17.0/lib/core-0.17.0.jar:/home/runner/ycsb-mongodb-binding-0.17.0/lib/htrace-core4-4.1.0-incubating.jar:/home/runner/ycsb-mongodb-binding-0.17.0/lib/jackson-core-asl-1.9.4.jar:/home/runner/ycsb-mongodb-binding-0.17.0/lib/jackson-mapper-asl-1.9.4.jar:/home/runner/ycsb-mongodb-binding-0.17.0/lib/logback-classic-1.1.2.jar:/home/runner/ycsb-mongodb-binding-0.17.0/lib/logback-core-1.1.2.jar:/home/runner/ycsb-mongodb-binding-0.17.0/lib/mongo-java-driver-3.8.0.jar:/home/runner/ycsb-mongodb-binding-0.17.0/lib/mongodb-async-driver-2.0.1.jar:/home/runner/ycsb-mongodb-binding-0.17.0/lib/mongodb-binding-0.17.0.jar:/home/runner/ycsb-mongodb-binding-0.17.0/lib/slf4j-api-1.7.25.jar:/home/runner/ycsb-mongodb-binding-0.17.0/lib/snappy-java-1.1.7.1.jar site.ycsb.Client -t -db site.ycsb.db.MongoDbClient -s -P /home/runner/ycsb-mongodb-binding-0.17.0/workloads/workloadf -p mongodb.url=mongodb://127.0.0.1:27017/ycsb?w=1 -p measurementtype=raw -p measurement.raw.output_file=/home/runner/work/The-Omni-Compass/The-Omni-Compass/out/ycsb-f/rep-3/native/notch-6.raw -p recordcount=1000000 -p operationcount=1000000000 -p maxexecutiontime=20 -p target=3000 -p threads=32 -p insertstart=0 -p insertorder=ordered -p requestdistribution=uniform -p seed=100305
mongo client connection created with mongodb://127.0.0.1:27017/ycsb?w=1
Raw data measurement: will output to result file: /home/runner/work/The-Omni-Compass/The-Omni-Compass/out/ycsb-f/rep-3/native/notch-6.raw
Raw data measurement: will output to result file: /home/runner/work/The-Omni-Compass/The-Omni-Compass/out/ycsb-f/rep-3/native/notch-6.raw
Raw data measurement: will output to result file: /home/runner/work/The-Omni-Compass/The-Omni-Compass/out/ycsb-f/rep-3/native/notch-6.raw
Raw data measurement: will output to result file: /home/runner/work/The-Omni-Compass/The-Omni-Compass/out/ycsb-f/rep-3/native/notch-6.raw
[OVERALL], RunTime(ms), 20003
[OVERALL], Throughput(ops/sec), 2816.0275958606207
[TOTAL_GCS_G1_Young_Generation], Count, 14
[TOTAL_GC_TIME_G1_Young_Generation], Time(ms), 59
[TOTAL_GC_TIME_%_G1_Young_Generation], Time(%), 0.29495575663650453
[TOTAL_GCS_G1_Old_Generation], Count, 0
[TOTAL_GC_TIME_G1_Old_Generation], Time(ms), 0
[TOTAL_GC_TIME_%_G1_Old_Generation], Time(%), 0.0
[TOTAL_GCs], Count, 14
[TOTAL_GC_TIME], Time(ms), 59
[TOTAL_GC_TIME_%], Time(%), 0.29495575663650453
[READ], Total Operations, 56329
[READ], Below is a summary of latency in microseconds:, -1
[READ], Average, 238.56604945942587
[READ], Min, 125
[READ], Max, 59951
[READ], p1, 147
[READ], p5, 150
[READ], p50, 187
[READ], p90, 378
[READ], p95, 423
[READ], p99, 551
[READ], p99.9, 2551
[READ], p99.99, 46279
[READ], Return=OK, 56329
[READ-MODIFY-WRITE], Total Operations, 27979
[READ-MODIFY-WRITE], Below is a summary of latency in microseconds:, -1
[READ-MODIFY-WRITE], Average, 435.8691161228064
[READ-MODIFY-WRITE], Min, 294
[READ-MODIFY-WRITE], Max, 44265
[READ-MODIFY-WRITE], p1, 317
[READ-MODIFY-WRITE], p5, 324
[READ-MODIFY-WRITE], p50, 388
[READ-MODIFY-WRITE], p90, 582
[READ-MODIFY-WRITE], p95, 652
[READ-MODIFY-WRITE], p99, 939
[READ-MODIFY-WRITE], p99.9, 3036
[READ-MODIFY-WRITE], p99.99, 43351
[CLEANUP], Total Operations, 1
[CLEANUP], Below is a summary of latency in microseconds:, -1
[CLEANUP], Average, 1225.0
[CLEANUP], Min, 1225
[CLEANUP], Max, 1225
[CLEANUP], p1, 1225
[CLEANUP], p5, 1225
[CLEANUP], p50, 1225
[CLEANUP], p90, 1225
[CLEANUP], p95, 1225
[CLEANUP], p99, 1225
[CLEANUP], p99.9, 1225
[CLEANUP], p99.99, 1225
[UPDATE], Total Operations, 27979
[UPDATE], Below is a summary of latency in microseconds:, -1
[UPDATE], Average, 204.3529075377962
[UPDATE], Min, 149
[UPDATE], Max, 5654
[UPDATE], p1, 165
[UPDATE], p5, 170
[UPDATE], p50, 194
[UPDATE], p90, 238
[UPDATE], p95, 265
[UPDATE], p99, 394
[UPDATE], p99.9, 1425
[UPDATE], p99.99, 4398
[UPDATE], Return=OK, 27979

Command line: -t -db site.ycsb.db.MongoDbClient -s -P /home/runner/ycsb-mongodb-binding-0.17.0/workloads/workloadf -p mongodb.url=mongodb://127.0.0.1:27017/ycsb?w=1 -p measurementtype=raw -p measurement.raw.output_file=/home/runner/work/The-Omni-Compass/The-Omni-Compass/out/ycsb-f/rep-3/native/notch-6.raw -p recordcount=1000000 -p operationcount=1000000000 -p maxexecutiontime=20 -p target=3000 -p threads=32 -p insertstart=0 -p insertorder=ordered -p requestdistribution=uniform -p seed=100305
YCSB Client 0.17.0

Loading workload...
Starting test.
Maximum execution time specified as: 20 secs
2026-10-09 00:23:42:221 0 sec: 0 operations; est completion in 0 second 
DBWrapper: report latency for each error is false and specific error codes to track for latency are: []
2026-10-09 00:23:52:179 10 sec: 27191 operations; 2719.1 current ops/sec; est completion in 4 days 6 hours READ count: 27193, average latency(us): 242.19 READ-MODIFY-WRITE count: 13401, average latency(us): 462.97 UPDATE count: 13401, average latency(us): 219.82 
Maximum time elapsed. Requesting stop for the workload.
Stop requested for workload. Now Joining!
2026-10-09 00:24:02:179 20 sec: 56326 operations; 2913.5 current ops/sec; est completion in 4 days 2 hours READ count: 29135, average latency(us): 235.19 READ-MODIFY-WRITE count: 14578, average latency(us): 410.96 UPDATE count: 14578, average latency(us): 190.14 
2026-10-09 00:24:02:181 20 sec: 56329 operations; 1000 current ops/sec; est completion in 4 days 2 hours READ count: 1, average latency(us): 226.00  CLEANUP count: 1, average latency(us): 1225.00  


/opt/hostedtoolcache/Java_Temurin-Hotspot_jdk/17.0.20-1/x64/bin/java  -classpath /home/runner/ycsb-mongodb-binding-0.17.0/conf:/home/runner/ycsb-mongodb-binding-0.17.0/lib/HdrHistogram-2.1.4.jar:/home/runner/ycsb-mongodb-binding-0.17.0/lib/core-0.17.0.jar:/home/runner/ycsb-mongodb-binding-0.17.0/lib/htrace-core4-4.1.0-incubating.jar:/home/runner/ycsb-mongodb-binding-0.17.0/lib/jackson-core-asl-1.9.4.jar:/home/runner/ycsb-mongodb-binding-0.17.0/lib/jackson-mapper-asl-1.9.4.jar:/home/runner/ycsb-mongodb-binding-0.17.0/lib/logback-classic-1.1.2.jar:/home/runner/ycsb-mongodb-binding-0.17.0/lib/logback-core-1.1.2.jar:/home/runner/ycsb-mongodb-binding-0.17.0/lib/mongo-java-driver-3.8.0.jar:/home/runner/ycsb-mongodb-binding-0.17.0/lib/mongodb-async-driver-2.0.1.jar:/home/runner/ycsb-mongodb-binding-0.17.0/lib/mongodb-binding-0.17.0.jar:/home/runner/ycsb-mongodb-binding-0.17.0/lib/slf4j-api-1.7.25.jar:/home/runner/ycsb-mongodb-binding-0.17.0/lib/snappy-java-1.1.7.1.jar site.ycsb.Client -t -db site.ycsb.db.MongoDbClient -s -P /home/runner/ycsb-mongodb-binding-0.17.0/workloads/workloadf -p mongodb.url=mongodb://127.0.0.1:27017/ycsb?w=1 -p measurementtype=raw -p measurement.raw.output_file=/home/runner/work/The-Omni-Compass/The-Omni-Compass/out/ycsb-f/rep-3/native/notch-7.raw -p recordcount=1250000 -p operationcount=1000000000 -p maxexecutiontime=20 -p target=3000 -p threads=32 -p insertstart=0 -p insertorder=ordered -p requestdistribution=uniform -p seed=100306
mongo client connection created with mongodb://127.0.0.1:27017/ycsb?w=1
Raw data measurement: will output to result file: /home/runner/work/The-Omni-Compass/The-Omni-Compass/out/ycsb-f/rep-3/native/notch-7.raw
Raw data measurement: will output to result file: /home/runner/work/The-Omni-Compass/The-Omni-Compass/out/ycsb-f/rep-3/native/notch-7.raw
Raw data measurement: will output to result file: /home/runner/work/The-Omni-Compass/The-Omni-Compass/out/ycsb-f/rep-3/native/notch-7.raw
Raw data measurement: will output to result file: /home/runner/work/The-Omni-Compass/The-Omni-Compass/out/ycsb-f/rep-3/native/notch-7.raw
[OVERALL], RunTime(ms), 20002
[OVERALL], Throughput(ops/sec), 2949.4550544945505
[TOTAL_GCS_G1_Young_Generation], Count, 15
[TOTAL_GC_TIME_G1_Young_Generation], Time(ms), 68
[TOTAL_GC_TIME_%_G1_Young_Generation], Time(%), 0.33996600339966004
[TOTAL_GCS_G1_Old_Generation], Count, 0
[TOTAL_GC_TIME_G1_Old_Generation], Time(ms), 0
[TOTAL_GC_TIME_%_G1_Old_Generation], Time(%), 0.0
[TOTAL_GCs], Count, 15
[TOTAL_GC_TIME], Time(ms), 68
[TOTAL_GC_TIME_%], Time(%), 0.33996600339966004
[READ], Total Operations, 58995
[READ], Below is a summary of latency in microseconds:, -1
[READ], Average, 226.67500635647087
[READ], Min, 128
[READ], Max, 51597
[READ], p1, 148
[READ], p5, 152
[READ], p50, 190
[READ], p90, 380
[READ], p95, 426
[READ], p99, 571
[READ], p99.9, 2011
[READ], p99.99, 35780
[READ], Return=OK, 58995
[READ-MODIFY-WRITE], Total Operations, 29265
[READ-MODIFY-WRITE], Below is a summary of latency in microseconds:, -1
[READ-MODIFY-WRITE], Average, 436.2787971980181
[READ-MODIFY-WRITE], Min, 299
[READ-MODIFY-WRITE], Max, 54527
[READ-MODIFY-WRITE], p1, 319
[READ-MODIFY-WRITE], p5, 326
[READ-MODIFY-WRITE], p50, 397
[READ-MODIFY-WRITE], p90, 585
[READ-MODIFY-WRITE], p95, 660
[READ-MODIFY-WRITE], p99, 1015
[READ-MODIFY-WRITE], p99.9, 3019
[READ-MODIFY-WRITE], p99.99, 38929
[CLEANUP], Total Operations, 1
[CLEANUP], Below is a summary of latency in microseconds:, -1
[CLEANUP], Average, 1488.0
[CLEANUP], Min, 1488
[CLEANUP], Max, 1488
[CLEANUP], p1, 1488
[CLEANUP], p5, 1488
[CLEANUP], p50, 1488
[CLEANUP], p90, 1488
[CLEANUP], p95, 1488
[CLEANUP], p99, 1488
[CLEANUP], p99.9, 1488
[CLEANUP], p99.99, 1488
[UPDATE], Total Operations, 29265
[UPDATE], Below is a summary of latency in microseconds:, -1
[UPDATE], Average, 205.87599521612847
[UPDATE], Min, 151
[UPDATE], Max, 6957
[UPDATE], p1, 165
[UPDATE], p5, 170
[UPDATE], p50, 199
[UPDATE], p90, 239
[UPDATE], p95, 265
[UPDATE], p99, 413
[UPDATE], p99.9, 1317
[UPDATE], p99.99, 3661
[UPDATE], Return=OK, 29265

Command line: -t -db site.ycsb.db.MongoDbClient -s -P /home/runner/ycsb-mongodb-binding-0.17.0/workloads/workloadf -p mongodb.url=mongodb://127.0.0.1:27017/ycsb?w=1 -p measurementtype=raw -p measurement.raw.output_file=/home/runner/work/The-Omni-Compass/The-Omni-Compass/out/ycsb-f/rep-3/native/notch-7.raw -p recordcount=1250000 -p operationcount=1000000000 -p maxexecutiontime=20 -p target=3000 -p threads=32 -p insertstart=0 -p insertorder=ordered -p requestdistribution=uniform -p seed=100306
YCSB Client 0.17.0

Loading workload...
Starting test.
Maximum execution time specified as: 20 secs
2026-10-09 00:24:03:000 0 sec: 0 operations; est completion in 0 second 
DBWrapper: report latency for each error is false and specific error codes to track for latency are: []
2026-10-09 00:24:12:961 10 sec: 25737 operations; 2573.7 current ops/sec; est completion in 4 days 11 hours READ count: 25739, average latency(us): 259.50 READ-MODIFY-WRITE count: 12744, average latency(us): 490.17 UPDATE count: 12744, average latency(us): 224.47 
Maximum time elapsed. Requesting stop for the workload.
Stop requested for workload. Now Joining!
2026-10-09 00:24:22:961 20 sec: 58993 operations; 3325.6 current ops/sec; est completion in 3 days 22 hours READ count: 33255, average latency(us): 201.26 READ-MODIFY-WRITE count: 16521, average latency(us): 394.70 UPDATE count: 16521, average latency(us): 191.53 
2026-10-09 00:24:22:963 20 sec: 58995 operations; 1000 current ops/sec; est completion in 3 days 22 hours READ count: 1, average latency(us): 310.00  CLEANUP count: 1, average latency(us): 1488.00  


/opt/hostedtoolcache/Java_Temurin-Hotspot_jdk/17.0.20-1/x64/bin/java  -classpath /home/runner/ycsb-mongodb-binding-0.17.0/conf:/home/runner/ycsb-mongodb-binding-0.17.0/lib/HdrHistogram-2.1.4.jar:/home/runner/ycsb-mongodb-binding-0.17.0/lib/core-0.17.0.jar:/home/runner/ycsb-mongodb-binding-0.17.0/lib/htrace-core4-4.1.0-incubating.jar:/home/runner/ycsb-mongodb-binding-0.17.0/lib/jackson-core-asl-1.9.4.jar:/home/runner/ycsb-mongodb-binding-0.17.0/lib/jackson-mapper-asl-1.9.4.jar:/home/runner/ycsb-mongodb-binding-0.17.0/lib/logback-classic-1.1.2.jar:/home/runner/ycsb-mongodb-binding-0.17.0/lib/logback-core-1.1.2.jar:/home/runner/ycsb-mongodb-binding-0.17.0/lib/mongo-java-driver-3.8.0.jar:/home/runner/ycsb-mongodb-binding-0.17.0/lib/mongodb-async-driver-2.0.1.jar:/home/runner/ycsb-mongodb-binding-0.17.0/lib/mongodb-binding-0.17.0.jar:/home/runner/ycsb-mongodb-binding-0.17.0/lib/slf4j-api-1.7.25.jar:/home/runner/ycsb-mongodb-binding-0.17.0/lib/snappy-java-1.1.7.1.jar site.ycsb.Client -t -db site.ycsb.db.MongoDbClient -s -P /home/runner/ycsb-mongodb-binding-0.17.0/workloads/workloadf -p mongodb.url=mongodb://127.0.0.1:27017/ycsb?w=1 -p measurementtype=raw -p measurement.raw.output_file=/home/runner/work/The-Omni-Compass/The-Omni-Compass/out/ycsb-f/rep-3/native/notch-8.raw -p recordcount=1500000 -p operationcount=1000000000 -p maxexecutiontime=20 -p target=3000 -p threads=32 -p insertstart=0 -p insertorder=ordered -p requestdistribution=uniform -p seed=100307
mongo client connection created with mongodb://127.0.0.1:27017/ycsb?w=1
Raw data measurement: will output to result file: /home/runner/work/The-Omni-Compass/The-Omni-Compass/out/ycsb-f/rep-3/native/notch-8.raw
Raw data measurement: will output to result file: /home/runner/work/The-Omni-Compass/The-Omni-Compass/out/ycsb-f/rep-3/native/notch-8.raw
Raw data measurement: will output to result file: /home/runner/work/The-Omni-Compass/The-Omni-Compass/out/ycsb-f/rep-3/native/notch-8.raw
Raw data measurement: will output to result file: /home/runner/work/The-Omni-Compass/The-Omni-Compass/out/ycsb-f/rep-3/native/notch-8.raw
[OVERALL], RunTime(ms), 20003
[OVERALL], Throughput(ops/sec), 2735.439684047393
[TOTAL_GCS_G1_Young_Generation], Count, 14
[TOTAL_GC_TIME_G1_Young_Generation], Time(ms), 60
[TOTAL_GC_TIME_%_G1_Young_Generation], Time(%), 0.2999550067489877
[TOTAL_GCS_G1_Old_Generation], Count, 0
[TOTAL_GC_TIME_G1_Old_Generation], Time(ms), 0
[TOTAL_GC_TIME_%_G1_Old_Generation], Time(%), 0.0
[TOTAL_GCs], Count, 14
[TOTAL_GC_TIME], Time(ms), 60
[TOTAL_GC_TIME_%], Time(%), 0.2999550067489877
[READ], Total Operations, 54717
[READ], Below is a summary of latency in microseconds:, -1
[READ], Average, 252.0827713507685
[READ], Min, 127
[READ], Max, 58561
[READ], p1, 147
[READ], p5, 152
[READ], p50, 192
[READ], p90, 369
[READ], p95, 422
[READ], p99, 578
[READ], p99.9, 3278
[READ], p99.99, 53415
[READ], Return=OK, 54717
[READ-MODIFY-WRITE], Total Operations, 27351
[READ-MODIFY-WRITE], Below is a summary of latency in microseconds:, -1
[READ-MODIFY-WRITE], Average, 467.35691565207856
[READ-MODIFY-WRITE], Min, 295
[READ-MODIFY-WRITE], Max, 58858
[READ-MODIFY-WRITE], p1, 317
[READ-MODIFY-WRITE], p5, 326
[READ-MODIFY-WRITE], p50, 400
[READ-MODIFY-WRITE], p90, 578
[READ-MODIFY-WRITE], p95, 659
[READ-MODIFY-WRITE], p99, 1015
[READ-MODIFY-WRITE], p99.9, 5036
[READ-MODIFY-WRITE], p99.99, 55038
[CLEANUP], Total Operations, 1
[CLEANUP], Below is a summary of latency in microseconds:, -1
[CLEANUP], Average, 1452.0
[CLEANUP], Min, 1452
[CLEANUP], Max, 1452
[CLEANUP], p1, 1452
[CLEANUP], p5, 1452
[CLEANUP], p50, 1452
[CLEANUP], p90, 1452
[CLEANUP], p95, 1452
[CLEANUP], p99, 1452
[CLEANUP], p99.9, 1452
[CLEANUP], p99.99, 1452
[UPDATE], Total Operations, 27351
[UPDATE], Below is a summary of latency in microseconds:, -1
[UPDATE], Average, 207.37084567291873
[UPDATE], Min, 148
[UPDATE], Max, 6905
[UPDATE], p1, 164
[UPDATE], p5, 170
[UPDATE], p50, 201
[UPDATE], p90, 244
[UPDATE], p95, 268
[UPDATE], p99, 408
[UPDATE], p99.9, 1232
[UPDATE], p99.99, 3484
[UPDATE], Return=OK, 27351

Command line: -t -db site.ycsb.db.MongoDbClient -s -P /home/runner/ycsb-mongodb-binding-0.17.0/workloads/workloadf -p mongodb.url=mongodb://127.0.0.1:27017/ycsb?w=1 -p measurementtype=raw -p measurement.raw.output_file=/home/runner/work/The-Omni-Compass/The-Omni-Compass/out/ycsb-f/rep-3/native/notch-8.raw -p recordcount=1500000 -p operationcount=1000000000 -p maxexecutiontime=20 -p target=3000 -p threads=32 -p insertstart=0 -p insertorder=ordered -p requestdistribution=uniform -p seed=100307
YCSB Client 0.17.0

Loading workload...
Starting test.
Maximum execution time specified as: 20 secs
2026-10-09 00:24:23:737 0 sec: 0 operations; est completion in 0 second 
DBWrapper: report latency for each error is false and specific error codes to track for latency are: []
2026-10-09 00:24:33:698 10 sec: 27086 operations; 2708.6 current ops/sec; est completion in 4 days 6 hours READ count: 27088, average latency(us): 242.43 READ-MODIFY-WRITE count: 13488, average latency(us): 465.04 UPDATE count: 13488, average latency(us): 221.34 
Maximum time elapsed. Requesting stop for the workload.
Stop requested for workload. Now Joining!
2026-10-09 00:24:43:698 20 sec: 54713 operations; 2762.7 current ops/sec; est completion in 4 days 5 hours READ count: 27627, average latency(us): 261.55 READ-MODIFY-WRITE count: 13863, average latency(us): 469.61 UPDATE count: 13863, average latency(us): 193.78 
2026-10-09 00:24:43:700 20 sec: 54717 operations; 1333.33 current ops/sec; est completion in 4 days 5 hours READ count: 2, average latency(us): 256.00  CLEANUP count: 1, average latency(us): 1452.00  


/opt/hostedtoolcache/Java_Temurin-Hotspot_jdk/17.0.20-1/x64/bin/java  -classpath /home/runner/ycsb-mongodb-binding-0.17.0/conf:/home/runner/ycsb-mongodb-binding-0.17.0/lib/HdrHistogram-2.1.4.jar:/home/runner/ycsb-mongodb-binding-0.17.0/lib/core-0.17.0.jar:/home/runner/ycsb-mongodb-binding-0.17.0/lib/htrace-core4-4.1.0-incubating.jar:/home/runner/ycsb-mongodb-binding-0.17.0/lib/jackson-core-asl-1.9.4.jar:/home/runner/ycsb-mongodb-binding-0.17.0/lib/jackson-mapper-asl-1.9.4.jar:/home/runner/ycsb-mongodb-binding-0.17.0/lib/logback-classic-1.1.2.jar:/home/runner/ycsb-mongodb-binding-0.17.0/lib/logback-core-1.1.2.jar:/home/runner/ycsb-mongodb-binding-0.17.0/lib/mongo-java-driver-3.8.0.jar:/home/runner/ycsb-mongodb-binding-0.17.0/lib/mongodb-async-driver-2.0.1.jar:/home/runner/ycsb-mongodb-binding-0.17.0/lib/mongodb-binding-0.17.0.jar:/home/runner/ycsb-mongodb-binding-0.17.0/lib/slf4j-api-1.7.25.jar:/home/runner/ycsb-mongodb-binding-0.17.0/lib/snappy-java-1.1.7.1.jar site.ycsb.Client -t -db site.ycsb.db.MongoDbClient -s -P /home/runner/ycsb-mongodb-binding-0.17.0/workloads/workloadf -p mongodb.url=mongodb://127.0.0.1:27017/ycsb?w=1 -p measurementtype=raw -p measurement.raw.output_file=/home/runner/work/The-Omni-Compass/The-Omni-Compass/out/ycsb-f/rep-3/native/notch-9.raw -p recordcount=1250000 -p operationcount=1000000000 -p maxexecutiontime=20 -p target=3000 -p threads=32 -p insertstart=0 -p insertorder=ordered -p requestdistribution=uniform -p seed=100308
mongo client connection created with mongodb://127.0.0.1:27017/ycsb?w=1
Raw data measurement: will output to result file: /home/runner/work/The-Omni-Compass/The-Omni-Compass/out/ycsb-f/rep-3/native/notch-9.raw
Raw data measurement: will output to result file: /home/runner/work/The-Omni-Compass/The-Omni-Compass/out/ycsb-f/rep-3/native/notch-9.raw
Raw data measurement: will output to result file: /home/runner/work/The-Omni-Compass/The-Omni-Compass/out/ycsb-f/rep-3/native/notch-9.raw
Raw data measurement: will output to result file: /home/runner/work/The-Omni-Compass/The-Omni-Compass/out/ycsb-f/rep-3/native/notch-9.raw
[OVERALL], RunTime(ms), 20003
[OVERALL], Throughput(ops/sec), 2922.761585762136
[TOTAL_GCS_G1_Young_Generation], Count, 15
[TOTAL_GC_TIME_G1_Young_Generation], Time(ms), 70
[TOTAL_GC_TIME_%_G1_Young_Generation], Time(%), 0.34994750787381895
[TOTAL_GCS_G1_Old_Generation], Count, 0
[TOTAL_GC_TIME_G1_Old_Generation], Time(ms), 0
[TOTAL_GC_TIME_%_G1_Old_Generation], Time(%), 0.0
[TOTAL_GCs], Count, 15
[TOTAL_GC_TIME], Time(ms), 70
[TOTAL_GC_TIME_%], Time(%), 0.34994750787381895
[READ], Total Operations, 58464
[READ], Below is a summary of latency in microseconds:, -1
[READ], Average, 209.88687055281883
[READ], Min, 129
[READ], Max, 60174
[READ], p1, 149
[READ], p5, 153
[READ], p50, 189
[READ], p90, 232
[READ], p95, 257
[READ], p99, 443
[READ], p99.9, 1566
[READ], p99.99, 44959
[READ], Return=OK, 58464
[READ-MODIFY-WRITE], Total Operations, 29342
[READ-MODIFY-WRITE], Below is a summary of latency in microseconds:, -1
[READ-MODIFY-WRITE], Average, 423.94373253356963
[READ-MODIFY-WRITE], Min, 301
[READ-MODIFY-WRITE], Max, 48489
[READ-MODIFY-WRITE], p1, 323
[READ-MODIFY-WRITE], p5, 330
[READ-MODIFY-WRITE], p50, 397
[READ-MODIFY-WRITE], p90, 474
[READ-MODIFY-WRITE], p95, 537
[READ-MODIFY-WRITE], p99, 811
[READ-MODIFY-WRITE], p99.9, 3270
[READ-MODIFY-WRITE], p99.99, 45235
[CLEANUP], Total Operations, 1
[CLEANUP], Below is a summary of latency in microseconds:, -1
[CLEANUP], Average, 1612.0
[CLEANUP], Min, 1612
[CLEANUP], Max, 1612
[CLEANUP], p1, 1612
[CLEANUP], p5, 1612
[CLEANUP], p50, 1612
[CLEANUP], p90, 1612
[CLEANUP], p95, 1612
[CLEANUP], p99, 1612
[CLEANUP], p99.9, 1612
[CLEANUP], p99.99, 1612
[UPDATE], Total Operations, 29342
[UPDATE], Below is a summary of latency in microseconds:, -1
[UPDATE], Average, 210.6275305023516
[UPDATE], Min, 151
[UPDATE], Max, 8335
[UPDATE], p1, 167
[UPDATE], p5, 172
[UPDATE], p50, 205
[UPDATE], p90, 243
[UPDATE], p95, 268
[UPDATE], p99, 401
[UPDATE], p99.9, 1030
[UPDATE], p99.99, 4901
[UPDATE], Return=OK, 29342

Command line: -t -db site.ycsb.db.MongoDbClient -s -P /home/runner/ycsb-mongodb-binding-0.17.0/workloads/workloadf -p mongodb.url=mongodb://127.0.0.1:27017/ycsb?w=1 -p measurementtype=raw -p measurement.raw.output_file=/home/runner/work/The-Omni-Compass/The-Omni-Compass/out/ycsb-f/rep-3/native/notch-9.raw -p recordcount=1250000 -p operationcount=1000000000 -p maxexecutiontime=20 -p target=3000 -p threads=32 -p insertstart=0 -p insertorder=ordered -p requestdistribution=uniform -p seed=100308
YCSB Client 0.17.0

Loading workload...
Starting test.
Maximum execution time specified as: 20 secs
2026-10-09 00:24:44:461 0 sec: 0 operations; est completion in 0 second 
DBWrapper: report latency for each error is false and specific error codes to track for latency are: []
2026-10-09 00:24:54:422 10 sec: 29020 operations; 2902 current ops/sec; est completion in 3 days 23 hours READ count: 29022, average latency(us): 212.02 READ-MODIFY-WRITE count: 14596, average latency(us): 436.07 UPDATE count: 14596, average latency(us): 222.46 
Maximum time elapsed. Requesting stop for the workload.
Stop requested for workload. Now Joining!
2026-10-09 00:25:04:422 20 sec: 58462 operations; 2944.2 current ops/sec; est completion in 3 days 23 hours READ count: 29441, average latency(us): 207.78 READ-MODIFY-WRITE count: 14746, average latency(us): 411.94 UPDATE count: 14746, average latency(us): 198.92 
2026-10-09 00:25:04:425 20 sec: 58464 operations; 666.67 current ops/sec; est completion in 3 days 23 hours READ count: 1, average latency(us): 293.00  CLEANUP count: 1, average latency(us): 1612.00  


/opt/hostedtoolcache/Java_Temurin-Hotspot_jdk/17.0.20-1/x64/bin/java  -classpath /home/runner/ycsb-mongodb-binding-0.17.0/conf:/home/runner/ycsb-mongodb-binding-0.17.0/lib/HdrHistogram-2.1.4.jar:/home/runner/ycsb-mongodb-binding-0.17.0/lib/core-0.17.0.jar:/home/runner/ycsb-mongodb-binding-0.17.0/lib/htrace-core4-4.1.0-incubating.jar:/home/runner/ycsb-mongodb-binding-0.17.0/lib/jackson-core-asl-1.9.4.jar:/home/runner/ycsb-mongodb-binding-0.17.0/lib/jackson-mapper-asl-1.9.4.jar:/home/runner/ycsb-mongodb-binding-0.17.0/lib/logback-classic-1.1.2.jar:/home/runner/ycsb-mongodb-binding-0.17.0/lib/logback-core-1.1.2.jar:/home/runner/ycsb-mongodb-binding-0.17.0/lib/mongo-java-driver-3.8.0.jar:/home/runner/ycsb-mongodb-binding-0.17.0/lib/mongodb-async-driver-2.0.1.jar:/home/runner/ycsb-mongodb-binding-0.17.0/lib/mongodb-binding-0.17.0.jar:/home/runner/ycsb-mongodb-binding-0.17.0/lib/slf4j-api-1.7.25.jar:/home/runner/ycsb-mongodb-binding-0.17.0/lib/snappy-java-1.1.7.1.jar site.ycsb.Client -t -db site.ycsb.db.MongoDbClient -s -P /home/runner/ycsb-mongodb-binding-0.17.0/workloads/workloadf -p mongodb.url=mongodb://127.0.0.1:27017/ycsb?w=1 -p measurementtype=raw -p measurement.raw.output_file=/home/runner/work/The-Omni-Compass/The-Omni-Compass/out/ycsb-f/rep-3/native/notch-10.raw -p recordcount=1000000 -p operationcount=1000000000 -p maxexecutiontime=20 -p target=3000 -p threads=32 -p insertstart=0 -p insertorder=ordered -p requestdistribution=uniform -p seed=100309
mongo client connection created with mongodb://127.0.0.1:27017/ycsb?w=1
Raw data measurement: will output to result file: /home/runner/work/The-Omni-Compass/The-Omni-Compass/out/ycsb-f/rep-3/native/notch-10.raw
Raw data measurement: will output to result file: /home/runner/work/The-Omni-Compass/The-Omni-Compass/out/ycsb-f/rep-3/native/notch-10.raw
Raw data measurement: will output to result file: /home/runner/work/The-Omni-Compass/The-Omni-Compass/out/ycsb-f/rep-3/native/notch-10.raw
Raw data measurement: will output to result file: /home/runner/work/The-Omni-Compass/The-Omni-Compass/out/ycsb-f/rep-3/native/notch-10.raw
[OVERALL], RunTime(ms), 20005
[OVERALL], Throughput(ops/sec), 2948.862784303924
[TOTAL_GCS_G1_Young_Generation], Count, 15
[TOTAL_GC_TIME_G1_Young_Generation], Time(ms), 69
[TOTAL_GC_TIME_%_G1_Young_Generation], Time(%), 0.3449137715571107
[TOTAL_GCS_G1_Old_Generation], Count, 0
[TOTAL_GC_TIME_G1_Old_Generation], Time(ms), 0
[TOTAL_GC_TIME_%_G1_Old_Generation], Time(%), 0.0
[TOTAL_GCs], Count, 15
[TOTAL_GC_TIME], Time(ms), 69
[TOTAL_GC_TIME_%], Time(%), 0.3449137715571107
[READ], Total Operations, 58992
[READ], Below is a summary of latency in microseconds:, -1
[READ], Average, 197.97155546514782
[READ], Min, 128
[READ], Max, 44537
[READ], p1, 148
[READ], p5, 153
[READ], p50, 190
[READ], p90, 231
[READ], p95, 253
[READ], p99, 390
[READ], p99.9, 1069
[READ], p99.99, 6046
[READ], Return=OK, 58992
[READ-MODIFY-WRITE], Total Operations, 29456
[READ-MODIFY-WRITE], Below is a summary of latency in microseconds:, -1
[READ-MODIFY-WRITE], Average, 405.8104970124932
[READ-MODIFY-WRITE], Min, 297
[READ-MODIFY-WRITE], Max, 52761
[READ-MODIFY-WRITE], p1, 317
[READ-MODIFY-WRITE], p5, 326
[READ-MODIFY-WRITE], p50, 395
[READ-MODIFY-WRITE], p90, 473
[READ-MODIFY-WRITE], p95, 523
[READ-MODIFY-WRITE], p99, 794
[READ-MODIFY-WRITE], p99.9, 2039
[READ-MODIFY-WRITE], p99.99, 7329
[CLEANUP], Total Operations, 1
[CLEANUP], Below is a summary of latency in microseconds:, -1
[CLEANUP], Average, 1242.0
[CLEANUP], Min, 1242
[CLEANUP], Max, 1242
[CLEANUP], p1, 1242
[CLEANUP], p5, 1242
[CLEANUP], p50, 1242
[CLEANUP], p90, 1242
[CLEANUP], p95, 1242
[CLEANUP], p99, 1242
[CLEANUP], p99.9, 1242
[CLEANUP], p99.99, 1242
[UPDATE], Total Operations, 29456
[UPDATE], Below is a summary of latency in microseconds:, -1
[UPDATE], Average, 206.0199619771863
[UPDATE], Min, 150
[UPDATE], Max, 7420
[UPDATE], p1, 165
[UPDATE], p5, 170
[UPDATE], p50, 202
[UPDATE], p90, 244
[UPDATE], p95, 269
[UPDATE], p99, 400
[UPDATE], p99.9, 1053
[UPDATE], p99.99, 3106
[UPDATE], Return=OK, 29456

Command line: -t -db site.ycsb.db.MongoDbClient -s -P /home/runner/ycsb-mongodb-binding-0.17.0/workloads/workloadf -p mongodb.url=mongodb://127.0.0.1:27017/ycsb?w=1 -p measurementtype=raw -p measurement.raw.output_file=/home/runner/work/The-Omni-Compass/The-Omni-Compass/out/ycsb-f/rep-3/native/notch-10.raw -p recordcount=1000000 -p operationcount=1000000000 -p maxexecutiontime=20 -p target=3000 -p threads=32 -p insertstart=0 -p insertorder=ordered -p requestdistribution=uniform -p seed=100309
YCSB Client 0.17.0

Loading workload...
Starting test.
Maximum execution time specified as: 20 secs
2026-10-09 00:25:05:280 0 sec: 0 operations; est completion in 0 second 
DBWrapper: report latency for each error is false and specific error codes to track for latency are: []
2026-10-09 00:25:15:237 10 sec: 28982 operations; 2898.2 current ops/sec; est completion in 3 days 23 hours READ count: 28984, average latency(us): 208.80 READ-MODIFY-WRITE count: 14505, average latency(us): 431.21 UPDATE count: 14505, average latency(us): 219.44 
2026-10-09 00:25:25:237 20 sec: 58981 operations; 2999.9 current ops/sec; est completion in 3 days 22 hours READ count: 29999, average latency(us): 187.52 READ-MODIFY-WRITE count: 14945, average latency(us): 381.14 UPDATE count: 14945, average latency(us): 193.00 
Maximum time elapsed. Requesting stop for the workload.
Stop requested for workload. Now Joining!
2026-10-09 00:25:25:242 20 sec: 58992 operations; 2200 current ops/sec; est completion in 3 days 22 hours READ count: 9, average latency(us): 191.89 READ-MODIFY-WRITE count: 6, average latency(us): 435.50 CLEANUP count: 1, average latency(us): 1242.00 UPDATE count: 6, average latency(us): 193.33 


/opt/hostedtoolcache/Java_Temurin-Hotspot_jdk/17.0.20-1/x64/bin/java  -classpath /home/runner/ycsb-mongodb-binding-0.17.0/conf:/home/runner/ycsb-mongodb-binding-0.17.0/lib/HdrHistogram-2.1.4.jar:/home/runner/ycsb-mongodb-binding-0.17.0/lib/core-0.17.0.jar:/home/runner/ycsb-mongodb-binding-0.17.0/lib/htrace-core4-4.1.0-incubating.jar:/home/runner/ycsb-mongodb-binding-0.17.0/lib/jackson-core-asl-1.9.4.jar:/home/runner/ycsb-mongodb-binding-0.17.0/lib/jackson-mapper-asl-1.9.4.jar:/home/runner/ycsb-mongodb-binding-0.17.0/lib/logback-classic-1.1.2.jar:/home/runner/ycsb-mongodb-binding-0.17.0/lib/logback-core-1.1.2.jar:/home/runner/ycsb-mongodb-binding-0.17.0/lib/mongo-java-driver-3.8.0.jar:/home/runner/ycsb-mongodb-binding-0.17.0/lib/mongodb-async-driver-2.0.1.jar:/home/runner/ycsb-mongodb-binding-0.17.0/lib/mongodb-binding-0.17.0.jar:/home/runner/ycsb-mongodb-binding-0.17.0/lib/slf4j-api-1.7.25.jar:/home/runner/ycsb-mongodb-binding-0.17.0/lib/snappy-java-1.1.7.1.jar site.ycsb.Client -t -db site.ycsb.db.MongoDbClient -s -P /home/runner/ycsb-mongodb-binding-0.17.0/workloads/workloadf -p mongodb.url=mongodb://127.0.0.1:27017/ycsb?w=1 -p measurementtype=raw -p measurement.raw.output_file=/home/runner/work/The-Omni-Compass/The-Omni-Compass/out/ycsb-f/rep-3/native/notch-11.raw -p recordcount=750000 -p operationcount=1000000000 -p maxexecutiontime=20 -p target=3000 -p threads=32 -p insertstart=0 -p insertorder=ordered -p requestdistribution=uniform -p seed=100310
mongo client connection created with mongodb://127.0.0.1:27017/ycsb?w=1
Raw data measurement: will output to result file: /home/runner/work/The-Omni-Compass/The-Omni-Compass/out/ycsb-f/rep-3/native/notch-11.raw
Raw data measurement: will output to result file: /home/runner/work/The-Omni-Compass/The-Omni-Compass/out/ycsb-f/rep-3/native/notch-11.raw
Raw data measurement: will output to result file: /home/runner/work/The-Omni-Compass/The-Omni-Compass/out/ycsb-f/rep-3/native/notch-11.raw
Raw data measurement: will output to result file: /home/runner/work/The-Omni-Compass/The-Omni-Compass/out/ycsb-f/rep-3/native/notch-11.raw
[OVERALL], RunTime(ms), 20003
[OVERALL], Throughput(ops/sec), 2946.957956306554
[TOTAL_GCS_G1_Young_Generation], Count, 15
[TOTAL_GC_TIME_G1_Young_Generation], Time(ms), 70
[TOTAL_GC_TIME_%_G1_Young_Generation], Time(%), 0.34994750787381895
[TOTAL_GCS_G1_Old_Generation], Count, 0
[TOTAL_GC_TIME_G1_Old_Generation], Time(ms), 0
[TOTAL_GC_TIME_%_G1_Old_Generation], Time(%), 0.0
[TOTAL_GCs], Count, 15
[TOTAL_GC_TIME], Time(ms), 70
[TOTAL_GC_TIME_%], Time(%), 0.34994750787381895
[READ], Total Operations, 58948
[READ], Below is a summary of latency in microseconds:, -1
[READ], Average, 194.050536065685
[READ], Min, 125
[READ], Max, 47804
[READ], p1, 147
[READ], p5, 151
[READ], p50, 187
[READ], p90, 226
[READ], p95, 248
[READ], p99, 378
[READ], p99.9, 1345
[READ], p99.99, 6904
[READ], Return=OK, 58948
[READ-MODIFY-WRITE], Total Operations, 29347
[READ-MODIFY-WRITE], Below is a summary of latency in microseconds:, -1
[READ-MODIFY-WRITE], Average, 400.8510580297816
[READ-MODIFY-WRITE], Min, 294
[READ-MODIFY-WRITE], Max, 54186
[READ-MODIFY-WRITE], p1, 308
[READ-MODIFY-WRITE], p5, 323
[READ-MODIFY-WRITE], p50, 374
[READ-MODIFY-WRITE], p90, 462
[READ-MODIFY-WRITE], p95, 514
[READ-MODIFY-WRITE], p99, 838
[READ-MODIFY-WRITE], p99.9, 2318
[READ-MODIFY-WRITE], p99.99, 10599
[CLEANUP], Total Operations, 1
[CLEANUP], Below is a summary of latency in microseconds:, -1
[CLEANUP], Average, 1492.0
[CLEANUP], Min, 1492
[CLEANUP], Max, 1492
[CLEANUP], p1, 1492
[CLEANUP], p5, 1492
[CLEANUP], p50, 1492
[CLEANUP], p90, 1492
[CLEANUP], p95, 1492
[CLEANUP], p99, 1492
[CLEANUP], p99.9, 1492
[CLEANUP], p99.99, 1492
[UPDATE], Total Operations, 29347
[UPDATE], Below is a summary of latency in microseconds:, -1
[UPDATE], Average, 203.82120830067808
[UPDATE], Min, 149
[UPDATE], Max, 5611
[UPDATE], p1, 154
[UPDATE], p5, 168
[UPDATE], p50, 192
[UPDATE], p90, 240
[UPDATE], p95, 265
[UPDATE], p99, 412
[UPDATE], p99.9, 1239
[UPDATE], p99.99, 4878
[UPDATE], Return=OK, 29347

Command line: -t -db site.ycsb.db.MongoDbClient -s -P /home/runner/ycsb-mongodb-binding-0.17.0/workloads/workloadf -p mongodb.url=mongodb://127.0.0.1:27017/ycsb?w=1 -p measurementtype=raw -p measurement.raw.output_file=/home/runner/work/The-Omni-Compass/The-Omni-Compass/out/ycsb-f/rep-3/native/notch-11.raw -p recordcount=750000 -p operationcount=1000000000 -p maxexecutiontime=20 -p target=3000 -p threads=32 -p insertstart=0 -p insertorder=ordered -p requestdistribution=uniform -p seed=100310
YCSB Client 0.17.0

Loading workload...
Starting test.
Maximum execution time specified as: 20 secs
2026-10-09 00:25:26:072 0 sec: 0 operations; est completion in 0 second 
DBWrapper: report latency for each error is false and specific error codes to track for latency are: []
2026-10-09 00:25:36:035 10 sec: 28946 operations; 2894.31 current ops/sec; est completion in 3 days 23 hours READ count: 28948, average latency(us): 205.72 READ-MODIFY-WRITE count: 14442, average latency(us): 429.25 UPDATE count: 14442, average latency(us): 218.76 
Maximum time elapsed. Requesting stop for the workload.
Stop requested for workload. Now Joining!
2026-10-09 00:25:46:035 20 sec: 58946 operations; 3000 current ops/sec; est completion in 3 days 22 hours READ count: 29999, average latency(us): 182.79 READ-MODIFY-WRITE count: 14905, average latency(us): 373.33 UPDATE count: 14905, average latency(us): 189.35 
2026-10-09 00:25:46:037 20 sec: 58948 operations; 1000 current ops/sec; est completion in 3 days 22 hours READ count: 1, average latency(us): 239.00  CLEANUP count: 1, average latency(us): 1492.00  


/opt/hostedtoolcache/Java_Temurin-Hotspot_jdk/17.0.20-1/x64/bin/java  -classpath /home/runner/ycsb-mongodb-binding-0.17.0/conf:/home/runner/ycsb-mongodb-binding-0.17.0/lib/HdrHistogram-2.1.4.jar:/home/runner/ycsb-mongodb-binding-0.17.0/lib/core-0.17.0.jar:/home/runner/ycsb-mongodb-binding-0.17.0/lib/htrace-core4-4.1.0-incubating.jar:/home/runner/ycsb-mongodb-binding-0.17.0/lib/jackson-core-asl-1.9.4.jar:/home/runner/ycsb-mongodb-binding-0.17.0/lib/jackson-mapper-asl-1.9.4.jar:/home/runner/ycsb-mongodb-binding-0.17.0/lib/logback-classic-1.1.2.jar:/home/runner/ycsb-mongodb-binding-0.17.0/lib/logback-core-1.1.2.jar:/home/runner/ycsb-mongodb-binding-0.17.0/lib/mongo-java-driver-3.8.0.jar:/home/runner/ycsb-mongodb-binding-0.17.0/lib/mongodb-async-driver-2.0.1.jar:/home/runner/ycsb-mongodb-binding-0.17.0/lib/mongodb-binding-0.17.0.jar:/home/runner/ycsb-mongodb-binding-0.17.0/lib/slf4j-api-1.7.25.jar:/home/runner/ycsb-mongodb-binding-0.17.0/lib/snappy-java-1.1.7.1.jar site.ycsb.Client -t -db site.ycsb.db.MongoDbClient -s -P /home/runner/ycsb-mongodb-binding-0.17.0/workloads/workloadf -p mongodb.url=mongodb://127.0.0.1:27017/ycsb?w=1 -p measurementtype=raw -p measurement.raw.output_file=/home/runner/work/The-Omni-Compass/The-Omni-Compass/out/ycsb-f/rep-3/native/notch-12.raw -p recordcount=500000 -p operationcount=1000000000 -p maxexecutiontime=20 -p target=3000 -p threads=32 -p insertstart=0 -p insertorder=ordered -p requestdistribution=uniform -p seed=100311
mongo client connection created with mongodb://127.0.0.1:27017/ycsb?w=1
Raw data measurement: will output to result file: /home/runner/work/The-Omni-Compass/The-Omni-Compass/out/ycsb-f/rep-3/native/notch-12.raw
Raw data measurement: will output to result file: /home/runner/work/The-Omni-Compass/The-Omni-Compass/out/ycsb-f/rep-3/native/notch-12.raw
Raw data measurement: will output to result file: /home/runner/work/The-Omni-Compass/The-Omni-Compass/out/ycsb-f/rep-3/native/notch-12.raw
Raw data measurement: will output to result file: /home/runner/work/The-Omni-Compass/The-Omni-Compass/out/ycsb-f/rep-3/native/notch-12.raw
[OVERALL], RunTime(ms), 20003
[OVERALL], Throughput(ops/sec), 2948.3077538369243
[TOTAL_GCS_G1_Young_Generation], Count, 15
[TOTAL_GC_TIME_G1_Young_Generation], Time(ms), 72
[TOTAL_GC_TIME_%_G1_Young_Generation], Time(%), 0.3599460080987852
[TOTAL_GCS_G1_Old_Generation], Count, 0
[TOTAL_GC_TIME_G1_Old_Generation], Time(ms), 0
[TOTAL_GC_TIME_%_G1_Old_Generation], Time(%), 0.0
[TOTAL_GCs], Count, 15
[TOTAL_GC_TIME], Time(ms), 72
[TOTAL_GC_TIME_%], Time(%), 0.3599460080987852
[READ], Total Operations, 58975
[READ], Below is a summary of latency in microseconds:, -1
[READ], Average, 193.5766680796948
[READ], Min, 128
[READ], Max, 43998
[READ], p1, 148
[READ], p5, 151
[READ], p50, 188
[READ], p90, 225
[READ], p95, 246
[READ], p99, 381
[READ], p99.9, 1491
[READ], p99.99, 5527
[READ], Return=OK, 58975
[READ-MODIFY-WRITE], Total Operations, 29698
[READ-MODIFY-WRITE], Below is a summary of latency in microseconds:, -1
[READ-MODIFY-WRITE], Average, 403.9007340561654
[READ-MODIFY-WRITE], Min, 297
[READ-MODIFY-WRITE], Max, 50292
[READ-MODIFY-WRITE], p1, 310
[READ-MODIFY-WRITE], p5, 324
[READ-MODIFY-WRITE], p50, 395
[READ-MODIFY-WRITE], p90, 461
[READ-MODIFY-WRITE], p95, 515
[READ-MODIFY-WRITE], p99, 817
[READ-MODIFY-WRITE], p99.9, 2787
[READ-MODIFY-WRITE], p99.99, 7700
[CLEANUP], Total Operations, 1
[CLEANUP], Below is a summary of latency in microseconds:, -1
[CLEANUP], Average, 1338.0
[CLEANUP], Min, 1338
[CLEANUP], Max, 1338
[CLEANUP], p1, 1338
[CLEANUP], p5, 1338
[CLEANUP], p50, 1338
[CLEANUP], p90, 1338
[CLEANUP], p95, 1338
[CLEANUP], p99, 1338
[CLEANUP], p99.9, 1338
[CLEANUP], p99.99, 1338
[UPDATE], Total Operations, 29698
[UPDATE], Below is a summary of latency in microseconds:, -1
[UPDATE], Average, 207.47760791972524
[UPDATE], Min, 149
[UPDATE], Max, 5608
[UPDATE], p1, 156
[UPDATE], p5, 170
[UPDATE], p50, 205
[UPDATE], p90, 240
[UPDATE], p95, 265
[UPDATE], p99, 405
[UPDATE], p99.9, 1445
[UPDATE], p99.99, 4018
[UPDATE], Return=OK, 29698

Command line: -t -db site.ycsb.db.MongoDbClient -s -P /home/runner/ycsb-mongodb-binding-0.17.0/workloads/workloadf -p mongodb.url=mongodb://127.0.0.1:27017/ycsb?w=1 -p measurementtype=raw -p measurement.raw.output_file=/home/runner/work/The-Omni-Compass/The-Omni-Compass/out/ycsb-f/rep-3/native/notch-12.raw -p recordcount=500000 -p operationcount=1000000000 -p maxexecutiontime=20 -p target=3000 -p threads=32 -p insertstart=0 -p insertorder=ordered -p requestdistribution=uniform -p seed=100311
YCSB Client 0.17.0

Loading workload...
Starting test.
Maximum execution time specified as: 20 secs
2026-10-09 00:25:46:840 0 sec: 0 operations; est completion in 0 second 
DBWrapper: report latency for each error is false and specific error codes to track for latency are: []
2026-10-09 00:25:56:796 10 sec: 28974 operations; 2897.11 current ops/sec; est completion in 3 days 23 hours READ count: 28976, average latency(us): 207.95 READ-MODIFY-WRITE count: 14627, average latency(us): 436.03 UPDATE count: 14627, average latency(us): 223.97 
Maximum time elapsed. Requesting stop for the workload.
Stop requested for workload. Now Joining!
2026-10-09 00:26:06:796 20 sec: 58973 operations; 3000.2 current ops/sec; est completion in 3 days 22 hours READ count: 29998, average latency(us): 179.69 READ-MODIFY-WRITE count: 15070, average latency(us): 372.69 UPDATE count: 15070, average latency(us): 191.47 
2026-10-09 00:26:06:798 20 sec: 58975 operations; 666.67 current ops/sec; est completion in 3 days 22 hours READ count: 1, average latency(us): 220.00 READ-MODIFY-WRITE count: 1, average latency(us): 691.00 CLEANUP count: 1, average latency(us): 1338.00 UPDATE count: 1, average latency(us): 257.00 


/opt/hostedtoolcache/Java_Temurin-Hotspot_jdk/17.0.20-1/x64/bin/java  -classpath /home/runner/ycsb-mongodb-binding-0.17.0/conf:/home/runner/ycsb-mongodb-binding-0.17.0/lib/HdrHistogram-2.1.4.jar:/home/runner/ycsb-mongodb-binding-0.17.0/lib/core-0.17.0.jar:/home/runner/ycsb-mongodb-binding-0.17.0/lib/htrace-core4-4.1.0-incubating.jar:/home/runner/ycsb-mongodb-binding-0.17.0/lib/jackson-core-asl-1.9.4.jar:/home/runner/ycsb-mongodb-binding-0.17.0/lib/jackson-mapper-asl-1.9.4.jar:/home/runner/ycsb-mongodb-binding-0.17.0/lib/logback-classic-1.1.2.jar:/home/runner/ycsb-mongodb-binding-0.17.0/lib/logback-core-1.1.2.jar:/home/runner/ycsb-mongodb-binding-0.17.0/lib/mongo-java-driver-3.8.0.jar:/home/runner/ycsb-mongodb-binding-0.17.0/lib/mongodb-async-driver-2.0.1.jar:/home/runner/ycsb-mongodb-binding-0.17.0/lib/mongodb-binding-0.17.0.jar:/home/runner/ycsb-mongodb-binding-0.17.0/lib/slf4j-api-1.7.25.jar:/home/runner/ycsb-mongodb-binding-0.17.0/lib/snappy-java-1.1.7.1.jar site.ycsb.Client -t -db site.ycsb.db.MongoDbClient -s -P /home/runner/ycsb-mongodb-binding-0.17.0/workloads/workloadf -p mongodb.url=mongodb://127.0.0.1:27017/ycsb?w=1 -p measurementtype=raw -p measurement.raw.output_file=/home/runner/work/The-Omni-Compass/The-Omni-Compass/out/ycsb-f/rep-3/native/notch-13.raw -p recordcount=250000 -p operationcount=1000000000 -p maxexecutiontime=20 -p target=3000 -p threads=32 -p insertstart=0 -p insertorder=ordered -p requestdistribution=uniform -p seed=100312
mongo client connection created with mongodb://127.0.0.1:27017/ycsb?w=1
Raw data measurement: will output to result file: /home/runner/work/The-Omni-Compass/The-Omni-Compass/out/ycsb-f/rep-3/native/notch-13.raw
Raw data measurement: will output to result file: /home/runner/work/The-Omni-Compass/The-Omni-Compass/out/ycsb-f/rep-3/native/notch-13.raw
Raw data measurement: will output to result file: /home/runner/work/The-Omni-Compass/The-Omni-Compass/out/ycsb-f/rep-3/native/notch-13.raw
Raw data measurement: will output to result file: /home/runner/work/The-Omni-Compass/The-Omni-Compass/out/ycsb-f/rep-3/native/notch-13.raw
[OVERALL], RunTime(ms), 20003
[OVERALL], Throughput(ops/sec), 2947.257911313303
[TOTAL_GCS_G1_Young_Generation], Count, 15
[TOTAL_GC_TIME_G1_Young_Generation], Time(ms), 70
[TOTAL_GC_TIME_%_G1_Young_Generation], Time(%), 0.34994750787381895
[TOTAL_GCS_G1_Old_Generation], Count, 0
[TOTAL_GC_TIME_G1_Old_Generation], Time(ms), 0
[TOTAL_GC_TIME_%_G1_Old_Generation], Time(%), 0.0
[TOTAL_GCs], Count, 15
[TOTAL_GC_TIME], Time(ms), 70
[TOTAL_GC_TIME_%], Time(%), 0.34994750787381895
[READ], Total Operations, 58954
[READ], Below is a summary of latency in microseconds:, -1
[READ], Average, 185.54744376971877
[READ], Min, 126
[READ], Max, 54505
[READ], p1, 146
[READ], p5, 150
[READ], p50, 176
[READ], p90, 216
[READ], p95, 240
[READ], p99, 374
[READ], p99.9, 1154
[READ], p99.99, 5645
[READ], Return=OK, 58954
[READ-MODIFY-WRITE], Total Operations, 29618
[READ-MODIFY-WRITE], Below is a summary of latency in microseconds:, -1
[READ-MODIFY-WRITE], Average, 393.39871024377067
[READ-MODIFY-WRITE], Min, 296
[READ-MODIFY-WRITE], Max, 63390
[READ-MODIFY-WRITE], p1, 308
[READ-MODIFY-WRITE], p5, 322
[READ-MODIFY-WRITE], p50, 370
[READ-MODIFY-WRITE], p90, 457
[READ-MODIFY-WRITE], p95, 509
[READ-MODIFY-WRITE], p99, 806
[READ-MODIFY-WRITE], p99.9, 2281
[READ-MODIFY-WRITE], p99.99, 7651
[CLEANUP], Total Operations, 1
[CLEANUP], Below is a summary of latency in microseconds:, -1
[CLEANUP], Average, 1372.0
[CLEANUP], Min, 1372
[CLEANUP], Max, 1372
[CLEANUP], p1, 1372
[CLEANUP], p5, 1372
[CLEANUP], p50, 1372
[CLEANUP], p90, 1372
[CLEANUP], p95, 1372
[CLEANUP], p99, 1372
[CLEANUP], p99.9, 1372
[CLEANUP], p99.99, 1372
[UPDATE], Total Operations, 29618
[UPDATE], Below is a summary of latency in microseconds:, -1
[UPDATE], Average, 204.86035518941185
[UPDATE], Min, 148
[UPDATE], Max, 7939
[UPDATE], p1, 154
[UPDATE], p5, 169
[UPDATE], p50, 197
[UPDATE], p90, 240
[UPDATE], p95, 266
[UPDATE], p99, 404
[UPDATE], p99.9, 1047
[UPDATE], p99.99, 6948
[UPDATE], Return=OK, 29618

Command line: -t -db site.ycsb.db.MongoDbClient -s -P /home/runner/ycsb-mongodb-binding-0.17.0/workloads/workloadf -p mongodb.url=mongodb://127.0.0.1:27017/ycsb?w=1 -p measurementtype=raw -p measurement.raw.output_file=/home/runner/work/The-Omni-Compass/The-Omni-Compass/out/ycsb-f/rep-3/native/notch-13.raw -p recordcount=250000 -p operationcount=1000000000 -p maxexecutiontime=20 -p target=3000 -p threads=32 -p insertstart=0 -p insertorder=ordered -p requestdistribution=uniform -p seed=100312
YCSB Client 0.17.0

Loading workload...
Starting test.
Maximum execution time specified as: 20 secs
2026-10-09 00:26:07:621 0 sec: 0 operations; est completion in 0 second 
DBWrapper: report latency for each error is false and specific error codes to track for latency are: []
2026-10-09 00:26:17:584 10 sec: 28953 operations; 2895.3 current ops/sec; est completion in 3 days 23 hours READ count: 28954, average latency(us): 198.33 READ-MODIFY-WRITE count: 14494, average latency(us): 420.79 UPDATE count: 14494, average latency(us): 218.29 
Maximum time elapsed. Requesting stop for the workload.
Stop requested for workload. Now Joining!
2026-10-09 00:26:27:584 20 sec: 58952 operations; 2999.9 current ops/sec; est completion in 3 days 22 hours READ count: 29999, average latency(us): 173.21 READ-MODIFY-WRITE count: 15123, average latency(us): 367.12 UPDATE count: 15123, average latency(us): 191.99 
2026-10-09 00:26:27:586 20 sec: 58954 operations; 666.67 current ops/sec; est completion in 3 days 22 hours READ count: 1, average latency(us): 200.00 READ-MODIFY-WRITE count: 1, average latency(us): 754.00 CLEANUP count: 1, average latency(us): 1372.00 UPDATE count: 1, average latency(us): 251.00 


/opt/hostedtoolcache/Java_Temurin-Hotspot_jdk/17.0.20-1/x64/bin/java  -classpath /home/runner/ycsb-mongodb-binding-0.17.0/conf:/home/runner/ycsb-mongodb-binding-0.17.0/lib/HdrHistogram-2.1.4.jar:/home/runner/ycsb-mongodb-binding-0.17.0/lib/core-0.17.0.jar:/home/runner/ycsb-mongodb-binding-0.17.0/lib/htrace-core4-4.1.0-incubating.jar:/home/runner/ycsb-mongodb-binding-0.17.0/lib/jackson-core-asl-1.9.4.jar:/home/runner/ycsb-mongodb-binding-0.17.0/lib/jackson-mapper-asl-1.9.4.jar:/home/runner/ycsb-mongodb-binding-0.17.0/lib/logback-classic-1.1.2.jar:/home/runner/ycsb-mongodb-binding-0.17.0/lib/logback-core-1.1.2.jar:/home/runner/ycsb-mongodb-binding-0.17.0/lib/mongo-java-driver-3.8.0.jar:/home/runner/ycsb-mongodb-binding-0.17.0/lib/mongodb-async-driver-2.0.1.jar:/home/runner/ycsb-mongodb-binding-0.17.0/lib/mongodb-binding-0.17.0.jar:/home/runner/ycsb-mongodb-binding-0.17.0/lib/slf4j-api-1.7.25.jar:/home/runner/ycsb-mongodb-binding-0.17.0/lib/snappy-java-1.1.7.1.jar site.ycsb.Client -t -db site.ycsb.db.MongoDbClient -s -P /home/runner/ycsb-mongodb-binding-0.17.0/workloads/workloadf -p mongodb.url=mongodb://127.0.0.1:27017/ycsb?w=1 -p measurementtype=raw -p measurement.raw.output_file=/home/runner/work/The-Omni-Compass/The-Omni-Compass/out/ycsb-f/rep-3/native/notch-14.raw -p recordcount=500000 -p operationcount=1000000000 -p maxexecutiontime=20 -p target=3000 -p threads=32 -p insertstart=0 -p insertorder=ordered -p requestdistribution=uniform -p seed=100313
mongo client connection created with mongodb://127.0.0.1:27017/ycsb?w=1
Raw data measurement: will output to result file: /home/runner/work/The-Omni-Compass/The-Omni-Compass/out/ycsb-f/rep-3/native/notch-14.raw
Raw data measurement: will output to result file: /home/runner/work/The-Omni-Compass/The-Omni-Compass/out/ycsb-f/rep-3/native/notch-14.raw
Raw data measurement: will output to result file: /home/runner/work/The-Omni-Compass/The-Omni-Compass/out/ycsb-f/rep-3/native/notch-14.raw
Raw data measurement: will output to result file: /home/runner/work/The-Omni-Compass/The-Omni-Compass/out/ycsb-f/rep-3/native/notch-14.raw
[OVERALL], RunTime(ms), 20003
[OVERALL], Throughput(ops/sec), 2950.1074838774184
[TOTAL_GCS_G1_Young_Generation], Count, 15
[TOTAL_GC_TIME_G1_Young_Generation], Time(ms), 69
[TOTAL_GC_TIME_%_G1_Young_Generation], Time(%), 0.3449482577613358
[TOTAL_GCS_G1_Old_Generation], Count, 0
[TOTAL_GC_TIME_G1_Old_Generation], Time(ms), 0
[TOTAL_GC_TIME_%_G1_Old_Generation], Time(%), 0.0
[TOTAL_GCs], Count, 15
[TOTAL_GC_TIME], Time(ms), 69
[TOTAL_GC_TIME_%], Time(%), 0.3449482577613358
[READ], Total Operations, 59011
[READ], Below is a summary of latency in microseconds:, -1
[READ], Average, 190.7307790073037
[READ], Min, 128
[READ], Max, 47043
[READ], p1, 147
[READ], p5, 151
[READ], p50, 183
[READ], p90, 224
[READ], p95, 248
[READ], p99, 376
[READ], p99.9, 1372
[READ], p99.99, 5395
[READ], Return=OK, 59011
[READ-MODIFY-WRITE], Total Operations, 29452
[READ-MODIFY-WRITE], Below is a summary of latency in microseconds:, -1
[READ-MODIFY-WRITE], Average, 403.00013581420615
[READ-MODIFY-WRITE], Min, 299
[READ-MODIFY-WRITE], Max, 10941
[READ-MODIFY-WRITE], p1, 319
[READ-MODIFY-WRITE], p5, 326
[READ-MODIFY-WRITE], p50, 382
[READ-MODIFY-WRITE], p90, 462
[READ-MODIFY-WRITE], p95, 525
[READ-MODIFY-WRITE], p99, 820
[READ-MODIFY-WRITE], p99.9, 3249
[READ-MODIFY-WRITE], p99.99, 9273
[CLEANUP], Total Operations, 1
[CLEANUP], Below is a summary of latency in microseconds:, -1
[CLEANUP], Average, 1392.0
[CLEANUP], Min, 1392
[CLEANUP], Max, 1392
[CLEANUP], p1, 1392
[CLEANUP], p5, 1392
[CLEANUP], p50, 1392
[CLEANUP], p90, 1392
[CLEANUP], p95, 1392
[CLEANUP], p99, 1392
[CLEANUP], p99.9, 1392
[CLEANUP], p99.99, 1392
[UPDATE], Total Operations, 29452
[UPDATE], Below is a summary of latency in microseconds:, -1
[UPDATE], Average, 210.5902824935488
[UPDATE], Min, 151
[UPDATE], Max, 9616
[UPDATE], p1, 167
[UPDATE], p5, 171
[UPDATE], p50, 203
[UPDATE], p90, 242
[UPDATE], p95, 271
[UPDATE], p99, 410
[UPDATE], p99.9, 1942
[UPDATE], p99.99, 6916
[UPDATE], Return=OK, 29452

Command line: -t -db site.ycsb.db.MongoDbClient -s -P /home/runner/ycsb-mongodb-binding-0.17.0/workloads/workloadf -p mongodb.url=mongodb://127.0.0.1:27017/ycsb?w=1 -p measurementtype=raw -p measurement.raw.output_file=/home/runner/work/The-Omni-Compass/The-Omni-Compass/out/ycsb-f/rep-3/native/notch-14.raw -p recordcount=500000 -p operationcount=1000000000 -p maxexecutiontime=20 -p target=3000 -p threads=32 -p insertstart=0 -p insertorder=ordered -p requestdistribution=uniform -p seed=100313
YCSB Client 0.17.0

Loading workload...
Starting test.
Maximum execution time specified as: 20 secs
2026-10-09 00:26:28:451 0 sec: 0 operations; est completion in 0 second 
DBWrapper: report latency for each error is false and specific error codes to track for latency are: []
2026-10-09 00:26:38:405 10 sec: 29009 operations; 2900.9 current ops/sec; est completion in 3 days 23 hours READ count: 29011, average latency(us): 204.68 READ-MODIFY-WRITE count: 14450, average latency(us): 431.97 UPDATE count: 14450, average latency(us): 225.04 
Maximum time elapsed. Requesting stop for the workload.
Stop requested for workload. Now Joining!
2026-10-09 00:26:48:405 20 sec: 59008 operations; 2999.9 current ops/sec; est completion in 3 days 22 hours READ count: 29999, average latency(us): 177.24 READ-MODIFY-WRITE count: 15001, average latency(us): 375.07 UPDATE count: 15001, average latency(us): 196.67 
2026-10-09 00:26:48:408 20 sec: 59011 operations; 1000 current ops/sec; est completion in 3 days 22 hours READ count: 1, average latency(us): 211.00 READ-MODIFY-WRITE count: 1, average latency(us): 763.00 CLEANUP count: 1, average latency(us): 1392.00 UPDATE count: 1, average latency(us): 266.00 


/opt/hostedtoolcache/Java_Temurin-Hotspot_jdk/17.0.20-1/x64/bin/java  -classpath /home/runner/ycsb-mongodb-binding-0.17.0/conf:/home/runner/ycsb-mongodb-binding-0.17.0/lib/HdrHistogram-2.1.4.jar:/home/runner/ycsb-mongodb-binding-0.17.0/lib/core-0.17.0.jar:/home/runner/ycsb-mongodb-binding-0.17.0/lib/htrace-core4-4.1.0-incubating.jar:/home/runner/ycsb-mongodb-binding-0.17.0/lib/jackson-core-asl-1.9.4.jar:/home/runner/ycsb-mongodb-binding-0.17.0/lib/jackson-mapper-asl-1.9.4.jar:/home/runner/ycsb-mongodb-binding-0.17.0/lib/logback-classic-1.1.2.jar:/home/runner/ycsb-mongodb-binding-0.17.0/lib/logback-core-1.1.2.jar:/home/runner/ycsb-mongodb-binding-0.17.0/lib/mongo-java-driver-3.8.0.jar:/home/runner/ycsb-mongodb-binding-0.17.0/lib/mongodb-async-driver-2.0.1.jar:/home/runner/ycsb-mongodb-binding-0.17.0/lib/mongodb-binding-0.17.0.jar:/home/runner/ycsb-mongodb-binding-0.17.0/lib/slf4j-api-1.7.25.jar:/home/runner/ycsb-mongodb-binding-0.17.0/lib/snappy-java-1.1.7.1.jar site.ycsb.Client -t -db site.ycsb.db.MongoDbClient -s -P /home/runner/ycsb-mongodb-binding-0.17.0/workloads/workloadf -p mongodb.url=mongodb://127.0.0.1:27017/ycsb?w=1 -p measurementtype=raw -p measurement.raw.output_file=/home/runner/work/The-Omni-Compass/The-Omni-Compass/out/ycsb-f/rep-3/native/notch-15.raw -p recordcount=250000 -p operationcount=1000000000 -p maxexecutiontime=20 -p target=3000 -p threads=32 -p insertstart=0 -p insertorder=ordered -p requestdistribution=uniform -p seed=100314
mongo client connection created with mongodb://127.0.0.1:27017/ycsb?w=1
Raw data measurement: will output to result file: /home/runner/work/The-Omni-Compass/The-Omni-Compass/out/ycsb-f/rep-3/native/notch-15.raw
Raw data measurement: will output to result file: /home/runner/work/The-Omni-Compass/The-Omni-Compass/out/ycsb-f/rep-3/native/notch-15.raw
Raw data measurement: will output to result file: /home/runner/work/The-Omni-Compass/The-Omni-Compass/out/ycsb-f/rep-3/native/notch-15.raw
Raw data measurement: will output to result file: /home/runner/work/The-Omni-Compass/The-Omni-Compass/out/ycsb-f/rep-3/native/notch-15.raw
[OVERALL], RunTime(ms), 20003
[OVERALL], Throughput(ops/sec), 2946.658001299805
[TOTAL_GCS_G1_Young_Generation], Count, 15
[TOTAL_GC_TIME_G1_Young_Generation], Time(ms), 70
[TOTAL_GC_TIME_%_G1_Young_Generation], Time(%), 0.34994750787381895
[TOTAL_GCS_G1_Old_Generation], Count, 0
[TOTAL_GC_TIME_G1_Old_Generation], Time(ms), 0
[TOTAL_GC_TIME_%_G1_Old_Generation], Time(%), 0.0
[TOTAL_GCs], Count, 15
[TOTAL_GC_TIME], Time(ms), 70
[TOTAL_GC_TIME_%], Time(%), 0.34994750787381895
[READ], Total Operations, 58942
[READ], Below is a summary of latency in microseconds:, -1
[READ], Average, 186.64383631366428
[READ], Min, 124
[READ], Max, 54153
[READ], p1, 146
[READ], p5, 150
[READ], p50, 179
[READ], p90, 218
[READ], p95, 242
[READ], p99, 360
[READ], p99.9, 1358
[READ], p99.99, 5551
[READ], Return=OK, 58942
[READ-MODIFY-WRITE], Total Operations, 29215
[READ-MODIFY-WRITE], Below is a summary of latency in microseconds:, -1
[READ-MODIFY-WRITE], Average, 393.1931199726168
[READ-MODIFY-WRITE], Min, 295
[READ-MODIFY-WRITE], Max, 10185
[READ-MODIFY-WRITE], p1, 309
[READ-MODIFY-WRITE], p5, 320
[READ-MODIFY-WRITE], p50, 380
[READ-MODIFY-WRITE], p90, 458
[READ-MODIFY-WRITE], p95, 511
[READ-MODIFY-WRITE], p99, 786
[READ-MODIFY-WRITE], p99.9, 2531
[READ-MODIFY-WRITE], p99.99, 8869
[CLEANUP], Total Operations, 1
[CLEANUP], Below is a summary of latency in microseconds:, -1
[CLEANUP], Average, 1449.0
[CLEANUP], Min, 1449
[CLEANUP], Max, 1449
[CLEANUP], p1, 1449
[CLEANUP], p5, 1449
[CLEANUP], p50, 1449
[CLEANUP], p90, 1449
[CLEANUP], p95, 1449
[CLEANUP], p99, 1449
[CLEANUP], p99.9, 1449
[CLEANUP], p99.99, 1449
[UPDATE], Total Operations, 29215
[UPDATE], Below is a summary of latency in microseconds:, -1
[UPDATE], Average, 204.39496833818245
[UPDATE], Min, 148
[UPDATE], Max, 6982
[UPDATE], p1, 155
[UPDATE], p5, 168
[UPDATE], p50, 199
[UPDATE], p90, 240
[UPDATE], p95, 265
[UPDATE], p99, 390
[UPDATE], p99.9, 989
[UPDATE], p99.99, 6044
[UPDATE], Return=OK, 29215

Command line: -t -db site.ycsb.db.MongoDbClient -s -P /home/runner/ycsb-mongodb-binding-0.17.0/workloads/workloadf -p mongodb.url=mongodb://127.0.0.1:27017/ycsb?w=1 -p measurementtype=raw -p measurement.raw.output_file=/home/runner/work/The-Omni-Compass/The-Omni-Compass/out/ycsb-f/rep-3/native/notch-15.raw -p recordcount=250000 -p operationcount=1000000000 -p maxexecutiontime=20 -p target=3000 -p threads=32 -p insertstart=0 -p insertorder=ordered -p requestdistribution=uniform -p seed=100314
YCSB Client 0.17.0

Loading workload...
Starting test.
Maximum execution time specified as: 20 secs
2026-10-09 00:26:49:250 0 sec: 0 operations; est completion in 0 second 
DBWrapper: report latency for each error is false and specific error codes to track for latency are: []
2026-10-09 00:26:59:211 10 sec: 28940 operations; 2893.71 current ops/sec; est completion in 3 days 23 hours READ count: 28942, average latency(us): 199.59 READ-MODIFY-WRITE count: 14317, average latency(us): 420.37 UPDATE count: 14317, average latency(us): 218.29 
Maximum time elapsed. Requesting stop for the workload.
Stop requested for workload. Now Joining!
2026-10-09 00:27:09:211 20 sec: 58939 operations; 3000.2 current ops/sec; est completion in 3 days 22 hours READ count: 29999, average latency(us): 174.16 READ-MODIFY-WRITE count: 14898, average latency(us): 367.08 UPDATE count: 14898, average latency(us): 191.05 
2026-10-09 00:27:09:213 20 sec: 58942 operations; 1000 current ops/sec; est completion in 3 days 22 hours READ count: 1, average latency(us): 219.00  CLEANUP count: 1, average latency(us): 1449.00  
