sysbench 1.0.20 (using system LuaJIT 2.1.0-beta3)

Running the test with following options:
Number of threads: 32
Target transaction rate: 1000/sec
Initializing random number generator from current time


Initializing worker threads...

Threads started!

Latency histogram (values are in milliseconds)
       value  ------------- distribution ------------- count
       0.536 |                                         1
       0.619 |                                         1
       0.630 |                                         1
       0.642 |*                                        3
       0.654 |*                                        3
       0.665 |***                                      13
       0.677 |**                                       9
       0.690 |***                                      16
       0.702 |******                                   28
       0.715 |*****                                    25
       0.728 |*******                                  37
       0.741 |**********                               48
       0.755 |*************                            67
       0.768 |*************                            66
       0.782 |************                             62
       0.797 |**************                           70
       0.811 |******************                       89
       0.826 |****************                         81
       0.841 |******************                       89
       0.856 |******************                       90
       0.872 |**********************                   113
       0.888 |**************************               129
       0.904 |******************************           149
       0.920 |*********************************        167
       0.937 |************************************     181
       0.954 |************************************     182
       0.971 |**************************************** 202
       0.989 |*************************************    189
       1.007 |**************************************   193
       1.025 |************************************     181
       1.044 |**********************************       174
       1.063 |*************************************    188
       1.082 |***********************************      179
       1.102 |*********************************        167
       1.122 |**********************************       172
       1.142 |*******************************          155
       1.163 |*****************************            144
       1.184 |*****************************            145
       1.205 |*************************                128
       1.227 |*************************                127
       1.250 |************************                 122
       1.272 |*********************                    108
       1.295 |********************                     100
       1.319 |**********************                   110
       1.343 |*******************                      98
       1.367 |****************                         80
       1.392 |****************                         83
       1.417 |**************                           73
       1.443 |****************                         79
       1.469 |***********                              58
       1.496 |*************                            65
       1.523 |**********                               52
       1.551 |***********                              54
       1.579 |**********                               50
       1.608 |**********                               49
       1.637 |**********                               50
       1.667 |********                                 41
       1.697 |**********                               53
       1.728 |*********                                44
       1.759 |**********                               49
       1.791 |********                                 41
       1.824 |******                                   31
       1.857 |*******                                  37
       1.891 |*********                                46
       1.925 |*******                                  36
       1.960 |******                                   28
       1.996 |*******                                  37
       2.032 |*****                                    24
       2.069 |*******                                  34
       2.106 |********                                 41
       2.145 |******                                   30
       2.184 |******                                   29
       2.223 |*****                                    25
       2.264 |******                                   30
       2.305 |****                                     21
       2.347 |******                                   28
       2.389 |******                                   32
       2.433 |****                                     20
       2.477 |****                                     21
       2.522 |*****                                    24
       2.568 |*****                                    23
       2.615 |****                                     22
       2.662 |****                                     21
       2.710 |****                                     20
       2.760 |****                                     20
       2.810 |***                                      14
       2.861 |****                                     21
       2.913 |*****                                    23
       2.966 |*****                                    25
       3.020 |****                                     18
       3.075 |*****                                    27
       3.130 |*****                                    26
       3.187 |***                                      16
       3.245 |****                                     20
       3.304 |*****                                    25
       3.364 |****                                     21
       3.425 |***                                      17
       3.488 |**                                       12
       3.551 |*****                                    24
       3.615 |****                                     21
       3.681 |****                                     22
       3.748 |*****                                    24
       3.816 |****                                     18
       3.885 |****                                     21
       3.956 |****                                     19
       4.028 |**                                       12
       4.101 |***                                      17
       4.176 |***                                      16
       4.252 |*****                                    25
       4.329 |***                                      17
       4.407 |*****                                    25
       4.487 |****                                     20
       4.569 |*****                                    26
       4.652 |***                                      17
       4.737 |****                                     18
       4.823 |*****                                    25
       4.910 |***                                      14
       4.999 |***                                      16
       5.090 |*****                                    24
       5.183 |*                                        4
       5.277 |****                                     21
       5.373 |****                                     21
       5.470 |****                                     19
       5.570 |*****                                    24
       5.671 |****                                     22
       5.774 |*****                                    25
       5.879 |**                                       12
       5.986 |***                                      16
       6.095 |****                                     22
       6.205 |***                                      13
       6.318 |****                                     20
       6.433 |*****                                    24
       6.550 |****                                     22
       6.669 |**                                       12
       6.790 |***                                      17
       6.913 |*****                                    25
       7.039 |****                                     20
       7.167 |*****                                    24
       7.297 |****                                     20
       7.430 |****                                     22
       7.565 |******                                   28
       7.702 |******                                   30
       7.842 |******                                   32
       7.985 |*****                                    26
       8.130 |******                                   29
       8.277 |*****                                    24
       8.428 |*****                                    26
       8.581 |******                                   28
       8.737 |***                                      17
       8.895 |*****                                    24
       9.057 |*****                                    25
       9.222 |*******                                  34
       9.389 |*****                                    26
       9.560 |******                                   28
       9.734 |********                                 42
       9.910 |******                                   28
      10.090 |*******                                  35
      10.274 |******                                   31
      10.460 |*******                                  36
      10.651 |*****                                    26
      10.844 |******                                   28
      11.041 |*******                                  34
      11.242 |******                                   29
      11.446 |*****                                    27
      11.654 |*****                                    23
      11.866 |******                                   32
      12.081 |******                                   29
      12.301 |****                                     22
      12.524 |*******                                  36
      12.752 |*******                                  36
      12.984 |*******                                  36
      13.219 |********                                 41
      13.460 |********                                 42
      13.704 |*******                                  34
      13.953 |*******                                  37
      14.207 |*********                                43
      14.465 |*********                                44
      14.728 |*******                                  35
      14.995 |*********                                45
      15.268 |*********                                45
      15.545 |*******                                  36
      15.828 |**********                               48
      16.115 |********                                 41
      16.408 |*******                                  35
      16.706 |**********                               49
      17.010 |*********                                46
      17.319 |***********                              57
      17.633 |*******                                  37
      17.954 |*********                                43
      18.280 |*********                                46
      18.612 |********                                 39
      18.950 |*********                                44
      19.295 |**********                               52
      19.645 |**********                               49
      20.002 |*********                                47
      20.366 |**********                               50
      20.736 |**********                               52
      21.112 |********                                 42
      21.496 |*********                                47
      21.886 |**********                               50
      22.284 |***********                              54
      22.689 |**********                               48
      23.101 |*************                            67
      23.521 |*********                                44
      23.948 |********                                 42
      24.384 |**********                               53
      24.827 |**************                           69
      25.278 |**********                               50
      25.737 |*************                            68
      26.205 |**************                           71
      26.681 |**********                               48
      27.165 |**********                               52
      27.659 |************                             59
      28.162 |*********                                47
      28.673 |***********                              56
      29.194 |*************                            65
      29.725 |************                             63
      30.265 |**********                               52
      30.815 |**************                           73
      31.375 |***********                              56
      31.945 |*************                            64
      32.525 |***************                          78
      33.116 |************                             59
      33.718 |***********                              55
      34.330 |***************                          76
      34.954 |**************                           70
      35.589 |**************                           69
      36.236 |***************                          78
      36.894 |*************                            64
      37.565 |***************                          75
      38.247 |**************                           69
      38.942 |**************                           71
      39.650 |***************                          77
      40.370 |************                             63
      41.104 |**************                           70
      41.851 |***************                          74
      42.611 |**************                           73
      43.385 |***************                          75
      44.173 |*****************                        84
      44.976 |**************                           72
      45.793 |***************                          77
      46.625 |***************                          77
      47.472 |**************                           70
      48.335 |***************                          74
      49.213 |*****************                        86
      50.107 |**************                           71
      51.018 |****************                         81
      51.945 |***************                          76
      52.889 |***************                          78
      53.850 |*****************                        86
      54.828 |******************                       93
      55.824 |*****************                        85
      56.839 |********************                     101
      57.871 |***************                          76
      58.923 |****************                         82
      59.993 |********************                     100
      61.083 |*****************                        88
      62.193 |*****************                        86
      63.323 |******************                       89
      64.474 |*********************                    105
      65.645 |*********************                    104
      66.838 |******************                       92
      68.053 |********************                     102
      69.289 |**********************                   110
      70.548 |********************                     103
      71.830 |*******************                      98
      73.135 |******************                       93
      74.464 |******************                       90
      75.817 |****************                         82
      77.194 |*******************                      98
      78.597 |******************                       92
      80.025 |*****************                        88
      81.479 |****************                         80
      82.959 |***************                          78
      84.467 |***************                          76
      86.002 |******************                       90
      87.564 |****************                         80
      89.155 |*****************                        87
      90.775 |*****************                        84
      92.424 |****************                         79
      94.104 |**************                           69
      95.814 |***************                          75
      97.555 |******************                       90
      99.327 |****************                         79
     101.132 |*************                            64
     102.969 |**************                           69
     104.840 |**************                           71
     106.745 |*************                            65
     108.685 |*************                            67
     110.659 |**************                           72
     112.670 |*************                            64
     114.717 |*****************                        85
     116.802 |**************                           72
     118.924 |****************                         80
     121.085 |***************                          74
     123.285 |**************                           73
     125.525 |****************                         81
     127.805 |*************                            68
     130.128 |*************                            68
     132.492 |*************                            64
     134.899 |*************                            64
     137.350 |************                             61
     139.846 |*************                            64
     142.387 |**************                           69
     144.974 |**********                               51
     147.608 |**************                           70
     150.290 |***********                              57
     153.021 |****************                         80
     155.801 |*************                            68
     158.632 |**************                           72
     161.514 |*************                            65
     164.449 |**************                           69
     167.437 |**********                               49
     170.479 |****************                         82
     173.577 |***********                              55
     176.731 |***********                              58
     179.942 |********                                 41
     183.211 |********                                 38
     186.540 |***                                      16
     189.929 |****                                     21
     193.380 |******                                   29
     196.894 |*******                                  37
     200.472 |****                                     21
     204.114 |****                                     22
     207.823 |****                                     22
     211.599 |*****                                    25
     215.443 |*****                                    23
     219.358 |****                                     21
     223.344 |*****                                    24
     227.402 |****                                     20
     231.534 |*****                                    24
     235.740 |****                                     19
     240.024 |****                                     19
     244.385 |**                                       9
     248.825 |****                                     22
     253.346 |**                                       10
     257.950 |*                                        7
     262.636 |**                                       9
     267.408 |**                                       11
     272.267 |**                                       10
     277.214 |***                                      13
     282.251 |***                                      15
     287.379 |**                                       10
     292.601 |*                                        6
     297.917 |***                                      14
     303.330 |***                                      13
     308.842 |***                                      14
     314.453 |**                                       11
     320.167 |***                                      13
     325.984 |**                                       12
     331.907 |**                                       9
     337.938 |***                                      16
     344.078 |**                                       8
     350.330 |**                                       12
     356.695 |***                                      17
     363.176 |***                                      16
     369.775 |***                                      16
     376.494 |***                                      16
     383.334 |*                                        5
     390.299 |**                                       11
     397.391 |**                                       10
     404.611 |**                                       12
     411.963 |*                                        7
     419.448 |*                                        5
     427.069 |*                                        7
     434.829 |**                                       10
     442.730 |**                                       10
     450.774 |*                                        3
     458.964 |**                                       12
     467.304 |**                                       12
     475.794 |***                                      17
     484.439 |****                                     20
     493.242 |*******                                  37
     502.204 |******                                   30
     511.328 |****                                     20
     520.619 |****                                     22
     530.078 |*******                                  34
     539.710 |******                                   32
     549.516 |*********                                43
     559.501 |*********                                47
     569.667 |**************                           71
     580.017 |**********                               52
     590.556 |*******                                  34
     601.286 |*****                                    23
     612.211 |******                                   30
     623.335 |********                                 38
     634.661 |**********                               50
     646.192 |**********                               51
     657.933 |************                             63
     669.888 |*********                                45
     682.059 |********                                 38
     694.452 |*******                                  35
     707.070 |*******                                  33
     719.917 |******                                   29
     732.998 |*******                                  34
     746.316 |**                                       12
     759.876 |***                                      17
     773.683 |******                                   31
     787.741 |****                                     22
     802.053 |****                                     22
     816.626 |*****                                    25
     831.464 |******                                   31
     846.572 |***                                      17
     861.954 |*****                                    27
     877.615 |*******                                  33
     893.561 |******                                   31
     909.797 |****                                     20
     926.327 |*****                                    24
     943.158 |***                                      15
     960.295 |*****                                    24
     977.743 |***                                      14
 
SQL statistics:
    queries performed:
        read:                            0
        write:                           20129
        other:                           0
        total:                           20129
    transactions:                        20129  (1004.27 per sec.)
    queries:                             20129  (1004.27 per sec.)
    ignored errors:                      0      (0.00 per sec.)
    reconnects:                          0      (0.00 per sec.)

General statistics:
    total time:                          20.0423s
    total number of events:              20129

Latency (ms):
         min:                                    0.54
         avg:                                   88.61
         max:                                  978.09
         95th percentile:                      559.50
         sum:                              1783644.91

Threads fairness:
    events (avg/stddev):           629.0312/5.53
    execution time (avg/stddev):   55.7389/1.18


