sysbench 1.0.20 (using system LuaJIT 2.1.0-beta3)

Running the test with following options:
Number of threads: 32
Target transaction rate: 3000/sec
Initializing random number generator from current time


Initializing worker threads...

Threads started!

Latency histogram (values are in milliseconds)
       value  ------------- distribution ------------- count
       0.125 |                                         1
       0.127 |                                         2
       0.129 |                                         5
       0.132 |                                         4
       0.134 |                                         7
       0.136 |                                         13
       0.139 |                                         22
       0.141 |*                                        48
       0.144 |*                                        74
       0.147 |**                                       126
       0.149 |***                                      231
       0.152 |*****                                    311
       0.155 |******                                   438
       0.158 |********                                 563
       0.160 |***********                              731
       0.163 |*************                            909
       0.166 |**************                           989
       0.169 |****************                         1118
       0.172 |*******************                      1296
       0.176 |********************                     1364
       0.179 |*********************                    1428
       0.182 |*************************                1712
       0.185 |****************************             1897
       0.189 |********************************         2214
       0.192 |***********************************      2434
       0.196 |**************************************   2635
       0.199 |**************************************** 2752
       0.203 |***************************************  2684
       0.206 |**************************************** 2724
       0.210 |************************************     2498
       0.214 |********************************         2191
       0.218 |******************************           2054
       0.222 |**************************               1780
       0.226 |************************                 1652
       0.230 |*********************                    1478
       0.234 |*******************                      1337
       0.238 |*****************                        1154
       0.243 |**************                           976
       0.247 |*************                            869
       0.252 |***********                              785
       0.256 |**********                               680
       0.261 |********                                 561
       0.266 |*******                                  481
       0.270 |******                                   442
       0.275 |*****                                    366
       0.280 |*****                                    324
       0.285 |***                                      236
       0.291 |***                                      229
       0.296 |***                                      209
       0.301 |***                                      203
       0.307 |***                                      189
       0.312 |**                                       166
       0.318 |**                                       147
       0.324 |**                                       154
       0.330 |***                                      172
       0.336 |***                                      188
       0.342 |***                                      236
       0.348 |****                                     287
       0.354 |****                                     282
       0.361 |*****                                    350
       0.367 |******                                   387
       0.374 |*******                                  454
       0.381 |********                                 521
       0.388 |********                                 552
       0.395 |********                                 542
       0.402 |********                                 542
       0.409 |********                                 527
       0.417 |*******                                  510
       0.424 |*******                                  512
       0.432 |******                                   417
       0.440 |*****                                    378
       0.448 |*****                                    350
       0.456 |****                                     302
       0.464 |****                                     280
       0.473 |***                                      228
       0.481 |***                                      197
       0.490 |***                                      205
       0.499 |**                                       168
       0.508 |**                                       130
       0.517 |**                                       127
       0.527 |*                                        91
       0.536 |*                                        97
       0.546 |*                                        76
       0.556 |*                                        70
       0.566 |*                                        54
       0.576 |*                                        47
       0.587 |*                                        57
       0.597 |*                                        43
       0.608 |*                                        42
       0.619 |                                         27
       0.630 |                                         24
       0.642 |                                         30
       0.654 |                                         26
       0.665 |                                         17
       0.677 |                                         15
       0.690 |                                         18
       0.702 |                                         13
       0.715 |                                         10
       0.728 |                                         13
       0.741 |                                         9
       0.755 |                                         8
       0.768 |                                         7
       0.782 |                                         9
       0.797 |                                         8
       0.811 |                                         5
       0.826 |                                         4
       0.841 |                                         6
       0.856 |                                         4
       0.872 |                                         3
       0.888 |                                         4
       0.904 |                                         3
       0.920 |                                         4
       0.937 |                                         5
       0.954 |                                         3
       0.971 |                                         6
       0.989 |                                         2
       1.007 |                                         2
       1.044 |                                         4
       1.063 |                                         6
       1.082 |                                         3
       1.102 |                                         3
       1.122 |                                         4
       1.142 |                                         1
       1.163 |                                         1
       1.184 |                                         2
       1.205 |                                         2
       1.227 |                                         2
       1.250 |                                         4
       1.272 |                                         3
       1.295 |                                         2
       1.319 |                                         4
       1.343 |                                         2
       1.367 |                                         1
       1.392 |                                         4
       1.417 |                                         3
       1.443 |                                         2
       1.469 |                                         1
       1.496 |                                         4
       1.523 |                                         6
       1.551 |                                         3
       1.579 |                                         3
       1.637 |                                         5
       1.667 |                                         3
       1.697 |                                         2
       1.728 |                                         5
       1.759 |                                         4
       1.791 |                                         4
       1.824 |                                         2
       1.857 |                                         2
       1.891 |                                         2
       1.925 |                                         3
       1.960 |                                         5
       1.996 |                                         1
       2.069 |                                         1
       2.106 |                                         5
       2.145 |                                         3
       2.184 |                                         1
       2.223 |                                         2
       2.264 |                                         1
       2.305 |                                         3
       2.347 |                                         2
       2.389 |                                         2
       2.433 |                                         1
       2.477 |                                         4
       2.522 |                                         2
       2.568 |                                         1
       2.615 |                                         1
       2.662 |                                         3
       2.710 |                                         2
       2.760 |                                         2
       2.810 |                                         1
       2.861 |                                         2
       2.913 |                                         1
       2.966 |                                         1
       3.020 |                                         1
       3.075 |                                         2
       3.130 |                                         2
       3.187 |                                         1
       3.245 |                                         1
       3.304 |                                         1
       3.364 |                                         2
       3.425 |                                         2
       3.551 |                                         2
       3.615 |                                         1
       3.681 |                                         1
       3.748 |                                         1
       3.816 |                                         1
       3.885 |                                         1
       4.028 |                                         1
       4.101 |                                         2
       4.176 |                                         3
       4.252 |                                         1
       4.329 |                                         4
       4.407 |                                         1
       4.487 |                                         1
       4.910 |                                         1
       5.373 |                                         1
       5.671 |                                         1
       6.318 |                                         1
       6.433 |                                         1
 
SQL statistics:
    queries performed:
        read:                            59785
        write:                           0
        other:                           0
        total:                           59785
    transactions:                        59785  (2986.50 per sec.)
    queries:                             59785  (2986.50 per sec.)
    ignored errors:                      0      (0.00 per sec.)
    reconnects:                          0      (0.00 per sec.)

General statistics:
    total time:                          20.0180s
    total number of events:              59785

Latency (ms):
         min:                                    0.12
         avg:                                    0.25
         max:                                    6.49
         95th percentile:                        0.45
         sum:                                14898.32

Threads fairness:
    events (avg/stddev):           1868.2812/10.49
    execution time (avg/stddev):   0.4656/0.01


