sysbench 1.0.20 (using system LuaJIT 2.1.0-beta3)

Running the test with following options:
Number of threads: 32
Target transaction rate: 3000/sec
Initializing random number generator from current time


Initializing worker threads...

Threads started!

Latency histogram (values are in milliseconds)
       value  ------------- distribution ------------- count
       0.120 |                                         1
       0.125 |                                         2
       0.127 |                                         2
       0.129 |                                         7
       0.132 |                                         12
       0.134 |                                         17
       0.136 |                                         35
       0.139 |*                                        46
       0.141 |**                                       121
       0.144 |***                                      211
       0.147 |****                                     310
       0.149 |*******                                  485
       0.152 |*********                                606
       0.155 |**********                               699
       0.158 |************                             870
       0.160 |***************                          1046
       0.163 |****************                         1146
       0.166 |******************                       1267
       0.169 |*******************                      1321
       0.172 |********************                     1440
       0.176 |**********************                   1550
       0.179 |***************************              1900
       0.182 |*******************************          2188
       0.185 |*************************************    2615
       0.189 |**************************************   2725
       0.192 |***************************************  2797
       0.196 |**************************************** 2851
       0.199 |**************************************   2734
       0.203 |**************************************   2705
       0.206 |**********************************       2456
       0.210 |******************************           2147
       0.214 |****************************             1971
       0.218 |************************                 1739
       0.222 |***********************                  1617
       0.226 |*******************                      1371
       0.230 |*****************                        1189
       0.234 |***************                          1046
       0.238 |************                             867
       0.243 |**********                               746
       0.247 |*********                                614
       0.252 |********                                 553
       0.256 |******                                   441
       0.261 |****                                     316
       0.266 |****                                     302
       0.270 |***                                      248
       0.275 |***                                      227
       0.280 |***                                      214
       0.285 |***                                      200
       0.291 |**                                       170
       0.296 |**                                       151
       0.301 |***                                      180
       0.307 |**                                       152
       0.312 |**                                       128
       0.318 |**                                       151
       0.324 |**                                       131
       0.330 |**                                       172
       0.336 |***                                      184
       0.342 |**                                       170
       0.348 |***                                      226
       0.354 |****                                     255
       0.361 |****                                     303
       0.367 |*****                                    380
       0.374 |******                                   415
       0.381 |*******                                  487
       0.388 |*******                                  488
       0.395 |*******                                  486
       0.402 |********                                 576
       0.409 |*******                                  520
       0.417 |*******                                  493
       0.424 |******                                   444
       0.432 |******                                   416
       0.440 |******                                   417
       0.448 |*****                                    355
       0.456 |*****                                    341
       0.464 |****                                     291
       0.473 |***                                      244
       0.481 |***                                      192
       0.490 |***                                      200
       0.499 |**                                       163
       0.508 |**                                       112
       0.517 |**                                       120
       0.527 |*                                        92
       0.536 |*                                        95
       0.546 |*                                        68
       0.556 |*                                        64
       0.566 |*                                        67
       0.576 |*                                        53
       0.587 |*                                        45
       0.597 |                                         35
       0.608 |*                                        40
       0.619 |*                                        39
       0.630 |                                         34
       0.642 |                                         20
       0.654 |                                         16
       0.665 |                                         14
       0.677 |                                         20
       0.690 |                                         16
       0.702 |                                         19
       0.715 |                                         13
       0.728 |                                         10
       0.741 |                                         9
       0.755 |                                         5
       0.768 |                                         4
       0.782 |                                         9
       0.797 |                                         7
       0.811 |                                         14
       0.826 |                                         5
       0.841 |                                         7
       0.856 |                                         4
       0.872 |                                         1
       0.888 |                                         3
       0.904 |                                         3
       0.920 |                                         2
       0.937 |                                         5
       0.954 |                                         3
       0.971 |                                         4
       0.989 |                                         2
       1.025 |                                         5
       1.044 |                                         2
       1.063 |                                         3
       1.082 |                                         1
       1.102 |                                         3
       1.122 |                                         5
       1.142 |                                         2
       1.163 |                                         3
       1.205 |                                         2
       1.227 |                                         4
       1.250 |                                         1
       1.272 |                                         1
       1.295 |                                         2
       1.319 |                                         3
       1.343 |                                         2
       1.367 |                                         2
       1.392 |                                         1
       1.417 |                                         2
       1.443 |                                         4
       1.469 |                                         2
       1.496 |                                         3
       1.523 |                                         3
       1.551 |                                         1
       1.579 |                                         1
       1.608 |                                         3
       1.637 |                                         2
       1.667 |                                         1
       1.697 |                                         2
       1.728 |                                         2
       1.759 |                                         2
       1.791 |                                         4
       1.824 |                                         5
       1.857 |                                         3
       1.891 |                                         2
       1.925 |                                         5
       1.960 |                                         3
       1.996 |                                         3
       2.032 |                                         2
       2.069 |                                         1
       2.145 |                                         2
       2.184 |                                         1
       2.264 |                                         3
       2.305 |                                         4
       2.347 |                                         6
       2.389 |                                         2
       2.433 |                                         1
       2.477 |                                         3
       2.522 |                                         1
       2.568 |                                         2
       2.710 |                                         2
       2.760 |                                         1
       2.861 |                                         1
       2.913 |                                         1
       2.966 |                                         1
       3.020 |                                         1
       3.075 |                                         1
       3.187 |                                         1
       3.245 |                                         1
       3.425 |                                         3
       3.615 |                                         1
       3.681 |                                         2
       3.748 |                                         1
       3.816 |                                         1
       3.956 |                                         1
       4.028 |                                         2
       4.101 |                                         1
       4.176 |                                         2
       4.252 |                                         1
       4.407 |                                         1
       4.569 |                                         1
       4.910 |                                         1
       4.999 |                                         1
       5.090 |                                         3
       5.986 |                                         1
       6.095 |                                         1
       6.790 |                                         1
       7.297 |                                         1
       8.737 |                                         1
       8.895 |                                         1
       9.222 |                                         1
       9.389 |                                         1
      10.090 |                                         1
      10.844 |                                         1
      11.041 |                                         2
      11.654 |                                         1
      11.866 |                                         2
      12.081 |                                         1
      12.301 |                                         2
      12.524 |                                         1
      12.984 |                                         1
 
SQL statistics:
    queries performed:
        read:                            60508
        write:                           0
        other:                           0
        total:                           60508
    transactions:                        60508  (3022.80 per sec.)
    queries:                             60508  (3022.80 per sec.)
    ignored errors:                      0      (0.00 per sec.)
    reconnects:                          0      (0.00 per sec.)

General statistics:
    total time:                          20.0168s
    total number of events:              60508

Latency (ms):
         min:                                    0.12
         avg:                                    0.24
         max:                                   12.96
         95th percentile:                        0.45
         sum:                                14744.22

Threads fairness:
    events (avg/stddev):           1890.8750/14.51
    execution time (avg/stddev):   0.4608/0.01


