sysbench 1.0.20 (using system LuaJIT 2.1.0-beta3)

Running the test with following options:
Number of threads: 32
Target transaction rate: 300/sec
Initializing random number generator from current time


Initializing worker threads...

Threads started!

Latency histogram (values are in milliseconds)
       value  ------------- distribution ------------- count
       0.888 |                                         1
       0.904 |                                         3
       0.920 |                                         5
       0.937 |*                                        15
       0.954 |***                                      26
       0.971 |******                                   66
       0.989 |********                                 86
       1.007 |******************                       187
       1.025 |***********************                  239
       1.044 |*************************                261
       1.063 |****************************             292
       1.082 |*****************************            299
       1.102 |*******************************          324
       1.122 |*******************************          325
       1.142 |************************************     371
       1.163 |*********************************        337
       1.184 |**************************************** 414
       1.205 |************************************     376
       1.227 |**************************************   391
       1.250 |********************************         330
       1.272 |****************************             289
       1.295 |***********************                  243
       1.319 |******************                       189
       1.343 |****************                         165
       1.367 |***************                          156
       1.392 |***********                              117
       1.417 |***********                              116
       1.443 |********                                 87
       1.469 |*******                                  69
       1.496 |******                                   62
       1.523 |****                                     38
       1.551 |***                                      27
       1.579 |*                                        15
       1.608 |*                                        8
       1.637 |*                                        9
       1.667 |                                         1
       1.697 |                                         2
       1.728 |                                         3
       1.759 |                                         1
       1.791 |                                         1
       1.824 |                                         1
       1.925 |                                         1
       1.960 |                                         1
       2.305 |                                         1
       2.347 |                                         1
       2.522 |                                         1
       3.020 |                                         1
 
SQL statistics:
    queries performed:
        read:                            83342
        write:                           0
        other:                           11906
        total:                           95248
    transactions:                        5953   (297.39 per sec.)
    queries:                             95248  (4758.31 per sec.)
    ignored errors:                      0      (0.00 per sec.)
    reconnects:                          0      (0.00 per sec.)

General statistics:
    total time:                          20.0166s
    total number of events:              5953

Latency (ms):
         min:                                    0.89
         avg:                                    1.19
         max:                                    3.00
         95th percentile:                        1.44
         sum:                                 7103.59

Threads fairness:
    events (avg/stddev):           186.0312/1.02
    execution time (avg/stddev):   0.2220/0.00


