sysbench 1.0.20 (using system LuaJIT 2.1.0-beta3)

Running the test with following options:
Number of threads: 32
Target transaction rate: 300/sec
Initializing random number generator from current time


Initializing worker threads...

Threads started!

Latency histogram (values are in milliseconds)
       value  ------------- distribution ------------- count
       0.888 |                                         1
       0.904 |                                         4
       0.920 |*                                        20
       0.937 |***                                      45
       0.954 |*******                                  93
       0.971 |***********                              152
       0.989 |***************                          207
       1.007 |*********************                    300
       1.025 |**************************               363
       1.044 |*****************************            415
       1.063 |*********************************        471
       1.082 |***********************************      497
       1.102 |*************************************    516
       1.122 |**************************************** 564
       1.142 |***************************************  556
       1.163 |**************************************   536
       1.184 |************************************     513
       1.205 |*********************************        460
       1.227 |************************************     512
       1.250 |*****************************            407
       1.272 |**************************               373
       1.295 |********************                     283
       1.319 |******************                       251
       1.343 |****************                         226
       1.367 |***************                          214
       1.392 |*************                            177
       1.417 |**********                               140
       1.443 |*********                                131
       1.469 |******                                   81
       1.496 |*****                                    69
       1.523 |***                                      43
       1.551 |***                                      43
       1.579 |**                                       22
       1.608 |*                                        18
       1.637 |*                                        11
       1.667 |*                                        14
       1.697 |*                                        11
       1.728 |                                         4
       1.759 |                                         6
       1.791 |                                         1
       1.824 |                                         3
       1.857 |                                         2
       1.891 |                                         1
       1.996 |                                         3
       2.032 |                                         1
       2.069 |                                         3
       2.106 |                                         2
       2.145 |                                         2
       2.184 |                                         1
       2.264 |                                         2
       2.305 |                                         1
       2.347 |                                         1
       2.389 |                                         3
       2.433 |                                         2
       2.477 |                                         1
       2.522 |                                         4
       2.568 |                                         3
       2.615 |                                         2
       2.662 |                                         3
       2.710 |                                         4
       2.760 |                                         2
       2.810 |                                         1
       2.861 |                                         4
       2.913 |                                         1
       2.966 |                                         1
       3.020 |                                         3
       3.130 |                                         2
       3.187 |                                         2
       3.304 |                                         3
       3.425 |                                         1
       3.488 |                                         2
       3.551 |                                         3
       3.615 |                                         4
       3.681 |                                         2
       3.748 |                                         2
       3.816 |                                         2
       3.956 |                                         1
       4.028 |                                         2
       4.101 |                                         4
       4.176 |                                         2
       4.252 |                                         2
       4.329 |                                         2
       4.407 |                                         1
       4.487 |                                         3
       4.569 |                                         2
       4.652 |                                         3
       4.737 |                                         3
       4.823 |                                         1
       4.910 |                                         2
       4.999 |                                         1
       5.090 |                                         1
       5.183 |                                         2
       5.277 |                                         1
       5.570 |                                         1
       5.671 |                                         1
       6.095 |                                         2
       6.913 |                                         1
 
SQL statistics:
    queries performed:
        read:                            124138
        write:                           0
        other:                           17734
        total:                           141872
    transactions:                        8867   (295.37 per sec.)
    queries:                             141872 (4725.94 per sec.)
    ignored errors:                      0      (0.00 per sec.)
    reconnects:                          0      (0.00 per sec.)

General statistics:
    total time:                          30.0192s
    total number of events:              8867

Latency (ms):
         min:                                    0.89
         avg:                                    1.21
         max:                                    6.93
         95th percentile:                        1.44
         sum:                                10704.96

Threads fairness:
    events (avg/stddev):           277.0938/1.51
    execution time (avg/stddev):   0.3345/0.00


