sysbench 1.0.20 (using system LuaJIT 2.1.0-beta3)

Running the test with following options:
Number of threads: 32
Target transaction rate: 200/sec
Initializing random number generator from current time


Initializing worker threads...

Threads started!

Latency histogram (values are in milliseconds)
       value  ------------- distribution ------------- count
       3.364 |                                         1
       3.425 |*                                        4
       3.488 |*                                        6
       3.551 |******                                   37
       3.615 |*********                                54
       3.681 |************                             68
       3.748 |*********************                    124
       3.816 |********************                     116
       3.885 |**********************                   129
       3.956 |********************                     115
       4.028 |***********************                  133
       4.101 |****************************             163
       4.176 |****************************             160
       4.252 |*************************************    211
       4.329 |*********************************        190
       4.407 |**********************************       197
       4.487 |*************************************    214
       4.569 |**************************************** 231
       4.652 |***********************************      200
       4.737 |*********************************        188
       4.823 |*******************************          181
       4.910 |**********************                   129
       4.999 |**********************                   126
       5.090 |*******************                      111
       5.183 |***************                          89
       5.277 |****************                         95
       5.373 |**************                           78
       5.470 |**********                               56
       5.570 |*********                                53
       5.671 |********                                 46
       5.774 |********                                 48
       5.879 |******                                   36
       5.986 |******                                   34
       6.095 |****                                     21
       6.205 |****                                     22
       6.318 |****                                     23
       6.433 |***                                      20
       6.550 |**                                       9
       6.669 |**                                       13
       6.790 |***                                      19
       6.913 |***                                      16
       7.039 |**                                       13
       7.167 |**                                       14
       7.297 |***                                      17
       7.430 |*                                        6
       7.565 |*                                        5
       7.702 |*                                        8
       7.842 |**                                       12
       7.985 |*                                        8
       8.130 |*                                        7
       8.277 |*                                        8
       8.428 |*                                        6
       8.581 |*                                        4
       8.737 |*                                        7
       8.895 |*                                        7
       9.057 |*                                        4
       9.222 |*                                        7
       9.389 |*                                        4
       9.560 |*                                        5
       9.734 |*                                        7
       9.910 |**                                       9
      10.090 |                                         1
      10.274 |*                                        4
      10.460 |*                                        4
      10.651 |*                                        3
      10.844 |                                         1
      11.041 |                                         1
      11.242 |                                         2
      11.446 |                                         2
      11.654 |                                         1
      11.866 |                                         2
      12.081 |                                         1
      12.301 |                                         1
      12.524 |*                                        3
      12.984 |                                         1
      13.219 |                                         1
      13.460 |                                         1
      14.728 |                                         1
      15.268 |                                         1
      15.828 |                                         1
 
SQL statistics:
    queries performed:
        read:                            55384
        write:                           15824
        other:                           7912
        total:                           79120
    transactions:                        3956   (197.62 per sec.)
    queries:                             79120  (3952.34 per sec.)
    ignored errors:                      0      (0.00 per sec.)
    reconnects:                          0      (0.00 per sec.)

General statistics:
    total time:                          20.0181s
    total number of events:              3956

Latency (ms):
         min:                                    3.39
         avg:                                    4.80
         max:                                   15.94
         95th percentile:                        6.91
         sum:                                19004.79

Threads fairness:
    events (avg/stddev):           123.6250/1.24
    execution time (avg/stddev):   0.5939/0.01


