sysbench 1.0.20 (using system LuaJIT 2.1.0-beta3)

Running the test with following options:
Number of threads: 32
Target transaction rate: 300/sec
Initializing random number generator from current time


Initializing worker threads...

Threads started!

Latency histogram (values are in milliseconds)
       value  ------------- distribution ------------- count
       2.106 |                                         1
       2.145 |                                         1
       2.184 |*                                        20
       2.223 |**                                       34
       2.264 |*****                                    68
       2.305 |*********                                123
       2.347 |************                             165
       2.389 |*************                            188
       2.433 |************                             169
       2.477 |******************                       261
       2.522 |****************                         230
       2.568 |****************                         225
       2.615 |***************                          215
       2.662 |**************                           206
       2.710 |*****************                        243
       2.760 |*********************                    300
       2.810 |****************************             407
       2.861 |*******************************          448
       2.913 |**************************************** 572
       2.966 |**************************************   544
       3.020 |*************************************    533
       3.075 |**************************************** 569
       3.130 |************************************     521
       3.187 |*******************************          437
       3.245 |***************************              388
       3.304 |***********************                  335
       3.364 |*****************                        237
       3.425 |*************                            188
       3.488 |***********                              156
       3.551 |******                                   89
       3.615 |********                                 112
       3.681 |*****                                    66
       3.748 |*****                                    67
       3.816 |***                                      46
       3.885 |****                                     54
       3.956 |***                                      50
       4.028 |***                                      40
       4.101 |**                                       26
       4.176 |***                                      38
       4.252 |***                                      41
       4.329 |**                                       31
       4.407 |***                                      36
       4.487 |*                                        20
       4.569 |*                                        16
       4.652 |**                                       33
       4.737 |*                                        20
       4.823 |*                                        16
       4.910 |*                                        17
       4.999 |*                                        19
       5.090 |*                                        16
       5.183 |*                                        12
       5.277 |*                                        11
       5.373 |*                                        9
       5.470 |*                                        15
       5.570 |*                                        12
       5.671 |*                                        9
       5.774 |*                                        8
       5.879 |*                                        9
       5.986 |*                                        12
       6.095 |*                                        9
       6.205 |*                                        18
       6.318 |*                                        10
       6.433 |*                                        12
       6.550 |*                                        19
       6.669 |*                                        10
       6.790 |*                                        16
       6.913 |*                                        15
       7.039 |*                                        15
       7.167 |*                                        18
       7.297 |*                                        11
       7.430 |*                                        8
       7.565 |*                                        11
       7.702 |*                                        10
       7.842 |                                         3
       7.985 |                                         2
       8.130 |                                         4
       8.277 |                                         1
       8.428 |                                         4
       8.581 |                                         3
       8.737 |                                         5
       8.895 |                                         2
       9.057 |                                         1
       9.389 |                                         1
       9.560 |                                         1
       9.910 |                                         2
      10.274 |                                         3
      10.460 |                                         1
      10.651 |                                         2
      11.041 |                                         1
      11.242 |                                         1
      11.446 |                                         1
      11.866 |                                         1
 
SQL statistics:
    queries performed:
        read:                            125370
        write:                           0
        other:                           17910
        total:                           143280
    transactions:                        8955   (298.23 per sec.)
    queries:                             143280 (4771.71 per sec.)
    ignored errors:                      0      (0.00 per sec.)
    reconnects:                          0      (0.00 per sec.)

General statistics:
    total time:                          30.0266s
    total number of events:              8955

Latency (ms):
         min:                                    2.12
         avg:                                    3.15
         max:                                   11.83
         95th percentile:                        4.57
         sum:                                28230.84

Threads fairness:
    events (avg/stddev):           279.8438/1.97
    execution time (avg/stddev):   0.8822/0.01




sysbench 1.0.20 (using system LuaJIT 2.1.0-beta3)

Running the test with following options:
Number of threads: 32
Target transaction rate: 300/sec
Initializing random number generator from current time


Initializing worker threads...

Threads started!

Latency histogram (values are in milliseconds)
       value  ------------- distribution ------------- count
       2.305 |                                         3
       2.347 |*                                        8
       2.389 |**                                       16
       2.433 |**                                       21
       2.477 |*****                                    42
       2.522 |******                                   54
       2.568 |*******                                  61
       2.615 |********                                 74
       2.662 |**********                               84
       2.710 |**********                               86
       2.760 |***********                              95
       2.810 |***********                              96
       2.861 |**************                           121
       2.913 |********************                     175
       2.966 |***********************                  199
       3.020 |************************                 210
       3.075 |****************************             245
       3.130 |******************************           260
       3.187 |************************************     315
       3.245 |*********************************        287
       3.304 |************************************     314
       3.364 |**************************************** 350
       3.425 |*************************************    325
       3.488 |**********************************       297
       3.551 |**********************************       296
       3.615 |**********************************       299
       3.681 |*****************************            256
       3.748 |***************************              240
       3.816 |************************                 211
       3.885 |***************************              239
       3.956 |***********************                  202
       4.028 |***********************                  204
       4.101 |********************                     178
       4.176 |*****************                        153
       4.252 |*********************                    182
       4.329 |*****************                        149
       4.407 |******************                       154
       4.487 |**************                           126
       4.569 |***************                          129
       4.652 |***************                          127
       4.737 |**************                           122
       4.823 |***************                          133
       4.910 |*************                            113
       4.999 |**************                           123
       5.090 |**********                               87
       5.183 |**************                           122
       5.277 |************                             102
       5.373 |***********                              96
       5.470 |**********                               87
       5.570 |**********                               90
       5.671 |***********                              95
       5.774 |*********                                79
       5.879 |**********                               84
       5.986 |************                             101
       6.095 |*********                                82
       6.205 |*********                                77
       6.318 |********                                 72
       6.433 |********                                 71
       6.550 |*******                                  64
       6.669 |*******                                  57
       6.790 |*****                                    48
       6.913 |******                                   56
       7.039 |****                                     39
       7.167 |*****                                    47
       7.297 |****                                     37
       7.430 |****                                     39
       7.565 |***                                      26
       7.702 |***                                      27
       7.842 |**                                       20
       7.985 |**                                       15
       8.130 |*                                        11
       8.277 |*                                        12
       8.428 |*                                        11
       8.581 |*                                        5
       8.737 |*                                        6
       8.895 |*                                        7
       9.057 |                                         1
       9.222 |                                         2
       9.560 |                                         1
       9.734 |                                         3
       9.910 |*                                        5
      10.090 |                                         2
      10.274 |*                                        6
      10.460 |                                         1
      10.651 |                                         1
      11.866 |                                         1
 
SQL statistics:
    queries performed:
        read:                            128366
        write:                           0
        other:                           18338
        total:                           146704
    transactions:                        9169   (305.37 per sec.)
    queries:                             146704 (4885.89 per sec.)
    ignored errors:                      0      (0.00 per sec.)
    reconnects:                          0      (0.00 per sec.)

General statistics:
    total time:                          30.0257s
    total number of events:              9169

Latency (ms):
         min:                                    2.30
         avg:                                    4.11
         max:                                   11.93
         95th percentile:                        6.67
         sum:                                37693.86

Threads fairness:
    events (avg/stddev):           286.5312/2.00
    execution time (avg/stddev):   1.1779/0.02




sysbench 1.0.20 (using system LuaJIT 2.1.0-beta3)

Running the test with following options:
Number of threads: 32
Target transaction rate: 300/sec
Initializing random number generator from current time


Initializing worker threads...

Threads started!

Latency histogram (values are in milliseconds)
       value  ------------- distribution ------------- count
       2.106 |                                         6
       2.145 |*                                        16
       2.184 |**                                       38
       2.223 |*****                                    87
       2.264 |*********                                140
       2.305 |***********                              184
       2.347 |************                             193
       2.389 |**************                           222
       2.433 |*************                            219
       2.477 |**************                           237
       2.522 |***************                          251
       2.568 |***************                          252
       2.615 |***************                          238
       2.662 |***************                          245
       2.710 |********************                     332
       2.760 |******************************           497
       2.810 |********************************         518
       2.861 |*********************************        538
       2.913 |**************************************** 654
       2.966 |***************************************  639
       3.020 |***************************************  640
       3.075 |**************************************   619
       3.130 |*********************************        547
       3.187 |***************************              442
       3.245 |**********************                   357
       3.304 |****************                         259
       3.364 |***********                              185
       3.425 |*********                                148
       3.488 |******                                   101
       3.551 |****                                     65
       3.615 |***                                      56
       3.681 |**                                       33
       3.748 |*                                        21
       3.816 |*                                        24
       3.885 |*                                        16
       3.956 |*                                        11
       4.028 |                                         8
       4.101 |                                         7
       4.176 |                                         4
       4.252 |                                         5
       4.329 |                                         6
       4.407 |                                         7
       4.487 |                                         3
       4.737 |                                         2
       4.823 |                                         6
       4.910 |                                         2
       4.999 |                                         3
       5.090 |                                         2
       5.183 |                                         1
       5.373 |                                         2
       5.470 |                                         2
       5.570 |                                         2
       5.671 |                                         1
       5.774 |                                         1
       5.986 |                                         1
       6.095 |                                         1
       6.318 |                                         2
       6.433 |                                         2
       6.669 |                                         2
       6.913 |                                         1
       7.702 |                                         1
       8.130 |                                         2
       8.895 |                                         1
 
SQL statistics:
    queries performed:
        read:                            127498
        write:                           0
        other:                           18214
        total:                           145712
    transactions:                        9107   (303.31 per sec.)
    queries:                             145712 (4853.03 per sec.)
    ignored errors:                      0      (0.00 per sec.)
    reconnects:                          0      (0.00 per sec.)

General statistics:
    total time:                          30.0245s
    total number of events:              9107

Latency (ms):
         min:                                    2.11
         avg:                                    2.90
         max:                                    8.95
         95th percentile:                        3.43
         sum:                                26454.87

Threads fairness:
    events (avg/stddev):           284.5938/1.32
    execution time (avg/stddev):   0.8267/0.01




sysbench 1.0.20 (using system LuaJIT 2.1.0-beta3)

Running the test with following options:
Number of threads: 32
Target transaction rate: 300/sec
Initializing random number generator from current time


Initializing worker threads...

FATAL: mysql_stmt_prepare() failed
FATAL: MySQL error: 1146 "Table 'sbtest.sbtest7' doesn't exist"
FATAL: `thread_init' function failed: /usr/share/sysbench/oltp_common.lua:284: SQL API error
FATAL: mysql_stmt_prepare() failed
FATAL: MySQL error: 1146 "Table 'sbtest.sbtest7' doesn't exist"
FATAL: `thread_init' function failed: /usr/share/sysbench/oltp_common.lua:284: SQL API error
FATAL: mysql_stmt_prepare() failed
FATAL: MySQL error: 1146 "Table 'sbtest.sbtest7' doesn't exist"
FATAL: `thread_init' function failed: /usr/share/sysbench/oltp_common.lua:284: SQL API error
FATAL: mysql_stmt_prepare() failed
FATAL: MySQL error: 1146 "Table 'sbtest.sbtest7' doesn't exist"
FATAL: `thread_init' function failed: /usr/share/sysbench/oltp_common.lua:284: SQL API error
FATAL: mysql_stmt_prepare() failed
FATAL: MySQL error: 1146 "Table 'sbtest.sbtest7' doesn't exist"
FATAL: `thread_init' function failed: /usr/share/sysbench/oltp_common.lua:284: SQL API error
FATAL: mysql_stmt_prepare() failed
FATAL: MySQL error: 1146 "Table 'sbtest.sbtest7' doesn't exist"
FATAL: `thread_init' function failed: /usr/share/sysbench/oltp_common.lua:284: SQL API error
FATAL: mysql_stmt_prepare() failed
FATAL: MySQL error: 1146 "Table 'sbtest.sbtest7' doesn't exist"
FATAL: `thread_init' function failed: /usr/share/sysbench/oltp_common.lua:284: SQL API error
FATAL: mysql_stmt_prepare() failed
FATAL: MySQL error: 1146 "Table 'sbtest.sbtest7' doesn't exist"
FATAL: `thread_init' function failed: /usr/share/sysbench/oltp_common.lua:284: SQL API error
FATAL: mysql_stmt_prepare() failed
FATAL: MySQL error: 1146 "Table 'sbtest.sbtest7' doesn't exist"
FATAL: `thread_init' function failed: /usr/share/sysbench/oltp_common.lua:284: SQL API error
FATAL: mysql_stmt_prepare() failed
FATAL: MySQL error: 1146 "Table 'sbtest.sbtest7' doesn't exist"
FATAL: `thread_init' function failed: /usr/share/sysbench/oltp_common.lua:284: SQL API error
FATAL: mysql_stmt_prepare() failed
FATAL: MySQL error: 1146 "Table 'sbtest.sbtest7' doesn't exist"
FATAL: `thread_init' function failed: /usr/share/sysbench/oltp_common.lua:284: SQL API error
FATAL: mysql_stmt_prepare() failed
FATAL: MySQL error: 1146 "Table 'sbtest.sbtest7' doesn't exist"
FATAL: `thread_init' function failed: /usr/share/sysbench/oltp_common.lua:284: SQL API error
FATAL: mysql_stmt_prepare() failed
FATAL: MySQL error: 1146 "Table 'sbtest.sbtest7' doesn't exist"
FATAL: `thread_init' function failed: /usr/share/sysbench/oltp_common.lua:284: SQL API error
FATAL: mysql_stmt_prepare() failed
FATAL: MySQL error: 1146 "Table 'sbtest.sbtest7' doesn't exist"
FATAL: `thread_init' function failed: /usr/share/sysbench/oltp_common.lua:284: SQL API error
FATAL: mysql_stmt_prepare() failed
FATAL: MySQL error: 1146 "Table 'sbtest.sbtest7' doesn't exist"
FATAL: `thread_init' function failed: /usr/share/sysbench/oltp_common.lua:284: SQL API error
FATAL: mysql_stmt_prepare() failed
FATAL: MySQL error: 1146 "Table 'sbtest.sbtest7' doesn't exist"
FATAL: `thread_init' function failed: /usr/share/sysbench/oltp_common.lua:284: SQL API error
FATAL: mysql_stmt_prepare() failed
FATAL: MySQL error: 1146 "Table 'sbtest.sbtest7' doesn't exist"
FATAL: `thread_init' function failed: /usr/share/sysbench/oltp_common.lua:284: SQL API error
FATAL: mysql_stmt_prepare() failed
FATAL: MySQL error: 1146 "Table 'sbtest.sbtest7' doesn't exist"
FATAL: `thread_init' function failed: /usr/share/sysbench/oltp_common.lua:284: SQL API error
FATAL: mysql_stmt_prepare() failed
FATAL: MySQL error: 1146 "Table 'sbtest.sbtest7' doesn't exist"
FATAL: `thread_init' function failed: /usr/share/sysbench/oltp_common.lua:284: SQL API error
FATAL: mysql_stmt_prepare() failed
FATAL: MySQL error: 1146 "Table 'sbtest.sbtest7' doesn't exist"
FATAL: `thread_init' function failed: /usr/share/sysbench/oltp_common.lua:284: SQL API error
FATAL: mysql_stmt_prepare() failed
FATAL: MySQL error: 1146 "Table 'sbtest.sbtest7' doesn't exist"
FATAL: `thread_init' function failed: /usr/share/sysbench/oltp_common.lua:284: SQL API error
FATAL: mysql_stmt_prepare() failed
FATAL: MySQL error: 1146 "Table 'sbtest.sbtest7' doesn't exist"
FATAL: `thread_init' function failed: /usr/share/sysbench/oltp_common.lua:284: SQL API error
FATAL: mysql_stmt_prepare() failed
FATAL: MySQL error: 1146 "Table 'sbtest.sbtest7' doesn't exist"
FATAL: `thread_init' function failed: /usr/share/sysbench/oltp_common.lua:284: SQL API error
FATAL: mysql_stmt_prepare() failed
FATAL: MySQL error: 1146 "Table 'sbtest.sbtest7' doesn't exist"
FATAL: `thread_init' function failed: /usr/share/sysbench/oltp_common.lua:284: SQL API error
FATAL: mysql_stmt_prepare() failed
FATAL: MySQL error: 1146 "Table 'sbtest.sbtest7' doesn't exist"
FATAL: `thread_init' function failed: /usr/share/sysbench/oltp_common.lua:284: SQL API error
FATAL: mysql_stmt_prepare() failed
FATAL: MySQL error: 1146 "Table 'sbtest.sbtest7' doesn't exist"
FATAL: `thread_init' function failed: /usr/share/sysbench/oltp_common.lua:284: SQL API error
FATAL: mysql_stmt_prepare() failed
FATAL: MySQL error: 1146 "Table 'sbtest.sbtest7' doesn't exist"
FATAL: `thread_init' function failed: /usr/share/sysbench/oltp_common.lua:284: SQL API error
FATAL: mysql_stmt_prepare() failed
FATAL: MySQL error: 1146 "Table 'sbtest.sbtest7' doesn't exist"
FATAL: `thread_init' function failed: /usr/share/sysbench/oltp_common.lua:284: SQL API error
FATAL: mysql_stmt_prepare() failed
FATAL: MySQL error: 1146 "Table 'sbtest.sbtest7' doesn't exist"
FATAL: `thread_init' function failed: /usr/share/sysbench/oltp_common.lua:284: SQL API error
FATAL: mysql_stmt_prepare() failed
FATAL: MySQL error: 1146 "Table 'sbtest.sbtest7' doesn't exist"
FATAL: `thread_init' function failed: /usr/share/sysbench/oltp_common.lua:284: SQL API error
FATAL: mysql_stmt_prepare() failed
FATAL: MySQL error: 1146 "Table 'sbtest.sbtest7' doesn't exist"
FATAL: `thread_init' function failed: /usr/share/sysbench/oltp_common.lua:284: SQL API error
FATAL: mysql_stmt_prepare() failed
FATAL: MySQL error: 1146 "Table 'sbtest.sbtest7' doesn't exist"
FATAL: `thread_init' function failed: /usr/share/sysbench/oltp_common.lua:284: SQL API error
FATAL: Thread initialization failed!



sysbench 1.0.20 (using system LuaJIT 2.1.0-beta3)

Running the test with following options:
Number of threads: 32
Target transaction rate: 300/sec
Initializing random number generator from current time


Initializing worker threads...

Threads started!

Latency histogram (values are in milliseconds)
       value  ------------- distribution ------------- count
       2.069 |                                         5
       2.106 |*                                        22
       2.145 |**                                       38
       2.184 |****                                     81
       2.223 |*******                                  137
       2.264 |**************                           262
       2.305 |***************                          284
       2.347 |**************                           253
       2.389 |***************                          271
       2.433 |*************                            238
       2.477 |************                             224
       2.522 |*************                            238
       2.568 |**************                           266
       2.615 |**************                           261
       2.662 |****************                         289
       2.710 |***********************                  432
       2.760 |**************************************** 744
       2.810 |***********************************      652
       2.861 |******************************           560
       2.913 |***********************************      650
       2.966 |********************************         604
       3.020 |*********************************        622
       3.075 |**************************               478
       3.130 |******************                       342
       3.187 |****************                         300
       3.245 |**********                               191
       3.304 |*******                                  121
       3.364 |****                                     79
       3.425 |***                                      64
       3.488 |**                                       43
       3.551 |*                                        27
       3.615 |*                                        20
       3.681 |*                                        13
       3.748 |                                         7
       3.816 |                                         9
       3.885 |                                         9
       3.956 |                                         5
       4.028 |                                         6
       4.101 |                                         3
       4.176 |                                         5
       4.252 |                                         2
       4.329 |                                         1
       4.407 |                                         3
       4.569 |                                         1
       4.652 |                                         3
       4.737 |                                         4
       4.910 |                                         1
       5.183 |                                         2
       5.277 |                                         1
       5.373 |                                         1
       5.470 |                                         1
       5.774 |                                         1
       5.986 |                                         1
       6.095 |                                         1
       6.318 |                                         1
       6.790 |                                         1
       7.565 |                                         1
 
SQL statistics:
    queries performed:
        read:                            124334
        write:                           0
        other:                           17762
        total:                           142096
    transactions:                        8881   (295.82 per sec.)
    queries:                             142096 (4733.15 per sec.)
    ignored errors:                      0      (0.00 per sec.)
    reconnects:                          0      (0.00 per sec.)

General statistics:
    total time:                          30.0211s
    total number of events:              8881

Latency (ms):
         min:                                    2.06
         avg:                                    2.80
         max:                                    7.51
         95th percentile:                        3.25
         sum:                                24872.41

Threads fairness:
    events (avg/stddev):           277.5312/1.79
    execution time (avg/stddev):   0.7773/0.01




sysbench 1.0.20 (using system LuaJIT 2.1.0-beta3)

Running the test with following options:
Number of threads: 32
Target transaction rate: 300/sec
Initializing random number generator from current time


Initializing worker threads...

Threads started!

Latency histogram (values are in milliseconds)
       value  ------------- distribution ------------- count
       2.223 |                                         3
       2.264 |                                         5
       2.305 |*                                        9
       2.347 |*                                        17
       2.389 |****                                     64
       2.433 |*****                                    81
       2.477 |*********                                150
       2.522 |********                                 136
       2.568 |************                             200
       2.615 |************                             198
       2.662 |*************                            222
       2.710 |***********                              192
       2.760 |*************                            223
       2.810 |***************                          257
       2.861 |******************                       293
       2.913 |*******************                      326
       2.966 |***************************              444
       3.020 |*******************************          522
       3.075 |*********************************        549
       3.130 |**********************************       571
       3.187 |***************************************  645
       3.245 |**************************************** 669
       3.304 |************************************     595
       3.364 |********************************         527
       3.425 |*************************                424
       3.488 |**********************                   374
       3.551 |******************                       303
       3.615 |*************                            219
       3.681 |**********                               160
       3.748 |*******                                  118
       3.816 |*****                                    81
       3.885 |****                                     60
       3.956 |****                                     60
       4.028 |***                                      47
       4.101 |**                                       36
       4.176 |*                                        21
       4.252 |**                                       27
       4.329 |*                                        12
       4.407 |*                                        10
       4.487 |*                                        15
       4.569 |*                                        12
       4.652 |                                         8
       4.737 |                                         7
       4.823 |                                         7
       4.910 |                                         2
       4.999 |                                         3
       5.090 |                                         4
       5.183 |                                         3
       5.277 |                                         2
       5.373 |                                         2
       5.570 |                                         1
       5.671 |                                         2
       5.879 |                                         2
       5.986 |                                         2
       6.095 |                                         1
       6.205 |                                         1
       6.318 |                                         1
 
SQL statistics:
    queries performed:
        read:                            124950
        write:                           0
        other:                           17850
        total:                           142800
    transactions:                        8925   (297.24 per sec.)
    queries:                             142800 (4755.77 per sec.)
    ignored errors:                      0      (0.00 per sec.)
    reconnects:                          0      (0.00 per sec.)

General statistics:
    total time:                          30.0263s
    total number of events:              8925

Latency (ms):
         min:                                    2.21
         avg:                                    3.16
         max:                                    6.30
         95th percentile:                        3.75
         sum:                                28183.63

Threads fairness:
    events (avg/stddev):           278.9062/1.77
    execution time (avg/stddev):   0.8807/0.01


