sysbench 1.0.20 (using system LuaJIT 2.1.0-beta3)

Running the test with following options:
Number of threads: 32
Target transaction rate: 200/sec
Initializing random number generator from current time


Initializing worker threads...

Threads started!

Latency histogram (values are in milliseconds)
       value  ------------- distribution ------------- count
       2.568 |*                                        2
       2.615 |****                                     7
       2.662 |*****                                    9
       2.710 |*******                                  12
       2.760 |**************                           24
       2.810 |*************                            23
       2.861 |*****************                        30
       2.913 |**********************                   39
       2.966 |*******************                      34
       3.020 |************************                 42
       3.075 |*********************                    38
       3.130 |***************************              48
       3.187 |**************************************   68
       3.245 |***********************************      62
       3.304 |*****************************            51
       3.364 |********************************         57
       3.425 |********************************         57
       3.488 |**************************************** 71
       3.551 |**********************************       61
       3.615 |**********************************       61
       3.681 |******************************           54
       3.748 |********************************         56
       3.816 |***********************************      62
       3.885 |***********************************      62
       3.956 |*******************************          55
       4.028 |*********************************        59
       4.101 |**********************                   39
       4.176 |**************************               46
       4.252 |********************                     35
       4.329 |**************************               47
       4.407 |*****************                        31
       4.487 |*******************                      34
       4.569 |*****************                        30
       4.652 |*****************                        31
       4.737 |********************                     36
       4.823 |*****************                        31
       4.910 |*****************                        30
       4.999 |********************                     35
       5.090 |***************                          27
       5.183 |****************                         28
       5.277 |***********                              19
       5.373 |*********                                16
       5.470 |****************                         28
       5.570 |*************                            23
       5.671 |***************                          26
       5.774 |*********                                16
       5.879 |**********                               17
       5.986 |**********                               18
       6.095 |***********                              20
       6.205 |**********                               18
       6.318 |***********                              20
       6.433 |***************                          26
       6.550 |*************                            23
       6.669 |*******                                  13
       6.790 |**********                               18
       6.913 |************                             21
       7.039 |**************                           24
       7.167 |*********                                16
       7.297 |***********                              19
       7.430 |*************                            23
       7.565 |***********                              19
       7.702 |**********                               18
       7.842 |********                                 14
       7.985 |********                                 15
       8.130 |******                                   10
       8.277 |***********                              20
       8.428 |****                                     7
       8.581 |******                                   10
       8.737 |******                                   10
       8.895 |*******                                  12
       9.057 |****                                     7
       9.222 |******                                   11
       9.389 |*******                                  13
       9.560 |********                                 14
       9.734 |*******                                  12
       9.910 |***                                      6
      10.090 |*******                                  13
      10.274 |*****                                    8
      10.460 |****                                     7
      10.651 |********                                 15
      10.844 |******                                   11
      11.041 |*****                                    9
      11.242 |*****                                    8
      11.446 |**********                               17
      11.654 |**                                       4
      11.866 |********                                 15
      12.081 |**                                       4
      12.301 |****                                     7
      12.524 |*****                                    9
      12.752 |*****                                    9
      12.984 |*******                                  13
      13.219 |******                                   10
      13.460 |******                                   11
      13.704 |*****                                    8
      13.953 |***                                      6
      14.207 |***                                      6
      14.465 |*****                                    8
      14.728 |****                                     7
      14.995 |***                                      5
      15.268 |***                                      6
      15.545 |*******                                  12
      15.828 |*****                                    8
      16.115 |**                                       4
      16.408 |**                                       4
      16.706 |******                                   10
      17.010 |***                                      6
      17.319 |******                                   10
      17.633 |****                                     7
      17.954 |*****                                    9
      18.280 |******                                   11
      18.612 |****                                     7
      18.950 |***                                      5
      19.295 |*****                                    8
      19.645 |*****                                    8
      20.002 |*****                                    9
      20.366 |***                                      5
      20.736 |********                                 14
      21.112 |********                                 14
      21.496 |*****                                    8
      21.886 |*****                                    9
      22.284 |*******                                  13
      22.689 |*********                                16
      23.101 |***                                      6
      23.521 |*****                                    8
      23.948 |******                                   10
      24.384 |****                                     7
      24.827 |*********                                16
      25.278 |******                                   10
      25.737 |******                                   11
      26.205 |********                                 15
      26.681 |*****                                    8
      27.165 |******                                   10
      27.659 |*****                                    9
      28.162 |*****                                    9
      28.673 |***                                      6
      29.194 |*****                                    9
      29.725 |**                                       4
      30.265 |********                                 15
      30.815 |*****                                    8
      31.375 |*********                                16
      31.945 |******                                   10
      32.525 |******                                   10
      33.116 |*******                                  12
      33.718 |*****                                    8
      34.330 |******                                   11
      34.954 |***                                      5
      35.589 |**                                       3
      36.236 |******                                   11
      36.894 |*****                                    8
      37.565 |*******                                  12
      38.247 |******                                   10
      38.942 |*****                                    9
      39.650 |*******                                  12
      40.370 |**********                               17
      41.104 |***                                      6
      41.851 |******                                   10
      42.611 |*****                                    9
      43.385 |*******                                  12
      44.173 |*******                                  13
      44.976 |*******                                  13
      45.793 |******                                   10
      46.625 |******                                   11
      47.472 |*******                                  12
      48.335 |******                                   10
      49.213 |*******                                  13
      50.107 |*****                                    8
      51.018 |*******                                  13
      51.945 |*****                                    8
      52.889 |****                                     7
      53.850 |*********                                16
      54.828 |**********                               17
      55.824 |*******                                  12
      56.839 |******                                   11
      57.871 |******                                   11
      58.923 |******                                   11
      59.993 |******                                   10
      61.083 |**********                               17
      62.193 |********                                 14
      63.323 |*******                                  13
      64.474 |*******                                  13
      65.645 |*******                                  12
      66.838 |********                                 14
      68.053 |******                                   11
      69.289 |*********                                16
      70.548 |*******                                  13
      71.830 |***********                              19
      73.135 |*******                                  12
      74.464 |*****                                    8
      75.817 |*********                                16
      77.194 |********                                 15
      78.597 |****                                     7
      80.025 |*******                                  13
      81.479 |*****                                    9
      82.959 |********                                 14
      84.467 |*****                                    9
      86.002 |****                                     7
      87.564 |*****                                    9
      89.155 |*********                                16
      90.775 |*****                                    8
      92.424 |*****                                    9
      94.104 |********                                 15
      95.814 |*******                                  13
      97.555 |***                                      6
      99.327 |******                                   10
     101.132 |********                                 15
     102.969 |********                                 14
     104.840 |*******                                  13
     106.745 |*****                                    9
     108.685 |**********                               17
     110.659 |*******                                  13
     112.670 |*****                                    9
     114.717 |*******                                  13
     116.802 |*********                                16
     118.924 |***********                              20
     121.085 |***********                              19
     123.285 |*****                                    9
     125.525 |***                                      6
     127.805 |********                                 15
     130.128 |**********                               17
     132.492 |************                             22
     134.899 |********                                 15
     137.350 |********                                 15
     139.846 |*******                                  13
     142.387 |**********                               18
     144.974 |******                                   10
     147.608 |********                                 14
     150.290 |*********                                16
     153.021 |*******                                  12
     155.801 |************                             21
     158.632 |********                                 15
     161.514 |*******                                  12
     164.449 |********                                 14
     167.437 |*****                                    9
     170.479 |***                                      5
     173.577 |*****                                    9
     176.731 |*******                                  12
     179.942 |*****                                    9
     183.211 |***                                      6
     186.540 |*****                                    8
     189.929 |**                                       3
     193.380 |****                                     7
     196.894 |**                                       3
     200.472 |***                                      5
     204.114 |**                                       3
     207.823 |***                                      6
     211.599 |***                                      5
     215.443 |**                                       4
     219.358 |**                                       4
     223.344 |***                                      5
     227.402 |*                                        2
     231.534 |*                                        2
     235.740 |***                                      5
     240.024 |*                                        1
     244.385 |**                                       3
     248.825 |**                                       3
     253.346 |**                                       3
     257.950 |*                                        2
     262.636 |*                                        2
     267.408 |**                                       3
     272.267 |*                                        2
     277.214 |*                                        1
     282.251 |**                                       3
     287.379 |*                                        2
     308.842 |*                                        1
     331.907 |*                                        1
     337.938 |*                                        1
     344.078 |*                                        1
     350.330 |*                                        1
     356.695 |*                                        1
     363.176 |*                                        1
     376.494 |**                                       3
     383.334 |*                                        2
 
SQL statistics:
    queries performed:
        read:                            57204
        write:                           16344
        other:                           8172
        total:                           81720
    transactions:                        4086   (204.04 per sec.)
    queries:                             81720  (4080.81 per sec.)
    ignored errors:                      0      (0.00 per sec.)
    reconnects:                          0      (0.00 per sec.)

General statistics:
    total time:                          20.0251s
    total number of events:              4086

Latency (ms):
         min:                                    2.56
         avg:                                   36.73
         max:                                  383.83
         95th percentile:                      155.80
         sum:                               150091.06

Threads fairness:
    events (avg/stddev):           127.6875/2.10
    execution time (avg/stddev):   4.6903/0.31


