sysbench 1.0.20 (using system LuaJIT 2.1.0-beta3)

Running the test with following options:
Number of threads: 32
Target transaction rate: 300/sec
Initializing random number generator from current time


Initializing worker threads...

Threads started!

Latency histogram (values are in milliseconds)
       value  ------------- distribution ------------- count
       2.032 |                                         1
       2.106 |*                                        6
       2.145 |***                                      24
       2.184 |********                                 72
       2.223 |*******************                      159
       2.264 |******************                       150
       2.305 |**************                           121
       2.347 |***********                              97
       2.389 |***********                              97
       2.433 |************                             106
       2.477 |************                             104
       2.522 |***********                              98
       2.568 |*************                            110
       2.615 |******************                       150
       2.662 |**********************                   188
       2.710 |************************************     307
       2.760 |**************************************** 341
       2.810 |**********************************       294
       2.861 |*******************************          267
       2.913 |**********************************       288
       2.966 |************************************     309
       3.020 |*************************************    316
       3.075 |*********************************        280
       3.130 |***************************              231
       3.187 |**********************                   186
       3.245 |***********************                  200
       3.304 |********************                     167
       3.364 |****************                         136
       3.425 |***************                          129
       3.488 |*************                            110
       3.551 |*********                                74
       3.615 |***********                              92
       3.681 |**********                               84
       3.748 |********                                 71
       3.816 |******                                   53
       3.885 |*******                                  57
       3.956 |******                                   54
       4.028 |******                                   50
       4.101 |****                                     31
       4.176 |****                                     36
       4.252 |*****                                    39
       4.329 |****                                     37
       4.407 |***                                      27
       4.487 |**                                       19
       4.569 |***                                      27
       4.652 |***                                      22
       4.737 |***                                      22
       4.823 |**                                       14
       4.910 |*                                        12
       4.999 |**                                       16
       5.090 |*                                        7
       5.183 |*                                        5
       5.277 |                                         4
       5.373 |*                                        11
       5.470 |                                         3
       5.570 |                                         3
       5.671 |                                         2
       5.774 |*                                        6
       5.879 |                                         3
       5.986 |                                         2
       6.095 |                                         1
       6.205 |                                         1
       6.318 |                                         2
       6.433 |                                         2
       6.669 |                                         2
       6.790 |                                         3
       6.913 |                                         3
       7.039 |                                         2
       7.167 |                                         2
       7.297 |                                         3
       7.430 |                                         2
       8.130 |                                         1
       8.277 |                                         3
       8.428 |                                         1
      10.090 |                                         2
      10.844 |                                         1
      12.752 |                                         1
      13.460 |                                         1
      13.953 |                                         1
      15.545 |                                         1
      16.408 |                                         1
      17.010 |                                         1
      17.954 |                                         3
      18.950 |                                         1
      20.366 |                                         1
      21.112 |                                         1
      22.284 |                                         1
      24.827 |                                         1
      26.681 |                                         1
      27.165 |                                         1
      27.659 |                                         1
      46.625 |                                         1
 
SQL statistics:
    queries performed:
        read:                            83664
        write:                           0
        other:                           11952
        total:                           95616
    transactions:                        5976   (298.37 per sec.)
    queries:                             95616  (4773.94 per sec.)
    ignored errors:                      0      (0.00 per sec.)
    reconnects:                          0      (0.00 per sec.)

General statistics:
    total time:                          20.0283s
    total number of events:              5976

Latency (ms):
         min:                                    2.04
         avg:                                    3.10
         max:                                   46.40
         95th percentile:                        4.25
         sum:                                18539.08

Threads fairness:
    events (avg/stddev):           186.7500/1.90
    execution time (avg/stddev):   0.5793/0.02


