/opt/hostedtoolcache/Java_Temurin-Hotspot_jdk/17.0.20-1/x64/bin/java  -classpath /home/runner/ycsb-mongodb-binding-0.17.0/conf:/home/runner/ycsb-mongodb-binding-0.17.0/lib/HdrHistogram-2.1.4.jar:/home/runner/ycsb-mongodb-binding-0.17.0/lib/core-0.17.0.jar:/home/runner/ycsb-mongodb-binding-0.17.0/lib/htrace-core4-4.1.0-incubating.jar:/home/runner/ycsb-mongodb-binding-0.17.0/lib/jackson-core-asl-1.9.4.jar:/home/runner/ycsb-mongodb-binding-0.17.0/lib/jackson-mapper-asl-1.9.4.jar:/home/runner/ycsb-mongodb-binding-0.17.0/lib/logback-classic-1.1.2.jar:/home/runner/ycsb-mongodb-binding-0.17.0/lib/logback-core-1.1.2.jar:/home/runner/ycsb-mongodb-binding-0.17.0/lib/mongo-java-driver-3.8.0.jar:/home/runner/ycsb-mongodb-binding-0.17.0/lib/mongodb-async-driver-2.0.1.jar:/home/runner/ycsb-mongodb-binding-0.17.0/lib/mongodb-binding-0.17.0.jar:/home/runner/ycsb-mongodb-binding-0.17.0/lib/slf4j-api-1.7.25.jar:/home/runner/ycsb-mongodb-binding-0.17.0/lib/snappy-java-1.1.7.1.jar site.ycsb.Client -t -db site.ycsb.db.MongoDbClient -s -P /home/runner/ycsb-mongodb-binding-0.17.0/workloads/workloada -p mongodb.url=mongodb://127.0.0.1:27017/ycsb?w=1 -p measurementtype=raw -p measurement.raw.output_file=/home/runner/work/The-Omni-Compass/The-Omni-Compass/out/ycsb-tuning/rep-3/omni/notch-1.raw -p recordcount=250000 -p operationcount=1000000000 -p maxexecutiontime=30 -p target=3000 -p threads=32 -p insertstart=0 -p insertorder=ordered -p requestdistribution=uniform -p seed=100300
mongo client connection created with mongodb://127.0.0.1:27017/ycsb?w=1
Raw data measurement: will output to result file: /home/runner/work/The-Omni-Compass/The-Omni-Compass/out/ycsb-tuning/rep-3/omni/notch-1.raw
Raw data measurement: will output to result file: /home/runner/work/The-Omni-Compass/The-Omni-Compass/out/ycsb-tuning/rep-3/omni/notch-1.raw
Raw data measurement: will output to result file: /home/runner/work/The-Omni-Compass/The-Omni-Compass/out/ycsb-tuning/rep-3/omni/notch-1.raw
[OVERALL], RunTime(ms), 30003
[OVERALL], Throughput(ops/sec), 2953.804619538046
[TOTAL_GCS_G1_Young_Generation], Count, 14
[TOTAL_GC_TIME_G1_Young_Generation], Time(ms), 68
[TOTAL_GC_TIME_%_G1_Young_Generation], Time(%), 0.22664400226644002
[TOTAL_GCS_G1_Old_Generation], Count, 0
[TOTAL_GC_TIME_G1_Old_Generation], Time(ms), 0
[TOTAL_GC_TIME_%_G1_Old_Generation], Time(%), 0.0
[TOTAL_GCs], Count, 14
[TOTAL_GC_TIME], Time(ms), 68
[TOTAL_GC_TIME_%], Time(%), 0.22664400226644002
[READ], Total Operations, 44386
[READ], Below is a summary of latency in microseconds:, -1
[READ], Average, 143.94158067859235
[READ], Min, 67
[READ], Max, 15791
[READ], p1, 71
[READ], p5, 73
[READ], p50, 96
[READ], p90, 330
[READ], p95, 414
[READ], p99, 718
[READ], p99.9, 1437
[READ], p99.99, 5637
[READ], Return=OK, 44386
[CLEANUP], Total Operations, 1
[CLEANUP], Below is a summary of latency in microseconds:, -1
[CLEANUP], Average, 1171.0
[CLEANUP], Min, 1171
[CLEANUP], Max, 1171
[CLEANUP], p1, 1171
[CLEANUP], p5, 1171
[CLEANUP], p50, 1171
[CLEANUP], p90, 1171
[CLEANUP], p95, 1171
[CLEANUP], p99, 1171
[CLEANUP], p99.9, 1171
[CLEANUP], p99.99, 1171
[UPDATE], Total Operations, 44237
[UPDATE], Below is a summary of latency in microseconds:, -1
[UPDATE], Average, 159.40122521870833
[UPDATE], Min, 76
[UPDATE], Max, 65817
[UPDATE], p1, 81
[UPDATE], p5, 84
[UPDATE], p50, 110
[UPDATE], p90, 344
[UPDATE], p95, 447
[UPDATE], p99, 742
[UPDATE], p99.9, 1388
[UPDATE], p99.99, 6751
[UPDATE], Return=OK, 44237

Command line: -t -db site.ycsb.db.MongoDbClient -s -P /home/runner/ycsb-mongodb-binding-0.17.0/workloads/workloada -p mongodb.url=mongodb://127.0.0.1:27017/ycsb?w=1 -p measurementtype=raw -p measurement.raw.output_file=/home/runner/work/The-Omni-Compass/The-Omni-Compass/out/ycsb-tuning/rep-3/omni/notch-1.raw -p recordcount=250000 -p operationcount=1000000000 -p maxexecutiontime=30 -p target=3000 -p threads=32 -p insertstart=0 -p insertorder=ordered -p requestdistribution=uniform -p seed=100300
YCSB Client 0.17.0

Loading workload...
Starting test.
Maximum execution time specified as: 30 secs
2026-10-10 02:50:59:545 0 sec: 0 operations; est completion in 0 second 
DBWrapper: report latency for each error is false and specific error codes to track for latency are: []
2026-10-10 02:51:09:514 10 sec: 28621 operations; 2862.1 current ops/sec; est completion in 4 days 1 hour READ count: 14478, average latency(us): 232.28 UPDATE count: 14146, average latency(us): 256.65 
2026-10-10 02:51:19:514 20 sec: 58621 operations; 3000 current ops/sec; est completion in 3 days 22 hours READ count: 14963, average latency(us): 103.99 UPDATE count: 15036, average latency(us): 116.28 
Maximum time elapsed. Requesting stop for the workload.
Stop requested for workload. Now Joining!
2026-10-10 02:51:29:514 30 sec: 88621 operations; 3000 current ops/sec; est completion in 3 days 22 hours READ count: 14944, average latency(us): 98.34 UPDATE count: 15055, average latency(us): 111.09 
2026-10-10 02:51:29:516 30 sec: 88623 operations; 666.67 current ops/sec; est completion in 3 days 22 hours READ count: 1, average latency(us): 488.00 CLEANUP count: 1, average latency(us): 1171.00  


/opt/hostedtoolcache/Java_Temurin-Hotspot_jdk/17.0.20-1/x64/bin/java  -classpath /home/runner/ycsb-mongodb-binding-0.17.0/conf:/home/runner/ycsb-mongodb-binding-0.17.0/lib/HdrHistogram-2.1.4.jar:/home/runner/ycsb-mongodb-binding-0.17.0/lib/core-0.17.0.jar:/home/runner/ycsb-mongodb-binding-0.17.0/lib/htrace-core4-4.1.0-incubating.jar:/home/runner/ycsb-mongodb-binding-0.17.0/lib/jackson-core-asl-1.9.4.jar:/home/runner/ycsb-mongodb-binding-0.17.0/lib/jackson-mapper-asl-1.9.4.jar:/home/runner/ycsb-mongodb-binding-0.17.0/lib/logback-classic-1.1.2.jar:/home/runner/ycsb-mongodb-binding-0.17.0/lib/logback-core-1.1.2.jar:/home/runner/ycsb-mongodb-binding-0.17.0/lib/mongo-java-driver-3.8.0.jar:/home/runner/ycsb-mongodb-binding-0.17.0/lib/mongodb-async-driver-2.0.1.jar:/home/runner/ycsb-mongodb-binding-0.17.0/lib/mongodb-binding-0.17.0.jar:/home/runner/ycsb-mongodb-binding-0.17.0/lib/slf4j-api-1.7.25.jar:/home/runner/ycsb-mongodb-binding-0.17.0/lib/snappy-java-1.1.7.1.jar site.ycsb.Client -t -db site.ycsb.db.MongoDbClient -s -P /home/runner/ycsb-mongodb-binding-0.17.0/workloads/workloada -p mongodb.url=mongodb://127.0.0.1:27017/ycsb?w=1 -p measurementtype=raw -p measurement.raw.output_file=/home/runner/work/The-Omni-Compass/The-Omni-Compass/out/ycsb-tuning/rep-3/omni/notch-2.raw -p recordcount=500000 -p operationcount=1000000000 -p maxexecutiontime=30 -p target=3000 -p threads=32 -p insertstart=0 -p insertorder=ordered -p requestdistribution=uniform -p seed=100301
mongo client connection created with mongodb://127.0.0.1:27017/ycsb?w=1
Raw data measurement: will output to result file: /home/runner/work/The-Omni-Compass/The-Omni-Compass/out/ycsb-tuning/rep-3/omni/notch-2.raw
Raw data measurement: will output to result file: /home/runner/work/The-Omni-Compass/The-Omni-Compass/out/ycsb-tuning/rep-3/omni/notch-2.raw
Raw data measurement: will output to result file: /home/runner/work/The-Omni-Compass/The-Omni-Compass/out/ycsb-tuning/rep-3/omni/notch-2.raw
[OVERALL], RunTime(ms), 30005
[OVERALL], Throughput(ops/sec), 2968.205299116814
[TOTAL_GCS_G1_Young_Generation], Count, 14
[TOTAL_GC_TIME_G1_Young_Generation], Time(ms), 70
[TOTAL_GC_TIME_%_G1_Young_Generation], Time(%), 0.23329445092484585
[TOTAL_GCS_G1_Old_Generation], Count, 0
[TOTAL_GC_TIME_G1_Old_Generation], Time(ms), 0
[TOTAL_GC_TIME_%_G1_Old_Generation], Time(%), 0.0
[TOTAL_GCs], Count, 14
[TOTAL_GC_TIME], Time(ms), 70
[TOTAL_GC_TIME_%], Time(%), 0.23329445092484585
[READ], Total Operations, 44548
[READ], Below is a summary of latency in microseconds:, -1
[READ], Average, 168.17248810272065
[READ], Min, 63
[READ], Max, 47420
[READ], p1, 72
[READ], p5, 75
[READ], p50, 99
[READ], p90, 321
[READ], p95, 404
[READ], p99, 650
[READ], p99.9, 9380
[READ], p99.99, 11365
[READ], Return=OK, 44548
[CLEANUP], Total Operations, 1
[CLEANUP], Below is a summary of latency in microseconds:, -1
[CLEANUP], Average, 1239.0
[CLEANUP], Min, 1239
[CLEANUP], Max, 1239
[CLEANUP], p1, 1239
[CLEANUP], p5, 1239
[CLEANUP], p50, 1239
[CLEANUP], p90, 1239
[CLEANUP], p95, 1239
[CLEANUP], p99, 1239
[CLEANUP], p99.9, 1239
[CLEANUP], p99.99, 1239
[UPDATE], Total Operations, 44513
[UPDATE], Below is a summary of latency in microseconds:, -1
[UPDATE], Average, 177.53096848111787
[UPDATE], Min, 71
[UPDATE], Max, 18664
[UPDATE], p1, 83
[UPDATE], p5, 86
[UPDATE], p50, 113
[UPDATE], p90, 342
[UPDATE], p95, 431
[UPDATE], p99, 666
[UPDATE], p99.9, 8953
[UPDATE], p99.99, 10829
[UPDATE], Return=OK, 44513

Command line: -t -db site.ycsb.db.MongoDbClient -s -P /home/runner/ycsb-mongodb-binding-0.17.0/workloads/workloada -p mongodb.url=mongodb://127.0.0.1:27017/ycsb?w=1 -p measurementtype=raw -p measurement.raw.output_file=/home/runner/work/The-Omni-Compass/The-Omni-Compass/out/ycsb-tuning/rep-3/omni/notch-2.raw -p recordcount=500000 -p operationcount=1000000000 -p maxexecutiontime=30 -p target=3000 -p threads=32 -p insertstart=0 -p insertorder=ordered -p requestdistribution=uniform -p seed=100301
YCSB Client 0.17.0

Loading workload...
Starting test.
Maximum execution time specified as: 30 secs
2026-10-10 02:51:30:095 0 sec: 0 operations; est completion in 0 second 
DBWrapper: report latency for each error is false and specific error codes to track for latency are: []
2026-10-10 02:51:40:064 10 sec: 29080 operations; 2908 current ops/sec; est completion in 3 days 23 hours READ count: 14527, average latency(us): 265.13 UPDATE count: 14553, average latency(us): 262.79 
2026-10-10 02:51:50:064 20 sec: 59100 operations; 3002 current ops/sec; est completion in 3 days 21 hours READ count: 15138, average latency(us): 129.50 UPDATE count: 14882, average latency(us): 144.23 
Maximum time elapsed. Requesting stop for the workload.
Stop requested for workload. Now Joining!
2026-10-10 02:52:00:064 30 sec: 89060 operations; 2996 current ops/sec; est completion in 3 days 21 hours READ count: 14883, average latency(us): 112.88 UPDATE count: 15077, average latency(us): 127.50 
2026-10-10 02:52:00:069 30 sec: 89061 operations; 200 current ops/sec; est completion in 3 days 21 hours  CLEANUP count: 1, average latency(us): 1239.00 UPDATE count: 1, average latency(us): 9396.00 


/opt/hostedtoolcache/Java_Temurin-Hotspot_jdk/17.0.20-1/x64/bin/java  -classpath /home/runner/ycsb-mongodb-binding-0.17.0/conf:/home/runner/ycsb-mongodb-binding-0.17.0/lib/HdrHistogram-2.1.4.jar:/home/runner/ycsb-mongodb-binding-0.17.0/lib/core-0.17.0.jar:/home/runner/ycsb-mongodb-binding-0.17.0/lib/htrace-core4-4.1.0-incubating.jar:/home/runner/ycsb-mongodb-binding-0.17.0/lib/jackson-core-asl-1.9.4.jar:/home/runner/ycsb-mongodb-binding-0.17.0/lib/jackson-mapper-asl-1.9.4.jar:/home/runner/ycsb-mongodb-binding-0.17.0/lib/logback-classic-1.1.2.jar:/home/runner/ycsb-mongodb-binding-0.17.0/lib/logback-core-1.1.2.jar:/home/runner/ycsb-mongodb-binding-0.17.0/lib/mongo-java-driver-3.8.0.jar:/home/runner/ycsb-mongodb-binding-0.17.0/lib/mongodb-async-driver-2.0.1.jar:/home/runner/ycsb-mongodb-binding-0.17.0/lib/mongodb-binding-0.17.0.jar:/home/runner/ycsb-mongodb-binding-0.17.0/lib/slf4j-api-1.7.25.jar:/home/runner/ycsb-mongodb-binding-0.17.0/lib/snappy-java-1.1.7.1.jar site.ycsb.Client -t -db site.ycsb.db.MongoDbClient -s -P /home/runner/ycsb-mongodb-binding-0.17.0/workloads/workloada -p mongodb.url=mongodb://127.0.0.1:27017/ycsb?w=1 -p measurementtype=raw -p measurement.raw.output_file=/home/runner/work/The-Omni-Compass/The-Omni-Compass/out/ycsb-tuning/rep-3/omni/notch-3.raw -p recordcount=750000 -p operationcount=1000000000 -p maxexecutiontime=30 -p target=3000 -p threads=32 -p insertstart=0 -p insertorder=ordered -p requestdistribution=uniform -p seed=100302
mongo client connection created with mongodb://127.0.0.1:27017/ycsb?w=1
Raw data measurement: will output to result file: /home/runner/work/The-Omni-Compass/The-Omni-Compass/out/ycsb-tuning/rep-3/omni/notch-3.raw
Raw data measurement: will output to result file: /home/runner/work/The-Omni-Compass/The-Omni-Compass/out/ycsb-tuning/rep-3/omni/notch-3.raw
Raw data measurement: will output to result file: /home/runner/work/The-Omni-Compass/The-Omni-Compass/out/ycsb-tuning/rep-3/omni/notch-3.raw
[OVERALL], RunTime(ms), 30003
[OVERALL], Throughput(ops/sec), 2968.103189681032
[TOTAL_GCS_G1_Young_Generation], Count, 14
[TOTAL_GC_TIME_G1_Young_Generation], Time(ms), 72
[TOTAL_GC_TIME_%_G1_Young_Generation], Time(%), 0.23997600239976002
[TOTAL_GCS_G1_Old_Generation], Count, 0
[TOTAL_GC_TIME_G1_Old_Generation], Time(ms), 0
[TOTAL_GC_TIME_%_G1_Old_Generation], Time(%), 0.0
[TOTAL_GCs], Count, 14
[TOTAL_GC_TIME], Time(ms), 72
[TOTAL_GC_TIME_%], Time(%), 0.23997600239976002
[READ], Total Operations, 44615
[READ], Below is a summary of latency in microseconds:, -1
[READ], Average, 159.24845903844
[READ], Min, 68
[READ], Max, 50028
[READ], p1, 74
[READ], p5, 77
[READ], p50, 108
[READ], p90, 315
[READ], p95, 396
[READ], p99, 598
[READ], p99.9, 6316
[READ], p99.99, 9464
[READ], Return=OK, 44615
[CLEANUP], Total Operations, 1
[CLEANUP], Below is a summary of latency in microseconds:, -1
[CLEANUP], Average, 1182.0
[CLEANUP], Min, 1182
[CLEANUP], Max, 1182
[CLEANUP], p1, 1182
[CLEANUP], p5, 1182
[CLEANUP], p50, 1182
[CLEANUP], p90, 1182
[CLEANUP], p95, 1182
[CLEANUP], p99, 1182
[CLEANUP], p99.9, 1182
[CLEANUP], p99.99, 1182
[UPDATE], Total Operations, 44437
[UPDATE], Below is a summary of latency in microseconds:, -1
[UPDATE], Average, 175.05081351126313
[UPDATE], Min, 79
[UPDATE], Max, 16353
[UPDATE], p1, 85
[UPDATE], p5, 89
[UPDATE], p50, 123
[UPDATE], p90, 339
[UPDATE], p95, 424
[UPDATE], p99, 628
[UPDATE], p99.9, 6166
[UPDATE], p99.99, 9649
[UPDATE], Return=OK, 44437

Command line: -t -db site.ycsb.db.MongoDbClient -s -P /home/runner/ycsb-mongodb-binding-0.17.0/workloads/workloada -p mongodb.url=mongodb://127.0.0.1:27017/ycsb?w=1 -p measurementtype=raw -p measurement.raw.output_file=/home/runner/work/The-Omni-Compass/The-Omni-Compass/out/ycsb-tuning/rep-3/omni/notch-3.raw -p recordcount=750000 -p operationcount=1000000000 -p maxexecutiontime=30 -p target=3000 -p threads=32 -p insertstart=0 -p insertorder=ordered -p requestdistribution=uniform -p seed=100302
YCSB Client 0.17.0

Loading workload...
Starting test.
Maximum execution time specified as: 30 secs
2026-10-10 02:52:00:674 0 sec: 0 operations; est completion in 0 second 
DBWrapper: report latency for each error is false and specific error codes to track for latency are: []
2026-10-10 02:52:10:645 10 sec: 29048 operations; 2904.8 current ops/sec; est completion in 3 days 23 hours READ count: 14570, average latency(us): 230.67 UPDATE count: 14480, average latency(us): 248.92 
2026-10-10 02:52:20:644 20 sec: 59048 operations; 3000 current ops/sec; est completion in 3 days 22 hours READ count: 14930, average latency(us): 130.56 UPDATE count: 15069, average latency(us): 145.75 
2026-10-10 02:52:30:644 30 sec: 89048 operations; 3000 current ops/sec; est completion in 3 days 21 hours READ count: 15115, average latency(us): 118.74 UPDATE count: 14885, average latency(us): 132.85 
Maximum time elapsed. Requesting stop for the workload.
Stop requested for workload. Now Joining!
2026-10-10 02:52:30:647 30 sec: 89052 operations; 1333.33 current ops/sec; est completion in 3 days 21 hours  CLEANUP count: 1, average latency(us): 1182.00 UPDATE count: 3, average latency(us): 200.00 


/opt/hostedtoolcache/Java_Temurin-Hotspot_jdk/17.0.20-1/x64/bin/java  -classpath /home/runner/ycsb-mongodb-binding-0.17.0/conf:/home/runner/ycsb-mongodb-binding-0.17.0/lib/HdrHistogram-2.1.4.jar:/home/runner/ycsb-mongodb-binding-0.17.0/lib/core-0.17.0.jar:/home/runner/ycsb-mongodb-binding-0.17.0/lib/htrace-core4-4.1.0-incubating.jar:/home/runner/ycsb-mongodb-binding-0.17.0/lib/jackson-core-asl-1.9.4.jar:/home/runner/ycsb-mongodb-binding-0.17.0/lib/jackson-mapper-asl-1.9.4.jar:/home/runner/ycsb-mongodb-binding-0.17.0/lib/logback-classic-1.1.2.jar:/home/runner/ycsb-mongodb-binding-0.17.0/lib/logback-core-1.1.2.jar:/home/runner/ycsb-mongodb-binding-0.17.0/lib/mongo-java-driver-3.8.0.jar:/home/runner/ycsb-mongodb-binding-0.17.0/lib/mongodb-async-driver-2.0.1.jar:/home/runner/ycsb-mongodb-binding-0.17.0/lib/mongodb-binding-0.17.0.jar:/home/runner/ycsb-mongodb-binding-0.17.0/lib/slf4j-api-1.7.25.jar:/home/runner/ycsb-mongodb-binding-0.17.0/lib/snappy-java-1.1.7.1.jar site.ycsb.Client -t -db site.ycsb.db.MongoDbClient -s -P /home/runner/ycsb-mongodb-binding-0.17.0/workloads/workloada -p mongodb.url=mongodb://127.0.0.1:27017/ycsb?w=1 -p measurementtype=raw -p measurement.raw.output_file=/home/runner/work/The-Omni-Compass/The-Omni-Compass/out/ycsb-tuning/rep-3/omni/notch-4.raw -p recordcount=500000 -p operationcount=1000000000 -p maxexecutiontime=30 -p target=3000 -p threads=32 -p insertstart=0 -p insertorder=ordered -p requestdistribution=uniform -p seed=100303
mongo client connection created with mongodb://127.0.0.1:27017/ycsb?w=1
Raw data measurement: will output to result file: /home/runner/work/The-Omni-Compass/The-Omni-Compass/out/ycsb-tuning/rep-3/omni/notch-4.raw
Raw data measurement: will output to result file: /home/runner/work/The-Omni-Compass/The-Omni-Compass/out/ycsb-tuning/rep-3/omni/notch-4.raw
Raw data measurement: will output to result file: /home/runner/work/The-Omni-Compass/The-Omni-Compass/out/ycsb-tuning/rep-3/omni/notch-4.raw
[OVERALL], RunTime(ms), 30003
[OVERALL], Throughput(ops/sec), 2969.336399693364
[TOTAL_GCS_G1_Young_Generation], Count, 14
[TOTAL_GC_TIME_G1_Young_Generation], Time(ms), 72
[TOTAL_GC_TIME_%_G1_Young_Generation], Time(%), 0.23997600239976002
[TOTAL_GCS_G1_Old_Generation], Count, 0
[TOTAL_GC_TIME_G1_Old_Generation], Time(ms), 0
[TOTAL_GC_TIME_%_G1_Old_Generation], Time(%), 0.0
[TOTAL_GCs], Count, 14
[TOTAL_GC_TIME], Time(ms), 72
[TOTAL_GC_TIME_%], Time(%), 0.23997600239976002
[READ], Total Operations, 44409
[READ], Below is a summary of latency in microseconds:, -1
[READ], Average, 122.87700691301313
[READ], Min, 67
[READ], Max, 41567
[READ], p1, 73
[READ], p5, 75
[READ], p50, 101
[READ], p90, 168
[READ], p95, 207
[READ], p99, 406
[READ], p99.9, 1654
[READ], p99.99, 6192
[READ], Return=OK, 44409
[CLEANUP], Total Operations, 1
[CLEANUP], Below is a summary of latency in microseconds:, -1
[CLEANUP], Average, 1636.0
[CLEANUP], Min, 1636
[CLEANUP], Max, 1636
[CLEANUP], p1, 1636
[CLEANUP], p5, 1636
[CLEANUP], p50, 1636
[CLEANUP], p90, 1636
[CLEANUP], p95, 1636
[CLEANUP], p99, 1636
[CLEANUP], p99.9, 1636
[CLEANUP], p99.99, 1636
[UPDATE], Total Operations, 44680
[UPDATE], Below is a summary of latency in microseconds:, -1
[UPDATE], Average, 137.22464189794093
[UPDATE], Min, 76
[UPDATE], Max, 8841
[UPDATE], p1, 83
[UPDATE], p5, 86
[UPDATE], p50, 114
[UPDATE], p90, 199
[UPDATE], p95, 242
[UPDATE], p99, 445
[UPDATE], p99.9, 1597
[UPDATE], p99.99, 4720
[UPDATE], Return=OK, 44680

Command line: -t -db site.ycsb.db.MongoDbClient -s -P /home/runner/ycsb-mongodb-binding-0.17.0/workloads/workloada -p mongodb.url=mongodb://127.0.0.1:27017/ycsb?w=1 -p measurementtype=raw -p measurement.raw.output_file=/home/runner/work/The-Omni-Compass/The-Omni-Compass/out/ycsb-tuning/rep-3/omni/notch-4.raw -p recordcount=500000 -p operationcount=1000000000 -p maxexecutiontime=30 -p target=3000 -p threads=32 -p insertstart=0 -p insertorder=ordered -p requestdistribution=uniform -p seed=100303
YCSB Client 0.17.0

Loading workload...
Starting test.
Maximum execution time specified as: 30 secs
2026-10-10 02:52:31:242 0 sec: 0 operations; est completion in 0 second 
DBWrapper: report latency for each error is false and specific error codes to track for latency are: []
2026-10-10 02:52:41:214 10 sec: 29088 operations; 2908.51 current ops/sec; est completion in 3 days 23 hours READ count: 14500, average latency(us): 153.81 UPDATE count: 14588, average latency(us): 170.47 
2026-10-10 02:52:51:214 20 sec: 59087 operations; 3000.2 current ops/sec; est completion in 3 days 22 hours READ count: 14903, average latency(us): 105.18 UPDATE count: 15097, average latency(us): 118.76 
Maximum time elapsed. Requesting stop for the workload.
Stop requested for workload. Now Joining!
2026-10-10 02:53:01:214 30 sec: 89087 operations; 3000 current ops/sec; est completion in 3 days 21 hours READ count: 15006, average latency(us): 110.56 UPDATE count: 14994, average latency(us): 123.45 
2026-10-10 02:53:01:217 30 sec: 89089 operations; 666.67 current ops/sec; est completion in 3 days 21 hours  CLEANUP count: 1, average latency(us): 1636.00 UPDATE count: 1, average latency(us): 337.00 


/opt/hostedtoolcache/Java_Temurin-Hotspot_jdk/17.0.20-1/x64/bin/java  -classpath /home/runner/ycsb-mongodb-binding-0.17.0/conf:/home/runner/ycsb-mongodb-binding-0.17.0/lib/HdrHistogram-2.1.4.jar:/home/runner/ycsb-mongodb-binding-0.17.0/lib/core-0.17.0.jar:/home/runner/ycsb-mongodb-binding-0.17.0/lib/htrace-core4-4.1.0-incubating.jar:/home/runner/ycsb-mongodb-binding-0.17.0/lib/jackson-core-asl-1.9.4.jar:/home/runner/ycsb-mongodb-binding-0.17.0/lib/jackson-mapper-asl-1.9.4.jar:/home/runner/ycsb-mongodb-binding-0.17.0/lib/logback-classic-1.1.2.jar:/home/runner/ycsb-mongodb-binding-0.17.0/lib/logback-core-1.1.2.jar:/home/runner/ycsb-mongodb-binding-0.17.0/lib/mongo-java-driver-3.8.0.jar:/home/runner/ycsb-mongodb-binding-0.17.0/lib/mongodb-async-driver-2.0.1.jar:/home/runner/ycsb-mongodb-binding-0.17.0/lib/mongodb-binding-0.17.0.jar:/home/runner/ycsb-mongodb-binding-0.17.0/lib/slf4j-api-1.7.25.jar:/home/runner/ycsb-mongodb-binding-0.17.0/lib/snappy-java-1.1.7.1.jar site.ycsb.Client -t -db site.ycsb.db.MongoDbClient -s -P /home/runner/ycsb-mongodb-binding-0.17.0/workloads/workloada -p mongodb.url=mongodb://127.0.0.1:27017/ycsb?w=1 -p measurementtype=raw -p measurement.raw.output_file=/home/runner/work/The-Omni-Compass/The-Omni-Compass/out/ycsb-tuning/rep-3/omni/notch-5.raw -p recordcount=750000 -p operationcount=1000000000 -p maxexecutiontime=30 -p target=3000 -p threads=32 -p insertstart=0 -p insertorder=ordered -p requestdistribution=uniform -p seed=100304
mongo client connection created with mongodb://127.0.0.1:27017/ycsb?w=1
Raw data measurement: will output to result file: /home/runner/work/The-Omni-Compass/The-Omni-Compass/out/ycsb-tuning/rep-3/omni/notch-5.raw
Raw data measurement: will output to result file: /home/runner/work/The-Omni-Compass/The-Omni-Compass/out/ycsb-tuning/rep-3/omni/notch-5.raw
Raw data measurement: will output to result file: /home/runner/work/The-Omni-Compass/The-Omni-Compass/out/ycsb-tuning/rep-3/omni/notch-5.raw
[OVERALL], RunTime(ms), 30002
[OVERALL], Throughput(ops/sec), 2969.702019865342
[TOTAL_GCS_G1_Young_Generation], Count, 14
[TOTAL_GC_TIME_G1_Young_Generation], Time(ms), 76
[TOTAL_GC_TIME_%_G1_Young_Generation], Time(%), 0.2533164455702953
[TOTAL_GCS_G1_Old_Generation], Count, 0
[TOTAL_GC_TIME_G1_Old_Generation], Time(ms), 0
[TOTAL_GC_TIME_%_G1_Old_Generation], Time(%), 0.0
[TOTAL_GCs], Count, 14
[TOTAL_GC_TIME], Time(ms), 76
[TOTAL_GC_TIME_%], Time(%), 0.2533164455702953
[READ], Total Operations, 44671
[READ], Below is a summary of latency in microseconds:, -1
[READ], Average, 129.9234178773701
[READ], Min, 68
[READ], Max, 46172
[READ], p1, 73
[READ], p5, 77
[READ], p50, 106
[READ], p90, 175
[READ], p95, 217
[READ], p99, 441
[READ], p99.9, 1897
[READ], p99.99, 8250
[READ], Return=OK, 44671
[CLEANUP], Total Operations, 1
[CLEANUP], Below is a summary of latency in microseconds:, -1
[CLEANUP], Average, 1125.0
[CLEANUP], Min, 1125
[CLEANUP], Max, 1125
[CLEANUP], p1, 1125
[CLEANUP], p5, 1125
[CLEANUP], p50, 1125
[CLEANUP], p90, 1125
[CLEANUP], p95, 1125
[CLEANUP], p99, 1125
[CLEANUP], p99.9, 1125
[CLEANUP], p99.99, 1125
[UPDATE], Total Operations, 44426
[UPDATE], Below is a summary of latency in microseconds:, -1
[UPDATE], Average, 145.04188988430198
[UPDATE], Min, 79
[UPDATE], Max, 9643
[UPDATE], p1, 85
[UPDATE], p5, 89
[UPDATE], p50, 122
[UPDATE], p90, 204
[UPDATE], p95, 252
[UPDATE], p99, 461
[UPDATE], p99.9, 1401
[UPDATE], p99.99, 7218
[UPDATE], Return=OK, 44426

Command line: -t -db site.ycsb.db.MongoDbClient -s -P /home/runner/ycsb-mongodb-binding-0.17.0/workloads/workloada -p mongodb.url=mongodb://127.0.0.1:27017/ycsb?w=1 -p measurementtype=raw -p measurement.raw.output_file=/home/runner/work/The-Omni-Compass/The-Omni-Compass/out/ycsb-tuning/rep-3/omni/notch-5.raw -p recordcount=750000 -p operationcount=1000000000 -p maxexecutiontime=30 -p target=3000 -p threads=32 -p insertstart=0 -p insertorder=ordered -p requestdistribution=uniform -p seed=100304
YCSB Client 0.17.0

Loading workload...
Starting test.
Maximum execution time specified as: 30 secs
2026-10-10 02:53:01:836 0 sec: 0 operations; est completion in 0 second 
DBWrapper: report latency for each error is false and specific error codes to track for latency are: []
2026-10-10 02:53:11:806 10 sec: 29095 operations; 2909.5 current ops/sec; est completion in 3 days 23 hours READ count: 14612, average latency(us): 158.55 UPDATE count: 14486, average latency(us): 177.24 
2026-10-10 02:53:21:806 20 sec: 59095 operations; 3000 current ops/sec; est completion in 3 days 22 hours READ count: 15071, average latency(us): 118.68 UPDATE count: 14927, average latency(us): 131.06 
Maximum time elapsed. Requesting stop for the workload.
Stop requested for workload. Now Joining!
2026-10-10 02:53:31:806 30 sec: 89095 operations; 3000 current ops/sec; est completion in 3 days 21 hours READ count: 14987, average latency(us): 113.31 UPDATE count: 15013, average latency(us): 127.88 
2026-10-10 02:53:31:808 30 sec: 89097 operations; 1000 current ops/sec; est completion in 3 days 21 hours READ count: 1, average latency(us): 374.00 CLEANUP count: 1, average latency(us): 1125.00  


/opt/hostedtoolcache/Java_Temurin-Hotspot_jdk/17.0.20-1/x64/bin/java  -classpath /home/runner/ycsb-mongodb-binding-0.17.0/conf:/home/runner/ycsb-mongodb-binding-0.17.0/lib/HdrHistogram-2.1.4.jar:/home/runner/ycsb-mongodb-binding-0.17.0/lib/core-0.17.0.jar:/home/runner/ycsb-mongodb-binding-0.17.0/lib/htrace-core4-4.1.0-incubating.jar:/home/runner/ycsb-mongodb-binding-0.17.0/lib/jackson-core-asl-1.9.4.jar:/home/runner/ycsb-mongodb-binding-0.17.0/lib/jackson-mapper-asl-1.9.4.jar:/home/runner/ycsb-mongodb-binding-0.17.0/lib/logback-classic-1.1.2.jar:/home/runner/ycsb-mongodb-binding-0.17.0/lib/logback-core-1.1.2.jar:/home/runner/ycsb-mongodb-binding-0.17.0/lib/mongo-java-driver-3.8.0.jar:/home/runner/ycsb-mongodb-binding-0.17.0/lib/mongodb-async-driver-2.0.1.jar:/home/runner/ycsb-mongodb-binding-0.17.0/lib/mongodb-binding-0.17.0.jar:/home/runner/ycsb-mongodb-binding-0.17.0/lib/slf4j-api-1.7.25.jar:/home/runner/ycsb-mongodb-binding-0.17.0/lib/snappy-java-1.1.7.1.jar site.ycsb.Client -t -db site.ycsb.db.MongoDbClient -s -P /home/runner/ycsb-mongodb-binding-0.17.0/workloads/workloada -p mongodb.url=mongodb://127.0.0.1:27017/ycsb?w=1 -p measurementtype=raw -p measurement.raw.output_file=/home/runner/work/The-Omni-Compass/The-Omni-Compass/out/ycsb-tuning/rep-3/omni/notch-6.raw -p recordcount=1000000 -p operationcount=1000000000 -p maxexecutiontime=30 -p target=3000 -p threads=32 -p insertstart=0 -p insertorder=ordered -p requestdistribution=uniform -p seed=100305
mongo client connection created with mongodb://127.0.0.1:27017/ycsb?w=1
Raw data measurement: will output to result file: /home/runner/work/The-Omni-Compass/The-Omni-Compass/out/ycsb-tuning/rep-3/omni/notch-6.raw
Raw data measurement: will output to result file: /home/runner/work/The-Omni-Compass/The-Omni-Compass/out/ycsb-tuning/rep-3/omni/notch-6.raw
Raw data measurement: will output to result file: /home/runner/work/The-Omni-Compass/The-Omni-Compass/out/ycsb-tuning/rep-3/omni/notch-6.raw
[OVERALL], RunTime(ms), 30003
[OVERALL], Throughput(ops/sec), 2971.202879712029
[TOTAL_GCS_G1_Young_Generation], Count, 14
[TOTAL_GC_TIME_G1_Young_Generation], Time(ms), 77
[TOTAL_GC_TIME_%_G1_Young_Generation], Time(%), 0.25664100256641
[TOTAL_GCS_G1_Old_Generation], Count, 0
[TOTAL_GC_TIME_G1_Old_Generation], Time(ms), 0
[TOTAL_GC_TIME_%_G1_Old_Generation], Time(%), 0.0
[TOTAL_GCs], Count, 14
[TOTAL_GC_TIME], Time(ms), 77
[TOTAL_GC_TIME_%], Time(%), 0.25664100256641
[READ], Total Operations, 44573
[READ], Below is a summary of latency in microseconds:, -1
[READ], Average, 161.6472303861082
[READ], Min, 66
[READ], Max, 44736
[READ], p1, 75
[READ], p5, 79
[READ], p50, 110
[READ], p90, 270
[READ], p95, 392
[READ], p99, 575
[READ], p99.9, 6304
[READ], p99.99, 15490
[READ], Return=OK, 44573
[CLEANUP], Total Operations, 1
[CLEANUP], Below is a summary of latency in microseconds:, -1
[CLEANUP], Average, 1240.0
[CLEANUP], Min, 1240
[CLEANUP], Max, 1240
[CLEANUP], p1, 1240
[CLEANUP], p5, 1240
[CLEANUP], p50, 1240
[CLEANUP], p90, 1240
[CLEANUP], p95, 1240
[CLEANUP], p99, 1240
[CLEANUP], p99.9, 1240
[CLEANUP], p99.99, 1240
[UPDATE], Total Operations, 44572
[UPDATE], Below is a summary of latency in microseconds:, -1
[UPDATE], Average, 177.27463429956026
[UPDATE], Min, 80
[UPDATE], Max, 12489
[UPDATE], p1, 86
[UPDATE], p5, 91
[UPDATE], p50, 125
[UPDATE], p90, 311
[UPDATE], p95, 412
[UPDATE], p99, 630
[UPDATE], p99.9, 6159
[UPDATE], p99.99, 9715
[UPDATE], Return=OK, 44572

Command line: -t -db site.ycsb.db.MongoDbClient -s -P /home/runner/ycsb-mongodb-binding-0.17.0/workloads/workloada -p mongodb.url=mongodb://127.0.0.1:27017/ycsb?w=1 -p measurementtype=raw -p measurement.raw.output_file=/home/runner/work/The-Omni-Compass/The-Omni-Compass/out/ycsb-tuning/rep-3/omni/notch-6.raw -p recordcount=1000000 -p operationcount=1000000000 -p maxexecutiontime=30 -p target=3000 -p threads=32 -p insertstart=0 -p insertorder=ordered -p requestdistribution=uniform -p seed=100305
YCSB Client 0.17.0

Loading workload...
Starting test.
Maximum execution time specified as: 30 secs
2026-10-10 02:53:32:402 0 sec: 0 operations; est completion in 0 second 
DBWrapper: report latency for each error is false and specific error codes to track for latency are: []
2026-10-10 02:53:42:371 10 sec: 29144 operations; 2914.11 current ops/sec; est completion in 3 days 23 hours READ count: 14588, average latency(us): 192.31 UPDATE count: 14559, average latency(us): 209.53 
2026-10-10 02:53:52:371 20 sec: 59143 operations; 3000.2 current ops/sec; est completion in 3 days 21 hours READ count: 14981, average latency(us): 132.75 UPDATE count: 15015, average latency(us): 146.64 
Maximum time elapsed. Requesting stop for the workload.
Stop requested for workload. Now Joining!
2026-10-10 02:54:02:371 30 sec: 89144 operations; 3000.1 current ops/sec; est completion in 3 days 21 hours READ count: 15004, average latency(us): 160.68 UPDATE count: 14998, average latency(us): 176.64 
2026-10-10 02:54:02:373 30 sec: 89145 operations; 333.33 current ops/sec; est completion in 3 days 21 hours  CLEANUP count: 1, average latency(us): 1240.00  


/opt/hostedtoolcache/Java_Temurin-Hotspot_jdk/17.0.20-1/x64/bin/java  -classpath /home/runner/ycsb-mongodb-binding-0.17.0/conf:/home/runner/ycsb-mongodb-binding-0.17.0/lib/HdrHistogram-2.1.4.jar:/home/runner/ycsb-mongodb-binding-0.17.0/lib/core-0.17.0.jar:/home/runner/ycsb-mongodb-binding-0.17.0/lib/htrace-core4-4.1.0-incubating.jar:/home/runner/ycsb-mongodb-binding-0.17.0/lib/jackson-core-asl-1.9.4.jar:/home/runner/ycsb-mongodb-binding-0.17.0/lib/jackson-mapper-asl-1.9.4.jar:/home/runner/ycsb-mongodb-binding-0.17.0/lib/logback-classic-1.1.2.jar:/home/runner/ycsb-mongodb-binding-0.17.0/lib/logback-core-1.1.2.jar:/home/runner/ycsb-mongodb-binding-0.17.0/lib/mongo-java-driver-3.8.0.jar:/home/runner/ycsb-mongodb-binding-0.17.0/lib/mongodb-async-driver-2.0.1.jar:/home/runner/ycsb-mongodb-binding-0.17.0/lib/mongodb-binding-0.17.0.jar:/home/runner/ycsb-mongodb-binding-0.17.0/lib/slf4j-api-1.7.25.jar:/home/runner/ycsb-mongodb-binding-0.17.0/lib/snappy-java-1.1.7.1.jar site.ycsb.Client -t -db site.ycsb.db.MongoDbClient -s -P /home/runner/ycsb-mongodb-binding-0.17.0/workloads/workloada -p mongodb.url=mongodb://127.0.0.1:27017/ycsb?w=1 -p measurementtype=raw -p measurement.raw.output_file=/home/runner/work/The-Omni-Compass/The-Omni-Compass/out/ycsb-tuning/rep-3/omni/notch-7.raw -p recordcount=1250000 -p operationcount=1000000000 -p maxexecutiontime=30 -p target=3000 -p threads=32 -p insertstart=0 -p insertorder=ordered -p requestdistribution=uniform -p seed=100306
mongo client connection created with mongodb://127.0.0.1:27017/ycsb?w=1
Raw data measurement: will output to result file: /home/runner/work/The-Omni-Compass/The-Omni-Compass/out/ycsb-tuning/rep-3/omni/notch-7.raw
Raw data measurement: will output to result file: /home/runner/work/The-Omni-Compass/The-Omni-Compass/out/ycsb-tuning/rep-3/omni/notch-7.raw
Raw data measurement: will output to result file: /home/runner/work/The-Omni-Compass/The-Omni-Compass/out/ycsb-tuning/rep-3/omni/notch-7.raw
[OVERALL], RunTime(ms), 30003
[OVERALL], Throughput(ops/sec), 2968.469819684698
[TOTAL_GCS_G1_Young_Generation], Count, 14
[TOTAL_GC_TIME_G1_Young_Generation], Time(ms), 74
[TOTAL_GC_TIME_%_G1_Young_Generation], Time(%), 0.24664200246642004
[TOTAL_GCS_G1_Old_Generation], Count, 0
[TOTAL_GC_TIME_G1_Old_Generation], Time(ms), 0
[TOTAL_GC_TIME_%_G1_Old_Generation], Time(%), 0.0
[TOTAL_GCs], Count, 14
[TOTAL_GC_TIME], Time(ms), 74
[TOTAL_GC_TIME_%], Time(%), 0.24664200246642004
[READ], Total Operations, 44560
[READ], Below is a summary of latency in microseconds:, -1
[READ], Average, 153.35394973070018
[READ], Min, 70
[READ], Max, 9489
[READ], p1, 76
[READ], p5, 81
[READ], p50, 113
[READ], p90, 261
[READ], p95, 389
[READ], p99, 555
[READ], p99.9, 1882
[READ], p99.99, 8637
[READ], Return=OK, 44560
[CLEANUP], Total Operations, 1
[CLEANUP], Below is a summary of latency in microseconds:, -1
[CLEANUP], Average, 1076.0
[CLEANUP], Min, 1076
[CLEANUP], Max, 1076
[CLEANUP], p1, 1076
[CLEANUP], p5, 1076
[CLEANUP], p50, 1076
[CLEANUP], p90, 1076
[CLEANUP], p95, 1076
[CLEANUP], p99, 1076
[CLEANUP], p99.9, 1076
[CLEANUP], p99.99, 1076
[UPDATE], Total Operations, 44503
[UPDATE], Below is a summary of latency in microseconds:, -1
[UPDATE], Average, 171.22095139653507
[UPDATE], Min, 80
[UPDATE], Max, 42426
[UPDATE], p1, 88
[UPDATE], p5, 94
[UPDATE], p50, 131
[UPDATE], p90, 279
[UPDATE], p95, 406
[UPDATE], p99, 599
[UPDATE], p99.9, 1948
[UPDATE], p99.99, 9354
[UPDATE], Return=OK, 44503

Command line: -t -db site.ycsb.db.MongoDbClient -s -P /home/runner/ycsb-mongodb-binding-0.17.0/workloads/workloada -p mongodb.url=mongodb://127.0.0.1:27017/ycsb?w=1 -p measurementtype=raw -p measurement.raw.output_file=/home/runner/work/The-Omni-Compass/The-Omni-Compass/out/ycsb-tuning/rep-3/omni/notch-7.raw -p recordcount=1250000 -p operationcount=1000000000 -p maxexecutiontime=30 -p target=3000 -p threads=32 -p insertstart=0 -p insertorder=ordered -p requestdistribution=uniform -p seed=100306
YCSB Client 0.17.0

Loading workload...
Starting test.
Maximum execution time specified as: 30 secs
2026-10-10 02:54:02:998 0 sec: 0 operations; est completion in 0 second 
DBWrapper: report latency for each error is false and specific error codes to track for latency are: []
2026-10-10 02:54:12:956 10 sec: 29059 operations; 2905.9 current ops/sec; est completion in 3 days 23 hours READ count: 14629, average latency(us): 196.91 UPDATE count: 14432, average latency(us): 223.66 
2026-10-10 02:54:22:956 20 sec: 59059 operations; 3000 current ops/sec; est completion in 3 days 22 hours READ count: 14864, average latency(us): 133.55 UPDATE count: 15135, average latency(us): 146.82 
2026-10-10 02:54:32:956 30 sec: 89058 operations; 2999.9 current ops/sec; est completion in 3 days 21 hours READ count: 15066, average latency(us): 130.60 UPDATE count: 14934, average latency(us): 145.26 
Maximum time elapsed. Requesting stop for the workload.
Stop requested for workload. Now Joining!
2026-10-10 02:54:32:959 30 sec: 89063 operations; 1666.67 current ops/sec; est completion in 3 days 21 hours READ count: 1, average latency(us): 169.00 CLEANUP count: 1, average latency(us): 1076.00 UPDATE count: 2, average latency(us): 213.50 


/opt/hostedtoolcache/Java_Temurin-Hotspot_jdk/17.0.20-1/x64/bin/java  -classpath /home/runner/ycsb-mongodb-binding-0.17.0/conf:/home/runner/ycsb-mongodb-binding-0.17.0/lib/HdrHistogram-2.1.4.jar:/home/runner/ycsb-mongodb-binding-0.17.0/lib/core-0.17.0.jar:/home/runner/ycsb-mongodb-binding-0.17.0/lib/htrace-core4-4.1.0-incubating.jar:/home/runner/ycsb-mongodb-binding-0.17.0/lib/jackson-core-asl-1.9.4.jar:/home/runner/ycsb-mongodb-binding-0.17.0/lib/jackson-mapper-asl-1.9.4.jar:/home/runner/ycsb-mongodb-binding-0.17.0/lib/logback-classic-1.1.2.jar:/home/runner/ycsb-mongodb-binding-0.17.0/lib/logback-core-1.1.2.jar:/home/runner/ycsb-mongodb-binding-0.17.0/lib/mongo-java-driver-3.8.0.jar:/home/runner/ycsb-mongodb-binding-0.17.0/lib/mongodb-async-driver-2.0.1.jar:/home/runner/ycsb-mongodb-binding-0.17.0/lib/mongodb-binding-0.17.0.jar:/home/runner/ycsb-mongodb-binding-0.17.0/lib/slf4j-api-1.7.25.jar:/home/runner/ycsb-mongodb-binding-0.17.0/lib/snappy-java-1.1.7.1.jar site.ycsb.Client -t -db site.ycsb.db.MongoDbClient -s -P /home/runner/ycsb-mongodb-binding-0.17.0/workloads/workloada -p mongodb.url=mongodb://127.0.0.1:27017/ycsb?w=1 -p measurementtype=raw -p measurement.raw.output_file=/home/runner/work/The-Omni-Compass/The-Omni-Compass/out/ycsb-tuning/rep-3/omni/notch-8.raw -p recordcount=1500000 -p operationcount=1000000000 -p maxexecutiontime=30 -p target=3000 -p threads=32 -p insertstart=0 -p insertorder=ordered -p requestdistribution=uniform -p seed=100307
mongo client connection created with mongodb://127.0.0.1:27017/ycsb?w=1
Raw data measurement: will output to result file: /home/runner/work/The-Omni-Compass/The-Omni-Compass/out/ycsb-tuning/rep-3/omni/notch-8.raw
Raw data measurement: will output to result file: /home/runner/work/The-Omni-Compass/The-Omni-Compass/out/ycsb-tuning/rep-3/omni/notch-8.raw
Raw data measurement: will output to result file: /home/runner/work/The-Omni-Compass/The-Omni-Compass/out/ycsb-tuning/rep-3/omni/notch-8.raw
[OVERALL], RunTime(ms), 30003
[OVERALL], Throughput(ops/sec), 2968.8364496883646
[TOTAL_GCS_G1_Young_Generation], Count, 14
[TOTAL_GC_TIME_G1_Young_Generation], Time(ms), 75
[TOTAL_GC_TIME_%_G1_Young_Generation], Time(%), 0.24997500249975005
[TOTAL_GCS_G1_Old_Generation], Count, 0
[TOTAL_GC_TIME_G1_Old_Generation], Time(ms), 0
[TOTAL_GC_TIME_%_G1_Old_Generation], Time(%), 0.0
[TOTAL_GCs], Count, 14
[TOTAL_GC_TIME], Time(ms), 75
[TOTAL_GC_TIME_%], Time(%), 0.24997500249975005
[READ], Total Operations, 44569
[READ], Below is a summary of latency in microseconds:, -1
[READ], Average, 185.5843074782921
[READ], Min, 67
[READ], Max, 31439
[READ], p1, 75
[READ], p5, 83
[READ], p50, 113
[READ], p90, 230
[READ], p95, 384
[READ], p99, 621
[READ], p99.9, 9023
[READ], p99.99, 16852
[READ], Return=OK, 44569
[CLEANUP], Total Operations, 1
[CLEANUP], Below is a summary of latency in microseconds:, -1
[CLEANUP], Average, 1256.0
[CLEANUP], Min, 1256
[CLEANUP], Max, 1256
[CLEANUP], p1, 1256
[CLEANUP], p5, 1256
[CLEANUP], p50, 1256
[CLEANUP], p90, 1256
[CLEANUP], p95, 1256
[CLEANUP], p99, 1256
[CLEANUP], p99.9, 1256
[CLEANUP], p99.99, 1256
[UPDATE], Total Operations, 44505
[UPDATE], Below is a summary of latency in microseconds:, -1
[UPDATE], Average, 203.28630490956073
[UPDATE], Min, 77
[UPDATE], Max, 44426
[UPDATE], p1, 87
[UPDATE], p5, 95
[UPDATE], p50, 129
[UPDATE], p90, 266
[UPDATE], p95, 407
[UPDATE], p99, 652
[UPDATE], p99.9, 9124
[UPDATE], p99.99, 17217
[UPDATE], Return=OK, 44505

Command line: -t -db site.ycsb.db.MongoDbClient -s -P /home/runner/ycsb-mongodb-binding-0.17.0/workloads/workloada -p mongodb.url=mongodb://127.0.0.1:27017/ycsb?w=1 -p measurementtype=raw -p measurement.raw.output_file=/home/runner/work/The-Omni-Compass/The-Omni-Compass/out/ycsb-tuning/rep-3/omni/notch-8.raw -p recordcount=1500000 -p operationcount=1000000000 -p maxexecutiontime=30 -p target=3000 -p threads=32 -p insertstart=0 -p insertorder=ordered -p requestdistribution=uniform -p seed=100307
YCSB Client 0.17.0

Loading workload...
Starting test.
Maximum execution time specified as: 30 secs
2026-10-10 02:54:33:563 0 sec: 0 operations; est completion in 0 second 
DBWrapper: report latency for each error is false and specific error codes to track for latency are: []
2026-10-10 02:54:43:534 10 sec: 29073 operations; 2907.3 current ops/sec; est completion in 3 days 23 hours READ count: 14507, average latency(us): 269.13 UPDATE count: 14568, average latency(us): 287.57 
2026-10-10 02:54:53:533 20 sec: 59073 operations; 3000 current ops/sec; est completion in 3 days 22 hours READ count: 15063, average latency(us): 161.07 UPDATE count: 14935, average latency(us): 181.15 
Maximum time elapsed. Requesting stop for the workload.
Stop requested for workload. Now Joining!
2026-10-10 02:55:03:534 30 sec: 89073 operations; 3000 current ops/sec; est completion in 3 days 21 hours READ count: 14999, average latency(us): 129.41 UPDATE count: 15002, average latency(us): 143.48 
2026-10-10 02:55:03:536 30 sec: 89074 operations; 500 current ops/sec; est completion in 3 days 21 hours  CLEANUP count: 1, average latency(us): 1256.00  


/opt/hostedtoolcache/Java_Temurin-Hotspot_jdk/17.0.20-1/x64/bin/java  -classpath /home/runner/ycsb-mongodb-binding-0.17.0/conf:/home/runner/ycsb-mongodb-binding-0.17.0/lib/HdrHistogram-2.1.4.jar:/home/runner/ycsb-mongodb-binding-0.17.0/lib/core-0.17.0.jar:/home/runner/ycsb-mongodb-binding-0.17.0/lib/htrace-core4-4.1.0-incubating.jar:/home/runner/ycsb-mongodb-binding-0.17.0/lib/jackson-core-asl-1.9.4.jar:/home/runner/ycsb-mongodb-binding-0.17.0/lib/jackson-mapper-asl-1.9.4.jar:/home/runner/ycsb-mongodb-binding-0.17.0/lib/logback-classic-1.1.2.jar:/home/runner/ycsb-mongodb-binding-0.17.0/lib/logback-core-1.1.2.jar:/home/runner/ycsb-mongodb-binding-0.17.0/lib/mongo-java-driver-3.8.0.jar:/home/runner/ycsb-mongodb-binding-0.17.0/lib/mongodb-async-driver-2.0.1.jar:/home/runner/ycsb-mongodb-binding-0.17.0/lib/mongodb-binding-0.17.0.jar:/home/runner/ycsb-mongodb-binding-0.17.0/lib/slf4j-api-1.7.25.jar:/home/runner/ycsb-mongodb-binding-0.17.0/lib/snappy-java-1.1.7.1.jar site.ycsb.Client -t -db site.ycsb.db.MongoDbClient -s -P /home/runner/ycsb-mongodb-binding-0.17.0/workloads/workloada -p mongodb.url=mongodb://127.0.0.1:27017/ycsb?w=1 -p measurementtype=raw -p measurement.raw.output_file=/home/runner/work/The-Omni-Compass/The-Omni-Compass/out/ycsb-tuning/rep-3/omni/notch-9.raw -p recordcount=1250000 -p operationcount=1000000000 -p maxexecutiontime=30 -p target=3000 -p threads=32 -p insertstart=0 -p insertorder=ordered -p requestdistribution=uniform -p seed=100308
mongo client connection created with mongodb://127.0.0.1:27017/ycsb?w=1
Raw data measurement: will output to result file: /home/runner/work/The-Omni-Compass/The-Omni-Compass/out/ycsb-tuning/rep-3/omni/notch-9.raw
Raw data measurement: will output to result file: /home/runner/work/The-Omni-Compass/The-Omni-Compass/out/ycsb-tuning/rep-3/omni/notch-9.raw
Raw data measurement: will output to result file: /home/runner/work/The-Omni-Compass/The-Omni-Compass/out/ycsb-tuning/rep-3/omni/notch-9.raw
[OVERALL], RunTime(ms), 30003
[OVERALL], Throughput(ops/sec), 2969.8030196980303
[TOTAL_GCS_G1_Young_Generation], Count, 14
[TOTAL_GC_TIME_G1_Young_Generation], Time(ms), 81
[TOTAL_GC_TIME_%_G1_Young_Generation], Time(%), 0.26997300269973
[TOTAL_GCS_G1_Old_Generation], Count, 0
[TOTAL_GC_TIME_G1_Old_Generation], Time(ms), 0
[TOTAL_GC_TIME_%_G1_Old_Generation], Time(%), 0.0
[TOTAL_GCs], Count, 14
[TOTAL_GC_TIME], Time(ms), 81
[TOTAL_GC_TIME_%], Time(%), 0.26997300269973
[READ], Total Operations, 44451
[READ], Below is a summary of latency in microseconds:, -1
[READ], Average, 132.02294661537422
[READ], Min, 70
[READ], Max, 25646
[READ], p1, 76
[READ], p5, 80
[READ], p50, 107
[READ], p90, 175
[READ], p95, 213
[READ], p99, 428
[READ], p99.9, 2113
[READ], p99.99, 8695
[READ], Return=OK, 44451
[CLEANUP], Total Operations, 1
[CLEANUP], Below is a summary of latency in microseconds:, -1
[CLEANUP], Average, 1065.0
[CLEANUP], Min, 1065
[CLEANUP], Max, 1065
[CLEANUP], p1, 1065
[CLEANUP], p5, 1065
[CLEANUP], p50, 1065
[CLEANUP], p90, 1065
[CLEANUP], p95, 1065
[CLEANUP], p99, 1065
[CLEANUP], p99.9, 1065
[CLEANUP], p99.99, 1065
[UPDATE], Total Operations, 44652
[UPDATE], Below is a summary of latency in microseconds:, -1
[UPDATE], Average, 148.12765385649018
[UPDATE], Min, 80
[UPDATE], Max, 40625
[UPDATE], p1, 87
[UPDATE], p5, 92
[UPDATE], p50, 124
[UPDATE], p90, 201
[UPDATE], p95, 248
[UPDATE], p99, 466
[UPDATE], p99.9, 1535
[UPDATE], p99.99, 6518
[UPDATE], Return=OK, 44652

Command line: -t -db site.ycsb.db.MongoDbClient -s -P /home/runner/ycsb-mongodb-binding-0.17.0/workloads/workloada -p mongodb.url=mongodb://127.0.0.1:27017/ycsb?w=1 -p measurementtype=raw -p measurement.raw.output_file=/home/runner/work/The-Omni-Compass/The-Omni-Compass/out/ycsb-tuning/rep-3/omni/notch-9.raw -p recordcount=1250000 -p operationcount=1000000000 -p maxexecutiontime=30 -p target=3000 -p threads=32 -p insertstart=0 -p insertorder=ordered -p requestdistribution=uniform -p seed=100308
YCSB Client 0.17.0

Loading workload...
Starting test.
Maximum execution time specified as: 30 secs
2026-10-10 02:55:04:138 0 sec: 0 operations; est completion in 0 second 
DBWrapper: report latency for each error is false and specific error codes to track for latency are: []
2026-10-10 02:55:14:108 10 sec: 29100 operations; 2910 current ops/sec; est completion in 3 days 23 hours READ count: 14582, average latency(us): 156.36 UPDATE count: 14519, average latency(us): 176.65 
2026-10-10 02:55:24:109 20 sec: 59102 operations; 3000.2 current ops/sec; est completion in 3 days 21 hours READ count: 15027, average latency(us): 121.65 UPDATE count: 14975, average latency(us): 135.69 
Maximum time elapsed. Requesting stop for the workload.
2026-10-10 02:55:34:107 30 sec: 89100 operations; 2999.8 current ops/sec; est completion in 3 days 21 hours READ count: 14841, average latency(us): 118.60 UPDATE count: 15157, average latency(us): 133.08 
Stop requested for workload. Now Joining!
2026-10-10 02:55:34:110 30 sec: 89103 operations; 1000 current ops/sec; est completion in 3 days 21 hours READ count: 1, average latency(us): 318.00 CLEANUP count: 1, average latency(us): 1065.00 UPDATE count: 1, average latency(us): 237.00 


/opt/hostedtoolcache/Java_Temurin-Hotspot_jdk/17.0.20-1/x64/bin/java  -classpath /home/runner/ycsb-mongodb-binding-0.17.0/conf:/home/runner/ycsb-mongodb-binding-0.17.0/lib/HdrHistogram-2.1.4.jar:/home/runner/ycsb-mongodb-binding-0.17.0/lib/core-0.17.0.jar:/home/runner/ycsb-mongodb-binding-0.17.0/lib/htrace-core4-4.1.0-incubating.jar:/home/runner/ycsb-mongodb-binding-0.17.0/lib/jackson-core-asl-1.9.4.jar:/home/runner/ycsb-mongodb-binding-0.17.0/lib/jackson-mapper-asl-1.9.4.jar:/home/runner/ycsb-mongodb-binding-0.17.0/lib/logback-classic-1.1.2.jar:/home/runner/ycsb-mongodb-binding-0.17.0/lib/logback-core-1.1.2.jar:/home/runner/ycsb-mongodb-binding-0.17.0/lib/mongo-java-driver-3.8.0.jar:/home/runner/ycsb-mongodb-binding-0.17.0/lib/mongodb-async-driver-2.0.1.jar:/home/runner/ycsb-mongodb-binding-0.17.0/lib/mongodb-binding-0.17.0.jar:/home/runner/ycsb-mongodb-binding-0.17.0/lib/slf4j-api-1.7.25.jar:/home/runner/ycsb-mongodb-binding-0.17.0/lib/snappy-java-1.1.7.1.jar site.ycsb.Client -t -db site.ycsb.db.MongoDbClient -s -P /home/runner/ycsb-mongodb-binding-0.17.0/workloads/workloada -p mongodb.url=mongodb://127.0.0.1:27017/ycsb?w=1 -p measurementtype=raw -p measurement.raw.output_file=/home/runner/work/The-Omni-Compass/The-Omni-Compass/out/ycsb-tuning/rep-3/omni/notch-10.raw -p recordcount=1000000 -p operationcount=1000000000 -p maxexecutiontime=30 -p target=3000 -p threads=32 -p insertstart=0 -p insertorder=ordered -p requestdistribution=uniform -p seed=100309
mongo client connection created with mongodb://127.0.0.1:27017/ycsb?w=1
Raw data measurement: will output to result file: /home/runner/work/The-Omni-Compass/The-Omni-Compass/out/ycsb-tuning/rep-3/omni/notch-10.raw
Raw data measurement: will output to result file: /home/runner/work/The-Omni-Compass/The-Omni-Compass/out/ycsb-tuning/rep-3/omni/notch-10.raw
Raw data measurement: will output to result file: /home/runner/work/The-Omni-Compass/The-Omni-Compass/out/ycsb-tuning/rep-3/omni/notch-10.raw
[OVERALL], RunTime(ms), 30003
[OVERALL], Throughput(ops/sec), 2970.00299970003
[TOTAL_GCS_G1_Young_Generation], Count, 14
[TOTAL_GC_TIME_G1_Young_Generation], Time(ms), 73
[TOTAL_GC_TIME_%_G1_Young_Generation], Time(%), 0.24330900243309003
[TOTAL_GCS_G1_Old_Generation], Count, 0
[TOTAL_GC_TIME_G1_Old_Generation], Time(ms), 0
[TOTAL_GC_TIME_%_G1_Old_Generation], Time(%), 0.0
[TOTAL_GCs], Count, 14
[TOTAL_GC_TIME], Time(ms), 73
[TOTAL_GC_TIME_%], Time(%), 0.24330900243309003
[READ], Total Operations, 44239
[READ], Below is a summary of latency in microseconds:, -1
[READ], Average, 127.43606320215194
[READ], Min, 69
[READ], Max, 41735
[READ], p1, 75
[READ], p5, 80
[READ], p50, 105
[READ], p90, 170
[READ], p95, 206
[READ], p99, 408
[READ], p99.9, 1677
[READ], p99.99, 7084
[READ], Return=OK, 44239
[CLEANUP], Total Operations, 1
[CLEANUP], Below is a summary of latency in microseconds:, -1
[CLEANUP], Average, 1087.0
[CLEANUP], Min, 1087
[CLEANUP], Max, 1087
[CLEANUP], p1, 1087
[CLEANUP], p5, 1087
[CLEANUP], p50, 1087
[CLEANUP], p90, 1087
[CLEANUP], p95, 1087
[CLEANUP], p99, 1087
[CLEANUP], p99.9, 1087
[CLEANUP], p99.99, 1087
[UPDATE], Total Operations, 44870
[UPDATE], Below is a summary of latency in microseconds:, -1
[UPDATE], Average, 142.0402496099844
[UPDATE], Min, 80
[UPDATE], Max, 6810
[UPDATE], p1, 86
[UPDATE], p5, 90
[UPDATE], p50, 120
[UPDATE], p90, 199
[UPDATE], p95, 242
[UPDATE], p99, 431
[UPDATE], p99.9, 1485
[UPDATE], p99.99, 4066
[UPDATE], Return=OK, 44870

Command line: -t -db site.ycsb.db.MongoDbClient -s -P /home/runner/ycsb-mongodb-binding-0.17.0/workloads/workloada -p mongodb.url=mongodb://127.0.0.1:27017/ycsb?w=1 -p measurementtype=raw -p measurement.raw.output_file=/home/runner/work/The-Omni-Compass/The-Omni-Compass/out/ycsb-tuning/rep-3/omni/notch-10.raw -p recordcount=1000000 -p operationcount=1000000000 -p maxexecutiontime=30 -p target=3000 -p threads=32 -p insertstart=0 -p insertorder=ordered -p requestdistribution=uniform -p seed=100309
YCSB Client 0.17.0

Loading workload...
Starting test.
Maximum execution time specified as: 30 secs
2026-10-10 02:55:34:730 0 sec: 0 operations; est completion in 0 second 
DBWrapper: report latency for each error is false and specific error codes to track for latency are: []
2026-10-10 02:55:44:702 10 sec: 29108 operations; 2910.51 current ops/sec; est completion in 3 days 23 hours READ count: 14510, average latency(us): 153.42 UPDATE count: 14600, average latency(us): 169.65 
2026-10-10 02:55:54:702 20 sec: 59108 operations; 3000.3 current ops/sec; est completion in 3 days 21 hours READ count: 14853, average latency(us): 115.29 UPDATE count: 15146, average latency(us): 129.97 
Maximum time elapsed. Requesting stop for the workload.
Stop requested for workload. Now Joining!
2026-10-10 02:56:04:702 30 sec: 89108 operations; 3000 current ops/sec; est completion in 3 days 21 hours READ count: 14876, average latency(us): 114.22 UPDATE count: 15123, average latency(us): 127.45 
2026-10-10 02:56:04:704 30 sec: 89109 operations; 333.33 current ops/sec; est completion in 3 days 21 hours  CLEANUP count: 1, average latency(us): 1087.00 UPDATE count: 1, average latency(us): 528.00 


/opt/hostedtoolcache/Java_Temurin-Hotspot_jdk/17.0.20-1/x64/bin/java  -classpath /home/runner/ycsb-mongodb-binding-0.17.0/conf:/home/runner/ycsb-mongodb-binding-0.17.0/lib/HdrHistogram-2.1.4.jar:/home/runner/ycsb-mongodb-binding-0.17.0/lib/core-0.17.0.jar:/home/runner/ycsb-mongodb-binding-0.17.0/lib/htrace-core4-4.1.0-incubating.jar:/home/runner/ycsb-mongodb-binding-0.17.0/lib/jackson-core-asl-1.9.4.jar:/home/runner/ycsb-mongodb-binding-0.17.0/lib/jackson-mapper-asl-1.9.4.jar:/home/runner/ycsb-mongodb-binding-0.17.0/lib/logback-classic-1.1.2.jar:/home/runner/ycsb-mongodb-binding-0.17.0/lib/logback-core-1.1.2.jar:/home/runner/ycsb-mongodb-binding-0.17.0/lib/mongo-java-driver-3.8.0.jar:/home/runner/ycsb-mongodb-binding-0.17.0/lib/mongodb-async-driver-2.0.1.jar:/home/runner/ycsb-mongodb-binding-0.17.0/lib/mongodb-binding-0.17.0.jar:/home/runner/ycsb-mongodb-binding-0.17.0/lib/slf4j-api-1.7.25.jar:/home/runner/ycsb-mongodb-binding-0.17.0/lib/snappy-java-1.1.7.1.jar site.ycsb.Client -t -db site.ycsb.db.MongoDbClient -s -P /home/runner/ycsb-mongodb-binding-0.17.0/workloads/workloada -p mongodb.url=mongodb://127.0.0.1:27017/ycsb?w=1 -p measurementtype=raw -p measurement.raw.output_file=/home/runner/work/The-Omni-Compass/The-Omni-Compass/out/ycsb-tuning/rep-3/omni/notch-11.raw -p recordcount=750000 -p operationcount=1000000000 -p maxexecutiontime=30 -p target=3000 -p threads=32 -p insertstart=0 -p insertorder=ordered -p requestdistribution=uniform -p seed=100310
mongo client connection created with mongodb://127.0.0.1:27017/ycsb?w=1
Raw data measurement: will output to result file: /home/runner/work/The-Omni-Compass/The-Omni-Compass/out/ycsb-tuning/rep-3/omni/notch-11.raw
Raw data measurement: will output to result file: /home/runner/work/The-Omni-Compass/The-Omni-Compass/out/ycsb-tuning/rep-3/omni/notch-11.raw
Raw data measurement: will output to result file: /home/runner/work/The-Omni-Compass/The-Omni-Compass/out/ycsb-tuning/rep-3/omni/notch-11.raw
[OVERALL], RunTime(ms), 30002
[OVERALL], Throughput(ops/sec), 2969.9686687554163
[TOTAL_GCS_G1_Young_Generation], Count, 14
[TOTAL_GC_TIME_G1_Young_Generation], Time(ms), 73
[TOTAL_GC_TIME_%_G1_Young_Generation], Time(%), 0.24331711219252047
[TOTAL_GCS_G1_Old_Generation], Count, 0
[TOTAL_GC_TIME_G1_Old_Generation], Time(ms), 0
[TOTAL_GC_TIME_%_G1_Old_Generation], Time(%), 0.0
[TOTAL_GCs], Count, 14
[TOTAL_GC_TIME], Time(ms), 73
[TOTAL_GC_TIME_%], Time(%), 0.24331711219252047
[READ], Total Operations, 44495
[READ], Below is a summary of latency in microseconds:, -1
[READ], Average, 126.47796381615912
[READ], Min, 68
[READ], Max, 8278
[READ], p1, 74
[READ], p5, 78
[READ], p50, 104
[READ], p90, 175
[READ], p95, 216
[READ], p99, 410
[READ], p99.9, 1908
[READ], p99.99, 5900
[READ], Return=OK, 44495
[CLEANUP], Total Operations, 1
[CLEANUP], Below is a summary of latency in microseconds:, -1
[CLEANUP], Average, 1050.0
[CLEANUP], Min, 1050
[CLEANUP], Max, 1050
[CLEANUP], p1, 1050
[CLEANUP], p5, 1050
[CLEANUP], p50, 1050
[CLEANUP], p90, 1050
[CLEANUP], p95, 1050
[CLEANUP], p99, 1050
[CLEANUP], p99.9, 1050
[CLEANUP], p99.99, 1050
[UPDATE], Total Operations, 44610
[UPDATE], Below is a summary of latency in microseconds:, -1
[UPDATE], Average, 143.720892176642
[UPDATE], Min, 81
[UPDATE], Max, 41014
[UPDATE], p1, 85
[UPDATE], p5, 89
[UPDATE], p50, 119
[UPDATE], p90, 206
[UPDATE], p95, 253
[UPDATE], p99, 454
[UPDATE], p99.9, 1740
[UPDATE], p99.99, 6193
[UPDATE], Return=OK, 44610

Command line: -t -db site.ycsb.db.MongoDbClient -s -P /home/runner/ycsb-mongodb-binding-0.17.0/workloads/workloada -p mongodb.url=mongodb://127.0.0.1:27017/ycsb?w=1 -p measurementtype=raw -p measurement.raw.output_file=/home/runner/work/The-Omni-Compass/The-Omni-Compass/out/ycsb-tuning/rep-3/omni/notch-11.raw -p recordcount=750000 -p operationcount=1000000000 -p maxexecutiontime=30 -p target=3000 -p threads=32 -p insertstart=0 -p insertorder=ordered -p requestdistribution=uniform -p seed=100310
YCSB Client 0.17.0

Loading workload...
Starting test.
Maximum execution time specified as: 30 secs
2026-10-10 02:56:05:343 0 sec: 0 operations; est completion in 0 second 
DBWrapper: report latency for each error is false and specific error codes to track for latency are: []
2026-10-10 02:56:15:311 10 sec: 29104 operations; 2910.4 current ops/sec; est completion in 3 days 23 hours READ count: 14424, average latency(us): 153.95 UPDATE count: 14682, average latency(us): 176.40 
2026-10-10 02:56:25:311 20 sec: 59104 operations; 3000 current ops/sec; est completion in 3 days 21 hours READ count: 15112, average latency(us): 112.90 UPDATE count: 14887, average latency(us): 126.79 
Maximum time elapsed. Requesting stop for the workload.
Stop requested for workload. Now Joining!
2026-10-10 02:56:35:311 30 sec: 89104 operations; 3000 current ops/sec; est completion in 3 days 21 hours READ count: 14959, average latency(us): 113.70 UPDATE count: 15041, average latency(us): 128.57 
2026-10-10 02:56:35:313 30 sec: 89105 operations; 500 current ops/sec; est completion in 3 days 21 hours  CLEANUP count: 1, average latency(us): 1050.00  


/opt/hostedtoolcache/Java_Temurin-Hotspot_jdk/17.0.20-1/x64/bin/java  -classpath /home/runner/ycsb-mongodb-binding-0.17.0/conf:/home/runner/ycsb-mongodb-binding-0.17.0/lib/HdrHistogram-2.1.4.jar:/home/runner/ycsb-mongodb-binding-0.17.0/lib/core-0.17.0.jar:/home/runner/ycsb-mongodb-binding-0.17.0/lib/htrace-core4-4.1.0-incubating.jar:/home/runner/ycsb-mongodb-binding-0.17.0/lib/jackson-core-asl-1.9.4.jar:/home/runner/ycsb-mongodb-binding-0.17.0/lib/jackson-mapper-asl-1.9.4.jar:/home/runner/ycsb-mongodb-binding-0.17.0/lib/logback-classic-1.1.2.jar:/home/runner/ycsb-mongodb-binding-0.17.0/lib/logback-core-1.1.2.jar:/home/runner/ycsb-mongodb-binding-0.17.0/lib/mongo-java-driver-3.8.0.jar:/home/runner/ycsb-mongodb-binding-0.17.0/lib/mongodb-async-driver-2.0.1.jar:/home/runner/ycsb-mongodb-binding-0.17.0/lib/mongodb-binding-0.17.0.jar:/home/runner/ycsb-mongodb-binding-0.17.0/lib/slf4j-api-1.7.25.jar:/home/runner/ycsb-mongodb-binding-0.17.0/lib/snappy-java-1.1.7.1.jar site.ycsb.Client -t -db site.ycsb.db.MongoDbClient -s -P /home/runner/ycsb-mongodb-binding-0.17.0/workloads/workloada -p mongodb.url=mongodb://127.0.0.1:27017/ycsb?w=1 -p measurementtype=raw -p measurement.raw.output_file=/home/runner/work/The-Omni-Compass/The-Omni-Compass/out/ycsb-tuning/rep-3/omni/notch-12.raw -p recordcount=500000 -p operationcount=1000000000 -p maxexecutiontime=30 -p target=3000 -p threads=32 -p insertstart=0 -p insertorder=ordered -p requestdistribution=uniform -p seed=100311
mongo client connection created with mongodb://127.0.0.1:27017/ycsb?w=1
Raw data measurement: will output to result file: /home/runner/work/The-Omni-Compass/The-Omni-Compass/out/ycsb-tuning/rep-3/omni/notch-12.raw
Raw data measurement: will output to result file: /home/runner/work/The-Omni-Compass/The-Omni-Compass/out/ycsb-tuning/rep-3/omni/notch-12.raw
Raw data measurement: will output to result file: /home/runner/work/The-Omni-Compass/The-Omni-Compass/out/ycsb-tuning/rep-3/omni/notch-12.raw
[OVERALL], RunTime(ms), 30003
[OVERALL], Throughput(ops/sec), 2970.769589707696
[TOTAL_GCS_G1_Young_Generation], Count, 14
[TOTAL_GC_TIME_G1_Young_Generation], Time(ms), 74
[TOTAL_GC_TIME_%_G1_Young_Generation], Time(%), 0.24664200246642004
[TOTAL_GCS_G1_Old_Generation], Count, 0
[TOTAL_GC_TIME_G1_Old_Generation], Time(ms), 0
[TOTAL_GC_TIME_%_G1_Old_Generation], Time(%), 0.0
[TOTAL_GCs], Count, 14
[TOTAL_GC_TIME], Time(ms), 74
[TOTAL_GC_TIME_%], Time(%), 0.24664200246642004
[READ], Total Operations, 44608
[READ], Below is a summary of latency in microseconds:, -1
[READ], Average, 123.34130649210904
[READ], Min, 66
[READ], Max, 38054
[READ], p1, 73
[READ], p5, 76
[READ], p50, 100
[READ], p90, 174
[READ], p95, 215
[READ], p99, 417
[READ], p99.9, 1518
[READ], p99.99, 6088
[READ], Return=OK, 44608
[CLEANUP], Total Operations, 1
[CLEANUP], Below is a summary of latency in microseconds:, -1
[CLEANUP], Average, 997.0
[CLEANUP], Min, 997
[CLEANUP], Max, 997
[CLEANUP], p1, 997
[CLEANUP], p5, 997
[CLEANUP], p50, 997
[CLEANUP], p90, 997
[CLEANUP], p95, 997
[CLEANUP], p99, 997
[CLEANUP], p99.9, 997
[CLEANUP], p99.99, 997
[UPDATE], Total Operations, 44524
[UPDATE], Below is a summary of latency in microseconds:, -1
[UPDATE], Average, 138.70106010241668
[UPDATE], Min, 78
[UPDATE], Max, 8910
[UPDATE], p1, 84
[UPDATE], p5, 87
[UPDATE], p50, 114
[UPDATE], p90, 206
[UPDATE], p95, 251
[UPDATE], p99, 444
[UPDATE], p99.9, 1646
[UPDATE], p99.99, 5111
[UPDATE], Return=OK, 44524

Command line: -t -db site.ycsb.db.MongoDbClient -s -P /home/runner/ycsb-mongodb-binding-0.17.0/workloads/workloada -p mongodb.url=mongodb://127.0.0.1:27017/ycsb?w=1 -p measurementtype=raw -p measurement.raw.output_file=/home/runner/work/The-Omni-Compass/The-Omni-Compass/out/ycsb-tuning/rep-3/omni/notch-12.raw -p recordcount=500000 -p operationcount=1000000000 -p maxexecutiontime=30 -p target=3000 -p threads=32 -p insertstart=0 -p insertorder=ordered -p requestdistribution=uniform -p seed=100311
YCSB Client 0.17.0

Loading workload...
Starting test.
Maximum execution time specified as: 30 secs
2026-10-10 02:56:35:992 0 sec: 0 operations; est completion in 0 second 
DBWrapper: report latency for each error is false and specific error codes to track for latency are: []
2026-10-10 02:56:45:958 10 sec: 29128 operations; 2912.8 current ops/sec; est completion in 3 days 23 hours READ count: 14526, average latency(us): 153.83 UPDATE count: 14604, average latency(us): 173.51 
2026-10-10 02:56:55:958 20 sec: 59128 operations; 3000 current ops/sec; est completion in 3 days 21 hours READ count: 15104, average latency(us): 107.42 UPDATE count: 14894, average latency(us): 121.27 
2026-10-10 02:57:05:958 30 sec: 89128 operations; 3000 current ops/sec; est completion in 3 days 21 hours READ count: 14978, average latency(us): 109.83 UPDATE count: 15023, average latency(us): 122.14 
Maximum time elapsed. Requesting stop for the workload.
Stop requested for workload. Now Joining!
2026-10-10 02:57:05:960 30 sec: 89132 operations; 1333.33 current ops/sec; est completion in 3 days 21 hours  CLEANUP count: 1, average latency(us): 997.00 UPDATE count: 3, average latency(us): 141.67 


/opt/hostedtoolcache/Java_Temurin-Hotspot_jdk/17.0.20-1/x64/bin/java  -classpath /home/runner/ycsb-mongodb-binding-0.17.0/conf:/home/runner/ycsb-mongodb-binding-0.17.0/lib/HdrHistogram-2.1.4.jar:/home/runner/ycsb-mongodb-binding-0.17.0/lib/core-0.17.0.jar:/home/runner/ycsb-mongodb-binding-0.17.0/lib/htrace-core4-4.1.0-incubating.jar:/home/runner/ycsb-mongodb-binding-0.17.0/lib/jackson-core-asl-1.9.4.jar:/home/runner/ycsb-mongodb-binding-0.17.0/lib/jackson-mapper-asl-1.9.4.jar:/home/runner/ycsb-mongodb-binding-0.17.0/lib/logback-classic-1.1.2.jar:/home/runner/ycsb-mongodb-binding-0.17.0/lib/logback-core-1.1.2.jar:/home/runner/ycsb-mongodb-binding-0.17.0/lib/mongo-java-driver-3.8.0.jar:/home/runner/ycsb-mongodb-binding-0.17.0/lib/mongodb-async-driver-2.0.1.jar:/home/runner/ycsb-mongodb-binding-0.17.0/lib/mongodb-binding-0.17.0.jar:/home/runner/ycsb-mongodb-binding-0.17.0/lib/slf4j-api-1.7.25.jar:/home/runner/ycsb-mongodb-binding-0.17.0/lib/snappy-java-1.1.7.1.jar site.ycsb.Client -t -db site.ycsb.db.MongoDbClient -s -P /home/runner/ycsb-mongodb-binding-0.17.0/workloads/workloada -p mongodb.url=mongodb://127.0.0.1:27017/ycsb?w=1 -p measurementtype=raw -p measurement.raw.output_file=/home/runner/work/The-Omni-Compass/The-Omni-Compass/out/ycsb-tuning/rep-3/omni/notch-13.raw -p recordcount=250000 -p operationcount=1000000000 -p maxexecutiontime=30 -p target=3000 -p threads=32 -p insertstart=0 -p insertorder=ordered -p requestdistribution=uniform -p seed=100312
mongo client connection created with mongodb://127.0.0.1:27017/ycsb?w=1
Raw data measurement: will output to result file: /home/runner/work/The-Omni-Compass/The-Omni-Compass/out/ycsb-tuning/rep-3/omni/notch-13.raw
Raw data measurement: will output to result file: /home/runner/work/The-Omni-Compass/The-Omni-Compass/out/ycsb-tuning/rep-3/omni/notch-13.raw
Raw data measurement: will output to result file: /home/runner/work/The-Omni-Compass/The-Omni-Compass/out/ycsb-tuning/rep-3/omni/notch-13.raw
[OVERALL], RunTime(ms), 30005
[OVERALL], Throughput(ops/sec), 2970.1049825029163
[TOTAL_GCS_G1_Young_Generation], Count, 14
[TOTAL_GC_TIME_G1_Young_Generation], Time(ms), 75
[TOTAL_GC_TIME_%_G1_Young_Generation], Time(%), 0.24995834027662056
[TOTAL_GCS_G1_Old_Generation], Count, 0
[TOTAL_GC_TIME_G1_Old_Generation], Time(ms), 0
[TOTAL_GC_TIME_%_G1_Old_Generation], Time(%), 0.0
[TOTAL_GCs], Count, 14
[TOTAL_GC_TIME], Time(ms), 75
[TOTAL_GC_TIME_%], Time(%), 0.24995834027662056
[READ], Total Operations, 44461
[READ], Below is a summary of latency in microseconds:, -1
[READ], Average, 119.14372146375476
[READ], Min, 68
[READ], Max, 33928
[READ], p1, 72
[READ], p5, 75
[READ], p50, 98
[READ], p90, 163
[READ], p95, 204
[READ], p99, 383
[READ], p99.9, 1616
[READ], p99.99, 6648
[READ], Return=OK, 44461
[CLEANUP], Total Operations, 1
[CLEANUP], Below is a summary of latency in microseconds:, -1
[CLEANUP], Average, 1272.0
[CLEANUP], Min, 1272
[CLEANUP], Max, 1272
[CLEANUP], p1, 1272
[CLEANUP], p5, 1272
[CLEANUP], p50, 1272
[CLEANUP], p90, 1272
[CLEANUP], p95, 1272
[CLEANUP], p99, 1272
[CLEANUP], p99.9, 1272
[CLEANUP], p99.99, 1272
[UPDATE], Total Operations, 44657
[UPDATE], Below is a summary of latency in microseconds:, -1
[UPDATE], Average, 132.54325189779877
[UPDATE], Min, 79
[UPDATE], Max, 7129
[UPDATE], p1, 83
[UPDATE], p5, 86
[UPDATE], p50, 111
[UPDATE], p90, 189
[UPDATE], p95, 234
[UPDATE], p99, 406
[UPDATE], p99.9, 1658
[UPDATE], p99.99, 4911
[UPDATE], Return=OK, 44657

Command line: -t -db site.ycsb.db.MongoDbClient -s -P /home/runner/ycsb-mongodb-binding-0.17.0/workloads/workloada -p mongodb.url=mongodb://127.0.0.1:27017/ycsb?w=1 -p measurementtype=raw -p measurement.raw.output_file=/home/runner/work/The-Omni-Compass/The-Omni-Compass/out/ycsb-tuning/rep-3/omni/notch-13.raw -p recordcount=250000 -p operationcount=1000000000 -p maxexecutiontime=30 -p target=3000 -p threads=32 -p insertstart=0 -p insertorder=ordered -p requestdistribution=uniform -p seed=100312
YCSB Client 0.17.0

Loading workload...
Starting test.
Maximum execution time specified as: 30 secs
2026-10-10 02:57:06:562 0 sec: 0 operations; est completion in 0 second 
DBWrapper: report latency for each error is false and specific error codes to track for latency are: []
2026-10-10 02:57:16:531 10 sec: 29108 operations; 2910.8 current ops/sec; est completion in 3 days 23 hours READ count: 14650, average latency(us): 147.49 UPDATE count: 14460, average latency(us): 166.48 
2026-10-10 02:57:26:531 20 sec: 59108 operations; 3000 current ops/sec; est completion in 3 days 21 hours READ count: 14959, average latency(us): 103.76 UPDATE count: 15040, average latency(us): 116.27 
2026-10-10 02:57:36:531 30 sec: 89108 operations; 3000 current ops/sec; est completion in 3 days 21 hours READ count: 14846, average latency(us): 106.67 UPDATE count: 15154, average latency(us): 116.30 
Maximum time elapsed. Requesting stop for the workload.
Stop requested for workload. Now Joining!
2026-10-10 02:57:36:536 30 sec: 89118 operations; 2000 current ops/sec; est completion in 3 days 21 hours READ count: 6, average latency(us): 125.50 CLEANUP count: 1, average latency(us): 1272.00 UPDATE count: 3, average latency(us): 183.00 


/opt/hostedtoolcache/Java_Temurin-Hotspot_jdk/17.0.20-1/x64/bin/java  -classpath /home/runner/ycsb-mongodb-binding-0.17.0/conf:/home/runner/ycsb-mongodb-binding-0.17.0/lib/HdrHistogram-2.1.4.jar:/home/runner/ycsb-mongodb-binding-0.17.0/lib/core-0.17.0.jar:/home/runner/ycsb-mongodb-binding-0.17.0/lib/htrace-core4-4.1.0-incubating.jar:/home/runner/ycsb-mongodb-binding-0.17.0/lib/jackson-core-asl-1.9.4.jar:/home/runner/ycsb-mongodb-binding-0.17.0/lib/jackson-mapper-asl-1.9.4.jar:/home/runner/ycsb-mongodb-binding-0.17.0/lib/logback-classic-1.1.2.jar:/home/runner/ycsb-mongodb-binding-0.17.0/lib/logback-core-1.1.2.jar:/home/runner/ycsb-mongodb-binding-0.17.0/lib/mongo-java-driver-3.8.0.jar:/home/runner/ycsb-mongodb-binding-0.17.0/lib/mongodb-async-driver-2.0.1.jar:/home/runner/ycsb-mongodb-binding-0.17.0/lib/mongodb-binding-0.17.0.jar:/home/runner/ycsb-mongodb-binding-0.17.0/lib/slf4j-api-1.7.25.jar:/home/runner/ycsb-mongodb-binding-0.17.0/lib/snappy-java-1.1.7.1.jar site.ycsb.Client -t -db site.ycsb.db.MongoDbClient -s -P /home/runner/ycsb-mongodb-binding-0.17.0/workloads/workloada -p mongodb.url=mongodb://127.0.0.1:27017/ycsb?w=1 -p measurementtype=raw -p measurement.raw.output_file=/home/runner/work/The-Omni-Compass/The-Omni-Compass/out/ycsb-tuning/rep-3/omni/notch-14.raw -p recordcount=500000 -p operationcount=1000000000 -p maxexecutiontime=30 -p target=3000 -p threads=32 -p insertstart=0 -p insertorder=ordered -p requestdistribution=uniform -p seed=100313
mongo client connection created with mongodb://127.0.0.1:27017/ycsb?w=1
Raw data measurement: will output to result file: /home/runner/work/The-Omni-Compass/The-Omni-Compass/out/ycsb-tuning/rep-3/omni/notch-14.raw
Raw data measurement: will output to result file: /home/runner/work/The-Omni-Compass/The-Omni-Compass/out/ycsb-tuning/rep-3/omni/notch-14.raw
Raw data measurement: will output to result file: /home/runner/work/The-Omni-Compass/The-Omni-Compass/out/ycsb-tuning/rep-3/omni/notch-14.raw
[OVERALL], RunTime(ms), 30005
[OVERALL], Throughput(ops/sec), 2969.2717880353275
[TOTAL_GCS_G1_Young_Generation], Count, 14
[TOTAL_GC_TIME_G1_Young_Generation], Time(ms), 74
[TOTAL_GC_TIME_%_G1_Young_Generation], Time(%), 0.24662556240626562
[TOTAL_GCS_G1_Old_Generation], Count, 0
[TOTAL_GC_TIME_G1_Old_Generation], Time(ms), 0
[TOTAL_GC_TIME_%_G1_Old_Generation], Time(%), 0.0
[TOTAL_GCs], Count, 14
[TOTAL_GC_TIME], Time(ms), 74
[TOTAL_GC_TIME_%], Time(%), 0.24662556240626562
[READ], Total Operations, 44547
[READ], Below is a summary of latency in microseconds:, -1
[READ], Average, 122.64403888028374
[READ], Min, 67
[READ], Max, 40232
[READ], p1, 73
[READ], p5, 76
[READ], p50, 101
[READ], p90, 165
[READ], p95, 204
[READ], p99, 410
[READ], p99.9, 1492
[READ], p99.99, 6943
[READ], Return=OK, 44547
[CLEANUP], Total Operations, 1
[CLEANUP], Below is a summary of latency in microseconds:, -1
[CLEANUP], Average, 1109.0
[CLEANUP], Min, 1109
[CLEANUP], Max, 1109
[CLEANUP], p1, 1109
[CLEANUP], p5, 1109
[CLEANUP], p50, 1109
[CLEANUP], p90, 1109
[CLEANUP], p95, 1109
[CLEANUP], p99, 1109
[CLEANUP], p99.9, 1109
[CLEANUP], p99.99, 1109
[UPDATE], Total Operations, 44546
[UPDATE], Below is a summary of latency in microseconds:, -1
[UPDATE], Average, 137.30040856642572
[UPDATE], Min, 80
[UPDATE], Max, 7199
[UPDATE], p1, 84
[UPDATE], p5, 87
[UPDATE], p50, 115
[UPDATE], p90, 192
[UPDATE], p95, 238
[UPDATE], p99, 432
[UPDATE], p99.9, 1627
[UPDATE], p99.99, 5356
[UPDATE], Return=OK, 44546

Command line: -t -db site.ycsb.db.MongoDbClient -s -P /home/runner/ycsb-mongodb-binding-0.17.0/workloads/workloada -p mongodb.url=mongodb://127.0.0.1:27017/ycsb?w=1 -p measurementtype=raw -p measurement.raw.output_file=/home/runner/work/The-Omni-Compass/The-Omni-Compass/out/ycsb-tuning/rep-3/omni/notch-14.raw -p recordcount=500000 -p operationcount=1000000000 -p maxexecutiontime=30 -p target=3000 -p threads=32 -p insertstart=0 -p insertorder=ordered -p requestdistribution=uniform -p seed=100313
YCSB Client 0.17.0

Loading workload...
Starting test.
Maximum execution time specified as: 30 secs
2026-10-10 02:57:37:125 0 sec: 0 operations; est completion in 0 second 
DBWrapper: report latency for each error is false and specific error codes to track for latency are: []
2026-10-10 02:57:47:091 10 sec: 29085 operations; 2908.21 current ops/sec; est completion in 3 days 23 hours READ count: 14552, average latency(us): 150.95 UPDATE count: 14537, average latency(us): 165.68 
2026-10-10 02:57:57:091 20 sec: 59085 operations; 3000 current ops/sec; est completion in 3 days 22 hours READ count: 14998, average latency(us): 108.43 UPDATE count: 14998, average latency(us): 123.80 
2026-10-10 02:58:07:091 30 sec: 89085 operations; 3000 current ops/sec; est completion in 3 days 21 hours READ count: 14995, average latency(us): 109.39 UPDATE count: 15006, average latency(us): 123.27 
Maximum time elapsed. Requesting stop for the workload.
Stop requested for workload. Now Joining!
2026-10-10 02:58:07:095 30 sec: 89093 operations; 2000 current ops/sec; est completion in 3 days 21 hours READ count: 2, average latency(us): 129.00 CLEANUP count: 1, average latency(us): 1109.00 UPDATE count: 5, average latency(us): 198.00 


/opt/hostedtoolcache/Java_Temurin-Hotspot_jdk/17.0.20-1/x64/bin/java  -classpath /home/runner/ycsb-mongodb-binding-0.17.0/conf:/home/runner/ycsb-mongodb-binding-0.17.0/lib/HdrHistogram-2.1.4.jar:/home/runner/ycsb-mongodb-binding-0.17.0/lib/core-0.17.0.jar:/home/runner/ycsb-mongodb-binding-0.17.0/lib/htrace-core4-4.1.0-incubating.jar:/home/runner/ycsb-mongodb-binding-0.17.0/lib/jackson-core-asl-1.9.4.jar:/home/runner/ycsb-mongodb-binding-0.17.0/lib/jackson-mapper-asl-1.9.4.jar:/home/runner/ycsb-mongodb-binding-0.17.0/lib/logback-classic-1.1.2.jar:/home/runner/ycsb-mongodb-binding-0.17.0/lib/logback-core-1.1.2.jar:/home/runner/ycsb-mongodb-binding-0.17.0/lib/mongo-java-driver-3.8.0.jar:/home/runner/ycsb-mongodb-binding-0.17.0/lib/mongodb-async-driver-2.0.1.jar:/home/runner/ycsb-mongodb-binding-0.17.0/lib/mongodb-binding-0.17.0.jar:/home/runner/ycsb-mongodb-binding-0.17.0/lib/slf4j-api-1.7.25.jar:/home/runner/ycsb-mongodb-binding-0.17.0/lib/snappy-java-1.1.7.1.jar site.ycsb.Client -t -db site.ycsb.db.MongoDbClient -s -P /home/runner/ycsb-mongodb-binding-0.17.0/workloads/workloada -p mongodb.url=mongodb://127.0.0.1:27017/ycsb?w=1 -p measurementtype=raw -p measurement.raw.output_file=/home/runner/work/The-Omni-Compass/The-Omni-Compass/out/ycsb-tuning/rep-3/omni/notch-15.raw -p recordcount=250000 -p operationcount=1000000000 -p maxexecutiontime=30 -p target=3000 -p threads=32 -p insertstart=0 -p insertorder=ordered -p requestdistribution=uniform -p seed=100314
mongo client connection created with mongodb://127.0.0.1:27017/ycsb?w=1
Raw data measurement: will output to result file: /home/runner/work/The-Omni-Compass/The-Omni-Compass/out/ycsb-tuning/rep-3/omni/notch-15.raw
Raw data measurement: will output to result file: /home/runner/work/The-Omni-Compass/The-Omni-Compass/out/ycsb-tuning/rep-3/omni/notch-15.raw
Raw data measurement: will output to result file: /home/runner/work/The-Omni-Compass/The-Omni-Compass/out/ycsb-tuning/rep-3/omni/notch-15.raw
[OVERALL], RunTime(ms), 30002
[OVERALL], Throughput(ops/sec), 2969.0353976401575
[TOTAL_GCS_G1_Young_Generation], Count, 14
[TOTAL_GC_TIME_G1_Young_Generation], Time(ms), 71
[TOTAL_GC_TIME_%_G1_Young_Generation], Time(%), 0.2366508899406706
[TOTAL_GCS_G1_Old_Generation], Count, 0
[TOTAL_GC_TIME_G1_Old_Generation], Time(ms), 0
[TOTAL_GC_TIME_%_G1_Old_Generation], Time(%), 0.0
[TOTAL_GCs], Count, 14
[TOTAL_GC_TIME], Time(ms), 71
[TOTAL_GC_TIME_%], Time(%), 0.2366508899406706
[READ], Total Operations, 44321
[READ], Below is a summary of latency in microseconds:, -1
[READ], Average, 122.68482209336432
[READ], Min, 67
[READ], Max, 43904
[READ], p1, 72
[READ], p5, 74
[READ], p50, 102
[READ], p90, 170
[READ], p95, 213
[READ], p99, 391
[READ], p99.9, 1896
[READ], p99.99, 5428
[READ], Return=OK, 44321
[CLEANUP], Total Operations, 1
[CLEANUP], Below is a summary of latency in microseconds:, -1
[CLEANUP], Average, 1208.0
[CLEANUP], Min, 1208
[CLEANUP], Max, 1208
[CLEANUP], p1, 1208
[CLEANUP], p5, 1208
[CLEANUP], p50, 1208
[CLEANUP], p90, 1208
[CLEANUP], p95, 1208
[CLEANUP], p99, 1208
[CLEANUP], p99.9, 1208
[CLEANUP], p99.99, 1208
[UPDATE], Total Operations, 44756
[UPDATE], Below is a summary of latency in microseconds:, -1
[UPDATE], Average, 137.90108588792563
[UPDATE], Min, 78
[UPDATE], Max, 7250
[UPDATE], p1, 83
[UPDATE], p5, 86
[UPDATE], p50, 117
[UPDATE], p90, 199
[UPDATE], p95, 252
[UPDATE], p99, 409
[UPDATE], p99.9, 1666
[UPDATE], p99.99, 4070
[UPDATE], Return=OK, 44756

Command line: -t -db site.ycsb.db.MongoDbClient -s -P /home/runner/ycsb-mongodb-binding-0.17.0/workloads/workloada -p mongodb.url=mongodb://127.0.0.1:27017/ycsb?w=1 -p measurementtype=raw -p measurement.raw.output_file=/home/runner/work/The-Omni-Compass/The-Omni-Compass/out/ycsb-tuning/rep-3/omni/notch-15.raw -p recordcount=250000 -p operationcount=1000000000 -p maxexecutiontime=30 -p target=3000 -p threads=32 -p insertstart=0 -p insertorder=ordered -p requestdistribution=uniform -p seed=100314
YCSB Client 0.17.0

Loading workload...
Starting test.
Maximum execution time specified as: 30 secs
2026-10-10 02:58:07:732 0 sec: 0 operations; est completion in 0 second 
DBWrapper: report latency for each error is false and specific error codes to track for latency are: []
2026-10-10 02:58:17:699 10 sec: 29075 operations; 2907.5 current ops/sec; est completion in 3 days 23 hours READ count: 14412, average latency(us): 156.04 UPDATE count: 14665, average latency(us): 172.21 
2026-10-10 02:58:27:699 20 sec: 59076 operations; 3000.1 current ops/sec; est completion in 3 days 22 hours READ count: 15009, average latency(us): 109.60 UPDATE count: 14990, average latency(us): 123.73 
Maximum time elapsed. Requesting stop for the workload.
Stop requested for workload. Now Joining!
2026-10-10 02:58:37:699 30 sec: 89075 operations; 2999.9 current ops/sec; est completion in 3 days 21 hours READ count: 14900, average latency(us): 103.60 UPDATE count: 15100, average latency(us): 118.64 
2026-10-10 02:58:37:701 30 sec: 89077 operations; 1000 current ops/sec; est completion in 3 days 21 hours  CLEANUP count: 1, average latency(us): 1208.00 UPDATE count: 1, average latency(us): 328.00 
