sysbench 1.0.20 (using system LuaJIT 2.1.0-beta3)

Running the test with following options:
Number of threads: 32
Target transaction rate: 3000/sec
Initializing random number generator from current time


Initializing worker threads...

Threads started!

Latency histogram (values are in milliseconds)
       value  ------------- distribution ------------- count
       0.116 |                                         1
       0.122 |                                         3
       0.125 |                                         6
       0.127 |                                         6
       0.129 |                                         10
       0.132 |                                         21
       0.134 |                                         33
       0.136 |*                                        63
       0.139 |*                                        162
       0.141 |**                                       276
       0.144 |****                                     498
       0.147 |******                                   742
       0.149 |********                                 995
       0.152 |**********                               1242
       0.155 |*************                            1526
       0.158 |***************                          1801
       0.160 |*****************                        2005
       0.163 |*******************                      2266
       0.166 |*******************                      2281
       0.169 |*******************                      2222
       0.172 |********************                     2418
       0.176 |**********************                   2660
       0.179 |****************************             3272
       0.182 |**********************************       4040
       0.185 |**************************************   4509
       0.189 |**************************************** 4744
       0.192 |**************************************** 4689
       0.196 |**************************************   4450
       0.199 |**********************************       4038
       0.203 |*******************************          3618
       0.206 |**************************               3049
       0.210 |***********************                  2731
       0.214 |********************                     2361
       0.218 |******************                       2180
       0.222 |****************                         1901
       0.226 |**************                           1640
       0.230 |************                             1472
       0.234 |***********                              1278
       0.238 |*********                                1097
       0.243 |********                                 937
       0.247 |*******                                  804
       0.252 |******                                   700
       0.256 |*****                                    606
       0.261 |****                                     527
       0.266 |****                                     442
       0.270 |***                                      412
       0.275 |***                                      356
       0.280 |***                                      299
       0.285 |***                                      299
       0.291 |**                                       280
       0.296 |**                                       225
       0.301 |**                                       232
       0.307 |**                                       219
       0.312 |**                                       197
       0.318 |**                                       198
       0.324 |**                                       215
       0.330 |**                                       215
       0.336 |**                                       223
       0.342 |**                                       243
       0.348 |**                                       261
       0.354 |***                                      320
       0.361 |***                                      365
       0.367 |***                                      414
       0.374 |****                                     441
       0.381 |****                                     499
       0.388 |*****                                    588
       0.395 |*****                                    577
       0.402 |*****                                    582
       0.409 |*****                                    650
       0.417 |*****                                    604
       0.424 |*****                                    575
       0.432 |****                                     526
       0.440 |****                                     478
       0.448 |***                                      405
       0.456 |***                                      402
       0.464 |***                                      313
       0.473 |**                                       240
       0.481 |**                                       211
       0.490 |*                                        173
       0.499 |*                                        136
       0.508 |*                                        136
       0.517 |*                                        94
       0.527 |*                                        71
       0.536 |*                                        80
       0.546 |*                                        67
       0.556 |                                         47
       0.566 |                                         49
       0.576 |                                         44
       0.587 |                                         30
       0.597 |                                         20
       0.608 |                                         39
       0.619 |                                         28
       0.630 |                                         31
       0.642 |                                         27
       0.654 |                                         20
       0.665 |                                         19
       0.677 |                                         9
       0.690 |                                         16
       0.702 |                                         19
       0.715 |                                         10
       0.728 |                                         7
       0.741 |                                         7
       0.755 |                                         9
       0.768 |                                         4
       0.782 |                                         3
       0.797 |                                         3
       0.811 |                                         1
       0.826 |                                         6
       0.856 |                                         3
       0.872 |                                         3
       0.888 |                                         1
       0.904 |                                         4
       0.920 |                                         5
       0.937 |                                         4
       0.971 |                                         2
       0.989 |                                         2
       1.007 |                                         2
       1.025 |                                         4
       1.044 |                                         3
       1.063 |                                         2
       1.082 |                                         1
       1.102 |                                         4
       1.122 |                                         3
       1.142 |                                         5
       1.163 |                                         2
       1.205 |                                         1
       1.227 |                                         1
       1.250 |                                         5
       1.272 |                                         1
       1.295 |                                         5
       1.319 |                                         4
       1.343 |                                         4
       1.367 |                                         2
       1.392 |                                         5
       1.417 |                                         5
       1.443 |                                         4
       1.469 |                                         3
       1.496 |                                         1
       1.523 |                                         1
       1.551 |                                         1
       1.579 |                                         3
       1.608 |                                         4
       1.637 |                                         2
       1.667 |                                         5
       1.697 |                                         5
       1.728 |                                         1
       1.759 |                                         4
       1.791 |                                         3
       1.824 |                                         2
       1.857 |                                         2
       1.891 |                                         1
       1.925 |                                         1
       1.960 |                                         1
       1.996 |                                         2
       2.032 |                                         4
       2.069 |                                         1
       2.106 |                                         2
       2.145 |                                         1
       2.184 |                                         1
       2.264 |                                         1
       2.305 |                                         1
       2.347 |                                         1
       2.433 |                                         1
       2.477 |                                         1
       2.522 |                                         1
       2.568 |                                         2
       2.615 |                                         1
       2.662 |                                         1
       2.760 |                                         1
       2.810 |                                         3
       2.913 |                                         1
       3.130 |                                         3
       3.187 |                                         1
       3.245 |                                         2
       3.304 |                                         3
       3.364 |                                         1
       3.551 |                                         2
       3.681 |                                         1
       4.028 |                                         1
       4.407 |                                         2
       4.487 |                                         3
       4.569 |                                         1
       4.823 |                                         1
       5.671 |                                         1
       5.774 |                                         1
       6.433 |                                         1
       6.550 |                                         1
       7.167 |                                         1
       9.389 |                                         1
      10.274 |                                         1
      10.460 |                                         1
      10.651 |                                         1
      10.844 |                                         2
      11.446 |                                         1
 
SQL statistics:
    queries performed:
        read:                            89777
        write:                           0
        other:                           0
        total:                           89777
    transactions:                        89777  (2991.08 per sec.)
    queries:                             89777  (2991.08 per sec.)
    ignored errors:                      0      (0.00 per sec.)
    reconnects:                          0      (0.00 per sec.)

General statistics:
    total time:                          30.0145s
    total number of events:              89777

Latency (ms):
         min:                                    0.12
         avg:                                    0.23
         max:                                   11.54
         95th percentile:                        0.42
         sum:                                20319.30

Threads fairness:
    events (avg/stddev):           2805.5312/18.56
    execution time (avg/stddev):   0.6350/0.01


