sysbench 1.0.20 (using system LuaJIT 2.1.0-beta3)

Running the test with following options:
Number of threads: 32
Target transaction rate: 300/sec
Initializing random number generator from current time


Initializing worker threads...

Threads started!

Latency histogram (values are in milliseconds)
       value  ------------- distribution ------------- count
       2.347 |                                         1
       2.389 |                                         1
       2.433 |                                         1
       2.477 |                                         2
       2.522 |***                                      13
       2.568 |**                                       9
       2.615 |***                                      11
       2.662 |***                                      11
       2.710 |***                                      12
       2.760 |**                                       9
       2.810 |*******                                  30
       2.861 |********                                 34
       2.913 |*******                                  27
       2.966 |*********                                38
       3.020 |*************                            52
       3.075 |**************                           58
       3.130 |*****************                        69
       3.187 |*****************                        70
       3.245 |********************                     84
       3.304 |*************************                103
       3.364 |************************                 100
       3.425 |******************************           124
       3.488 |*******************************          129
       3.551 |*********************************        134
       3.615 |********************************         130
       3.681 |***********************************      145
       3.748 |**************************************   156
       3.816 |***************************************  161
       3.885 |**************************************   157
       3.956 |*************************************    151
       4.028 |**************************************** 164
       4.101 |***********************************      143
       4.176 |********************************         130
       4.252 |**********************************       140
       4.329 |*********************************        134
       4.407 |********************************         130
       4.487 |*****************************            119
       4.569 |*****************************            120
       4.652 |******************************           121
       4.737 |******************************           121
       4.823 |**********************                   90
       4.910 |*****************************            118
       4.999 |************************                 98
       5.090 |**************************               107
       5.183 |*********************                    85
       5.277 |************************                 98
       5.373 |*********************                    87
       5.470 |************************                 100
       5.570 |***********************                  95
       5.671 |***********************                  94
       5.774 |**************************               105
       5.879 |***********************                  95
       5.986 |*************************                103
       6.095 |**********************                   92
       6.205 |********************                     81
       6.318 |*******************                      77
       6.433 |************************                 98
       6.550 |*****************                        71
       6.669 |*****************                        71
       6.790 |****************                         67
       6.913 |****************                         66
       7.039 |****************                         64
       7.167 |***************                          63
       7.297 |*************                            53
       7.430 |************                             49
       7.565 |***********                              44
       7.702 |*********                                37
       7.842 |**********                               43
       7.985 |********                                 32
       8.130 |******                                   23
       8.277 |****                                     17
       8.428 |*****                                    22
       8.581 |****                                     16
       8.737 |****                                     17
       8.895 |****                                     17
       9.057 |**                                       7
       9.222 |***                                      12
       9.389 |**                                       7
       9.560 |***                                      13
       9.734 |***                                      11
       9.910 |**                                       8
      10.090 |***                                      13
      10.274 |*                                        6
      10.460 |*****                                    19
      10.651 |*                                        6
      10.844 |**                                       10
      11.041 |**                                       9
      11.242 |**                                       7
      11.446 |*                                        4
      11.654 |****                                     15
      11.866 |*                                        4
      12.081 |                                         1
      12.301 |**                                       9
      12.524 |*                                        6
      12.752 |*                                        3
      12.984 |*                                        6
      13.219 |*                                        3
      13.460 |                                         1
      13.704 |*                                        3
      13.953 |*                                        3
      14.465 |                                         1
      14.728 |                                         1
      15.268 |                                         1
      15.545 |                                         2
      15.828 |                                         2
      16.115 |                                         2
      16.408 |                                         1
      17.319 |                                         1
      17.633 |                                         1
      18.612 |                                         1
      19.295 |                                         1
      19.645 |                                         1
      21.886 |                                         1
      24.827 |                                         1
      26.205 |                                         1
 
SQL statistics:
    queries performed:
        read:                            83202
        write:                           0
        other:                           11886
        total:                           95088
    transactions:                        5943   (296.77 per sec.)
    queries:                             95088  (4748.32 per sec.)
    ignored errors:                      0      (0.00 per sec.)
    reconnects:                          0      (0.00 per sec.)

General statistics:
    total time:                          20.0252s
    total number of events:              5943

Latency (ms):
         min:                                    2.34
         avg:                                    5.02
         max:                                   26.35
         95th percentile:                        8.13
         sum:                                29838.22

Threads fairness:
    events (avg/stddev):           185.7188/1.94
    execution time (avg/stddev):   0.9324/0.02


