sysbench 1.0.20 (using system LuaJIT 2.1.0-beta3)

Running the test with following options:
Number of threads: 32
Target transaction rate: 300/sec
Initializing random number generator from current time


Initializing worker threads...

Threads started!

Latency histogram (values are in milliseconds)
       value  ------------- distribution ------------- count
       0.888 |                                         3
       0.904 |                                         2
       0.920 |*                                        11
       0.937 |**                                       22
       0.954 |******                                   77
       0.971 |*************                            164
       0.989 |***********************                  275
       1.007 |******************************           363
       1.025 |************************************     436
       1.044 |********************************         387
       1.063 |**********************                   264
       1.082 |*********************                    255
       1.102 |*********************                    252
       1.122 |****************************             339
       1.142 |**********************************       418
       1.163 |**************************************** 486
       1.184 |************************************     432
       1.205 |***********************                  281
       1.227 |*********************                    252
       1.250 |******************                       213
       1.272 |**************                           170
       1.295 |***************                          177
       1.319 |**************                           172
       1.343 |***********                              136
       1.367 |**********                               125
       1.392 |********                                 92
       1.417 |******                                   73
       1.443 |***                                      41
       1.469 |***                                      36
       1.496 |**                                       24
       1.523 |*                                        15
       1.551 |*                                        13
       1.579 |*                                        12
       1.608 |*                                        9
       1.637 |*                                        8
       1.667 |*                                        7
       1.697 |                                         4
       1.728 |                                         6
       1.759 |                                         1
       1.791 |                                         1
       1.857 |                                         2
       1.925 |                                         2
       1.996 |                                         2
       2.106 |                                         1
       2.305 |                                         2
       2.389 |                                         1
       2.615 |                                         1
       2.662 |                                         1
       2.760 |                                         3
       2.810 |                                         1
       2.861 |                                         1
       3.020 |                                         1
       3.075 |                                         2
       3.130 |                                         1
       3.245 |                                         2
       3.364 |                                         1
       3.425 |                                         2
       3.551 |                                         1
       3.615 |                                         1
       3.885 |                                         1
       4.028 |                                         1
       4.176 |                                         3
       4.487 |                                         1
       4.823 |                                         1
       5.183 |                                         1
       5.570 |                                         1
       5.774 |                                         1
 
SQL statistics:
    queries performed:
        read:                            85288
        write:                           0
        other:                           12184
        total:                           97472
    transactions:                        6092   (304.28 per sec.)
    queries:                             97472  (4868.47 per sec.)
    ignored errors:                      0      (0.00 per sec.)
    reconnects:                          0      (0.00 per sec.)

General statistics:
    total time:                          20.0205s
    total number of events:              6092

Latency (ms):
         min:                                    0.88
         avg:                                    1.16
         max:                                    5.72
         95th percentile:                        1.39
         sum:                                 7088.35

Threads fairness:
    events (avg/stddev):           190.3750/1.02
    execution time (avg/stddev):   0.2215/0.00


