sysbench 1.0.20 (using system LuaJIT 2.1.0-beta3)

Running the test with following options:
Number of threads: 32
Target transaction rate: 1000/sec
Initializing random number generator from current time


Initializing worker threads...

Threads started!

Latency histogram (values are in milliseconds)
       value  ------------- distribution ------------- count
       0.490 |                                         3
       0.499 |                                         2
       0.508 |                                         6
       0.517 |*                                        17
       0.527 |**                                       50
       0.536 |*****                                    96
       0.546 |******                                   114
       0.556 |********                                 154
       0.566 |**********                               197
       0.576 |***********                              223
       0.587 |*************                            262
       0.597 |***************                          299
       0.608 |****************                         329
       0.619 |******************                       373
       0.630 |********************                     395
       0.642 |************************                 481
       0.654 |****************************             572
       0.665 |*******************************          619
       0.677 |********************************         639
       0.690 |*********************************        669
       0.702 |*************************************    738
       0.715 |**************************************   762
       0.728 |**************************************** 800
       0.741 |**************************************** 808
       0.755 |************************************     718
       0.768 |***************************************  794
       0.782 |***********************************      713
       0.797 |*********************************        667
       0.811 |*********************************        674
       0.826 |******************************           608
       0.841 |*****************************            587
       0.856 |****************************             563
       0.872 |**************************               517
       0.888 |***********************                  458
       0.904 |**********************                   452
       0.920 |********************                     398
       0.937 |******************                       369
       0.954 |****************                         332
       0.971 |**************                           291
       0.989 |*************                            272
       1.007 |***********                              223
       1.025 |***********                              229
       1.044 |***********                              219
       1.063 |*********                                191
       1.082 |*********                                174
       1.102 |********                                 165
       1.122 |******                                   131
       1.142 |******                                   129
       1.163 |*****                                    98
       1.184 |******                                   113
       1.205 |****                                     87
       1.227 |****                                     84
       1.250 |***                                      70
       1.272 |****                                     71
       1.295 |****                                     90
       1.319 |***                                      60
       1.343 |***                                      53
       1.367 |***                                      56
       1.392 |**                                       36
       1.417 |***                                      53
       1.443 |**                                       43
       1.469 |**                                       32
       1.496 |*                                        20
       1.523 |**                                       31
       1.551 |**                                       33
       1.579 |*                                        27
       1.608 |*                                        26
       1.637 |*                                        28
       1.667 |*                                        28
       1.697 |*                                        15
       1.728 |*                                        19
       1.759 |*                                        16
       1.791 |*                                        13
       1.824 |*                                        14
       1.857 |                                         10
       1.891 |*                                        14
       1.925 |*                                        15
       1.960 |*                                        11
       1.996 |*                                        15
       2.032 |                                         7
       2.069 |                                         10
       2.106 |                                         8
       2.145 |*                                        12
       2.184 |                                         4
       2.223 |                                         8
       2.264 |*                                        12
       2.305 |                                         6
       2.347 |                                         5
       2.389 |                                         4
       2.433 |                                         5
       2.477 |                                         2
       2.522 |                                         2
       2.568 |                                         5
       2.615 |                                         1
       2.662 |                                         4
       2.710 |                                         8
       2.760 |                                         1
       2.810 |                                         7
       2.861 |                                         2
       2.913 |                                         1
       2.966 |                                         2
       3.020 |                                         1
       3.075 |                                         2
       3.130 |                                         4
       3.187 |                                         2
       3.245 |                                         1
       3.304 |                                         2
       3.364 |                                         4
       3.425 |                                         1
       3.488 |                                         3
       3.551 |                                         1
       3.681 |                                         1
       3.816 |                                         1
       3.885 |                                         1
       3.956 |                                         2
       4.028 |                                         1
       4.101 |                                         1
       4.176 |                                         3
       4.252 |                                         2
       4.487 |                                         1
       4.569 |                                         2
       4.652 |                                         1
       4.737 |                                         2
       4.823 |                                         1
       4.910 |                                         2
       4.999 |                                         5
       5.090 |                                         1
       5.183 |                                         2
       5.277 |                                         2
       5.373 |                                         1
       5.470 |                                         3
       5.570 |                                         4
       5.671 |                                         2
       5.774 |                                         1
       5.879 |                                         3
       5.986 |                                         1
       6.095 |                                         1
       6.318 |                                         2
       6.550 |                                         1
       6.669 |                                         2
       6.790 |                                         1
       7.039 |                                         2
       7.297 |                                         1
       7.430 |                                         1
       7.565 |                                         3
       7.842 |                                         1
       7.985 |                                         1
       8.428 |                                         2
       8.581 |                                         1
       8.737 |                                         1
       8.895 |                                         4
       9.057 |                                         1
       9.222 |                                         2
       9.389 |                                         2
       9.560 |                                         3
       9.734 |                                         1
      10.090 |                                         3
      10.274 |                                         4
      10.460 |                                         5
      11.242 |                                         3
      11.446 |                                         2
      11.654 |                                         1
      11.866 |                                         2
      12.081 |                                         1
      12.301 |                                         1
      12.524 |                                         1
      13.219 |                                         3
      13.460 |                                         2
      13.704 |                                         2
      16.115 |                                         1
      17.954 |                                         1
      20.366 |                                         3
      21.112 |                                         2
 
SQL statistics:
    queries performed:
        read:                            0
        write:                           20016
        other:                           0
        total:                           20016
    transactions:                        20016  (999.96 per sec.)
    queries:                             20016  (999.96 per sec.)
    ignored errors:                      0      (0.00 per sec.)
    reconnects:                          0      (0.00 per sec.)

General statistics:
    total time:                          20.0163s
    total number of events:              20016

Latency (ms):
         min:                                    0.49
         avg:                                    0.87
         max:                                   21.26
         95th percentile:                        1.30
         sum:                                17489.38

Threads fairness:
    events (avg/stddev):           625.5000/4.71
    execution time (avg/stddev):   0.5465/0.01


