sysbench 1.0.20 (using system LuaJIT 2.1.0-beta3)

Running the test with following options:
Number of threads: 32
Target transaction rate: 1000/sec
Initializing random number generator from current time


Initializing worker threads...

Threads started!

Latency histogram (values are in milliseconds)
       value  ------------- distribution ------------- count
       0.490 |                                         2
       0.499 |                                         3
       0.508 |*                                        11
       0.517 |*                                        23
       0.527 |**                                       37
       0.536 |***                                      48
       0.546 |*****                                    86
       0.556 |******                                   101
       0.566 |*********                                150
       0.576 |*********                                154
       0.587 |*********                                163
       0.597 |**********                               178
       0.608 |************                             208
       0.619 |*****************                        287
       0.630 |******************                       312
       0.642 |*************************                425
       0.654 |*****************************            499
       0.665 |******************************           520
       0.677 |********************************         544
       0.690 |*******************************          537
       0.702 |************************************     622
       0.715 |***********************************      604
       0.728 |***********************************      607
       0.741 |*************************************    631
       0.755 |*************************************    644
       0.768 |*************************************    640
       0.782 |***************************************  671
       0.797 |**************************************** 690
       0.811 |**************************************   653
       0.826 |*************************************    639
       0.841 |***********************************      611
       0.856 |**********************************       583
       0.872 |******************************           526
       0.888 |*********************************        561
       0.904 |******************************           513
       0.920 |*****************************            493
       0.937 |***************************              472
       0.954 |************************                 412
       0.971 |***********************                  405
       0.989 |********************                     350
       1.007 |*********************                    359
       1.025 |*******************                      324
       1.044 |****************                         280
       1.063 |***************                          261
       1.082 |***************                          257
       1.102 |*************                            225
       1.122 |************                             199
       1.142 |***********                              188
       1.163 |*********                                154
       1.184 |********                                 140
       1.205 |*********                                153
       1.227 |*******                                  125
       1.250 |*******                                  122
       1.272 |******                                   109
       1.295 |*****                                    89
       1.319 |*****                                    81
       1.343 |*****                                    84
       1.367 |****                                     67
       1.392 |****                                     69
       1.417 |***                                      50
       1.443 |***                                      52
       1.469 |**                                       42
       1.496 |***                                      44
       1.523 |**                                       43
       1.551 |**                                       41
       1.579 |**                                       40
       1.608 |*                                        24
       1.637 |*                                        25
       1.667 |*                                        19
       1.697 |*                                        22
       1.728 |*                                        20
       1.759 |*                                        20
       1.791 |*                                        16
       1.824 |*                                        20
       1.857 |*                                        19
       1.891 |*                                        12
       1.925 |*                                        14
       1.960 |*                                        14
       1.996 |*                                        11
       2.032 |*                                        9
       2.069 |*                                        10
       2.106 |*                                        12
       2.145 |*                                        12
       2.184 |                                         8
       2.223 |                                         5
       2.264 |                                         5
       2.347 |                                         5
       2.389 |                                         3
       2.433 |                                         4
       2.477 |                                         2
       2.522 |                                         4
       2.568 |                                         1
       2.615 |                                         2
       2.662 |                                         7
       2.710 |                                         2
       2.760 |                                         3
       2.861 |                                         3
       2.966 |                                         4
       3.020 |                                         1
       3.075 |                                         2
       3.187 |                                         2
       3.245 |                                         2
       3.304 |                                         3
       3.364 |                                         1
       3.425 |                                         1
       3.551 |                                         2
       3.615 |                                         1
       3.748 |                                         1
       3.816 |                                         1
       3.885 |                                         3
       3.956 |                                         3
       4.101 |                                         1
       4.176 |                                         2
       4.252 |                                         1
       4.329 |                                         1
       4.407 |                                         1
       4.487 |                                         2
       4.569 |                                         1
       4.652 |                                         3
       4.737 |                                         4
       4.823 |                                         3
       4.910 |                                         1
       4.999 |                                         2
       5.373 |                                         1
       5.470 |                                         1
       5.570 |                                         2
       5.671 |                                         4
       6.550 |                                         1
       6.669 |                                         2
       6.790 |                                         3
       6.913 |                                         4
       7.039 |                                         2
       7.167 |                                         1
       7.565 |                                         5
       7.702 |                                         1
       7.985 |                                         1
       8.277 |                                         3
       8.428 |                                         3
       8.581 |                                         2
       8.737 |                                         1
       8.895 |                                         3
       9.057 |                                         2
       9.222 |                                         5
       9.389 |                                         2
       9.560 |                                         2
       9.734 |                                         2
       9.910 |                                         2
      10.090 |                                         5
      10.274 |                                         1
      10.460 |                                         2
      10.844 |                                         3
      11.041 |                                         1
      11.242 |                                         2
      11.446 |                                         2
      11.654 |                                         1
      11.866 |                                         3
      12.081 |                                         2
      12.301 |                                         3
      12.524 |                                         5
      12.752 |                                         5
      12.984 |                                         1
      13.219 |                                         4
      13.460 |                                         2
      13.704 |                                         4
      13.953 |                                         3
      14.207 |                                         1
      14.465 |                                         2
      14.728 |                                         1
      14.995 |                                         2
      15.268 |                                         2
      15.545 |                                         3
      15.828 |                                         1
      16.115 |                                         2
      16.408 |                                         2
      16.706 |                                         1
      17.010 |                                         2
      17.319 |                                         2
      17.633 |                                         3
      17.954 |                                         3
      18.612 |                                         2
      19.295 |                                         1
      19.645 |                                         1
      20.002 |                                         1
      20.366 |                                         3
      20.736 |                                         1
      21.496 |                                         1
      21.886 |                                         2
      22.689 |                                         1
      23.948 |                                         1
      24.384 |                                         1
      24.827 |                                         1
      25.278 |                                         2
      25.737 |                                         2
      26.205 |                                         1
      26.681 |                                         1
      30.815 |                                         2
      31.375 |                                         1
      32.525 |                                         2
      33.116 |                                         2
      33.718 |                                         2
      34.330 |                                         1
      34.954 |                                         1
 
SQL statistics:
    queries performed:
        read:                            0
        write:                           19759
        other:                           0
        total:                           19759
    transactions:                        19759  (986.95 per sec.)
    queries:                             19759  (986.95 per sec.)
    ignored errors:                      0      (0.00 per sec.)
    reconnects:                          0      (0.00 per sec.)

General statistics:
    total time:                          20.0198s
    total number of events:              19759

Latency (ms):
         min:                                    0.49
         avg:                                    0.98
         max:                                   34.72
         95th percentile:                        1.37
         sum:                                19418.55

Threads fairness:
    events (avg/stddev):           617.4688/4.09
    execution time (avg/stddev):   0.6068/0.02


