sysbench 1.0.20 (using system LuaJIT 2.1.0-beta3)

Running the test with following options:
Number of threads: 32
Target transaction rate: 1000/sec
Initializing random number generator from current time


Initializing worker threads...

Threads started!

Latency histogram (values are in milliseconds)
       value  ------------- distribution ------------- count
       0.566 |                                         2
       0.576 |                                         1
       0.587 |                                         3
       0.597 |                                         6
       0.608 |*                                        17
       0.619 |**                                       22
       0.630 |**                                       25
       0.642 |**                                       29
       0.654 |**                                       34
       0.665 |***                                      45
       0.677 |****                                     51
       0.690 |*****                                    72
       0.702 |******                                   91
       0.715 |*******                                  100
       0.728 |**********                               134
       0.741 |************                             165
       0.755 |*************                            190
       0.768 |*****************                        243
       0.782 |*******************                      274
       0.797 |*******************                      269
       0.811 |**********************                   313
       0.826 |**************************               363
       0.841 |*****************************            405
       0.856 |****************************             401
       0.872 |******************************           418
       0.888 |********************************         447
       0.904 |********************************         454
       0.920 |**********************************       474
       0.937 |*************************************    515
       0.954 |*************************************    516
       0.971 |************************************     512
       0.989 |************************************     513
       1.007 |************************************     507
       1.025 |***************************************  555
       1.044 |**************************************** 563
       1.063 |************************************     512
       1.082 |*************************************    519
       1.102 |**************************************   540
       1.122 |************************************     504
       1.142 |**********************************       477
       1.163 |***********************************      494
       1.184 |*****************************            415
       1.205 |************************************     504
       1.227 |********************************         446
       1.250 |****************************             388
       1.272 |*************************                357
       1.295 |**************************               359
       1.319 |***********************                  327
       1.343 |***********************                  318
       1.367 |********************                     286
       1.392 |*********************                    295
       1.417 |*******************                      267
       1.443 |*****************                        245
       1.469 |****************                         229
       1.496 |***************                          215
       1.523 |**************                           204
       1.551 |*************                            181
       1.579 |*************                            181
       1.608 |***********                              155
       1.637 |***********                              157
       1.667 |***********                              151
       1.697 |**********                               142
       1.728 |********                                 111
       1.759 |**********                               136
       1.791 |*********                                127
       1.824 |*******                                  100
       1.857 |********                                 109
       1.891 |*******                                  105
       1.925 |******                                   86
       1.960 |******                                   83
       1.996 |*****                                    72
       2.032 |*****                                    71
       2.069 |*****                                    68
       2.106 |***                                      49
       2.145 |***                                      49
       2.184 |***                                      49
       2.223 |****                                     60
       2.264 |***                                      48
       2.305 |***                                      36
       2.347 |***                                      49
       2.389 |***                                      36
       2.433 |***                                      37
       2.477 |***                                      44
       2.522 |**                                       28
       2.568 |**                                       25
       2.615 |**                                       32
       2.662 |**                                       35
       2.710 |**                                       25
       2.760 |*                                        21
       2.810 |**                                       24
       2.861 |**                                       23
       2.913 |*                                        18
       2.966 |**                                       27
       3.020 |**                                       23
       3.075 |*                                        17
       3.130 |**                                       22
       3.187 |**                                       28
       3.245 |**                                       24
       3.304 |*                                        17
       3.364 |*                                        20
       3.425 |*                                        16
       3.488 |*                                        13
       3.551 |*                                        12
       3.615 |**                                       23
       3.681 |*                                        19
       3.748 |*                                        21
       3.816 |*                                        21
       3.885 |*                                        14
       3.956 |*                                        17
       4.028 |*                                        16
       4.101 |                                         7
       4.176 |*                                        12
       4.252 |*                                        13
       4.329 |                                         7
       4.407 |*                                        9
       4.487 |                                         6
       4.569 |                                         3
       4.652 |                                         6
       4.737 |                                         5
       4.823 |                                         6
       4.910 |                                         5
       4.999 |                                         2
       5.090 |                                         2
       5.183 |                                         4
       5.277 |                                         2
       5.373 |                                         1
       5.470 |                                         5
       5.570 |                                         2
       5.671 |                                         3
       5.774 |                                         2
       5.879 |                                         2
       5.986 |                                         4
       6.095 |                                         4
       6.205 |                                         4
       6.318 |                                         3
       6.433 |                                         1
       6.550 |                                         4
       6.669 |                                         4
       6.790 |                                         1
       7.167 |                                         4
       8.130 |                                         1
       8.428 |                                         1
       8.895 |                                         1
       9.057 |                                         1
       9.222 |                                         1
       9.734 |                                         2
      10.274 |                                         1
      10.460 |                                         1
      10.651 |                                         1
      10.844 |                                         1
      11.242 |                                         2
      11.654 |                                         1
      12.081 |                                         3
      12.752 |                                         1
      12.984 |                                         1
      13.219 |                                         2
      13.953 |                                         1
      14.728 |                                         1
      14.995 |                                         2
      15.545 |                                         1
      15.828 |                                         1
      16.115 |                                         1
      16.706 |                                         1
      18.280 |                                         1
      18.950 |                                         2
      19.295 |                                         2
      20.002 |                                         1
      20.736 |                                         1
      22.284 |                                         2
      23.101 |                                         1
      23.948 |                                         2
      24.384 |                                         1
      25.737 |                                         1
      26.681 |                                         2
      28.162 |                                         2
      28.673 |                                         1
      29.194 |                                         1
      29.725 |                                         2
      31.375 |                                         1
      32.525 |                                         1
      34.330 |                                         1
      34.954 |                                         1
      35.589 |                                         1
      36.894 |                                         1
      37.565 |                                         1
      38.247 |                                         2
      39.650 |                                         1
      40.370 |                                         1
      41.104 |                                         2
      42.611 |                                         1
      43.385 |                                         2
      44.976 |                                         1
      45.793 |                                         2
      46.625 |                                         1
      47.472 |                                         4
      51.018 |                                         1
      51.945 |                                         3
      52.889 |                                         1
      53.850 |                                         2
      54.828 |                                         1
      56.839 |                                         1
      57.871 |                                         2
      58.923 |                                         2
      59.993 |                                         2
      61.083 |                                         1
      62.193 |                                         2
      63.323 |                                         2
      64.474 |                                         3
      68.053 |                                         2
      69.289 |                                         3
      70.548 |                                         3
      71.830 |                                         1
      73.135 |                                         1
      74.464 |                                         2
      75.817 |                                         1
      77.194 |                                         2
      78.597 |                                         2
      80.025 |                                         3
      81.479 |                                         2
      82.959 |                                         2
      84.467 |                                         4
      86.002 |                                         3
      87.564 |                                         3
      89.155 |                                         2
      90.775 |                                         4
      92.424 |                                         4
 
SQL statistics:
    queries performed:
        read:                            0
        write:                           19978
        other:                           0
        total:                           19978
    transactions:                        19978  (998.03 per sec.)
    queries:                             19978  (998.03 per sec.)
    ignored errors:                      0      (0.00 per sec.)
    reconnects:                          0      (0.00 per sec.)

General statistics:
    total time:                          20.0171s
    total number of events:              19978

Latency (ms):
         min:                                    0.56
         avg:                                    1.58
         max:                                   93.10
         95th percentile:                        2.35
         sum:                                31479.29

Threads fairness:
    events (avg/stddev):           624.3125/4.43
    execution time (avg/stddev):   0.9837/0.05


