sysbench 1.0.20 (using system LuaJIT 2.1.0-beta3)

Running the test with following options:
Number of threads: 32
Target transaction rate: 1000/sec
Initializing random number generator from current time


Initializing worker threads...

Threads started!

Latency histogram (values are in milliseconds)
       value  ------------- distribution ------------- count
       0.546 |                                         1
       0.556 |                                         7
       0.566 |                                         3
       0.576 |*                                        21
       0.587 |**                                       29
       0.597 |***                                      52
       0.608 |****                                     68
       0.619 |*****                                    78
       0.630 |******                                   110
       0.642 |********                                 134
       0.654 |********                                 142
       0.665 |*********                                159
       0.677 |*********                                158
       0.690 |*************                            220
       0.702 |****************                         274
       0.715 |****************                         281
       0.728 |************************                 410
       0.741 |***************************              459
       0.755 |*****************************            495
       0.768 |**********************************       587
       0.782 |************************************     623
       0.797 |************************************     625
       0.811 |**************************************** 689
       0.826 |**************************************** 686
       0.841 |***************************************  665
       0.856 |**************************************   655
       0.872 |**************************************   659
       0.888 |**************************************   654
       0.904 |***************************************  667
       0.920 |**************************************   658
       0.937 |*********************************        574
       0.954 |*********************************        570
       0.971 |*****************************            506
       0.989 |******************************           510
       1.007 |*******************************          533
       1.025 |****************************             484
       1.044 |**************************               447
       1.063 |**************************               448
       1.082 |*************************                434
       1.102 |*******************                      319
       1.122 |********************                     349
       1.142 |*****************                        290
       1.163 |******************                       313
       1.184 |****************                         272
       1.205 |***************                          254
       1.227 |*************                            226
       1.250 |************                             199
       1.272 |************                             205
       1.295 |***********                              193
       1.319 |*********                                157
       1.343 |*********                                151
       1.367 |********                                 140
       1.392 |*******                                  116
       1.417 |*****                                    90
       1.443 |******                                   103
       1.469 |*******                                  121
       1.496 |******                                   97
       1.523 |*****                                    83
       1.551 |****                                     77
       1.579 |***                                      59
       1.608 |***                                      59
       1.637 |***                                      49
       1.667 |***                                      59
       1.697 |**                                       42
       1.728 |***                                      46
       1.759 |**                                       34
       1.791 |**                                       40
       1.824 |**                                       35
       1.857 |**                                       33
       1.891 |**                                       40
       1.925 |**                                       27
       1.960 |**                                       28
       1.996 |**                                       27
       2.032 |*                                        18
       2.069 |*                                        22
       2.106 |*                                        23
       2.145 |*                                        25
       2.184 |*                                        23
       2.223 |*                                        16
       2.264 |**                                       27
       2.305 |**                                       30
       2.347 |*                                        19
       2.389 |*                                        18
       2.433 |*                                        21
       2.477 |*                                        23
       2.522 |*                                        19
       2.568 |*                                        16
       2.615 |*                                        17
       2.662 |*                                        18
       2.710 |*                                        21
       2.760 |*                                        18
       2.810 |*                                        11
       2.861 |*                                        19
       2.913 |*                                        16
       2.966 |*                                        19
       3.020 |*                                        20
       3.075 |*                                        20
       3.130 |*                                        19
       3.187 |*                                        15
       3.245 |*                                        19
       3.304 |*                                        20
       3.364 |*                                        15
       3.425 |*                                        20
       3.488 |*                                        14
       3.551 |*                                        17
       3.615 |*                                        16
       3.681 |*                                        16
       3.748 |                                         7
       3.816 |*                                        11
       3.885 |*                                        10
       3.956 |                                         7
       4.028 |                                         5
       4.101 |                                         3
       4.176 |                                         7
       4.252 |                                         1
       4.329 |                                         5
       4.407 |                                         7
       4.487 |*                                        13
       4.569 |                                         5
       4.652 |                                         1
       4.737 |                                         2
       4.823 |                                         6
       4.999 |                                         7
       5.090 |                                         1
       5.183 |                                         3
       5.277 |                                         4
       5.373 |                                         3
       5.470 |                                         2
       5.570 |                                         1
       5.671 |                                         2
       5.879 |                                         2
       5.986 |                                         2
       6.095 |                                         3
       6.205 |                                         2
       6.318 |                                         2
       6.669 |                                         2
       6.790 |                                         1
       6.913 |                                         1
       7.039 |                                         1
       7.167 |                                         1
       7.430 |                                         1
       8.130 |                                         1
       8.737 |                                         1
       9.222 |                                         2
       9.560 |                                         1
 
SQL statistics:
    queries performed:
        read:                            0
        write:                           19894
        other:                           0
        total:                           19894
    transactions:                        19894  (993.82 per sec.)
    queries:                             19894  (993.82 per sec.)
    ignored errors:                      0      (0.00 per sec.)
    reconnects:                          0      (0.00 per sec.)

General statistics:
    total time:                          20.0174s
    total number of events:              19894

Latency (ms):
         min:                                    0.55
         avg:                                    1.05
         max:                                    9.48
         95th percentile:                        1.79
         sum:                                20896.48

Threads fairness:
    events (avg/stddev):           621.6875/4.21
    execution time (avg/stddev):   0.6530/0.01


