sysbench 1.0.20 (using system LuaJIT 2.1.0-beta3)

Running the test with following options:
Number of threads: 32
Target transaction rate: 300/sec
Initializing random number generator from current time


Initializing worker threads...

Threads started!

Latency histogram (values are in milliseconds)
       value  ------------- distribution ------------- count
       2.223 |                                         3
       2.264 |*                                        12
       2.305 |***                                      30
       2.347 |*****                                    58
       2.389 |***********                              131
       2.433 |*************                            155
       2.477 |****************                         182
       2.522 |**************                           168
       2.568 |************                             134
       2.615 |***************                          174
       2.662 |**************                           159
       2.710 |************                             143
       2.760 |***********                              122
       2.810 |****************                         180
       2.861 |********************                     237
       2.913 |***************************              316
       2.966 |******************************           352
       3.020 |**********************************       392
       3.075 |**************************************** 464
       3.130 |*********************************        381
       3.187 |*************************************    430
       3.245 |***********************************      406
       3.304 |******************************           343
       3.364 |***********************                  269
       3.425 |*******************                      225
       3.488 |*************                            154
       3.551 |**********                               114
       3.615 |********                                 97
       3.681 |****                                     50
       3.748 |****                                     44
       3.816 |***                                      38
       3.885 |***                                      34
       3.956 |**                                       20
       4.028 |*                                        17
       4.101 |*                                        17
       4.176 |*                                        9
       4.252 |*                                        7
       4.329 |*                                        7
       4.407 |                                         5
       4.487 |*                                        8
       4.569 |                                         5
       4.652 |                                         3
       4.737 |*                                        6
       4.823 |                                         4
       4.910 |                                         4
       4.999 |                                         3
       5.090 |                                         5
       5.183 |                                         1
       5.277 |*                                        6
       5.373 |                                         3
       5.470 |                                         1
       5.774 |                                         2
       5.879 |                                         1
       6.095 |                                         1
       6.433 |                                         2
       6.550 |                                         1
       8.895 |                                         1
       9.222 |                                         1
       9.910 |                                         1
      10.844 |                                         1
      11.041 |                                         1
      13.704 |                                         1
 
SQL statistics:
    queries performed:
        read:                            85974
        write:                           0
        other:                           12282
        total:                           98256
    transactions:                        6141   (306.71 per sec.)
    queries:                             98256  (4907.39 per sec.)
    ignored errors:                      0      (0.00 per sec.)
    reconnects:                          0      (0.00 per sec.)

General statistics:
    total time:                          20.0217s
    total number of events:              6141

Latency (ms):
         min:                                    2.21
         avg:                                    3.06
         max:                                   13.62
         95th percentile:                        3.68
         sum:                                18798.63

Threads fairness:
    events (avg/stddev):           191.9062/1.33
    execution time (avg/stddev):   0.5875/0.01


