sysbench 1.0.20 (using system LuaJIT 2.1.0-beta3)

Running the test with following options:
Number of threads: 32
Target transaction rate: 300/sec
Initializing random number generator from current time


Initializing worker threads...

Threads started!

Latency histogram (values are in milliseconds)
       value  ------------- distribution ------------- count
       0.741 |                                         3
       0.755 |*                                        10
       0.768 |**                                       35
       0.782 |******                                   104
       0.797 |*************                            211
       0.811 |************************                 397
       0.826 |*****************************            478
       0.841 |***************************              451
       0.856 |******************                       294
       0.872 |**************                           225
       0.888 |**************                           232
       0.904 |****************                         260
       0.920 |**************************               424
       0.937 |**************************************** 663
       0.954 |****************************             467
       0.971 |****************                         265
       0.989 |**************                           233
       1.007 |*************                            212
       1.025 |**********                               159
       1.044 |**********                               171
       1.063 |*********                                142
       1.082 |*******                                  110
       1.102 |******                                   105
       1.122 |******                                   100
       1.142 |***                                      54
       1.163 |***                                      42
       1.184 |**                                       31
       1.205 |*                                        18
       1.227 |                                         8
       1.250 |*                                        9
       1.272 |                                         4
       1.295 |                                         6
       1.319 |                                         2
       1.343 |                                         1
       1.367 |                                         1
       1.417 |                                         2
       1.523 |                                         1
       1.579 |                                         1
       1.637 |                                         1
       1.667 |                                         1
       2.184 |                                         1
       2.615 |                                         1
       2.662 |                                         1
       2.760 |                                         1
       3.075 |                                         1
       3.130 |                                         3
       3.245 |                                         1
       3.425 |                                         1
       3.681 |                                         1
       4.176 |                                         1
       4.569 |                                         1
       5.470 |                                         2
       5.570 |                                         1
       5.671 |                                         1
       5.774 |                                         1
       5.879 |                                         1
 
SQL statistics:
    queries performed:
        read:                            83328
        write:                           0
        other:                           11904
        total:                           95232
    transactions:                        5952   (297.27 per sec.)
    queries:                             95232  (4756.26 per sec.)
    ignored errors:                      0      (0.00 per sec.)
    reconnects:                          0      (0.00 per sec.)

General statistics:
    total time:                          20.0219s
    total number of events:              5952

Latency (ms):
         min:                                    0.74
         avg:                                    0.93
         max:                                    5.89
         95th percentile:                        1.12
         sum:                                 5560.99

Threads fairness:
    events (avg/stddev):           186.0000/1.09
    execution time (avg/stddev):   0.1738/0.00


