sysbench 1.0.20 (using system LuaJIT 2.1.0-beta3)

Running the test with following options:
Number of threads: 32
Target transaction rate: 1000/sec
Initializing random number generator from current time


Initializing worker threads...

Threads started!

Latency histogram (values are in milliseconds)
       value  ------------- distribution ------------- count
       0.576 |                                         2
       0.587 |*                                        9
       0.597 |*                                        11
       0.608 |*                                        18
       0.619 |***                                      40
       0.630 |****                                     51
       0.642 |*****                                    62
       0.654 |*******                                  93
       0.665 |******                                   86
       0.677 |*******                                  95
       0.690 |********                                 114
       0.702 |**********                               138
       0.715 |************                             156
       0.728 |***************                          209
       0.741 |****************                         219
       0.755 |**********************                   302
       0.768 |*********************                    290
       0.782 |************************                 322
       0.797 |*************************                333
       0.811 |******************************           405
       0.826 |*****************************            394
       0.841 |*******************************          417
       0.856 |********************************         434
       0.872 |**********************************       458
       0.888 |**********************************       460
       0.904 |**********************************       459
       0.920 |************************************     489
       0.937 |*********************************        449
       0.954 |***********************************      466
       0.971 |*********************************        447
       0.989 |*************************************    501
       1.007 |*************************************    496
       1.025 |**************************************** 540
       1.044 |*************************************    497
       1.063 |*************************************    500
       1.082 |************************************     484
       1.102 |*************************************    502
       1.122 |*************************************    499
       1.142 |************************************     483
       1.163 |**********************************       463
       1.184 |***********************************      467
       1.205 |********************************         431
       1.227 |*******************************          415
       1.250 |***************************              358
       1.272 |*****************************            388
       1.295 |**************************               351
       1.319 |**************************               351
       1.343 |***********************                  304
       1.367 |**********************                   294
       1.392 |*********************                    287
       1.417 |*******************                      257
       1.443 |*****************                        232
       1.469 |****************                         222
       1.496 |****************                         212
       1.523 |**************                           184
       1.551 |************                             157
       1.579 |************                             160
       1.608 |***********                              153
       1.637 |**********                               131
       1.667 |*********                                116
       1.697 |********                                 112
       1.728 |*********                                125
       1.759 |******                                   76
       1.791 |******                                   83
       1.824 |******                                   84
       1.857 |*****                                    64
       1.891 |*****                                    64
       1.925 |*****                                    66
       1.960 |*****                                    63
       1.996 |****                                     53
       2.032 |****                                     57
       2.069 |****                                     54
       2.106 |***                                      44
       2.145 |***                                      46
       2.184 |***                                      38
       2.223 |***                                      41
       2.264 |***                                      39
       2.305 |**                                       24
       2.347 |**                                       28
       2.389 |**                                       28
       2.433 |**                                       28
       2.477 |***                                      36
       2.522 |**                                       33
       2.568 |**                                       27
       2.615 |**                                       23
       2.662 |**                                       21
       2.710 |*                                        20
       2.760 |**                                       25
       2.810 |*                                        13
       2.861 |*                                        19
       2.913 |**                                       29
       2.966 |*                                        14
       3.020 |**                                       21
       3.075 |*                                        12
       3.130 |*                                        15
       3.187 |**                                       27
       3.245 |*                                        16
       3.304 |**                                       22
       3.364 |*                                        15
       3.425 |*                                        12
       3.488 |**                                       28
       3.551 |*                                        15
       3.615 |*                                        15
       3.681 |*                                        15
       3.748 |*                                        15
       3.816 |*                                        16
       3.885 |**                                       22
       3.956 |*                                        19
       4.028 |*                                        8
       4.101 |*                                        19
       4.176 |*                                        11
       4.252 |*                                        15
       4.329 |*                                        8
       4.407 |*                                        15
       4.487 |*                                        8
       4.569 |*                                        12
       4.652 |*                                        12
       4.737 |                                         6
       4.823 |                                         2
       4.910 |*                                        7
       4.999 |*                                        7
       5.090 |                                         6
       5.183 |                                         3
       5.277 |                                         4
       5.373 |                                         5
       5.470 |                                         3
       5.570 |                                         4
       5.671 |                                         4
       5.774 |                                         4
       5.879 |                                         6
       5.986 |                                         5
       6.095 |                                         4
       6.205 |                                         6
       6.433 |                                         2
       6.550 |                                         1
       6.669 |                                         2
       6.913 |                                         2
       7.039 |                                         3
       7.167 |                                         2
       7.430 |                                         1
       7.842 |                                         2
       7.985 |                                         2
       8.428 |                                         3
       8.737 |                                         1
       8.895 |                                         1
       9.057 |                                         1
       9.734 |                                         1
 
SQL statistics:
    queries performed:
        read:                            0
        write:                           19833
        other:                           0
        total:                           19833
    transactions:                        19833  (990.78 per sec.)
    queries:                             19833  (990.78 per sec.)
    ignored errors:                      0      (0.00 per sec.)
    reconnects:                          0      (0.00 per sec.)

General statistics:
    total time:                          20.0173s
    total number of events:              19833

Latency (ms):
         min:                                    0.57
         avg:                                    1.21
         max:                                    9.80
         95th percentile:                        2.14
         sum:                                24089.46

Threads fairness:
    events (avg/stddev):           619.7812/4.06
    execution time (avg/stddev):   0.7528/0.02


