sysbench 1.0.20 (using system LuaJIT 2.1.0-beta3)

Running the test with following options:
Number of threads: 32
Target transaction rate: 1000/sec
Initializing random number generator from current time


Initializing worker threads...

Threads started!

Latency histogram (values are in milliseconds)
       value  ------------- distribution ------------- count
       0.556 |                                         1
       0.587 |                                         4
       0.597 |*                                        12
       0.608 |*                                        21
       0.619 |*                                        21
       0.630 |****                                     62
       0.642 |***                                      58
       0.654 |*****                                    91
       0.665 |******                                   97
       0.677 |*******                                  109
       0.690 |********                                 128
       0.702 |*********                                153
       0.715 |**********                               167
       0.728 |*************                            210
       0.741 |****************                         266
       0.755 |*******************                      322
       0.768 |***********************                  390
       0.782 |**************************               437
       0.797 |****************************             474
       0.811 |*******************************          518
       0.826 |********************************         527
       0.841 |************************************     594
       0.856 |**************************************   636
       0.872 |*************************************    621
       0.888 |***************************************  656
       0.904 |************************************     606
       0.920 |**************************************** 668
       0.937 |***************************************  657
       0.954 |*************************************    610
       0.971 |**********************************       564
       0.989 |*********************************        553
       1.007 |********************************         542
       1.025 |**********************************       566
       1.044 |******************************           503
       1.063 |******************************           507
       1.082 |*****************************            480
       1.102 |****************************             474
       1.122 |****************************             467
       1.142 |**************************               430
       1.163 |***********************                  383
       1.184 |*************************                416
       1.205 |*********************                    354
       1.227 |*********************                    349
       1.250 |*****************                        281
       1.272 |****************                         272
       1.295 |*****************                        288
       1.319 |****************                         263
       1.343 |*************                            214
       1.367 |************                             195
       1.392 |************                             196
       1.417 |***********                              178
       1.443 |**********                               164
       1.469 |*********                                148
       1.496 |*******                                  121
       1.523 |******                                   107
       1.551 |******                                   107
       1.579 |******                                   93
       1.608 |******                                   92
       1.637 |******                                   92
       1.667 |******                                   95
       1.697 |*****                                    83
       1.728 |****                                     61
       1.759 |**                                       38
       1.791 |***                                      51
       1.824 |***                                      45
       1.857 |**                                       39
       1.891 |**                                       37
       1.925 |**                                       36
       1.960 |**                                       35
       1.996 |***                                      43
       2.032 |**                                       30
       2.069 |**                                       28
       2.106 |*                                        25
       2.145 |**                                       33
       2.184 |*                                        24
       2.223 |*                                        17
       2.264 |**                                       26
       2.305 |*                                        25
       2.347 |*                                        12
       2.389 |                                         8
       2.433 |                                         8
       2.477 |*                                        17
       2.522 |*                                        12
       2.568 |*                                        24
       2.615 |*                                        11
       2.662 |*                                        12
       2.710 |                                         4
       2.760 |*                                        12
       2.810 |*                                        19
       2.861 |*                                        14
       2.913 |*                                        14
       2.966 |*                                        10
       3.020 |*                                        12
       3.075 |                                         6
       3.130 |*                                        14
       3.187 |*                                        11
       3.245 |*                                        20
       3.304 |**                                       26
       3.364 |*                                        19
       3.425 |*                                        17
       3.488 |*                                        11
       3.551 |**                                       29
       3.615 |*                                        18
       3.681 |*                                        14
       3.748 |*                                        15
       3.816 |*                                        14
       3.885 |*                                        25
       3.956 |*                                        14
       4.028 |*                                        16
       4.101 |                                         7
       4.176 |*                                        16
       4.252 |*                                        9
       4.329 |*                                        10
       4.407 |*                                        11
       4.487 |*                                        14
       4.569 |                                         7
       4.652 |                                         5
       4.737 |*                                        9
       4.823 |                                         6
       4.910 |                                         7
       4.999 |                                         7
       5.090 |                                         7
       5.183 |                                         4
       5.277 |                                         5
       5.373 |                                         4
       5.470 |                                         2
       5.570 |                                         7
       5.671 |                                         8
       5.774 |                                         5
       5.879 |                                         4
       5.986 |                                         6
       6.095 |                                         1
       6.205 |                                         5
       6.318 |                                         1
       6.433 |                                         1
       6.550 |                                         3
       6.669 |                                         4
       6.790 |                                         1
       6.913 |                                         1
       7.167 |                                         1
       7.297 |                                         1
       7.430 |                                         3
       7.702 |                                         1
       7.985 |                                         1
       8.581 |                                         1
       8.737 |                                         1
       9.222 |                                         2
       9.389 |                                         1
 
SQL statistics:
    queries performed:
        read:                            0
        write:                           19933
        other:                           0
        total:                           19933
    transactions:                        19933  (995.83 per sec.)
    queries:                             19933  (995.83 per sec.)
    ignored errors:                      0      (0.00 per sec.)
    reconnects:                          0      (0.00 per sec.)

General statistics:
    total time:                          20.0161s
    total number of events:              19933

Latency (ms):
         min:                                    0.55
         avg:                                    1.13
         max:                                    9.47
         95th percentile:                        1.89
         sum:                                22561.35

Threads fairness:
    events (avg/stddev):           622.9062/5.94
    execution time (avg/stddev):   0.7050/0.01


