sysbench 1.0.20 (using system LuaJIT 2.1.0-beta3)

Running the test with following options:
Number of threads: 32
Target transaction rate: 3000/sec
Initializing random number generator from current time


Initializing worker threads...

Threads started!

Latency histogram (values are in milliseconds)
       value  ------------- distribution ------------- count
       0.110 |                                         1
       0.118 |                                         1
       0.120 |                                         3
       0.122 |                                         1
       0.125 |                                         6
       0.127 |                                         12
       0.129 |                                         21
       0.132 |                                         34
       0.134 |*                                        105
       0.136 |**                                       219
       0.139 |****                                     406
       0.141 |*******                                  676
       0.144 |**********                               979
       0.147 |**********                               1070
       0.149 |*************                            1289
       0.152 |****************                         1602
       0.155 |******************                       1841
       0.158 |********************                     2069
       0.160 |********************                     2071
       0.163 |*******************                      1896
       0.166 |******************                       1798
       0.169 |*******************                      1936
       0.172 |************************                 2436
       0.176 |*********************************        3356
       0.179 |**************************************   3837
       0.182 |**************************************** 4083
       0.185 |***************************************  3964
       0.189 |************************************     3645
       0.192 |***********************************      3555
       0.196 |******************************           3032
       0.199 |************************                 2434
       0.203 |*******************                      1914
       0.206 |***************                          1530
       0.210 |************                             1256
       0.214 |*********                                956
       0.218 |********                                 792
       0.222 |******                                   614
       0.226 |*****                                    493
       0.230 |****                                     411
       0.234 |***                                      339
       0.238 |***                                      285
       0.243 |**                                       245
       0.247 |**                                       209
       0.252 |**                                       208
       0.256 |**                                       180
       0.261 |**                                       158
       0.266 |*                                        146
       0.270 |*                                        111
       0.275 |*                                        137
       0.280 |*                                        122
       0.285 |*                                        131
       0.291 |*                                        121
       0.296 |*                                        134
       0.301 |*                                        127
       0.307 |*                                        103
       0.312 |*                                        123
       0.318 |*                                        117
       0.324 |*                                        93
       0.330 |*                                        103
       0.336 |*                                        88
       0.342 |*                                        58
       0.348 |                                         43
       0.354 |                                         42
       0.361 |                                         35
       0.367 |                                         29
       0.374 |                                         30
       0.381 |                                         10
       0.388 |                                         14
       0.395 |                                         8
       0.402 |                                         7
       0.409 |                                         6
       0.417 |                                         6
       0.424 |                                         3
       0.432 |                                         4
       0.440 |                                         2
       0.448 |                                         4
       0.456 |                                         1
       0.464 |                                         2
       0.473 |                                         5
       0.481 |                                         2
       0.490 |                                         1
       0.499 |                                         1
       0.508 |                                         1
       0.517 |                                         2
       0.566 |                                         1
       0.665 |                                         1
       1.102 |                                         2
       1.205 |                                         1
       1.891 |                                         1
       1.996 |                                         1
       2.223 |                                         1
       2.568 |                                         1
       2.662 |                                         1
       3.615 |                                         1
       3.681 |                                         1
       3.748 |                                         1
       4.028 |                                         1
       4.652 |                                         1
       5.277 |                                         1
       5.570 |                                         1
       5.671 |                                         1
       5.986 |                                         3
       6.433 |                                         1
       6.550 |                                         2
       6.669 |                                         1
       6.790 |                                         1
       6.913 |                                         1
       7.039 |                                         1
 
SQL statistics:
    queries performed:
        read:                            59968
        write:                           0
        other:                           0
        total:                           59968
    transactions:                        59968  (2996.04 per sec.)
    queries:                             59968  (2996.04 per sec.)
    ignored errors:                      0      (0.00 per sec.)
    reconnects:                          0      (0.00 per sec.)

General statistics:
    total time:                          20.0153s
    total number of events:              59968

Latency (ms):
         min:                                    0.11
         avg:                                    0.19
         max:                                    7.04
         95th percentile:                        0.24
         sum:                                11251.59

Threads fairness:
    events (avg/stddev):           1874.0000/15.78
    execution time (avg/stddev):   0.3516/0.00


