sysbench 1.0.20 (using system LuaJIT 2.1.0-beta3)

Running the test with following options:
Number of threads: 32
Target transaction rate: 3000/sec
Initializing random number generator from current time


Initializing worker threads...

Threads started!

Latency histogram (values are in milliseconds)
       value  ------------- distribution ------------- count
       0.112 |                                         1
       0.118 |                                         2
       0.120 |                                         1
       0.122 |                                         6
       0.125 |                                         15
       0.127 |                                         24
       0.129 |                                         24
       0.132 |*                                        77
       0.134 |*                                        141
       0.136 |***                                      318
       0.139 |*****                                    601
       0.141 |*********                                971
       0.144 |************                             1317
       0.147 |*************                            1465
       0.149 |**************                           1547
       0.152 |*****************                        1921
       0.155 |******************                       2072
       0.158 |*******************                      2127
       0.160 |*******************                      2154
       0.163 |****************                         1844
       0.166 |**************                           1599
       0.169 |*****************                        1926
       0.172 |***********************                  2622
       0.176 |**********************************       3822
       0.179 |**************************************** 4443
       0.182 |**************************************** 4493
       0.185 |**********************************       3830
       0.189 |****************************             3192
       0.192 |***********************                  2599
       0.196 |*******************                      2139
       0.199 |**************                           1563
       0.203 |***********                              1190
       0.206 |********                                 871
       0.210 |******                                   724
       0.214 |******                                   655
       0.218 |****                                     505
       0.222 |****                                     399
       0.226 |***                                      351
       0.230 |***                                      286
       0.234 |**                                       259
       0.238 |**                                       217
       0.243 |**                                       195
       0.247 |**                                       170
       0.252 |*                                        143
       0.256 |*                                        147
       0.261 |*                                        102
       0.266 |*                                        112
       0.270 |*                                        139
       0.275 |*                                        131
       0.280 |*                                        119
       0.285 |*                                        122
       0.291 |*                                        103
       0.296 |*                                        111
       0.301 |*                                        119
       0.307 |*                                        89
       0.312 |*                                        102
       0.318 |*                                        69
       0.324 |*                                        90
       0.330 |*                                        70
       0.336 |*                                        63
       0.342 |*                                        82
       0.348 |*                                        92
       0.354 |*                                        93
       0.361 |*                                        124
       0.367 |*                                        113
       0.374 |*                                        152
       0.381 |**                                       189
       0.388 |**                                       211
       0.395 |**                                       204
       0.402 |**                                       190
       0.409 |**                                       188
       0.417 |*                                        167
       0.424 |*                                        153
       0.432 |*                                        128
       0.440 |*                                        98
       0.448 |*                                        71
       0.456 |*                                        69
       0.464 |*                                        60
       0.473 |*                                        63
       0.481 |                                         37
       0.490 |                                         38
       0.499 |                                         29
       0.508 |                                         24
       0.517 |                                         33
       0.527 |                                         37
       0.536 |                                         28
       0.546 |                                         26
       0.556 |                                         15
       0.566 |                                         15
       0.576 |                                         11
       0.587 |                                         15
       0.597 |                                         17
       0.608 |                                         9
       0.619 |                                         3
       0.630 |                                         4
       0.642 |                                         9
       0.654 |                                         13
       0.665 |                                         5
       0.677 |                                         7
       0.690 |                                         5
       0.702 |                                         3
       0.715 |                                         2
       0.728 |                                         4
       0.741 |                                         2
       0.755 |                                         2
       0.768 |                                         3
       0.782 |                                         4
       0.797 |                                         5
       0.826 |                                         3
       0.841 |                                         3
       0.856 |                                         2
       0.872 |                                         2
       0.888 |                                         1
       0.904 |                                         2
       0.920 |                                         3
       0.937 |                                         3
       0.971 |                                         1
       0.989 |                                         2
       1.007 |                                         1
       1.025 |                                         2
       1.044 |                                         2
       1.063 |                                         1
       1.082 |                                         1
       1.102 |                                         1
       1.142 |                                         1
       1.163 |                                         1
       1.250 |                                         1
       1.295 |                                         1
       1.367 |                                         2
       1.392 |                                         1
       1.417 |                                         2
       1.496 |                                         1
       1.579 |                                         3
       1.667 |                                         1
       1.759 |                                         1
       1.791 |                                         1
       2.106 |                                         1
       2.477 |                                         2
       2.522 |                                         1
       2.615 |                                         3
       2.710 |                                         1
       2.760 |                                         1
       2.913 |                                         2
       3.187 |                                         2
       3.304 |                                         2
       4.101 |                                         1
 
SQL statistics:
    queries performed:
        read:                            59423
        write:                           0
        other:                           0
        total:                           59423
    transactions:                        59423  (2968.71 per sec.)
    queries:                             59423  (2968.71 per sec.)
    ignored errors:                      0      (0.00 per sec.)
    reconnects:                          0      (0.00 per sec.)

General statistics:
    total time:                          20.0161s
    total number of events:              59423

Latency (ms):
         min:                                    0.11
         avg:                                    0.19
         max:                                    4.07
         95th percentile:                        0.34
         sum:                                11483.16

Threads fairness:
    events (avg/stddev):           1856.9688/17.66
    execution time (avg/stddev):   0.3588/0.00


