sysbench 1.0.20 (using system LuaJIT 2.1.0-beta3)

Running the test with following options:
Number of threads: 32
Target transaction rate: 3000/sec
Initializing random number generator from current time


Initializing worker threads...

Threads started!

Latency histogram (values are in milliseconds)
       value  ------------- distribution ------------- count
       0.118 |                                         1
       0.120 |                                         1
       0.122 |                                         1
       0.125 |                                         2
       0.127 |                                         3
       0.129 |                                         13
       0.132 |                                         19
       0.134 |*                                        49
       0.136 |*                                        113
       0.139 |**                                       236
       0.141 |****                                     422
       0.144 |*******                                  629
       0.147 |********                                 785
       0.149 |**********                               943
       0.152 |*************                            1219
       0.155 |****************                         1509
       0.158 |*******************                      1803
       0.160 |********************                     1953
       0.163 |*******************                      1814
       0.166 |*******************                      1876
       0.169 |*******************                      1823
       0.172 |**********************                   2158
       0.176 |*****************************            2782
       0.179 |*********************************        3152
       0.182 |***********************************      3381
       0.185 |************************************     3461
       0.189 |**************************************** 3846
       0.192 |**************************************** 3860
       0.196 |**************************************   3693
       0.199 |**********************************       3255
       0.203 |*************************                2441
       0.206 |*********************                    2073
       0.210 |*****************                        1653
       0.214 |**************                           1338
       0.218 |***********                              1088
       0.222 |*********                                835
       0.226 |********                                 730
       0.230 |******                                   553
       0.234 |*****                                    451
       0.238 |****                                     341
       0.243 |***                                      303
       0.247 |***                                      278
       0.252 |***                                      244
       0.256 |**                                       189
       0.261 |**                                       185
       0.266 |**                                       169
       0.270 |**                                       153
       0.275 |*                                        138
       0.280 |*                                        136
       0.285 |*                                        113
       0.291 |*                                        136
       0.296 |*                                        114
       0.301 |*                                        138
       0.307 |*                                        143
       0.312 |*                                        122
       0.318 |*                                        135
       0.324 |*                                        121
       0.330 |*                                        134
       0.336 |*                                        100
       0.342 |*                                        74
       0.348 |*                                        82
       0.354 |*                                        64
       0.361 |                                         44
       0.367 |                                         39
       0.374 |                                         41
       0.381 |                                         19
       0.388 |                                         13
       0.395 |                                         11
       0.402 |                                         10
       0.409 |                                         10
       0.417 |                                         14
       0.424 |                                         10
       0.432 |                                         7
       0.440 |                                         9
       0.448 |                                         3
       0.456 |                                         10
       0.464 |                                         4
       0.473 |                                         1
       0.481 |                                         1
       0.499 |                                         2
       0.508 |                                         3
       0.536 |                                         2
       0.546 |                                         1
       0.556 |                                         1
       0.566 |                                         1
       0.576 |                                         2
       0.608 |                                         1
       0.654 |                                         1
       0.811 |                                         1
 
SQL statistics:
    queries performed:
        read:                            59837
        write:                           0
        other:                           0
        total:                           59837
    transactions:                        59837  (2989.55 per sec.)
    queries:                             59837  (2989.55 per sec.)
    ignored errors:                      0      (0.00 per sec.)
    reconnects:                          0      (0.00 per sec.)

General statistics:
    total time:                          20.0150s
    total number of events:              59837

Latency (ms):
         min:                                    0.12
         avg:                                    0.19
         max:                                    0.81
         95th percentile:                        0.25
         sum:                                11407.05

Threads fairness:
    events (avg/stddev):           1869.9062/11.92
    execution time (avg/stddev):   0.3565/0.00


