sysbench 1.0.20 (using system LuaJIT 2.1.0-beta3)

Running the test with following options:
Number of threads: 32
Target transaction rate: 300/sec
Initializing random number generator from current time


Initializing worker threads...

Threads started!

Latency histogram (values are in milliseconds)
       value  ------------- distribution ------------- count
       2.184 |                                         1
       2.223 |*                                        7
       2.264 |*                                        8
       2.305 |**                                       27
       2.347 |*****                                    55
       2.389 |*********                                100
       2.433 |*************                            148
       2.477 |***************                          171
       2.522 |**************                           166
       2.568 |**************                           158
       2.615 |***************                          170
       2.662 |***********                              131
       2.710 |************                             141
       2.760 |************                             138
       2.810 |*************                            153
       2.861 |*********************                    243
       2.913 |********************************         368
       2.966 |*********************************        385
       3.020 |**************************************** 466
       3.075 |**************************************   438
       3.130 |************************************     417
       3.187 |*********************************        383
       3.245 |*********************************        390
       3.304 |******************************           344
       3.364 |**********************                   255
       3.425 |*****************                        197
       3.488 |**************                           162
       3.551 |*******                                  86
       3.615 |******                                   71
       3.681 |*****                                    53
       3.748 |***                                      33
       3.816 |***                                      33
       3.885 |*                                        9
       3.956 |*                                        14
       4.028 |*                                        11
       4.101 |*                                        7
       4.176 |*                                        10
       4.252 |                                         5
       4.329 |                                         5
       4.407 |                                         3
       4.487 |                                         4
       4.569 |                                         3
       4.652 |                                         4
       4.823 |                                         1
       4.910 |                                         1
       4.999 |                                         2
       5.090 |                                         1
       5.277 |                                         1
       5.373 |                                         1
       5.470 |                                         1
 
SQL statistics:
    queries performed:
        read:                            83734
        write:                           0
        other:                           11962
        total:                           95696
    transactions:                        5981   (298.65 per sec.)
    queries:                             95696  (4778.38 per sec.)
    ignored errors:                      0      (0.00 per sec.)
    reconnects:                          0      (0.00 per sec.)

General statistics:
    total time:                          20.0265s
    total number of events:              5981

Latency (ms):
         min:                                    2.20
         avg:                                    3.03
         max:                                    5.44
         95th percentile:                        3.55
         sum:                                18108.69

Threads fairness:
    events (avg/stddev):           186.9062/1.13
    execution time (avg/stddev):   0.5659/0.01


