sysbench 1.0.20 (using system LuaJIT 2.1.0-beta3)

Running the test with following options:
Number of threads: 32
Target transaction rate: 300/sec
Initializing random number generator from current time


Initializing worker threads...

Threads started!

Latency histogram (values are in milliseconds)
       value  ------------- distribution ------------- count
       2.106 |                                         1
       2.145 |                                         2
       2.184 |*                                        10
       2.223 |***                                      31
       2.264 |*******                                  70
       2.305 |************                             122
       2.347 |***************                          160
       2.389 |****************                         168
       2.433 |*******************                      197
       2.477 |****************                         170
       2.522 |**************                           149
       2.568 |**************                           149
       2.615 |**************                           148
       2.662 |***************                          157
       2.710 |*****************                        175
       2.760 |*************************                257
       2.810 |********************************         333
       2.861 |*************************************    384
       2.913 |**************************************** 417
       2.966 |************************************     379
       3.020 |**************************************   396
       3.075 |***************************************  404
       3.130 |************************************     376
       3.187 |********************************         338
       3.245 |************************                 247
       3.304 |**********************                   233
       3.364 |****************                         169
       3.425 |**********                               101
       3.488 |*******                                  75
       3.551 |******                                   60
       3.615 |****                                     45
       3.681 |*****                                    47
       3.748 |**                                       24
       3.816 |***                                      30
       3.885 |**                                       19
       3.956 |*                                        13
       4.028 |**                                       17
       4.101 |*                                        9
       4.176 |                                         5
       4.252 |*                                        8
       4.329 |                                         5
       4.407 |                                         3
       4.487 |                                         4
       4.569 |                                         3
       4.652 |                                         1
       4.737 |                                         1
       4.823 |                                         5
       4.910 |                                         1
       5.090 |                                         2
       5.183 |                                         1
       5.277 |                                         2
       5.470 |                                         3
       5.570 |                                         2
       5.671 |                                         3
       5.774 |                                         1
       6.095 |                                         2
       6.205 |                                         1
       6.433 |                                         1
       6.550 |                                         1
       6.790 |                                         1
 
SQL statistics:
    queries performed:
        read:                            85932
        write:                           0
        other:                           12276
        total:                           98208
    transactions:                        6138   (306.44 per sec.)
    queries:                             98208  (4902.97 per sec.)
    ignored errors:                      0      (0.00 per sec.)
    reconnects:                          0      (0.00 per sec.)

General statistics:
    total time:                          20.0299s
    total number of events:              6138

Latency (ms):
         min:                                    2.12
         avg:                                    2.94
         max:                                    6.84
         95th percentile:                        3.55
         sum:                                18032.86

Threads fairness:
    events (avg/stddev):           191.8125/1.29
    execution time (avg/stddev):   0.5635/0.01


