sysbench 1.0.20 (using system LuaJIT 2.1.0-beta3)

Running the test with following options:
Number of threads: 32
Target transaction rate: 300/sec
Initializing random number generator from current time


Initializing worker threads...

Threads started!

Latency histogram (values are in milliseconds)
       value  ------------- distribution ------------- count
       2.184 |                                         1
       2.223 |                                         4
       2.264 |**                                       14
       2.305 |******                                   46
       2.347 |************                             95
       2.389 |************                             100
       2.433 |****************                         135
       2.477 |***************                          123
       2.522 |***************                          127
       2.568 |**************                           117
       2.615 |************                             96
       2.662 |***********                              93
       2.710 |**************                           112
       2.760 |*****************                        138
       2.810 |***************************              222
       2.861 |****************************             233
       2.913 |*******************************          256
       2.966 |************************************     296
       3.020 |**************************************** 328
       3.075 |*************************************    303
       3.130 |***********************************      290
       3.187 |***********************************      288
       3.245 |*****************************            235
       3.304 |******************************           244
       3.364 |************************                 198
       3.425 |**********************                   180
       3.488 |********************                     166
       3.551 |*******************                      152
       3.615 |************                             99
       3.681 |*************                            109
       3.748 |**********                               85
       3.816 |**********                               83
       3.885 |**********                               78
       3.956 |*********                                70
       4.028 |*******                                  60
       4.101 |*********                                70
       4.176 |*****                                    44
       4.252 |*******                                  56
       4.329 |*******                                  55
       4.407 |*****                                    37
       4.487 |*****                                    43
       4.569 |****                                     31
       4.652 |****                                     33
       4.737 |***                                      21
       4.823 |***                                      27
       4.910 |***                                      23
       4.999 |****                                     36
       5.090 |***                                      21
       5.183 |***                                      25
       5.277 |***                                      28
       5.373 |**                                       15
       5.470 |**                                       16
       5.570 |**                                       20
       5.671 |***                                      21
       5.774 |**                                       16
       5.879 |*                                        12
       5.986 |**                                       14
       6.095 |**                                       20
       6.205 |*                                        12
       6.318 |**                                       14
       6.433 |*                                        11
       6.550 |*                                        9
       6.669 |*                                        9
       6.790 |*                                        7
       6.913 |*                                        10
       7.039 |*                                        7
       7.167 |*                                        7
       7.297 |*                                        8
       7.430 |                                         4
       7.565 |                                         2
       7.702 |                                         2
       7.842 |                                         1
       7.985 |                                         3
       8.130 |*                                        5
       8.428 |                                         2
       8.581 |                                         3
       8.737 |                                         1
       8.895 |                                         1
       9.057 |                                         1
       9.222 |                                         1
       9.389 |                                         1
       9.734 |                                         1
       9.910 |                                         1
      10.274 |                                         1
      10.460 |                                         1
      10.844 |                                         2
      11.446 |                                         1
      11.866 |                                         2
      12.081 |                                         1
 
SQL statistics:
    queries performed:
        read:                            83874
        write:                           0
        other:                           11982
        total:                           95856
    transactions:                        5991   (299.23 per sec.)
    queries:                             95856  (4787.63 per sec.)
    ignored errors:                      0      (0.00 per sec.)
    reconnects:                          0      (0.00 per sec.)

General statistics:
    total time:                          20.0212s
    total number of events:              5991

Latency (ms):
         min:                                    2.19
         avg:                                    3.36
         max:                                   11.99
         95th percentile:                        5.18
         sum:                                20126.40

Threads fairness:
    events (avg/stddev):           187.2188/2.07
    execution time (avg/stddev):   0.6290/0.01


