sysbench 1.0.20 (using system LuaJIT 2.1.0-beta3)

Running the test with following options:
Number of threads: 32
Target transaction rate: 200/sec
Initializing random number generator from current time


Initializing worker threads...

Threads started!

Latency histogram (values are in milliseconds)
       value  ------------- distribution ------------- count
       2.477 |*                                        3
       2.522 |**                                       10
       2.568 |*****                                    21
       2.615 |*********                                43
       2.662 |*******************                      86
       2.710 |***********************                  108
       2.760 |*********************                    98
       2.810 |*******************                      89
       2.861 |**********************                   100
       2.913 |************************                 111
       2.966 |************************                 110
       3.020 |*******************************          144
       3.075 |*******************************          145
       3.130 |***********************************      160
       3.187 |**************************************** 185
       3.245 |**********************************       158
       3.304 |*******************************          144
       3.364 |****************************             131
       3.425 |*************************                114
       3.488 |*************************                114
       3.551 |**************************               120
       3.615 |**********************                   103
       3.681 |******************                       85
       3.748 |*****************                        77
       3.816 |*************                            61
       3.885 |*************                            58
       3.956 |***********                              53
       4.028 |************                             55
       4.101 |********                                 39
       4.176 |******                                   27
       4.252 |******                                   26
       4.329 |****                                     19
       4.407 |****                                     17
       4.487 |****                                     19
       4.569 |***                                      14
       4.652 |**                                       7
       4.737 |***                                      16
       4.823 |**                                       9
       4.910 |**                                       8
       4.999 |**                                       7
       5.090 |*                                        5
       5.183 |**                                       11
       5.277 |*                                        4
       5.373 |*                                        3
       5.470 |**                                       9
       5.570 |**                                       7
       5.671 |**                                       8
       5.774 |**                                       8
       5.879 |*                                        6
       5.986 |*                                        3
       6.095 |*                                        6
       6.205 |                                         2
       6.318 |*                                        4
       6.433 |*                                        6
       6.550 |*                                        4
       6.669 |*                                        6
       6.790 |*                                        6
       6.913 |                                         1
       7.039 |*                                        6
       7.167 |*                                        3
       7.297 |*                                        3
       7.430 |**                                       8
       7.565 |*                                        4
       7.702 |*                                        3
       7.842 |*                                        6
       7.985 |*                                        5
       8.130 |**                                       7
       8.277 |                                         2
       8.428 |                                         2
       8.581 |*                                        3
       8.737 |**                                       7
       8.895 |**                                       7
       9.057 |*                                        6
       9.222 |*                                        4
       9.389 |*                                        6
       9.560 |                                         1
       9.734 |*                                        6
       9.910 |*                                        3
      10.090 |*                                        6
      10.274 |**                                       7
      10.460 |*                                        5
      10.651 |                                         2
      10.844 |                                         2
      11.041 |                                         2
      11.242 |                                         2
      11.446 |*                                        4
      11.654 |*                                        3
      11.866 |*                                        5
      12.081 |*                                        4
      12.301 |**                                       7
      12.524 |*                                        5
      12.752 |*                                        4
      12.984 |*                                        4
      13.219 |*                                        6
      13.460 |*                                        3
      13.704 |*                                        3
      13.953 |*                                        5
      14.207 |                                         2
      14.465 |*                                        4
      14.728 |*                                        4
      14.995 |*                                        4
      15.268 |**                                       9
      15.545 |**                                       10
      15.828 |*                                        6
      16.115 |*                                        4
      16.408 |                                         2
      16.706 |*                                        5
      17.010 |*                                        6
      17.319 |**                                       8
      17.633 |*                                        6
      17.954 |                                         1
      18.280 |**                                       8
      18.612 |*                                        6
      18.950 |*                                        4
      19.295 |*                                        3
      19.645 |**                                       8
      20.002 |*                                        4
      20.366 |*                                        4
      20.736 |**                                       10
      21.112 |**                                       7
      21.496 |*                                        6
      21.886 |*                                        6
      22.284 |***                                      13
      22.689 |*                                        6
      23.101 |*                                        6
      23.521 |*                                        4
      23.948 |*                                        5
      24.384 |*                                        4
      24.827 |**                                       8
      25.278 |*                                        5
      25.737 |*                                        5
      26.205 |*                                        4
      26.681 |*                                        3
      27.165 |*                                        3
      27.659 |                                         2
      28.162 |**                                       7
      28.673 |*                                        6
      29.194 |*                                        3
      29.725 |**                                       10
      30.265 |**                                       8
      30.815 |**                                       7
      31.375 |*                                        5
      31.945 |*                                        5
      32.525 |*                                        6
      33.116 |*                                        4
      33.718 |*                                        6
      34.330 |*                                        4
      34.954 |*                                        3
      35.589 |*                                        3
      36.236 |*                                        4
      36.894 |                                         2
      37.565 |*                                        6
      38.247 |**                                       8
      38.942 |**                                       9
      39.650 |*                                        4
      40.370 |**                                       8
      41.104 |*                                        3
      41.851 |*                                        5
      42.611 |                                         2
      43.385 |*                                        6
      44.173 |*                                        5
      44.976 |*                                        5
      45.793 |                                         1
      46.625 |*                                        5
      47.472 |                                         1
      48.335 |*                                        5
      49.213 |**                                       9
      50.107 |*                                        6
      51.018 |*                                        5
      51.945 |*                                        4
      52.889 |*                                        6
      53.850 |*                                        4
      54.828 |*                                        4
      55.824 |**                                       8
      56.839 |**                                       9
      57.871 |*                                        4
      58.923 |*                                        6
      59.993 |                                         2
      61.083 |**                                       7
      62.193 |**                                       8
      63.323 |*                                        3
      64.474 |*                                        6
      65.645 |*                                        5
      66.838 |*                                        6
      68.053 |**                                       9
      69.289 |*                                        5
      70.548 |*                                        4
      71.830 |*                                        3
      73.135 |*                                        5
      74.464 |**                                       10
      75.817 |*                                        3
      77.194 |**                                       11
      78.597 |**                                       7
      80.025 |*                                        5
      81.479 |*                                        6
      82.959 |                                         1
      84.467 |*                                        5
      86.002 |**                                       7
      87.564 |*                                        3
      89.155 |*                                        5
      90.775 |*                                        5
      92.424 |*                                        6
      94.104 |*                                        6
      95.814 |                                         2
      97.555 |**                                       11
      99.327 |*                                        6
     101.132 |**                                       8
     102.969 |*                                        5
     104.840 |*                                        5
     106.745 |*                                        5
     108.685 |                                         2
     110.659 |*                                        4
     112.670 |*                                        4
     114.717 |***                                      12
     116.802 |*                                        6
     118.924 |*                                        5
     121.085 |*                                        6
     123.285 |                                         1
     125.525 |**                                       7
     127.805 |                                         1
     130.128 |                                         2
     132.492 |*                                        5
     134.899 |                                         1
     137.350 |**                                       7
     142.387 |                                         2
     144.974 |                                         2
     150.290 |*                                        6
     153.021 |                                         2
     155.801 |*                                        5
     158.632 |*                                        3
     161.514 |*                                        3
     164.449 |                                         2
     167.437 |*                                        4
     170.479 |*                                        4
     173.577 |*                                        3
     176.731 |*                                        4
     179.942 |*                                        4
     183.211 |*                                        3
     186.540 |*                                        4
     189.929 |*                                        6
     193.380 |                                         2
     196.894 |*                                        5
     200.472 |*                                        3
     204.114 |                                         2
     207.823 |                                         1
     211.599 |*                                        3
     215.443 |                                         2
     219.358 |                                         2
 
SQL statistics:
    queries performed:
        read:                            54810
        write:                           15660
        other:                           7830
        total:                           78300
    transactions:                        3915   (195.44 per sec.)
    queries:                             78300  (3908.78 per sec.)
    ignored errors:                      0      (0.00 per sec.)
    reconnects:                          0      (0.00 per sec.)

General statistics:
    total time:                          20.0315s
    total number of events:              3915

Latency (ms):
         min:                                    2.48
         avg:                                   15.73
         max:                                  218.60
         95th percentile:                       90.78
         sum:                                61564.71

Threads fairness:
    events (avg/stddev):           122.3438/1.49
    execution time (avg/stddev):   1.9239/0.17


