sysbench 1.0.20 (using system LuaJIT 2.1.0-beta3)

Running the test with following options:
Number of threads: 32
Target transaction rate: 300/sec
Initializing random number generator from current time


Initializing worker threads...

Threads started!

Latency histogram (values are in milliseconds)
       value  ------------- distribution ------------- count
       1.996 |                                         3
       2.032 |*                                        5
       2.069 |***                                      24
       2.106 |************                             110
       2.145 |********************                     179
       2.184 |*********************                    187
       2.223 |*****************                        151
       2.264 |*********                                81
       2.305 |***********                              98
       2.347 |***************                          135
       2.389 |****************                         139
       2.433 |*************                            119
       2.477 |*************                            120
       2.522 |******************                       160
       2.568 |******************************           266
       2.615 |**************************************** 357
       2.662 |*********************************        293
       2.710 |*******************************          278
       2.760 |******************************           270
       2.810 |**********************************       307
       2.861 |************************************     321
       2.913 |*******************************          277
       2.966 |****************************             246
       3.020 |**********************                   200
       3.075 |*******************                      173
       3.130 |****************                         147
       3.187 |***************                          133
       3.245 |************                             111
       3.304 |**********                               85
       3.364 |********                                 75
       3.425 |********                                 72
       3.488 |*********                                80
       3.551 |******                                   51
       3.615 |******                                   54
       3.681 |*******                                  59
       3.748 |****                                     36
       3.816 |******                                   50
       3.885 |*****                                    43
       3.956 |****                                     32
       4.028 |***                                      29
       4.101 |***                                      25
       4.176 |***                                      25
       4.252 |***                                      23
       4.329 |***                                      26
       4.407 |**                                       19
       4.487 |****                                     32
       4.569 |**                                       14
       4.652 |**                                       22
       4.737 |**                                       14
       4.823 |**                                       19
       4.910 |***                                      29
       4.999 |**                                       20
       5.090 |***                                      24
       5.183 |*                                        13
       5.277 |**                                       16
       5.373 |**                                       14
       5.470 |*                                        6
       5.570 |*                                        7
       5.671 |*                                        7
       5.774 |*                                        5
       5.879 |                                         3
       5.986 |*                                        6
       6.095 |                                         4
       6.205 |                                         2
       6.318 |*                                        5
       6.433 |                                         1
       6.550 |                                         1
       6.669 |                                         3
       6.913 |                                         2
       7.985 |                                         1
       8.130 |                                         1
       8.737 |                                         1
      11.041 |                                         1
      14.465 |                                         1
      19.295 |                                         1
      20.002 |                                         1
      20.366 |                                         1
      21.112 |                                         1
 
SQL statistics:
    queries performed:
        read:                            83328
        write:                           0
        other:                           11904
        total:                           95232
    transactions:                        5952   (297.26 per sec.)
    queries:                             95232  (4756.12 per sec.)
    ignored errors:                      0      (0.00 per sec.)
    reconnects:                          0      (0.00 per sec.)

General statistics:
    total time:                          20.0225s
    total number of events:              5952

Latency (ms):
         min:                                    2.00
         avg:                                    2.93
         max:                                   21.09
         95th percentile:                        4.33
         sum:                                17454.24

Threads fairness:
    events (avg/stddev):           186.0000/1.50
    execution time (avg/stddev):   0.5454/0.01


