sysbench 1.0.20 (using system LuaJIT 2.1.0-beta3)

Running the test with following options:
Number of threads: 32
Target transaction rate: 1000/sec
Initializing random number generator from current time


Initializing worker threads...

Threads started!

Latency histogram (values are in milliseconds)
       value  ------------- distribution ------------- count
       0.587 |                                         1
       0.642 |*                                        2
       0.654 |*                                        5
       0.665 |                                         1
       0.677 |**                                       7
       0.690 |**                                       6
       0.702 |**                                       8
       0.715 |***                                      12
       0.728 |***                                      11
       0.741 |****                                     17
       0.755 |******                                   23
       0.768 |*******                                  27
       0.782 |******                                   23
       0.797 |*********                                33
       0.811 |**********                               37
       0.826 |********                                 29
       0.841 |*************                            49
       0.856 |*************                            50
       0.872 |****************                         61
       0.888 |*******************                      73
       0.904 |*******************                      71
       0.920 |***************************              104
       0.937 |***********************                  87
       0.954 |***********************                  89
       0.971 |***********************                  88
       0.989 |***************************              103
       1.007 |***********************                  88
       1.025 |****************************             108
       1.044 |**********************                   84
       1.063 |***********************                  88
       1.082 |************************                 91
       1.102 |**************************               99
       1.122 |*********************                    78
       1.142 |*******************                      72
       1.163 |*********************                    78
       1.184 |*******************                      74
       1.205 |**********************                   84
       1.227 |***************                          56
       1.250 |****************                         61
       1.272 |**************                           55
       1.295 |***********                              40
       1.319 |***************                          56
       1.343 |****************                         59
       1.367 |****************                         59
       1.392 |************                             47
       1.417 |*********                                35
       1.443 |**********                               38
       1.469 |********                                 29
       1.496 |*********                                35
       1.523 |***********                              40
       1.551 |***********                              42
       1.579 |********                                 31
       1.608 |*******                                  27
       1.637 |**********                               37
       1.667 |******                                   23
       1.697 |******                                   22
       1.728 |****                                     16
       1.759 |*******                                  27
       1.791 |******                                   24
       1.824 |******                                   22
       1.857 |******                                   21
       1.891 |***                                      13
       1.925 |*****                                    20
       1.960 |*****                                    19
       1.996 |*******                                  27
       2.032 |******                                   22
       2.069 |******                                   24
       2.106 |******                                   22
       2.145 |****                                     15
       2.184 |******                                   24
       2.223 |****                                     15
       2.264 |******                                   24
       2.305 |******                                   24
       2.347 |*****                                    20
       2.389 |****                                     17
       2.433 |*****                                    20
       2.477 |******                                   24
       2.522 |******                                   23
       2.568 |***                                      13
       2.615 |****                                     17
       2.662 |****                                     16
       2.710 |***                                      11
       2.760 |*******                                  25
       2.810 |*****                                    18
       2.861 |****                                     14
       2.913 |****                                     15
       2.966 |*****                                    18
       3.020 |****                                     17
       3.075 |***                                      10
       3.130 |*****                                    19
       3.187 |****                                     14
       3.245 |****                                     17
       3.304 |******                                   24
       3.364 |**                                       8
       3.425 |***                                      13
       3.488 |****                                     15
       3.551 |******                                   21
       3.615 |****                                     16
       3.681 |***                                      11
       3.748 |***                                      13
       3.816 |*                                        5
       3.885 |*****                                    19
       3.956 |****                                     16
       4.028 |*                                        5
       4.101 |***                                      12
       4.176 |****                                     15
       4.252 |****                                     15
       4.329 |****                                     17
       4.407 |***                                      11
       4.487 |*****                                    20
       4.569 |***                                      13
       4.652 |***                                      10
       4.737 |*                                        5
       4.823 |***                                      12
       4.910 |***                                      11
       4.999 |**                                       9
       5.090 |*****                                    20
       5.183 |***                                      13
       5.277 |****                                     15
       5.373 |***                                      11
       5.470 |**                                       8
       5.570 |*                                        5
       5.671 |***                                      12
       5.774 |*****                                    18
       5.879 |****                                     14
       5.986 |*                                        5
       6.095 |***                                      12
       6.205 |**                                       9
       6.318 |***                                      13
       6.433 |***                                      12
       6.550 |***                                      13
       6.669 |****                                     14
       6.790 |***                                      13
       6.913 |****                                     17
       7.039 |*****                                    20
       7.167 |***                                      12
       7.297 |******                                   21
       7.430 |****                                     16
       7.565 |*****                                    19
       7.702 |****                                     16
       7.842 |****                                     14
       7.985 |******                                   23
       8.130 |***                                      12
       8.277 |******                                   22
       8.428 |******                                   24
       8.581 |****                                     15
       8.737 |***                                      13
       8.895 |****                                     15
       9.057 |*******                                  25
       9.222 |****                                     16
       9.389 |***                                      12
       9.560 |*******                                  25
       9.734 |*****                                    19
       9.910 |*******                                  27
      10.090 |*****                                    20
      10.274 |*******                                  26
      10.460 |******                                   22
      10.651 |******                                   22
      10.844 |*******                                  27
      11.041 |********                                 29
      11.242 |********                                 30
      11.446 |*******                                  25
      11.654 |******                                   22
      11.866 |****                                     14
      12.081 |******                                   23
      12.301 |******                                   22
      12.524 |********                                 30
      12.752 |*****                                    19
      12.984 |********                                 32
      13.219 |*******                                  28
      13.460 |*****                                    19
      13.704 |********                                 32
      13.953 |******                                   22
      14.207 |*******                                  28
      14.465 |*********                                35
      14.728 |*********                                33
      14.995 |******                                   22
      15.268 |******                                   22
      15.545 |*******                                  26
      15.828 |********                                 29
      16.115 |********                                 32
      16.408 |*********                                33
      16.706 |*******                                  26
      17.010 |**********                               39
      17.319 |*******                                  27
      17.633 |**********                               37
      17.954 |**********                               37
      18.280 |******                                   23
      18.612 |**********                               37
      18.950 |*********                                35
      19.295 |*******                                  26
      19.645 |*********                                34
      20.002 |********                                 32
      20.366 |*******                                  26
      20.736 |********                                 30
      21.112 |**********                               37
      21.496 |********                                 31
      21.886 |************                             46
      22.284 |***********                              40
      22.689 |********                                 30
      23.101 |************                             44
      23.521 |**********                               37
      23.948 |********                                 29
      24.384 |*********                                35
      24.827 |**********                               38
      25.278 |********                                 32
      25.737 |**********                               37
      26.205 |************                             46
      26.681 |*************                            51
      27.165 |***********                              42
      27.659 |************                             45
      28.162 |************                             47
      28.673 |*********                                33
      29.194 |********                                 32
      29.725 |*************                            48
      30.265 |***********                              43
      30.815 |*************                            48
      31.375 |****************                         62
      31.945 |*************                            51
      32.525 |**************                           54
      33.116 |*************                            51
      33.718 |**************                           52
      34.330 |*************                            50
      34.954 |************                             45
      35.589 |**************                           54
      36.236 |************                             44
      36.894 |******************                       70
      37.565 |*************                            49
      38.247 |****************                         61
      38.942 |*******************                      71
      39.650 |*******************                      73
      40.370 |***************                          58
      41.104 |*****************                        63
      41.851 |********************                     76
      42.611 |****************                         62
      43.385 |**************                           52
      44.173 |****************                         62
      44.976 |***************                          57
      45.793 |*******************                      71
      46.625 |********************                     75
      47.472 |*****************                        66
      48.335 |**********************                   82
      49.213 |******************                       68
      50.107 |****************                         61
      51.018 |*******************                      71
      51.945 |***************                          56
      52.889 |**********************                   84
      53.850 |*****************                        65
      54.828 |*********************                    80
      55.824 |****************                         62
      56.839 |******************                       70
      57.871 |*********************                    78
      58.923 |*********************                    79
      59.993 |*******************                      72
      61.083 |***********************                  89
      62.193 |*******************                      73
      63.323 |***************                          58
      64.474 |*******************                      74
      65.645 |*******************                      71
      66.838 |*********************                    80
      68.053 |**********************                   84
      69.289 |************************                 92
      70.548 |*********************                    80
      71.830 |***********************                  86
      73.135 |*************************                94
      74.464 |******************                       67
      75.817 |******************                       69
      77.194 |*******************                      74
      78.597 |******************                       70
      80.025 |*************************                96
      81.479 |******************                       69
      82.959 |*****************                        64
      84.467 |********************                     75
      86.002 |*********************                    79
      87.564 |******************                       67
      89.155 |*******************                      72
      90.775 |***********************                  89
      92.424 |***********************                  88
      94.104 |************************                 90
      95.814 |**********************                   85
      97.555 |**********************                   83
      99.327 |*******************                      71
     101.132 |******************                       67
     102.969 |****************                         61
     104.840 |******************                       68
     106.745 |*******************                      71
     108.685 |*******************                      71
     110.659 |*********************                    78
     112.670 |**********************                   84
     114.717 |******************                       70
     116.802 |********************                     77
     118.924 |*****************                        66
     121.085 |****************                         60
     123.285 |******************                       67
     125.525 |******************                       70
     127.805 |******************                       69
     130.128 |*****************                        63
     132.492 |**********************                   85
     134.899 |********************                     75
     137.350 |*********************                    78
     139.846 |************************                 90
     142.387 |***********************                  87
     144.974 |*********************                    81
     147.608 |*****************                        63
     150.290 |**********************                   83
     153.021 |************************                 92
     155.801 |********************                     77
     158.632 |*******************                      73
     161.514 |******************                       67
     164.449 |******************                       69
     167.437 |*********************                    81
     170.479 |*********************                    81
     173.577 |****************                         61
     176.731 |*****************                        64
     179.942 |*********************                    80
     183.211 |*****************                        63
     186.540 |***************                          56
     189.929 |*******************                      74
     193.380 |****************                         61
     196.894 |*****************                        63
     200.472 |******************                       67
     204.114 |******************                       70
     207.823 |****************                         61
     211.599 |*************                            48
     215.443 |******************                       67
     219.358 |*****************                        63
     223.344 |************                             45
     227.402 |***********                              42
     231.534 |**************                           52
     235.740 |**********                               39
     240.024 |**********                               38
     244.385 |*************                            51
     248.825 |**********                               39
     253.346 |*********                                33
     257.950 |***********                              43
     262.636 |**********                               39
     267.408 |***********                              42
     272.267 |**********                               38
     277.214 |**********                               39
     282.251 |***********                              40
     287.379 |************                             46
     292.601 |***********                              43
     297.917 |**************                           52
     303.330 |*********                                36
     308.842 |*******                                  26
     314.453 |**********                               38
     320.167 |********                                 31
     325.984 |*******                                  25
     331.907 |********                                 31
     337.938 |*******                                  27
     344.078 |***************                          56
     350.330 |***********                              42
     356.695 |**********                               37
     363.176 |*************                            51
     369.775 |***************                          57
     376.494 |******************                       68
     383.334 |***************                          58
     390.299 |************                             45
     397.391 |************                             45
     404.611 |**********                               38
     411.963 |***********                              41
     419.448 |*******                                  27
     427.069 |*********                                34
     434.829 |****                                     17
     442.730 |********                                 29
     450.774 |****                                     15
     458.964 |**                                       8
     467.304 |*                                        3
     475.794 |***                                      13
     484.439 |**                                       8
     493.242 |******                                   22
     502.204 |****                                     16
     511.328 |**********                               38
     520.619 |**********                               39
     530.078 |*********                                34
     539.710 |******                                   24
     549.516 |*********                                36
     559.501 |**********                               37
     569.667 |*************                            49
     580.017 |***************                          58
     590.556 |*************                            51
     601.286 |**********************                   82
     612.211 |********************                     75
     623.335 |***********************                  86
     634.661 |***************************              103
     646.192 |***************************              101
     657.933 |*********************************        125
     669.888 |********************                     77
     682.059 |******************                       68
     694.452 |**************                           52
     707.070 |************                             45
     719.917 |***********                              43
     732.998 |*************                            51
     746.316 |************                             47
     759.876 |**************                           54
     773.683 |***********************                  89
     787.741 |************************                 92
     802.053 |******************                       70
     816.626 |******************                       67
     831.464 |***************                          56
     846.572 |**************************               98
     861.954 |*************************                94
     877.615 |************************************     137
     893.561 |************************************     137
     909.797 |**************************************   144
     926.327 |**************************************** 152
     943.158 |************************************     137
     960.295 |***************************              101
     977.743 |*********************                    79
     995.508 |**************                           55
    1013.597 |***********                              40
    1032.013 |*************                            49
    1050.764 |****************                         62
    1069.856 |*************                            50
    1089.295 |*********                                36
    1109.087 |***********                              42
    1129.239 |************                             44
    1149.757 |***************                          57
    1170.648 |******************                       67
    1191.918 |******************                       67
    1213.575 |******************                       69
    1235.625 |**********************                   83
    1258.076 |***********************                  86
    1280.934 |***************************              104
    1304.208 |*******************************          118
    1327.905 |**********************************       128
    1352.033 |**********************                   82
    1376.599 |**********************                   84
    1401.611 |*****************                        63
    1427.078 |**                                       7
 
SQL statistics:
    queries performed:
        read:                            0
        write:                           19904
        other:                           0
        total:                           19904
    transactions:                        19904  (994.46 per sec.)
    queries:                             19904  (994.46 per sec.)
    ignored errors:                      0      (0.00 per sec.)
    reconnects:                          0      (0.00 per sec.)

General statistics:
    total time:                          20.0140s
    total number of events:              19904

Latency (ms):
         min:                                    0.58
         avg:                                  261.34
         max:                                 1418.53
         95th percentile:                     1149.76
         sum:                              5201765.48

Threads fairness:
    events (avg/stddev):           622.0000/4.58
    execution time (avg/stddev):   162.5552/1.79


