sysbench 1.0.20 (using system LuaJIT 2.1.0-beta3)

Running the test with following options:
Number of threads: 32
Target transaction rate: 200/sec
Initializing random number generator from current time


Initializing worker threads...

Threads started!

Latency histogram (values are in milliseconds)
       value  ------------- distribution ------------- count
       3.488 |                                         1
       3.551 |                                         1
       3.615 |*                                        4
       3.681 |*****                                    19
       3.748 |****                                     17
       3.816 |*******                                  27
       3.885 |*******                                  27
       3.956 |***************                          60
       4.028 |**************                           53
       4.101 |************                             46
       4.176 |**********************                   87
       4.252 |***********************                  92
       4.329 |************************                 95
       4.407 |*******************************          121
       4.487 |******************************           116
       4.569 |*******************************          123
       4.652 |***********************************      138
       4.737 |****************************             109
       4.823 |*************************************    145
       4.910 |**************************************** 157
       4.999 |******************************           119
       5.090 |*******************************          122
       5.183 |**************************************** 156
       5.277 |*******************************          120
       5.373 |********************************         126
       5.470 |*************************                98
       5.570 |**************************               103
       5.671 |****************************             111
       5.774 |************************                 96
       5.879 |***************************              105
       5.986 |**********************                   85
       6.095 |********************                     79
       6.205 |****************                         63
       6.318 |**************                           55
       6.433 |***************                          60
       6.550 |**************                           56
       6.669 |***************                          57
       6.790 |**********                               41
       6.913 |***********                              45
       7.039 |**********                               40
       7.167 |**********                               40
       7.297 |*************                            51
       7.430 |************                             48
       7.565 |*********                                34
       7.702 |***********                              44
       7.842 |**********                               39
       7.985 |*******                                  29
       8.130 |******                                   24
       8.277 |*******                                  26
       8.428 |*********                                35
       8.581 |******                                   23
       8.737 |*******                                  29
       8.895 |*****                                    18
       9.057 |******                                   25
       9.222 |*******                                  29
       9.389 |******                                   22
       9.560 |****                                     16
       9.734 |****                                     17
       9.910 |***                                      11
      10.090 |***                                      10
      10.274 |**                                       9
      10.460 |****                                     17
      10.651 |***                                      12
      10.844 |***                                      10
      11.041 |**                                       8
      11.242 |**                                       7
      11.446 |**                                       7
      11.654 |**                                       7
      11.866 |**                                       6
      12.081 |                                         1
      12.301 |*                                        5
      12.752 |*                                        5
      12.984 |*                                        3
      13.219 |                                         1
      13.460 |                                         1
      13.953 |*                                        3
      14.465 |*                                        2
      14.728 |                                         1
      15.268 |                                         1
      15.545 |                                         1
      15.828 |                                         1
      17.010 |                                         1
      17.633 |                                         1
      19.295 |                                         1
      19.645 |                                         1
      20.736 |                                         1
      21.886 |*                                        2
      23.948 |*                                        2
 
SQL statistics:
    queries performed:
        read:                            54068
        write:                           15448
        other:                           7724
        total:                           77240
    transactions:                        3862   (192.84 per sec.)
    queries:                             77240  (3856.71 per sec.)
    ignored errors:                      0      (0.00 per sec.)
    reconnects:                          0      (0.00 per sec.)

General statistics:
    total time:                          20.0270s
    total number of events:              3862

Latency (ms):
         min:                                    3.50
         avg:                                    5.83
         max:                                   24.04
         95th percentile:                        9.22
         sum:                                22508.96

Threads fairness:
    events (avg/stddev):           120.6875/1.04
    execution time (avg/stddev):   0.7034/0.02


