sysbench 1.0.20 (using system LuaJIT 2.1.0-beta3)

Running the test with following options:
Number of threads: 32
Target transaction rate: 200/sec
Initializing random number generator from current time


Initializing worker threads...

Threads started!

Latency histogram (values are in milliseconds)
       value  ------------- distribution ------------- count
       3.551 |                                         2
       3.615 |**                                       9
       3.681 |******                                   28
       3.748 |***********                              54
       3.816 |************                             61
       3.885 |*******************                      95
       3.956 |*****************                        84
       4.028 |******************                       88
       4.101 |********************                     98
       4.176 |**********************                   107
       4.252 |**************************               128
       4.329 |******************************           147
       4.407 |******************************           146
       4.487 |**************************************   189
       4.569 |**************************************** 197
       4.652 |*************************************    181
       4.737 |*************************************    182
       4.823 |**********************************       169
       4.910 |**************************************   187
       4.999 |*******************************          155
       5.090 |******************************           147
       5.183 |***********************                  114
       5.277 |***********************                  113
       5.373 |*********************                    103
       5.470 |********************                     98
       5.570 |*******************                      94
       5.671 |**************                           70
       5.774 |*************                            62
       5.879 |**********                               51
       5.986 |**********                               50
       6.095 |*********                                43
       6.205 |******                                   32
       6.318 |******                                   31
       6.433 |*****                                    25
       6.550 |****                                     21
       6.669 |*****                                    23
       6.790 |****                                     20
       6.913 |***                                      17
       7.039 |**                                       8
       7.167 |****                                     18
       7.297 |****                                     22
       7.430 |**                                       10
       7.565 |***                                      16
       7.702 |**                                       11
       7.842 |*                                        3
       7.985 |**                                       10
       8.130 |**                                       8
       8.277 |*                                        7
       8.428 |****                                     18
       8.581 |**                                       9
       8.737 |**                                       10
       8.895 |***                                      13
       9.057 |***                                      14
       9.222 |***                                      15
       9.389 |***                                      14
       9.560 |***                                      16
       9.734 |**                                       12
       9.910 |***                                      15
      10.090 |****                                     20
      10.274 |**                                       10
      10.460 |**                                       11
      10.651 |***                                      15
      10.844 |*                                        4
      11.041 |***                                      14
      11.242 |***                                      13
      11.446 |**                                       11
      11.654 |**                                       8
      11.866 |**                                       8
      12.081 |**                                       9
      12.301 |**                                       10
      12.524 |*                                        6
      12.752 |*                                        6
      12.984 |**                                       9
      13.219 |*                                        6
      13.460 |*                                        7
      13.704 |                                         2
      13.953 |**                                       8
      14.207 |*                                        3
      14.465 |*                                        5
      14.728 |                                         1
      14.995 |*                                        3
      15.268 |*                                        3
      15.545 |                                         1
      15.828 |                                         1
      16.408 |                                         1
      16.706 |                                         1
      17.010 |                                         2
      17.319 |                                         1
      17.954 |                                         1
      19.645 |                                         1
 
SQL statistics:
    queries performed:
        read:                            54194
        write:                           15484
        other:                           7742
        total:                           77420
    transactions:                        3871   (193.23 per sec.)
    queries:                             77420  (3864.50 per sec.)
    ignored errors:                      0      (0.00 per sec.)
    reconnects:                          0      (0.00 per sec.)

General statistics:
    total time:                          20.0333s
    total number of events:              3871

Latency (ms):
         min:                                    3.54
         avg:                                    5.44
         max:                                   19.60
         95th percentile:                       10.09
         sum:                                21055.09

Threads fairness:
    events (avg/stddev):           120.9688/0.85
    execution time (avg/stddev):   0.6580/0.02


