sysbench 1.0.20 (using system LuaJIT 2.1.0-beta3)

Running the test with following options:
Number of threads: 32
Target transaction rate: 300/sec
Initializing random number generator from current time


Initializing worker threads...

Threads started!

Latency histogram (values are in milliseconds)
       value  ------------- distribution ------------- count
       2.223 |                                         2
       2.264 |*                                        7
       2.305 |**                                       17
       2.347 |****                                     34
       2.389 |*********                                80
       2.433 |*************                            108
       2.477 |***********                              95
       2.522 |************                             104
       2.568 |************                             99
       2.615 |***************                          124
       2.662 |************                             104
       2.710 |*************                            112
       2.760 |************                             99
       2.810 |***************                          125
       2.861 |*********************                    182
       2.913 |****************************             236
       2.966 |************************************     304
       3.020 |*******************************          265
       3.075 |**************************************   322
       3.130 |**************************************** 340
       3.187 |**************************************   327
       3.245 |*******************************          263
       3.304 |*******************************          267
       3.364 |****************************             238
       3.425 |*********************                    178
       3.488 |**********************                   187
       3.551 |*******************                      164
       3.615 |*****************                        148
       3.681 |****************                         136
       3.748 |*************                            114
       3.816 |*************                            108
       3.885 |***********                              90
       3.956 |**********                               88
       4.028 |*********                                75
       4.101 |********                                 72
       4.176 |******                                   50
       4.252 |*******                                  57
       4.329 |******                                   50
       4.407 |*****                                    42
       4.487 |****                                     38
       4.569 |****                                     36
       4.652 |*****                                    44
       4.737 |****                                     33
       4.823 |***                                      22
       4.910 |****                                     32
       4.999 |***                                      23
       5.090 |***                                      25
       5.183 |****                                     32
       5.277 |***                                      25
       5.373 |**                                       18
       5.470 |**                                       15
       5.570 |**                                       15
       5.671 |**                                       20
       5.774 |*                                        11
       5.879 |**                                       13
       5.986 |**                                       16
       6.095 |*                                        10
       6.205 |*                                        9
       6.318 |*                                        10
       6.433 |*                                        10
       6.550 |*                                        5
       6.669 |                                         3
       6.790 |*                                        6
       6.913 |                                         4
       7.039 |                                         2
       7.167 |                                         1
       7.297 |                                         3
       7.430 |                                         2
       7.565 |*                                        5
       7.702 |                                         2
       7.842 |                                         3
       7.985 |                                         1
       8.130 |                                         4
       8.277 |                                         2
       8.428 |                                         1
       8.737 |                                         1
      10.274 |                                         1
      13.219 |                                         1
      13.704 |                                         1
 
SQL statistics:
    queries performed:
        read:                            82852
        write:                           0
        other:                           11836
        total:                           94688
    transactions:                        5918   (295.52 per sec.)
    queries:                             94688  (4728.31 per sec.)
    ignored errors:                      0      (0.00 per sec.)
    reconnects:                          0      (0.00 per sec.)

General statistics:
    total time:                          20.0254s
    total number of events:              5918

Latency (ms):
         min:                                    2.22
         avg:                                    3.38
         max:                                   13.65
         95th percentile:                        5.00
         sum:                                20007.24

Threads fairness:
    events (avg/stddev):           184.9375/1.68
    execution time (avg/stddev):   0.6252/0.01


