sysbench 1.0.20 (using system LuaJIT 2.1.0-beta3)

Running the test with following options:
Number of threads: 32
Target transaction rate: 3000/sec
Initializing random number generator from current time


Initializing worker threads...

Threads started!

Latency histogram (values are in milliseconds)
       value  ------------- distribution ------------- count
       0.122 |                                         1
       0.125 |                                         1
       0.127 |                                         3
       0.129 |                                         7
       0.132 |                                         11
       0.134 |                                         22
       0.136 |                                         33
       0.139 |*                                        56
       0.141 |**                                       132
       0.144 |***                                      215
       0.147 |****                                     363
       0.149 |*******                                  544
       0.152 |********                                 657
       0.155 |**********                               847
       0.158 |*************                            1108
       0.160 |***************                          1292
       0.163 |******************                       1510
       0.166 |********************                     1642
       0.169 |*******************                      1565
       0.172 |*********************                    1753
       0.176 |**********************                   1850
       0.179 |*************************                2102
       0.182 |****************************             2303
       0.185 |******************************           2510
       0.189 |*********************************        2748
       0.192 |*************************************    3062
       0.196 |***************************************  3280
       0.199 |**************************************** 3337
       0.203 |***************************************  3247
       0.206 |***********************************      2947
       0.210 |*******************************          2547
       0.214 |***************************              2282
       0.218 |*************************                2053
       0.222 |**********************                   1811
       0.226 |******************                       1522
       0.230 |****************                         1338
       0.234 |*************                            1080
       0.238 |***********                              951
       0.243 |*********                                790
       0.247 |********                                 682
       0.252 |*******                                  549
       0.256 |******                                   505
       0.261 |****                                     371
       0.266 |****                                     337
       0.270 |****                                     304
       0.275 |***                                      228
       0.280 |***                                      229
       0.285 |**                                       192
       0.291 |**                                       178
       0.296 |**                                       136
       0.301 |*                                        123
       0.307 |**                                       135
       0.312 |**                                       133
       0.318 |**                                       136
       0.324 |**                                       145
       0.330 |**                                       141
       0.336 |**                                       127
       0.342 |*                                        108
       0.348 |*                                        108
       0.354 |*                                        98
       0.361 |*                                        102
       0.367 |*                                        92
       0.374 |*                                        102
       0.381 |*                                        90
       0.388 |*                                        77
       0.395 |*                                        73
       0.402 |*                                        72
       0.409 |*                                        49
       0.417 |*                                        62
       0.424 |*                                        53
       0.432 |*                                        56
       0.440 |                                         40
       0.448 |                                         36
       0.456 |                                         33
       0.464 |                                         28
       0.473 |                                         30
       0.481 |                                         26
       0.490 |                                         14
       0.499 |                                         21
       0.508 |                                         13
       0.517 |                                         7
       0.527 |                                         9
       0.536 |                                         9
       0.546 |                                         8
       0.556 |                                         4
       0.566 |                                         4
       0.576 |                                         3
       0.587 |                                         2
       0.597 |                                         2
       0.608 |                                         3
       0.619 |                                         1
       0.630 |                                         1
       0.642 |                                         2
       0.665 |                                         1
       0.677 |                                         1
       0.690 |                                         2
       0.715 |                                         3
       0.728 |                                         1
       0.741 |                                         1
       0.782 |                                         1
       0.811 |                                         1
       0.826 |                                         2
       0.856 |                                         1
       0.904 |                                         1
       0.920 |                                         1
       0.954 |                                         2
       1.227 |                                         1
       1.697 |                                         1
       1.857 |                                         1
       2.347 |                                         1
       5.986 |                                         1
 
SQL statistics:
    queries performed:
        read:                            59634
        write:                           0
        other:                           0
        total:                           59634
    transactions:                        59634  (2978.91 per sec.)
    queries:                             59634  (2978.91 per sec.)
    ignored errors:                      0      (0.00 per sec.)
    reconnects:                          0      (0.00 per sec.)

General statistics:
    total time:                          20.0184s
    total number of events:              59634

Latency (ms):
         min:                                    0.12
         avg:                                    0.21
         max:                                    5.98
         95th percentile:                        0.28
         sum:                                12241.61

Threads fairness:
    events (avg/stddev):           1863.5625/12.57
    execution time (avg/stddev):   0.3826/0.00


