sysbench 1.0.20 (using system LuaJIT 2.1.0-beta3)

Running the test with following options:
Number of threads: 32
Target transaction rate: 3000/sec
Initializing random number generator from current time


Initializing worker threads...

Threads started!

Latency histogram (values are in milliseconds)
       value  ------------- distribution ------------- count
       0.120 |                                         1
       0.125 |                                         2
       0.127 |                                         2
       0.129 |                                         2
       0.132 |                                         3
       0.134 |                                         10
       0.136 |                                         22
       0.139 |                                         33
       0.141 |                                         39
       0.144 |*                                        86
       0.147 |**                                       140
       0.149 |**                                       186
       0.152 |***                                      222
       0.155 |*****                                    356
       0.158 |*****                                    418
       0.160 |*******                                  588
       0.163 |*********                                728
       0.166 |***********                              896
       0.169 |************                             978
       0.172 |****************                         1238
       0.176 |****************                         1292
       0.179 |********************                     1548
       0.182 |**********************                   1744
       0.185 |***********************                  1823
       0.189 |*************************                1931
       0.192 |****************************             2226
       0.196 |******************************           2355
       0.199 |********************************         2534
       0.203 |*************************************    2875
       0.206 |*************************************    2940
       0.210 |**************************************** 3149
       0.214 |**************************************   2972
       0.218 |************************************     2821
       0.222 |************************************     2832
       0.226 |********************************         2489
       0.230 |*****************************            2287
       0.234 |**************************               2058
       0.238 |***********************                  1822
       0.243 |*********************                    1630
       0.247 |*****************                        1342
       0.252 |***************                          1176
       0.256 |*************                            1012
       0.261 |***********                              877
       0.266 |**********                               750
       0.270 |********                                 639
       0.275 |*******                                  517
       0.280 |******                                   466
       0.285 |*****                                    418
       0.291 |****                                     350
       0.296 |****                                     329
       0.301 |****                                     283
       0.307 |***                                      227
       0.312 |***                                      211
       0.318 |**                                       178
       0.324 |**                                       174
       0.330 |**                                       168
       0.336 |**                                       177
       0.342 |**                                       172
       0.348 |**                                       143
       0.354 |**                                       172
       0.361 |**                                       135
       0.367 |**                                       142
       0.374 |**                                       128
       0.381 |*                                        81
       0.388 |*                                        98
       0.395 |*                                        74
       0.402 |*                                        64
       0.409 |*                                        71
       0.417 |*                                        52
       0.424 |*                                        42
       0.432 |                                         32
       0.440 |                                         23
       0.448 |                                         35
       0.456 |                                         17
       0.464 |                                         13
       0.473 |                                         5
       0.481 |                                         15
       0.490 |                                         9
       0.499 |                                         5
       0.508 |                                         3
       0.517 |                                         10
       0.527 |                                         6
       0.546 |                                         5
       0.556 |                                         1
       0.566 |                                         4
       0.576 |                                         1
       0.587 |                                         4
       0.597 |                                         3
       0.608 |                                         1
       0.619 |                                         1
       0.630 |                                         2
       0.642 |                                         1
       0.654 |                                         1
       0.665 |                                         2
       0.677 |                                         1
       0.690 |                                         1
       0.702 |                                         1
       0.728 |                                         1
       0.768 |                                         2
       0.797 |                                         1
       0.841 |                                         1
       0.888 |                                         2
       1.063 |                                         1
       1.295 |                                         1
 
SQL statistics:
    queries performed:
        read:                            60157
        write:                           0
        other:                           0
        total:                           60157
    transactions:                        60157  (3005.06 per sec.)
    queries:                             60157  (3005.06 per sec.)
    ignored errors:                      0      (0.00 per sec.)
    reconnects:                          0      (0.00 per sec.)

General statistics:
    total time:                          20.0181s
    total number of events:              60157

Latency (ms):
         min:                                    0.12
         avg:                                    0.22
         max:                                    1.30
         95th percentile:                        0.30
         sum:                                13161.58

Threads fairness:
    events (avg/stddev):           1879.9062/13.73
    execution time (avg/stddev):   0.4113/0.00


