sysbench 1.0.20 (using system LuaJIT 2.1.0-beta3)

Running the test with following options:
Number of threads: 32
Target transaction rate: 3000/sec
Initializing random number generator from current time


Initializing worker threads...

Threads started!

Latency histogram (values are in milliseconds)
       value  ------------- distribution ------------- count
       0.125 |                                         1
       0.129 |                                         1
       0.132 |                                         4
       0.134 |                                         9
       0.136 |                                         7
       0.139 |                                         9
       0.141 |                                         17
       0.144 |                                         34
       0.147 |*                                        60
       0.149 |*                                        83
       0.152 |**                                       128
       0.155 |***                                      216
       0.158 |****                                     268
       0.160 |******                                   425
       0.163 |*******                                  536
       0.166 |**********                               719
       0.169 |************                             910
       0.172 |**************                           1039
       0.176 |*****************                        1224
       0.179 |*******************                      1396
       0.182 |*********************                    1506
       0.185 |**********************                   1590
       0.189 |*************************                1802
       0.192 |***************************              1942
       0.196 |******************************           2215
       0.199 |********************************         2373
       0.203 |*************************************    2695
       0.206 |**************************************   2783
       0.210 |**************************************** 2921
       0.214 |**************************************** 2899
       0.218 |**************************************   2774
       0.222 |*********************************        2433
       0.226 |******************************           2182
       0.230 |***************************              1950
       0.234 |************************                 1740
       0.238 |*********************                    1526
       0.243 |*****************                        1258
       0.247 |**************                           1030
       0.252 |************                             897
       0.256 |**********                               760
       0.261 |*********                                621
       0.266 |*******                                  506
       0.270 |******                                   410
       0.275 |*****                                    351
       0.280 |****                                     327
       0.285 |***                                      251
       0.291 |***                                      242
       0.296 |***                                      219
       0.301 |**                                       178
       0.307 |**                                       158
       0.312 |**                                       155
       0.318 |**                                       151
       0.324 |**                                       160
       0.330 |**                                       168
       0.336 |**                                       175
       0.342 |***                                      224
       0.348 |****                                     260
       0.354 |****                                     290
       0.361 |*****                                    376
       0.367 |******                                   421
       0.374 |******                                   430
       0.381 |********                                 550
       0.388 |********                                 558
       0.395 |*********                                622
       0.402 |********                                 613
       0.409 |********                                 570
       0.417 |********                                 557
       0.424 |*******                                  499
       0.432 |******                                   442
       0.440 |*****                                    371
       0.448 |****                                     301
       0.456 |****                                     271
       0.464 |****                                     274
       0.473 |***                                      206
       0.481 |**                                       177
       0.490 |**                                       154
       0.499 |**                                       139
       0.508 |**                                       121
       0.517 |*                                        92
       0.527 |*                                        90
       0.536 |*                                        89
       0.546 |*                                        66
       0.556 |*                                        74
       0.566 |*                                        51
       0.576 |*                                        48
       0.587 |*                                        53
       0.597 |*                                        42
       0.608 |                                         31
       0.619 |*                                        42
       0.630 |                                         29
       0.642 |                                         23
       0.654 |                                         17
       0.665 |                                         26
       0.677 |                                         18
       0.690 |                                         10
       0.702 |                                         15
       0.715 |                                         18
       0.728 |                                         9
       0.741 |                                         7
       0.755 |                                         8
       0.768 |                                         11
       0.782 |                                         7
       0.797 |                                         4
       0.811 |                                         9
       0.826 |                                         8
       0.841 |                                         4
       0.856 |                                         2
       0.872 |                                         3
       0.888 |                                         3
       0.920 |                                         3
       0.937 |                                         1
       0.954 |                                         5
       0.971 |                                         1
       0.989 |                                         4
       1.007 |                                         6
       1.025 |                                         3
       1.044 |                                         2
       1.063 |                                         2
       1.102 |                                         2
       1.122 |                                         2
       1.142 |                                         4
       1.184 |                                         1
       1.205 |                                         3
       1.227 |                                         1
       1.250 |                                         3
       1.272 |                                         2
       1.295 |                                         1
       1.367 |                                         1
       1.392 |                                         4
       1.417 |                                         5
       1.469 |                                         6
       1.496 |                                         4
       1.523 |                                         1
       1.551 |                                         1
       1.579 |                                         2
       1.608 |                                         5
       1.637 |                                         1
       1.667 |                                         2
       1.697 |                                         3
       1.728 |                                         2
       1.759 |                                         1
       1.791 |                                         1
       1.824 |                                         4
       1.857 |                                         2
       1.960 |                                         2
       1.996 |                                         2
       2.032 |                                         1
       2.069 |                                         5
       2.106 |                                         3
       2.145 |                                         5
       2.184 |                                         2
       2.223 |                                         4
       2.264 |                                         2
       2.305 |                                         4
       2.347 |                                         3
       2.389 |                                         2
       2.433 |                                         3
       2.477 |                                         2
       2.522 |                                         2
       2.568 |                                         3
       2.615 |                                         5
       2.662 |                                         2
       2.710 |                                         5
       2.760 |                                         3
       2.810 |                                         3
       2.861 |                                         1
       2.913 |                                         5
       2.966 |                                         3
       3.020 |                                         3
       3.075 |                                         2
       3.130 |                                         7
       3.187 |                                         1
       3.245 |                                         1
       3.304 |                                         2
       3.364 |                                         3
       3.488 |                                         2
       3.551 |                                         2
       3.615 |                                         2
       3.748 |                                         1
       3.816 |                                         2
       3.956 |                                         1
       4.101 |                                         2
       4.252 |                                         1
       4.407 |                                         1
       4.487 |                                         1
       4.569 |                                         1
       4.823 |                                         2
       4.910 |                                         1
       5.090 |                                         3
       5.183 |                                         2
       5.774 |                                         1
 
SQL statistics:
    queries performed:
        read:                            59976
        write:                           0
        other:                           0
        total:                           59976
    transactions:                        59976  (2996.41 per sec.)
    queries:                             59976  (2996.41 per sec.)
    ignored errors:                      0      (0.00 per sec.)
    reconnects:                          0      (0.00 per sec.)

General statistics:
    total time:                          20.0156s
    total number of events:              59976

Latency (ms):
         min:                                    0.13
         avg:                                    0.25
         max:                                    5.78
         95th percentile:                        0.44
         sum:                                15197.14

Threads fairness:
    events (avg/stddev):           1874.2500/17.94
    execution time (avg/stddev):   0.4749/0.01


