/opt/hostedtoolcache/Java_Temurin-Hotspot_jdk/17.0.20-1/x64/bin/java  -classpath /home/runner/ycsb-mongodb-binding-0.17.0/conf:/home/runner/ycsb-mongodb-binding-0.17.0/lib/HdrHistogram-2.1.4.jar:/home/runner/ycsb-mongodb-binding-0.17.0/lib/core-0.17.0.jar:/home/runner/ycsb-mongodb-binding-0.17.0/lib/htrace-core4-4.1.0-incubating.jar:/home/runner/ycsb-mongodb-binding-0.17.0/lib/jackson-core-asl-1.9.4.jar:/home/runner/ycsb-mongodb-binding-0.17.0/lib/jackson-mapper-asl-1.9.4.jar:/home/runner/ycsb-mongodb-binding-0.17.0/lib/logback-classic-1.1.2.jar:/home/runner/ycsb-mongodb-binding-0.17.0/lib/logback-core-1.1.2.jar:/home/runner/ycsb-mongodb-binding-0.17.0/lib/mongo-java-driver-3.8.0.jar:/home/runner/ycsb-mongodb-binding-0.17.0/lib/mongodb-async-driver-2.0.1.jar:/home/runner/ycsb-mongodb-binding-0.17.0/lib/mongodb-binding-0.17.0.jar:/home/runner/ycsb-mongodb-binding-0.17.0/lib/slf4j-api-1.7.25.jar:/home/runner/ycsb-mongodb-binding-0.17.0/lib/snappy-java-1.1.7.1.jar site.ycsb.Client -t -db site.ycsb.db.MongoDbClient -s -P /home/runner/ycsb-mongodb-binding-0.17.0/workloads/workloadc -p mongodb.url=mongodb://127.0.0.1:27017/ycsb?w=1 -p measurementtype=raw -p measurement.raw.output_file=/home/runner/work/The-Omni-Compass/The-Omni-Compass/out/ycsb-c/rep-3/native/notch-1.raw -p recordcount=250000 -p operationcount=1000000000 -p maxexecutiontime=30 -p target=3000 -p threads=32 -p insertstart=0 -p insertorder=ordered -p requestdistribution=uniform -p seed=100300
mongo client connection created with mongodb://127.0.0.1:27017/ycsb?w=1
Raw data measurement: will output to result file: /home/runner/work/The-Omni-Compass/The-Omni-Compass/out/ycsb-c/rep-3/native/notch-1.raw
Raw data measurement: will output to result file: /home/runner/work/The-Omni-Compass/The-Omni-Compass/out/ycsb-c/rep-3/native/notch-1.raw
[OVERALL], RunTime(ms), 30003
[OVERALL], Throughput(ops/sec), 2948.6384694863846
[TOTAL_GCS_G1_Young_Generation], Count, 17
[TOTAL_GC_TIME_G1_Young_Generation], Time(ms), 94
[TOTAL_GC_TIME_%_G1_Young_Generation], Time(%), 0.31330200313302004
[TOTAL_GCS_G1_Old_Generation], Count, 0
[TOTAL_GC_TIME_G1_Old_Generation], Time(ms), 0
[TOTAL_GC_TIME_%_G1_Old_Generation], Time(%), 0.0
[TOTAL_GCs], Count, 17
[TOTAL_GC_TIME], Time(ms), 94
[TOTAL_GC_TIME_%], Time(%), 0.31330200313302004
[READ], Total Operations, 88468
[READ], Below is a summary of latency in microseconds:, -1
[READ], Average, 207.90528778767464
[READ], Min, 123
[READ], Max, 67189
[READ], p1, 145
[READ], p5, 149
[READ], p50, 165
[READ], p90, 282
[READ], p95, 448
[READ], p99, 737
[READ], p99.9, 2401
[READ], p99.99, 6450
[READ], Return=OK, 88468
[CLEANUP], Total Operations, 1
[CLEANUP], Below is a summary of latency in microseconds:, -1
[CLEANUP], Average, 1381.0
[CLEANUP], Min, 1381
[CLEANUP], Max, 1381
[CLEANUP], p1, 1381
[CLEANUP], p5, 1381
[CLEANUP], p50, 1381
[CLEANUP], p90, 1381
[CLEANUP], p95, 1381
[CLEANUP], p99, 1381
[CLEANUP], p99.9, 1381
[CLEANUP], p99.99, 1381

Command line: -t -db site.ycsb.db.MongoDbClient -s -P /home/runner/ycsb-mongodb-binding-0.17.0/workloads/workloadc -p mongodb.url=mongodb://127.0.0.1:27017/ycsb?w=1 -p measurementtype=raw -p measurement.raw.output_file=/home/runner/work/The-Omni-Compass/The-Omni-Compass/out/ycsb-c/rep-3/native/notch-1.raw -p recordcount=250000 -p operationcount=1000000000 -p maxexecutiontime=30 -p target=3000 -p threads=32 -p insertstart=0 -p insertorder=ordered -p requestdistribution=uniform -p seed=100300
YCSB Client 0.17.0

Loading workload...
Starting test.
Maximum execution time specified as: 30 secs
2026-10-10 03:44:46:395 0 sec: 0 operations; est completion in 0 second 
DBWrapper: report latency for each error is false and specific error codes to track for latency are: []
2026-10-10 03:44:56:357 10 sec: 28466 operations; 2846.6 current ops/sec; est completion in 4 days 1 hour READ count: 28468, average latency(us): 285.01 
2026-10-10 03:45:06:356 20 sec: 58466 operations; 3000 current ops/sec; est completion in 3 days 23 hours READ count: 29999, average latency(us): 172.97 
Maximum time elapsed. Requesting stop for the workload.
Stop requested for workload. Now Joining!
2026-10-10 03:45:16:356 30 sec: 88466 operations; 3000 current ops/sec; est completion in 3 days 22 hours READ count: 29999, average latency(us): 169.66 
2026-10-10 03:45:16:359 30 sec: 88468 operations; 666.67 current ops/sec; est completion in 3 days 22 hours READ count: 2, average latency(us): 306.00 CLEANUP count: 1, average latency(us): 1381.00 


/opt/hostedtoolcache/Java_Temurin-Hotspot_jdk/17.0.20-1/x64/bin/java  -classpath /home/runner/ycsb-mongodb-binding-0.17.0/conf:/home/runner/ycsb-mongodb-binding-0.17.0/lib/HdrHistogram-2.1.4.jar:/home/runner/ycsb-mongodb-binding-0.17.0/lib/core-0.17.0.jar:/home/runner/ycsb-mongodb-binding-0.17.0/lib/htrace-core4-4.1.0-incubating.jar:/home/runner/ycsb-mongodb-binding-0.17.0/lib/jackson-core-asl-1.9.4.jar:/home/runner/ycsb-mongodb-binding-0.17.0/lib/jackson-mapper-asl-1.9.4.jar:/home/runner/ycsb-mongodb-binding-0.17.0/lib/logback-classic-1.1.2.jar:/home/runner/ycsb-mongodb-binding-0.17.0/lib/logback-core-1.1.2.jar:/home/runner/ycsb-mongodb-binding-0.17.0/lib/mongo-java-driver-3.8.0.jar:/home/runner/ycsb-mongodb-binding-0.17.0/lib/mongodb-async-driver-2.0.1.jar:/home/runner/ycsb-mongodb-binding-0.17.0/lib/mongodb-binding-0.17.0.jar:/home/runner/ycsb-mongodb-binding-0.17.0/lib/slf4j-api-1.7.25.jar:/home/runner/ycsb-mongodb-binding-0.17.0/lib/snappy-java-1.1.7.1.jar site.ycsb.Client -t -db site.ycsb.db.MongoDbClient -s -P /home/runner/ycsb-mongodb-binding-0.17.0/workloads/workloadc -p mongodb.url=mongodb://127.0.0.1:27017/ycsb?w=1 -p measurementtype=raw -p measurement.raw.output_file=/home/runner/work/The-Omni-Compass/The-Omni-Compass/out/ycsb-c/rep-3/native/notch-2.raw -p recordcount=500000 -p operationcount=1000000000 -p maxexecutiontime=30 -p target=3000 -p threads=32 -p insertstart=0 -p insertorder=ordered -p requestdistribution=uniform -p seed=100301
mongo client connection created with mongodb://127.0.0.1:27017/ycsb?w=1
Raw data measurement: will output to result file: /home/runner/work/The-Omni-Compass/The-Omni-Compass/out/ycsb-c/rep-3/native/notch-2.raw
Raw data measurement: will output to result file: /home/runner/work/The-Omni-Compass/The-Omni-Compass/out/ycsb-c/rep-3/native/notch-2.raw
[OVERALL], RunTime(ms), 30003
[OVERALL], Throughput(ops/sec), 2963.7369596373696
[TOTAL_GCS_G1_Young_Generation], Count, 17
[TOTAL_GC_TIME_G1_Young_Generation], Time(ms), 96
[TOTAL_GC_TIME_%_G1_Young_Generation], Time(%), 0.31996800319968005
[TOTAL_GCS_G1_Old_Generation], Count, 0
[TOTAL_GC_TIME_G1_Old_Generation], Time(ms), 0
[TOTAL_GC_TIME_%_G1_Old_Generation], Time(%), 0.0
[TOTAL_GCs], Count, 17
[TOTAL_GC_TIME], Time(ms), 96
[TOTAL_GC_TIME_%], Time(%), 0.31996800319968005
[READ], Total Operations, 88921
[READ], Below is a summary of latency in microseconds:, -1
[READ], Average, 216.1570720077372
[READ], Min, 128
[READ], Max, 56486
[READ], p1, 148
[READ], p5, 151
[READ], p50, 188
[READ], p90, 356
[READ], p95, 439
[READ], p99, 585
[READ], p99.9, 2420
[READ], p99.99, 7195
[READ], Return=OK, 88921
[CLEANUP], Total Operations, 1
[CLEANUP], Below is a summary of latency in microseconds:, -1
[CLEANUP], Average, 1286.0
[CLEANUP], Min, 1286
[CLEANUP], Max, 1286
[CLEANUP], p1, 1286
[CLEANUP], p5, 1286
[CLEANUP], p50, 1286
[CLEANUP], p90, 1286
[CLEANUP], p95, 1286
[CLEANUP], p99, 1286
[CLEANUP], p99.9, 1286
[CLEANUP], p99.99, 1286

Command line: -t -db site.ycsb.db.MongoDbClient -s -P /home/runner/ycsb-mongodb-binding-0.17.0/workloads/workloadc -p mongodb.url=mongodb://127.0.0.1:27017/ycsb?w=1 -p measurementtype=raw -p measurement.raw.output_file=/home/runner/work/The-Omni-Compass/The-Omni-Compass/out/ycsb-c/rep-3/native/notch-2.raw -p recordcount=500000 -p operationcount=1000000000 -p maxexecutiontime=30 -p target=3000 -p threads=32 -p insertstart=0 -p insertorder=ordered -p requestdistribution=uniform -p seed=100301
YCSB Client 0.17.0

Loading workload...
Starting test.
Maximum execution time specified as: 30 secs
2026-10-10 03:45:17:066 0 sec: 0 operations; est completion in 0 second 
DBWrapper: report latency for each error is false and specific error codes to track for latency are: []
2026-10-10 03:45:27:026 10 sec: 28920 operations; 2892 current ops/sec; est completion in 4 days READ count: 28922, average latency(us): 271.29 
2026-10-10 03:45:37:026 20 sec: 58920 operations; 3000 current ops/sec; est completion in 3 days 22 hours READ count: 29999, average latency(us): 194.70 
Maximum time elapsed. Requesting stop for the workload.
Stop requested for workload. Now Joining!
2026-10-10 03:45:47:026 30 sec: 88920 operations; 3000 current ops/sec; est completion in 3 days 21 hours READ count: 29999, average latency(us): 184.46 
2026-10-10 03:45:47:028 30 sec: 88921 operations; 333.33 current ops/sec; est completion in 3 days 21 hours READ count: 1, average latency(us): 361.00 CLEANUP count: 1, average latency(us): 1286.00 


/opt/hostedtoolcache/Java_Temurin-Hotspot_jdk/17.0.20-1/x64/bin/java  -classpath /home/runner/ycsb-mongodb-binding-0.17.0/conf:/home/runner/ycsb-mongodb-binding-0.17.0/lib/HdrHistogram-2.1.4.jar:/home/runner/ycsb-mongodb-binding-0.17.0/lib/core-0.17.0.jar:/home/runner/ycsb-mongodb-binding-0.17.0/lib/htrace-core4-4.1.0-incubating.jar:/home/runner/ycsb-mongodb-binding-0.17.0/lib/jackson-core-asl-1.9.4.jar:/home/runner/ycsb-mongodb-binding-0.17.0/lib/jackson-mapper-asl-1.9.4.jar:/home/runner/ycsb-mongodb-binding-0.17.0/lib/logback-classic-1.1.2.jar:/home/runner/ycsb-mongodb-binding-0.17.0/lib/logback-core-1.1.2.jar:/home/runner/ycsb-mongodb-binding-0.17.0/lib/mongo-java-driver-3.8.0.jar:/home/runner/ycsb-mongodb-binding-0.17.0/lib/mongodb-async-driver-2.0.1.jar:/home/runner/ycsb-mongodb-binding-0.17.0/lib/mongodb-binding-0.17.0.jar:/home/runner/ycsb-mongodb-binding-0.17.0/lib/slf4j-api-1.7.25.jar:/home/runner/ycsb-mongodb-binding-0.17.0/lib/snappy-java-1.1.7.1.jar site.ycsb.Client -t -db site.ycsb.db.MongoDbClient -s -P /home/runner/ycsb-mongodb-binding-0.17.0/workloads/workloadc -p mongodb.url=mongodb://127.0.0.1:27017/ycsb?w=1 -p measurementtype=raw -p measurement.raw.output_file=/home/runner/work/The-Omni-Compass/The-Omni-Compass/out/ycsb-c/rep-3/native/notch-3.raw -p recordcount=750000 -p operationcount=1000000000 -p maxexecutiontime=30 -p target=3000 -p threads=32 -p insertstart=0 -p insertorder=ordered -p requestdistribution=uniform -p seed=100302
mongo client connection created with mongodb://127.0.0.1:27017/ycsb?w=1
Raw data measurement: will output to result file: /home/runner/work/The-Omni-Compass/The-Omni-Compass/out/ycsb-c/rep-3/native/notch-3.raw
Raw data measurement: will output to result file: /home/runner/work/The-Omni-Compass/The-Omni-Compass/out/ycsb-c/rep-3/native/notch-3.raw
[OVERALL], RunTime(ms), 30003
[OVERALL], Throughput(ops/sec), 2964.8701796487017
[TOTAL_GCS_G1_Young_Generation], Count, 17
[TOTAL_GC_TIME_G1_Young_Generation], Time(ms), 95
[TOTAL_GC_TIME_%_G1_Young_Generation], Time(%), 0.31663500316635007
[TOTAL_GCS_G1_Old_Generation], Count, 0
[TOTAL_GC_TIME_G1_Old_Generation], Time(ms), 0
[TOTAL_GC_TIME_%_G1_Old_Generation], Time(%), 0.0
[TOTAL_GCs], Count, 17
[TOTAL_GC_TIME], Time(ms), 95
[TOTAL_GC_TIME_%], Time(%), 0.31663500316635007
[READ], Total Operations, 88955
[READ], Below is a summary of latency in microseconds:, -1
[READ], Average, 220.34906413355068
[READ], Min, 129
[READ], Max, 54813
[READ], p1, 149
[READ], p5, 152
[READ], p50, 188
[READ], p90, 367
[READ], p95, 446
[READ], p99, 605
[READ], p99.9, 2640
[READ], p99.99, 6027
[READ], Return=OK, 88955
[CLEANUP], Total Operations, 1
[CLEANUP], Below is a summary of latency in microseconds:, -1
[CLEANUP], Average, 1265.0
[CLEANUP], Min, 1265
[CLEANUP], Max, 1265
[CLEANUP], p1, 1265
[CLEANUP], p5, 1265
[CLEANUP], p50, 1265
[CLEANUP], p90, 1265
[CLEANUP], p95, 1265
[CLEANUP], p99, 1265
[CLEANUP], p99.9, 1265
[CLEANUP], p99.99, 1265

Command line: -t -db site.ycsb.db.MongoDbClient -s -P /home/runner/ycsb-mongodb-binding-0.17.0/workloads/workloadc -p mongodb.url=mongodb://127.0.0.1:27017/ycsb?w=1 -p measurementtype=raw -p measurement.raw.output_file=/home/runner/work/The-Omni-Compass/The-Omni-Compass/out/ycsb-c/rep-3/native/notch-3.raw -p recordcount=750000 -p operationcount=1000000000 -p maxexecutiontime=30 -p target=3000 -p threads=32 -p insertstart=0 -p insertorder=ordered -p requestdistribution=uniform -p seed=100302
YCSB Client 0.17.0

Loading workload...
Starting test.
Maximum execution time specified as: 30 secs
2026-10-10 03:45:47:704 0 sec: 0 operations; est completion in 0 second 
DBWrapper: report latency for each error is false and specific error codes to track for latency are: []
2026-10-10 03:45:57:660 10 sec: 28952 operations; 2895.2 current ops/sec; est completion in 3 days 23 hours READ count: 28953, average latency(us): 269.86 
2026-10-10 03:46:07:660 20 sec: 58952 operations; 3000 current ops/sec; est completion in 3 days 22 hours READ count: 30000, average latency(us): 200.87 
2026-10-10 03:46:17:660 30 sec: 88952 operations; 3000 current ops/sec; est completion in 3 days 21 hours READ count: 30000, average latency(us): 192.05 
Maximum time elapsed. Requesting stop for the workload.
Stop requested for workload. Now Joining!
2026-10-10 03:46:17:663 30 sec: 88955 operations; 1500 current ops/sec; est completion in 3 days 21 hours READ count: 2, average latency(us): 212.50 CLEANUP count: 1, average latency(us): 1265.00 


/opt/hostedtoolcache/Java_Temurin-Hotspot_jdk/17.0.20-1/x64/bin/java  -classpath /home/runner/ycsb-mongodb-binding-0.17.0/conf:/home/runner/ycsb-mongodb-binding-0.17.0/lib/HdrHistogram-2.1.4.jar:/home/runner/ycsb-mongodb-binding-0.17.0/lib/core-0.17.0.jar:/home/runner/ycsb-mongodb-binding-0.17.0/lib/htrace-core4-4.1.0-incubating.jar:/home/runner/ycsb-mongodb-binding-0.17.0/lib/jackson-core-asl-1.9.4.jar:/home/runner/ycsb-mongodb-binding-0.17.0/lib/jackson-mapper-asl-1.9.4.jar:/home/runner/ycsb-mongodb-binding-0.17.0/lib/logback-classic-1.1.2.jar:/home/runner/ycsb-mongodb-binding-0.17.0/lib/logback-core-1.1.2.jar:/home/runner/ycsb-mongodb-binding-0.17.0/lib/mongo-java-driver-3.8.0.jar:/home/runner/ycsb-mongodb-binding-0.17.0/lib/mongodb-async-driver-2.0.1.jar:/home/runner/ycsb-mongodb-binding-0.17.0/lib/mongodb-binding-0.17.0.jar:/home/runner/ycsb-mongodb-binding-0.17.0/lib/slf4j-api-1.7.25.jar:/home/runner/ycsb-mongodb-binding-0.17.0/lib/snappy-java-1.1.7.1.jar site.ycsb.Client -t -db site.ycsb.db.MongoDbClient -s -P /home/runner/ycsb-mongodb-binding-0.17.0/workloads/workloadc -p mongodb.url=mongodb://127.0.0.1:27017/ycsb?w=1 -p measurementtype=raw -p measurement.raw.output_file=/home/runner/work/The-Omni-Compass/The-Omni-Compass/out/ycsb-c/rep-3/native/notch-4.raw -p recordcount=500000 -p operationcount=1000000000 -p maxexecutiontime=30 -p target=3000 -p threads=32 -p insertstart=0 -p insertorder=ordered -p requestdistribution=uniform -p seed=100303
mongo client connection created with mongodb://127.0.0.1:27017/ycsb?w=1
Raw data measurement: will output to result file: /home/runner/work/The-Omni-Compass/The-Omni-Compass/out/ycsb-c/rep-3/native/notch-4.raw
Raw data measurement: will output to result file: /home/runner/work/The-Omni-Compass/The-Omni-Compass/out/ycsb-c/rep-3/native/notch-4.raw
[OVERALL], RunTime(ms), 30003
[OVERALL], Throughput(ops/sec), 2962.8370496283706
[TOTAL_GCS_G1_Young_Generation], Count, 17
[TOTAL_GC_TIME_G1_Young_Generation], Time(ms), 93
[TOTAL_GC_TIME_%_G1_Young_Generation], Time(%), 0.30996900309969005
[TOTAL_GCS_G1_Old_Generation], Count, 0
[TOTAL_GC_TIME_G1_Old_Generation], Time(ms), 0
[TOTAL_GC_TIME_%_G1_Old_Generation], Time(%), 0.0
[TOTAL_GCs], Count, 17
[TOTAL_GC_TIME], Time(ms), 93
[TOTAL_GC_TIME_%], Time(%), 0.30996900309969005
[READ], Total Operations, 88894
[READ], Below is a summary of latency in microseconds:, -1
[READ], Average, 189.3739622471708
[READ], Min, 131
[READ], Max, 44738
[READ], p1, 148
[READ], p5, 150
[READ], p50, 183
[READ], p90, 226
[READ], p95, 245
[READ], p99, 364
[READ], p99.9, 935
[READ], p99.99, 6475
[READ], Return=OK, 88894
[CLEANUP], Total Operations, 1
[CLEANUP], Below is a summary of latency in microseconds:, -1
[CLEANUP], Average, 1290.0
[CLEANUP], Min, 1290
[CLEANUP], Max, 1290
[CLEANUP], p1, 1290
[CLEANUP], p5, 1290
[CLEANUP], p50, 1290
[CLEANUP], p90, 1290
[CLEANUP], p95, 1290
[CLEANUP], p99, 1290
[CLEANUP], p99.9, 1290
[CLEANUP], p99.99, 1290

Command line: -t -db site.ycsb.db.MongoDbClient -s -P /home/runner/ycsb-mongodb-binding-0.17.0/workloads/workloadc -p mongodb.url=mongodb://127.0.0.1:27017/ycsb?w=1 -p measurementtype=raw -p measurement.raw.output_file=/home/runner/work/The-Omni-Compass/The-Omni-Compass/out/ycsb-c/rep-3/native/notch-4.raw -p recordcount=500000 -p operationcount=1000000000 -p maxexecutiontime=30 -p target=3000 -p threads=32 -p insertstart=0 -p insertorder=ordered -p requestdistribution=uniform -p seed=100303
YCSB Client 0.17.0

Loading workload...
Starting test.
Maximum execution time specified as: 30 secs
2026-10-10 03:46:18:367 0 sec: 0 operations; est completion in 0 second 
DBWrapper: report latency for each error is false and specific error codes to track for latency are: []
2026-10-10 03:46:28:328 10 sec: 28892 operations; 2888.91 current ops/sec; est completion in 4 days READ count: 28894, average latency(us): 212.01 
2026-10-10 03:46:38:328 20 sec: 58892 operations; 3000 current ops/sec; est completion in 3 days 22 hours READ count: 29999, average latency(us): 176.66 
Maximum time elapsed. Requesting stop for the workload.
Stop requested for workload. Now Joining!
2026-10-10 03:46:48:328 30 sec: 88892 operations; 3000 current ops/sec; est completion in 3 days 21 hours READ count: 30000, average latency(us): 180.28 
2026-10-10 03:46:48:330 30 sec: 88894 operations; 1000 current ops/sec; est completion in 3 days 21 hours READ count: 1, average latency(us): 430.00 CLEANUP count: 1, average latency(us): 1290.00 


/opt/hostedtoolcache/Java_Temurin-Hotspot_jdk/17.0.20-1/x64/bin/java  -classpath /home/runner/ycsb-mongodb-binding-0.17.0/conf:/home/runner/ycsb-mongodb-binding-0.17.0/lib/HdrHistogram-2.1.4.jar:/home/runner/ycsb-mongodb-binding-0.17.0/lib/core-0.17.0.jar:/home/runner/ycsb-mongodb-binding-0.17.0/lib/htrace-core4-4.1.0-incubating.jar:/home/runner/ycsb-mongodb-binding-0.17.0/lib/jackson-core-asl-1.9.4.jar:/home/runner/ycsb-mongodb-binding-0.17.0/lib/jackson-mapper-asl-1.9.4.jar:/home/runner/ycsb-mongodb-binding-0.17.0/lib/logback-classic-1.1.2.jar:/home/runner/ycsb-mongodb-binding-0.17.0/lib/logback-core-1.1.2.jar:/home/runner/ycsb-mongodb-binding-0.17.0/lib/mongo-java-driver-3.8.0.jar:/home/runner/ycsb-mongodb-binding-0.17.0/lib/mongodb-async-driver-2.0.1.jar:/home/runner/ycsb-mongodb-binding-0.17.0/lib/mongodb-binding-0.17.0.jar:/home/runner/ycsb-mongodb-binding-0.17.0/lib/slf4j-api-1.7.25.jar:/home/runner/ycsb-mongodb-binding-0.17.0/lib/snappy-java-1.1.7.1.jar site.ycsb.Client -t -db site.ycsb.db.MongoDbClient -s -P /home/runner/ycsb-mongodb-binding-0.17.0/workloads/workloadc -p mongodb.url=mongodb://127.0.0.1:27017/ycsb?w=1 -p measurementtype=raw -p measurement.raw.output_file=/home/runner/work/The-Omni-Compass/The-Omni-Compass/out/ycsb-c/rep-3/native/notch-5.raw -p recordcount=750000 -p operationcount=1000000000 -p maxexecutiontime=30 -p target=3000 -p threads=32 -p insertstart=0 -p insertorder=ordered -p requestdistribution=uniform -p seed=100304
mongo client connection created with mongodb://127.0.0.1:27017/ycsb?w=1
Raw data measurement: will output to result file: /home/runner/work/The-Omni-Compass/The-Omni-Compass/out/ycsb-c/rep-3/native/notch-5.raw
Raw data measurement: will output to result file: /home/runner/work/The-Omni-Compass/The-Omni-Compass/out/ycsb-c/rep-3/native/notch-5.raw
[OVERALL], RunTime(ms), 30003
[OVERALL], Throughput(ops/sec), 2963.303669633037
[TOTAL_GCS_G1_Young_Generation], Count, 17
[TOTAL_GC_TIME_G1_Young_Generation], Time(ms), 97
[TOTAL_GC_TIME_%_G1_Young_Generation], Time(%), 0.32330100323301003
[TOTAL_GCS_G1_Old_Generation], Count, 0
[TOTAL_GC_TIME_G1_Old_Generation], Time(ms), 0
[TOTAL_GC_TIME_%_G1_Old_Generation], Time(%), 0.0
[TOTAL_GCs], Count, 17
[TOTAL_GC_TIME], Time(ms), 97
[TOTAL_GC_TIME_%], Time(%), 0.32330100323301003
[READ], Total Operations, 88908
[READ], Below is a summary of latency in microseconds:, -1
[READ], Average, 191.8925743465155
[READ], Min, 127
[READ], Max, 43516
[READ], p1, 148
[READ], p5, 150
[READ], p50, 181
[READ], p90, 225
[READ], p95, 248
[READ], p99, 410
[READ], p99.9, 1014
[READ], p99.99, 5888
[READ], Return=OK, 88908
[CLEANUP], Total Operations, 1
[CLEANUP], Below is a summary of latency in microseconds:, -1
[CLEANUP], Average, 1291.0
[CLEANUP], Min, 1291
[CLEANUP], Max, 1291
[CLEANUP], p1, 1291
[CLEANUP], p5, 1291
[CLEANUP], p50, 1291
[CLEANUP], p90, 1291
[CLEANUP], p95, 1291
[CLEANUP], p99, 1291
[CLEANUP], p99.9, 1291
[CLEANUP], p99.99, 1291

Command line: -t -db site.ycsb.db.MongoDbClient -s -P /home/runner/ycsb-mongodb-binding-0.17.0/workloads/workloadc -p mongodb.url=mongodb://127.0.0.1:27017/ycsb?w=1 -p measurementtype=raw -p measurement.raw.output_file=/home/runner/work/The-Omni-Compass/The-Omni-Compass/out/ycsb-c/rep-3/native/notch-5.raw -p recordcount=750000 -p operationcount=1000000000 -p maxexecutiontime=30 -p target=3000 -p threads=32 -p insertstart=0 -p insertorder=ordered -p requestdistribution=uniform -p seed=100304
YCSB Client 0.17.0

Loading workload...
Starting test.
Maximum execution time specified as: 30 secs
2026-10-10 03:46:49:003 0 sec: 0 operations; est completion in 0 second 
DBWrapper: report latency for each error is false and specific error codes to track for latency are: []
2026-10-10 03:46:58:963 10 sec: 28905 operations; 2890.5 current ops/sec; est completion in 4 days READ count: 28907, average latency(us): 213.92 
2026-10-10 03:47:08:962 20 sec: 58905 operations; 3000 current ops/sec; est completion in 3 days 22 hours READ count: 29999, average latency(us): 180.97 
Maximum time elapsed. Requesting stop for the workload.
2026-10-10 03:47:18:962 30 sec: 88905 operations; 3000 current ops/sec; est completion in 3 days 21 hours READ count: 30000, average latency(us): 181.58 
Stop requested for workload. Now Joining!
2026-10-10 03:47:18:965 30 sec: 88908 operations; 1000 current ops/sec; est completion in 3 days 21 hours READ count: 2, average latency(us): 262.50 CLEANUP count: 1, average latency(us): 1291.00 


/opt/hostedtoolcache/Java_Temurin-Hotspot_jdk/17.0.20-1/x64/bin/java  -classpath /home/runner/ycsb-mongodb-binding-0.17.0/conf:/home/runner/ycsb-mongodb-binding-0.17.0/lib/HdrHistogram-2.1.4.jar:/home/runner/ycsb-mongodb-binding-0.17.0/lib/core-0.17.0.jar:/home/runner/ycsb-mongodb-binding-0.17.0/lib/htrace-core4-4.1.0-incubating.jar:/home/runner/ycsb-mongodb-binding-0.17.0/lib/jackson-core-asl-1.9.4.jar:/home/runner/ycsb-mongodb-binding-0.17.0/lib/jackson-mapper-asl-1.9.4.jar:/home/runner/ycsb-mongodb-binding-0.17.0/lib/logback-classic-1.1.2.jar:/home/runner/ycsb-mongodb-binding-0.17.0/lib/logback-core-1.1.2.jar:/home/runner/ycsb-mongodb-binding-0.17.0/lib/mongo-java-driver-3.8.0.jar:/home/runner/ycsb-mongodb-binding-0.17.0/lib/mongodb-async-driver-2.0.1.jar:/home/runner/ycsb-mongodb-binding-0.17.0/lib/mongodb-binding-0.17.0.jar:/home/runner/ycsb-mongodb-binding-0.17.0/lib/slf4j-api-1.7.25.jar:/home/runner/ycsb-mongodb-binding-0.17.0/lib/snappy-java-1.1.7.1.jar site.ycsb.Client -t -db site.ycsb.db.MongoDbClient -s -P /home/runner/ycsb-mongodb-binding-0.17.0/workloads/workloadc -p mongodb.url=mongodb://127.0.0.1:27017/ycsb?w=1 -p measurementtype=raw -p measurement.raw.output_file=/home/runner/work/The-Omni-Compass/The-Omni-Compass/out/ycsb-c/rep-3/native/notch-6.raw -p recordcount=1000000 -p operationcount=1000000000 -p maxexecutiontime=30 -p target=3000 -p threads=32 -p insertstart=0 -p insertorder=ordered -p requestdistribution=uniform -p seed=100305
mongo client connection created with mongodb://127.0.0.1:27017/ycsb?w=1
Raw data measurement: will output to result file: /home/runner/work/The-Omni-Compass/The-Omni-Compass/out/ycsb-c/rep-3/native/notch-6.raw
Raw data measurement: will output to result file: /home/runner/work/The-Omni-Compass/The-Omni-Compass/out/ycsb-c/rep-3/native/notch-6.raw
[OVERALL], RunTime(ms), 30003
[OVERALL], Throughput(ops/sec), 2965.0701596507015
[TOTAL_GCS_G1_Young_Generation], Count, 17
[TOTAL_GC_TIME_G1_Young_Generation], Time(ms), 97
[TOTAL_GC_TIME_%_G1_Young_Generation], Time(%), 0.32330100323301003
[TOTAL_GCS_G1_Old_Generation], Count, 0
[TOTAL_GC_TIME_G1_Old_Generation], Time(ms), 0
[TOTAL_GC_TIME_%_G1_Old_Generation], Time(%), 0.0
[TOTAL_GCs], Count, 17
[TOTAL_GC_TIME], Time(ms), 97
[TOTAL_GC_TIME_%], Time(%), 0.32330100323301003
[READ], Total Operations, 88961
[READ], Below is a summary of latency in microseconds:, -1
[READ], Average, 220.67520598914132
[READ], Min, 130
[READ], Max, 98468
[READ], p1, 149
[READ], p5, 152
[READ], p50, 189
[READ], p90, 339
[READ], p95, 432
[READ], p99, 558
[READ], p99.9, 2530
[READ], p99.99, 8387
[READ], Return=OK, 88961
[CLEANUP], Total Operations, 1
[CLEANUP], Below is a summary of latency in microseconds:, -1
[CLEANUP], Average, 1271.0
[CLEANUP], Min, 1271
[CLEANUP], Max, 1271
[CLEANUP], p1, 1271
[CLEANUP], p5, 1271
[CLEANUP], p50, 1271
[CLEANUP], p90, 1271
[CLEANUP], p95, 1271
[CLEANUP], p99, 1271
[CLEANUP], p99.9, 1271
[CLEANUP], p99.99, 1271

Command line: -t -db site.ycsb.db.MongoDbClient -s -P /home/runner/ycsb-mongodb-binding-0.17.0/workloads/workloadc -p mongodb.url=mongodb://127.0.0.1:27017/ycsb?w=1 -p measurementtype=raw -p measurement.raw.output_file=/home/runner/work/The-Omni-Compass/The-Omni-Compass/out/ycsb-c/rep-3/native/notch-6.raw -p recordcount=1000000 -p operationcount=1000000000 -p maxexecutiontime=30 -p target=3000 -p threads=32 -p insertstart=0 -p insertorder=ordered -p requestdistribution=uniform -p seed=100305
YCSB Client 0.17.0

Loading workload...
Starting test.
Maximum execution time specified as: 30 secs
2026-10-10 03:47:19:635 0 sec: 0 operations; est completion in 0 second 
DBWrapper: report latency for each error is false and specific error codes to track for latency are: []
2026-10-10 03:47:29:592 10 sec: 28957 operations; 2895.7 current ops/sec; est completion in 3 days 23 hours READ count: 28959, average latency(us): 263.98 
2026-10-10 03:47:39:592 20 sec: 58957 operations; 3000 current ops/sec; est completion in 3 days 22 hours READ count: 29998, average latency(us): 209.97 
2026-10-10 03:47:49:592 30 sec: 88957 operations; 3000 current ops/sec; est completion in 3 days 21 hours READ count: 30001, average latency(us): 189.58 
Maximum time elapsed. Requesting stop for the workload.
Stop requested for workload. Now Joining!
2026-10-10 03:47:49:595 30 sec: 88961 operations; 1333.33 current ops/sec; est completion in 3 days 21 hours READ count: 3, average latency(us): 193.67 CLEANUP count: 1, average latency(us): 1271.00 


/opt/hostedtoolcache/Java_Temurin-Hotspot_jdk/17.0.20-1/x64/bin/java  -classpath /home/runner/ycsb-mongodb-binding-0.17.0/conf:/home/runner/ycsb-mongodb-binding-0.17.0/lib/HdrHistogram-2.1.4.jar:/home/runner/ycsb-mongodb-binding-0.17.0/lib/core-0.17.0.jar:/home/runner/ycsb-mongodb-binding-0.17.0/lib/htrace-core4-4.1.0-incubating.jar:/home/runner/ycsb-mongodb-binding-0.17.0/lib/jackson-core-asl-1.9.4.jar:/home/runner/ycsb-mongodb-binding-0.17.0/lib/jackson-mapper-asl-1.9.4.jar:/home/runner/ycsb-mongodb-binding-0.17.0/lib/logback-classic-1.1.2.jar:/home/runner/ycsb-mongodb-binding-0.17.0/lib/logback-core-1.1.2.jar:/home/runner/ycsb-mongodb-binding-0.17.0/lib/mongo-java-driver-3.8.0.jar:/home/runner/ycsb-mongodb-binding-0.17.0/lib/mongodb-async-driver-2.0.1.jar:/home/runner/ycsb-mongodb-binding-0.17.0/lib/mongodb-binding-0.17.0.jar:/home/runner/ycsb-mongodb-binding-0.17.0/lib/slf4j-api-1.7.25.jar:/home/runner/ycsb-mongodb-binding-0.17.0/lib/snappy-java-1.1.7.1.jar site.ycsb.Client -t -db site.ycsb.db.MongoDbClient -s -P /home/runner/ycsb-mongodb-binding-0.17.0/workloads/workloadc -p mongodb.url=mongodb://127.0.0.1:27017/ycsb?w=1 -p measurementtype=raw -p measurement.raw.output_file=/home/runner/work/The-Omni-Compass/The-Omni-Compass/out/ycsb-c/rep-3/native/notch-7.raw -p recordcount=1250000 -p operationcount=1000000000 -p maxexecutiontime=30 -p target=3000 -p threads=32 -p insertstart=0 -p insertorder=ordered -p requestdistribution=uniform -p seed=100306
mongo client connection created with mongodb://127.0.0.1:27017/ycsb?w=1
Raw data measurement: will output to result file: /home/runner/work/The-Omni-Compass/The-Omni-Compass/out/ycsb-c/rep-3/native/notch-7.raw
Raw data measurement: will output to result file: /home/runner/work/The-Omni-Compass/The-Omni-Compass/out/ycsb-c/rep-3/native/notch-7.raw
[OVERALL], RunTime(ms), 30003
[OVERALL], Throughput(ops/sec), 2963.0370296303704
[TOTAL_GCS_G1_Young_Generation], Count, 17
[TOTAL_GC_TIME_G1_Young_Generation], Time(ms), 95
[TOTAL_GC_TIME_%_G1_Young_Generation], Time(%), 0.31663500316635007
[TOTAL_GCS_G1_Old_Generation], Count, 0
[TOTAL_GC_TIME_G1_Old_Generation], Time(ms), 0
[TOTAL_GC_TIME_%_G1_Old_Generation], Time(%), 0.0
[TOTAL_GCs], Count, 17
[TOTAL_GC_TIME], Time(ms), 95
[TOTAL_GC_TIME_%], Time(%), 0.31663500316635007
[READ], Total Operations, 88900
[READ], Below is a summary of latency in microseconds:, -1
[READ], Average, 220.07635545556806
[READ], Min, 131
[READ], Max, 51557
[READ], p1, 149
[READ], p5, 152
[READ], p50, 190
[READ], p90, 351
[READ], p95, 426
[READ], p99, 548
[READ], p99.9, 2470
[READ], p99.99, 5976
[READ], Return=OK, 88900
[CLEANUP], Total Operations, 1
[CLEANUP], Below is a summary of latency in microseconds:, -1
[CLEANUP], Average, 1270.0
[CLEANUP], Min, 1270
[CLEANUP], Max, 1270
[CLEANUP], p1, 1270
[CLEANUP], p5, 1270
[CLEANUP], p50, 1270
[CLEANUP], p90, 1270
[CLEANUP], p95, 1270
[CLEANUP], p99, 1270
[CLEANUP], p99.9, 1270
[CLEANUP], p99.99, 1270

Command line: -t -db site.ycsb.db.MongoDbClient -s -P /home/runner/ycsb-mongodb-binding-0.17.0/workloads/workloadc -p mongodb.url=mongodb://127.0.0.1:27017/ycsb?w=1 -p measurementtype=raw -p measurement.raw.output_file=/home/runner/work/The-Omni-Compass/The-Omni-Compass/out/ycsb-c/rep-3/native/notch-7.raw -p recordcount=1250000 -p operationcount=1000000000 -p maxexecutiontime=30 -p target=3000 -p threads=32 -p insertstart=0 -p insertorder=ordered -p requestdistribution=uniform -p seed=100306
YCSB Client 0.17.0

Loading workload...
Starting test.
Maximum execution time specified as: 30 secs
2026-10-10 03:47:50:308 0 sec: 0 operations; est completion in 0 second 
DBWrapper: report latency for each error is false and specific error codes to track for latency are: []
2026-10-10 03:48:00:266 10 sec: 28899 operations; 2889.9 current ops/sec; est completion in 4 days READ count: 28899, average latency(us): 255.85 
2026-10-10 03:48:10:266 20 sec: 58898 operations; 2999.9 current ops/sec; est completion in 3 days 22 hours READ count: 30000, average latency(us): 209.76 
Maximum time elapsed. Requesting stop for the workload.
Stop requested for workload. Now Joining!
2026-10-10 03:48:20:266 30 sec: 88898 operations; 3000 current ops/sec; est completion in 3 days 21 hours READ count: 30000, average latency(us): 195.93 
2026-10-10 03:48:20:268 30 sec: 88900 operations; 666.67 current ops/sec; est completion in 3 days 21 hours READ count: 1, average latency(us): 322.00 CLEANUP count: 1, average latency(us): 1270.00 


/opt/hostedtoolcache/Java_Temurin-Hotspot_jdk/17.0.20-1/x64/bin/java  -classpath /home/runner/ycsb-mongodb-binding-0.17.0/conf:/home/runner/ycsb-mongodb-binding-0.17.0/lib/HdrHistogram-2.1.4.jar:/home/runner/ycsb-mongodb-binding-0.17.0/lib/core-0.17.0.jar:/home/runner/ycsb-mongodb-binding-0.17.0/lib/htrace-core4-4.1.0-incubating.jar:/home/runner/ycsb-mongodb-binding-0.17.0/lib/jackson-core-asl-1.9.4.jar:/home/runner/ycsb-mongodb-binding-0.17.0/lib/jackson-mapper-asl-1.9.4.jar:/home/runner/ycsb-mongodb-binding-0.17.0/lib/logback-classic-1.1.2.jar:/home/runner/ycsb-mongodb-binding-0.17.0/lib/logback-core-1.1.2.jar:/home/runner/ycsb-mongodb-binding-0.17.0/lib/mongo-java-driver-3.8.0.jar:/home/runner/ycsb-mongodb-binding-0.17.0/lib/mongodb-async-driver-2.0.1.jar:/home/runner/ycsb-mongodb-binding-0.17.0/lib/mongodb-binding-0.17.0.jar:/home/runner/ycsb-mongodb-binding-0.17.0/lib/slf4j-api-1.7.25.jar:/home/runner/ycsb-mongodb-binding-0.17.0/lib/snappy-java-1.1.7.1.jar site.ycsb.Client -t -db site.ycsb.db.MongoDbClient -s -P /home/runner/ycsb-mongodb-binding-0.17.0/workloads/workloadc -p mongodb.url=mongodb://127.0.0.1:27017/ycsb?w=1 -p measurementtype=raw -p measurement.raw.output_file=/home/runner/work/The-Omni-Compass/The-Omni-Compass/out/ycsb-c/rep-3/native/notch-8.raw -p recordcount=1500000 -p operationcount=1000000000 -p maxexecutiontime=30 -p target=3000 -p threads=32 -p insertstart=0 -p insertorder=ordered -p requestdistribution=uniform -p seed=100307
mongo client connection created with mongodb://127.0.0.1:27017/ycsb?w=1
Raw data measurement: will output to result file: /home/runner/work/The-Omni-Compass/The-Omni-Compass/out/ycsb-c/rep-3/native/notch-8.raw
Raw data measurement: will output to result file: /home/runner/work/The-Omni-Compass/The-Omni-Compass/out/ycsb-c/rep-3/native/notch-8.raw
[OVERALL], RunTime(ms), 30003
[OVERALL], Throughput(ops/sec), 2964.236909642369
[TOTAL_GCS_G1_Young_Generation], Count, 17
[TOTAL_GC_TIME_G1_Young_Generation], Time(ms), 98
[TOTAL_GC_TIME_%_G1_Young_Generation], Time(%), 0.32663400326634
[TOTAL_GCS_G1_Old_Generation], Count, 0
[TOTAL_GC_TIME_G1_Old_Generation], Time(ms), 0
[TOTAL_GC_TIME_%_G1_Old_Generation], Time(%), 0.0
[TOTAL_GCs], Count, 17
[TOTAL_GC_TIME], Time(ms), 98
[TOTAL_GC_TIME_%], Time(%), 0.32663400326634
[READ], Total Operations, 88936
[READ], Below is a summary of latency in microseconds:, -1
[READ], Average, 223.96259107672932
[READ], Min, 135
[READ], Max, 51999
[READ], p1, 150
[READ], p5, 154
[READ], p50, 193
[READ], p90, 353
[READ], p95, 436
[READ], p99, 585
[READ], p99.9, 2451
[READ], p99.99, 6581
[READ], Return=OK, 88936
[CLEANUP], Total Operations, 1
[CLEANUP], Below is a summary of latency in microseconds:, -1
[CLEANUP], Average, 1215.0
[CLEANUP], Min, 1215
[CLEANUP], Max, 1215
[CLEANUP], p1, 1215
[CLEANUP], p5, 1215
[CLEANUP], p50, 1215
[CLEANUP], p90, 1215
[CLEANUP], p95, 1215
[CLEANUP], p99, 1215
[CLEANUP], p99.9, 1215
[CLEANUP], p99.99, 1215

Command line: -t -db site.ycsb.db.MongoDbClient -s -P /home/runner/ycsb-mongodb-binding-0.17.0/workloads/workloadc -p mongodb.url=mongodb://127.0.0.1:27017/ycsb?w=1 -p measurementtype=raw -p measurement.raw.output_file=/home/runner/work/The-Omni-Compass/The-Omni-Compass/out/ycsb-c/rep-3/native/notch-8.raw -p recordcount=1500000 -p operationcount=1000000000 -p maxexecutiontime=30 -p target=3000 -p threads=32 -p insertstart=0 -p insertorder=ordered -p requestdistribution=uniform -p seed=100307
YCSB Client 0.17.0

Loading workload...
Starting test.
Maximum execution time specified as: 30 secs
2026-10-10 03:48:20:987 0 sec: 0 operations; est completion in 0 second 
DBWrapper: report latency for each error is false and specific error codes to track for latency are: []
2026-10-10 03:48:30:942 10 sec: 28932 operations; 2893.2 current ops/sec; est completion in 4 days READ count: 28934, average latency(us): 262.56 
2026-10-10 03:48:40:942 20 sec: 58933 operations; 3000.1 current ops/sec; est completion in 3 days 22 hours READ count: 29999, average latency(us): 209.75 
2026-10-10 03:48:50:942 30 sec: 88933 operations; 3000 current ops/sec; est completion in 3 days 21 hours READ count: 30000, average latency(us): 200.95 
Maximum time elapsed. Requesting stop for the workload.
Stop requested for workload. Now Joining!
2026-10-10 03:48:50:945 30 sec: 88936 operations; 1000 current ops/sec; est completion in 3 days 21 hours READ count: 3, average latency(us): 216.00 CLEANUP count: 1, average latency(us): 1215.00 


/opt/hostedtoolcache/Java_Temurin-Hotspot_jdk/17.0.20-1/x64/bin/java  -classpath /home/runner/ycsb-mongodb-binding-0.17.0/conf:/home/runner/ycsb-mongodb-binding-0.17.0/lib/HdrHistogram-2.1.4.jar:/home/runner/ycsb-mongodb-binding-0.17.0/lib/core-0.17.0.jar:/home/runner/ycsb-mongodb-binding-0.17.0/lib/htrace-core4-4.1.0-incubating.jar:/home/runner/ycsb-mongodb-binding-0.17.0/lib/jackson-core-asl-1.9.4.jar:/home/runner/ycsb-mongodb-binding-0.17.0/lib/jackson-mapper-asl-1.9.4.jar:/home/runner/ycsb-mongodb-binding-0.17.0/lib/logback-classic-1.1.2.jar:/home/runner/ycsb-mongodb-binding-0.17.0/lib/logback-core-1.1.2.jar:/home/runner/ycsb-mongodb-binding-0.17.0/lib/mongo-java-driver-3.8.0.jar:/home/runner/ycsb-mongodb-binding-0.17.0/lib/mongodb-async-driver-2.0.1.jar:/home/runner/ycsb-mongodb-binding-0.17.0/lib/mongodb-binding-0.17.0.jar:/home/runner/ycsb-mongodb-binding-0.17.0/lib/slf4j-api-1.7.25.jar:/home/runner/ycsb-mongodb-binding-0.17.0/lib/snappy-java-1.1.7.1.jar site.ycsb.Client -t -db site.ycsb.db.MongoDbClient -s -P /home/runner/ycsb-mongodb-binding-0.17.0/workloads/workloadc -p mongodb.url=mongodb://127.0.0.1:27017/ycsb?w=1 -p measurementtype=raw -p measurement.raw.output_file=/home/runner/work/The-Omni-Compass/The-Omni-Compass/out/ycsb-c/rep-3/native/notch-9.raw -p recordcount=1250000 -p operationcount=1000000000 -p maxexecutiontime=30 -p target=3000 -p threads=32 -p insertstart=0 -p insertorder=ordered -p requestdistribution=uniform -p seed=100308
mongo client connection created with mongodb://127.0.0.1:27017/ycsb?w=1
Raw data measurement: will output to result file: /home/runner/work/The-Omni-Compass/The-Omni-Compass/out/ycsb-c/rep-3/native/notch-9.raw
Raw data measurement: will output to result file: /home/runner/work/The-Omni-Compass/The-Omni-Compass/out/ycsb-c/rep-3/native/notch-9.raw
[OVERALL], RunTime(ms), 30003
[OVERALL], Throughput(ops/sec), 2964.2702396427026
[TOTAL_GCS_G1_Young_Generation], Count, 17
[TOTAL_GC_TIME_G1_Young_Generation], Time(ms), 95
[TOTAL_GC_TIME_%_G1_Young_Generation], Time(%), 0.31663500316635007
[TOTAL_GCS_G1_Old_Generation], Count, 0
[TOTAL_GC_TIME_G1_Old_Generation], Time(ms), 0
[TOTAL_GC_TIME_%_G1_Old_Generation], Time(%), 0.0
[TOTAL_GCs], Count, 17
[TOTAL_GC_TIME], Time(ms), 95
[TOTAL_GC_TIME_%], Time(%), 0.31663500316635007
[READ], Total Operations, 88937
[READ], Below is a summary of latency in microseconds:, -1
[READ], Average, 198.89184478900796
[READ], Min, 128
[READ], Max, 49922
[READ], p1, 150
[READ], p5, 154
[READ], p50, 189
[READ], p90, 230
[READ], p95, 254
[READ], p99, 418
[READ], p99.9, 1011
[READ], p99.99, 5854
[READ], Return=OK, 88937
[CLEANUP], Total Operations, 1
[CLEANUP], Below is a summary of latency in microseconds:, -1
[CLEANUP], Average, 1248.0
[CLEANUP], Min, 1248
[CLEANUP], Max, 1248
[CLEANUP], p1, 1248
[CLEANUP], p5, 1248
[CLEANUP], p50, 1248
[CLEANUP], p90, 1248
[CLEANUP], p95, 1248
[CLEANUP], p99, 1248
[CLEANUP], p99.9, 1248
[CLEANUP], p99.99, 1248

Command line: -t -db site.ycsb.db.MongoDbClient -s -P /home/runner/ycsb-mongodb-binding-0.17.0/workloads/workloadc -p mongodb.url=mongodb://127.0.0.1:27017/ycsb?w=1 -p measurementtype=raw -p measurement.raw.output_file=/home/runner/work/The-Omni-Compass/The-Omni-Compass/out/ycsb-c/rep-3/native/notch-9.raw -p recordcount=1250000 -p operationcount=1000000000 -p maxexecutiontime=30 -p target=3000 -p threads=32 -p insertstart=0 -p insertorder=ordered -p requestdistribution=uniform -p seed=100308
YCSB Client 0.17.0

Loading workload...
Starting test.
Maximum execution time specified as: 30 secs
2026-10-10 03:48:51:662 0 sec: 0 operations; est completion in 0 second 
DBWrapper: report latency for each error is false and specific error codes to track for latency are: []
2026-10-10 03:49:01:619 10 sec: 28936 operations; 2893.6 current ops/sec; est completion in 3 days 23 hours READ count: 28939, average latency(us): 219.48 
2026-10-10 03:49:11:619 20 sec: 58936 operations; 3000 current ops/sec; est completion in 3 days 22 hours READ count: 29997, average latency(us): 192.23 
Maximum time elapsed. Requesting stop for the workload.
Stop requested for workload. Now Joining!
2026-10-10 03:49:21:619 30 sec: 88936 operations; 3000 current ops/sec; est completion in 3 days 21 hours READ count: 30000, average latency(us): 185.69 
2026-10-10 03:49:21:621 30 sec: 88937 operations; 500 current ops/sec; est completion in 3 days 21 hours READ count: 1, average latency(us): 385.00 CLEANUP count: 1, average latency(us): 1248.00 


/opt/hostedtoolcache/Java_Temurin-Hotspot_jdk/17.0.20-1/x64/bin/java  -classpath /home/runner/ycsb-mongodb-binding-0.17.0/conf:/home/runner/ycsb-mongodb-binding-0.17.0/lib/HdrHistogram-2.1.4.jar:/home/runner/ycsb-mongodb-binding-0.17.0/lib/core-0.17.0.jar:/home/runner/ycsb-mongodb-binding-0.17.0/lib/htrace-core4-4.1.0-incubating.jar:/home/runner/ycsb-mongodb-binding-0.17.0/lib/jackson-core-asl-1.9.4.jar:/home/runner/ycsb-mongodb-binding-0.17.0/lib/jackson-mapper-asl-1.9.4.jar:/home/runner/ycsb-mongodb-binding-0.17.0/lib/logback-classic-1.1.2.jar:/home/runner/ycsb-mongodb-binding-0.17.0/lib/logback-core-1.1.2.jar:/home/runner/ycsb-mongodb-binding-0.17.0/lib/mongo-java-driver-3.8.0.jar:/home/runner/ycsb-mongodb-binding-0.17.0/lib/mongodb-async-driver-2.0.1.jar:/home/runner/ycsb-mongodb-binding-0.17.0/lib/mongodb-binding-0.17.0.jar:/home/runner/ycsb-mongodb-binding-0.17.0/lib/slf4j-api-1.7.25.jar:/home/runner/ycsb-mongodb-binding-0.17.0/lib/snappy-java-1.1.7.1.jar site.ycsb.Client -t -db site.ycsb.db.MongoDbClient -s -P /home/runner/ycsb-mongodb-binding-0.17.0/workloads/workloadc -p mongodb.url=mongodb://127.0.0.1:27017/ycsb?w=1 -p measurementtype=raw -p measurement.raw.output_file=/home/runner/work/The-Omni-Compass/The-Omni-Compass/out/ycsb-c/rep-3/native/notch-10.raw -p recordcount=1000000 -p operationcount=1000000000 -p maxexecutiontime=30 -p target=3000 -p threads=32 -p insertstart=0 -p insertorder=ordered -p requestdistribution=uniform -p seed=100309
mongo client connection created with mongodb://127.0.0.1:27017/ycsb?w=1
Raw data measurement: will output to result file: /home/runner/work/The-Omni-Compass/The-Omni-Compass/out/ycsb-c/rep-3/native/notch-10.raw
Raw data measurement: will output to result file: /home/runner/work/The-Omni-Compass/The-Omni-Compass/out/ycsb-c/rep-3/native/notch-10.raw
[OVERALL], RunTime(ms), 30003
[OVERALL], Throughput(ops/sec), 2962.437089624371
[TOTAL_GCS_G1_Young_Generation], Count, 17
[TOTAL_GC_TIME_G1_Young_Generation], Time(ms), 102
[TOTAL_GC_TIME_%_G1_Young_Generation], Time(%), 0.33996600339966004
[TOTAL_GCS_G1_Old_Generation], Count, 0
[TOTAL_GC_TIME_G1_Old_Generation], Time(ms), 0
[TOTAL_GC_TIME_%_G1_Old_Generation], Time(%), 0.0
[TOTAL_GCs], Count, 17
[TOTAL_GC_TIME], Time(ms), 102
[TOTAL_GC_TIME_%], Time(%), 0.33996600339966004
[READ], Total Operations, 88882
[READ], Below is a summary of latency in microseconds:, -1
[READ], Average, 202.7236673342184
[READ], Min, 138
[READ], Max, 47490
[READ], p1, 150
[READ], p5, 154
[READ], p50, 192
[READ], p90, 243
[READ], p95, 266
[READ], p99, 401
[READ], p99.9, 1065
[READ], p99.99, 7068
[READ], Return=OK, 88882
[CLEANUP], Total Operations, 1
[CLEANUP], Below is a summary of latency in microseconds:, -1
[CLEANUP], Average, 1131.0
[CLEANUP], Min, 1131
[CLEANUP], Max, 1131
[CLEANUP], p1, 1131
[CLEANUP], p5, 1131
[CLEANUP], p50, 1131
[CLEANUP], p90, 1131
[CLEANUP], p95, 1131
[CLEANUP], p99, 1131
[CLEANUP], p99.9, 1131
[CLEANUP], p99.99, 1131

Command line: -t -db site.ycsb.db.MongoDbClient -s -P /home/runner/ycsb-mongodb-binding-0.17.0/workloads/workloadc -p mongodb.url=mongodb://127.0.0.1:27017/ycsb?w=1 -p measurementtype=raw -p measurement.raw.output_file=/home/runner/work/The-Omni-Compass/The-Omni-Compass/out/ycsb-c/rep-3/native/notch-10.raw -p recordcount=1000000 -p operationcount=1000000000 -p maxexecutiontime=30 -p target=3000 -p threads=32 -p insertstart=0 -p insertorder=ordered -p requestdistribution=uniform -p seed=100309
YCSB Client 0.17.0

Loading workload...
Starting test.
Maximum execution time specified as: 30 secs
2026-10-10 03:49:22:339 0 sec: 0 operations; est completion in 0 second 
DBWrapper: report latency for each error is false and specific error codes to track for latency are: []
2026-10-10 03:49:32:299 10 sec: 28879 operations; 2887.9 current ops/sec; est completion in 4 days READ count: 28881, average latency(us): 227.44 
2026-10-10 03:49:42:298 20 sec: 58879 operations; 3000 current ops/sec; est completion in 3 days 22 hours READ count: 29998, average latency(us): 187.80 
2026-10-10 03:49:52:298 30 sec: 88879 operations; 3000 current ops/sec; est completion in 3 days 21 hours READ count: 30001, average latency(us): 193.86 
Maximum time elapsed. Requesting stop for the workload.
Stop requested for workload. Now Joining!
2026-10-10 03:49:52:301 30 sec: 88882 operations; 1000 current ops/sec; est completion in 3 days 21 hours READ count: 2, average latency(us): 208.00 CLEANUP count: 1, average latency(us): 1131.00 


/opt/hostedtoolcache/Java_Temurin-Hotspot_jdk/17.0.20-1/x64/bin/java  -classpath /home/runner/ycsb-mongodb-binding-0.17.0/conf:/home/runner/ycsb-mongodb-binding-0.17.0/lib/HdrHistogram-2.1.4.jar:/home/runner/ycsb-mongodb-binding-0.17.0/lib/core-0.17.0.jar:/home/runner/ycsb-mongodb-binding-0.17.0/lib/htrace-core4-4.1.0-incubating.jar:/home/runner/ycsb-mongodb-binding-0.17.0/lib/jackson-core-asl-1.9.4.jar:/home/runner/ycsb-mongodb-binding-0.17.0/lib/jackson-mapper-asl-1.9.4.jar:/home/runner/ycsb-mongodb-binding-0.17.0/lib/logback-classic-1.1.2.jar:/home/runner/ycsb-mongodb-binding-0.17.0/lib/logback-core-1.1.2.jar:/home/runner/ycsb-mongodb-binding-0.17.0/lib/mongo-java-driver-3.8.0.jar:/home/runner/ycsb-mongodb-binding-0.17.0/lib/mongodb-async-driver-2.0.1.jar:/home/runner/ycsb-mongodb-binding-0.17.0/lib/mongodb-binding-0.17.0.jar:/home/runner/ycsb-mongodb-binding-0.17.0/lib/slf4j-api-1.7.25.jar:/home/runner/ycsb-mongodb-binding-0.17.0/lib/snappy-java-1.1.7.1.jar site.ycsb.Client -t -db site.ycsb.db.MongoDbClient -s -P /home/runner/ycsb-mongodb-binding-0.17.0/workloads/workloadc -p mongodb.url=mongodb://127.0.0.1:27017/ycsb?w=1 -p measurementtype=raw -p measurement.raw.output_file=/home/runner/work/The-Omni-Compass/The-Omni-Compass/out/ycsb-c/rep-3/native/notch-11.raw -p recordcount=750000 -p operationcount=1000000000 -p maxexecutiontime=30 -p target=3000 -p threads=32 -p insertstart=0 -p insertorder=ordered -p requestdistribution=uniform -p seed=100310
mongo client connection created with mongodb://127.0.0.1:27017/ycsb?w=1
Raw data measurement: will output to result file: /home/runner/work/The-Omni-Compass/The-Omni-Compass/out/ycsb-c/rep-3/native/notch-11.raw
Raw data measurement: will output to result file: /home/runner/work/The-Omni-Compass/The-Omni-Compass/out/ycsb-c/rep-3/native/notch-11.raw
[OVERALL], RunTime(ms), 30004
[OVERALL], Throughput(ops/sec), 2962.8382882282363
[TOTAL_GCS_G1_Young_Generation], Count, 17
[TOTAL_GC_TIME_G1_Young_Generation], Time(ms), 95
[TOTAL_GC_TIME_%_G1_Young_Generation], Time(%), 0.31662445007332357
[TOTAL_GCS_G1_Old_Generation], Count, 0
[TOTAL_GC_TIME_G1_Old_Generation], Time(ms), 0
[TOTAL_GC_TIME_%_G1_Old_Generation], Time(%), 0.0
[TOTAL_GCs], Count, 17
[TOTAL_GC_TIME], Time(ms), 95
[TOTAL_GC_TIME_%], Time(%), 0.31662445007332357
[READ], Total Operations, 88897
[READ], Below is a summary of latency in microseconds:, -1
[READ], Average, 201.85791421532784
[READ], Min, 132
[READ], Max, 51081
[READ], p1, 150
[READ], p5, 153
[READ], p50, 192
[READ], p90, 241
[READ], p95, 265
[READ], p99, 405
[READ], p99.9, 1035
[READ], p99.99, 6794
[READ], Return=OK, 88897
[CLEANUP], Total Operations, 1
[CLEANUP], Below is a summary of latency in microseconds:, -1
[CLEANUP], Average, 1138.0
[CLEANUP], Min, 1138
[CLEANUP], Max, 1138
[CLEANUP], p1, 1138
[CLEANUP], p5, 1138
[CLEANUP], p50, 1138
[CLEANUP], p90, 1138
[CLEANUP], p95, 1138
[CLEANUP], p99, 1138
[CLEANUP], p99.9, 1138
[CLEANUP], p99.99, 1138

Command line: -t -db site.ycsb.db.MongoDbClient -s -P /home/runner/ycsb-mongodb-binding-0.17.0/workloads/workloadc -p mongodb.url=mongodb://127.0.0.1:27017/ycsb?w=1 -p measurementtype=raw -p measurement.raw.output_file=/home/runner/work/The-Omni-Compass/The-Omni-Compass/out/ycsb-c/rep-3/native/notch-11.raw -p recordcount=750000 -p operationcount=1000000000 -p maxexecutiontime=30 -p target=3000 -p threads=32 -p insertstart=0 -p insertorder=ordered -p requestdistribution=uniform -p seed=100310
YCSB Client 0.17.0

Loading workload...
Starting test.
Maximum execution time specified as: 30 secs
2026-10-10 03:49:53:033 0 sec: 0 operations; est completion in 0 second 
DBWrapper: report latency for each error is false and specific error codes to track for latency are: []
2026-10-10 03:50:02:990 10 sec: 28891 operations; 2889.1 current ops/sec; est completion in 4 days READ count: 28893, average latency(us): 226.15 
2026-10-10 03:50:12:990 20 sec: 58891 operations; 3000 current ops/sec; est completion in 3 days 22 hours READ count: 29999, average latency(us): 193.12 
2026-10-10 03:50:22:990 30 sec: 88891 operations; 3000 current ops/sec; est completion in 3 days 21 hours READ count: 30000, average latency(us): 187.19 
Maximum time elapsed. Requesting stop for the workload.
Stop requested for workload. Now Joining!
2026-10-10 03:50:22:994 30 sec: 88897 operations; 2000 current ops/sec; est completion in 3 days 21 hours READ count: 5, average latency(us): 210.20 CLEANUP count: 1, average latency(us): 1138.00 


/opt/hostedtoolcache/Java_Temurin-Hotspot_jdk/17.0.20-1/x64/bin/java  -classpath /home/runner/ycsb-mongodb-binding-0.17.0/conf:/home/runner/ycsb-mongodb-binding-0.17.0/lib/HdrHistogram-2.1.4.jar:/home/runner/ycsb-mongodb-binding-0.17.0/lib/core-0.17.0.jar:/home/runner/ycsb-mongodb-binding-0.17.0/lib/htrace-core4-4.1.0-incubating.jar:/home/runner/ycsb-mongodb-binding-0.17.0/lib/jackson-core-asl-1.9.4.jar:/home/runner/ycsb-mongodb-binding-0.17.0/lib/jackson-mapper-asl-1.9.4.jar:/home/runner/ycsb-mongodb-binding-0.17.0/lib/logback-classic-1.1.2.jar:/home/runner/ycsb-mongodb-binding-0.17.0/lib/logback-core-1.1.2.jar:/home/runner/ycsb-mongodb-binding-0.17.0/lib/mongo-java-driver-3.8.0.jar:/home/runner/ycsb-mongodb-binding-0.17.0/lib/mongodb-async-driver-2.0.1.jar:/home/runner/ycsb-mongodb-binding-0.17.0/lib/mongodb-binding-0.17.0.jar:/home/runner/ycsb-mongodb-binding-0.17.0/lib/slf4j-api-1.7.25.jar:/home/runner/ycsb-mongodb-binding-0.17.0/lib/snappy-java-1.1.7.1.jar site.ycsb.Client -t -db site.ycsb.db.MongoDbClient -s -P /home/runner/ycsb-mongodb-binding-0.17.0/workloads/workloadc -p mongodb.url=mongodb://127.0.0.1:27017/ycsb?w=1 -p measurementtype=raw -p measurement.raw.output_file=/home/runner/work/The-Omni-Compass/The-Omni-Compass/out/ycsb-c/rep-3/native/notch-12.raw -p recordcount=500000 -p operationcount=1000000000 -p maxexecutiontime=30 -p target=3000 -p threads=32 -p insertstart=0 -p insertorder=ordered -p requestdistribution=uniform -p seed=100311
mongo client connection created with mongodb://127.0.0.1:27017/ycsb?w=1
Raw data measurement: will output to result file: /home/runner/work/The-Omni-Compass/The-Omni-Compass/out/ycsb-c/rep-3/native/notch-12.raw
Raw data measurement: will output to result file: /home/runner/work/The-Omni-Compass/The-Omni-Compass/out/ycsb-c/rep-3/native/notch-12.raw
[OVERALL], RunTime(ms), 30004
[OVERALL], Throughput(ops/sec), 2964.5047327023062
[TOTAL_GCS_G1_Young_Generation], Count, 17
[TOTAL_GC_TIME_G1_Young_Generation], Time(ms), 100
[TOTAL_GC_TIME_%_G1_Young_Generation], Time(%), 0.3332888948140248
[TOTAL_GCS_G1_Old_Generation], Count, 0
[TOTAL_GC_TIME_G1_Old_Generation], Time(ms), 0
[TOTAL_GC_TIME_%_G1_Old_Generation], Time(%), 0.0
[TOTAL_GCs], Count, 17
[TOTAL_GC_TIME], Time(ms), 100
[TOTAL_GC_TIME_%], Time(%), 0.3332888948140248
[READ], Total Operations, 88947
[READ], Below is a summary of latency in microseconds:, -1
[READ], Average, 193.4568113595737
[READ], Min, 131
[READ], Max, 52483
[READ], p1, 148
[READ], p5, 151
[READ], p50, 182
[READ], p90, 234
[READ], p95, 256
[READ], p99, 406
[READ], p99.9, 1016
[READ], p99.99, 7150
[READ], Return=OK, 88947
[CLEANUP], Total Operations, 1
[CLEANUP], Below is a summary of latency in microseconds:, -1
[CLEANUP], Average, 1350.0
[CLEANUP], Min, 1350
[CLEANUP], Max, 1350
[CLEANUP], p1, 1350
[CLEANUP], p5, 1350
[CLEANUP], p50, 1350
[CLEANUP], p90, 1350
[CLEANUP], p95, 1350
[CLEANUP], p99, 1350
[CLEANUP], p99.9, 1350
[CLEANUP], p99.99, 1350

Command line: -t -db site.ycsb.db.MongoDbClient -s -P /home/runner/ycsb-mongodb-binding-0.17.0/workloads/workloadc -p mongodb.url=mongodb://127.0.0.1:27017/ycsb?w=1 -p measurementtype=raw -p measurement.raw.output_file=/home/runner/work/The-Omni-Compass/The-Omni-Compass/out/ycsb-c/rep-3/native/notch-12.raw -p recordcount=500000 -p operationcount=1000000000 -p maxexecutiontime=30 -p target=3000 -p threads=32 -p insertstart=0 -p insertorder=ordered -p requestdistribution=uniform -p seed=100311
YCSB Client 0.17.0

Loading workload...
Starting test.
Maximum execution time specified as: 30 secs
2026-10-10 03:50:23:709 0 sec: 0 operations; est completion in 0 second 
DBWrapper: report latency for each error is false and specific error codes to track for latency are: []
2026-10-10 03:50:33:667 10 sec: 28943 operations; 2894.01 current ops/sec; est completion in 3 days 23 hours READ count: 28946, average latency(us): 217.47 
2026-10-10 03:50:43:667 20 sec: 58943 operations; 3000 current ops/sec; est completion in 3 days 22 hours READ count: 29998, average latency(us): 182.23 
2026-10-10 03:50:53:667 30 sec: 88944 operations; 3000.1 current ops/sec; est completion in 3 days 21 hours READ count: 30000, average latency(us): 181.51 
Maximum time elapsed. Requesting stop for the workload.
Stop requested for workload. Now Joining!
2026-10-10 03:50:53:670 30 sec: 88947 operations; 1000 current ops/sec; est completion in 3 days 21 hours READ count: 3, average latency(us): 209.67 CLEANUP count: 1, average latency(us): 1350.00 


/opt/hostedtoolcache/Java_Temurin-Hotspot_jdk/17.0.20-1/x64/bin/java  -classpath /home/runner/ycsb-mongodb-binding-0.17.0/conf:/home/runner/ycsb-mongodb-binding-0.17.0/lib/HdrHistogram-2.1.4.jar:/home/runner/ycsb-mongodb-binding-0.17.0/lib/core-0.17.0.jar:/home/runner/ycsb-mongodb-binding-0.17.0/lib/htrace-core4-4.1.0-incubating.jar:/home/runner/ycsb-mongodb-binding-0.17.0/lib/jackson-core-asl-1.9.4.jar:/home/runner/ycsb-mongodb-binding-0.17.0/lib/jackson-mapper-asl-1.9.4.jar:/home/runner/ycsb-mongodb-binding-0.17.0/lib/logback-classic-1.1.2.jar:/home/runner/ycsb-mongodb-binding-0.17.0/lib/logback-core-1.1.2.jar:/home/runner/ycsb-mongodb-binding-0.17.0/lib/mongo-java-driver-3.8.0.jar:/home/runner/ycsb-mongodb-binding-0.17.0/lib/mongodb-async-driver-2.0.1.jar:/home/runner/ycsb-mongodb-binding-0.17.0/lib/mongodb-binding-0.17.0.jar:/home/runner/ycsb-mongodb-binding-0.17.0/lib/slf4j-api-1.7.25.jar:/home/runner/ycsb-mongodb-binding-0.17.0/lib/snappy-java-1.1.7.1.jar site.ycsb.Client -t -db site.ycsb.db.MongoDbClient -s -P /home/runner/ycsb-mongodb-binding-0.17.0/workloads/workloadc -p mongodb.url=mongodb://127.0.0.1:27017/ycsb?w=1 -p measurementtype=raw -p measurement.raw.output_file=/home/runner/work/The-Omni-Compass/The-Omni-Compass/out/ycsb-c/rep-3/native/notch-13.raw -p recordcount=250000 -p operationcount=1000000000 -p maxexecutiontime=30 -p target=3000 -p threads=32 -p insertstart=0 -p insertorder=ordered -p requestdistribution=uniform -p seed=100312
mongo client connection created with mongodb://127.0.0.1:27017/ycsb?w=1
Raw data measurement: will output to result file: /home/runner/work/The-Omni-Compass/The-Omni-Compass/out/ycsb-c/rep-3/native/notch-13.raw
Raw data measurement: will output to result file: /home/runner/work/The-Omni-Compass/The-Omni-Compass/out/ycsb-c/rep-3/native/notch-13.raw
[OVERALL], RunTime(ms), 30003
[OVERALL], Throughput(ops/sec), 2963.4036596340366
[TOTAL_GCS_G1_Young_Generation], Count, 17
[TOTAL_GC_TIME_G1_Young_Generation], Time(ms), 98
[TOTAL_GC_TIME_%_G1_Young_Generation], Time(%), 0.32663400326634
[TOTAL_GCS_G1_Old_Generation], Count, 0
[TOTAL_GC_TIME_G1_Old_Generation], Time(ms), 0
[TOTAL_GC_TIME_%_G1_Old_Generation], Time(%), 0.0
[TOTAL_GCs], Count, 17
[TOTAL_GC_TIME], Time(ms), 98
[TOTAL_GC_TIME_%], Time(%), 0.32663400326634
[READ], Total Operations, 88911
[READ], Below is a summary of latency in microseconds:, -1
[READ], Average, 189.74940108647974
[READ], Min, 129
[READ], Max, 47668
[READ], p1, 147
[READ], p5, 150
[READ], p50, 187
[READ], p90, 221
[READ], p95, 247
[READ], p99, 375
[READ], p99.9, 984
[READ], p99.99, 6064
[READ], Return=OK, 88911
[CLEANUP], Total Operations, 1
[CLEANUP], Below is a summary of latency in microseconds:, -1
[CLEANUP], Average, 1130.0
[CLEANUP], Min, 1130
[CLEANUP], Max, 1130
[CLEANUP], p1, 1130
[CLEANUP], p5, 1130
[CLEANUP], p50, 1130
[CLEANUP], p90, 1130
[CLEANUP], p95, 1130
[CLEANUP], p99, 1130
[CLEANUP], p99.9, 1130
[CLEANUP], p99.99, 1130

Command line: -t -db site.ycsb.db.MongoDbClient -s -P /home/runner/ycsb-mongodb-binding-0.17.0/workloads/workloadc -p mongodb.url=mongodb://127.0.0.1:27017/ycsb?w=1 -p measurementtype=raw -p measurement.raw.output_file=/home/runner/work/The-Omni-Compass/The-Omni-Compass/out/ycsb-c/rep-3/native/notch-13.raw -p recordcount=250000 -p operationcount=1000000000 -p maxexecutiontime=30 -p target=3000 -p threads=32 -p insertstart=0 -p insertorder=ordered -p requestdistribution=uniform -p seed=100312
YCSB Client 0.17.0

Loading workload...
Starting test.
Maximum execution time specified as: 30 secs
2026-10-10 03:50:54:364 0 sec: 0 operations; est completion in 0 second 
DBWrapper: report latency for each error is false and specific error codes to track for latency are: []
2026-10-10 03:51:04:322 10 sec: 28907 operations; 2890.7 current ops/sec; est completion in 4 days READ count: 28909, average latency(us): 213.64 
2026-10-10 03:51:14:322 20 sec: 58907 operations; 3000 current ops/sec; est completion in 3 days 22 hours READ count: 29999, average latency(us): 174.16 
2026-10-10 03:51:24:322 30 sec: 88907 operations; 3000 current ops/sec; est completion in 3 days 21 hours READ count: 30000, average latency(us): 182.32 
Maximum time elapsed. Requesting stop for the workload.
Stop requested for workload. Now Joining!
2026-10-10 03:51:24:324 30 sec: 88911 operations; 1333.33 current ops/sec; est completion in 3 days 21 hours READ count: 3, average latency(us): 194.33 CLEANUP count: 1, average latency(us): 1130.00 


/opt/hostedtoolcache/Java_Temurin-Hotspot_jdk/17.0.20-1/x64/bin/java  -classpath /home/runner/ycsb-mongodb-binding-0.17.0/conf:/home/runner/ycsb-mongodb-binding-0.17.0/lib/HdrHistogram-2.1.4.jar:/home/runner/ycsb-mongodb-binding-0.17.0/lib/core-0.17.0.jar:/home/runner/ycsb-mongodb-binding-0.17.0/lib/htrace-core4-4.1.0-incubating.jar:/home/runner/ycsb-mongodb-binding-0.17.0/lib/jackson-core-asl-1.9.4.jar:/home/runner/ycsb-mongodb-binding-0.17.0/lib/jackson-mapper-asl-1.9.4.jar:/home/runner/ycsb-mongodb-binding-0.17.0/lib/logback-classic-1.1.2.jar:/home/runner/ycsb-mongodb-binding-0.17.0/lib/logback-core-1.1.2.jar:/home/runner/ycsb-mongodb-binding-0.17.0/lib/mongo-java-driver-3.8.0.jar:/home/runner/ycsb-mongodb-binding-0.17.0/lib/mongodb-async-driver-2.0.1.jar:/home/runner/ycsb-mongodb-binding-0.17.0/lib/mongodb-binding-0.17.0.jar:/home/runner/ycsb-mongodb-binding-0.17.0/lib/slf4j-api-1.7.25.jar:/home/runner/ycsb-mongodb-binding-0.17.0/lib/snappy-java-1.1.7.1.jar site.ycsb.Client -t -db site.ycsb.db.MongoDbClient -s -P /home/runner/ycsb-mongodb-binding-0.17.0/workloads/workloadc -p mongodb.url=mongodb://127.0.0.1:27017/ycsb?w=1 -p measurementtype=raw -p measurement.raw.output_file=/home/runner/work/The-Omni-Compass/The-Omni-Compass/out/ycsb-c/rep-3/native/notch-14.raw -p recordcount=500000 -p operationcount=1000000000 -p maxexecutiontime=30 -p target=3000 -p threads=32 -p insertstart=0 -p insertorder=ordered -p requestdistribution=uniform -p seed=100313
mongo client connection created with mongodb://127.0.0.1:27017/ycsb?w=1
Raw data measurement: will output to result file: /home/runner/work/The-Omni-Compass/The-Omni-Compass/out/ycsb-c/rep-3/native/notch-14.raw
Raw data measurement: will output to result file: /home/runner/work/The-Omni-Compass/The-Omni-Compass/out/ycsb-c/rep-3/native/notch-14.raw
[OVERALL], RunTime(ms), 30006
[OVERALL], Throughput(ops/sec), 2964.5737519162835
[TOTAL_GCS_G1_Young_Generation], Count, 17
[TOTAL_GC_TIME_G1_Young_Generation], Time(ms), 96
[TOTAL_GC_TIME_%_G1_Young_Generation], Time(%), 0.3199360127974405
[TOTAL_GCS_G1_Old_Generation], Count, 0
[TOTAL_GC_TIME_G1_Old_Generation], Time(ms), 0
[TOTAL_GC_TIME_%_G1_Old_Generation], Time(%), 0.0
[TOTAL_GCs], Count, 17
[TOTAL_GC_TIME], Time(ms), 96
[TOTAL_GC_TIME_%], Time(%), 0.3199360127974405
[READ], Total Operations, 88955
[READ], Below is a summary of latency in microseconds:, -1
[READ], Average, 195.53913776628633
[READ], Min, 129
[READ], Max, 53322
[READ], p1, 148
[READ], p5, 151
[READ], p50, 189
[READ], p90, 231
[READ], p95, 251
[READ], p99, 367
[READ], p99.9, 938
[READ], p99.99, 6726
[READ], Return=OK, 88955
[CLEANUP], Total Operations, 1
[CLEANUP], Below is a summary of latency in microseconds:, -1
[CLEANUP], Average, 1275.0
[CLEANUP], Min, 1275
[CLEANUP], Max, 1275
[CLEANUP], p1, 1275
[CLEANUP], p5, 1275
[CLEANUP], p50, 1275
[CLEANUP], p90, 1275
[CLEANUP], p95, 1275
[CLEANUP], p99, 1275
[CLEANUP], p99.9, 1275
[CLEANUP], p99.99, 1275

Command line: -t -db site.ycsb.db.MongoDbClient -s -P /home/runner/ycsb-mongodb-binding-0.17.0/workloads/workloadc -p mongodb.url=mongodb://127.0.0.1:27017/ycsb?w=1 -p measurementtype=raw -p measurement.raw.output_file=/home/runner/work/The-Omni-Compass/The-Omni-Compass/out/ycsb-c/rep-3/native/notch-14.raw -p recordcount=500000 -p operationcount=1000000000 -p maxexecutiontime=30 -p target=3000 -p threads=32 -p insertstart=0 -p insertorder=ordered -p requestdistribution=uniform -p seed=100313
YCSB Client 0.17.0

Loading workload...
Starting test.
Maximum execution time specified as: 30 secs
2026-10-10 03:51:25:033 0 sec: 0 operations; est completion in 0 second 
DBWrapper: report latency for each error is false and specific error codes to track for latency are: []
2026-10-10 03:51:34:986 10 sec: 28943 operations; 2894.3 current ops/sec; est completion in 3 days 23 hours READ count: 28945, average latency(us): 214.93 
2026-10-10 03:51:44:986 20 sec: 58943 operations; 3000 current ops/sec; est completion in 3 days 22 hours READ count: 29999, average latency(us): 186.08 
2026-10-10 03:51:54:986 30 sec: 88943 operations; 3000 current ops/sec; est completion in 3 days 21 hours READ count: 29999, average latency(us): 186.29 
Maximum time elapsed. Requesting stop for the workload.
Stop requested for workload. Now Joining!
2026-10-10 03:51:54:992 30 sec: 88955 operations; 2000 current ops/sec; est completion in 3 days 21 hours READ count: 12, average latency(us): 185.33 CLEANUP count: 1, average latency(us): 1275.00 


/opt/hostedtoolcache/Java_Temurin-Hotspot_jdk/17.0.20-1/x64/bin/java  -classpath /home/runner/ycsb-mongodb-binding-0.17.0/conf:/home/runner/ycsb-mongodb-binding-0.17.0/lib/HdrHistogram-2.1.4.jar:/home/runner/ycsb-mongodb-binding-0.17.0/lib/core-0.17.0.jar:/home/runner/ycsb-mongodb-binding-0.17.0/lib/htrace-core4-4.1.0-incubating.jar:/home/runner/ycsb-mongodb-binding-0.17.0/lib/jackson-core-asl-1.9.4.jar:/home/runner/ycsb-mongodb-binding-0.17.0/lib/jackson-mapper-asl-1.9.4.jar:/home/runner/ycsb-mongodb-binding-0.17.0/lib/logback-classic-1.1.2.jar:/home/runner/ycsb-mongodb-binding-0.17.0/lib/logback-core-1.1.2.jar:/home/runner/ycsb-mongodb-binding-0.17.0/lib/mongo-java-driver-3.8.0.jar:/home/runner/ycsb-mongodb-binding-0.17.0/lib/mongodb-async-driver-2.0.1.jar:/home/runner/ycsb-mongodb-binding-0.17.0/lib/mongodb-binding-0.17.0.jar:/home/runner/ycsb-mongodb-binding-0.17.0/lib/slf4j-api-1.7.25.jar:/home/runner/ycsb-mongodb-binding-0.17.0/lib/snappy-java-1.1.7.1.jar site.ycsb.Client -t -db site.ycsb.db.MongoDbClient -s -P /home/runner/ycsb-mongodb-binding-0.17.0/workloads/workloadc -p mongodb.url=mongodb://127.0.0.1:27017/ycsb?w=1 -p measurementtype=raw -p measurement.raw.output_file=/home/runner/work/The-Omni-Compass/The-Omni-Compass/out/ycsb-c/rep-3/native/notch-15.raw -p recordcount=250000 -p operationcount=1000000000 -p maxexecutiontime=30 -p target=3000 -p threads=32 -p insertstart=0 -p insertorder=ordered -p requestdistribution=uniform -p seed=100314
mongo client connection created with mongodb://127.0.0.1:27017/ycsb?w=1
Raw data measurement: will output to result file: /home/runner/work/The-Omni-Compass/The-Omni-Compass/out/ycsb-c/rep-3/native/notch-15.raw
Raw data measurement: will output to result file: /home/runner/work/The-Omni-Compass/The-Omni-Compass/out/ycsb-c/rep-3/native/notch-15.raw
[OVERALL], RunTime(ms), 30003
[OVERALL], Throughput(ops/sec), 2964.436889644369
[TOTAL_GCS_G1_Young_Generation], Count, 17
[TOTAL_GC_TIME_G1_Young_Generation], Time(ms), 91
[TOTAL_GC_TIME_%_G1_Young_Generation], Time(%), 0.30330300303303004
[TOTAL_GCS_G1_Old_Generation], Count, 0
[TOTAL_GC_TIME_G1_Old_Generation], Time(ms), 0
[TOTAL_GC_TIME_%_G1_Old_Generation], Time(%), 0.0
[TOTAL_GCs], Count, 17
[TOTAL_GC_TIME], Time(ms), 91
[TOTAL_GC_TIME_%], Time(%), 0.30330300303303004
[READ], Total Operations, 88942
[READ], Below is a summary of latency in microseconds:, -1
[READ], Average, 190.80685165613545
[READ], Min, 131
[READ], Max, 50070
[READ], p1, 149
[READ], p5, 151
[READ], p50, 175
[READ], p90, 227
[READ], p95, 252
[READ], p99, 378
[READ], p99.9, 1010
[READ], p99.99, 6722
[READ], Return=OK, 88942
[CLEANUP], Total Operations, 1
[CLEANUP], Below is a summary of latency in microseconds:, -1
[CLEANUP], Average, 1550.0
[CLEANUP], Min, 1550
[CLEANUP], Max, 1550
[CLEANUP], p1, 1550
[CLEANUP], p5, 1550
[CLEANUP], p50, 1550
[CLEANUP], p90, 1550
[CLEANUP], p95, 1550
[CLEANUP], p99, 1550
[CLEANUP], p99.9, 1550
[CLEANUP], p99.99, 1550

Command line: -t -db site.ycsb.db.MongoDbClient -s -P /home/runner/ycsb-mongodb-binding-0.17.0/workloads/workloadc -p mongodb.url=mongodb://127.0.0.1:27017/ycsb?w=1 -p measurementtype=raw -p measurement.raw.output_file=/home/runner/work/The-Omni-Compass/The-Omni-Compass/out/ycsb-c/rep-3/native/notch-15.raw -p recordcount=250000 -p operationcount=1000000000 -p maxexecutiontime=30 -p target=3000 -p threads=32 -p insertstart=0 -p insertorder=ordered -p requestdistribution=uniform -p seed=100314
YCSB Client 0.17.0

Loading workload...
Starting test.
Maximum execution time specified as: 30 secs
2026-10-10 03:51:55:703 0 sec: 0 operations; est completion in 0 second 
DBWrapper: report latency for each error is false and specific error codes to track for latency are: []
2026-10-10 03:52:05:661 10 sec: 28940 operations; 2893.71 current ops/sec; est completion in 3 days 23 hours READ count: 28943, average latency(us): 216.45 
2026-10-10 03:52:15:661 20 sec: 58940 operations; 3000 current ops/sec; est completion in 3 days 22 hours READ count: 29998, average latency(us): 176.81 
Maximum time elapsed. Requesting stop for the workload.
Stop requested for workload. Now Joining!
2026-10-10 03:52:25:661 30 sec: 88940 operations; 3000.3 current ops/sec; est completion in 3 days 21 hours READ count: 30000, average latency(us): 180.06 
2026-10-10 03:52:25:663 30 sec: 88942 operations; 666.67 current ops/sec; est completion in 3 days 21 hours READ count: 1, average latency(us): 304.00 CLEANUP count: 1, average latency(us): 1550.00 
