sysbench 1.0.20 (using system LuaJIT 2.1.0-beta3)

Running the test with following options:
Number of threads: 32
Target transaction rate: 300/sec
Initializing random number generator from current time


Initializing worker threads...

Threads started!

Latency histogram (values are in milliseconds)
       value  ------------- distribution ------------- count
       2.184 |                                         4
       2.223 |*                                        15
       2.264 |****                                     47
       2.305 |********                                 91
       2.347 |************                             131
       2.389 |**************                           148
       2.433 |***************                          157
       2.477 |******************                       199
       2.522 |***************                          165
       2.568 |*************                            144
       2.615 |**************                           146
       2.662 |*************                            142
       2.710 |***************                          157
       2.760 |********************                     219
       2.810 |****************************             301
       2.861 |*******************************          340
       2.913 |***********************************      380
       2.966 |**************************************** 432
       3.020 |**************************************   406
       3.075 |***************************************  423
       3.130 |**********************************       371
       3.187 |*****************************            318
       3.245 |**************************               284
       3.304 |********************                     221
       3.364 |****************                         174
       3.425 |***********                              120
       3.488 |********                                 87
       3.551 |********                                 85
       3.615 |****                                     42
       3.681 |***                                      36
       3.748 |**                                       23
       3.816 |*                                        15
       3.885 |*                                        11
       3.956 |*                                        6
       4.028 |**                                       17
       4.101 |*                                        11
       4.176 |                                         5
       4.252 |*                                        6
       4.329 |                                         5
       4.407 |*                                        10
       4.487 |                                         2
       4.569 |                                         2
       4.737 |                                         2
       4.910 |                                         2
       5.090 |                                         2
       5.373 |                                         1
       5.470 |                                         1
       5.570 |                                         1
       5.774 |                                         1
       8.895 |                                         1
 
SQL statistics:
    queries performed:
        read:                            82726
        write:                           0
        other:                           11818
        total:                           94544
    transactions:                        5909   (295.16 per sec.)
    queries:                             94544  (4722.49 per sec.)
    ignored errors:                      0      (0.00 per sec.)
    reconnects:                          0      (0.00 per sec.)

General statistics:
    total time:                          20.0196s
    total number of events:              5909

Latency (ms):
         min:                                    2.17
         avg:                                    2.95
         max:                                    8.97
         95th percentile:                        3.49
         sum:                                17431.52

Threads fairness:
    events (avg/stddev):           184.6562/1.91
    execution time (avg/stddev):   0.5447/0.01


