sysbench 1.0.20 (using system LuaJIT 2.1.0-beta3)

Running the test with following options:
Number of threads: 32
Target transaction rate: 1000/sec
Initializing random number generator from current time


Initializing worker threads...

Threads started!

Latency histogram (values are in milliseconds)
       value  ------------- distribution ------------- count
       0.556 |                                         1
       0.576 |                                         1
       0.587 |                                         3
       0.597 |                                         7
       0.608 |*                                        24
       0.619 |**                                       31
       0.630 |***                                      54
       0.642 |****                                     81
       0.654 |*****                                    96
       0.665 |*****                                    97
       0.677 |********                                 149
       0.690 |*******                                  132
       0.702 |**********                               188
       0.715 |***********                              208
       0.728 |*************                            245
       0.741 |****************                         302
       0.755 |********************                     376
       0.768 |***********************                  432
       0.782 |***************************              493
       0.797 |******************************           553
       0.811 |********************************         602
       0.826 |********************************         594
       0.841 |***********************************      653
       0.856 |***********************************      651
       0.872 |**************************************   698
       0.888 |**************************************** 732
       0.904 |**************************************** 736
       0.920 |**************************************   695
       0.937 |**************************************** 741
       0.954 |***********************************      656
       0.971 |************************************     676
       0.989 |********************************         585
       1.007 |***********************************      644
       1.025 |*****************************            536
       1.044 |********************************         593
       1.063 |****************************             522
       1.082 |****************************             516
       1.102 |**********************                   411
       1.122 |**********************                   410
       1.142 |**********************                   415
       1.163 |********************                     379
       1.184 |*******************                      343
       1.205 |******************                       329
       1.227 |*****************                        317
       1.250 |****************                         304
       1.272 |*************                            242
       1.295 |************                             230
       1.319 |**********                               187
       1.343 |**********                               181
       1.367 |********                                 155
       1.392 |********                                 145
       1.417 |********                                 141
       1.443 |******                                   115
       1.469 |******                                   106
       1.496 |******                                   110
       1.523 |*****                                    92
       1.551 |****                                     78
       1.579 |****                                     75
       1.608 |****                                     76
       1.637 |**                                       45
       1.667 |***                                      63
       1.697 |***                                      53
       1.728 |***                                      51
       1.759 |**                                       41
       1.791 |**                                       38
       1.824 |**                                       32
       1.857 |**                                       33
       1.891 |*                                        26
       1.925 |*                                        23
       1.960 |*                                        18
       1.996 |*                                        25
       2.032 |**                                       33
       2.069 |*                                        17
       2.106 |*                                        17
       2.145 |*                                        21
       2.184 |*                                        15
       2.223 |*                                        17
       2.264 |*                                        23
       2.305 |*                                        21
       2.347 |*                                        22
       2.389 |*                                        21
       2.433 |*                                        18
       2.477 |*                                        15
       2.522 |*                                        13
       2.568 |*                                        14
       2.615 |                                         9
       2.662 |                                         9
       2.710 |*                                        13
       2.760 |                                         7
       2.810 |                                         5
       2.861 |*                                        11
       2.913 |*                                        16
       2.966 |                                         4
       3.020 |                                         5
       3.075 |*                                        14
       3.130 |                                         7
       3.187 |                                         3
       3.245 |*                                        10
       3.304 |                                         7
       3.364 |*                                        10
       3.425 |                                         2
       3.488 |                                         5
       3.551 |                                         9
       3.615 |                                         1
       3.681 |                                         5
       3.748 |                                         9
       3.816 |                                         8
       3.885 |                                         3
       3.956 |                                         5
       4.028 |                                         5
       4.101 |                                         6
       4.176 |                                         3
       4.252 |                                         3
       4.329 |                                         3
       4.407 |                                         3
       4.487 |                                         4
       4.569 |                                         2
       4.652 |                                         4
       4.737 |                                         5
       4.823 |                                         5
       4.910 |                                         5
       4.999 |                                         4
       5.090 |                                         2
       5.183 |                                         4
       5.277 |                                         8
       5.373 |                                         4
       5.470 |                                         1
       5.570 |                                         3
       5.671 |                                         2
       5.774 |                                         1
       5.879 |                                         6
       5.986 |                                         3
       6.095 |                                         4
       6.205 |                                         1
       6.550 |                                         4
       6.669 |                                         3
       6.913 |                                         1
       7.039 |                                         1
       7.167 |                                         3
       7.297 |                                         2
       7.430 |                                         1
       7.842 |                                         2
       7.985 |                                         2
       8.130 |                                         1
       8.277 |                                         1
       8.428 |                                         2
       8.581 |                                         1
       8.895 |                                         1
       9.222 |                                         1
       9.389 |                                         1
       9.734 |                                         1
       9.910 |                                         1
 
SQL statistics:
    queries performed:
        read:                            0
        write:                           20156
        other:                           0
        total:                           20156
    transactions:                        20156  (1006.95 per sec.)
    queries:                             20156  (1006.95 per sec.)
    ignored errors:                      0      (0.00 per sec.)
    reconnects:                          0      (0.00 per sec.)

General statistics:
    total time:                          20.0165s
    total number of events:              20156

Latency (ms):
         min:                                    0.56
         avg:                                    1.06
         max:                                    9.96
         95th percentile:                        1.64
         sum:                                21435.70

Threads fairness:
    events (avg/stddev):           629.8750/5.10
    execution time (avg/stddev):   0.6699/0.01


