sysbench 1.0.20 (using system LuaJIT 2.1.0-beta3)

Running the test with following options:
Number of threads: 32
Target transaction rate: 1000/sec
Initializing random number generator from current time


Initializing worker threads...

Threads started!

Latency histogram (values are in milliseconds)
       value  ------------- distribution ------------- count
       0.536 |                                         1
       0.556 |                                         2
       0.566 |                                         2
       0.576 |*                                        12
       0.587 |**                                       33
       0.597 |**                                       29
       0.608 |***                                      46
       0.619 |*****                                    65
       0.630 |*****                                    71
       0.642 |*******                                  101
       0.654 |*******                                  92
       0.665 |*********                                130
       0.677 |**********                               134
       0.690 |************                             169
       0.702 |***********                              160
       0.715 |***************                          212
       0.728 |*******************                      266
       0.741 |*********************                    298
       0.755 |*************************                354
       0.768 |****************************             394
       0.782 |*****************************            410
       0.797 |*******************************          433
       0.811 |*******************************          437
       0.826 |********************************         449
       0.841 |********************************         454
       0.856 |***********************************      498
       0.872 |***********************************      498
       0.888 |**********************************       485
       0.904 |**************************************   533
       0.920 |*************************************    516
       0.937 |*************************************    527
       0.954 |*************************************    525
       0.971 |************************************     507
       0.989 |**************************************** 563
       1.007 |*************************************    518
       1.025 |*************************************    524
       1.044 |***********************************      494
       1.063 |**********************************       477
       1.082 |**************************************   529
       1.102 |*******************************          442
       1.122 |*******************************          440
       1.142 |*********************************        461
       1.163 |*****************************            409
       1.184 |****************************             391
       1.205 |****************************             400
       1.227 |************************                 341
       1.250 |************************                 335
       1.272 |***********************                  320
       1.295 |*********************                    289
       1.319 |*******************                      261
       1.343 |*******************                      271
       1.367 |****************                         229
       1.392 |**************                           203
       1.417 |**************                           201
       1.443 |**************                           193
       1.469 |************                             171
       1.496 |*************                            183
       1.523 |************                             162
       1.551 |***********                              152
       1.579 |********                                 111
       1.608 |*********                                132
       1.637 |********                                 108
       1.667 |*******                                  98
       1.697 |********                                 106
       1.728 |******                                   80
       1.759 |*****                                    72
       1.791 |*****                                    64
       1.824 |*****                                    72
       1.857 |****                                     60
       1.891 |***                                      48
       1.925 |***                                      47
       1.960 |****                                     51
       1.996 |***                                      49
       2.032 |***                                      45
       2.069 |***                                      46
       2.106 |**                                       33
       2.145 |**                                       35
       2.184 |*                                        19
       2.223 |**                                       35
       2.264 |**                                       27
       2.305 |**                                       23
       2.347 |*                                        19
       2.389 |**                                       27
       2.433 |*                                        15
       2.477 |*                                        18
       2.522 |*                                        21
       2.568 |**                                       23
       2.615 |*                                        9
       2.662 |*                                        14
       2.710 |*                                        14
       2.760 |*                                        19
       2.810 |*                                        18
       2.861 |*                                        20
       2.913 |**                                       24
       2.966 |**                                       24
       3.020 |*                                        16
       3.075 |**                                       22
       3.130 |*                                        18
       3.187 |**                                       26
       3.245 |*                                        18
       3.304 |**                                       24
       3.364 |*                                        18
       3.425 |*                                        18
       3.488 |**                                       23
       3.551 |*                                        15
       3.615 |**                                       22
       3.681 |*                                        11
       3.748 |*                                        8
       3.816 |                                         4
       3.885 |*                                        10
       3.956 |*                                        16
       4.028 |*                                        10
       4.101 |*                                        18
       4.176 |                                         7
       4.252 |                                         4
       4.329 |                                         7
       4.407 |*                                        9
       4.487 |                                         3
       4.569 |                                         5
       4.652 |                                         1
       4.737 |                                         6
       4.823 |                                         3
       4.910 |                                         3
       4.999 |                                         4
       5.090 |                                         2
       5.183 |                                         6
       5.373 |                                         1
       5.470 |                                         5
       5.570 |                                         4
       5.671 |                                         1
       5.774 |                                         5
       5.879 |                                         1
       5.986 |                                         1
       6.205 |                                         3
       6.318 |                                         4
       6.433 |                                         2
       6.550 |                                         1
       6.669 |                                         1
       6.790 |                                         1
       6.913 |                                         1
       7.167 |                                         2
       7.430 |                                         1
       7.565 |                                         1
       7.842 |                                         1
       7.985 |                                         2
       8.130 |                                         1
       8.277 |                                         1
       8.737 |                                         2
       9.734 |                                         1
      11.446 |                                         1
 
SQL statistics:
    queries performed:
        read:                            0
        write:                           19829
        other:                           0
        total:                           19829
    transactions:                        19829  (990.60 per sec.)
    queries:                             19829  (990.60 per sec.)
    ignored errors:                      0      (0.00 per sec.)
    reconnects:                          0      (0.00 per sec.)

General statistics:
    total time:                          20.0168s
    total number of events:              19829

Latency (ms):
         min:                                    0.54
         avg:                                    1.15
         max:                                   11.44
         95th percentile:                        1.96
         sum:                                22739.86

Threads fairness:
    events (avg/stddev):           619.6562/4.10
    execution time (avg/stddev):   0.7106/0.01


