sysbench 1.0.20 (using system LuaJIT 2.1.0-beta3)

Running the test with following options:
Number of threads: 32
Target transaction rate: 1000/sec
Initializing random number generator from current time


Initializing worker threads...

Threads started!

Latency histogram (values are in milliseconds)
       value  ------------- distribution ------------- count
       0.546 |                                         1
       0.576 |*                                        13
       0.587 |*                                        12
       0.597 |*                                        23
       0.608 |**                                       32
       0.619 |***                                      45
       0.630 |****                                     66
       0.642 |****                                     68
       0.654 |******                                   97
       0.665 |********                                 122
       0.677 |*******                                  110
       0.690 |*********                                138
       0.702 |***********                              170
       0.715 |*************                            198
       0.728 |***************                          226
       0.741 |****************                         248
       0.755 |********************                     301
       0.768 |************************                 364
       0.782 |*************************                379
       0.797 |*****************************            448
       0.811 |*****************************            443
       0.826 |*********************************        505
       0.841 |********************************         486
       0.856 |*********************************        515
       0.872 |************************************     555
       0.888 |*************************************    570
       0.904 |**************************************   579
       0.920 |**************************************   579
       0.937 |**************************************** 615
       0.954 |*************************************    564
       0.971 |************************************     559
       0.989 |***************************************  594
       1.007 |***********************************      541
       1.025 |*************************************    569
       1.044 |**************************************   586
       1.063 |*********************************        505
       1.082 |*******************************          475
       1.102 |*********************************        512
       1.122 |*****************************            452
       1.142 |******************************           463
       1.163 |**************************               407
       1.184 |***************************              417
       1.205 |*************************                392
       1.227 |**********************                   342
       1.250 |**********************                   331
       1.272 |**********************                   332
       1.295 |******************                       279
       1.319 |*******************                      285
       1.343 |*****************                        263
       1.367 |*****************                        262
       1.392 |****************                         243
       1.417 |**************                           209
       1.443 |*************                            197
       1.469 |************                             184
       1.496 |**********                               156
       1.523 |*********                                143
       1.551 |********                                 126
       1.579 |******                                   91
       1.608 |*******                                  105
       1.637 |******                                   91
       1.667 |******                                   90
       1.697 |******                                   90
       1.728 |*****                                    72
       1.759 |****                                     62
       1.791 |****                                     61
       1.824 |****                                     57
       1.857 |***                                      44
       1.891 |****                                     54
       1.925 |****                                     54
       1.960 |***                                      41
       1.996 |**                                       33
       2.032 |**                                       28
       2.069 |***                                      42
       2.106 |**                                       36
       2.145 |**                                       38
       2.184 |**                                       29
       2.223 |**                                       28
       2.264 |*                                        23
       2.305 |*                                        21
       2.347 |*                                        22
       2.389 |**                                       26
       2.433 |*                                        19
       2.477 |*                                        20
       2.522 |*                                        19
       2.568 |*                                        21
       2.615 |*                                        12
       2.662 |*                                        19
       2.710 |*                                        23
       2.760 |*                                        16
       2.810 |*                                        19
       2.861 |*                                        20
       2.913 |**                                       31
       2.966 |*                                        10
       3.020 |*                                        16
       3.075 |*                                        17
       3.130 |*                                        16
       3.187 |**                                       27
       3.245 |**                                       24
       3.304 |*                                        16
       3.364 |*                                        20
       3.425 |*                                        19
       3.488 |*                                        13
       3.551 |*                                        14
       3.615 |*                                        12
       3.681 |*                                        18
       3.748 |*                                        11
       3.816 |*                                        18
       3.885 |                                         5
       3.956 |                                         7
       4.028 |                                         7
       4.101 |                                         6
       4.176 |                                         6
       4.252 |                                         5
       4.329 |*                                        10
       4.407 |*                                        8
       4.487 |*                                        8
       4.569 |                                         3
       4.652 |                                         4
       4.737 |                                         4
       4.823 |                                         4
       4.999 |                                         4
       5.090 |                                         2
       5.183 |                                         4
       5.277 |                                         3
       5.373 |                                         2
       5.470 |                                         2
       5.570 |                                         1
       5.671 |                                         2
       5.774 |                                         2
       5.879 |                                         1
       6.095 |                                         2
       6.318 |                                         1
       6.550 |                                         1
       7.167 |                                         1
 
SQL statistics:
    queries performed:
        read:                            0
        write:                           20109
        other:                           0
        total:                           20109
    transactions:                        20109  (1004.47 per sec.)
    queries:                             20109  (1004.47 per sec.)
    ignored errors:                      0      (0.00 per sec.)
    reconnects:                          0      (0.00 per sec.)

General statistics:
    total time:                          20.0191s
    total number of events:              20109

Latency (ms):
         min:                                    0.54
         avg:                                    1.13
         max:                                    7.22
         95th percentile:                        1.89
         sum:                                22734.45

Threads fairness:
    events (avg/stddev):           628.4062/5.18
    execution time (avg/stddev):   0.7105/0.02


