sysbench 1.0.20 (using system LuaJIT 2.1.0-beta3)

Running the test with following options:
Number of threads: 32
Target transaction rate: 1000/sec
Initializing random number generator from current time


Initializing worker threads...

Threads started!

Latency histogram (values are in milliseconds)
       value  ------------- distribution ------------- count
       0.566 |                                         2
       0.576 |                                         6
       0.587 |*                                        16
       0.597 |**                                       45
       0.608 |****                                     65
       0.619 |*******                                  125
       0.630 |********                                 149
       0.642 |**********                               188
       0.654 |***********                              194
       0.665 |*************                            238
       0.677 |***************                          270
       0.690 |*************                            235
       0.702 |***************                          269
       0.715 |******************                       330
       0.728 |**********************                   394
       0.741 |*************************                451
       0.755 |*******************************          559
       0.768 |**********************************       622
       0.782 |***********************************      633
       0.797 |***********************************      639
       0.811 |*************************************    682
       0.826 |**************************************** 728
       0.841 |**************************************** 731
       0.856 |***************************************  721
       0.872 |***************************************  712
       0.888 |*************************************    684
       0.904 |*************************************    677
       0.920 |*********************************        602
       0.937 |***********************************      642
       0.954 |*********************************        607
       0.971 |******************************           554
       0.989 |******************************           542
       1.007 |*****************************            521
       1.025 |*************************                460
       1.044 |*************************                464
       1.063 |**********************                   400
       1.082 |*********************                    392
       1.102 |***********************                  412
       1.122 |********************                     362
       1.142 |*****************                        315
       1.163 |*****************                        303
       1.184 |**************                           249
       1.205 |*************                            235
       1.227 |*************                            241
       1.250 |*************                            245
       1.272 |************                             222
       1.295 |**********                               185
       1.319 |*********                                167
       1.343 |*********                                157
       1.367 |********                                 139
       1.392 |*******                                  122
       1.417 |******                                   113
       1.443 |*****                                    89
       1.469 |******                                   101
       1.496 |*****                                    83
       1.523 |****                                     73
       1.551 |***                                      47
       1.579 |***                                      56
       1.608 |**                                       45
       1.637 |***                                      47
       1.667 |**                                       38
       1.697 |**                                       34
       1.728 |**                                       34
       1.759 |**                                       37
       1.791 |**                                       34
       1.824 |*                                        22
       1.857 |**                                       37
       1.891 |**                                       32
       1.925 |*                                        21
       1.960 |*                                        19
       1.996 |*                                        24
       2.032 |*                                        15
       2.069 |*                                        21
       2.106 |                                         9
       2.145 |*                                        15
       2.184 |*                                        22
       2.223 |*                                        16
       2.264 |*                                        12
       2.305 |*                                        14
       2.347 |*                                        11
       2.389 |                                         5
       2.433 |*                                        13
       2.477 |                                         7
       2.522 |                                         4
       2.568 |*                                        10
       2.615 |                                         8
       2.662 |                                         8
       2.710 |                                         7
       2.760 |                                         3
       2.810 |                                         4
       2.861 |                                         9
       2.913 |                                         2
       2.966 |                                         4
       3.020 |                                         4
       3.075 |                                         2
       3.130 |                                         5
       3.187 |                                         2
       3.245 |                                         1
       3.304 |                                         1
       3.425 |                                         4
       3.551 |                                         4
       3.615 |                                         2
       3.681 |                                         2
       3.748 |                                         1
       3.816 |                                         2
       3.885 |                                         6
       3.956 |                                         3
       4.252 |                                         1
       4.329 |                                         1
       4.407 |                                         5
       4.487 |                                         1
       4.569 |                                         2
       4.652 |                                         1
       4.737 |                                         2
       4.823 |                                         1
       4.910 |                                         2
       4.999 |                                         2
       5.090 |                                         1
       5.183 |                                         1
       5.879 |                                         1
       6.095 |                                         1
       6.205 |                                         1
       6.433 |                                         1
       6.790 |                                         1
       6.913 |                                         3
       7.039 |                                         2
       7.297 |                                         1
       7.430 |                                         1
       7.702 |                                         1
       8.130 |                                         1
       8.277 |                                         1
 
SQL statistics:
    queries performed:
        read:                            0
        write:                           20182
        other:                           0
        total:                           20182
    transactions:                        20182  (1008.25 per sec.)
    queries:                             20182  (1008.25 per sec.)
    ignored errors:                      0      (0.00 per sec.)
    reconnects:                          0      (0.00 per sec.)

General statistics:
    total time:                          20.0165s
    total number of events:              20182

Latency (ms):
         min:                                    0.56
         avg:                                    0.98
         max:                                    8.23
         95th percentile:                        1.47
         sum:                                19813.61

Threads fairness:
    events (avg/stddev):           630.6875/4.71
    execution time (avg/stddev):   0.6192/0.01


