sysbench 1.0.20 (using system LuaJIT 2.1.0-beta3)

Running the test with following options:
Number of threads: 32
Target transaction rate: 1000/sec
Initializing random number generator from current time


Initializing worker threads...

Threads started!

Latency histogram (values are in milliseconds)
       value  ------------- distribution ------------- count
       0.546 |                                         1
       0.556 |                                         1
       0.566 |                                         2
       0.576 |                                         2
       0.587 |                                         7
       0.597 |*                                        14
       0.608 |*                                        23
       0.619 |**                                       27
       0.630 |****                                     65
       0.642 |****                                     70
       0.654 |*****                                    71
       0.665 |******                                   99
       0.677 |******                                   96
       0.690 |*******                                  118
       0.702 |*********                                149
       0.715 |**********                               152
       0.728 |*************                            208
       0.741 |***************                          242
       0.755 |******************                       288
       0.768 |*********************                    338
       0.782 |***************************              431
       0.797 |***************************              426
       0.811 |*****************************            458
       0.826 |*******************************          496
       0.841 |*******************************          486
       0.856 |*********************************        518
       0.872 |*********************************        515
       0.888 |*********************************        525
       0.904 |************************************     561
       0.920 |***********************************      556
       0.937 |*************************************    576
       0.954 |***********************************      550
       0.971 |**************************************** 631
       0.989 |************************************     561
       1.007 |************************************     567
       1.025 |**********************************       542
       1.044 |**********************************       544
       1.063 |*********************************        516
       1.082 |************************************     564
       1.102 |********************************         506
       1.122 |*******************************          492
       1.142 |****************************             444
       1.163 |*****************************            453
       1.184 |****************************             443
       1.205 |*************************                402
       1.227 |*************************                402
       1.250 |******************                       277
       1.272 |******************                       288
       1.295 |******************                       279
       1.319 |*****************                        271
       1.343 |******************                       277
       1.367 |***************                          233
       1.392 |***************                          241
       1.417 |**************                           219
       1.443 |************                             194
       1.469 |***********                              176
       1.496 |***********                              175
       1.523 |*********                                145
       1.551 |**********                               150
       1.579 |*******                                  110
       1.608 |*******                                  114
       1.637 |*****                                    83
       1.667 |*******                                  114
       1.697 |******                                   96
       1.728 |******                                   90
       1.759 |******                                   88
       1.791 |****                                     59
       1.824 |****                                     57
       1.857 |*****                                    73
       1.891 |***                                      55
       1.925 |***                                      54
       1.960 |***                                      50
       1.996 |***                                      44
       2.032 |***                                      44
       2.069 |***                                      41
       2.106 |**                                       27
       2.145 |*                                        23
       2.184 |**                                       31
       2.223 |**                                       32
       2.264 |**                                       24
       2.305 |*                                        16
       2.347 |*                                        13
       2.389 |*                                        15
       2.433 |*                                        14
       2.477 |*                                        14
       2.522 |*                                        18
       2.568 |*                                        16
       2.615 |*                                        11
       2.662 |*                                        8
       2.710 |                                         7
       2.760 |*                                        12
       2.810 |                                         4
       2.861 |                                         5
       2.913 |*                                        10
       2.966 |                                         5
       3.020 |                                         4
       3.075 |                                         3
       3.130 |                                         5
       3.187 |                                         4
       3.245 |*                                        9
       3.304 |                                         4
       3.364 |                                         3
       3.425 |*                                        12
       3.488 |*                                        10
       3.551 |*                                        8
       3.615 |                                         3
       3.681 |                                         5
       3.748 |                                         7
       3.816 |                                         3
       3.885 |                                         5
       3.956 |                                         5
       4.028 |                                         3
       4.101 |                                         3
       4.176 |                                         2
       4.252 |                                         5
       4.329 |                                         4
       4.407 |                                         2
       4.487 |                                         5
       4.569 |                                         2
       4.652 |                                         5
       4.737 |                                         1
       4.823 |                                         2
       4.999 |                                         5
       5.090 |                                         3
       5.277 |                                         2
       5.373 |                                         1
       5.470 |                                         2
       5.570 |                                         2
       5.671 |                                         2
       5.774 |                                         2
       5.879 |                                         4
       5.986 |                                         2
       6.318 |                                         1
       6.550 |                                         1
       6.669 |                                         1
       6.790 |                                         1
 
SQL statistics:
    queries performed:
        read:                            0
        write:                           19693
        other:                           0
        total:                           19693
    transactions:                        19693  (983.71 per sec.)
    queries:                             19693  (983.71 per sec.)
    ignored errors:                      0      (0.00 per sec.)
    reconnects:                          0      (0.00 per sec.)

General statistics:
    total time:                          20.0188s
    total number of events:              19693

Latency (ms):
         min:                                    0.55
         avg:                                    1.11
         max:                                    6.85
         95th percentile:                        1.76
         sum:                                21831.74

Threads fairness:
    events (avg/stddev):           615.4062/5.83
    execution time (avg/stddev):   0.6822/0.01


