/opt/hostedtoolcache/Java_Temurin-Hotspot_jdk/17.0.20-1/x64/bin/java  -classpath /home/runner/ycsb-mongodb-binding-0.17.0/conf:/home/runner/ycsb-mongodb-binding-0.17.0/lib/HdrHistogram-2.1.4.jar:/home/runner/ycsb-mongodb-binding-0.17.0/lib/core-0.17.0.jar:/home/runner/ycsb-mongodb-binding-0.17.0/lib/htrace-core4-4.1.0-incubating.jar:/home/runner/ycsb-mongodb-binding-0.17.0/lib/jackson-core-asl-1.9.4.jar:/home/runner/ycsb-mongodb-binding-0.17.0/lib/jackson-mapper-asl-1.9.4.jar:/home/runner/ycsb-mongodb-binding-0.17.0/lib/logback-classic-1.1.2.jar:/home/runner/ycsb-mongodb-binding-0.17.0/lib/logback-core-1.1.2.jar:/home/runner/ycsb-mongodb-binding-0.17.0/lib/mongo-java-driver-3.8.0.jar:/home/runner/ycsb-mongodb-binding-0.17.0/lib/mongodb-async-driver-2.0.1.jar:/home/runner/ycsb-mongodb-binding-0.17.0/lib/mongodb-binding-0.17.0.jar:/home/runner/ycsb-mongodb-binding-0.17.0/lib/slf4j-api-1.7.25.jar:/home/runner/ycsb-mongodb-binding-0.17.0/lib/snappy-java-1.1.7.1.jar site.ycsb.Client -t -db site.ycsb.db.MongoDbClient -s -P /home/runner/ycsb-mongodb-binding-0.17.0/workloads/workloadf -p mongodb.url=mongodb://127.0.0.1:27017/ycsb?w=1 -p measurementtype=raw -p measurement.raw.output_file=/home/runner/work/The-Omni-Compass/The-Omni-Compass/out/ycsb-f/rep-2/omni/notch-1.raw -p recordcount=250000 -p operationcount=1000000000 -p maxexecutiontime=20 -p target=3000 -p threads=32 -p insertstart=0 -p insertorder=ordered -p requestdistribution=uniform -p seed=100200
mongo client connection created with mongodb://127.0.0.1:27017/ycsb?w=1
Raw data measurement: will output to result file: /home/runner/work/The-Omni-Compass/The-Omni-Compass/out/ycsb-f/rep-2/omni/notch-1.raw
Raw data measurement: will output to result file: /home/runner/work/The-Omni-Compass/The-Omni-Compass/out/ycsb-f/rep-2/omni/notch-1.raw
Raw data measurement: will output to result file: /home/runner/work/The-Omni-Compass/The-Omni-Compass/out/ycsb-f/rep-2/omni/notch-1.raw
Raw data measurement: will output to result file: /home/runner/work/The-Omni-Compass/The-Omni-Compass/out/ycsb-f/rep-2/omni/notch-1.raw
[OVERALL], RunTime(ms), 20002
[OVERALL], Throughput(ops/sec), 2946.8053194680533
[TOTAL_GCS_G1_Young_Generation], Count, 15
[TOTAL_GC_TIME_G1_Young_Generation], Time(ms), 50
[TOTAL_GC_TIME_%_G1_Young_Generation], Time(%), 0.24997500249975005
[TOTAL_GCS_G1_Old_Generation], Count, 0
[TOTAL_GC_TIME_G1_Old_Generation], Time(ms), 0
[TOTAL_GC_TIME_%_G1_Old_Generation], Time(%), 0.0
[TOTAL_GCs], Count, 15
[TOTAL_GC_TIME], Time(ms), 50
[TOTAL_GC_TIME_%], Time(%), 0.24997500249975005
[READ], Total Operations, 58942
[READ], Below is a summary of latency in microseconds:, -1
[READ], Average, 113.49832038274914
[READ], Min, 44
[READ], Max, 40580
[READ], p1, 47
[READ], p5, 49
[READ], p50, 66
[READ], p90, 289
[READ], p95, 330
[READ], p99, 529
[READ], p99.9, 951
[READ], p99.99, 4297
[READ], Return=OK, 58942
[READ-MODIFY-WRITE], Total Operations, 29352
[READ-MODIFY-WRITE], Below is a summary of latency in microseconds:, -1
[READ-MODIFY-WRITE], Average, 199.54568683565003
[READ-MODIFY-WRITE], Min, 103
[READ-MODIFY-WRITE], Max, 46201
[READ-MODIFY-WRITE], p1, 109
[READ-MODIFY-WRITE], p5, 111
[READ-MODIFY-WRITE], p50, 153
[READ-MODIFY-WRITE], p90, 392
[READ-MODIFY-WRITE], p95, 457
[READ-MODIFY-WRITE], p99, 719
[READ-MODIFY-WRITE], p99.9, 1350
[READ-MODIFY-WRITE], p99.99, 5745
[CLEANUP], Total Operations, 1
[CLEANUP], Below is a summary of latency in microseconds:, -1
[CLEANUP], Average, 1065.0
[CLEANUP], Min, 1065
[CLEANUP], Max, 1065
[CLEANUP], p1, 1065
[CLEANUP], p5, 1065
[CLEANUP], p50, 1065
[CLEANUP], p90, 1065
[CLEANUP], p95, 1065
[CLEANUP], p99, 1065
[CLEANUP], p99.9, 1065
[CLEANUP], p99.99, 1065
[UPDATE], Total Operations, 29352
[UPDATE], Below is a summary of latency in microseconds:, -1
[UPDATE], Average, 84.1537884982284
[UPDATE], Min, 56
[UPDATE], Max, 5181
[UPDATE], p1, 59
[UPDATE], p5, 60
[UPDATE], p50, 80
[UPDATE], p90, 110
[UPDATE], p95, 133
[UPDATE], p99, 199
[UPDATE], p99.9, 383
[UPDATE], p99.99, 3410
[UPDATE], Return=OK, 29352

Command line: -t -db site.ycsb.db.MongoDbClient -s -P /home/runner/ycsb-mongodb-binding-0.17.0/workloads/workloadf -p mongodb.url=mongodb://127.0.0.1:27017/ycsb?w=1 -p measurementtype=raw -p measurement.raw.output_file=/home/runner/work/The-Omni-Compass/The-Omni-Compass/out/ycsb-f/rep-2/omni/notch-1.raw -p recordcount=250000 -p operationcount=1000000000 -p maxexecutiontime=20 -p target=3000 -p threads=32 -p insertstart=0 -p insertorder=ordered -p requestdistribution=uniform -p seed=100200
YCSB Client 0.17.0

Loading workload...
Starting test.
Maximum execution time specified as: 20 secs
2026-10-08 05:23:48:822 0 sec: 0 operations; est completion in 0 second 
DBWrapper: report latency for each error is false and specific error codes to track for latency are: []
2026-10-08 05:23:58:797 10 sec: 28941 operations; 2894.1 current ops/sec; est completion in 3 days 23 hours READ count: 28942, average latency(us): 158.37 READ-MODIFY-WRITE count: 14399, average latency(us): 255.34 UPDATE count: 14399, average latency(us): 94.49 
Maximum time elapsed. Requesting stop for the workload.
Stop requested for workload. Now Joining!
2026-10-08 05:24:08:797 20 sec: 58940 operations; 2999.9 current ops/sec; est completion in 3 days 22 hours READ count: 30000, average latency(us): 70.21 READ-MODIFY-WRITE count: 14953, average latency(us): 145.82 UPDATE count: 14953, average latency(us): 74.20 
2026-10-08 05:24:08:799 20 sec: 58942 operations; 1000 current ops/sec; est completion in 3 days 22 hours   CLEANUP count: 1, average latency(us): 1065.00  


/opt/hostedtoolcache/Java_Temurin-Hotspot_jdk/17.0.20-1/x64/bin/java  -classpath /home/runner/ycsb-mongodb-binding-0.17.0/conf:/home/runner/ycsb-mongodb-binding-0.17.0/lib/HdrHistogram-2.1.4.jar:/home/runner/ycsb-mongodb-binding-0.17.0/lib/core-0.17.0.jar:/home/runner/ycsb-mongodb-binding-0.17.0/lib/htrace-core4-4.1.0-incubating.jar:/home/runner/ycsb-mongodb-binding-0.17.0/lib/jackson-core-asl-1.9.4.jar:/home/runner/ycsb-mongodb-binding-0.17.0/lib/jackson-mapper-asl-1.9.4.jar:/home/runner/ycsb-mongodb-binding-0.17.0/lib/logback-classic-1.1.2.jar:/home/runner/ycsb-mongodb-binding-0.17.0/lib/logback-core-1.1.2.jar:/home/runner/ycsb-mongodb-binding-0.17.0/lib/mongo-java-driver-3.8.0.jar:/home/runner/ycsb-mongodb-binding-0.17.0/lib/mongodb-async-driver-2.0.1.jar:/home/runner/ycsb-mongodb-binding-0.17.0/lib/mongodb-binding-0.17.0.jar:/home/runner/ycsb-mongodb-binding-0.17.0/lib/slf4j-api-1.7.25.jar:/home/runner/ycsb-mongodb-binding-0.17.0/lib/snappy-java-1.1.7.1.jar site.ycsb.Client -t -db site.ycsb.db.MongoDbClient -s -P /home/runner/ycsb-mongodb-binding-0.17.0/workloads/workloadf -p mongodb.url=mongodb://127.0.0.1:27017/ycsb?w=1 -p measurementtype=raw -p measurement.raw.output_file=/home/runner/work/The-Omni-Compass/The-Omni-Compass/out/ycsb-f/rep-2/omni/notch-2.raw -p recordcount=500000 -p operationcount=1000000000 -p maxexecutiontime=20 -p target=3000 -p threads=32 -p insertstart=0 -p insertorder=ordered -p requestdistribution=uniform -p seed=100201
mongo client connection created with mongodb://127.0.0.1:27017/ycsb?w=1
Raw data measurement: will output to result file: /home/runner/work/The-Omni-Compass/The-Omni-Compass/out/ycsb-f/rep-2/omni/notch-2.raw
Raw data measurement: will output to result file: /home/runner/work/The-Omni-Compass/The-Omni-Compass/out/ycsb-f/rep-2/omni/notch-2.raw
Raw data measurement: will output to result file: /home/runner/work/The-Omni-Compass/The-Omni-Compass/out/ycsb-f/rep-2/omni/notch-2.raw
Raw data measurement: will output to result file: /home/runner/work/The-Omni-Compass/The-Omni-Compass/out/ycsb-f/rep-2/omni/notch-2.raw
[OVERALL], RunTime(ms), 20002
[OVERALL], Throughput(ops/sec), 2970.6529347065293
[TOTAL_GCS_G1_Young_Generation], Count, 15
[TOTAL_GC_TIME_G1_Young_Generation], Time(ms), 48
[TOTAL_GC_TIME_%_G1_Young_Generation], Time(%), 0.23997600239976002
[TOTAL_GCS_G1_Old_Generation], Count, 0
[TOTAL_GC_TIME_G1_Old_Generation], Time(ms), 0
[TOTAL_GC_TIME_%_G1_Old_Generation], Time(%), 0.0
[TOTAL_GCs], Count, 15
[TOTAL_GC_TIME], Time(ms), 48
[TOTAL_GC_TIME_%], Time(%), 0.23997600239976002
[READ], Total Operations, 59419
[READ], Below is a summary of latency in microseconds:, -1
[READ], Average, 138.8967501977482
[READ], Min, 45
[READ], Max, 39768
[READ], p1, 48
[READ], p5, 51
[READ], p50, 73
[READ], p90, 286
[READ], p95, 326
[READ], p99, 469
[READ], p99.9, 8397
[READ], p99.99, 17650
[READ], Return=OK, 59419
[READ-MODIFY-WRITE], Total Operations, 29790
[READ-MODIFY-WRITE], Below is a summary of latency in microseconds:, -1
[READ-MODIFY-WRITE], Average, 228.0414904330312
[READ-MODIFY-WRITE], Min, 103
[READ-MODIFY-WRITE], Max, 40087
[READ-MODIFY-WRITE], p1, 112
[READ-MODIFY-WRITE], p5, 117
[READ-MODIFY-WRITE], p50, 157
[READ-MODIFY-WRITE], p90, 389
[READ-MODIFY-WRITE], p95, 450
[READ-MODIFY-WRITE], p99, 725
[READ-MODIFY-WRITE], p99.9, 8668
[READ-MODIFY-WRITE], p99.99, 18919
[CLEANUP], Total Operations, 1
[CLEANUP], Below is a summary of latency in microseconds:, -1
[CLEANUP], Average, 943.0
[CLEANUP], Min, 943
[CLEANUP], Max, 943
[CLEANUP], p1, 943
[CLEANUP], p5, 943
[CLEANUP], p50, 943
[CLEANUP], p90, 943
[CLEANUP], p95, 943
[CLEANUP], p99, 943
[CLEANUP], p99.9, 943
[CLEANUP], p99.99, 943
[UPDATE], Total Operations, 29790
[UPDATE], Below is a summary of latency in microseconds:, -1
[UPDATE], Average, 87.48016112789527
[UPDATE], Min, 56
[UPDATE], Max, 4158
[UPDATE], p1, 60
[UPDATE], p5, 61
[UPDATE], p50, 77
[UPDATE], p90, 113
[UPDATE], p95, 137
[UPDATE], p99, 241
[UPDATE], p99.9, 658
[UPDATE], p99.99, 3735
[UPDATE], Return=OK, 29790

Command line: -t -db site.ycsb.db.MongoDbClient -s -P /home/runner/ycsb-mongodb-binding-0.17.0/workloads/workloadf -p mongodb.url=mongodb://127.0.0.1:27017/ycsb?w=1 -p measurementtype=raw -p measurement.raw.output_file=/home/runner/work/The-Omni-Compass/The-Omni-Compass/out/ycsb-f/rep-2/omni/notch-2.raw -p recordcount=500000 -p operationcount=1000000000 -p maxexecutiontime=20 -p target=3000 -p threads=32 -p insertstart=0 -p insertorder=ordered -p requestdistribution=uniform -p seed=100201
YCSB Client 0.17.0

Loading workload...
Starting test.
Maximum execution time specified as: 20 secs
2026-10-08 05:24:09:292 0 sec: 0 operations; est completion in 0 second 
DBWrapper: report latency for each error is false and specific error codes to track for latency are: []
2026-10-08 05:24:19:271 10 sec: 29418 operations; 2941.8 current ops/sec; est completion in 3 days 22 hours READ count: 29419, average latency(us): 146.06 READ-MODIFY-WRITE count: 14698, average latency(us): 245.63 UPDATE count: 14698, average latency(us): 97.04 
Maximum time elapsed. Requesting stop for the workload.
Stop requested for workload. Now Joining!
2026-10-08 05:24:29:271 20 sec: 59418 operations; 3000 current ops/sec; est completion in 3 days 21 hours READ count: 29999, average latency(us): 131.85 READ-MODIFY-WRITE count: 15091, average latency(us): 210.87 UPDATE count: 15091, average latency(us): 78.17 
2026-10-08 05:24:29:274 20 sec: 59419 operations; 500 current ops/sec; est completion in 3 days 21 hours READ count: 1, average latency(us): 718.00 READ-MODIFY-WRITE count: 1, average latency(us): 858.00 CLEANUP count: 1, average latency(us): 943.00 UPDATE count: 1, average latency(us): 139.00 


/opt/hostedtoolcache/Java_Temurin-Hotspot_jdk/17.0.20-1/x64/bin/java  -classpath /home/runner/ycsb-mongodb-binding-0.17.0/conf:/home/runner/ycsb-mongodb-binding-0.17.0/lib/HdrHistogram-2.1.4.jar:/home/runner/ycsb-mongodb-binding-0.17.0/lib/core-0.17.0.jar:/home/runner/ycsb-mongodb-binding-0.17.0/lib/htrace-core4-4.1.0-incubating.jar:/home/runner/ycsb-mongodb-binding-0.17.0/lib/jackson-core-asl-1.9.4.jar:/home/runner/ycsb-mongodb-binding-0.17.0/lib/jackson-mapper-asl-1.9.4.jar:/home/runner/ycsb-mongodb-binding-0.17.0/lib/logback-classic-1.1.2.jar:/home/runner/ycsb-mongodb-binding-0.17.0/lib/logback-core-1.1.2.jar:/home/runner/ycsb-mongodb-binding-0.17.0/lib/mongo-java-driver-3.8.0.jar:/home/runner/ycsb-mongodb-binding-0.17.0/lib/mongodb-async-driver-2.0.1.jar:/home/runner/ycsb-mongodb-binding-0.17.0/lib/mongodb-binding-0.17.0.jar:/home/runner/ycsb-mongodb-binding-0.17.0/lib/slf4j-api-1.7.25.jar:/home/runner/ycsb-mongodb-binding-0.17.0/lib/snappy-java-1.1.7.1.jar site.ycsb.Client -t -db site.ycsb.db.MongoDbClient -s -P /home/runner/ycsb-mongodb-binding-0.17.0/workloads/workloadf -p mongodb.url=mongodb://127.0.0.1:27017/ycsb?w=1 -p measurementtype=raw -p measurement.raw.output_file=/home/runner/work/The-Omni-Compass/The-Omni-Compass/out/ycsb-f/rep-2/omni/notch-3.raw -p recordcount=750000 -p operationcount=1000000000 -p maxexecutiontime=20 -p target=3000 -p threads=32 -p insertstart=0 -p insertorder=ordered -p requestdistribution=uniform -p seed=100202
mongo client connection created with mongodb://127.0.0.1:27017/ycsb?w=1
Raw data measurement: will output to result file: /home/runner/work/The-Omni-Compass/The-Omni-Compass/out/ycsb-f/rep-2/omni/notch-3.raw
Raw data measurement: will output to result file: /home/runner/work/The-Omni-Compass/The-Omni-Compass/out/ycsb-f/rep-2/omni/notch-3.raw
Raw data measurement: will output to result file: /home/runner/work/The-Omni-Compass/The-Omni-Compass/out/ycsb-f/rep-2/omni/notch-3.raw
Raw data measurement: will output to result file: /home/runner/work/The-Omni-Compass/The-Omni-Compass/out/ycsb-f/rep-2/omni/notch-3.raw
[OVERALL], RunTime(ms), 20002
[OVERALL], Throughput(ops/sec), 2891.660833916608
[TOTAL_GCS_G1_Young_Generation], Count, 15
[TOTAL_GC_TIME_G1_Young_Generation], Time(ms), 53
[TOTAL_GC_TIME_%_G1_Young_Generation], Time(%), 0.264973502649735
[TOTAL_GCS_G1_Old_Generation], Count, 0
[TOTAL_GC_TIME_G1_Old_Generation], Time(ms), 0
[TOTAL_GC_TIME_%_G1_Old_Generation], Time(%), 0.0
[TOTAL_GCs], Count, 15
[TOTAL_GC_TIME], Time(ms), 53
[TOTAL_GC_TIME_%], Time(%), 0.264973502649735
[READ], Total Operations, 57839
[READ], Below is a summary of latency in microseconds:, -1
[READ], Average, 140.84287418523834
[READ], Min, 45
[READ], Max, 37839
[READ], p1, 49
[READ], p5, 52
[READ], p50, 74
[READ], p90, 274
[READ], p95, 313
[READ], p99, 432
[READ], p99.9, 9332
[READ], p99.99, 27353
[READ], Return=OK, 57839
[READ-MODIFY-WRITE], Total Operations, 29006
[READ-MODIFY-WRITE], Below is a summary of latency in microseconds:, -1
[READ-MODIFY-WRITE], Average, 233.43887471557608
[READ-MODIFY-WRITE], Min, 107
[READ-MODIFY-WRITE], Max, 29930
[READ-MODIFY-WRITE], p1, 114
[READ-MODIFY-WRITE], p5, 121
[READ-MODIFY-WRITE], p50, 165
[READ-MODIFY-WRITE], p90, 372
[READ-MODIFY-WRITE], p95, 430
[READ-MODIFY-WRITE], p99, 664
[READ-MODIFY-WRITE], p99.9, 9508
[READ-MODIFY-WRITE], p99.99, 19092
[CLEANUP], Total Operations, 1
[CLEANUP], Below is a summary of latency in microseconds:, -1
[CLEANUP], Average, 914.0
[CLEANUP], Min, 914
[CLEANUP], Max, 914
[CLEANUP], p1, 914
[CLEANUP], p5, 914
[CLEANUP], p50, 914
[CLEANUP], p90, 914
[CLEANUP], p95, 914
[CLEANUP], p99, 914
[CLEANUP], p99.9, 914
[CLEANUP], p99.99, 914
[UPDATE], Total Operations, 29006
[UPDATE], Below is a summary of latency in microseconds:, -1
[UPDATE], Average, 90.60163414465973
[UPDATE], Min, 56
[UPDATE], Max, 4137
[UPDATE], p1, 61
[UPDATE], p5, 63
[UPDATE], p50, 84
[UPDATE], p90, 114
[UPDATE], p95, 132
[UPDATE], p99, 220
[UPDATE], p99.9, 768
[UPDATE], p99.99, 3698
[UPDATE], Return=OK, 29006

Command line: -t -db site.ycsb.db.MongoDbClient -s -P /home/runner/ycsb-mongodb-binding-0.17.0/workloads/workloadf -p mongodb.url=mongodb://127.0.0.1:27017/ycsb?w=1 -p measurementtype=raw -p measurement.raw.output_file=/home/runner/work/The-Omni-Compass/The-Omni-Compass/out/ycsb-f/rep-2/omni/notch-3.raw -p recordcount=750000 -p operationcount=1000000000 -p maxexecutiontime=20 -p target=3000 -p threads=32 -p insertstart=0 -p insertorder=ordered -p requestdistribution=uniform -p seed=100202
YCSB Client 0.17.0

Loading workload...
Starting test.
Maximum execution time specified as: 20 secs
2026-10-08 05:24:29:784 0 sec: 0 operations; est completion in 0 second 
DBWrapper: report latency for each error is false and specific error codes to track for latency are: []
2026-10-08 05:24:39:764 10 sec: 29387 operations; 2938.7 current ops/sec; est completion in 3 days 22 hours READ count: 29388, average latency(us): 156.47 READ-MODIFY-WRITE count: 14722, average latency(us): 262.65 UPDATE count: 14722, average latency(us): 97.80 
Maximum time elapsed. Requesting stop for the workload.
Stop requested for workload. Now Joining!
2026-10-08 05:24:49:764 20 sec: 57838 operations; 2845.1 current ops/sec; est completion in 4 days READ count: 28450, average latency(us): 124.67 READ-MODIFY-WRITE count: 14284, average latency(us): 203.33 UPDATE count: 14284, average latency(us): 83.18 
2026-10-08 05:24:49:766 20 sec: 57839 operations; 500 current ops/sec; est completion in 4 days READ count: 1, average latency(us): 1139.00  CLEANUP count: 1, average latency(us): 914.00  


/opt/hostedtoolcache/Java_Temurin-Hotspot_jdk/17.0.20-1/x64/bin/java  -classpath /home/runner/ycsb-mongodb-binding-0.17.0/conf:/home/runner/ycsb-mongodb-binding-0.17.0/lib/HdrHistogram-2.1.4.jar:/home/runner/ycsb-mongodb-binding-0.17.0/lib/core-0.17.0.jar:/home/runner/ycsb-mongodb-binding-0.17.0/lib/htrace-core4-4.1.0-incubating.jar:/home/runner/ycsb-mongodb-binding-0.17.0/lib/jackson-core-asl-1.9.4.jar:/home/runner/ycsb-mongodb-binding-0.17.0/lib/jackson-mapper-asl-1.9.4.jar:/home/runner/ycsb-mongodb-binding-0.17.0/lib/logback-classic-1.1.2.jar:/home/runner/ycsb-mongodb-binding-0.17.0/lib/logback-core-1.1.2.jar:/home/runner/ycsb-mongodb-binding-0.17.0/lib/mongo-java-driver-3.8.0.jar:/home/runner/ycsb-mongodb-binding-0.17.0/lib/mongodb-async-driver-2.0.1.jar:/home/runner/ycsb-mongodb-binding-0.17.0/lib/mongodb-binding-0.17.0.jar:/home/runner/ycsb-mongodb-binding-0.17.0/lib/slf4j-api-1.7.25.jar:/home/runner/ycsb-mongodb-binding-0.17.0/lib/snappy-java-1.1.7.1.jar site.ycsb.Client -t -db site.ycsb.db.MongoDbClient -s -P /home/runner/ycsb-mongodb-binding-0.17.0/workloads/workloadf -p mongodb.url=mongodb://127.0.0.1:27017/ycsb?w=1 -p measurementtype=raw -p measurement.raw.output_file=/home/runner/work/The-Omni-Compass/The-Omni-Compass/out/ycsb-f/rep-2/omni/notch-4.raw -p recordcount=500000 -p operationcount=1000000000 -p maxexecutiontime=20 -p target=3000 -p threads=32 -p insertstart=0 -p insertorder=ordered -p requestdistribution=uniform -p seed=100203
mongo client connection created with mongodb://127.0.0.1:27017/ycsb?w=1
Raw data measurement: will output to result file: /home/runner/work/The-Omni-Compass/The-Omni-Compass/out/ycsb-f/rep-2/omni/notch-4.raw
Raw data measurement: will output to result file: /home/runner/work/The-Omni-Compass/The-Omni-Compass/out/ycsb-f/rep-2/omni/notch-4.raw
Raw data measurement: will output to result file: /home/runner/work/The-Omni-Compass/The-Omni-Compass/out/ycsb-f/rep-2/omni/notch-4.raw
Raw data measurement: will output to result file: /home/runner/work/The-Omni-Compass/The-Omni-Compass/out/ycsb-f/rep-2/omni/notch-4.raw
[OVERALL], RunTime(ms), 20003
[OVERALL], Throughput(ops/sec), 2969.5545668149775
[TOTAL_GCS_G1_Young_Generation], Count, 15
[TOTAL_GC_TIME_G1_Young_Generation], Time(ms), 50
[TOTAL_GC_TIME_%_G1_Young_Generation], Time(%), 0.24996250562415637
[TOTAL_GCS_G1_Old_Generation], Count, 0
[TOTAL_GC_TIME_G1_Old_Generation], Time(ms), 0
[TOTAL_GC_TIME_%_G1_Old_Generation], Time(%), 0.0
[TOTAL_GCs], Count, 15
[TOTAL_GC_TIME], Time(ms), 50
[TOTAL_GC_TIME_%], Time(%), 0.24996250562415637
[READ], Total Operations, 59400
[READ], Below is a summary of latency in microseconds:, -1
[READ], Average, 77.22803030303031
[READ], Min, 44
[READ], Max, 23664
[READ], p1, 48
[READ], p5, 50
[READ], p50, 66
[READ], p90, 97
[READ], p95, 116
[READ], p99, 213
[READ], p99.9, 1030
[READ], p99.99, 5563
[READ], Return=OK, 59400
[READ-MODIFY-WRITE], Total Operations, 29741
[READ-MODIFY-WRITE], Below is a summary of latency in microseconds:, -1
[READ-MODIFY-WRITE], Average, 162.87683669009112
[READ-MODIFY-WRITE], Min, 103
[READ-MODIFY-WRITE], Max, 27469
[READ-MODIFY-WRITE], p1, 110
[READ-MODIFY-WRITE], p5, 113
[READ-MODIFY-WRITE], p50, 135
[READ-MODIFY-WRITE], p90, 206
[READ-MODIFY-WRITE], p95, 248
[READ-MODIFY-WRITE], p99, 451
[READ-MODIFY-WRITE], p99.9, 2256
[READ-MODIFY-WRITE], p99.99, 5695
[CLEANUP], Total Operations, 1
[CLEANUP], Below is a summary of latency in microseconds:, -1
[CLEANUP], Average, 1019.0
[CLEANUP], Min, 1019
[CLEANUP], Max, 1019
[CLEANUP], p1, 1019
[CLEANUP], p5, 1019
[CLEANUP], p50, 1019
[CLEANUP], p90, 1019
[CLEANUP], p95, 1019
[CLEANUP], p99, 1019
[CLEANUP], p99.9, 1019
[CLEANUP], p99.99, 1019
[UPDATE], Total Operations, 29741
[UPDATE], Below is a summary of latency in microseconds:, -1
[UPDATE], Average, 84.21192965939275
[UPDATE], Min, 56
[UPDATE], Max, 5119
[UPDATE], p1, 59
[UPDATE], p5, 61
[UPDATE], p50, 68
[UPDATE], p90, 108
[UPDATE], p95, 132
[UPDATE], p99, 226
[UPDATE], p99.9, 1047
[UPDATE], p99.99, 3747
[UPDATE], Return=OK, 29741

Command line: -t -db site.ycsb.db.MongoDbClient -s -P /home/runner/ycsb-mongodb-binding-0.17.0/workloads/workloadf -p mongodb.url=mongodb://127.0.0.1:27017/ycsb?w=1 -p measurementtype=raw -p measurement.raw.output_file=/home/runner/work/The-Omni-Compass/The-Omni-Compass/out/ycsb-f/rep-2/omni/notch-4.raw -p recordcount=500000 -p operationcount=1000000000 -p maxexecutiontime=20 -p target=3000 -p threads=32 -p insertstart=0 -p insertorder=ordered -p requestdistribution=uniform -p seed=100203
YCSB Client 0.17.0

Loading workload...
Starting test.
Maximum execution time specified as: 20 secs
2026-10-08 05:24:50:309 0 sec: 0 operations; est completion in 0 second 
DBWrapper: report latency for each error is false and specific error codes to track for latency are: []
2026-10-08 05:25:00:290 10 sec: 29398 operations; 2939.51 current ops/sec; est completion in 3 days 22 hours READ count: 29399, average latency(us): 83.15 READ-MODIFY-WRITE count: 14722, average latency(us): 177.07 UPDATE count: 14722, average latency(us): 92.21 
Maximum time elapsed. Requesting stop for the workload.
Stop requested for workload. Now Joining!
2026-10-08 05:25:10:290 20 sec: 59397 operations; 2999.9 current ops/sec; est completion in 3 days 21 hours READ count: 29999, average latency(us): 71.42 READ-MODIFY-WRITE count: 15018, average latency(us): 148.94 UPDATE count: 15018, average latency(us): 76.37 
2026-10-08 05:25:10:292 20 sec: 59400 operations; 1500 current ops/sec; est completion in 3 days 21 hours READ count: 2, average latency(us): 168.00 READ-MODIFY-WRITE count: 1, average latency(us): 473.00 CLEANUP count: 1, average latency(us): 1019.00 UPDATE count: 1, average latency(us): 109.00 


/opt/hostedtoolcache/Java_Temurin-Hotspot_jdk/17.0.20-1/x64/bin/java  -classpath /home/runner/ycsb-mongodb-binding-0.17.0/conf:/home/runner/ycsb-mongodb-binding-0.17.0/lib/HdrHistogram-2.1.4.jar:/home/runner/ycsb-mongodb-binding-0.17.0/lib/core-0.17.0.jar:/home/runner/ycsb-mongodb-binding-0.17.0/lib/htrace-core4-4.1.0-incubating.jar:/home/runner/ycsb-mongodb-binding-0.17.0/lib/jackson-core-asl-1.9.4.jar:/home/runner/ycsb-mongodb-binding-0.17.0/lib/jackson-mapper-asl-1.9.4.jar:/home/runner/ycsb-mongodb-binding-0.17.0/lib/logback-classic-1.1.2.jar:/home/runner/ycsb-mongodb-binding-0.17.0/lib/logback-core-1.1.2.jar:/home/runner/ycsb-mongodb-binding-0.17.0/lib/mongo-java-driver-3.8.0.jar:/home/runner/ycsb-mongodb-binding-0.17.0/lib/mongodb-async-driver-2.0.1.jar:/home/runner/ycsb-mongodb-binding-0.17.0/lib/mongodb-binding-0.17.0.jar:/home/runner/ycsb-mongodb-binding-0.17.0/lib/slf4j-api-1.7.25.jar:/home/runner/ycsb-mongodb-binding-0.17.0/lib/snappy-java-1.1.7.1.jar site.ycsb.Client -t -db site.ycsb.db.MongoDbClient -s -P /home/runner/ycsb-mongodb-binding-0.17.0/workloads/workloadf -p mongodb.url=mongodb://127.0.0.1:27017/ycsb?w=1 -p measurementtype=raw -p measurement.raw.output_file=/home/runner/work/The-Omni-Compass/The-Omni-Compass/out/ycsb-f/rep-2/omni/notch-5.raw -p recordcount=750000 -p operationcount=1000000000 -p maxexecutiontime=20 -p target=3000 -p threads=32 -p insertstart=0 -p insertorder=ordered -p requestdistribution=uniform -p seed=100204
mongo client connection created with mongodb://127.0.0.1:27017/ycsb?w=1
Raw data measurement: will output to result file: /home/runner/work/The-Omni-Compass/The-Omni-Compass/out/ycsb-f/rep-2/omni/notch-5.raw
Raw data measurement: will output to result file: /home/runner/work/The-Omni-Compass/The-Omni-Compass/out/ycsb-f/rep-2/omni/notch-5.raw
Raw data measurement: will output to result file: /home/runner/work/The-Omni-Compass/The-Omni-Compass/out/ycsb-f/rep-2/omni/notch-5.raw
Raw data measurement: will output to result file: /home/runner/work/The-Omni-Compass/The-Omni-Compass/out/ycsb-f/rep-2/omni/notch-5.raw
[OVERALL], RunTime(ms), 20002
[OVERALL], Throughput(ops/sec), 2969.2030796920308
[TOTAL_GCS_G1_Young_Generation], Count, 15
[TOTAL_GC_TIME_G1_Young_Generation], Time(ms), 52
[TOTAL_GC_TIME_%_G1_Young_Generation], Time(%), 0.25997400259974
[TOTAL_GCS_G1_Old_Generation], Count, 0
[TOTAL_GC_TIME_G1_Old_Generation], Time(ms), 0
[TOTAL_GC_TIME_%_G1_Old_Generation], Time(%), 0.0
[TOTAL_GCs], Count, 15
[TOTAL_GC_TIME], Time(ms), 52
[TOTAL_GC_TIME_%], Time(%), 0.25997400259974
[READ], Total Operations, 59390
[READ], Below is a summary of latency in microseconds:, -1
[READ], Average, 83.4135039568951
[READ], Min, 45
[READ], Max, 26426
[READ], p1, 49
[READ], p5, 51
[READ], p50, 67
[READ], p90, 101
[READ], p95, 133
[READ], p99, 350
[READ], p99.9, 972
[READ], p99.99, 4802
[READ], Return=OK, 59390
[READ-MODIFY-WRITE], Total Operations, 29652
[READ-MODIFY-WRITE], Below is a summary of latency in microseconds:, -1
[READ-MODIFY-WRITE], Average, 172.63088493187644
[READ-MODIFY-WRITE], Min, 105
[READ-MODIFY-WRITE], Max, 30501
[READ-MODIFY-WRITE], p1, 111
[READ-MODIFY-WRITE], p5, 115
[READ-MODIFY-WRITE], p50, 138
[READ-MODIFY-WRITE], p90, 218
[READ-MODIFY-WRITE], p95, 291
[READ-MODIFY-WRITE], p99, 581
[READ-MODIFY-WRITE], p99.9, 2071
[READ-MODIFY-WRITE], p99.99, 6699
[CLEANUP], Total Operations, 1
[CLEANUP], Below is a summary of latency in microseconds:, -1
[CLEANUP], Average, 993.0
[CLEANUP], Min, 993
[CLEANUP], Max, 993
[CLEANUP], p1, 993
[CLEANUP], p5, 993
[CLEANUP], p50, 993
[CLEANUP], p90, 993
[CLEANUP], p95, 993
[CLEANUP], p99, 993
[CLEANUP], p99.9, 993
[CLEANUP], p99.99, 993
[UPDATE], Total Operations, 29652
[UPDATE], Below is a summary of latency in microseconds:, -1
[UPDATE], Average, 87.24295157156347
[UPDATE], Min, 55
[UPDATE], Max, 6102
[UPDATE], p1, 60
[UPDATE], p5, 61
[UPDATE], p50, 70
[UPDATE], p90, 113
[UPDATE], p95, 137
[UPDATE], p99, 261
[UPDATE], p99.9, 901
[UPDATE], p99.99, 4514
[UPDATE], Return=OK, 29652

Command line: -t -db site.ycsb.db.MongoDbClient -s -P /home/runner/ycsb-mongodb-binding-0.17.0/workloads/workloadf -p mongodb.url=mongodb://127.0.0.1:27017/ycsb?w=1 -p measurementtype=raw -p measurement.raw.output_file=/home/runner/work/The-Omni-Compass/The-Omni-Compass/out/ycsb-f/rep-2/omni/notch-5.raw -p recordcount=750000 -p operationcount=1000000000 -p maxexecutiontime=20 -p target=3000 -p threads=32 -p insertstart=0 -p insertorder=ordered -p requestdistribution=uniform -p seed=100204
YCSB Client 0.17.0

Loading workload...
Starting test.
Maximum execution time specified as: 20 secs
2026-10-08 05:25:10:816 0 sec: 0 operations; est completion in 0 second 
DBWrapper: report latency for each error is false and specific error codes to track for latency are: []
2026-10-08 05:25:20:795 10 sec: 29389 operations; 2938.61 current ops/sec; est completion in 3 days 22 hours READ count: 29389, average latency(us): 93.35 READ-MODIFY-WRITE count: 14729, average latency(us): 193.99 UPDATE count: 14729, average latency(us): 97.17 
Maximum time elapsed. Requesting stop for the workload.
Stop requested for workload. Now Joining!
2026-10-08 05:25:30:795 20 sec: 59388 operations; 3000.2 current ops/sec; est completion in 3 days 21 hours READ count: 30000, average latency(us): 73.67 READ-MODIFY-WRITE count: 14923, average latency(us): 151.55 UPDATE count: 14923, average latency(us): 77.44 
2026-10-08 05:25:30:797 20 sec: 59390 operations; 1000 current ops/sec; est completion in 3 days 21 hours READ count: 1, average latency(us): 108.00  CLEANUP count: 1, average latency(us): 993.00  


/opt/hostedtoolcache/Java_Temurin-Hotspot_jdk/17.0.20-1/x64/bin/java  -classpath /home/runner/ycsb-mongodb-binding-0.17.0/conf:/home/runner/ycsb-mongodb-binding-0.17.0/lib/HdrHistogram-2.1.4.jar:/home/runner/ycsb-mongodb-binding-0.17.0/lib/core-0.17.0.jar:/home/runner/ycsb-mongodb-binding-0.17.0/lib/htrace-core4-4.1.0-incubating.jar:/home/runner/ycsb-mongodb-binding-0.17.0/lib/jackson-core-asl-1.9.4.jar:/home/runner/ycsb-mongodb-binding-0.17.0/lib/jackson-mapper-asl-1.9.4.jar:/home/runner/ycsb-mongodb-binding-0.17.0/lib/logback-classic-1.1.2.jar:/home/runner/ycsb-mongodb-binding-0.17.0/lib/logback-core-1.1.2.jar:/home/runner/ycsb-mongodb-binding-0.17.0/lib/mongo-java-driver-3.8.0.jar:/home/runner/ycsb-mongodb-binding-0.17.0/lib/mongodb-async-driver-2.0.1.jar:/home/runner/ycsb-mongodb-binding-0.17.0/lib/mongodb-binding-0.17.0.jar:/home/runner/ycsb-mongodb-binding-0.17.0/lib/slf4j-api-1.7.25.jar:/home/runner/ycsb-mongodb-binding-0.17.0/lib/snappy-java-1.1.7.1.jar site.ycsb.Client -t -db site.ycsb.db.MongoDbClient -s -P /home/runner/ycsb-mongodb-binding-0.17.0/workloads/workloadf -p mongodb.url=mongodb://127.0.0.1:27017/ycsb?w=1 -p measurementtype=raw -p measurement.raw.output_file=/home/runner/work/The-Omni-Compass/The-Omni-Compass/out/ycsb-f/rep-2/omni/notch-6.raw -p recordcount=1000000 -p operationcount=1000000000 -p maxexecutiontime=20 -p target=3000 -p threads=32 -p insertstart=0 -p insertorder=ordered -p requestdistribution=uniform -p seed=100205
mongo client connection created with mongodb://127.0.0.1:27017/ycsb?w=1
Raw data measurement: will output to result file: /home/runner/work/The-Omni-Compass/The-Omni-Compass/out/ycsb-f/rep-2/omni/notch-6.raw
Raw data measurement: will output to result file: /home/runner/work/The-Omni-Compass/The-Omni-Compass/out/ycsb-f/rep-2/omni/notch-6.raw
Raw data measurement: will output to result file: /home/runner/work/The-Omni-Compass/The-Omni-Compass/out/ycsb-f/rep-2/omni/notch-6.raw
Raw data measurement: will output to result file: /home/runner/work/The-Omni-Compass/The-Omni-Compass/out/ycsb-f/rep-2/omni/notch-6.raw
[OVERALL], RunTime(ms), 20003
[OVERALL], Throughput(ops/sec), 2970.254461830725
[TOTAL_GCS_G1_Young_Generation], Count, 15
[TOTAL_GC_TIME_G1_Young_Generation], Time(ms), 53
[TOTAL_GC_TIME_%_G1_Young_Generation], Time(%), 0.2649602559616058
[TOTAL_GCS_G1_Old_Generation], Count, 0
[TOTAL_GC_TIME_G1_Old_Generation], Time(ms), 0
[TOTAL_GC_TIME_%_G1_Old_Generation], Time(%), 0.0
[TOTAL_GCs], Count, 15
[TOTAL_GC_TIME], Time(ms), 53
[TOTAL_GC_TIME_%], Time(%), 0.2649602559616058
[READ], Total Operations, 59414
[READ], Below is a summary of latency in microseconds:, -1
[READ], Average, 156.98539064866867
[READ], Min, 45
[READ], Max, 29419
[READ], p1, 49
[READ], p5, 53
[READ], p50, 72
[READ], p90, 257
[READ], p95, 310
[READ], p99, 574
[READ], p99.9, 9318
[READ], p99.99, 18826
[READ], Return=OK, 59414
[READ-MODIFY-WRITE], Total Operations, 29711
[READ-MODIFY-WRITE], Below is a summary of latency in microseconds:, -1
[READ-MODIFY-WRITE], Average, 247.925212884117
[READ-MODIFY-WRITE], Min, 104
[READ-MODIFY-WRITE], Max, 19127
[READ-MODIFY-WRITE], p1, 113
[READ-MODIFY-WRITE], p5, 119
[READ-MODIFY-WRITE], p50, 155
[READ-MODIFY-WRITE], p90, 350
[READ-MODIFY-WRITE], p95, 421
[READ-MODIFY-WRITE], p99, 1041
[READ-MODIFY-WRITE], p99.9, 9438
[READ-MODIFY-WRITE], p99.99, 18678
[CLEANUP], Total Operations, 1
[CLEANUP], Below is a summary of latency in microseconds:, -1
[CLEANUP], Average, 943.0
[CLEANUP], Min, 943
[CLEANUP], Max, 943
[CLEANUP], p1, 943
[CLEANUP], p5, 943
[CLEANUP], p50, 943
[CLEANUP], p90, 943
[CLEANUP], p95, 943
[CLEANUP], p99, 943
[CLEANUP], p99.9, 943
[CLEANUP], p99.99, 943
[UPDATE], Total Operations, 29711
[UPDATE], Below is a summary of latency in microseconds:, -1
[UPDATE], Average, 87.86476389216115
[UPDATE], Min, 56
[UPDATE], Max, 6173
[UPDATE], p1, 60
[UPDATE], p5, 62
[UPDATE], p50, 78
[UPDATE], p90, 111
[UPDATE], p95, 134
[UPDATE], p99, 237
[UPDATE], p99.9, 716
[UPDATE], p99.99, 4222
[UPDATE], Return=OK, 29711

Command line: -t -db site.ycsb.db.MongoDbClient -s -P /home/runner/ycsb-mongodb-binding-0.17.0/workloads/workloadf -p mongodb.url=mongodb://127.0.0.1:27017/ycsb?w=1 -p measurementtype=raw -p measurement.raw.output_file=/home/runner/work/The-Omni-Compass/The-Omni-Compass/out/ycsb-f/rep-2/omni/notch-6.raw -p recordcount=1000000 -p operationcount=1000000000 -p maxexecutiontime=20 -p target=3000 -p threads=32 -p insertstart=0 -p insertorder=ordered -p requestdistribution=uniform -p seed=100205
YCSB Client 0.17.0

Loading workload...
Starting test.
Maximum execution time specified as: 20 secs
2026-10-08 05:25:31:308 0 sec: 0 operations; est completion in 0 second 
DBWrapper: report latency for each error is false and specific error codes to track for latency are: []
2026-10-08 05:25:41:288 10 sec: 29411 operations; 2940.81 current ops/sec; est completion in 3 days 22 hours READ count: 29413, average latency(us): 122.18 READ-MODIFY-WRITE count: 14672, average latency(us): 215.96 UPDATE count: 14672, average latency(us): 94.45 
2026-10-08 05:25:51:288 20 sec: 59412 operations; 3000.4 current ops/sec; est completion in 3 days 21 hours READ count: 29999, average latency(us): 191.11 READ-MODIFY-WRITE count: 15038, average latency(us): 279.11 UPDATE count: 15038, average latency(us): 81.44 
Maximum time elapsed. Requesting stop for the workload.
Stop requested for workload. Now Joining!
2026-10-08 05:25:51:290 20 sec: 59414 operations; 666.67 current ops/sec; est completion in 3 days 21 hours READ count: 2, average latency(us): 137.50 READ-MODIFY-WRITE count: 1, average latency(us): 250.00 CLEANUP count: 1, average latency(us): 943.00 UPDATE count: 1, average latency(us): 117.00 


/opt/hostedtoolcache/Java_Temurin-Hotspot_jdk/17.0.20-1/x64/bin/java  -classpath /home/runner/ycsb-mongodb-binding-0.17.0/conf:/home/runner/ycsb-mongodb-binding-0.17.0/lib/HdrHistogram-2.1.4.jar:/home/runner/ycsb-mongodb-binding-0.17.0/lib/core-0.17.0.jar:/home/runner/ycsb-mongodb-binding-0.17.0/lib/htrace-core4-4.1.0-incubating.jar:/home/runner/ycsb-mongodb-binding-0.17.0/lib/jackson-core-asl-1.9.4.jar:/home/runner/ycsb-mongodb-binding-0.17.0/lib/jackson-mapper-asl-1.9.4.jar:/home/runner/ycsb-mongodb-binding-0.17.0/lib/logback-classic-1.1.2.jar:/home/runner/ycsb-mongodb-binding-0.17.0/lib/logback-core-1.1.2.jar:/home/runner/ycsb-mongodb-binding-0.17.0/lib/mongo-java-driver-3.8.0.jar:/home/runner/ycsb-mongodb-binding-0.17.0/lib/mongodb-async-driver-2.0.1.jar:/home/runner/ycsb-mongodb-binding-0.17.0/lib/mongodb-binding-0.17.0.jar:/home/runner/ycsb-mongodb-binding-0.17.0/lib/slf4j-api-1.7.25.jar:/home/runner/ycsb-mongodb-binding-0.17.0/lib/snappy-java-1.1.7.1.jar site.ycsb.Client -t -db site.ycsb.db.MongoDbClient -s -P /home/runner/ycsb-mongodb-binding-0.17.0/workloads/workloadf -p mongodb.url=mongodb://127.0.0.1:27017/ycsb?w=1 -p measurementtype=raw -p measurement.raw.output_file=/home/runner/work/The-Omni-Compass/The-Omni-Compass/out/ycsb-f/rep-2/omni/notch-7.raw -p recordcount=1250000 -p operationcount=1000000000 -p maxexecutiontime=20 -p target=3000 -p threads=32 -p insertstart=0 -p insertorder=ordered -p requestdistribution=uniform -p seed=100206
mongo client connection created with mongodb://127.0.0.1:27017/ycsb?w=1
Raw data measurement: will output to result file: /home/runner/work/The-Omni-Compass/The-Omni-Compass/out/ycsb-f/rep-2/omni/notch-7.raw
Raw data measurement: will output to result file: /home/runner/work/The-Omni-Compass/The-Omni-Compass/out/ycsb-f/rep-2/omni/notch-7.raw
Raw data measurement: will output to result file: /home/runner/work/The-Omni-Compass/The-Omni-Compass/out/ycsb-f/rep-2/omni/notch-7.raw
Raw data measurement: will output to result file: /home/runner/work/The-Omni-Compass/The-Omni-Compass/out/ycsb-f/rep-2/omni/notch-7.raw
[OVERALL], RunTime(ms), 20002
[OVERALL], Throughput(ops/sec), 2971.8028197180283
[TOTAL_GCS_G1_Young_Generation], Count, 15
[TOTAL_GC_TIME_G1_Young_Generation], Time(ms), 53
[TOTAL_GC_TIME_%_G1_Young_Generation], Time(%), 0.264973502649735
[TOTAL_GCS_G1_Old_Generation], Count, 0
[TOTAL_GC_TIME_G1_Old_Generation], Time(ms), 0
[TOTAL_GC_TIME_%_G1_Old_Generation], Time(%), 0.0
[TOTAL_GCs], Count, 15
[TOTAL_GC_TIME], Time(ms), 53
[TOTAL_GC_TIME_%], Time(%), 0.264973502649735
[READ], Total Operations, 59442
[READ], Below is a summary of latency in microseconds:, -1
[READ], Average, 107.48750042057804
[READ], Min, 45
[READ], Max, 27165
[READ], p1, 50
[READ], p5, 56
[READ], p50, 77
[READ], p90, 252
[READ], p95, 298
[READ], p99, 398
[READ], p99.9, 1051
[READ], p99.99, 7128
[READ], Return=OK, 59442
[READ-MODIFY-WRITE], Total Operations, 29826
[READ-MODIFY-WRITE], Below is a summary of latency in microseconds:, -1
[READ-MODIFY-WRITE], Average, 200.12522631261317
[READ-MODIFY-WRITE], Min, 107
[READ-MODIFY-WRITE], Max, 30689
[READ-MODIFY-WRITE], p1, 114
[READ-MODIFY-WRITE], p5, 120
[READ-MODIFY-WRITE], p50, 170
[READ-MODIFY-WRITE], p90, 345
[READ-MODIFY-WRITE], p95, 408
[READ-MODIFY-WRITE], p99, 602
[READ-MODIFY-WRITE], p99.9, 2065
[READ-MODIFY-WRITE], p99.99, 7997
[CLEANUP], Total Operations, 1
[CLEANUP], Below is a summary of latency in microseconds:, -1
[CLEANUP], Average, 1122.0
[CLEANUP], Min, 1122
[CLEANUP], Max, 1122
[CLEANUP], p1, 1122
[CLEANUP], p5, 1122
[CLEANUP], p50, 1122
[CLEANUP], p90, 1122
[CLEANUP], p95, 1122
[CLEANUP], p99, 1122
[CLEANUP], p99.9, 1122
[CLEANUP], p99.99, 1122
[UPDATE], Total Operations, 29826
[UPDATE], Below is a summary of latency in microseconds:, -1
[UPDATE], Average, 91.34389458861396
[UPDATE], Min, 56
[UPDATE], Max, 4338
[UPDATE], p1, 61
[UPDATE], p5, 62
[UPDATE], p50, 87
[UPDATE], p90, 116
[UPDATE], p95, 136
[UPDATE], p99, 246
[UPDATE], p99.9, 779
[UPDATE], p99.99, 3810
[UPDATE], Return=OK, 29826

Command line: -t -db site.ycsb.db.MongoDbClient -s -P /home/runner/ycsb-mongodb-binding-0.17.0/workloads/workloadf -p mongodb.url=mongodb://127.0.0.1:27017/ycsb?w=1 -p measurementtype=raw -p measurement.raw.output_file=/home/runner/work/The-Omni-Compass/The-Omni-Compass/out/ycsb-f/rep-2/omni/notch-7.raw -p recordcount=1250000 -p operationcount=1000000000 -p maxexecutiontime=20 -p target=3000 -p threads=32 -p insertstart=0 -p insertorder=ordered -p requestdistribution=uniform -p seed=100206
YCSB Client 0.17.0

Loading workload...
Starting test.
Maximum execution time specified as: 20 secs
2026-10-08 05:25:51:819 0 sec: 0 operations; est completion in 0 second 
DBWrapper: report latency for each error is false and specific error codes to track for latency are: []
2026-10-08 05:26:01:796 10 sec: 29440 operations; 2944 current ops/sec; est completion in 3 days 22 hours READ count: 29442, average latency(us): 124.59 READ-MODIFY-WRITE count: 14709, average latency(us): 227.53 UPDATE count: 14709, average latency(us): 101.76 
Maximum time elapsed. Requesting stop for the workload.
Stop requested for workload. Now Joining!
2026-10-08 05:26:11:796 20 sec: 59441 operations; 3000.1 current ops/sec; est completion in 3 days 21 hours READ count: 30000, average latency(us): 90.70 READ-MODIFY-WRITE count: 15117, average latency(us): 173.46 UPDATE count: 15117, average latency(us): 81.21 
2026-10-08 05:26:11:798 20 sec: 59442 operations; 500 current ops/sec; est completion in 3 days 21 hours   CLEANUP count: 1, average latency(us): 1122.00  


/opt/hostedtoolcache/Java_Temurin-Hotspot_jdk/17.0.20-1/x64/bin/java  -classpath /home/runner/ycsb-mongodb-binding-0.17.0/conf:/home/runner/ycsb-mongodb-binding-0.17.0/lib/HdrHistogram-2.1.4.jar:/home/runner/ycsb-mongodb-binding-0.17.0/lib/core-0.17.0.jar:/home/runner/ycsb-mongodb-binding-0.17.0/lib/htrace-core4-4.1.0-incubating.jar:/home/runner/ycsb-mongodb-binding-0.17.0/lib/jackson-core-asl-1.9.4.jar:/home/runner/ycsb-mongodb-binding-0.17.0/lib/jackson-mapper-asl-1.9.4.jar:/home/runner/ycsb-mongodb-binding-0.17.0/lib/logback-classic-1.1.2.jar:/home/runner/ycsb-mongodb-binding-0.17.0/lib/logback-core-1.1.2.jar:/home/runner/ycsb-mongodb-binding-0.17.0/lib/mongo-java-driver-3.8.0.jar:/home/runner/ycsb-mongodb-binding-0.17.0/lib/mongodb-async-driver-2.0.1.jar:/home/runner/ycsb-mongodb-binding-0.17.0/lib/mongodb-binding-0.17.0.jar:/home/runner/ycsb-mongodb-binding-0.17.0/lib/slf4j-api-1.7.25.jar:/home/runner/ycsb-mongodb-binding-0.17.0/lib/snappy-java-1.1.7.1.jar site.ycsb.Client -t -db site.ycsb.db.MongoDbClient -s -P /home/runner/ycsb-mongodb-binding-0.17.0/workloads/workloadf -p mongodb.url=mongodb://127.0.0.1:27017/ycsb?w=1 -p measurementtype=raw -p measurement.raw.output_file=/home/runner/work/The-Omni-Compass/The-Omni-Compass/out/ycsb-f/rep-2/omni/notch-8.raw -p recordcount=1500000 -p operationcount=1000000000 -p maxexecutiontime=20 -p target=3000 -p threads=32 -p insertstart=0 -p insertorder=ordered -p requestdistribution=uniform -p seed=100207
mongo client connection created with mongodb://127.0.0.1:27017/ycsb?w=1
Raw data measurement: will output to result file: /home/runner/work/The-Omni-Compass/The-Omni-Compass/out/ycsb-f/rep-2/omni/notch-8.raw
Raw data measurement: will output to result file: /home/runner/work/The-Omni-Compass/The-Omni-Compass/out/ycsb-f/rep-2/omni/notch-8.raw
Raw data measurement: will output to result file: /home/runner/work/The-Omni-Compass/The-Omni-Compass/out/ycsb-f/rep-2/omni/notch-8.raw
Raw data measurement: will output to result file: /home/runner/work/The-Omni-Compass/The-Omni-Compass/out/ycsb-f/rep-2/omni/notch-8.raw
[OVERALL], RunTime(ms), 20002
[OVERALL], Throughput(ops/sec), 2969.4030596940306
[TOTAL_GCS_G1_Young_Generation], Count, 15
[TOTAL_GC_TIME_G1_Young_Generation], Time(ms), 51
[TOTAL_GC_TIME_%_G1_Young_Generation], Time(%), 0.2549745025497451
[TOTAL_GCS_G1_Old_Generation], Count, 0
[TOTAL_GC_TIME_G1_Old_Generation], Time(ms), 0
[TOTAL_GC_TIME_%_G1_Old_Generation], Time(%), 0.0
[TOTAL_GCs], Count, 15
[TOTAL_GC_TIME], Time(ms), 51
[TOTAL_GC_TIME_%], Time(%), 0.2549745025497451
[READ], Total Operations, 59394
[READ], Below is a summary of latency in microseconds:, -1
[READ], Average, 165.95127453951577
[READ], Min, 45
[READ], Max, 33955
[READ], p1, 50
[READ], p5, 56
[READ], p50, 74
[READ], p90, 253
[READ], p95, 302
[READ], p99, 506
[READ], p99.9, 10112
[READ], p99.99, 18816
[READ], Return=OK, 59394
[READ-MODIFY-WRITE], Total Operations, 29758
[READ-MODIFY-WRITE], Below is a summary of latency in microseconds:, -1
[READ-MODIFY-WRITE], Average, 250.2965925129377
[READ-MODIFY-WRITE], Min, 104
[READ-MODIFY-WRITE], Max, 21655
[READ-MODIFY-WRITE], p1, 115
[READ-MODIFY-WRITE], p5, 121
[READ-MODIFY-WRITE], p50, 159
[READ-MODIFY-WRITE], p90, 345
[READ-MODIFY-WRITE], p95, 410
[READ-MODIFY-WRITE], p99, 751
[READ-MODIFY-WRITE], p99.9, 9900
[READ-MODIFY-WRITE], p99.99, 18762
[CLEANUP], Total Operations, 1
[CLEANUP], Below is a summary of latency in microseconds:, -1
[CLEANUP], Average, 940.0
[CLEANUP], Min, 940
[CLEANUP], Max, 940
[CLEANUP], p1, 940
[CLEANUP], p5, 940
[CLEANUP], p50, 940
[CLEANUP], p90, 940
[CLEANUP], p95, 940
[CLEANUP], p99, 940
[CLEANUP], p99.9, 940
[CLEANUP], p99.99, 940
[UPDATE], Total Operations, 29758
[UPDATE], Below is a summary of latency in microseconds:, -1
[UPDATE], Average, 87.35566906378116
[UPDATE], Min, 56
[UPDATE], Max, 5166
[UPDATE], p1, 61
[UPDATE], p5, 62
[UPDATE], p50, 80
[UPDATE], p90, 112
[UPDATE], p95, 132
[UPDATE], p99, 212
[UPDATE], p99.9, 734
[UPDATE], p99.99, 4052
[UPDATE], Return=OK, 29758

Command line: -t -db site.ycsb.db.MongoDbClient -s -P /home/runner/ycsb-mongodb-binding-0.17.0/workloads/workloadf -p mongodb.url=mongodb://127.0.0.1:27017/ycsb?w=1 -p measurementtype=raw -p measurement.raw.output_file=/home/runner/work/The-Omni-Compass/The-Omni-Compass/out/ycsb-f/rep-2/omni/notch-8.raw -p recordcount=1500000 -p operationcount=1000000000 -p maxexecutiontime=20 -p target=3000 -p threads=32 -p insertstart=0 -p insertorder=ordered -p requestdistribution=uniform -p seed=100207
YCSB Client 0.17.0

Loading workload...
Starting test.
Maximum execution time specified as: 20 secs
2026-10-08 05:26:12:299 0 sec: 0 operations; est completion in 0 second 
DBWrapper: report latency for each error is false and specific error codes to track for latency are: []
2026-10-08 05:26:22:278 10 sec: 28754 operations; 2875.4 current ops/sec; est completion in 4 days READ count: 28754, average latency(us): 130.80 READ-MODIFY-WRITE count: 14419, average latency(us): 229.91 UPDATE count: 14419, average latency(us): 96.27 
Maximum time elapsed. Requesting stop for the workload.
Stop requested for workload. Now Joining!
2026-10-08 05:26:32:278 20 sec: 59394 operations; 3064 current ops/sec; est completion in 3 days 21 hours READ count: 30640, average latency(us): 198.94 READ-MODIFY-WRITE count: 15339, average latency(us): 269.46 UPDATE count: 15339, average latency(us): 78.97 
2026-10-08 05:26:32:280 20 sec: 59394 operations; 0 current ops/sec; est completion in 3 days 21 hours   CLEANUP count: 1, average latency(us): 940.00  


/opt/hostedtoolcache/Java_Temurin-Hotspot_jdk/17.0.20-1/x64/bin/java  -classpath /home/runner/ycsb-mongodb-binding-0.17.0/conf:/home/runner/ycsb-mongodb-binding-0.17.0/lib/HdrHistogram-2.1.4.jar:/home/runner/ycsb-mongodb-binding-0.17.0/lib/core-0.17.0.jar:/home/runner/ycsb-mongodb-binding-0.17.0/lib/htrace-core4-4.1.0-incubating.jar:/home/runner/ycsb-mongodb-binding-0.17.0/lib/jackson-core-asl-1.9.4.jar:/home/runner/ycsb-mongodb-binding-0.17.0/lib/jackson-mapper-asl-1.9.4.jar:/home/runner/ycsb-mongodb-binding-0.17.0/lib/logback-classic-1.1.2.jar:/home/runner/ycsb-mongodb-binding-0.17.0/lib/logback-core-1.1.2.jar:/home/runner/ycsb-mongodb-binding-0.17.0/lib/mongo-java-driver-3.8.0.jar:/home/runner/ycsb-mongodb-binding-0.17.0/lib/mongodb-async-driver-2.0.1.jar:/home/runner/ycsb-mongodb-binding-0.17.0/lib/mongodb-binding-0.17.0.jar:/home/runner/ycsb-mongodb-binding-0.17.0/lib/slf4j-api-1.7.25.jar:/home/runner/ycsb-mongodb-binding-0.17.0/lib/snappy-java-1.1.7.1.jar site.ycsb.Client -t -db site.ycsb.db.MongoDbClient -s -P /home/runner/ycsb-mongodb-binding-0.17.0/workloads/workloadf -p mongodb.url=mongodb://127.0.0.1:27017/ycsb?w=1 -p measurementtype=raw -p measurement.raw.output_file=/home/runner/work/The-Omni-Compass/The-Omni-Compass/out/ycsb-f/rep-2/omni/notch-9.raw -p recordcount=1250000 -p operationcount=1000000000 -p maxexecutiontime=20 -p target=3000 -p threads=32 -p insertstart=0 -p insertorder=ordered -p requestdistribution=uniform -p seed=100208
mongo client connection created with mongodb://127.0.0.1:27017/ycsb?w=1
Raw data measurement: will output to result file: /home/runner/work/The-Omni-Compass/The-Omni-Compass/out/ycsb-f/rep-2/omni/notch-9.raw
Raw data measurement: will output to result file: /home/runner/work/The-Omni-Compass/The-Omni-Compass/out/ycsb-f/rep-2/omni/notch-9.raw
Raw data measurement: will output to result file: /home/runner/work/The-Omni-Compass/The-Omni-Compass/out/ycsb-f/rep-2/omni/notch-9.raw
Raw data measurement: will output to result file: /home/runner/work/The-Omni-Compass/The-Omni-Compass/out/ycsb-f/rep-2/omni/notch-9.raw
[OVERALL], RunTime(ms), 20002
[OVERALL], Throughput(ops/sec), 2968.903109689031
[TOTAL_GCS_G1_Young_Generation], Count, 15
[TOTAL_GC_TIME_G1_Young_Generation], Time(ms), 49
[TOTAL_GC_TIME_%_G1_Young_Generation], Time(%), 0.24497550244975502
[TOTAL_GCS_G1_Old_Generation], Count, 0
[TOTAL_GC_TIME_G1_Old_Generation], Time(ms), 0
[TOTAL_GC_TIME_%_G1_Old_Generation], Time(%), 0.0
[TOTAL_GCs], Count, 15
[TOTAL_GC_TIME], Time(ms), 49
[TOTAL_GC_TIME_%], Time(%), 0.24497550244975502
[READ], Total Operations, 59384
[READ], Below is a summary of latency in microseconds:, -1
[READ], Average, 92.15170753064798
[READ], Min, 47
[READ], Max, 23733
[READ], p1, 51
[READ], p5, 56
[READ], p50, 75
[READ], p90, 111
[READ], p95, 132
[READ], p99, 314
[READ], p99.9, 2354
[READ], p99.99, 10318
[READ], Return=OK, 59384
[READ-MODIFY-WRITE], Total Operations, 29730
[READ-MODIFY-WRITE], Below is a summary of latency in microseconds:, -1
[READ-MODIFY-WRITE], Average, 187.61678439286916
[READ-MODIFY-WRITE], Min, 111
[READ-MODIFY-WRITE], Max, 27079
[READ-MODIFY-WRITE], p1, 117
[READ-MODIFY-WRITE], p5, 124
[READ-MODIFY-WRITE], p50, 165
[READ-MODIFY-WRITE], p90, 229
[READ-MODIFY-WRITE], p95, 283
[READ-MODIFY-WRITE], p99, 509
[READ-MODIFY-WRITE], p99.9, 3388
[READ-MODIFY-WRITE], p99.99, 15213
[CLEANUP], Total Operations, 1
[CLEANUP], Below is a summary of latency in microseconds:, -1
[CLEANUP], Average, 914.0
[CLEANUP], Min, 914
[CLEANUP], Max, 914
[CLEANUP], p1, 914
[CLEANUP], p5, 914
[CLEANUP], p50, 914
[CLEANUP], p90, 914
[CLEANUP], p95, 914
[CLEANUP], p99, 914
[CLEANUP], p99.9, 914
[CLEANUP], p99.99, 914
[UPDATE], Total Operations, 29730
[UPDATE], Below is a summary of latency in microseconds:, -1
[UPDATE], Average, 93.61126807938109
[UPDATE], Min, 58
[UPDATE], Max, 3372
[UPDATE], p1, 62
[UPDATE], p5, 64
[UPDATE], p50, 88
[UPDATE], p90, 119
[UPDATE], p95, 143
[UPDATE], p99, 228
[UPDATE], p99.9, 673
[UPDATE], p99.99, 2926
[UPDATE], Return=OK, 29730

Command line: -t -db site.ycsb.db.MongoDbClient -s -P /home/runner/ycsb-mongodb-binding-0.17.0/workloads/workloadf -p mongodb.url=mongodb://127.0.0.1:27017/ycsb?w=1 -p measurementtype=raw -p measurement.raw.output_file=/home/runner/work/The-Omni-Compass/The-Omni-Compass/out/ycsb-f/rep-2/omni/notch-9.raw -p recordcount=1250000 -p operationcount=1000000000 -p maxexecutiontime=20 -p target=3000 -p threads=32 -p insertstart=0 -p insertorder=ordered -p requestdistribution=uniform -p seed=100208
YCSB Client 0.17.0

Loading workload...
Starting test.
Maximum execution time specified as: 20 secs
2026-10-08 05:26:32:801 0 sec: 0 operations; est completion in 0 second 
DBWrapper: report latency for each error is false and specific error codes to track for latency are: []
2026-10-08 05:26:42:780 10 sec: 29383 operations; 2938.3 current ops/sec; est completion in 3 days 22 hours READ count: 29385, average latency(us): 100.52 READ-MODIFY-WRITE count: 14720, average latency(us): 207.09 UPDATE count: 14720, average latency(us): 102.09 
Maximum time elapsed. Requesting stop for the workload.
Stop requested for workload. Now Joining!
2026-10-08 05:26:52:780 20 sec: 59383 operations; 3000 current ops/sec; est completion in 3 days 21 hours READ count: 29998, average latency(us): 83.95 READ-MODIFY-WRITE count: 15009, average latency(us): 168.48 UPDATE count: 15009, average latency(us): 85.28 
2026-10-08 05:26:52:782 20 sec: 59384 operations; 500 current ops/sec; est completion in 3 days 21 hours READ count: 1, average latency(us): 265.00 READ-MODIFY-WRITE count: 1, average latency(us): 730.00 CLEANUP count: 1, average latency(us): 914.00 UPDATE count: 1, average latency(us): 367.00 


/opt/hostedtoolcache/Java_Temurin-Hotspot_jdk/17.0.20-1/x64/bin/java  -classpath /home/runner/ycsb-mongodb-binding-0.17.0/conf:/home/runner/ycsb-mongodb-binding-0.17.0/lib/HdrHistogram-2.1.4.jar:/home/runner/ycsb-mongodb-binding-0.17.0/lib/core-0.17.0.jar:/home/runner/ycsb-mongodb-binding-0.17.0/lib/htrace-core4-4.1.0-incubating.jar:/home/runner/ycsb-mongodb-binding-0.17.0/lib/jackson-core-asl-1.9.4.jar:/home/runner/ycsb-mongodb-binding-0.17.0/lib/jackson-mapper-asl-1.9.4.jar:/home/runner/ycsb-mongodb-binding-0.17.0/lib/logback-classic-1.1.2.jar:/home/runner/ycsb-mongodb-binding-0.17.0/lib/logback-core-1.1.2.jar:/home/runner/ycsb-mongodb-binding-0.17.0/lib/mongo-java-driver-3.8.0.jar:/home/runner/ycsb-mongodb-binding-0.17.0/lib/mongodb-async-driver-2.0.1.jar:/home/runner/ycsb-mongodb-binding-0.17.0/lib/mongodb-binding-0.17.0.jar:/home/runner/ycsb-mongodb-binding-0.17.0/lib/slf4j-api-1.7.25.jar:/home/runner/ycsb-mongodb-binding-0.17.0/lib/snappy-java-1.1.7.1.jar site.ycsb.Client -t -db site.ycsb.db.MongoDbClient -s -P /home/runner/ycsb-mongodb-binding-0.17.0/workloads/workloadf -p mongodb.url=mongodb://127.0.0.1:27017/ycsb?w=1 -p measurementtype=raw -p measurement.raw.output_file=/home/runner/work/The-Omni-Compass/The-Omni-Compass/out/ycsb-f/rep-2/omni/notch-10.raw -p recordcount=1000000 -p operationcount=1000000000 -p maxexecutiontime=20 -p target=3000 -p threads=32 -p insertstart=0 -p insertorder=ordered -p requestdistribution=uniform -p seed=100209
mongo client connection created with mongodb://127.0.0.1:27017/ycsb?w=1
Raw data measurement: will output to result file: /home/runner/work/The-Omni-Compass/The-Omni-Compass/out/ycsb-f/rep-2/omni/notch-10.raw
Raw data measurement: will output to result file: /home/runner/work/The-Omni-Compass/The-Omni-Compass/out/ycsb-f/rep-2/omni/notch-10.raw
Raw data measurement: will output to result file: /home/runner/work/The-Omni-Compass/The-Omni-Compass/out/ycsb-f/rep-2/omni/notch-10.raw
Raw data measurement: will output to result file: /home/runner/work/The-Omni-Compass/The-Omni-Compass/out/ycsb-f/rep-2/omni/notch-10.raw
[OVERALL], RunTime(ms), 20002
[OVERALL], Throughput(ops/sec), 2970.4029597040294
[TOTAL_GCS_G1_Young_Generation], Count, 15
[TOTAL_GC_TIME_G1_Young_Generation], Time(ms), 50
[TOTAL_GC_TIME_%_G1_Young_Generation], Time(%), 0.24997500249975005
[TOTAL_GCS_G1_Old_Generation], Count, 0
[TOTAL_GC_TIME_G1_Old_Generation], Time(ms), 0
[TOTAL_GC_TIME_%_G1_Old_Generation], Time(%), 0.0
[TOTAL_GCs], Count, 15
[TOTAL_GC_TIME], Time(ms), 50
[TOTAL_GC_TIME_%], Time(%), 0.24997500249975005
[READ], Total Operations, 59414
[READ], Below is a summary of latency in microseconds:, -1
[READ], Average, 81.06601137778975
[READ], Min, 45
[READ], Max, 26988
[READ], p1, 49
[READ], p5, 52
[READ], p50, 70
[READ], p90, 103
[READ], p95, 123
[READ], p99, 251
[READ], p99.9, 902
[READ], p99.99, 3739
[READ], Return=OK, 59414
[READ-MODIFY-WRITE], Total Operations, 29701
[READ-MODIFY-WRITE], Below is a summary of latency in microseconds:, -1
[READ-MODIFY-WRITE], Average, 171.20911753813002
[READ-MODIFY-WRITE], Min, 104
[READ-MODIFY-WRITE], Max, 6116
[READ-MODIFY-WRITE], p1, 113
[READ-MODIFY-WRITE], p5, 119
[READ-MODIFY-WRITE], p50, 151
[READ-MODIFY-WRITE], p90, 212
[READ-MODIFY-WRITE], p95, 259
[READ-MODIFY-WRITE], p99, 512
[READ-MODIFY-WRITE], p99.9, 1486
[READ-MODIFY-WRITE], p99.99, 5149
[CLEANUP], Total Operations, 1
[CLEANUP], Below is a summary of latency in microseconds:, -1
[CLEANUP], Average, 1147.0
[CLEANUP], Min, 1147
[CLEANUP], Max, 1147
[CLEANUP], p1, 1147
[CLEANUP], p5, 1147
[CLEANUP], p50, 1147
[CLEANUP], p90, 1147
[CLEANUP], p95, 1147
[CLEANUP], p99, 1147
[CLEANUP], p99.9, 1147
[CLEANUP], p99.99, 1147
[UPDATE], Total Operations, 29701
[UPDATE], Below is a summary of latency in microseconds:, -1
[UPDATE], Average, 89.69448840106394
[UPDATE], Min, 55
[UPDATE], Max, 5690
[UPDATE], p1, 60
[UPDATE], p5, 62
[UPDATE], p50, 81
[UPDATE], p90, 113
[UPDATE], p95, 135
[UPDATE], p99, 250
[UPDATE], p99.9, 660
[UPDATE], p99.99, 4903
[UPDATE], Return=OK, 29701

Command line: -t -db site.ycsb.db.MongoDbClient -s -P /home/runner/ycsb-mongodb-binding-0.17.0/workloads/workloadf -p mongodb.url=mongodb://127.0.0.1:27017/ycsb?w=1 -p measurementtype=raw -p measurement.raw.output_file=/home/runner/work/The-Omni-Compass/The-Omni-Compass/out/ycsb-f/rep-2/omni/notch-10.raw -p recordcount=1000000 -p operationcount=1000000000 -p maxexecutiontime=20 -p target=3000 -p threads=32 -p insertstart=0 -p insertorder=ordered -p requestdistribution=uniform -p seed=100209
YCSB Client 0.17.0

Loading workload...
Starting test.
Maximum execution time specified as: 20 secs
2026-10-08 05:26:53:309 0 sec: 0 operations; est completion in 0 second 
DBWrapper: report latency for each error is false and specific error codes to track for latency are: []
2026-10-08 05:27:03:285 10 sec: 29414 operations; 2941.4 current ops/sec; est completion in 3 days 22 hours READ count: 29415, average latency(us): 89.20 READ-MODIFY-WRITE count: 14670, average latency(us): 186.56 UPDATE count: 14670, average latency(us): 97.43 
Maximum time elapsed. Requesting stop for the workload.
Stop requested for workload. Now Joining!
2026-10-08 05:27:13:285 20 sec: 59413 operations; 2999.9 current ops/sec; est completion in 3 days 21 hours READ count: 29999, average latency(us): 73.09 READ-MODIFY-WRITE count: 15031, average latency(us): 156.22 UPDATE count: 15031, average latency(us): 82.14 
2026-10-08 05:27:13:287 20 sec: 59414 operations; 500 current ops/sec; est completion in 3 days 21 hours   CLEANUP count: 1, average latency(us): 1147.00  


/opt/hostedtoolcache/Java_Temurin-Hotspot_jdk/17.0.20-1/x64/bin/java  -classpath /home/runner/ycsb-mongodb-binding-0.17.0/conf:/home/runner/ycsb-mongodb-binding-0.17.0/lib/HdrHistogram-2.1.4.jar:/home/runner/ycsb-mongodb-binding-0.17.0/lib/core-0.17.0.jar:/home/runner/ycsb-mongodb-binding-0.17.0/lib/htrace-core4-4.1.0-incubating.jar:/home/runner/ycsb-mongodb-binding-0.17.0/lib/jackson-core-asl-1.9.4.jar:/home/runner/ycsb-mongodb-binding-0.17.0/lib/jackson-mapper-asl-1.9.4.jar:/home/runner/ycsb-mongodb-binding-0.17.0/lib/logback-classic-1.1.2.jar:/home/runner/ycsb-mongodb-binding-0.17.0/lib/logback-core-1.1.2.jar:/home/runner/ycsb-mongodb-binding-0.17.0/lib/mongo-java-driver-3.8.0.jar:/home/runner/ycsb-mongodb-binding-0.17.0/lib/mongodb-async-driver-2.0.1.jar:/home/runner/ycsb-mongodb-binding-0.17.0/lib/mongodb-binding-0.17.0.jar:/home/runner/ycsb-mongodb-binding-0.17.0/lib/slf4j-api-1.7.25.jar:/home/runner/ycsb-mongodb-binding-0.17.0/lib/snappy-java-1.1.7.1.jar site.ycsb.Client -t -db site.ycsb.db.MongoDbClient -s -P /home/runner/ycsb-mongodb-binding-0.17.0/workloads/workloadf -p mongodb.url=mongodb://127.0.0.1:27017/ycsb?w=1 -p measurementtype=raw -p measurement.raw.output_file=/home/runner/work/The-Omni-Compass/The-Omni-Compass/out/ycsb-f/rep-2/omni/notch-11.raw -p recordcount=750000 -p operationcount=1000000000 -p maxexecutiontime=20 -p target=3000 -p threads=32 -p insertstart=0 -p insertorder=ordered -p requestdistribution=uniform -p seed=100210
mongo client connection created with mongodb://127.0.0.1:27017/ycsb?w=1
Raw data measurement: will output to result file: /home/runner/work/The-Omni-Compass/The-Omni-Compass/out/ycsb-f/rep-2/omni/notch-11.raw
Raw data measurement: will output to result file: /home/runner/work/The-Omni-Compass/The-Omni-Compass/out/ycsb-f/rep-2/omni/notch-11.raw
Raw data measurement: will output to result file: /home/runner/work/The-Omni-Compass/The-Omni-Compass/out/ycsb-f/rep-2/omni/notch-11.raw
Raw data measurement: will output to result file: /home/runner/work/The-Omni-Compass/The-Omni-Compass/out/ycsb-f/rep-2/omni/notch-11.raw
[OVERALL], RunTime(ms), 20006
[OVERALL], Throughput(ops/sec), 2968.659402179346
[TOTAL_GCS_G1_Young_Generation], Count, 15
[TOTAL_GC_TIME_G1_Young_Generation], Time(ms), 51
[TOTAL_GC_TIME_%_G1_Young_Generation], Time(%), 0.25492352294311704
[TOTAL_GCS_G1_Old_Generation], Count, 0
[TOTAL_GC_TIME_G1_Old_Generation], Time(ms), 0
[TOTAL_GC_TIME_%_G1_Old_Generation], Time(%), 0.0
[TOTAL_GCs], Count, 15
[TOTAL_GC_TIME], Time(ms), 51
[TOTAL_GC_TIME_%], Time(%), 0.25492352294311704
[READ], Total Operations, 59391
[READ], Below is a summary of latency in microseconds:, -1
[READ], Average, 82.8532100823357
[READ], Min, 45
[READ], Max, 28133
[READ], p1, 49
[READ], p5, 53
[READ], p50, 72
[READ], p90, 105
[READ], p95, 123
[READ], p99, 243
[READ], p99.9, 864
[READ], p99.99, 4112
[READ], Return=OK, 59391
[READ-MODIFY-WRITE], Total Operations, 29615
[READ-MODIFY-WRITE], Below is a summary of latency in microseconds:, -1
[READ-MODIFY-WRITE], Average, 170.65605267600878
[READ-MODIFY-WRITE], Min, 105
[READ-MODIFY-WRITE], Max, 5427
[READ-MODIFY-WRITE], p1, 113
[READ-MODIFY-WRITE], p5, 119
[READ-MODIFY-WRITE], p50, 149
[READ-MODIFY-WRITE], p90, 215
[READ-MODIFY-WRITE], p95, 259
[READ-MODIFY-WRITE], p99, 519
[READ-MODIFY-WRITE], p99.9, 1700
[READ-MODIFY-WRITE], p99.99, 4287
[CLEANUP], Total Operations, 1
[CLEANUP], Below is a summary of latency in microseconds:, -1
[CLEANUP], Average, 949.0
[CLEANUP], Min, 949
[CLEANUP], Max, 949
[CLEANUP], p1, 949
[CLEANUP], p5, 949
[CLEANUP], p50, 949
[CLEANUP], p90, 949
[CLEANUP], p95, 949
[CLEANUP], p99, 949
[CLEANUP], p99.9, 949
[CLEANUP], p99.99, 949
[UPDATE], Total Operations, 29615
[UPDATE], Below is a summary of latency in microseconds:, -1
[UPDATE], Average, 86.97707242951208
[UPDATE], Min, 55
[UPDATE], Max, 3666
[UPDATE], p1, 60
[UPDATE], p5, 62
[UPDATE], p50, 74
[UPDATE], p90, 110
[UPDATE], p95, 133
[UPDATE], p99, 251
[UPDATE], p99.9, 773
[UPDATE], p99.99, 2603
[UPDATE], Return=OK, 29615

Command line: -t -db site.ycsb.db.MongoDbClient -s -P /home/runner/ycsb-mongodb-binding-0.17.0/workloads/workloadf -p mongodb.url=mongodb://127.0.0.1:27017/ycsb?w=1 -p measurementtype=raw -p measurement.raw.output_file=/home/runner/work/The-Omni-Compass/The-Omni-Compass/out/ycsb-f/rep-2/omni/notch-11.raw -p recordcount=750000 -p operationcount=1000000000 -p maxexecutiontime=20 -p target=3000 -p threads=32 -p insertstart=0 -p insertorder=ordered -p requestdistribution=uniform -p seed=100210
YCSB Client 0.17.0

Loading workload...
Starting test.
Maximum execution time specified as: 20 secs
2026-10-08 05:27:13:804 0 sec: 0 operations; est completion in 0 second 
DBWrapper: report latency for each error is false and specific error codes to track for latency are: []
2026-10-08 05:27:23:782 10 sec: 29379 operations; 2937.61 current ops/sec; est completion in 3 days 22 hours READ count: 29381, average latency(us): 88.19 READ-MODIFY-WRITE count: 14670, average latency(us): 182.01 UPDATE count: 14670, average latency(us): 92.97 
2026-10-08 05:27:33:782 20 sec: 59379 operations; 3000 current ops/sec; est completion in 3 days 21 hours READ count: 29999, average latency(us): 77.62 READ-MODIFY-WRITE count: 14940, average latency(us): 159.50 UPDATE count: 14940, average latency(us): 81.09 
Maximum time elapsed. Requesting stop for the workload.
Stop requested for workload. Now Joining!
2026-10-08 05:27:33:787 20 sec: 59391 operations; 2400 current ops/sec; est completion in 3 days 21 hours READ count: 11, average latency(us): 91.82 READ-MODIFY-WRITE count: 5, average latency(us): 188.40 CLEANUP count: 1, average latency(us): 949.00 UPDATE count: 5, average latency(us): 96.20 


/opt/hostedtoolcache/Java_Temurin-Hotspot_jdk/17.0.20-1/x64/bin/java  -classpath /home/runner/ycsb-mongodb-binding-0.17.0/conf:/home/runner/ycsb-mongodb-binding-0.17.0/lib/HdrHistogram-2.1.4.jar:/home/runner/ycsb-mongodb-binding-0.17.0/lib/core-0.17.0.jar:/home/runner/ycsb-mongodb-binding-0.17.0/lib/htrace-core4-4.1.0-incubating.jar:/home/runner/ycsb-mongodb-binding-0.17.0/lib/jackson-core-asl-1.9.4.jar:/home/runner/ycsb-mongodb-binding-0.17.0/lib/jackson-mapper-asl-1.9.4.jar:/home/runner/ycsb-mongodb-binding-0.17.0/lib/logback-classic-1.1.2.jar:/home/runner/ycsb-mongodb-binding-0.17.0/lib/logback-core-1.1.2.jar:/home/runner/ycsb-mongodb-binding-0.17.0/lib/mongo-java-driver-3.8.0.jar:/home/runner/ycsb-mongodb-binding-0.17.0/lib/mongodb-async-driver-2.0.1.jar:/home/runner/ycsb-mongodb-binding-0.17.0/lib/mongodb-binding-0.17.0.jar:/home/runner/ycsb-mongodb-binding-0.17.0/lib/slf4j-api-1.7.25.jar:/home/runner/ycsb-mongodb-binding-0.17.0/lib/snappy-java-1.1.7.1.jar site.ycsb.Client -t -db site.ycsb.db.MongoDbClient -s -P /home/runner/ycsb-mongodb-binding-0.17.0/workloads/workloadf -p mongodb.url=mongodb://127.0.0.1:27017/ycsb?w=1 -p measurementtype=raw -p measurement.raw.output_file=/home/runner/work/The-Omni-Compass/The-Omni-Compass/out/ycsb-f/rep-2/omni/notch-12.raw -p recordcount=500000 -p operationcount=1000000000 -p maxexecutiontime=20 -p target=3000 -p threads=32 -p insertstart=0 -p insertorder=ordered -p requestdistribution=uniform -p seed=100211
mongo client connection created with mongodb://127.0.0.1:27017/ycsb?w=1
Raw data measurement: will output to result file: /home/runner/work/The-Omni-Compass/The-Omni-Compass/out/ycsb-f/rep-2/omni/notch-12.raw
Raw data measurement: will output to result file: /home/runner/work/The-Omni-Compass/The-Omni-Compass/out/ycsb-f/rep-2/omni/notch-12.raw
Raw data measurement: will output to result file: /home/runner/work/The-Omni-Compass/The-Omni-Compass/out/ycsb-f/rep-2/omni/notch-12.raw
Raw data measurement: will output to result file: /home/runner/work/The-Omni-Compass/The-Omni-Compass/out/ycsb-f/rep-2/omni/notch-12.raw
[OVERALL], RunTime(ms), 20002
[OVERALL], Throughput(ops/sec), 2970.2529747025296
[TOTAL_GCS_G1_Young_Generation], Count, 15
[TOTAL_GC_TIME_G1_Young_Generation], Time(ms), 48
[TOTAL_GC_TIME_%_G1_Young_Generation], Time(%), 0.23997600239976002
[TOTAL_GCS_G1_Old_Generation], Count, 0
[TOTAL_GC_TIME_G1_Old_Generation], Time(ms), 0
[TOTAL_GC_TIME_%_G1_Old_Generation], Time(%), 0.0
[TOTAL_GCs], Count, 15
[TOTAL_GC_TIME], Time(ms), 48
[TOTAL_GC_TIME_%], Time(%), 0.23997600239976002
[READ], Total Operations, 59411
[READ], Below is a summary of latency in microseconds:, -1
[READ], Average, 77.83430677820606
[READ], Min, 44
[READ], Max, 26054
[READ], p1, 47
[READ], p5, 49
[READ], p50, 68
[READ], p90, 98
[READ], p95, 118
[READ], p99, 199
[READ], p99.9, 960
[READ], p99.99, 4751
[READ], Return=OK, 59411
[READ-MODIFY-WRITE], Total Operations, 29844
[READ-MODIFY-WRITE], Below is a summary of latency in microseconds:, -1
[READ-MODIFY-WRITE], Average, 167.02134432381717
[READ-MODIFY-WRITE], Min, 103
[READ-MODIFY-WRITE], Max, 8628
[READ-MODIFY-WRITE], p1, 109
[READ-MODIFY-WRITE], p5, 114
[READ-MODIFY-WRITE], p50, 148
[READ-MODIFY-WRITE], p90, 213
[READ-MODIFY-WRITE], p95, 249
[READ-MODIFY-WRITE], p99, 440
[READ-MODIFY-WRITE], p99.9, 1870
[READ-MODIFY-WRITE], p99.99, 5343
[CLEANUP], Total Operations, 1
[CLEANUP], Below is a summary of latency in microseconds:, -1
[CLEANUP], Average, 1038.0
[CLEANUP], Min, 1038
[CLEANUP], Max, 1038
[CLEANUP], p1, 1038
[CLEANUP], p5, 1038
[CLEANUP], p50, 1038
[CLEANUP], p90, 1038
[CLEANUP], p95, 1038
[CLEANUP], p99, 1038
[CLEANUP], p99.9, 1038
[CLEANUP], p99.99, 1038
[UPDATE], Total Operations, 29844
[UPDATE], Below is a summary of latency in microseconds:, -1
[UPDATE], Average, 88.19980565607827
[UPDATE], Min, 54
[UPDATE], Max, 4219
[UPDATE], p1, 59
[UPDATE], p5, 61
[UPDATE], p50, 79
[UPDATE], p90, 114
[UPDATE], p95, 132
[UPDATE], p99, 220
[UPDATE], p99.9, 870
[UPDATE], p99.99, 3718
[UPDATE], Return=OK, 29844

Command line: -t -db site.ycsb.db.MongoDbClient -s -P /home/runner/ycsb-mongodb-binding-0.17.0/workloads/workloadf -p mongodb.url=mongodb://127.0.0.1:27017/ycsb?w=1 -p measurementtype=raw -p measurement.raw.output_file=/home/runner/work/The-Omni-Compass/The-Omni-Compass/out/ycsb-f/rep-2/omni/notch-12.raw -p recordcount=500000 -p operationcount=1000000000 -p maxexecutiontime=20 -p target=3000 -p threads=32 -p insertstart=0 -p insertorder=ordered -p requestdistribution=uniform -p seed=100211
YCSB Client 0.17.0

Loading workload...
Starting test.
Maximum execution time specified as: 20 secs
2026-10-08 05:27:34:302 0 sec: 0 operations; est completion in 0 second 
DBWrapper: report latency for each error is false and specific error codes to track for latency are: []
2026-10-08 05:27:44:282 10 sec: 29410 operations; 2941 current ops/sec; est completion in 3 days 22 hours READ count: 29411, average latency(us): 86.12 READ-MODIFY-WRITE count: 14777, average latency(us): 185.28 UPDATE count: 14777, average latency(us): 97.94 
Maximum time elapsed. Requesting stop for the workload.
Stop requested for workload. Now Joining!
2026-10-08 05:27:54:282 20 sec: 59410 operations; 3000 current ops/sec; est completion in 3 days 21 hours READ count: 30000, average latency(us): 69.71 READ-MODIFY-WRITE count: 15066, average latency(us): 149.10 UPDATE count: 15067, average latency(us): 78.65 
2026-10-08 05:27:54:284 20 sec: 59411 operations; 500 current ops/sec; est completion in 3 days 21 hours  READ-MODIFY-WRITE count: 1, average latency(us): 386.00 CLEANUP count: 1, average latency(us): 1038.00  


/opt/hostedtoolcache/Java_Temurin-Hotspot_jdk/17.0.20-1/x64/bin/java  -classpath /home/runner/ycsb-mongodb-binding-0.17.0/conf:/home/runner/ycsb-mongodb-binding-0.17.0/lib/HdrHistogram-2.1.4.jar:/home/runner/ycsb-mongodb-binding-0.17.0/lib/core-0.17.0.jar:/home/runner/ycsb-mongodb-binding-0.17.0/lib/htrace-core4-4.1.0-incubating.jar:/home/runner/ycsb-mongodb-binding-0.17.0/lib/jackson-core-asl-1.9.4.jar:/home/runner/ycsb-mongodb-binding-0.17.0/lib/jackson-mapper-asl-1.9.4.jar:/home/runner/ycsb-mongodb-binding-0.17.0/lib/logback-classic-1.1.2.jar:/home/runner/ycsb-mongodb-binding-0.17.0/lib/logback-core-1.1.2.jar:/home/runner/ycsb-mongodb-binding-0.17.0/lib/mongo-java-driver-3.8.0.jar:/home/runner/ycsb-mongodb-binding-0.17.0/lib/mongodb-async-driver-2.0.1.jar:/home/runner/ycsb-mongodb-binding-0.17.0/lib/mongodb-binding-0.17.0.jar:/home/runner/ycsb-mongodb-binding-0.17.0/lib/slf4j-api-1.7.25.jar:/home/runner/ycsb-mongodb-binding-0.17.0/lib/snappy-java-1.1.7.1.jar site.ycsb.Client -t -db site.ycsb.db.MongoDbClient -s -P /home/runner/ycsb-mongodb-binding-0.17.0/workloads/workloadf -p mongodb.url=mongodb://127.0.0.1:27017/ycsb?w=1 -p measurementtype=raw -p measurement.raw.output_file=/home/runner/work/The-Omni-Compass/The-Omni-Compass/out/ycsb-f/rep-2/omni/notch-13.raw -p recordcount=250000 -p operationcount=1000000000 -p maxexecutiontime=20 -p target=3000 -p threads=32 -p insertstart=0 -p insertorder=ordered -p requestdistribution=uniform -p seed=100212
mongo client connection created with mongodb://127.0.0.1:27017/ycsb?w=1
Raw data measurement: will output to result file: /home/runner/work/The-Omni-Compass/The-Omni-Compass/out/ycsb-f/rep-2/omni/notch-13.raw
Raw data measurement: will output to result file: /home/runner/work/The-Omni-Compass/The-Omni-Compass/out/ycsb-f/rep-2/omni/notch-13.raw
Raw data measurement: will output to result file: /home/runner/work/The-Omni-Compass/The-Omni-Compass/out/ycsb-f/rep-2/omni/notch-13.raw
Raw data measurement: will output to result file: /home/runner/work/The-Omni-Compass/The-Omni-Compass/out/ycsb-f/rep-2/omni/notch-13.raw
[OVERALL], RunTime(ms), 20002
[OVERALL], Throughput(ops/sec), 2969.95300469953
[TOTAL_GCS_G1_Young_Generation], Count, 15
[TOTAL_GC_TIME_G1_Young_Generation], Time(ms), 48
[TOTAL_GC_TIME_%_G1_Young_Generation], Time(%), 0.23997600239976002
[TOTAL_GCS_G1_Old_Generation], Count, 0
[TOTAL_GC_TIME_G1_Old_Generation], Time(ms), 0
[TOTAL_GC_TIME_%_G1_Old_Generation], Time(%), 0.0
[TOTAL_GCs], Count, 15
[TOTAL_GC_TIME], Time(ms), 48
[TOTAL_GC_TIME_%], Time(%), 0.23997600239976002
[READ], Total Operations, 59405
[READ], Below is a summary of latency in microseconds:, -1
[READ], Average, 70.74655332042758
[READ], Min, 43
[READ], Max, 28856
[READ], p1, 46
[READ], p5, 47
[READ], p50, 61
[READ], p90, 89
[READ], p95, 108
[READ], p99, 184
[READ], p99.9, 690
[READ], p99.99, 4248
[READ], Return=OK, 59405
[READ-MODIFY-WRITE], Total Operations, 29716
[READ-MODIFY-WRITE], Below is a summary of latency in microseconds:, -1
[READ-MODIFY-WRITE], Average, 153.41004845874278
[READ-MODIFY-WRITE], Min, 101
[READ-MODIFY-WRITE], Max, 33429
[READ-MODIFY-WRITE], p1, 106
[READ-MODIFY-WRITE], p5, 109
[READ-MODIFY-WRITE], p50, 128
[READ-MODIFY-WRITE], p90, 190
[READ-MODIFY-WRITE], p95, 236
[READ-MODIFY-WRITE], p99, 425
[READ-MODIFY-WRITE], p99.9, 1824
[READ-MODIFY-WRITE], p99.99, 5077
[CLEANUP], Total Operations, 1
[CLEANUP], Below is a summary of latency in microseconds:, -1
[CLEANUP], Average, 962.0
[CLEANUP], Min, 962
[CLEANUP], Max, 962
[CLEANUP], p1, 962
[CLEANUP], p5, 962
[CLEANUP], p50, 962
[CLEANUP], p90, 962
[CLEANUP], p95, 962
[CLEANUP], p99, 962
[CLEANUP], p99.9, 962
[CLEANUP], p99.99, 962
[UPDATE], Total Operations, 29716
[UPDATE], Below is a summary of latency in microseconds:, -1
[UPDATE], Average, 80.89302059496568
[UPDATE], Min, 55
[UPDATE], Max, 4996
[UPDATE], p1, 58
[UPDATE], p5, 59
[UPDATE], p50, 66
[UPDATE], p90, 100
[UPDATE], p95, 124
[UPDATE], p99, 216
[UPDATE], p99.9, 744
[UPDATE], p99.99, 4041
[UPDATE], Return=OK, 29716

Command line: -t -db site.ycsb.db.MongoDbClient -s -P /home/runner/ycsb-mongodb-binding-0.17.0/workloads/workloadf -p mongodb.url=mongodb://127.0.0.1:27017/ycsb?w=1 -p measurementtype=raw -p measurement.raw.output_file=/home/runner/work/The-Omni-Compass/The-Omni-Compass/out/ycsb-f/rep-2/omni/notch-13.raw -p recordcount=250000 -p operationcount=1000000000 -p maxexecutiontime=20 -p target=3000 -p threads=32 -p insertstart=0 -p insertorder=ordered -p requestdistribution=uniform -p seed=100212
YCSB Client 0.17.0

Loading workload...
Starting test.
Maximum execution time specified as: 20 secs
2026-10-08 05:27:54:780 0 sec: 0 operations; est completion in 0 second 
DBWrapper: report latency for each error is false and specific error codes to track for latency are: []
2026-10-08 05:28:04:758 10 sec: 29404 operations; 2940.11 current ops/sec; est completion in 3 days 22 hours READ count: 29406, average latency(us): 77.85 READ-MODIFY-WRITE count: 14720, average latency(us): 169.03 UPDATE count: 14720, average latency(us): 88.74 
Maximum time elapsed. Requesting stop for the workload.
Stop requested for workload. Now Joining!
2026-10-08 05:28:14:758 20 sec: 59404 operations; 3000.3 current ops/sec; est completion in 3 days 21 hours READ count: 29999, average latency(us): 63.78 READ-MODIFY-WRITE count: 14996, average latency(us): 138.08 UPDATE count: 14996, average latency(us): 73.19 
2026-10-08 05:28:14:759 20 sec: 59405 operations; 500 current ops/sec; est completion in 3 days 21 hours   CLEANUP count: 1, average latency(us): 962.00  


/opt/hostedtoolcache/Java_Temurin-Hotspot_jdk/17.0.20-1/x64/bin/java  -classpath /home/runner/ycsb-mongodb-binding-0.17.0/conf:/home/runner/ycsb-mongodb-binding-0.17.0/lib/HdrHistogram-2.1.4.jar:/home/runner/ycsb-mongodb-binding-0.17.0/lib/core-0.17.0.jar:/home/runner/ycsb-mongodb-binding-0.17.0/lib/htrace-core4-4.1.0-incubating.jar:/home/runner/ycsb-mongodb-binding-0.17.0/lib/jackson-core-asl-1.9.4.jar:/home/runner/ycsb-mongodb-binding-0.17.0/lib/jackson-mapper-asl-1.9.4.jar:/home/runner/ycsb-mongodb-binding-0.17.0/lib/logback-classic-1.1.2.jar:/home/runner/ycsb-mongodb-binding-0.17.0/lib/logback-core-1.1.2.jar:/home/runner/ycsb-mongodb-binding-0.17.0/lib/mongo-java-driver-3.8.0.jar:/home/runner/ycsb-mongodb-binding-0.17.0/lib/mongodb-async-driver-2.0.1.jar:/home/runner/ycsb-mongodb-binding-0.17.0/lib/mongodb-binding-0.17.0.jar:/home/runner/ycsb-mongodb-binding-0.17.0/lib/slf4j-api-1.7.25.jar:/home/runner/ycsb-mongodb-binding-0.17.0/lib/snappy-java-1.1.7.1.jar site.ycsb.Client -t -db site.ycsb.db.MongoDbClient -s -P /home/runner/ycsb-mongodb-binding-0.17.0/workloads/workloadf -p mongodb.url=mongodb://127.0.0.1:27017/ycsb?w=1 -p measurementtype=raw -p measurement.raw.output_file=/home/runner/work/The-Omni-Compass/The-Omni-Compass/out/ycsb-f/rep-2/omni/notch-14.raw -p recordcount=500000 -p operationcount=1000000000 -p maxexecutiontime=20 -p target=3000 -p threads=32 -p insertstart=0 -p insertorder=ordered -p requestdistribution=uniform -p seed=100213
mongo client connection created with mongodb://127.0.0.1:27017/ycsb?w=1
Raw data measurement: will output to result file: /home/runner/work/The-Omni-Compass/The-Omni-Compass/out/ycsb-f/rep-2/omni/notch-14.raw
Raw data measurement: will output to result file: /home/runner/work/The-Omni-Compass/The-Omni-Compass/out/ycsb-f/rep-2/omni/notch-14.raw
Raw data measurement: will output to result file: /home/runner/work/The-Omni-Compass/The-Omni-Compass/out/ycsb-f/rep-2/omni/notch-14.raw
Raw data measurement: will output to result file: /home/runner/work/The-Omni-Compass/The-Omni-Compass/out/ycsb-f/rep-2/omni/notch-14.raw
[OVERALL], RunTime(ms), 20002
[OVERALL], Throughput(ops/sec), 2972.2027797220276
[TOTAL_GCS_G1_Young_Generation], Count, 15
[TOTAL_GC_TIME_G1_Young_Generation], Time(ms), 51
[TOTAL_GC_TIME_%_G1_Young_Generation], Time(%), 0.2549745025497451
[TOTAL_GCS_G1_Old_Generation], Count, 0
[TOTAL_GC_TIME_G1_Old_Generation], Time(ms), 0
[TOTAL_GC_TIME_%_G1_Old_Generation], Time(%), 0.0
[TOTAL_GCs], Count, 15
[TOTAL_GC_TIME], Time(ms), 51
[TOTAL_GC_TIME_%], Time(%), 0.2549745025497451
[READ], Total Operations, 59450
[READ], Below is a summary of latency in microseconds:, -1
[READ], Average, 74.74391925988225
[READ], Min, 44
[READ], Max, 28497
[READ], p1, 47
[READ], p5, 49
[READ], p50, 65
[READ], p90, 94
[READ], p95, 111
[READ], p99, 190
[READ], p99.9, 807
[READ], p99.99, 4480
[READ], Return=OK, 59450
[READ-MODIFY-WRITE], Total Operations, 29751
[READ-MODIFY-WRITE], Below is a summary of latency in microseconds:, -1
[READ-MODIFY-WRITE], Average, 158.05882155221673
[READ-MODIFY-WRITE], Min, 100
[READ-MODIFY-WRITE], Max, 33088
[READ-MODIFY-WRITE], p1, 108
[READ-MODIFY-WRITE], p5, 111
[READ-MODIFY-WRITE], p50, 134
[READ-MODIFY-WRITE], p90, 197
[READ-MODIFY-WRITE], p95, 236
[READ-MODIFY-WRITE], p99, 422
[READ-MODIFY-WRITE], p99.9, 1723
[READ-MODIFY-WRITE], p99.99, 5999
[CLEANUP], Total Operations, 1
[CLEANUP], Below is a summary of latency in microseconds:, -1
[CLEANUP], Average, 1104.0
[CLEANUP], Min, 1104
[CLEANUP], Max, 1104
[CLEANUP], p1, 1104
[CLEANUP], p5, 1104
[CLEANUP], p50, 1104
[CLEANUP], p90, 1104
[CLEANUP], p95, 1104
[CLEANUP], p99, 1104
[CLEANUP], p99.9, 1104
[CLEANUP], p99.99, 1104
[UPDATE], Total Operations, 29751
[UPDATE], Below is a summary of latency in microseconds:, -1
[UPDATE], Average, 81.96279116668347
[UPDATE], Min, 54
[UPDATE], Max, 4833
[UPDATE], p1, 58
[UPDATE], p5, 60
[UPDATE], p50, 68
[UPDATE], p90, 103
[UPDATE], p95, 125
[UPDATE], p99, 217
[UPDATE], p99.9, 869
[UPDATE], p99.99, 3864
[UPDATE], Return=OK, 29751

Command line: -t -db site.ycsb.db.MongoDbClient -s -P /home/runner/ycsb-mongodb-binding-0.17.0/workloads/workloadf -p mongodb.url=mongodb://127.0.0.1:27017/ycsb?w=1 -p measurementtype=raw -p measurement.raw.output_file=/home/runner/work/The-Omni-Compass/The-Omni-Compass/out/ycsb-f/rep-2/omni/notch-14.raw -p recordcount=500000 -p operationcount=1000000000 -p maxexecutiontime=20 -p target=3000 -p threads=32 -p insertstart=0 -p insertorder=ordered -p requestdistribution=uniform -p seed=100213
YCSB Client 0.17.0

Loading workload...
Starting test.
Maximum execution time specified as: 20 secs
2026-10-08 05:28:15:285 0 sec: 0 operations; est completion in 0 second 
DBWrapper: report latency for each error is false and specific error codes to track for latency are: []
2026-10-08 05:28:25:264 10 sec: 29449 operations; 2944.9 current ops/sec; est completion in 3 days 22 hours READ count: 29450, average latency(us): 82.01 READ-MODIFY-WRITE count: 14713, average latency(us): 174.58 UPDATE count: 14713, average latency(us): 90.86 
Maximum time elapsed. Requesting stop for the workload.
Stop requested for workload. Now Joining!
2026-10-08 05:28:35:264 20 sec: 59449 operations; 3000 current ops/sec; est completion in 3 days 21 hours READ count: 30000, average latency(us): 67.62 READ-MODIFY-WRITE count: 15038, average latency(us): 141.90 UPDATE count: 15038, average latency(us): 73.26 
2026-10-08 05:28:35:266 20 sec: 59450 operations; 1000 current ops/sec; est completion in 3 days 21 hours   CLEANUP count: 1, average latency(us): 1104.00  


/opt/hostedtoolcache/Java_Temurin-Hotspot_jdk/17.0.20-1/x64/bin/java  -classpath /home/runner/ycsb-mongodb-binding-0.17.0/conf:/home/runner/ycsb-mongodb-binding-0.17.0/lib/HdrHistogram-2.1.4.jar:/home/runner/ycsb-mongodb-binding-0.17.0/lib/core-0.17.0.jar:/home/runner/ycsb-mongodb-binding-0.17.0/lib/htrace-core4-4.1.0-incubating.jar:/home/runner/ycsb-mongodb-binding-0.17.0/lib/jackson-core-asl-1.9.4.jar:/home/runner/ycsb-mongodb-binding-0.17.0/lib/jackson-mapper-asl-1.9.4.jar:/home/runner/ycsb-mongodb-binding-0.17.0/lib/logback-classic-1.1.2.jar:/home/runner/ycsb-mongodb-binding-0.17.0/lib/logback-core-1.1.2.jar:/home/runner/ycsb-mongodb-binding-0.17.0/lib/mongo-java-driver-3.8.0.jar:/home/runner/ycsb-mongodb-binding-0.17.0/lib/mongodb-async-driver-2.0.1.jar:/home/runner/ycsb-mongodb-binding-0.17.0/lib/mongodb-binding-0.17.0.jar:/home/runner/ycsb-mongodb-binding-0.17.0/lib/slf4j-api-1.7.25.jar:/home/runner/ycsb-mongodb-binding-0.17.0/lib/snappy-java-1.1.7.1.jar site.ycsb.Client -t -db site.ycsb.db.MongoDbClient -s -P /home/runner/ycsb-mongodb-binding-0.17.0/workloads/workloadf -p mongodb.url=mongodb://127.0.0.1:27017/ycsb?w=1 -p measurementtype=raw -p measurement.raw.output_file=/home/runner/work/The-Omni-Compass/The-Omni-Compass/out/ycsb-f/rep-2/omni/notch-15.raw -p recordcount=250000 -p operationcount=1000000000 -p maxexecutiontime=20 -p target=3000 -p threads=32 -p insertstart=0 -p insertorder=ordered -p requestdistribution=uniform -p seed=100214
mongo client connection created with mongodb://127.0.0.1:27017/ycsb?w=1
Raw data measurement: will output to result file: /home/runner/work/The-Omni-Compass/The-Omni-Compass/out/ycsb-f/rep-2/omni/notch-15.raw
Raw data measurement: will output to result file: /home/runner/work/The-Omni-Compass/The-Omni-Compass/out/ycsb-f/rep-2/omni/notch-15.raw
Raw data measurement: will output to result file: /home/runner/work/The-Omni-Compass/The-Omni-Compass/out/ycsb-f/rep-2/omni/notch-15.raw
Raw data measurement: will output to result file: /home/runner/work/The-Omni-Compass/The-Omni-Compass/out/ycsb-f/rep-2/omni/notch-15.raw
[OVERALL], RunTime(ms), 20002
[OVERALL], Throughput(ops/sec), 2971.3528647135286
[TOTAL_GCS_G1_Young_Generation], Count, 15
[TOTAL_GC_TIME_G1_Young_Generation], Time(ms), 47
[TOTAL_GC_TIME_%_G1_Young_Generation], Time(%), 0.23497650234976503
[TOTAL_GCS_G1_Old_Generation], Count, 0
[TOTAL_GC_TIME_G1_Old_Generation], Time(ms), 0
[TOTAL_GC_TIME_%_G1_Old_Generation], Time(%), 0.0
[TOTAL_GCs], Count, 15
[TOTAL_GC_TIME], Time(ms), 47
[TOTAL_GC_TIME_%], Time(%), 0.23497650234976503
[READ], Total Operations, 59433
[READ], Below is a summary of latency in microseconds:, -1
[READ], Average, 72.18230612622617
[READ], Min, 43
[READ], Max, 26846
[READ], p1, 46
[READ], p5, 48
[READ], p50, 63
[READ], p90, 92
[READ], p95, 108
[READ], p99, 193
[READ], p99.9, 768
[READ], p99.99, 3666
[READ], Return=OK, 59433
[READ-MODIFY-WRITE], Total Operations, 29751
[READ-MODIFY-WRITE], Below is a summary of latency in microseconds:, -1
[READ-MODIFY-WRITE], Average, 156.69217841417094
[READ-MODIFY-WRITE], Min, 99
[READ-MODIFY-WRITE], Max, 14855
[READ-MODIFY-WRITE], p1, 106
[READ-MODIFY-WRITE], p5, 109
[READ-MODIFY-WRITE], p50, 132
[READ-MODIFY-WRITE], p90, 199
[READ-MODIFY-WRITE], p95, 236
[READ-MODIFY-WRITE], p99, 433
[READ-MODIFY-WRITE], p99.9, 1677
[READ-MODIFY-WRITE], p99.99, 5184
[CLEANUP], Total Operations, 1
[CLEANUP], Below is a summary of latency in microseconds:, -1
[CLEANUP], Average, 1027.0
[CLEANUP], Min, 1027
[CLEANUP], Max, 1027
[CLEANUP], p1, 1027
[CLEANUP], p5, 1027
[CLEANUP], p50, 1027
[CLEANUP], p90, 1027
[CLEANUP], p95, 1027
[CLEANUP], p99, 1027
[CLEANUP], p99.9, 1027
[CLEANUP], p99.99, 1027
[UPDATE], Total Operations, 29751
[UPDATE], Below is a summary of latency in microseconds:, -1
[UPDATE], Average, 83.8040402003294
[UPDATE], Min, 53
[UPDATE], Max, 6398
[UPDATE], p1, 58
[UPDATE], p5, 59
[UPDATE], p50, 68
[UPDATE], p90, 108
[UPDATE], p95, 128
[UPDATE], p99, 223
[UPDATE], p99.9, 1166
[UPDATE], p99.99, 4704
[UPDATE], Return=OK, 29751

Command line: -t -db site.ycsb.db.MongoDbClient -s -P /home/runner/ycsb-mongodb-binding-0.17.0/workloads/workloadf -p mongodb.url=mongodb://127.0.0.1:27017/ycsb?w=1 -p measurementtype=raw -p measurement.raw.output_file=/home/runner/work/The-Omni-Compass/The-Omni-Compass/out/ycsb-f/rep-2/omni/notch-15.raw -p recordcount=250000 -p operationcount=1000000000 -p maxexecutiontime=20 -p target=3000 -p threads=32 -p insertstart=0 -p insertorder=ordered -p requestdistribution=uniform -p seed=100214
YCSB Client 0.17.0

Loading workload...
Starting test.
Maximum execution time specified as: 20 secs
2026-10-08 05:28:35:781 0 sec: 0 operations; est completion in 0 second 
DBWrapper: report latency for each error is false and specific error codes to track for latency are: []
2026-10-08 05:28:45:759 10 sec: 29431 operations; 2943.1 current ops/sec; est completion in 3 days 22 hours READ count: 29433, average latency(us): 79.45 READ-MODIFY-WRITE count: 14761, average latency(us): 172.51 UPDATE count: 14761, average latency(us): 92.28 
Maximum time elapsed. Requesting stop for the workload.
Stop requested for workload. Now Joining!
2026-10-08 05:28:55:759 20 sec: 59431 operations; 3000 current ops/sec; est completion in 3 days 21 hours READ count: 29999, average latency(us): 65.04 READ-MODIFY-WRITE count: 14989, average latency(us): 141.09 UPDATE count: 14989, average latency(us): 75.46 
2026-10-08 05:28:55:761 20 sec: 59433 operations; 1000 current ops/sec; est completion in 3 days 21 hours READ count: 1, average latency(us): 316.00 READ-MODIFY-WRITE count: 1, average latency(us): 444.00 CLEANUP count: 1, average latency(us): 1027.00 UPDATE count: 1, average latency(us): 126.00 
