sysbench 1.0.20 (using system LuaJIT 2.1.0-beta3)

Running the test with following options:
Number of threads: 32
Target transaction rate: 300/sec
Initializing random number generator from current time


Initializing worker threads...

Threads started!

Latency histogram (values are in milliseconds)
       value  ------------- distribution ------------- count
       0.888 |                                         2
       0.904 |*                                        6
       0.920 |**                                       21
       0.937 |*****                                    55
       0.954 |**********                               110
       0.971 |*****************                        195
       0.989 |*************************                284
       1.007 |*******************************          357
       1.025 |********************************         365
       1.044 |**************************               304
       1.063 |*****************************            334
       1.082 |****************************             324
       1.102 |***********************************      399
       1.122 |************************************     416
       1.142 |**************************************** 459
       1.163 |**************************************   441
       1.184 |************************************     408
       1.205 |*******************************          350
       1.227 |****************************             323
       1.250 |*****************************            332
       1.272 |**********************                   252
       1.295 |**********************                   254
       1.319 |*******************                      220
       1.343 |*******************                      215
       1.367 |******************                       208
       1.392 |***************                          168
       1.417 |**************                           159
       1.443 |************                             138
       1.469 |***********                              125
       1.496 |*********                                100
       1.523 |**********                               115
       1.551 |*********                                105
       1.579 |*******                                  85
       1.608 |********                                 90
       1.637 |******                                   69
       1.667 |*******                                  81
       1.697 |*******                                  75
       1.728 |*****                                    54
       1.759 |****                                     49
       1.791 |****                                     42
       1.824 |***                                      40
       1.857 |***                                      35
       1.891 |****                                     47
       1.925 |****                                     43
       1.960 |***                                      37
       1.996 |***                                      32
       2.032 |****                                     45
       2.069 |**                                       24
       2.106 |**                                       25
       2.145 |***                                      29
       2.184 |**                                       21
       2.223 |**                                       20
       2.264 |**                                       19
       2.305 |**                                       20
       2.347 |**                                       27
       2.389 |**                                       18
       2.433 |*                                        10
       2.477 |**                                       19
       2.522 |*                                        15
       2.568 |**                                       18
       2.615 |**                                       24
       2.662 |**                                       20
       2.710 |**                                       19
       2.760 |*                                        13
       2.810 |*                                        11
       2.861 |*                                        9
       2.913 |**                                       21
       2.966 |*                                        14
       3.020 |*                                        14
       3.075 |*                                        12
       3.130 |*                                        12
       3.187 |*                                        10
       3.245 |*                                        13
       3.304 |*                                        8
       3.364 |*                                        9
       3.425 |*                                        9
       3.488 |*                                        7
       3.551 |*                                        12
       3.615 |*                                        6
       3.681 |*                                        6
       3.748 |*                                        6
       3.816 |                                         4
       3.885 |                                         5
       3.956 |                                         4
       4.028 |                                         5
       4.101 |                                         2
       4.176 |*                                        6
       4.252 |*                                        7
       4.407 |                                         4
       4.487 |                                         2
       4.569 |                                         3
       4.652 |                                         2
       4.737 |                                         2
       4.823 |                                         1
       4.910 |                                         1
       4.999 |                                         1
       5.090 |                                         1
       5.183 |                                         1
       5.470 |                                         3
       5.570 |                                         2
       5.671 |                                         1
       5.879 |                                         1
       6.550 |                                         1
 
SQL statistics:
    queries performed:
        read:                            125258
        write:                           0
        other:                           17894
        total:                           143152
    transactions:                        8947   (297.94 per sec.)
    queries:                             143152 (4767.03 per sec.)
    ignored errors:                      0      (0.00 per sec.)
    reconnects:                          0      (0.00 per sec.)

General statistics:
    total time:                          30.0290s
    total number of events:              8947

Latency (ms):
         min:                                    0.88
         avg:                                    1.34
         max:                                    6.54
         95th percentile:                        2.26
         sum:                                12001.18

Threads fairness:
    events (avg/stddev):           279.5938/0.96
    execution time (avg/stddev):   0.3750/0.01


