sysbench 1.0.20 (using system LuaJIT 2.1.0-beta3)

Running the test with following options:
Number of threads: 32
Target transaction rate: 200/sec
Initializing random number generator from current time


Initializing worker threads...

Threads started!

Latency histogram (values are in milliseconds)
       value  ------------- distribution ------------- count
       2.477 |*                                        2
       2.522 |*                                        2
       2.568 |***                                      11
       2.615 |********                                 28
       2.662 |***********                              37
       2.710 |*******************                      64
       2.760 |*************                            43
       2.810 |*********************                    69
       2.861 |***************************              89
       2.913 |**************************               86
       2.966 |***************************              92
       3.020 |****************************             94
       3.075 |***********************************      117
       3.130 |*************************************    124
       3.187 |************************************     122
       3.245 |*************************************    125
       3.304 |**************************************** 134
       3.364 |************************************     120
       3.425 |*****************************            98
       3.488 |**************************               86
       3.551 |**************************               87
       3.615 |***********************                  76
       3.681 |***********************                  77
       3.748 |********************                     67
       3.816 |*****************                        57
       3.885 |**************                           46
       3.956 |***********                              38
       4.028 |**********                               35
       4.101 |*******                                  25
       4.176 |*********                                30
       4.252 |********                                 26
       4.329 |********                                 26
       4.407 |*****                                    16
       4.487 |****                                     15
       4.569 |******                                   21
       4.652 |****                                     13
       4.737 |****                                     15
       4.823 |***                                      9
       4.910 |********                                 26
       4.999 |***                                      10
       5.090 |*****                                    17
       5.183 |*****                                    17
       5.277 |******                                   21
       5.373 |*****                                    18
       5.470 |***                                      10
       5.570 |****                                     15
       5.671 |****                                     14
       5.774 |*****                                    18
       5.879 |*****                                    17
       5.986 |*****                                    17
       6.095 |*****                                    16
       6.205 |****                                     13
       6.318 |****                                     13
       6.433 |*****                                    16
       6.550 |*****                                    18
       6.669 |****                                     13
       6.790 |****                                     13
       6.913 |****                                     14
       7.039 |**                                       7
       7.167 |****                                     12
       7.297 |****                                     14
       7.430 |**                                       8
       7.565 |**                                       7
       7.702 |****                                     12
       7.842 |***                                      10
       7.985 |**                                       7
       8.130 |*                                        4
       8.277 |***                                      11
       8.428 |***                                      10
       8.581 |***                                      9
       8.737 |**                                       8
       8.895 |****                                     12
       9.057 |**                                       8
       9.222 |****                                     12
       9.389 |**                                       8
       9.560 |*                                        5
       9.734 |***                                      11
       9.910 |*                                        2
      10.090 |***                                      10
      10.274 |**                                       7
      10.460 |*                                        3
      10.651 |**                                       7
      10.844 |**                                       7
      11.041 |*                                        5
      11.242 |**                                       8
      11.446 |**                                       8
      11.654 |*                                        5
      11.866 |*                                        5
      12.081 |**                                       6
      12.301 |**                                       7
      12.524 |*                                        5
      12.752 |**                                       8
      12.984 |*                                        5
      13.219 |**                                       6
      13.460 |**                                       7
      13.704 |*                                        4
      13.953 |*                                        3
      14.207 |*                                        5
      14.465 |*                                        4
      14.728 |*                                        4
      14.995 |*                                        2
      15.268 |                                         1
      15.545 |**                                       6
      15.828 |**                                       6
      16.115 |*                                        5
      16.408 |**                                       8
      16.706 |*                                        2
      17.010 |**                                       8
      17.319 |**                                       7
      17.633 |*                                        2
      17.954 |*                                        5
      18.280 |*                                        2
      18.612 |*                                        2
      18.950 |*                                        3
      19.295 |*                                        4
      19.645 |*                                        5
      20.002 |**                                       6
      20.366 |***                                      9
      20.736 |**                                       7
      21.112 |**                                       8
      21.496 |*                                        4
      21.886 |**                                       6
      22.284 |*                                        5
      22.689 |***                                      9
      23.101 |***                                      9
      23.521 |*                                        5
      23.948 |***                                      11
      24.384 |**                                       8
      24.827 |*                                        3
      25.278 |***                                      10
      25.737 |***                                      9
      26.205 |****                                     12
      26.681 |***                                      9
      27.165 |*                                        2
      27.659 |*                                        5
      28.162 |***                                      11
      28.673 |**                                       7
      29.194 |**                                       8
      29.725 |**                                       6
      30.265 |***                                      11
      30.815 |*****                                    16
      31.375 |***                                      10
      31.945 |**                                       6
      32.525 |**                                       8
      33.116 |**                                       7
      33.718 |*                                        4
      34.330 |***                                      10
      34.954 |**                                       7
      35.589 |**                                       7
      36.236 |*                                        4
      36.894 |**                                       7
      37.565 |**                                       8
      38.247 |**                                       7
      38.942 |**                                       6
      39.650 |*                                        4
      40.370 |**                                       8
      41.104 |***                                      11
      41.851 |***                                      9
      42.611 |*                                        5
      43.385 |*                                        3
      44.173 |**                                       7
      44.976 |*                                        5
      45.793 |**                                       8
      46.625 |**                                       6
      47.472 |***                                      10
      48.335 |*                                        3
      49.213 |**                                       7
      50.107 |**                                       6
      51.018 |**                                       6
      51.945 |***                                      11
      52.889 |*                                        5
      53.850 |*****                                    16
      54.828 |*                                        4
      55.824 |**                                       8
      56.839 |**                                       7
      57.871 |****                                     13
      58.923 |***                                      10
      59.993 |***                                      10
      61.083 |***                                      10
      62.193 |**                                       7
      63.323 |**                                       7
      64.474 |**                                       8
      65.645 |***                                      10
      66.838 |***                                      10
      68.053 |****                                     12
      69.289 |***                                      9
      70.548 |****                                     12
      71.830 |****                                     13
      73.135 |***                                      9
      74.464 |**                                       8
      75.817 |***                                      11
      77.194 |***                                      9
      78.597 |**                                       6
      80.025 |****                                     12
      81.479 |***                                      9
      82.959 |***                                      11
      84.467 |**                                       8
      86.002 |*                                        4
      87.564 |****                                     15
      89.155 |***                                      9
      90.775 |***                                      10
      92.424 |**                                       8
      94.104 |****                                     12
      95.814 |***                                      11
      97.555 |***                                      11
      99.327 |***                                      11
     101.132 |**                                       6
     102.969 |*****                                    16
     104.840 |****                                     14
     106.745 |****                                     12
     108.685 |***                                      11
     110.659 |****                                     12
     112.670 |*                                        4
     114.717 |******                                   19
     116.802 |*****                                    17
     118.924 |*****                                    17
     121.085 |****                                     13
     123.285 |***                                      11
     125.525 |***                                      11
     127.805 |****                                     13
     130.128 |****                                     12
     132.492 |**                                       7
     134.899 |***                                      11
     137.350 |***                                      11
     139.846 |*****                                    17
     142.387 |*******                                  22
     144.974 |**                                       7
     147.608 |****                                     12
     150.290 |***                                      10
     153.021 |*                                        5
     155.801 |*                                        5
     158.632 |***                                      11
     161.514 |**                                       8
     164.449 |*                                        5
     167.437 |***                                      9
     170.479 |**                                       7
     173.577 |**                                       6
     176.731 |*                                        4
     179.942 |**                                       8
     183.211 |**                                       6
     186.540 |***                                      9
     189.929 |**                                       6
     193.380 |**                                       6
     196.894 |*                                        4
     200.472 |*                                        3
     215.443 |*                                        2
     223.344 |                                         1
     244.385 |                                         1
 
SQL statistics:
    queries performed:
        read:                            56616
        write:                           16176
        other:                           8088
        total:                           80880
    transactions:                        4044   (201.57 per sec.)
    queries:                             80880  (4031.34 per sec.)
    ignored errors:                      0      (0.00 per sec.)
    reconnects:                          0      (0.00 per sec.)

General statistics:
    total time:                          20.0624s
    total number of events:              4044

Latency (ms):
         min:                                    2.47
         avg:                                   26.30
         max:                                  244.27
         95th percentile:                      132.49
         sum:                               106338.38

Threads fairness:
    events (avg/stddev):           126.3750/2.13
    execution time (avg/stddev):   3.3231/0.26


