sysbench 1.0.20 (using system LuaJIT 2.1.0-beta3)

Running the test with following options:
Number of threads: 32
Target transaction rate: 3000/sec
Initializing random number generator from current time


Initializing worker threads...

Threads started!

Latency histogram (values are in milliseconds)
       value  ------------- distribution ------------- count
       0.120 |                                         1
       0.122 |                                         1
       0.125 |                                         1
       0.127 |                                         1
       0.129 |                                         1
       0.132 |                                         9
       0.134 |                                         17
       0.136 |*                                        40
       0.139 |*                                        66
       0.141 |*                                        97
       0.144 |***                                      174
       0.147 |****                                     242
       0.149 |*****                                    345
       0.152 |*******                                  471
       0.155 |********                                 553
       0.158 |***********                              743
       0.160 |*************                            883
       0.163 |****************                         1042
       0.166 |*****************                        1097
       0.169 |*******************                      1230
       0.172 |*********************                    1361
       0.176 |*************************                1652
       0.179 |****************************             1836
       0.182 |******************************           1989
       0.185 |*********************************        2154
       0.189 |***********************************      2282
       0.192 |*************************************    2435
       0.196 |***************************************  2561
       0.199 |**************************************** 2625
       0.203 |**************************************** 2622
       0.206 |*************************************    2424
       0.210 |***********************************      2270
       0.214 |********************************         2069
       0.218 |*****************************            1876
       0.222 |*************************                1660
       0.226 |***********************                  1510
       0.230 |********************                     1343
       0.234 |*****************                        1107
       0.238 |***************                          956
       0.243 |*************                            861
       0.247 |************                             759
       0.252 |*********                                576
       0.256 |********                                 520
       0.261 |*******                                  445
       0.266 |******                                   362
       0.270 |*****                                    352
       0.275 |****                                     280
       0.280 |****                                     265
       0.285 |***                                      221
       0.291 |***                                      178
       0.296 |***                                      175
       0.301 |***                                      183
       0.307 |***                                      170
       0.312 |**                                       157
       0.318 |**                                       160
       0.324 |**                                       164
       0.330 |***                                      177
       0.336 |***                                      180
       0.342 |***                                      181
       0.348 |***                                      203
       0.354 |***                                      222
       0.361 |****                                     256
       0.367 |*****                                    343
       0.374 |*****                                    351
       0.381 |******                                   423
       0.388 |*******                                  476
       0.395 |********                                 505
       0.402 |*********                                574
       0.409 |*********                                574
       0.417 |*********                                614
       0.424 |*********                                564
       0.432 |********                                 543
       0.440 |*********                                567
       0.448 |********                                 500
       0.456 |*******                                  482
       0.464 |******                                   402
       0.473 |******                                   371
       0.481 |*****                                    301
       0.490 |****                                     286
       0.499 |***                                      220
       0.508 |***                                      171
       0.517 |**                                       136
       0.527 |**                                       134
       0.536 |**                                       117
       0.546 |**                                       111
       0.556 |*                                        83
       0.566 |*                                        76
       0.576 |*                                        73
       0.587 |*                                        57
       0.597 |*                                        44
       0.608 |*                                        48
       0.619 |*                                        51
       0.630 |*                                        41
       0.642 |*                                        38
       0.654 |*                                        33
       0.665 |                                         29
       0.677 |                                         17
       0.690 |                                         24
       0.702 |                                         25
       0.715 |                                         14
       0.728 |                                         17
       0.741 |                                         12
       0.755 |                                         10
       0.768 |                                         15
       0.782 |                                         8
       0.797 |                                         14
       0.811 |                                         6
       0.826 |                                         7
       0.841 |                                         3
       0.856 |                                         11
       0.872 |                                         6
       0.888 |                                         7
       0.904 |                                         3
       0.920 |                                         5
       0.937 |                                         1
       0.954 |                                         5
       0.971 |                                         2
       0.989 |                                         5
       1.007 |                                         2
       1.025 |                                         2
       1.044 |                                         2
       1.063 |                                         3
       1.082 |                                         4
       1.102 |                                         2
       1.122 |                                         3
       1.142 |                                         2
       1.163 |                                         5
       1.184 |                                         5
       1.205 |                                         3
       1.227 |                                         1
       1.250 |                                         1
       1.272 |                                         4
       1.295 |                                         2
       1.343 |                                         5
       1.367 |                                         1
       1.392 |                                         5
       1.417 |                                         1
       1.443 |                                         3
       1.469 |                                         3
       1.496 |                                         2
       1.523 |                                         4
       1.551 |                                         2
       1.579 |                                         2
       1.637 |                                         10
       1.667 |                                         3
       1.697 |                                         1
       1.728 |                                         4
       1.759 |                                         2
       1.791 |                                         3
       1.824 |                                         6
       1.857 |                                         2
       1.891 |                                         7
       1.925 |                                         2
       1.960 |                                         3
       1.996 |                                         4
       2.032 |                                         1
       2.069 |                                         3
       2.106 |                                         4
       2.145 |                                         3
       2.223 |                                         1
       2.264 |                                         4
       2.305 |                                         4
       2.347 |                                         2
       2.389 |                                         1
       2.433 |                                         1
       2.477 |                                         8
       2.568 |                                         3
       2.615 |                                         1
       2.662 |                                         1
       2.760 |                                         2
       2.966 |                                         1
       3.075 |                                         2
       3.130 |                                         1
       3.187 |                                         1
       3.816 |                                         1
       3.885 |                                         1
       4.407 |                                         1
       4.487 |                                         1
       4.569 |                                         2
       4.823 |                                         3
       4.999 |                                         1
 
SQL statistics:
    queries performed:
        read:                            60518
        write:                           0
        other:                           0
        total:                           60518
    transactions:                        60518  (3023.21 per sec.)
    queries:                             60518  (3023.21 per sec.)
    ignored errors:                      0      (0.00 per sec.)
    reconnects:                          0      (0.00 per sec.)

General statistics:
    total time:                          20.0174s
    total number of events:              60518

Latency (ms):
         min:                                    0.12
         avg:                                    0.25
         max:                                    5.02
         95th percentile:                        0.46
         sum:                                15137.45

Threads fairness:
    events (avg/stddev):           1891.1875/14.43
    execution time (avg/stddev):   0.4730/0.01


