sysbench 1.0.20 (using system LuaJIT 2.1.0-beta3)

Running the test with following options:
Number of threads: 32
Target transaction rate: 200/sec
Initializing random number generator from current time


Initializing worker threads...

Threads started!

Latency histogram (values are in milliseconds)
       value  ------------- distribution ------------- count
       2.568 |                                         3
       2.615 |**                                       14
       2.662 |*****                                    42
       2.710 |********                                 75
       2.760 |***************                          142
       2.810 |*********************                    191
       2.861 |*************************                233
       2.913 |***********************                  212
       2.966 |************************                 220
       3.020 |*************************                227
       3.075 |**************************               245
       3.130 |*******************************          284
       3.187 |******************************           279
       3.245 |***********************************      320
       3.304 |**************************************** 370
       3.364 |*********************************        305
       3.425 |********************************         292
       3.488 |********************************         299
       3.551 |****************************             259
       3.615 |************************                 222
       3.681 |*********************                    195
       3.748 |*******************                      178
       3.816 |*******************                      179
       3.885 |*************                            121
       3.956 |************                             109
       4.028 |*********                                87
       4.101 |*********                                85
       4.176 |*******                                  66
       4.252 |******                                   60
       4.329 |***                                      31
       4.407 |****                                     41
       4.487 |***                                      29
       4.569 |***                                      30
       4.652 |**                                       15
       4.737 |***                                      26
       4.823 |**                                       15
       4.910 |**                                       14
       4.999 |**                                       15
       5.090 |*                                        12
       5.183 |*                                        11
       5.277 |*                                        10
       5.373 |*                                        9
       5.470 |**                                       14
       5.570 |*                                        10
       5.671 |**                                       15
       5.774 |*                                        7
       5.879 |*                                        11
       5.986 |*                                        12
       6.095 |*                                        13
       6.205 |**                                       14
       6.318 |***                                      31
       6.433 |***                                      27
       6.550 |***                                      25
       6.669 |***                                      24
       6.790 |**                                       15
       6.913 |**                                       20
       7.039 |**                                       22
       7.167 |***                                      28
       7.297 |**                                       20
       7.430 |**                                       16
       7.565 |**                                       20
       7.702 |**                                       15
       7.842 |**                                       20
       7.985 |**                                       22
       8.130 |*                                        7
       8.277 |*                                        11
       8.428 |**                                       17
       8.581 |**                                       22
       8.737 |*                                        9
       8.895 |**                                       14
       9.057 |*                                        12
       9.222 |**                                       16
       9.389 |*                                        10
       9.560 |*                                        7
       9.734 |*                                        7
       9.910 |*                                        5
      10.090 |                                         4
      10.274 |*                                        10
      10.460 |*                                        6
      10.651 |                                         3
      10.844 |*                                        5
      11.041 |                                         2
      11.242 |                                         3
      11.446 |                                         1
      11.654 |                                         3
      11.866 |                                         3
      12.081 |                                         2
      12.301 |                                         4
      12.524 |*                                        7
      12.752 |                                         3
      13.219 |                                         4
      13.460 |                                         2
      13.704 |                                         3
      13.953 |                                         2
      14.207 |                                         1
      14.728 |                                         1
      15.268 |                                         2
      15.545 |                                         1
      16.115 |                                         1
      16.408 |                                         2
      17.954 |                                         1
      18.612 |                                         1
      19.295 |                                         1
      20.366 |                                         1
      22.689 |                                         1
      23.521 |                                         1
 
SQL statistics:
    queries performed:
        read:                            86674
        write:                           24764
        other:                           12382
        total:                           123820
    transactions:                        6191   (206.17 per sec.)
    queries:                             123820 (4123.44 per sec.)
    ignored errors:                      0      (0.00 per sec.)
    reconnects:                          0      (0.00 per sec.)

General statistics:
    total time:                          30.0280s
    total number of events:              6191

Latency (ms):
         min:                                    2.56
         avg:                                    3.85
         max:                                   23.33
         95th percentile:                        7.43
         sum:                                23856.86

Threads fairness:
    events (avg/stddev):           193.4688/1.22
    execution time (avg/stddev):   0.7455/0.02


