sysbench 1.0.20 (using system LuaJIT 2.1.0-beta3)

Running the test with following options:
Number of threads: 32
Target transaction rate: 300/sec
Initializing random number generator from current time


Initializing worker threads...

Threads started!

Latency histogram (values are in milliseconds)
       value  ------------- distribution ------------- count
       2.305 |                                         2
       2.347 |                                         2
       2.389 |**                                       17
       2.433 |*****                                    51
       2.477 |**********                               106
       2.522 |***********                              123
       2.568 |***************                          164
       2.615 |************                             135
       2.662 |*****************                        184
       2.710 |******************                       198
       2.760 |*************                            146
       2.810 |************                             129
       2.861 |*************                            144
       2.913 |****************                         173
       2.966 |***************************              297
       3.020 |***********************************      381
       3.075 |************************************     393
       3.130 |**************************************** 436
       3.187 |*************************************    408
       3.245 |**************************************** 440
       3.304 |**********************************       370
       3.364 |*********************************        364
       3.425 |***************************              297
       3.488 |**************************               287
       3.551 |*****************                        186
       3.615 |***********                              126
       3.681 |********                                 87
       3.748 |******                                   71
       3.816 |***                                      35
       3.885 |***                                      33
       3.956 |*                                        16
       4.028 |*                                        15
       4.101 |**                                       17
       4.176 |*                                        15
       4.252 |*                                        7
       4.329 |*                                        12
       4.407 |                                         5
       4.487 |*                                        6
       4.569 |                                         5
       4.652 |*                                        7
       4.737 |                                         3
       4.823 |                                         5
       4.910 |                                         3
       4.999 |                                         2
       5.090 |                                         5
       5.183 |                                         1
       5.373 |                                         2
       5.470 |                                         2
       5.570 |                                         1
       5.671 |                                         1
       5.879 |                                         2
       5.986 |                                         1
      11.446 |                                         1
 
SQL statistics:
    queries performed:
        read:                            82866
        write:                           0
        other:                           11838
        total:                           94704
    transactions:                        5919   (295.64 per sec.)
    queries:                             94704  (4730.21 per sec.)
    ignored errors:                      0      (0.00 per sec.)
    reconnects:                          0      (0.00 per sec.)

General statistics:
    total time:                          20.0207s
    total number of events:              5919

Latency (ms):
         min:                                    2.32
         avg:                                    3.14
         max:                                   11.44
         95th percentile:                        3.68
         sum:                                18588.31

Threads fairness:
    events (avg/stddev):           184.9688/1.59
    execution time (avg/stddev):   0.5809/0.01


