sysbench 1.0.20 (using system LuaJIT 2.1.0-beta3)

Running the test with following options:
Number of threads: 32
Target transaction rate: 1000/sec
Initializing random number generator from current time


Initializing worker threads...

Threads started!

Latency histogram (values are in milliseconds)
       value  ------------- distribution ------------- count
       0.630 |                                         1
       0.642 |                                         1
       0.665 |                                         2
       0.677 |                                         4
       0.690 |                                         4
       0.702 |                                         9
       0.715 |*                                        11
       0.728 |*                                        20
       0.741 |*                                        21
       0.755 |**                                       35
       0.768 |***                                      63
       0.782 |***                                      71
       0.797 |***                                      75
       0.811 |***                                      76
       0.826 |******                                   128
       0.841 |*******                                  151
       0.856 |*******                                  143
       0.872 |*********                                206
       0.888 |*********                                193
       0.904 |**********                               213
       0.920 |************                             271
       0.937 |***************                          330
       0.954 |*****************                        374
       0.971 |********************                     442
       0.989 |************************                 523
       1.007 |*****************************            625
       1.025 |*******************************          680
       1.044 |*********************************        731
       1.063 |***********************************      774
       1.082 |*************************************    802
       1.102 |**************************************   830
       1.122 |***************************************  848
       1.142 |*************************************    809
       1.163 |***************************************  852
       1.184 |*************************************    819
       1.205 |**************************************** 874
       1.227 |***************************************  842
       1.250 |***************************************  854
       1.272 |***************************************  854
       1.295 |***************************************  848
       1.319 |**************************************   826
       1.343 |************************************     786
       1.367 |***********************************      774
       1.392 |************************************     789
       1.417 |*********************************        722
       1.443 |******************************           662
       1.469 |*******************************          668
       1.496 |*****************************            624
       1.523 |****************************             602
       1.551 |**************************               565
       1.579 |***********************                  502
       1.608 |*********************                    452
       1.637 |*********************                    449
       1.667 |*******************                      410
       1.697 |*****************                        364
       1.728 |*****************                        376
       1.759 |**************                           313
       1.791 |**************                           312
       1.824 |*************                            276
       1.857 |************                             255
       1.891 |**********                               217
       1.925 |**********                               221
       1.960 |********                                 169
       1.996 |*******                                  146
       2.032 |*******                                  148
       2.069 |********                                 172
       2.106 |******                                   140
       2.145 |*******                                  145
       2.184 |******                                   123
       2.223 |*****                                    108
       2.264 |*****                                    110
       2.305 |*****                                    101
       2.347 |****                                     89
       2.389 |****                                     87
       2.433 |****                                     89
       2.477 |****                                     87
       2.522 |***                                      62
       2.568 |****                                     79
       2.615 |***                                      58
       2.662 |***                                      67
       2.710 |**                                       52
       2.760 |***                                      64
       2.810 |***                                      59
       2.861 |***                                      67
       2.913 |**                                       48
       2.966 |**                                       54
       3.020 |**                                       44
       3.075 |**                                       44
       3.130 |**                                       46
       3.187 |**                                       40
       3.245 |*                                        29
       3.304 |*                                        30
       3.364 |*                                        32
       3.425 |*                                        20
       3.488 |*                                        28
       3.551 |*                                        23
       3.615 |**                                       35
       3.681 |*                                        27
       3.748 |*                                        23
       3.816 |*                                        25
       3.885 |*                                        17
       3.956 |*                                        25
       4.028 |*                                        23
       4.101 |*                                        14
       4.176 |*                                        21
       4.252 |*                                        11
       4.329 |*                                        25
       4.407 |*                                        14
       4.487 |*                                        17
       4.569 |*                                        20
       4.652 |*                                        24
       4.737 |*                                        19
       4.823 |*                                        16
       4.910 |*                                        20
       4.999 |*                                        18
       5.090 |*                                        11
       5.183 |                                         7
       5.277 |*                                        14
       5.373 |                                         8
       5.470 |*                                        13
       5.570 |*                                        14
       5.671 |                                         10
       5.774 |                                         7
       5.879 |                                         9
       5.986 |                                         8
       6.095 |                                         5
       6.205 |                                         8
       6.318 |                                         9
       6.433 |*                                        12
       6.550 |*                                        11
       6.669 |                                         6
       6.790 |                                         7
       6.913 |                                         7
       7.039 |                                         5
       7.167 |                                         4
       7.297 |                                         2
       7.430 |                                         5
       7.565 |                                         3
       7.702 |                                         6
       7.842 |                                         2
       7.985 |                                         1
       8.130 |                                         3
       8.277 |                                         4
       8.428 |                                         1
       8.581 |                                         4
       8.895 |                                         2
       9.057 |                                         2
       9.222 |                                         1
       9.389 |                                         2
       9.560 |                                         2
      10.090 |                                         1
      10.651 |                                         1
      10.844 |                                         3
      11.242 |                                         2
      11.446 |                                         2
      11.654 |                                         2
      12.301 |                                         2
      12.524 |                                         1
      12.752 |                                         3
      13.219 |                                         1
      13.460 |                                         2
      13.953 |                                         3
      14.207 |                                         1
      14.465 |                                         1
      14.728 |                                         2
      14.995 |                                         1
      15.545 |                                         2
      15.828 |                                         1
      16.408 |                                         1
      17.010 |                                         1
      17.319 |                                         3
      17.633 |                                         1
      18.280 |                                         1
      18.612 |                                         2
      19.295 |                                         1
      20.002 |                                         2
      20.736 |                                         1
      22.284 |                                         1
      22.689 |                                         2
      23.948 |                                         1
      25.737 |                                         2
      26.205 |                                         1
      26.681 |                                         1
      27.165 |                                         1
      27.659 |                                         1
      28.162 |                                         2
      28.673 |                                         1
 
SQL statistics:
    queries performed:
        read:                            0
        write:                           29900
        other:                           0
        total:                           29900
    transactions:                        29900  (996.08 per sec.)
    queries:                             29900  (996.08 per sec.)
    ignored errors:                      0      (0.00 per sec.)
    reconnects:                          0      (0.00 per sec.)

General statistics:
    total time:                          30.0165s
    total number of events:              29900

Latency (ms):
         min:                                    0.64
         avg:                                    1.49
         max:                                   28.76
         95th percentile:                        2.57
         sum:                                44529.93

Threads fairness:
    events (avg/stddev):           934.3750/5.89
    execution time (avg/stddev):   1.3916/0.02


