sysbench 1.0.20 (using system LuaJIT 2.1.0-beta3)

Running the test with following options:
Number of threads: 32
Target transaction rate: 200/sec
Initializing random number generator from current time


Initializing worker threads...

Threads started!

Latency histogram (values are in milliseconds)
       value  ------------- distribution ------------- count
       3.551 |                                         1
       3.615 |*                                        2
       3.681 |****                                     16
       3.748 |***                                      13
       3.816 |*********                                33
       3.885 |*******                                  27
       3.956 |**************                           54
       4.028 |*************                            49
       4.101 |**************                           54
       4.176 |*******************                      72
       4.252 |********************                     74
       4.329 |***************************              101
       4.407 |********************************         119
       4.487 |*******************************          116
       4.569 |*********************************        124
       4.652 |************************************     135
       4.737 |**************************************   143
       4.823 |**************************************   141
       4.910 |**************************************** 150
       4.999 |************************************     135
       5.090 |******************************           112
       5.183 |**************************************   141
       5.277 |***********************************      132
       5.373 |***********************************      130
       5.470 |***********************************      132
       5.570 |******************************           112
       5.671 |******************************           111
       5.774 |***************************              102
       5.879 |******************************           113
       5.986 |***********************                  87
       6.095 |********************                     76
       6.205 |***********************                  87
       6.318 |******************                       66
       6.433 |*******************                      73
       6.550 |***************                          55
       6.669 |****************                         59
       6.790 |**************                           52
       6.913 |*************                            47
       7.039 |************                             46
       7.167 |***********                              43
       7.297 |************                             44
       7.430 |**********                               37
       7.565 |**********                               37
       7.702 |*********                                35
       7.842 |*********                                33
       7.985 |********                                 31
       8.130 |**********                               38
       8.277 |*******                                  27
       8.428 |*********                                34
       8.581 |********                                 29
       8.737 |********                                 30
       8.895 |****                                     16
       9.057 |******                                   24
       9.222 |******                                   21
       9.389 |*****                                    18
       9.560 |*****                                    17
       9.734 |*****                                    17
       9.910 |****                                     16
      10.090 |****                                     15
      10.274 |******                                   22
      10.460 |***                                      10
      10.651 |*****                                    20
      10.844 |**                                       6
      11.041 |**                                       9
      11.242 |*                                        5
      11.446 |**                                       8
      11.654 |**                                       9
      11.866 |*                                        3
      12.081 |*                                        4
      12.301 |**                                       8
      12.524 |**                                       6
      12.752 |                                         1
      12.984 |*                                        3
      13.219 |*                                        2
      13.460 |                                         1
      13.704 |*                                        5
      14.207 |*                                        2
      14.465 |                                         1
      14.728 |                                         1
      14.995 |*                                        2
      15.268 |*                                        4
      15.545 |                                         1
      16.115 |                                         1
      16.706 |*                                        2
      17.010 |                                         1
      17.319 |*                                        2
      18.950 |*                                        2
      19.295 |                                         1
      19.645 |                                         1
 
SQL statistics:
    queries performed:
        read:                            55958
        write:                           15988
        other:                           7994
        total:                           79940
    transactions:                        3997   (199.41 per sec.)
    queries:                             79940  (3988.16 per sec.)
    ignored errors:                      0      (0.00 per sec.)
    reconnects:                          0      (0.00 per sec.)

General statistics:
    total time:                          20.0439s
    total number of events:              3997

Latency (ms):
         min:                                    3.54
         avg:                                    5.88
         max:                                   19.67
         95th percentile:                        9.56
         sum:                                23498.95

Threads fairness:
    events (avg/stddev):           124.9062/0.95
    execution time (avg/stddev):   0.7343/0.01


