sysbench 1.0.20 (using system LuaJIT 2.1.0-beta3)

Running the test with following options:
Number of threads: 32
Target transaction rate: 300/sec
Initializing random number generator from current time


Initializing worker threads...

Threads started!

Latency histogram (values are in milliseconds)
       value  ------------- distribution ------------- count
       1.227 |                                         1
       1.250 |                                         1
       1.272 |*                                        8
       1.295 |***                                      32
       1.319 |******                                   69
       1.343 |***********                              135
       1.367 |***********************                  272
       1.392 |****************************             331
       1.417 |****************************             332
       1.443 |************************                 279
       1.469 |*********************                    245
       1.496 |****************                         189
       1.523 |***************                          175
       1.551 |*****************                        204
       1.579 |*******************                      224
       1.608 |********************                     236
       1.637 |**************************               303
       1.667 |********************************         383
       1.697 |********************************         380
       1.728 |**************************************** 473
       1.759 |***********************************      418
       1.791 |******************************           355
       1.824 |****************************             337
       1.857 |*************************                299
       1.891 |**********************                   265
       1.925 |********************                     239
       1.960 |**********************                   256
       1.996 |********************                     236
       2.032 |****************                         190
       2.069 |***************                          182
       2.106 |**************                           171
       2.145 |***********                              134
       2.184 |**********                               117
       2.223 |*********                                110
       2.264 |********                                 92
       2.305 |*******                                  77
       2.347 |******                                   71
       2.389 |******                                   74
       2.433 |******                                   73
       2.477 |****                                     50
       2.522 |****                                     48
       2.568 |*****                                    56
       2.615 |***                                      36
       2.662 |*****                                    54
       2.710 |***                                      40
       2.760 |***                                      36
       2.810 |***                                      37
       2.861 |****                                     46
       2.913 |***                                      31
       2.966 |**                                       21
       3.020 |**                                       18
       3.075 |**                                       22
       3.130 |**                                       20
       3.187 |**                                       27
       3.245 |**                                       24
       3.304 |**                                       24
       3.364 |**                                       25
       3.425 |**                                       23
       3.488 |**                                       19
       3.551 |*                                        17
       3.615 |**                                       19
       3.681 |*                                        17
       3.748 |*                                        12
       3.816 |*                                        17
       3.885 |*                                        13
       3.956 |*                                        14
       4.028 |**                                       18
       4.101 |*                                        15
       4.176 |**                                       19
       4.252 |*                                        10
       4.329 |                                         4
       4.407 |*                                        11
       4.487 |*                                        11
       4.569 |*                                        13
       4.652 |*                                        6
       4.737 |                                         5
       4.823 |                                         5
       4.910 |                                         4
       4.999 |*                                        8
       5.090 |*                                        9
       5.183 |                                         3
       5.277 |                                         1
       5.373 |                                         4
       5.470 |                                         1
       5.570 |                                         1
       5.671 |                                         1
       5.774 |                                         1
       5.879 |                                         1
       6.790 |                                         1
       7.985 |                                         1
       8.737 |                                         1
      18.612 |                                         1
 
SQL statistics:
    queries performed:
        read:                            124446
        write:                           0
        other:                           17778
        total:                           142224
    transactions:                        8889   (296.11 per sec.)
    queries:                             142224 (4737.82 per sec.)
    ignored errors:                      0      (0.00 per sec.)
    reconnects:                          0      (0.00 per sec.)

General statistics:
    total time:                          30.0179s
    total number of events:              8889

Latency (ms):
         min:                                    1.23
         avg:                                    1.90
         max:                                   18.74
         95th percentile:                        3.07
         sum:                                16892.54

Threads fairness:
    events (avg/stddev):           277.7812/1.87
    execution time (avg/stddev):   0.5279/0.01


