sysbench 1.0.20 (using system LuaJIT 2.1.0-beta3)

Running the test with following options:
Number of threads: 32
Target transaction rate: 300/sec
Initializing random number generator from current time


Initializing worker threads...

Threads started!

Latency histogram (values are in milliseconds)
       value  ------------- distribution ------------- count
       1.250 |                                         3
       1.272 |*                                        7
       1.295 |***                                      36
       1.319 |********                                 107
       1.343 |***************                          186
       1.367 |**************************               328
       1.392 |**********************************       429
       1.417 |*********************************        425
       1.443 |******************************           384
       1.469 |****************************             359
       1.496 |************************                 305
       1.523 |********************                     253
       1.551 |*******************                      248
       1.579 |*****************                        218
       1.608 |**********************                   281
       1.637 |*************************                319
       1.667 |*******************************          392
       1.697 |*************************************    470
       1.728 |***************************************  497
       1.759 |**************************************** 512
       1.791 |**********************************       441
       1.824 |********************************         405
       1.857 |****************************             361
       1.891 |*************************                320
       1.925 |**********************                   284
       1.960 |********************                     262
       1.996 |*****************                        212
       2.032 |***************                          191
       2.069 |*************                            162
       2.106 |***********                              136
       2.145 |*******                                  93
       2.184 |*****                                    70
       2.223 |****                                     45
       2.264 |***                                      44
       2.305 |**                                       29
       2.347 |**                                       23
       2.389 |*                                        12
       2.433 |*                                        12
       2.477 |                                         3
       2.522 |*                                        11
       2.568 |                                         2
       2.615 |                                         3
       2.662 |                                         2
       2.760 |                                         1
 
SQL statistics:
    queries performed:
        read:                            124362
        write:                           0
        other:                           17766
        total:                           142128
    transactions:                        8883   (295.89 per sec.)
    queries:                             142128 (4734.29 per sec.)
    ignored errors:                      0      (0.00 per sec.)
    reconnects:                          0      (0.00 per sec.)

General statistics:
    total time:                          30.0200s
    total number of events:              8883

Latency (ms):
         min:                                    1.25
         avg:                                    1.69
         max:                                    2.77
         95th percentile:                        2.11
         sum:                                15018.35

Threads fairness:
    events (avg/stddev):           277.5938/1.09
    execution time (avg/stddev):   0.4693/0.00


