sysbench 1.0.20 (using system LuaJIT 2.1.0-beta3)

Running the test with following options:
Number of threads: 32
Target transaction rate: 300/sec
Initializing random number generator from current time


Initializing worker threads...

Threads started!

Latency histogram (values are in milliseconds)
       value  ------------- distribution ------------- count
       1.184 |                                         4
       1.205 |*                                        14
       1.227 |****                                     50
       1.250 |********                                 103
       1.272 |****************                         208
       1.295 |***************************              351
       1.319 |*****************************            377
       1.343 |*******************************          408
       1.367 |***************************              347
       1.392 |************************                 314
       1.417 |*********************                    278
       1.443 |*******************                      242
       1.469 |******************                       238
       1.496 |******************                       235
       1.523 |***********************                  299
       1.551 |****************************             368
       1.579 |********************************         418
       1.608 |**************************************** 521
       1.637 |**************************************   497
       1.667 |**************************************   493
       1.697 |***********************************      452
       1.728 |*********************************        425
       1.759 |*****************************            378
       1.791 |*************************                323
       1.824 |**********************                   286
       1.857 |********************                     266
       1.891 |*****************                        226
       1.925 |*************                            168
       1.960 |**************                           181
       1.996 |***********                              146
       2.032 |********                                 109
       2.069 |******                                   84
       2.106 |*****                                    60
       2.145 |***                                      42
       2.184 |***                                      33
       2.223 |**                                       31
       2.264 |*                                        18
       2.305 |*                                        13
       2.347 |*                                        7
       2.389 |*                                        11
       2.433 |                                         5
       2.477 |                                         3
       2.522 |                                         2
       2.568 |                                         4
       2.662 |                                         1
       2.810 |                                         2
       2.861 |                                         1
       2.966 |                                         1
       3.130 |                                         2
       3.885 |                                         1
       4.737 |                                         1
       5.373 |                                         1
       7.842 |                                         1
       8.895 |                                         1
      10.274 |                                         1
      12.524 |                                         1
      14.207 |                                         1
 
SQL statistics:
    queries performed:
        read:                            126742
        write:                           0
        other:                           18106
        total:                           144848
    transactions:                        9053   (301.59 per sec.)
    queries:                             144848 (4825.43 per sec.)
    ignored errors:                      0      (0.00 per sec.)
    reconnects:                          0      (0.00 per sec.)

General statistics:
    total time:                          30.0166s
    total number of events:              9053

Latency (ms):
         min:                                    1.18
         avg:                                    1.62
         max:                                   14.14
         95th percentile:                        2.00
         sum:                                14639.77

Threads fairness:
    events (avg/stddev):           282.9062/1.38
    execution time (avg/stddev):   0.4575/0.01


