sysbench 1.0.20 (using system LuaJIT 2.1.0-beta3)

Running the test with following options:
Number of threads: 32
Target transaction rate: 200/sec
Initializing random number generator from current time


Initializing worker threads...

Threads started!

Latency histogram (values are in milliseconds)
       value  ------------- distribution ------------- count
       2.347 |                                         1
       2.389 |*                                        10
       2.433 |**                                       17
       2.477 |*****                                    50
       2.522 |*********                                88
       2.568 |***************                          147
       2.615 |**********************                   224
       2.662 |*************************                251
       2.710 |***********************                  231
       2.760 |***********************                  232
       2.810 |***************************              269
       2.861 |*************************                254
       2.913 |***************************              271
       2.966 |********************************         328
       3.020 |***********************************      355
       3.075 |*************************************    375
       3.130 |**************************************** 404
       3.187 |*******************************          318
       3.245 |****************************             282
       3.304 |*************************                254
       3.364 |**********************                   220
       3.425 |*******************                      195
       3.488 |******************                       179
       3.551 |************                             123
       3.615 |*************                            132
       3.681 |***********                              115
       3.748 |********                                 80
       3.816 |******                                   57
       3.885 |******                                   63
       3.956 |*****                                    55
       4.028 |*****                                    48
       4.101 |***                                      31
       4.176 |***                                      34
       4.252 |****                                     39
       4.329 |***                                      29
       4.407 |***                                      30
       4.487 |*                                        15
       4.569 |**                                       17
       4.652 |*                                        10
       4.737 |**                                       18
       4.823 |*                                        11
       4.910 |*                                        9
       4.999 |*                                        10
       5.090 |                                         5
       5.183 |                                         4
       5.277 |*                                        6
       5.373 |                                         4
       5.470 |                                         1
       5.570 |                                         2
       5.671 |                                         5
       5.774 |                                         3
       5.879 |                                         3
       5.986 |*                                        7
       6.095 |                                         2
       6.205 |                                         3
       6.318 |                                         3
       6.433 |                                         4
       6.550 |                                         1
       6.669 |                                         2
       6.790 |                                         3
       6.913 |                                         2
       7.039 |                                         2
       7.167 |                                         2
       7.297 |                                         3
       7.430 |                                         4
       7.565 |                                         3
       7.702 |                                         1
       7.842 |                                         1
       7.985 |                                         2
       8.277 |                                         1
       8.428 |                                         4
       8.581 |                                         1
       8.737 |                                         2
       8.895 |                                         1
       9.057 |                                         1
       9.222 |                                         3
       9.389 |                                         3
       9.560 |                                         1
       9.910 |                                         2
      10.090 |                                         3
      10.274 |                                         1
      10.460 |                                         4
      10.651 |                                         2
      11.041 |                                         1
      11.446 |                                         1
      11.654 |                                         2
      11.866 |                                         4
      12.081 |                                         1
      12.752 |                                         1
      12.984 |                                         1
      13.460 |                                         1
      13.704 |                                         1
      13.953 |                                         1
      15.545 |                                         1
      16.115 |                                         2
      16.706 |                                         1
      17.010 |                                         2
      17.319 |                                         1
      17.633 |                                         1
      18.280 |                                         1
      18.612 |                                         1
      18.950 |                                         2
      19.295 |                                         3
      20.002 |                                         1
      21.496 |                                         2
      21.886 |                                         1
      22.284 |                                         1
      23.101 |                                         1
      23.521 |                                         1
      24.827 |                                         1
      25.737 |                                         1
      27.165 |                                         1
 
SQL statistics:
    queries performed:
        read:                            84378
        write:                           24108
        other:                           12054
        total:                           120540
    transactions:                        6027   (200.78 per sec.)
    queries:                             120540 (4015.52 per sec.)
    ignored errors:                      0      (0.00 per sec.)
    reconnects:                          0      (0.00 per sec.)

General statistics:
    total time:                          30.0182s
    total number of events:              6027

Latency (ms):
         min:                                    2.35
         avg:                                    3.30
         max:                                   27.26
         95th percentile:                        4.25
         sum:                                19902.38

Threads fairness:
    events (avg/stddev):           188.3438/1.05
    execution time (avg/stddev):   0.6219/0.01


