sysbench 1.0.20 (using system LuaJIT 2.1.0-beta3)

Running the test with following options:
Number of threads: 32
Target transaction rate: 300/sec
Initializing random number generator from current time


Initializing worker threads...

Threads started!

Latency histogram (values are in milliseconds)
       value  ------------- distribution ------------- count
       2.347 |                                         3
       2.389 |*                                        10
       2.433 |**                                       18
       2.477 |****                                     36
       2.522 |*******                                  58
       2.568 |**********                               84
       2.615 |*************                            105
       2.662 |************                             97
       2.710 |************                             101
       2.760 |**************                           118
       2.810 |**************                           114
       2.861 |*************                            107
       2.913 |***************                          124
       2.966 |******************                       148
       3.020 |*************************                208
       3.075 |*****************************            235
       3.130 |*********************************        271
       3.187 |**********************************       276
       3.245 |***************************************  322
       3.304 |**************************************   315
       3.364 |************************************     296
       3.425 |**************************************** 328
       3.488 |***************************************  317
       3.551 |**********************************       277
       3.615 |*******************************          251
       3.681 |**************************               214
       3.748 |************************                 193
       3.816 |********************                     164
       3.885 |*****************                        143
       3.956 |**************                           117
       4.028 |***************                          127
       4.101 |***********                              92
       4.176 |***********                              94
       4.252 |*********                                73
       4.329 |********                                 68
       4.407 |*********                                71
       4.487 |********                                 62
       4.569 |*****                                    44
       4.652 |*******                                  54
       4.737 |*******                                  56
       4.823 |****                                     29
       4.910 |*****                                    39
       4.999 |****                                     32
       5.090 |*****                                    38
       5.183 |***                                      26
       5.277 |***                                      26
       5.373 |**                                       18
       5.470 |***                                      28
       5.570 |*                                        11
       5.671 |**                                       13
       5.774 |**                                       16
       5.879 |**                                       14
       5.986 |*                                        11
       6.095 |**                                       13
       6.205 |**                                       14
       6.318 |*                                        5
       6.433 |*                                        8
       6.550 |                                         3
       6.669 |                                         2
       6.790 |                                         2
       6.913 |                                         1
       7.167 |                                         2
       7.297 |                                         3
       7.430 |                                         1
       7.565 |                                         1
       8.428 |                                         1
      16.115 |                                         1
 
SQL statistics:
    queries performed:
        read:                            86086
        write:                           0
        other:                           12298
        total:                           98384
    transactions:                        6149   (307.00 per sec.)
    queries:                             98384  (4912.08 per sec.)
    ignored errors:                      0      (0.00 per sec.)
    reconnects:                          0      (0.00 per sec.)

General statistics:
    total time:                          20.0286s
    total number of events:              6149

Latency (ms):
         min:                                    2.34
         avg:                                    3.52
         max:                                   16.22
         95th percentile:                        4.91
         sum:                                21674.59

Threads fairness:
    events (avg/stddev):           192.1562/2.20
    execution time (avg/stddev):   0.6773/0.01


