sysbench 1.0.20 (using system LuaJIT 2.1.0-beta3)

Running the test with following options:
Number of threads: 32
Target transaction rate: 3000/sec
Initializing random number generator from current time


Initializing worker threads...

Threads started!

Latency histogram (values are in milliseconds)
       value  ------------- distribution ------------- count
       0.120 |                                         1
       0.122 |                                         2
       0.127 |                                         1
       0.129 |                                         3
       0.132 |                                         14
       0.134 |                                         32
       0.136 |*                                        43
       0.139 |*                                        100
       0.141 |**                                       188
       0.144 |****                                     316
       0.147 |******                                   508
       0.149 |********                                 651
       0.152 |**********                               846
       0.155 |************                             1015
       0.158 |****************                         1316
       0.160 |*****************                        1406
       0.163 |********************                     1635
       0.166 |********************                     1633
       0.169 |********************                     1645
       0.172 |***********************                  1915
       0.176 |*************************                2047
       0.179 |*******************************          2590
       0.182 |***********************************      2879
       0.185 |***************************************  3237
       0.189 |***************************************  3249
       0.192 |**************************************** 3320
       0.196 |***************************************  3274
       0.199 |*************************************    3068
       0.203 |**********************************       2805
       0.206 |******************************           2507
       0.210 |****************************             2307
       0.214 |***********************                  1908
       0.218 |*********************                    1713
       0.222 |*******************                      1595
       0.226 |*****************                        1429
       0.230 |***************                          1207
       0.234 |*************                            1050
       0.238 |**********                               830
       0.243 |*********                                716
       0.247 |********                                 641
       0.252 |******                                   530
       0.256 |*****                                    419
       0.261 |*****                                    394
       0.266 |****                                     318
       0.270 |***                                      242
       0.275 |***                                      251
       0.280 |***                                      215
       0.285 |**                                       192
       0.291 |**                                       142
       0.296 |**                                       168
       0.301 |**                                       149
       0.307 |*                                        121
       0.312 |**                                       172
       0.318 |**                                       130
       0.324 |**                                       129
       0.330 |**                                       128
       0.336 |*                                        106
       0.342 |*                                        98
       0.348 |*                                        97
       0.354 |*                                        79
       0.361 |*                                        83
       0.367 |*                                        69
       0.374 |*                                        54
       0.381 |*                                        55
       0.388 |                                         38
       0.395 |                                         34
       0.402 |                                         28
       0.409 |                                         15
       0.417 |                                         15
       0.424 |                                         18
       0.432 |                                         10
       0.440 |                                         7
       0.448 |                                         7
       0.456 |                                         3
       0.464 |                                         2
       0.473 |                                         3
       0.481 |                                         4
       0.490 |                                         4
       0.499 |                                         2
       0.508 |                                         1
       0.517 |                                         2
       0.527 |                                         1
       0.536 |                                         2
       0.556 |                                         1
       0.566 |                                         2
       0.576 |                                         2
       0.608 |                                         2
       0.677 |                                         1
       0.702 |                                         1
       0.937 |                                         1
       1.184 |                                         1
 
SQL statistics:
    queries performed:
        read:                            60190
        write:                           0
        other:                           0
        total:                           60190
    transactions:                        60190  (3006.71 per sec.)
    queries:                             60190  (3006.71 per sec.)
    ignored errors:                      0      (0.00 per sec.)
    reconnects:                          0      (0.00 per sec.)

General statistics:
    total time:                          20.0182s
    total number of events:              60190

Latency (ms):
         min:                                    0.12
         avg:                                    0.20
         max:                                    1.19
         95th percentile:                        0.27
         sum:                                12013.15

Threads fairness:
    events (avg/stddev):           1880.9375/16.05
    execution time (avg/stddev):   0.3754/0.00


