sysbench 1.0.20 (using system LuaJIT 2.1.0-beta3)

Running the test with following options:
Number of threads: 32
Target transaction rate: 3000/sec
Initializing random number generator from current time


Initializing worker threads...

Threads started!

Latency histogram (values are in milliseconds)
       value  ------------- distribution ------------- count
       0.125 |                                         2
       0.127 |                                         6
       0.129 |                                         14
       0.132 |                                         18
       0.134 |                                         34
       0.136 |*                                        92
       0.139 |**                                       168
       0.141 |****                                     298
       0.144 |******                                   527
       0.147 |********                                 647
       0.149 |*********                                759
       0.152 |***********                              933
       0.155 |***************                          1204
       0.158 |*****************                        1410
       0.160 |*******************                      1579
       0.163 |*******************                      1552
       0.166 |*******************                      1535
       0.169 |*******************                      1532
       0.172 |************************                 1922
       0.176 |*****************************            2350
       0.179 |*********************************        2731
       0.182 |************************************     2970
       0.185 |**************************************   3136
       0.189 |**************************************** 3261
       0.192 |**************************************** 3263
       0.196 |************************************     2976
       0.199 |******************************           2464
       0.203 |*************************                2032
       0.206 |*********************                    1699
       0.210 |*****************                        1364
       0.214 |***************                          1247
       0.218 |*************                            1047
       0.222 |***********                              909
       0.226 |*********                                763
       0.230 |********                                 626
       0.234 |******                                   522
       0.238 |*****                                    448
       0.243 |****                                     350
       0.247 |****                                     312
       0.252 |***                                      280
       0.256 |***                                      256
       0.261 |***                                      213
       0.266 |**                                       189
       0.270 |**                                       172
       0.275 |**                                       150
       0.280 |**                                       128
       0.285 |**                                       129
       0.291 |*                                        119
       0.296 |**                                       138
       0.301 |**                                       128
       0.307 |**                                       143
       0.312 |**                                       140
       0.318 |**                                       125
       0.324 |*                                        122
       0.330 |**                                       145
       0.336 |**                                       171
       0.342 |**                                       197
       0.348 |***                                      251
       0.354 |***                                      260
       0.361 |****                                     356
       0.367 |******                                   455
       0.374 |*****                                    440
       0.381 |*******                                  543
       0.388 |******                                   526
       0.395 |*******                                  577
       0.402 |*******                                  583
       0.409 |*******                                  567
       0.417 |*******                                  539
       0.424 |******                                   489
       0.432 |*****                                    417
       0.440 |****                                     351
       0.448 |***                                      285
       0.456 |***                                      253
       0.464 |**                                       184
       0.473 |**                                       172
       0.481 |*                                        113
       0.490 |*                                        98
       0.499 |*                                        85
       0.508 |*                                        66
       0.517 |*                                        65
       0.527 |*                                        49
       0.536 |*                                        49
       0.546 |*                                        47
       0.556 |*                                        41
       0.566 |                                         32
       0.576 |                                         26
       0.587 |                                         31
       0.597 |                                         25
       0.608 |                                         22
       0.619 |                                         29
       0.630 |                                         18
       0.642 |                                         21
       0.654 |                                         13
       0.665 |                                         13
       0.677 |                                         9
       0.690 |                                         12
       0.702 |                                         7
       0.715 |                                         5
       0.728 |                                         6
       0.741 |                                         11
       0.755 |                                         6
       0.768 |                                         2
       0.782 |                                         1
       0.797 |                                         6
       0.811 |                                         1
       0.826 |                                         1
       0.841 |                                         3
       0.856 |                                         1
       0.872 |                                         2
       0.888 |                                         3
       0.904 |                                         2
       0.920 |                                         2
       0.937 |                                         2
       0.954 |                                         2
       0.971 |                                         2
       0.989 |                                         4
       1.007 |                                         1
       1.025 |                                         3
       1.044 |                                         1
       1.063 |                                         2
       1.082 |                                         2
       1.122 |                                         4
       1.142 |                                         1
       1.163 |                                         3
       1.184 |                                         2
       1.205 |                                         2
       1.250 |                                         1
       1.272 |                                         3
       1.295 |                                         1
       1.319 |                                         1
       1.343 |                                         1
       1.417 |                                         1
       1.443 |                                         1
       1.523 |                                         1
       1.551 |                                         1
       1.579 |                                         2
       1.608 |                                         2
       1.637 |                                         3
       1.667 |                                         3
       1.697 |                                         1
       1.728 |                                         3
       1.759 |                                         3
       1.791 |                                         2
       1.824 |                                         3
       1.925 |                                         3
       1.996 |                                         4
       2.106 |                                         1
       2.145 |                                         2
       2.184 |                                         1
       2.223 |                                         2
       2.264 |                                         2
       2.305 |                                         3
       2.347 |                                         1
       2.389 |                                         2
       2.433 |                                         3
       2.522 |                                         1
       2.568 |                                         1
       2.662 |                                         1
       2.710 |                                         2
       2.760 |                                         1
       2.810 |                                         1
       2.913 |                                         2
       2.966 |                                         1
       3.020 |                                         1
       3.187 |                                         2
       3.245 |                                         1
       3.304 |                                         1
       3.364 |                                         1
       3.425 |                                         1
       3.551 |                                         3
       3.681 |                                         2
       3.816 |                                         4
       3.885 |                                         2
       3.956 |                                         1
       4.028 |                                         2
       4.101 |                                         1
       4.176 |                                         1
       4.252 |                                         1
       4.329 |                                         1
       4.407 |                                         1
       4.652 |                                         1
       4.737 |                                         1
       4.823 |                                         1
       5.090 |                                         1
       5.570 |                                         2
       5.879 |                                         1
       6.669 |                                         1
       6.790 |                                         1
       7.039 |                                         1
       7.167 |                                         2
       7.702 |                                         1
       8.277 |                                         1
       8.581 |                                         1
       8.737 |                                         1
       8.895 |                                         1
      10.651 |                                         1
      10.844 |                                         1
      11.446 |                                         2
      11.654 |                                         1
      12.524 |                                         1
 
SQL statistics:
    queries performed:
        read:                            59965
        write:                           0
        other:                           0
        total:                           59965
    transactions:                        59965  (2995.88 per sec.)
    queries:                             59965  (2995.88 per sec.)
    ignored errors:                      0      (0.00 per sec.)
    reconnects:                          0      (0.00 per sec.)

General statistics:
    total time:                          20.0154s
    total number of events:              59965

Latency (ms):
         min:                                    0.12
         avg:                                    0.23
         max:                                   12.61
         95th percentile:                        0.42
         sum:                                13797.58

Threads fairness:
    events (avg/stddev):           1873.9062/14.50
    execution time (avg/stddev):   0.4312/0.01


