sysbench 1.0.20 (using system LuaJIT 2.1.0-beta3)

Running the test with following options:
Number of threads: 32
Target transaction rate: 3000/sec
Initializing random number generator from current time


Initializing worker threads...

Threads started!

Latency histogram (values are in milliseconds)
       value  ------------- distribution ------------- count
       0.125 |                                         1
       0.127 |                                         2
       0.129 |                                         2
       0.132 |                                         4
       0.134 |                                         7
       0.136 |                                         28
       0.139 |                                         27
       0.141 |*                                        52
       0.144 |*                                        72
       0.147 |*                                        98
       0.149 |**                                       162
       0.152 |***                                      256
       0.155 |*****                                    387
       0.158 |********                                 636
       0.160 |**********                               755
       0.163 |************                             907
       0.166 |****************                         1180
       0.169 |*****************                        1281
       0.172 |******************                       1393
       0.176 |********************                     1498
       0.179 |********************                     1486
       0.182 |********************                     1476
       0.185 |***********************                  1730
       0.189 |****************************             2076
       0.192 |*********************************        2509
       0.196 |**************************************   2877
       0.199 |**************************************** 3019
       0.203 |**************************************   2903
       0.206 |************************************     2732
       0.210 |*********************************        2491
       0.214 |******************************           2243
       0.218 |**************************               1981
       0.222 |************************                 1797
       0.226 |*********************                    1548
       0.230 |*******************                      1422
       0.234 |****************                         1170
       0.238 |**************                           1062
       0.243 |***********                              855
       0.247 |**********                               776
       0.252 |********                                 608
       0.256 |*******                                  517
       0.261 |******                                   482
       0.266 |******                                   425
       0.270 |*****                                    345
       0.275 |****                                     298
       0.280 |****                                     282
       0.285 |****                                     281
       0.291 |***                                      203
       0.296 |***                                      192
       0.301 |**                                       183
       0.307 |**                                       186
       0.312 |**                                       175
       0.318 |**                                       157
       0.324 |**                                       173
       0.330 |**                                       149
       0.336 |**                                       157
       0.342 |***                                      195
       0.348 |**                                       175
       0.354 |**                                       184
       0.361 |***                                      212
       0.367 |***                                      233
       0.374 |****                                     281
       0.381 |****                                     321
       0.388 |*****                                    377
       0.395 |*****                                    376
       0.402 |******                                   456
       0.409 |*******                                  498
       0.417 |*******                                  517
       0.424 |*******                                  527
       0.432 |*******                                  551
       0.440 |*******                                  506
       0.448 |*******                                  503
       0.456 |******                                   485
       0.464 |******                                   463
       0.473 |******                                   419
       0.481 |*****                                    370
       0.490 |*****                                    358
       0.499 |****                                     305
       0.508 |****                                     271
       0.517 |***                                      211
       0.527 |***                                      198
       0.536 |***                                      189
       0.546 |**                                       127
       0.556 |**                                       138
       0.566 |*                                        93
       0.576 |*                                        104
       0.587 |*                                        92
       0.597 |*                                        78
       0.608 |*                                        63
       0.619 |*                                        65
       0.630 |*                                        39
       0.642 |*                                        40
       0.654 |*                                        50
       0.665 |                                         36
       0.677 |                                         27
       0.690 |                                         27
       0.702 |                                         27
       0.715 |                                         25
       0.728 |                                         14
       0.741 |                                         13
       0.755 |                                         13
       0.768 |                                         9
       0.782 |                                         16
       0.797 |                                         12
       0.811 |                                         8
       0.826 |                                         5
       0.841 |                                         6
       0.856 |                                         7
       0.872 |                                         4
       0.888 |                                         6
       0.904 |                                         2
       0.920 |                                         11
       0.937 |                                         4
       0.954 |                                         3
       0.971 |                                         3
       0.989 |                                         1
       1.007 |                                         2
       1.025 |                                         2
       1.044 |                                         1
       1.063 |                                         2
       1.102 |                                         1
       1.122 |                                         2
       1.163 |                                         3
       1.205 |                                         3
       1.227 |                                         2
       1.250 |                                         7
       1.272 |                                         2
       1.319 |                                         4
       1.343 |                                         4
       1.367 |                                         3
       1.392 |                                         3
       1.417 |                                         2
       1.443 |                                         2
       1.469 |                                         3
       1.496 |                                         1
       1.523 |                                         3
       1.551 |                                         3
       1.579 |                                         6
       1.608 |                                         2
       1.637 |                                         4
       1.697 |                                         2
       1.728 |                                         3
       1.759 |                                         2
       1.791 |                                         7
       1.824 |                                         2
       1.857 |                                         1
       1.891 |                                         5
       1.925 |                                         7
       1.960 |                                         5
       2.032 |                                         4
       2.069 |                                         2
       2.106 |                                         1
       2.145 |                                         2
       2.223 |                                         3
       2.264 |                                         1
       2.389 |                                         3
       2.433 |                                         3
       2.477 |                                         5
       2.522 |                                         1
       2.568 |                                         2
       2.615 |                                         1
       2.662 |                                         2
       2.710 |                                         1
       2.760 |                                         2
       2.810 |                                         2
       2.861 |                                         2
       2.913 |                                         2
       2.966 |                                         2
       3.020 |                                         2
       3.075 |                                         1
       3.130 |                                         5
       3.187 |                                         1
       3.245 |                                         2
       3.304 |                                         1
       3.364 |                                         1
       3.488 |                                         4
       3.551 |                                         3
       3.615 |                                         3
       3.681 |                                         1
       3.748 |                                         2
       3.816 |                                         3
       3.885 |                                         1
       3.956 |                                         1
       4.176 |                                         2
       4.252 |                                         1
       4.329 |                                         1
       4.407 |                                         4
       4.487 |                                         1
       4.569 |                                         1
       4.737 |                                         1
       4.823 |                                         1
       4.910 |                                         2
       4.999 |                                         1
       5.090 |                                         2
       5.470 |                                         2
       5.986 |                                         1
       6.550 |                                         1
       7.565 |                                         1
       8.428 |                                         1
       8.581 |                                         1
       8.895 |                                         1
       9.910 |                                         1
      10.844 |                                         1
      11.041 |                                         1
      11.242 |                                         1
      11.446 |                                         1
      12.301 |                                         1
      12.752 |                                         1
 
SQL statistics:
    queries performed:
        read:                            60268
        write:                           0
        other:                           0
        total:                           60268
    transactions:                        60268  (3010.75 per sec.)
    queries:                             60268  (3010.75 per sec.)
    ignored errors:                      0      (0.00 per sec.)
    reconnects:                          0      (0.00 per sec.)

General statistics:
    total time:                          20.0172s
    total number of events:              60268

Latency (ms):
         min:                                    0.13
         avg:                                    0.26
         max:                                   12.64
         95th percentile:                        0.48
         sum:                                15568.19

Threads fairness:
    events (avg/stddev):           1883.3750/14.54
    execution time (avg/stddev):   0.4865/0.01


