sysbench 1.0.20 (using system LuaJIT 2.1.0-beta3)

Running the test with following options:
Number of threads: 32
Target transaction rate: 1000/sec
Initializing random number generator from current time


Initializing worker threads...

Threads started!

Latency histogram (values are in milliseconds)
       value  ------------- distribution ------------- count
       0.556 |                                         2
       0.576 |                                         2
       0.587 |                                         5
       0.597 |*                                        16
       0.608 |                                         12
       0.619 |*                                        34
       0.630 |**                                       60
       0.642 |***                                      91
       0.654 |****                                     102
       0.665 |*****                                    137
       0.677 |******                                   152
       0.690 |******                                   162
       0.702 |********                                 206
       0.715 |*********                                237
       0.728 |***********                              295
       0.741 |***************                          395
       0.755 |******************                       473
       0.768 |********************                     524
       0.782 |***********************                  614
       0.797 |***************************              718
       0.811 |******************************           780
       0.826 |******************************           799
       0.841 |*********************************        878
       0.856 |*********************************        881
       0.872 |*************************************    966
       0.888 |***************************************  1033
       0.904 |**************************************   999
       0.920 |*************************************    983
       0.937 |**************************************** 1055
       0.954 |*************************************    965
       0.971 |************************************     940
       0.989 |************************************     942
       1.007 |**********************************       888
       1.025 |********************************         851
       1.044 |******************************           790
       1.063 |*******************************          814
       1.082 |*****************************            764
       1.102 |**************************               682
       1.122 |*************************                659
       1.142 |**************************               674
       1.163 |**********************                   591
       1.184 |*********************                    552
       1.205 |**********************                   570
       1.227 |********************                     519
       1.250 |******************                       473
       1.272 |*****************                        440
       1.295 |*****************                        446
       1.319 |***************                          395
       1.343 |**************                           367
       1.367 |***********                              292
       1.392 |**********                               274
       1.417 |*********                                241
       1.443 |*********                                250
       1.469 |*********                                230
       1.496 |********                                 206
       1.523 |*******                                  174
       1.551 |********                                 201
       1.579 |******                                   155
       1.608 |******                                   151
       1.637 |******                                   150
       1.667 |*****                                    120
       1.697 |****                                     93
       1.728 |****                                     118
       1.759 |****                                     106
       1.791 |***                                      79
       1.824 |***                                      79
       1.857 |***                                      75
       1.891 |**                                       65
       1.925 |***                                      86
       1.960 |**                                       54
       1.996 |**                                       49
       2.032 |*                                        38
       2.069 |**                                       45
       2.106 |**                                       44
       2.145 |*                                        25
       2.184 |*                                        38
       2.223 |*                                        38
       2.264 |*                                        31
       2.305 |*                                        26
       2.347 |*                                        35
       2.389 |*                                        29
       2.433 |*                                        34
       2.477 |*                                        29
       2.522 |*                                        24
       2.568 |*                                        35
       2.615 |*                                        29
       2.662 |*                                        24
       2.710 |*                                        30
       2.760 |*                                        27
       2.810 |*                                        26
       2.861 |*                                        31
       2.913 |*                                        19
       2.966 |*                                        20
       3.020 |*                                        25
       3.075 |*                                        24
       3.130 |*                                        22
       3.187 |*                                        22
       3.245 |*                                        15
       3.304 |*                                        20
       3.364 |                                         11
       3.425 |                                         12
       3.488 |                                         8
       3.551 |                                         13
       3.615 |*                                        14
       3.681 |                                         5
       3.748 |                                         8
       3.816 |                                         11
       3.885 |                                         7
       3.956 |                                         1
       4.028 |                                         3
       4.101 |                                         2
       4.176 |                                         2
       4.329 |                                         3
       4.407 |                                         3
       4.487 |                                         6
       4.569 |                                         4
       4.652 |                                         5
       4.737 |                                         4
       4.823 |                                         2
       4.910 |                                         7
       4.999 |                                         5
       5.090 |                                         3
       5.183 |                                         4
       5.277 |                                         2
       5.373 |                                         4
       5.470 |                                         2
       5.570 |                                         3
       5.671 |                                         4
       5.774 |                                         2
       5.879 |                                         3
       5.986 |                                         7
       6.095 |                                         1
       6.205 |                                         1
       6.318 |                                         2
       7.039 |                                         1
 
SQL statistics:
    queries performed:
        read:                            0
        write:                           30161
        other:                           0
        total:                           30161
    transactions:                        30161  (1004.69 per sec.)
    queries:                             30161  (1004.69 per sec.)
    ignored errors:                      0      (0.00 per sec.)
    reconnects:                          0      (0.00 per sec.)

General statistics:
    total time:                          30.0198s
    total number of events:              30161

Latency (ms):
         min:                                    0.56
         avg:                                    1.10
         max:                                    7.06
         95th percentile:                        1.76
         sum:                                33106.74

Threads fairness:
    events (avg/stddev):           942.5312/5.43
    execution time (avg/stddev):   1.0346/0.02


