sysbench 1.0.20 (using system LuaJIT 2.1.0-beta3)

Running the test with following options:
Number of threads: 32
Target transaction rate: 3000/sec
Initializing random number generator from current time


Initializing worker threads...

Threads started!

Latency histogram (values are in milliseconds)
       value  ------------- distribution ------------- count
       0.110 |                                         1
       0.116 |                                         3
       0.118 |                                         5
       0.120 |                                         2
       0.122 |                                         8
       0.125 |                                         6
       0.127 |                                         24
       0.129 |                                         35
       0.132 |                                         71
       0.134 |*                                        148
       0.136 |**                                       281
       0.139 |***                                      554
       0.141 |******                                   927
       0.144 |*********                                1420
       0.147 |***********                              1748
       0.149 |*************                            2112
       0.152 |***************                          2406
       0.155 |*****************                        2739
       0.158 |******************                       2921
       0.160 |******************                       2842
       0.163 |*****************                        2787
       0.166 |*****************                        2708
       0.169 |****************                         2486
       0.172 |*******************                      3066
       0.176 |**************************               4211
       0.179 |**********************************       5465
       0.182 |**************************************** 6400
       0.185 |**************************************** 6408
       0.189 |***********************************      5529
       0.192 |******************************           4729
       0.196 |************************                 3853
       0.199 |********************                     3137
       0.203 |****************                         2552
       0.206 |*************                            2126
       0.210 |************                             1932
       0.214 |***********                              1685
       0.218 |*********                                1513
       0.222 |*********                                1437
       0.226 |*******                                  1101
       0.230 |******                                   969
       0.234 |*****                                    823
       0.238 |*****                                    727
       0.243 |****                                     626
       0.247 |***                                      544
       0.252 |***                                      460
       0.256 |**                                       370
       0.261 |**                                       373
       0.266 |**                                       337
       0.270 |**                                       294
       0.275 |*                                        237
       0.280 |*                                        240
       0.285 |**                                       244
       0.291 |*                                        236
       0.296 |*                                        203
       0.301 |*                                        204
       0.307 |*                                        186
       0.312 |*                                        230
       0.318 |*                                        163
       0.324 |*                                        159
       0.330 |*                                        174
       0.336 |*                                        140
       0.342 |*                                        113
       0.348 |*                                        81
       0.354 |                                         74
       0.361 |                                         56
       0.367 |                                         52
       0.374 |                                         48
       0.381 |                                         33
       0.388 |                                         36
       0.395 |                                         36
       0.402 |                                         19
       0.409 |                                         26
       0.417 |                                         30
       0.424 |                                         11
       0.432 |                                         16
       0.440 |                                         12
       0.448 |                                         17
       0.456 |                                         22
       0.464 |                                         22
       0.473 |                                         26
       0.481 |                                         18
       0.490 |                                         14
       0.499 |                                         13
       0.508 |                                         9
       0.517 |                                         11
       0.527 |                                         4
       0.536 |                                         7
       0.546 |                                         3
       0.556 |                                         6
       0.566 |                                         7
       0.576 |                                         3
       0.587 |                                         3
       0.597 |                                         5
       0.608 |                                         6
       0.619 |                                         2
       0.630 |                                         2
       0.642 |                                         1
       0.654 |                                         3
       0.665 |                                         1
       0.677 |                                         2
       0.690 |                                         1
       0.728 |                                         3
       0.741 |                                         2
       0.755 |                                         1
       0.768 |                                         2
       0.782 |                                         2
       0.811 |                                         2
       0.826 |                                         1
       0.856 |                                         1
       0.872 |                                         1
       0.904 |                                         1
       0.920 |                                         1
       1.063 |                                         1
       1.184 |                                         1
       1.392 |                                         1
       1.891 |                                         1
       2.347 |                                         1
       3.245 |                                         1
 
SQL statistics:
    queries performed:
        read:                            90191
        write:                           0
        other:                           0
        total:                           90191
    transactions:                        90191  (3004.94 per sec.)
    queries:                             90191  (3004.94 per sec.)
    ignored errors:                      0      (0.00 per sec.)
    reconnects:                          0      (0.00 per sec.)

General statistics:
    total time:                          30.0139s
    total number of events:              90191

Latency (ms):
         min:                                    0.11
         avg:                                    0.19
         max:                                    3.22
         95th percentile:                        0.26
         sum:                                17089.92

Threads fairness:
    events (avg/stddev):           2818.4688/18.74
    execution time (avg/stddev):   0.5341/0.00


