sysbench 1.0.20 (using system LuaJIT 2.1.0-beta3)

Running the test with following options:
Number of threads: 32
Target transaction rate: 3000/sec
Initializing random number generator from current time


Initializing worker threads...

Threads started!

Latency histogram (values are in milliseconds)
       value  ------------- distribution ------------- count
       0.118 |                                         2
       0.120 |                                         2
       0.122 |                                         4
       0.125 |                                         10
       0.127 |                                         20
       0.129 |                                         22
       0.132 |                                         48
       0.134 |*                                        80
       0.136 |*                                        159
       0.139 |**                                       325
       0.141 |****                                     534
       0.144 |*******                                  888
       0.147 |*********                                1178
       0.149 |************                             1571
       0.152 |*************                            1779
       0.155 |***************                          2031
       0.158 |*****************                        2263
       0.160 |******************                       2381
       0.163 |******************                       2376
       0.166 |*****************                        2220
       0.169 |*****************                        2292
       0.172 |********************                     2688
       0.176 |*************************                3320
       0.179 |********************************         4335
       0.182 |***************************************  5193
       0.185 |**************************************** 5361
       0.189 |************************************     4873
       0.192 |********************************         4269
       0.196 |****************************             3772
       0.199 |************************                 3275
       0.203 |********************                     2689
       0.206 |******************                       2366
       0.210 |***************                          2001
       0.214 |*************                            1726
       0.218 |************                             1558
       0.222 |**********                               1380
       0.226 |*********                                1140
       0.230 |********                                 1013
       0.234 |*******                                  909
       0.238 |******                                   785
       0.243 |*****                                    701
       0.247 |*****                                    631
       0.252 |****                                     570
       0.256 |****                                     528
       0.261 |***                                      426
       0.266 |***                                      400
       0.270 |***                                      362
       0.275 |***                                      354
       0.280 |***                                      347
       0.285 |**                                       276
       0.291 |**                                       272
       0.296 |**                                       266
       0.301 |**                                       269
       0.307 |**                                       234
       0.312 |*                                        189
       0.318 |**                                       208
       0.324 |**                                       208
       0.330 |**                                       225
       0.336 |**                                       226
       0.342 |**                                       238
       0.348 |**                                       283
       0.354 |**                                       308
       0.361 |***                                      355
       0.367 |***                                      403
       0.374 |***                                      413
       0.381 |****                                     483
       0.388 |****                                     519
       0.395 |****                                     561
       0.402 |****                                     537
       0.409 |****                                     564
       0.417 |****                                     553
       0.424 |****                                     511
       0.432 |****                                     498
       0.440 |****                                     475
       0.448 |***                                      420
       0.456 |***                                      409
       0.464 |***                                      349
       0.473 |**                                       311
       0.481 |**                                       269
       0.490 |**                                       277
       0.499 |**                                       237
       0.508 |**                                       215
       0.517 |*                                        158
       0.527 |*                                        143
       0.536 |*                                        118
       0.546 |*                                        106
       0.556 |*                                        75
       0.566 |*                                        76
       0.576 |                                         62
       0.587 |                                         51
       0.597 |                                         47
       0.608 |                                         34
       0.619 |                                         44
       0.630 |                                         30
       0.642 |                                         23
       0.654 |                                         23
       0.665 |                                         18
       0.677 |                                         17
       0.690 |                                         19
       0.702 |                                         13
       0.715 |                                         13
       0.728 |                                         9
       0.741 |                                         12
       0.755 |                                         9
       0.768 |                                         4
       0.782 |                                         6
       0.797 |                                         6
       0.811 |                                         6
       0.826 |                                         6
       0.841 |                                         3
       0.856 |                                         4
       0.872 |                                         3
       0.888 |                                         1
       0.904 |                                         4
       0.920 |                                         1
       0.937 |                                         3
       0.954 |                                         2
       0.971 |                                         2
       1.007 |                                         1
       1.025 |                                         1
       1.044 |                                         1
       1.063 |                                         2
       1.082 |                                         1
       1.102 |                                         4
       1.122 |                                         3
       1.142 |                                         1
       1.163 |                                         2
       1.184 |                                         5
       1.205 |                                         1
       1.227 |                                         5
       1.250 |                                         2
       1.272 |                                         3
       1.295 |                                         5
       1.343 |                                         2
       1.392 |                                         1
       1.417 |                                         3
       1.443 |                                         2
       1.469 |                                         1
       1.496 |                                         2
       1.523 |                                         2
       1.608 |                                         3
       1.637 |                                         2
       1.667 |                                         2
       1.728 |                                         3
       1.759 |                                         1
       1.791 |                                         1
       1.824 |                                         5
       1.857 |                                         2
       1.891 |                                         3
       1.960 |                                         5
       1.996 |                                         1
       2.032 |                                         2
       2.069 |                                         1
       2.145 |                                         4
       2.264 |                                         3
       2.305 |                                         1
       2.347 |                                         4
       2.389 |                                         1
       2.433 |                                         1
       2.568 |                                         2
       2.760 |                                         1
       2.810 |                                         1
       2.966 |                                         2
       3.020 |                                         1
       3.075 |                                         2
       3.245 |                                         1
       3.364 |                                         1
       3.748 |                                         1
       4.252 |                                         1
       4.329 |                                         2
       4.487 |                                         1
       4.652 |                                         1
       4.999 |                                         1
       5.774 |                                         1
       6.205 |                                         1
       7.167 |                                         1
      10.460 |                                         1
      10.651 |                                         2
      11.446 |                                         1
      12.984 |                                         1
 
SQL statistics:
    queries performed:
        read:                            89990
        write:                           0
        other:                           0
        total:                           89990
    transactions:                        89990  (2998.20 per sec.)
    queries:                             89990  (2998.20 per sec.)
    ignored errors:                      0      (0.00 per sec.)
    reconnects:                          0      (0.00 per sec.)

General statistics:
    total time:                          30.0143s
    total number of events:              89990

Latency (ms):
         min:                                    0.12
         avg:                                    0.22
         max:                                   13.06
         95th percentile:                        0.43
         sum:                                20047.63

Threads fairness:
    events (avg/stddev):           2812.1875/23.18
    execution time (avg/stddev):   0.6265/0.01


