sysbench 1.0.20 (using system LuaJIT 2.1.0-beta3)

Running the test with following options:
Number of threads: 32
Target transaction rate: 300/sec
Initializing random number generator from current time


Initializing worker threads...

Threads started!

Latency histogram (values are in milliseconds)
       value  ------------- distribution ------------- count
       2.264 |                                         5
       2.305 |*                                        12
       2.347 |**                                       23
       2.389 |***                                      38
       2.433 |****                                     62
       2.477 |*******                                  106
       2.522 |***********                              170
       2.568 |**********                               156
       2.615 |************                             180
       2.662 |*************                            194
       2.710 |*************                            196
       2.760 |*************                            199
       2.810 |**************                           203
       2.861 |*****************                        251
       2.913 |******************                       264
       2.966 |********************                     304
       3.020 |***************************              408
       3.075 |*********************************        490
       3.130 |***********************************      525
       3.187 |********************************         482
       3.245 |**************************************   567
       3.304 |**************************************** 597
       3.364 |**********************************       513
       3.425 |********************************         471
       3.488 |*****************************            433
       3.551 |***************************              404
       3.615 |*******************                      281
       3.681 |***************                          221
       3.748 |**************                           210
       3.816 |************                             175
       3.885 |*******                                  102
       3.956 |*****                                    76
       4.028 |******                                   84
       4.101 |*****                                    76
       4.176 |***                                      46
       4.252 |***                                      48
       4.329 |***                                      43
       4.407 |***                                      45
       4.487 |***                                      39
       4.569 |**                                       26
       4.652 |*                                        21
       4.737 |*                                        11
       4.823 |**                                       23
       4.910 |*                                        8
       4.999 |                                         5
       5.090 |                                         7
       5.183 |*                                        16
       5.277 |                                         4
       5.373 |*                                        10
       5.470 |                                         5
       5.570 |                                         7
       5.671 |                                         5
       5.774 |                                         5
       5.879 |                                         2
       5.986 |                                         2
       6.095 |                                         1
       6.205 |                                         4
       6.318 |                                         6
       6.433 |                                         4
       6.669 |                                         2
       6.790 |                                         1
       6.913 |                                         1
       7.039 |                                         1
       7.167 |                                         1
       7.430 |                                         1
       7.565 |                                         1
       7.702 |                                         2
       7.842 |                                         1
       8.581 |                                         1
       8.737 |                                         1
       9.910 |                                         1
      10.274 |                                         2
 
SQL statistics:
    queries performed:
        read:                            124418
        write:                           0
        other:                           17774
        total:                           142192
    transactions:                        8887   (295.94 per sec.)
    queries:                             142192 (4735.02 per sec.)
    ignored errors:                      0      (0.00 per sec.)
    reconnects:                          0      (0.00 per sec.)

General statistics:
    total time:                          30.0295s
    total number of events:              8887

Latency (ms):
         min:                                    2.25
         avg:                                    3.27
         max:                                   10.21
         95th percentile:                        4.10
         sum:                                29059.36

Threads fairness:
    events (avg/stddev):           277.7188/2.39
    execution time (avg/stddev):   0.9081/0.01


