1791602032.401 2 8.006
1791602032.420 4 8.227
1791602032.447 7 7.968
1791602032.474 10 7.995
1791602032.492 12 7.987
1791602032.519 15 8.000
1791602032.546 18 7.963
1791602032.564 20 7.994
1791602032.592 23 7.915
1791602032.619 26 7.959
1791602032.637 28 8.145
1791602032.664 31 8.082
1791602032.691 34 7.980
1791602032.709 36 8.124
1791602032.737 39 8.095
1791602032.764 42 8.045
1791602032.782 44 7.998
1791602032.809 47 7.959
1791602032.836 50 7.926
1791602032.854 52 7.911
1791602032.881 55 7.952
1791602032.908 58 7.930
1791602032.927 60 7.892
1791602032.954 63 7.926
1791602032.981 66 7.942
1791602032.999 68 7.939
1791602033.026 71 7.925
1791602033.054 74 8.115
1791602033.072 76 7.969
1791602033.099 79 7.940
1791602033.126 82 7.955
1791602033.144 84 8.188
1791602033.171 87 8.034
1791602033.198 90 7.980
1791602033.216 92 7.996
1791602033.244 95 8.347
1791602033.271 98 7.999
1791602033.289 100 7.995
1791602033.316 103 8.022
1791602033.343 106 7.986
1791602033.361 108 8.053
1791602033.389 111 8.139
1791602033.416 114 8.036
1791602033.434 116 8.055
1791602033.461 119 8.089
1791602033.489 122 9.077
1791602033.506 124 8.009
1791602033.534 127 8.780
1791602033.561 130 7.975
1791602033.579 132 7.977
1791602033.606 135 7.962
1791602033.633 138 7.948
1791602033.651 140 7.923
1791602033.678 143 7.905
1791602033.705 146 7.904
1791602033.724 148 7.995
1791602033.751 151 7.956
1791602033.778 154 7.920
1791602033.796 156 8.008
1791602033.823 159 8.035
1791602033.850 162 7.987
1791602033.868 164 7.963
1791602033.896 167 8.026
1791602033.923 170 7.984
1791602033.941 172 7.982
1791602033.968 175 8.100
1791602033.996 178 8.184
1791602034.014 180 8.159
1791602034.041 183 7.980
1791602034.068 186 8.051
1791602034.086 188 8.153
1791602034.114 191 8.084
1791602034.140 194 8.019
1791602034.158 196 7.956
1791602034.185 199 7.996
1791602034.213 202 7.962
1791602034.231 204 8.087
1791602034.258 207 8.050
1791602034.285 210 8.068
1791602034.303 212 8.073
1791602034.330 215 8.001
1791602034.358 218 8.073
1791602034.376 220 8.038
1791602034.403 223 8.073
1791602034.430 226 8.174
1791602034.448 228 8.026
1791602034.475 231 8.021
1791602034.502 234 7.992
1791602034.520 236 7.917
1791602034.548 239 8.007
1791602034.575 242 8.107
1791602034.593 244 7.985
1791602034.620 247 7.949
1791602034.647 250 7.957
1791602034.665 252 7.930
1791602034.693 255 8.058
1791602034.720 258 8.085
1791602034.738 260 7.985
1791602034.765 263 7.959
1791602034.792 266 7.959
1791602034.810 268 7.993
1791602034.838 271 7.957
1791602034.865 274 7.927
1791602034.883 276 8.109
1791602034.910 279 8.089
1791602034.937 282 8.107
1791602034.955 284 8.041
1791602034.982 287 8.030
1791602035.010 290 7.965
1791602035.028 292 7.956
1791602035.055 295 8.060
1791602035.083 298 9.413
1791602035.100 300 7.960
1791602035.127 303 8.074
1791602035.155 306 8.011
1791602035.173 308 7.975
1791602035.201 311 9.193
1791602035.227 314 7.997
1791602035.245 316 8.055
1791602035.272 319 8.004
1791602035.299 322 7.944
1791602035.318 324 8.006
1791602035.345 327 7.937
1791602035.372 330 7.955
1791602035.390 332 8.003
1791602035.417 335 7.987
1791602035.444 338 7.950
1791602035.463 340 8.154
1791602035.490 343 7.943
1791602035.517 346 7.976
1791602035.535 348 8.001
1791602035.562 351 8.025
1791602035.589 354 7.931
1791602035.607 356 7.933
1791602035.635 359 8.171
1791602035.662 362 8.077
1791602035.680 364 8.008
1791602035.708 367 8.237
1791602035.734 370 8.075
1791602035.752 372 7.977
1791602035.779 375 8.075
1791602035.807 378 8.148
1791602035.825 380 7.975
1791602035.852 383 8.010
1791602035.879 386 8.076
1791602035.897 388 7.998
1791602035.924 391 8.046
1791602035.951 394 7.996
1791602035.970 396 7.987
1791602035.997 399 8.045
1791602036.024 402 7.975
1791602036.042 404 8.054
1791602036.069 407 7.965
1791602036.096 410 8.010
1791602036.114 412 8.020
1791602036.142 415 8.027
1791602036.169 418 8.123
1791602036.187 420 8.145
1791602036.214 423 8.187
1791602036.241 426 7.976
1791602036.259 428 8.090
1791602036.287 431 8.009
1791602036.314 434 7.954
1791602036.332 436 8.061
1791602036.359 439 8.009
1791602036.386 442 7.977
1791602036.404 444 8.073
1791602036.431 447 7.999
1791602036.459 450 7.958
1791602036.477 452 8.095
1791602036.504 455 8.177
1791602036.531 458 8.075
1791602036.549 460 8.117
1791602036.576 463 8.005
1791602036.603 466 7.986
1791602036.622 468 7.960
1791602036.649 471 7.962
1791602036.676 474 7.937
1791602036.694 476 7.932
1791602036.721 479 7.960
1791602036.748 482 7.930
1791602036.766 484 7.919
1791602036.794 487 7.931
1791602036.821 490 8.120
1791602036.839 492 8.159
1791602036.866 495 7.929
1791602036.893 498 7.972
1791602036.911 500 7.933
1791602036.939 503 7.986
1791602036.966 506 8.123
1791602036.984 508 8.107
1791602037.011 511 7.965
1791602037.038 514 7.998
1791602037.056 516 8.046
1791602037.083 519 7.961
1791602037.111 522 7.916
1791602037.129 524 7.987
1791602037.156 527 8.060
1791602037.183 530 8.140
1791602037.201 532 8.012
1791602037.228 535 8.017
1791602037.256 538 8.022
1791602037.274 540 8.122
1791602037.301 543 8.132
1791602037.329 546 8.125
1791602037.346 548 7.988
1791602037.373 551 8.150
1791602037.400 554 8.002
1791602037.419 556 8.092
1791602037.446 559 8.069
1791602037.473 562 8.061
1791602037.491 564 8.021
1791602037.518 567 7.931
1791602037.545 570 7.973
1791602037.564 572 8.034
1791602037.591 575 7.948
1791602037.618 578 7.934
1791602037.636 580 7.973
1791602037.663 583 7.956
1791602037.690 586 7.914
1791602037.708 588 7.873
1791602037.735 591 7.914
1791602037.763 594 7.920
1791602037.781 596 7.933
1791602037.808 599 7.930
1791602037.835 602 7.933
1791602037.853 604 7.956
1791602037.880 607 7.941
1791602037.908 610 7.950
1791602037.926 612 7.938
1791602037.953 615 7.980
1791602037.980 618 8.370
1791602037.999 620 8.708
1791602038.025 623 7.996
1791602038.052 626 7.925
1791602038.071 628 8.258
1791602038.098 631 8.236
1791602038.125 634 8.382
1791602038.143 636 8.299
1791602038.170 639 8.056
1791602038.198 642 8.096
1791602038.216 644 8.151
1791602038.243 647 8.081
1791602038.270 650 8.035
1791602038.288 652 8.059
1791602038.315 655 8.060
1791602038.342 658 8.016
1791602038.360 660 7.967
1791602038.388 663 8.102
1791602038.415 666 8.016
1791602038.433 668 8.019
1791602038.460 671 7.974
1791602038.487 674 7.952
1791602038.505 676 8.033
1791602038.532 679 7.991
1791602038.560 682 8.174
1791602038.578 684 7.980
1791602038.605 687 7.951
1791602038.632 690 8.072
1791602038.650 692 8.095
1791602038.677 695 8.014
1791602038.705 698 7.997
1791602038.723 700 8.087
1791602038.750 703 8.049
1791602038.777 706 7.965
1791602038.795 708 7.993
1791602038.822 711 8.078
1791602038.849 714 7.980
1791602038.868 716 8.024
1791602038.895 719 8.163
1791602038.922 722 8.029
1791602038.940 724 7.983
1791602038.967 727 8.079
1791602038.994 730 8.049
1791602039.013 732 8.038
1791602039.040 735 8.281
1791602039.067 738 8.140
1791602039.085 740 7.992
1791602039.112 743 8.015
1791602039.139 746 7.910
1791602039.157 748 7.933
1791602039.184 751 7.916
1791602039.212 754 7.993
1791602039.230 756 8.118
1791602039.257 759 8.055
1791602039.284 762 8.003
1791602039.302 764 7.959
1791602039.329 767 7.966
1791602039.357 770 7.959
1791602039.375 772 8.022
1791602039.402 775 7.952
1791602039.429 778 8.071
1791602039.447 780 7.999
1791602039.474 783 8.066
1791602039.501 786 7.926
1791602039.520 788 8.228
1791602039.547 791 8.005
1791602039.574 794 7.943
1791602039.592 796 8.126
1791602039.619 799 7.996
1791602039.646 802 7.995
1791602039.665 804 8.040
1791602039.692 807 8.080
1791602039.719 810 8.070
1791602039.737 812 8.049
1791602039.765 815 9.111
1791602039.791 818 8.143
1791602039.810 820 8.167
1791602039.837 823 8.199
1791602039.864 826 8.373
1791602039.882 828 8.360
1791602039.909 831 8.338
1791602039.937 834 8.303
1791602039.954 836 8.150
1791602039.982 839 8.054
1791602040.009 842 8.094
1791602040.027 844 8.090
1791602040.054 847 8.182
1791602040.081 850 8.050
1791602040.099 852 8.101
1791602040.126 855 7.962
1791602040.154 858 7.958
1791602040.172 860 7.957
1791602040.199 863 7.931
1791602040.226 866 7.914
1791602040.244 868 8.018
