sysbench 1.0.20 (using system LuaJIT 2.1.0-beta3)

Running the test with following options:
Number of threads: 32
Target transaction rate: 300/sec
Initializing random number generator from current time


Initializing worker threads...

Threads started!

Latency histogram (values are in milliseconds)
       value  ------------- distribution ------------- count
       0.937 |                                         2
       0.954 |*                                        7
       0.971 |**                                       16
       0.989 |****                                     42
       1.007 |*******                                  74
       1.025 |**************                           142
       1.044 |************************                 237
       1.063 |******************************           297
       1.082 |********************************         315
       1.102 |***************************              269
       1.122 |**************************               257
       1.142 |************************                 235
       1.163 |****************************             283
       1.184 |*******************************          305
       1.205 |**************************************   375
       1.227 |**************************************** 399
       1.250 |************************************     360
       1.272 |*******************************          305
       1.295 |***************************              272
       1.319 |***********************                  228
       1.343 |************************                 240
       1.367 |********************                     203
       1.392 |*****************                        169
       1.417 |****************                         157
       1.443 |****************                         157
       1.469 |***************                          147
       1.496 |***********                              110
       1.523 |********                                 77
       1.551 |******                                   64
       1.579 |*****                                    46
       1.608 |****                                     38
       1.637 |****                                     40
       1.667 |***                                      30
       1.697 |***                                      26
       1.728 |**                                       16
       1.759 |*                                        6
       1.791 |*                                        10
       1.824 |                                         3
       1.857 |                                         4
       1.891 |                                         3
       1.925 |                                         1
       1.960 |*                                        6
       1.996 |*                                        5
       2.032 |                                         4
       2.069 |                                         1
       2.106 |                                         3
       2.145 |                                         1
       2.184 |                                         3
       2.223 |                                         1
       2.264 |                                         1
       2.305 |                                         2
       2.347 |                                         3
       2.389 |                                         1
       2.433 |                                         2
       2.522 |                                         3
       2.568 |                                         2
       2.662 |                                         4
       2.710 |                                         3
       2.760 |                                         4
       2.810 |*                                        6
       2.861 |                                         2
       2.913 |                                         2
       2.966 |                                         2
       3.020 |                                         2
       3.075 |                                         3
       3.130 |*                                        5
       3.187 |*                                        5
       3.245 |                                         1
       3.304 |                                         2
       3.364 |*                                        5
       3.425 |                                         2
       3.488 |                                         2
       3.551 |                                         3
       3.615 |*                                        6
       3.681 |                                         2
       3.816 |                                         1
       4.028 |                                         4
       4.101 |                                         1
       4.176 |                                         1
       4.252 |*                                        5
       4.329 |                                         2
       4.407 |                                         3
       4.487 |                                         1
       4.652 |                                         1
       4.737 |                                         2
       4.823 |                                         3
       4.910 |                                         2
       4.999 |                                         1
       5.090 |*                                        5
       5.183 |                                         2
       5.277 |                                         1
       5.470 |                                         1
       5.570 |                                         1
       5.774 |                                         2
       5.879 |                                         1
       5.986 |                                         2
       6.095 |                                         1
       6.205 |                                         1
       6.433 |                                         1
       6.550 |                                         1
 
SQL statistics:
    queries performed:
        read:                            85568
        write:                           0
        other:                           12224
        total:                           97792
    transactions:                        6112   (305.18 per sec.)
    queries:                             97792  (4882.94 per sec.)
    ignored errors:                      0      (0.00 per sec.)
    reconnects:                          0      (0.00 per sec.)

General statistics:
    total time:                          20.0267s
    total number of events:              6112

Latency (ms):
         min:                                    0.93
         avg:                                    1.30
         max:                                    6.51
         95th percentile:                        1.61
         sum:                                 7917.71

Threads fairness:
    events (avg/stddev):           191.0000/1.30
    execution time (avg/stddev):   0.2474/0.01


