1791415712.014 0 11.123
1791415712.021 1 8.903
1791415712.038 3 8.146
1791415712.056 5 8.141
1791415712.066 6 8.103
1791415712.084 8 8.041
1791415712.093 9 8.117
1791415712.111 11 7.967
1791415712.130 13 8.210
1791415712.139 14 8.061
1791415712.157 16 8.147
1791415712.166 17 8.042
1791415712.184 19 8.048
1791415712.202 21 8.021
1791415712.212 22 8.067
1791415712.230 24 8.057
1791415712.239 25 8.078
1791415712.257 27 8.032
1791415712.276 29 8.105
1791415712.285 30 8.126
1791415712.303 32 8.128
1791415712.312 33 8.175
1791415712.330 35 8.179
1791415712.349 37 8.095
1791415712.358 38 8.110
1791415712.376 40 8.078
1791415712.385 41 8.053
1791415712.403 43 8.065
1791415712.422 45 8.154
1791415712.431 46 8.035
1791415712.449 48 8.056
1791415712.458 49 8.019
1791415712.476 51 8.048
1791415712.495 53 8.001
1791415712.504 54 8.064
1791415712.522 56 8.021
1791415712.531 57 8.056
1791415712.549 59 8.012
1791415712.568 61 8.163
1791415712.577 62 8.005
1791415712.595 64 8.097
1791415712.604 65 8.030
1791415712.622 67 8.042
1791415712.641 69 8.214
1791415712.650 70 8.027
1791415712.668 72 8.029
1791415712.677 73 8.021
1791415712.695 75 8.035
1791415712.714 77 7.990
1791415712.723 78 8.038
1791415712.741 80 7.999
1791415712.750 81 8.097
1791415712.769 83 8.055
1791415712.787 85 8.034
1791415712.796 86 8.008
1791415712.814 88 8.038
1791415712.823 89 8.108
1791415712.842 91 8.162
1791415712.860 93 8.042
1791415712.869 94 8.030
1791415712.887 96 8.135
1791415712.896 97 8.088
1791415712.915 99 8.120
1791415712.933 101 8.137
1791415712.942 102 8.060
1791415712.960 104 8.018
1791415712.969 105 8.009
1791415712.988 107 8.094
1791415713.006 109 8.310
1791415713.015 110 8.083
1791415713.033 112 8.204
1791415713.042 113 8.027
1791415713.061 115 8.004
1791415713.079 117 8.058
1791415713.088 118 8.028
1791415713.106 120 8.117
1791415713.314 121 206.693
1791415713.317 4 1278.050
1791415713.319 12 1207.010
1791415713.321 20 1135.969
1791415713.323 28 1064.926
1791415713.325 36 993.837
1791415713.327 44 922.852
1791415713.329 52 851.812
1791415713.331 60 780.764
1791415713.333 68 709.722
1791415713.335 76 638.700
1791415713.337 84 567.655
1791415713.339 92 496.622
1791415713.341 100 425.575
1791415713.343 108 354.539
1791415713.345 116 283.502
1791415713.347 124 212.460
1791415713.349 132 141.412
1791415713.351 140 70.375
1791415713.353 123 227.606
1791415713.355 129 174.826
1791415713.357 131 158.571
1791415713.359 137 105.786
1791415713.361 139 89.535
1791415713.363 2 1342.450
1791415713.365 10 1271.419
1791415713.367 18 1200.376
1791415713.369 26 1129.330
1791415713.371 34 1058.296
1791415713.373 42 987.252
1791415713.375 50 916.209
1791415713.377 58 845.164
1791415713.379 66 774.123
1791415713.381 74 703.106
1791415713.383 82 632.040
1791415713.385 90 561.001
1791415713.387 98 489.957
1791415713.389 106 418.919
1791415713.391 114 347.874
1791415713.393 122 276.841
1791415713.395 130 205.797
1791415713.397 138 134.752
1791415713.399 7 1332.892
1791415713.401 15 1261.849
1791415713.403 23 1190.804
1791415713.405 31 1119.768
1791415713.407 39 1048.731
1791415713.409 47 977.685
1791415713.411 55 906.647
1791415713.413 63 835.609
1791415713.415 71 764.568
1791415713.418 79 694.181
1791415713.420 87 623.146
1791415713.422 95 552.104
1791415713.424 103 481.069
1791415713.426 111 410.027
1791415713.428 119 338.987
1791415713.430 127 267.953
1791415713.432 135 196.913
1791415713.434 128 262.832
1791415713.436 136 191.795
1791415713.438 125 294.240
1791415713.440 126 287.119
1791415713.442 133 225.207
1791415713.444 134 218.082
1791415713.446 141 156.173
1791415713.448 142 149.048
1791415713.451 144 133.367
1791415713.453 152 62.331
1791415713.455 148 100.864
1791415713.457 146 121.133
1791415713.459 154 50.086
1791415713.461 143 152.534
1791415713.463 151 81.497
1791415713.465 145 138.287
1791415713.467 147 122.033
1791415713.469 153 69.254
1791415713.471 149 107.784
1791415713.473 150 100.660
1791415713.475 157 39.309
1791415713.477 155 59.576
1791415713.479 156 52.451
1791415713.482 159 28.012
1791415713.484 158 39.152
1791415713.486 160 22.893
1791415713.488 161 15.746
1791415713.491 162 9.345
1791415713.499 163 8.398
1791415713.508 164 8.315
1791415713.518 165 8.360
1791415713.527 166 8.160
1791415713.536 167 8.272
1791415713.545 168 8.158
1791415713.554 169 8.213
1791415713.563 170 8.081
1791415713.572 171 8.111
1791415713.581 172 8.147
1791415713.590 173 8.193
1791415713.600 174 8.210
1791415713.609 175 8.174
1791415713.618 176 8.238
1791415713.627 177 8.209
1791415713.636 178 8.191
1791415713.645 179 8.073
1791415713.654 180 8.179
1791415713.663 181 8.068
1791415713.673 182 8.309
1791415713.682 183 8.274
1791415713.691 184 8.251
1791415713.700 185 8.263
1791415713.709 186 8.227
1791415713.718 187 8.055
1791415713.727 188 8.087
1791415713.737 189 8.145
1791415713.746 190 8.201
1791415713.755 191 8.319
1791415713.764 192 8.466
1791415713.773 193 8.260
1791415713.782 194 8.253
1791415713.791 195 8.037
1791415713.801 196 8.229
1791415713.810 197 8.162
1791415713.819 198 8.148
1791415713.828 199 8.109
1791415713.837 200 8.669
1791415713.850 201 12.292
1791415713.858 202 11.423
1791415713.870 203 14.107
1791415713.876 204 10.129
1791415713.884 205 8.766
1791415713.893 206 9.319
1791415713.904 207 10.850
1791415713.912 208 9.095
1791415713.920 209 9.015
1791415713.932 210 11.433
1791415713.943 211 11.474
1791415713.952 212 13.515
1791415713.958 213 9.874
1791415713.966 214 9.620
1791415713.975 215 8.999
1791415713.984 216 8.995
1791415713.995 217 11.396
1791415714.011 218 18.151
1791415714.017 219 14.878
1791415714.024 220 12.884
1791415714.034 221 13.765
1791415714.039 222 9.343
1791415714.049 223 9.821
1791415714.058 224 8.624
1791415714.066 225 8.429
1791415714.074 226 8.184
1791415714.084 227 8.209
1791415714.093 228 8.144
1791415714.102 229 8.110
1791415714.111 230 8.114
1791415714.120 231 8.109
1791415714.129 232 8.075
1791415714.138 233 8.098
1791415714.147 234 8.189
1791415714.157 235 8.289
1791415714.166 236 8.733
1791415714.175 237 8.260
1791415714.184 238 8.189
1791415714.193 239 8.165
1791415714.202 240 8.120
1791415714.211 241 8.152
1791415714.221 242 8.215
1791415714.230 243 8.153
1791415714.239 244 8.122
1791415714.248 245 8.093
1791415714.257 246 8.199
1791415714.266 247 8.241
1791415714.275 248 8.082
1791415714.284 249 8.215
1791415714.293 250 8.078
1791415714.303 251 8.111
1791415714.312 252 8.020
1791415714.321 253 8.073
1791415714.330 254 8.197
1791415714.339 255 8.075
1791415714.348 256 8.109
1791415714.357 257 8.099
1791415714.366 258 8.030
1791415714.376 259 8.042
1791415714.385 260 8.100
1791415714.394 261 8.034
1791415714.403 262 8.143
1791415714.412 263 8.093
1791415714.421 264 8.057
1791415714.430 265 8.116
1791415714.439 266 8.046
1791415714.449 267 8.196
1791415714.458 268 8.095
1791415714.467 269 8.099
1791415714.476 270 8.220
1791415714.485 271 8.075
1791415714.494 272 8.267
1791415714.504 273 8.312
1791415714.513 274 8.253
1791415714.522 275 8.065
1791415714.531 276 8.126
1791415714.540 277 8.199
1791415714.549 278 8.110
1791415714.558 279 8.082
1791415714.567 280 8.094
1791415714.577 281 8.150
1791415714.586 282 8.201
1791415714.595 283 8.048
1791415714.604 284 8.098
1791415714.613 285 8.124
1791415714.622 286 8.042
1791415714.631 287 8.069
1791415714.641 288 8.249
1791415714.650 289 8.149
1791415714.659 290 8.138
1791415714.668 291 8.046
1791415714.677 292 8.138
1791415714.686 293 8.054
1791415714.695 294 8.041
1791415714.704 295 8.164
1791415714.714 296 8.247
1791415714.723 297 8.059
1791415714.732 298 8.201
1791415714.741 299 8.178
1791415714.750 300 8.207
1791415714.759 301 8.187
1791415714.768 302 8.103
1791415714.777 303 8.159
1791415714.787 304 8.147
1791415714.796 305 8.238
1791415714.805 306 8.116
1791415714.814 307 8.153
1791415714.823 308 8.075
1791415714.832 309 8.306
1791415714.841 310 8.198
1791415714.850 311 8.139
1791415714.860 312 8.063
1791415714.869 313 8.050
1791415714.878 314 8.076
1791415714.887 315 8.109
1791415714.896 316 8.097
1791415714.905 317 8.087
1791415714.914 318 8.125
1791415714.923 319 8.106
1791415714.933 320 8.137
1791415714.942 321 8.335
1791415714.951 322 8.111
1791415714.960 323 8.022
1791415714.969 324 8.076
1791415714.978 325 8.188
1791415714.987 326 8.141
1791415714.997 327 8.147
1791415715.006 328 8.247
1791415715.015 329 8.118
1791415715.024 330 8.046
1791415715.033 331 8.089
1791415715.042 332 8.134
1791415715.051 333 8.120
1791415715.061 334 8.265
1791415715.069 335 8.039
1791415715.079 336 8.042
1791415715.088 337 7.986
1791415715.097 338 8.033
1791415715.106 339 8.040
1791415715.115 340 7.980
1791415715.124 341 8.030
1791415715.133 342 8.070
1791415715.143 343 8.020
1791415715.152 344 8.094
1791415715.161 345 8.015
1791415715.170 346 8.005
1791415715.179 347 8.058
1791415715.188 348 8.053
1791415715.197 349 8.128
1791415715.207 350 8.114
1791415715.216 351 8.084
1791415715.225 352 8.082
1791415715.234 353 8.135
1791415715.243 354 7.999
1791415715.252 355 8.209
1791415715.261 356 8.020
1791415715.270 357 8.092
1791415715.280 358 8.106
1791415715.289 359 8.052
1791415715.298 360 8.034
1791415715.307 361 8.117
1791415715.316 362 8.089
1791415715.325 363 8.042
1791415715.334 364 8.078
1791415715.343 365 8.103
1791415715.353 366 8.133
1791415715.362 367 8.062
1791415715.371 368 8.048
1791415715.380 369 8.122
1791415715.389 370 8.177
1791415715.398 371 8.154
1791415715.408 372 8.246
1791415715.417 373 8.215
1791415715.426 374 8.420
1791415715.435 375 8.270
1791415715.444 376 8.221
1791415715.453 377 8.300
1791415715.462 378 8.308
1791415715.472 379 8.400
1791415715.481 380 8.209
1791415715.490 381 8.310
1791415715.499 382 8.253
1791415715.508 383 8.115
1791415715.517 384 8.386
1791415715.526 385 8.253
1791415715.535 386 8.235
1791415715.545 387 8.269
1791415715.554 388 8.316
1791415715.563 389 8.266
1791415715.572 390 8.179
1791415715.581 391 8.195
1791415715.590 392 8.348
1791415715.600 393 8.597
1791415715.609 394 8.882
1791415715.618 395 8.227
1791415715.627 396 8.892
1791415715.636 397 8.713
1791415715.645 398 8.184
1791415715.654 399 8.186
1791415715.663 400 8.120
1791415715.672 401 8.116
1791415715.681 402 8.213
1791415715.691 403 8.294
1791415715.700 404 8.288
1791415715.709 405 8.293
1791415715.718 406 8.273
1791415715.727 407 8.168
1791415715.736 408 8.332
1791415715.745 409 8.248
1791415715.755 410 8.486
1791415715.764 411 8.541
1791415715.773 412 8.273
1791415715.782 413 8.424
1791415715.791 414 8.416
1791415715.800 415 8.428
1791415715.809 416 8.366
1791415715.819 417 8.525
1791415715.828 418 8.372
1791415715.837 419 8.288
1791415715.846 420 8.480
1791415715.855 421 8.401
1791415715.864 422 8.306
1791415715.873 423 8.375
1791415715.882 424 8.366
1791415715.892 425 8.379
1791415715.901 426 8.403
1791415715.910 427 8.327
1791415715.919 428 8.273
1791415715.928 429 8.426
1791415715.937 430 8.495
1791415715.946 431 8.408
1791415715.955 432 8.084
1791415715.965 433 8.312
1791415715.974 434 8.231
1791415715.983 435 8.232
1791415715.992 436 8.275
1791415716.001 437 8.277
1791415716.010 438 8.258
1791415716.019 439 8.298
1791415716.029 440 8.392
1791415716.038 441 8.231
1791415716.047 442 8.187
1791415716.056 443 8.142
1791415716.065 444 8.230
1791415716.074 445 8.228
1791415716.083 446 8.220
1791415716.092 447 8.131
1791415716.102 448 8.362
1791415716.110 449 8.094
