sysbench 1.0.20 (using system LuaJIT 2.1.0-beta3)

Running the test with following options:
Number of threads: 32
Target transaction rate: 300/sec
Initializing random number generator from current time


Initializing worker threads...

Threads started!

Latency histogram (values are in milliseconds)
       value  ------------- distribution ------------- count
       1.960 |                                         2
       1.996 |*                                        8
       2.032 |*                                        13
       2.069 |***                                      31
       2.106 |*******                                  70
       2.145 |*************                            127
       2.184 |*****************                        162
       2.223 |*********************                    200
       2.264 |****************                         155
       2.305 |*****************                        162
       2.347 |***************                          140
       2.389 |**************                           136
       2.433 |**************                           137
       2.477 |****************                         153
       2.522 |*****************                        166
       2.568 |*************************                237
       2.615 |*******************************          303
       2.662 |**********************************       328
       2.710 |**************************************   367
       2.760 |**************************************** 386
       2.810 |***************************************  372
       2.861 |***************************************  381
       2.913 |**********************************       330
       2.966 |********************************         313
       3.020 |*****************************            284
       3.075 |************************                 230
       3.130 |****************                         157
       3.187 |***************                          144
       3.245 |***********                              104
       3.304 |*******                                  70
       3.364 |*****                                    52
       3.425 |*****                                    46
       3.488 |***                                      32
       3.551 |****                                     37
       3.615 |**                                       20
       3.681 |**                                       18
       3.748 |**                                       21
       3.816 |*                                        12
       3.885 |*                                        10
       3.956 |*                                        6
       4.028 |*                                        10
       4.101 |*                                        6
       4.176 |*                                        7
       4.252 |*                                        6
       4.407 |                                         4
       4.487 |                                         3
       4.569 |                                         2
       4.652 |                                         3
       4.737 |                                         1
       4.823 |                                         3
       4.910 |                                         2
       4.999 |                                         2
       5.090 |                                         4
       5.183 |                                         4
       5.277 |                                         1
       5.373 |                                         2
       5.470 |                                         1
       5.570 |                                         1
       5.671 |                                         1
       5.879 |                                         1
       5.986 |                                         2
       6.095 |                                         3
       6.318 |                                         1
       6.433 |                                         1
       6.550 |                                         2
       6.790 |                                         1
       6.913 |                                         1
       7.167 |                                         3
       7.297 |                                         1
       7.430 |                                         3
       7.565 |                                         1
       7.842 |                                         1
       7.985 |                                         1
       8.130 |                                         2
       8.895 |                                         1
       9.057 |                                         1
       9.734 |                                         1
 
SQL statistics:
    queries performed:
        read:                            84168
        write:                           0
        other:                           12024
        total:                           96192
    transactions:                        6012   (300.15 per sec.)
    queries:                             96192  (4802.40 per sec.)
    ignored errors:                      0      (0.00 per sec.)
    reconnects:                          0      (0.00 per sec.)

General statistics:
    total time:                          20.0295s
    total number of events:              6012

Latency (ms):
         min:                                    1.96
         avg:                                    2.77
         max:                                    9.68
         95th percentile:                        3.36
         sum:                                16663.44

Threads fairness:
    events (avg/stddev):           187.8750/1.14
    execution time (avg/stddev):   0.5207/0.01


