sysbench 1.0.20 (using system LuaJIT 2.1.0-beta3)

Running the test with following options:
Number of threads: 32
Target transaction rate: 3000/sec
Initializing random number generator from current time


Initializing worker threads...

Threads started!

Latency histogram (values are in milliseconds)
       value  ------------- distribution ------------- count
       0.056 |                                         1
       0.063 |                                         1
       0.064 |                                         2
       0.065 |                                         3
       0.066 |                                         4
       0.068 |                                         3
       0.069 |                                         12
       0.070 |                                         6
       0.071 |                                         11
       0.073 |                                         26
       0.074 |*                                        45
       0.075 |*                                        57
       0.077 |**                                       97
       0.078 |***                                      153
       0.079 |****                                     236
       0.081 |*****                                    277
       0.082 |*******                                  396
       0.084 |*********                                550
       0.085 |************                             702
       0.087 |**************                           858
       0.089 |******************                       1077
       0.090 |********************                     1193
       0.092 |*************************                1484
       0.093 |****************************             1644
       0.095 |*****************************            1732
       0.097 |*********************************        1977
       0.099 |***********************************      2107
       0.100 |*************************************    2229
       0.102 |***************************************  2318
       0.104 |**************************************** 2383
       0.106 |**************************************** 2378
       0.108 |**************************************** 2385
       0.110 |***************************************  2296
       0.112 |**************************************   2243
       0.114 |************************************     2121
       0.116 |*********************************        1955
       0.118 |*******************************          1820
       0.120 |****************************             1691
       0.122 |*************************                1518
       0.125 |*************************                1467
       0.127 |**********************                   1317
       0.129 |*******************                      1143
       0.132 |******************                       1067
       0.134 |****************                         934
       0.136 |**************                           842
       0.139 |************                             686
       0.141 |***********                              642
       0.144 |*********                                544
       0.147 |*******                                  433
       0.149 |******                                   363
       0.152 |******                                   339
       0.155 |*****                                    300
       0.158 |****                                     258
       0.160 |***                                      198
       0.163 |***                                      183
       0.166 |***                                      166
       0.169 |**                                       137
       0.172 |**                                       122
       0.176 |**                                       95
       0.179 |**                                       100
       0.182 |*                                        78
       0.185 |*                                        69
       0.189 |*                                        62
       0.192 |*                                        57
       0.196 |*                                        38
       0.199 |*                                        39
       0.203 |*                                        33
       0.206 |*                                        33
       0.210 |                                         13
       0.214 |                                         16
       0.218 |                                         18
       0.222 |                                         20
       0.226 |                                         6
       0.230 |                                         11
       0.234 |                                         8
       0.238 |                                         9
       0.243 |                                         5
       0.247 |                                         11
       0.252 |                                         16
       0.256 |                                         17
       0.261 |                                         20
       0.266 |                                         27
       0.270 |*                                        62
       0.275 |**                                       106
       0.280 |**                                       123
       0.285 |***                                      207
       0.291 |****                                     258
       0.296 |*****                                    320
       0.301 |*******                                  419
       0.307 |*******                                  428
       0.312 |********                                 501
       0.318 |*********                                530
       0.324 |*********                                512
       0.330 |*********                                540
       0.336 |*********                                507
       0.342 |********                                 506
       0.348 |*******                                  444
       0.354 |******                                   384
       0.361 |******                                   350
       0.367 |*****                                    325
       0.374 |****                                     248
       0.381 |***                                      194
       0.388 |***                                      197
       0.395 |***                                      154
       0.402 |**                                       126
       0.409 |**                                       119
       0.417 |**                                       102
       0.424 |*                                        86
       0.432 |*                                        72
       0.440 |*                                        64
       0.448 |*                                        45
       0.456 |*                                        30
       0.464 |                                         29
       0.473 |*                                        32
       0.481 |                                         24
       0.490 |                                         19
       0.499 |                                         14
       0.508 |                                         19
       0.517 |                                         14
       0.527 |                                         10
       0.536 |                                         23
       0.546 |                                         9
       0.556 |                                         17
       0.566 |                                         3
       0.576 |                                         11
       0.587 |                                         11
       0.597 |                                         6
       0.608 |                                         6
       0.619 |                                         9
       0.630 |                                         8
       0.642 |                                         6
       0.654 |                                         1
       0.665 |                                         5
       0.677 |                                         3
       0.690 |                                         2
       0.702 |                                         3
       0.715 |                                         2
       0.728 |                                         1
       0.768 |                                         1
       0.782 |                                         3
       0.797 |                                         1
       0.811 |                                         3
       0.826 |                                         1
       0.841 |                                         1
       0.856 |                                         1
       0.872 |                                         3
       0.888 |                                         2
       0.920 |                                         1
       0.937 |                                         1
       1.007 |                                         1
       1.025 |                                         2
       1.044 |                                         1
       1.417 |                                         1
       1.443 |                                         1
       1.759 |                                         1
       1.857 |                                         1
       2.106 |                                         1
       2.347 |                                         1
       2.913 |                                         1
       3.956 |                                         1
       4.487 |                                         1
       5.183 |                                         1
       5.774 |                                         1
 
SQL statistics:
    queries performed:
        read:                            60212
        write:                           0
        other:                           0
        total:                           60212
    transactions:                        60212  (3008.31 per sec.)
    queries:                             60212  (3008.31 per sec.)
    ignored errors:                      0      (0.00 per sec.)
    reconnects:                          0      (0.00 per sec.)

General statistics:
    total time:                          20.0141s
    total number of events:              60212

Latency (ms):
         min:                                    0.06
         avg:                                    0.14
         max:                                    5.76
         95th percentile:                        0.35
         sum:                                 8726.15

Threads fairness:
    events (avg/stddev):           1881.6250/11.82
    execution time (avg/stddev):   0.2727/0.00


