sysbench 1.0.20 (using system LuaJIT 2.1.0-beta3)

Running the test with following options:
Number of threads: 32
Target transaction rate: 300/sec
Initializing random number generator from current time


Initializing worker threads...

Threads started!

Latency histogram (values are in milliseconds)
       value  ------------- distribution ------------- count
       0.888 |                                         3
       0.904 |*                                        13
       0.920 |*                                        27
       0.937 |****                                     75
       0.954 |**********                               178
       0.971 |*******************                      338
       0.989 |**********************************       607
       1.007 |***************************************  707
       1.025 |***********************************      640
       1.044 |*************************                447
       1.063 |*******************                      343
       1.082 |******************                       322
       1.102 |**************************               476
       1.122 |***************************************  707
       1.142 |**************************************** 722
       1.163 |**********************************       619
       1.184 |*************************                443
       1.205 |******************                       325
       1.227 |*****************                        298
       1.250 |***************                          278
       1.272 |************                             216
       1.295 |************                             224
       1.319 |**********                               174
       1.343 |********                                 142
       1.367 |*******                                  129
       1.392 |*****                                    95
       1.417 |****                                     64
       1.443 |**                                       36
       1.469 |*                                        21
       1.496 |*                                        16
       1.523 |*                                        19
       1.551 |                                         8
       1.579 |*                                        10
       1.608 |                                         4
       1.637 |                                         4
       1.667 |                                         3
       1.697 |                                         3
       1.791 |                                         1
       1.824 |                                         2
       2.184 |                                         1
       2.223 |                                         1
       2.305 |                                         1
       2.389 |                                         1
       2.568 |                                         1
       2.615 |                                         1
       2.810 |                                         1
       2.913 |                                         1
       3.020 |                                         1
       3.425 |                                         1
       3.681 |                                         2
       3.885 |                                         1
       4.101 |                                         1
       4.176 |                                         1
       4.329 |                                         1
       4.407 |                                         1
       4.652 |                                         1
       4.910 |                                         1
       5.090 |                                         1
       5.183 |                                         1
       5.470 |                                         1
 
SQL statistics:
    queries performed:
        read:                            122654
        write:                           0
        other:                           17522
        total:                           140176
    transactions:                        8761   (291.84 per sec.)
    queries:                             140176 (4669.47 per sec.)
    ignored errors:                      0      (0.00 per sec.)
    reconnects:                          0      (0.00 per sec.)

General statistics:
    total time:                          30.0190s
    total number of events:              8761

Latency (ms):
         min:                                    0.89
         avg:                                    1.13
         max:                                    5.44
         95th percentile:                        1.34
         sum:                                 9901.87

Threads fairness:
    events (avg/stddev):           273.7812/1.43
    execution time (avg/stddev):   0.3094/0.00


