/opt/hostedtoolcache/Java_Temurin-Hotspot_jdk/17.0.20-1/x64/bin/java  -classpath /home/runner/ycsb-mongodb-binding-0.17.0/conf:/home/runner/ycsb-mongodb-binding-0.17.0/lib/HdrHistogram-2.1.4.jar:/home/runner/ycsb-mongodb-binding-0.17.0/lib/core-0.17.0.jar:/home/runner/ycsb-mongodb-binding-0.17.0/lib/htrace-core4-4.1.0-incubating.jar:/home/runner/ycsb-mongodb-binding-0.17.0/lib/jackson-core-asl-1.9.4.jar:/home/runner/ycsb-mongodb-binding-0.17.0/lib/jackson-mapper-asl-1.9.4.jar:/home/runner/ycsb-mongodb-binding-0.17.0/lib/logback-classic-1.1.2.jar:/home/runner/ycsb-mongodb-binding-0.17.0/lib/logback-core-1.1.2.jar:/home/runner/ycsb-mongodb-binding-0.17.0/lib/mongo-java-driver-3.8.0.jar:/home/runner/ycsb-mongodb-binding-0.17.0/lib/mongodb-async-driver-2.0.1.jar:/home/runner/ycsb-mongodb-binding-0.17.0/lib/mongodb-binding-0.17.0.jar:/home/runner/ycsb-mongodb-binding-0.17.0/lib/slf4j-api-1.7.25.jar:/home/runner/ycsb-mongodb-binding-0.17.0/lib/snappy-java-1.1.7.1.jar site.ycsb.Client -t -db site.ycsb.db.MongoDbClient -s -P /home/runner/ycsb-mongodb-binding-0.17.0/workloads/workloadf -p mongodb.url=mongodb://127.0.0.1:27017/ycsb?w=1 -p measurementtype=raw -p measurement.raw.output_file=/home/runner/work/The-Omni-Compass/The-Omni-Compass/out/ycsb-f/rep-3/omni/notch-1.raw -p recordcount=250000 -p operationcount=1000000000 -p maxexecutiontime=20 -p target=3000 -p threads=32 -p insertstart=0 -p insertorder=ordered -p requestdistribution=uniform -p seed=100300
mongo client connection created with mongodb://127.0.0.1:27017/ycsb?w=1
Raw data measurement: will output to result file: /home/runner/work/The-Omni-Compass/The-Omni-Compass/out/ycsb-f/rep-3/omni/notch-1.raw
Raw data measurement: will output to result file: /home/runner/work/The-Omni-Compass/The-Omni-Compass/out/ycsb-f/rep-3/omni/notch-1.raw
Raw data measurement: will output to result file: /home/runner/work/The-Omni-Compass/The-Omni-Compass/out/ycsb-f/rep-3/omni/notch-1.raw
Raw data measurement: will output to result file: /home/runner/work/The-Omni-Compass/The-Omni-Compass/out/ycsb-f/rep-3/omni/notch-1.raw
[OVERALL], RunTime(ms), 20002
[OVERALL], Throughput(ops/sec), 2952.704729527047
[TOTAL_GCS_G1_Young_Generation], Count, 15
[TOTAL_GC_TIME_G1_Young_Generation], Time(ms), 49
[TOTAL_GC_TIME_%_G1_Young_Generation], Time(%), 0.24497550244975502
[TOTAL_GCS_G1_Old_Generation], Count, 0
[TOTAL_GC_TIME_G1_Old_Generation], Time(ms), 0
[TOTAL_GC_TIME_%_G1_Old_Generation], Time(%), 0.0
[TOTAL_GCs], Count, 15
[TOTAL_GC_TIME], Time(ms), 49
[TOTAL_GC_TIME_%], Time(%), 0.24497550244975502
[READ], Total Operations, 59060
[READ], Below is a summary of latency in microseconds:, -1
[READ], Average, 108.15123603115475
[READ], Min, 43
[READ], Max, 32298
[READ], p1, 45
[READ], p5, 47
[READ], p50, 60
[READ], p90, 282
[READ], p95, 323
[READ], p99, 523
[READ], p99.9, 906
[READ], p99.99, 4631
[READ], Return=OK, 59060
[READ-MODIFY-WRITE], Total Operations, 29489
[READ-MODIFY-WRITE], Below is a summary of latency in microseconds:, -1
[READ-MODIFY-WRITE], Average, 188.93478924344672
[READ-MODIFY-WRITE], Min, 100
[READ-MODIFY-WRITE], Max, 9275
[READ-MODIFY-WRITE], p1, 105
[READ-MODIFY-WRITE], p5, 107
[READ-MODIFY-WRITE], p50, 129
[READ-MODIFY-WRITE], p90, 377
[READ-MODIFY-WRITE], p95, 447
[READ-MODIFY-WRITE], p99, 720
[READ-MODIFY-WRITE], p99.9, 1363
[READ-MODIFY-WRITE], p99.99, 5757
[CLEANUP], Total Operations, 1
[CLEANUP], Below is a summary of latency in microseconds:, -1
[CLEANUP], Average, 1129.0
[CLEANUP], Min, 1129
[CLEANUP], Max, 1129
[CLEANUP], p1, 1129
[CLEANUP], p5, 1129
[CLEANUP], p50, 1129
[CLEANUP], p90, 1129
[CLEANUP], p95, 1129
[CLEANUP], p99, 1129
[CLEANUP], p99.9, 1129
[CLEANUP], p99.99, 1129
[UPDATE], Total Operations, 29489
[UPDATE], Below is a summary of latency in microseconds:, -1
[UPDATE], Average, 79.79270236359321
[UPDATE], Min, 54
[UPDATE], Max, 4589
[UPDATE], p1, 57
[UPDATE], p5, 58
[UPDATE], p50, 70
[UPDATE], p90, 104
[UPDATE], p95, 130
[UPDATE], p99, 209
[UPDATE], p99.9, 401
[UPDATE], p99.99, 2503
[UPDATE], Return=OK, 29489

Command line: -t -db site.ycsb.db.MongoDbClient -s -P /home/runner/ycsb-mongodb-binding-0.17.0/workloads/workloadf -p mongodb.url=mongodb://127.0.0.1:27017/ycsb?w=1 -p measurementtype=raw -p measurement.raw.output_file=/home/runner/work/The-Omni-Compass/The-Omni-Compass/out/ycsb-f/rep-3/omni/notch-1.raw -p recordcount=250000 -p operationcount=1000000000 -p maxexecutiontime=20 -p target=3000 -p threads=32 -p insertstart=0 -p insertorder=ordered -p requestdistribution=uniform -p seed=100300
YCSB Client 0.17.0

Loading workload...
Starting test.
Maximum execution time specified as: 20 secs
2026-10-08 05:39:18:025 0 sec: 0 operations; est completion in 0 second 
DBWrapper: report latency for each error is false and specific error codes to track for latency are: []
2026-10-08 05:39:28:004 10 sec: 29059 operations; 2905.9 current ops/sec; est completion in 3 days 23 hours READ count: 29060, average latency(us): 151.42 READ-MODIFY-WRITE count: 14512, average latency(us): 241.24 UPDATE count: 14512, average latency(us): 88.73 
Maximum time elapsed. Requesting stop for the workload.
Stop requested for workload. Now Joining!
2026-10-08 05:39:38:004 20 sec: 59059 operations; 3000 current ops/sec; est completion in 3 days 22 hours READ count: 30000, average latency(us): 66.24 READ-MODIFY-WRITE count: 14977, average latency(us): 138.25 UPDATE count: 14977, average latency(us): 71.13 
2026-10-08 05:39:38:006 20 sec: 59060 operations; 500 current ops/sec; est completion in 3 days 22 hours   CLEANUP count: 1, average latency(us): 1129.00  


/opt/hostedtoolcache/Java_Temurin-Hotspot_jdk/17.0.20-1/x64/bin/java  -classpath /home/runner/ycsb-mongodb-binding-0.17.0/conf:/home/runner/ycsb-mongodb-binding-0.17.0/lib/HdrHistogram-2.1.4.jar:/home/runner/ycsb-mongodb-binding-0.17.0/lib/core-0.17.0.jar:/home/runner/ycsb-mongodb-binding-0.17.0/lib/htrace-core4-4.1.0-incubating.jar:/home/runner/ycsb-mongodb-binding-0.17.0/lib/jackson-core-asl-1.9.4.jar:/home/runner/ycsb-mongodb-binding-0.17.0/lib/jackson-mapper-asl-1.9.4.jar:/home/runner/ycsb-mongodb-binding-0.17.0/lib/logback-classic-1.1.2.jar:/home/runner/ycsb-mongodb-binding-0.17.0/lib/logback-core-1.1.2.jar:/home/runner/ycsb-mongodb-binding-0.17.0/lib/mongo-java-driver-3.8.0.jar:/home/runner/ycsb-mongodb-binding-0.17.0/lib/mongodb-async-driver-2.0.1.jar:/home/runner/ycsb-mongodb-binding-0.17.0/lib/mongodb-binding-0.17.0.jar:/home/runner/ycsb-mongodb-binding-0.17.0/lib/slf4j-api-1.7.25.jar:/home/runner/ycsb-mongodb-binding-0.17.0/lib/snappy-java-1.1.7.1.jar site.ycsb.Client -t -db site.ycsb.db.MongoDbClient -s -P /home/runner/ycsb-mongodb-binding-0.17.0/workloads/workloadf -p mongodb.url=mongodb://127.0.0.1:27017/ycsb?w=1 -p measurementtype=raw -p measurement.raw.output_file=/home/runner/work/The-Omni-Compass/The-Omni-Compass/out/ycsb-f/rep-3/omni/notch-2.raw -p recordcount=500000 -p operationcount=1000000000 -p maxexecutiontime=20 -p target=3000 -p threads=32 -p insertstart=0 -p insertorder=ordered -p requestdistribution=uniform -p seed=100301
mongo client connection created with mongodb://127.0.0.1:27017/ycsb?w=1
Raw data measurement: will output to result file: /home/runner/work/The-Omni-Compass/The-Omni-Compass/out/ycsb-f/rep-3/omni/notch-2.raw
Raw data measurement: will output to result file: /home/runner/work/The-Omni-Compass/The-Omni-Compass/out/ycsb-f/rep-3/omni/notch-2.raw
Raw data measurement: will output to result file: /home/runner/work/The-Omni-Compass/The-Omni-Compass/out/ycsb-f/rep-3/omni/notch-2.raw
Raw data measurement: will output to result file: /home/runner/work/The-Omni-Compass/The-Omni-Compass/out/ycsb-f/rep-3/omni/notch-2.raw
[OVERALL], RunTime(ms), 20002
[OVERALL], Throughput(ops/sec), 2971.6028397160285
[TOTAL_GCS_G1_Young_Generation], Count, 15
[TOTAL_GC_TIME_G1_Young_Generation], Time(ms), 48
[TOTAL_GC_TIME_%_G1_Young_Generation], Time(%), 0.23997600239976002
[TOTAL_GCS_G1_Old_Generation], Count, 0
[TOTAL_GC_TIME_G1_Old_Generation], Time(ms), 0
[TOTAL_GC_TIME_%_G1_Old_Generation], Time(%), 0.0
[TOTAL_GCs], Count, 15
[TOTAL_GC_TIME], Time(ms), 48
[TOTAL_GC_TIME_%], Time(%), 0.23997600239976002
[READ], Total Operations, 59438
[READ], Below is a summary of latency in microseconds:, -1
[READ], Average, 130.41562636697063
[READ], Min, 43
[READ], Max, 24290
[READ], p1, 46
[READ], p5, 48
[READ], p50, 68
[READ], p90, 275
[READ], p95, 310
[READ], p99, 428
[READ], p99.9, 8957
[READ], p99.99, 17721
[READ], Return=OK, 59438
[READ-MODIFY-WRITE], Total Operations, 29649
[READ-MODIFY-WRITE], Below is a summary of latency in microseconds:, -1
[READ-MODIFY-WRITE], Average, 217.56642719821917
[READ-MODIFY-WRITE], Min, 99
[READ-MODIFY-WRITE], Max, 28226
[READ-MODIFY-WRITE], p1, 107
[READ-MODIFY-WRITE], p5, 111
[READ-MODIFY-WRITE], p50, 153
[READ-MODIFY-WRITE], p90, 369
[READ-MODIFY-WRITE], p95, 427
[READ-MODIFY-WRITE], p99, 653
[READ-MODIFY-WRITE], p99.9, 9108
[READ-MODIFY-WRITE], p99.99, 18792
[CLEANUP], Total Operations, 1
[CLEANUP], Below is a summary of latency in microseconds:, -1
[CLEANUP], Average, 961.0
[CLEANUP], Min, 961
[CLEANUP], Max, 961
[CLEANUP], p1, 961
[CLEANUP], p5, 961
[CLEANUP], p50, 961
[CLEANUP], p90, 961
[CLEANUP], p95, 961
[CLEANUP], p99, 961
[CLEANUP], p99.9, 961
[CLEANUP], p99.99, 961
[UPDATE], Total Operations, 29649
[UPDATE], Below is a summary of latency in microseconds:, -1
[UPDATE], Average, 85.09157138520692
[UPDATE], Min, 53
[UPDATE], Max, 5681
[UPDATE], p1, 58
[UPDATE], p5, 60
[UPDATE], p50, 75
[UPDATE], p90, 111
[UPDATE], p95, 133
[UPDATE], p99, 217
[UPDATE], p99.9, 648
[UPDATE], p99.99, 3410
[UPDATE], Return=OK, 29649

Command line: -t -db site.ycsb.db.MongoDbClient -s -P /home/runner/ycsb-mongodb-binding-0.17.0/workloads/workloadf -p mongodb.url=mongodb://127.0.0.1:27017/ycsb?w=1 -p measurementtype=raw -p measurement.raw.output_file=/home/runner/work/The-Omni-Compass/The-Omni-Compass/out/ycsb-f/rep-3/omni/notch-2.raw -p recordcount=500000 -p operationcount=1000000000 -p maxexecutiontime=20 -p target=3000 -p threads=32 -p insertstart=0 -p insertorder=ordered -p requestdistribution=uniform -p seed=100301
YCSB Client 0.17.0

Loading workload...
Starting test.
Maximum execution time specified as: 20 secs
2026-10-08 05:39:38:503 0 sec: 0 operations; est completion in 0 second 
DBWrapper: report latency for each error is false and specific error codes to track for latency are: []
2026-10-08 05:39:48:480 10 sec: 29126 operations; 2912.31 current ops/sec; est completion in 3 days 23 hours READ count: 29131, average latency(us): 140.39 READ-MODIFY-WRITE count: 14372, average latency(us): 236.22 UPDATE count: 14372, average latency(us): 95.02 
Maximum time elapsed. Requesting stop for the workload.
Stop requested for workload. Now Joining!
2026-10-08 05:39:58:480 20 sec: 59437 operations; 3031.1 current ops/sec; est completion in 3 days 21 hours READ count: 30306, average latency(us): 120.83 READ-MODIFY-WRITE count: 15277, average latency(us): 200.02 UPDATE count: 15277, average latency(us): 75.75 
2026-10-08 05:39:58:481 20 sec: 59438 operations; 1000 current ops/sec; est completion in 3 days 21 hours READ count: 1, average latency(us): 119.00  CLEANUP count: 1, average latency(us): 961.00  


/opt/hostedtoolcache/Java_Temurin-Hotspot_jdk/17.0.20-1/x64/bin/java  -classpath /home/runner/ycsb-mongodb-binding-0.17.0/conf:/home/runner/ycsb-mongodb-binding-0.17.0/lib/HdrHistogram-2.1.4.jar:/home/runner/ycsb-mongodb-binding-0.17.0/lib/core-0.17.0.jar:/home/runner/ycsb-mongodb-binding-0.17.0/lib/htrace-core4-4.1.0-incubating.jar:/home/runner/ycsb-mongodb-binding-0.17.0/lib/jackson-core-asl-1.9.4.jar:/home/runner/ycsb-mongodb-binding-0.17.0/lib/jackson-mapper-asl-1.9.4.jar:/home/runner/ycsb-mongodb-binding-0.17.0/lib/logback-classic-1.1.2.jar:/home/runner/ycsb-mongodb-binding-0.17.0/lib/logback-core-1.1.2.jar:/home/runner/ycsb-mongodb-binding-0.17.0/lib/mongo-java-driver-3.8.0.jar:/home/runner/ycsb-mongodb-binding-0.17.0/lib/mongodb-async-driver-2.0.1.jar:/home/runner/ycsb-mongodb-binding-0.17.0/lib/mongodb-binding-0.17.0.jar:/home/runner/ycsb-mongodb-binding-0.17.0/lib/slf4j-api-1.7.25.jar:/home/runner/ycsb-mongodb-binding-0.17.0/lib/snappy-java-1.1.7.1.jar site.ycsb.Client -t -db site.ycsb.db.MongoDbClient -s -P /home/runner/ycsb-mongodb-binding-0.17.0/workloads/workloadf -p mongodb.url=mongodb://127.0.0.1:27017/ycsb?w=1 -p measurementtype=raw -p measurement.raw.output_file=/home/runner/work/The-Omni-Compass/The-Omni-Compass/out/ycsb-f/rep-3/omni/notch-3.raw -p recordcount=750000 -p operationcount=1000000000 -p maxexecutiontime=20 -p target=3000 -p threads=32 -p insertstart=0 -p insertorder=ordered -p requestdistribution=uniform -p seed=100302
mongo client connection created with mongodb://127.0.0.1:27017/ycsb?w=1
Raw data measurement: will output to result file: /home/runner/work/The-Omni-Compass/The-Omni-Compass/out/ycsb-f/rep-3/omni/notch-3.raw
Raw data measurement: will output to result file: /home/runner/work/The-Omni-Compass/The-Omni-Compass/out/ycsb-f/rep-3/omni/notch-3.raw
Raw data measurement: will output to result file: /home/runner/work/The-Omni-Compass/The-Omni-Compass/out/ycsb-f/rep-3/omni/notch-3.raw
Raw data measurement: will output to result file: /home/runner/work/The-Omni-Compass/The-Omni-Compass/out/ycsb-f/rep-3/omni/notch-3.raw
[OVERALL], RunTime(ms), 20008
[OVERALL], Throughput(ops/sec), 2891.7433026789286
[TOTAL_GCS_G1_Young_Generation], Count, 15
[TOTAL_GC_TIME_G1_Young_Generation], Time(ms), 49
[TOTAL_GC_TIME_%_G1_Young_Generation], Time(%), 0.2449020391843263
[TOTAL_GCS_G1_Old_Generation], Count, 0
[TOTAL_GC_TIME_G1_Old_Generation], Time(ms), 0
[TOTAL_GC_TIME_%_G1_Old_Generation], Time(%), 0.0
[TOTAL_GCs], Count, 15
[TOTAL_GC_TIME], Time(ms), 49
[TOTAL_GC_TIME_%], Time(%), 0.2449020391843263
[READ], Total Operations, 57858
[READ], Below is a summary of latency in microseconds:, -1
[READ], Average, 127.7554011545508
[READ], Min, 41
[READ], Max, 57255
[READ], p1, 47
[READ], p5, 50
[READ], p50, 71
[READ], p90, 270
[READ], p95, 311
[READ], p99, 419
[READ], p99.9, 7938
[READ], p99.99, 35579
[READ], Return=OK, 57858
[READ-MODIFY-WRITE], Total Operations, 29018
[READ-MODIFY-WRITE], Below is a summary of latency in microseconds:, -1
[READ-MODIFY-WRITE], Average, 213.80401819560274
[READ-MODIFY-WRITE], Min, 96
[READ-MODIFY-WRITE], Max, 57365
[READ-MODIFY-WRITE], p1, 109
[READ-MODIFY-WRITE], p5, 114
[READ-MODIFY-WRITE], p50, 157
[READ-MODIFY-WRITE], p90, 365
[READ-MODIFY-WRITE], p95, 421
[READ-MODIFY-WRITE], p99, 608
[READ-MODIFY-WRITE], p99.9, 7351
[READ-MODIFY-WRITE], p99.99, 38480
[CLEANUP], Total Operations, 1
[CLEANUP], Below is a summary of latency in microseconds:, -1
[CLEANUP], Average, 1024.0
[CLEANUP], Min, 1024
[CLEANUP], Max, 1024
[CLEANUP], p1, 1024
[CLEANUP], p5, 1024
[CLEANUP], p50, 1024
[CLEANUP], p90, 1024
[CLEANUP], p95, 1024
[CLEANUP], p99, 1024
[CLEANUP], p99.9, 1024
[CLEANUP], p99.99, 1024
[UPDATE], Total Operations, 29018
[UPDATE], Below is a summary of latency in microseconds:, -1
[UPDATE], Average, 86.6379833206975
[UPDATE], Min, 54
[UPDATE], Max, 6218
[UPDATE], p1, 59
[UPDATE], p5, 60
[UPDATE], p50, 77
[UPDATE], p90, 110
[UPDATE], p95, 130
[UPDATE], p99, 222
[UPDATE], p99.9, 830
[UPDATE], p99.99, 4678
[UPDATE], Return=OK, 29018

Command line: -t -db site.ycsb.db.MongoDbClient -s -P /home/runner/ycsb-mongodb-binding-0.17.0/workloads/workloadf -p mongodb.url=mongodb://127.0.0.1:27017/ycsb?w=1 -p measurementtype=raw -p measurement.raw.output_file=/home/runner/work/The-Omni-Compass/The-Omni-Compass/out/ycsb-f/rep-3/omni/notch-3.raw -p recordcount=750000 -p operationcount=1000000000 -p maxexecutiontime=20 -p target=3000 -p threads=32 -p insertstart=0 -p insertorder=ordered -p requestdistribution=uniform -p seed=100302
YCSB Client 0.17.0

Loading workload...
Starting test.
Maximum execution time specified as: 20 secs
2026-10-08 05:39:58:997 0 sec: 0 operations; est completion in 0 second 
DBWrapper: report latency for each error is false and specific error codes to track for latency are: []
2026-10-08 05:40:08:976 10 sec: 29366 operations; 2936.6 current ops/sec; est completion in 3 days 22 hours READ count: 29366, average latency(us): 130.56 READ-MODIFY-WRITE count: 14694, average latency(us): 223.61 UPDATE count: 14694, average latency(us): 93.91 
Maximum time elapsed. Requesting stop for the workload.
Stop requested for workload. Now Joining!
2026-10-08 05:40:18:976 20 sec: 57857 operations; 2849.1 current ops/sec; est completion in 4 days READ count: 28491, average latency(us): 124.66 READ-MODIFY-WRITE count: 14323, average latency(us): 203.33 UPDATE count: 14323, average latency(us): 79.17 
2026-10-08 05:40:18:983 20 sec: 57858 operations; 125 current ops/sec; est completion in 4 days READ count: 1, average latency(us): 5996.00 READ-MODIFY-WRITE count: 1, average latency(us): 6147.00 CLEANUP count: 1, average latency(us): 1024.00 UPDATE count: 1, average latency(us): 150.00 


/opt/hostedtoolcache/Java_Temurin-Hotspot_jdk/17.0.20-1/x64/bin/java  -classpath /home/runner/ycsb-mongodb-binding-0.17.0/conf:/home/runner/ycsb-mongodb-binding-0.17.0/lib/HdrHistogram-2.1.4.jar:/home/runner/ycsb-mongodb-binding-0.17.0/lib/core-0.17.0.jar:/home/runner/ycsb-mongodb-binding-0.17.0/lib/htrace-core4-4.1.0-incubating.jar:/home/runner/ycsb-mongodb-binding-0.17.0/lib/jackson-core-asl-1.9.4.jar:/home/runner/ycsb-mongodb-binding-0.17.0/lib/jackson-mapper-asl-1.9.4.jar:/home/runner/ycsb-mongodb-binding-0.17.0/lib/logback-classic-1.1.2.jar:/home/runner/ycsb-mongodb-binding-0.17.0/lib/logback-core-1.1.2.jar:/home/runner/ycsb-mongodb-binding-0.17.0/lib/mongo-java-driver-3.8.0.jar:/home/runner/ycsb-mongodb-binding-0.17.0/lib/mongodb-async-driver-2.0.1.jar:/home/runner/ycsb-mongodb-binding-0.17.0/lib/mongodb-binding-0.17.0.jar:/home/runner/ycsb-mongodb-binding-0.17.0/lib/slf4j-api-1.7.25.jar:/home/runner/ycsb-mongodb-binding-0.17.0/lib/snappy-java-1.1.7.1.jar site.ycsb.Client -t -db site.ycsb.db.MongoDbClient -s -P /home/runner/ycsb-mongodb-binding-0.17.0/workloads/workloadf -p mongodb.url=mongodb://127.0.0.1:27017/ycsb?w=1 -p measurementtype=raw -p measurement.raw.output_file=/home/runner/work/The-Omni-Compass/The-Omni-Compass/out/ycsb-f/rep-3/omni/notch-4.raw -p recordcount=500000 -p operationcount=1000000000 -p maxexecutiontime=20 -p target=3000 -p threads=32 -p insertstart=0 -p insertorder=ordered -p requestdistribution=uniform -p seed=100303
mongo client connection created with mongodb://127.0.0.1:27017/ycsb?w=1
Raw data measurement: will output to result file: /home/runner/work/The-Omni-Compass/The-Omni-Compass/out/ycsb-f/rep-3/omni/notch-4.raw
Raw data measurement: will output to result file: /home/runner/work/The-Omni-Compass/The-Omni-Compass/out/ycsb-f/rep-3/omni/notch-4.raw
Raw data measurement: will output to result file: /home/runner/work/The-Omni-Compass/The-Omni-Compass/out/ycsb-f/rep-3/omni/notch-4.raw
Raw data measurement: will output to result file: /home/runner/work/The-Omni-Compass/The-Omni-Compass/out/ycsb-f/rep-3/omni/notch-4.raw
[OVERALL], RunTime(ms), 20001
[OVERALL], Throughput(ops/sec), 2970.901454927254
[TOTAL_GCS_G1_Young_Generation], Count, 15
[TOTAL_GC_TIME_G1_Young_Generation], Time(ms), 48
[TOTAL_GC_TIME_%_G1_Young_Generation], Time(%), 0.23998800059997
[TOTAL_GCS_G1_Old_Generation], Count, 0
[TOTAL_GC_TIME_G1_Old_Generation], Time(ms), 0
[TOTAL_GC_TIME_%_G1_Old_Generation], Time(%), 0.0
[TOTAL_GCs], Count, 15
[TOTAL_GC_TIME], Time(ms), 48
[TOTAL_GC_TIME_%], Time(%), 0.23998800059997
[READ], Total Operations, 59421
[READ], Below is a summary of latency in microseconds:, -1
[READ], Average, 76.15819323134919
[READ], Min, 43
[READ], Max, 20904
[READ], p1, 46
[READ], p5, 48
[READ], p50, 65
[READ], p90, 95
[READ], p95, 113
[READ], p99, 203
[READ], p99.9, 1109
[READ], p99.99, 4896
[READ], Return=OK, 59421
[READ-MODIFY-WRITE], Total Operations, 29799
[READ-MODIFY-WRITE], Below is a summary of latency in microseconds:, -1
[READ-MODIFY-WRITE], Average, 158.55760260411424
[READ-MODIFY-WRITE], Min, 101
[READ-MODIFY-WRITE], Max, 6819
[READ-MODIFY-WRITE], p1, 106
[READ-MODIFY-WRITE], p5, 110
[READ-MODIFY-WRITE], p50, 135
[READ-MODIFY-WRITE], p90, 198
[READ-MODIFY-WRITE], p95, 238
[READ-MODIFY-WRITE], p99, 436
[READ-MODIFY-WRITE], p99.9, 1859
[READ-MODIFY-WRITE], p99.99, 5312
[CLEANUP], Total Operations, 1
[CLEANUP], Below is a summary of latency in microseconds:, -1
[CLEANUP], Average, 1028.0
[CLEANUP], Min, 1028
[CLEANUP], Max, 1028
[CLEANUP], p1, 1028
[CLEANUP], p5, 1028
[CLEANUP], p50, 1028
[CLEANUP], p90, 1028
[CLEANUP], p95, 1028
[CLEANUP], p99, 1028
[CLEANUP], p99.9, 1028
[CLEANUP], p99.99, 1028
[UPDATE], Total Operations, 29799
[UPDATE], Below is a summary of latency in microseconds:, -1
[UPDATE], Average, 82.01557099231518
[UPDATE], Min, 54
[UPDATE], Max, 5252
[UPDATE], p1, 57
[UPDATE], p5, 59
[UPDATE], p50, 69
[UPDATE], p90, 104
[UPDATE], p95, 124
[UPDATE], p99, 211
[UPDATE], p99.9, 721
[UPDATE], p99.99, 4175
[UPDATE], Return=OK, 29799

Command line: -t -db site.ycsb.db.MongoDbClient -s -P /home/runner/ycsb-mongodb-binding-0.17.0/workloads/workloadf -p mongodb.url=mongodb://127.0.0.1:27017/ycsb?w=1 -p measurementtype=raw -p measurement.raw.output_file=/home/runner/work/The-Omni-Compass/The-Omni-Compass/out/ycsb-f/rep-3/omni/notch-4.raw -p recordcount=500000 -p operationcount=1000000000 -p maxexecutiontime=20 -p target=3000 -p threads=32 -p insertstart=0 -p insertorder=ordered -p requestdistribution=uniform -p seed=100303
YCSB Client 0.17.0

Loading workload...
Starting test.
Maximum execution time specified as: 20 secs
2026-10-08 05:40:19:496 0 sec: 0 operations; est completion in 0 second 
DBWrapper: report latency for each error is false and specific error codes to track for latency are: []
2026-10-08 05:40:29:475 10 sec: 29421 operations; 2942.1 current ops/sec; est completion in 3 days 22 hours READ count: 29422, average latency(us): 84.69 READ-MODIFY-WRITE count: 14833, average latency(us): 175.06 UPDATE count: 14833, average latency(us): 90.53 
Maximum time elapsed. Requesting stop for the workload.
Stop requested for workload. Now Joining!
2026-10-08 05:40:39:475 20 sec: 59420 operations; 2999.9 current ops/sec; est completion in 3 days 21 hours READ count: 29999, average latency(us): 67.79 READ-MODIFY-WRITE count: 14966, average latency(us): 142.20 UPDATE count: 14966, average latency(us): 73.57 
2026-10-08 05:40:39:476 20 sec: 59421 operations; 1000 current ops/sec; est completion in 3 days 21 hours   CLEANUP count: 1, average latency(us): 1028.00  


/opt/hostedtoolcache/Java_Temurin-Hotspot_jdk/17.0.20-1/x64/bin/java  -classpath /home/runner/ycsb-mongodb-binding-0.17.0/conf:/home/runner/ycsb-mongodb-binding-0.17.0/lib/HdrHistogram-2.1.4.jar:/home/runner/ycsb-mongodb-binding-0.17.0/lib/core-0.17.0.jar:/home/runner/ycsb-mongodb-binding-0.17.0/lib/htrace-core4-4.1.0-incubating.jar:/home/runner/ycsb-mongodb-binding-0.17.0/lib/jackson-core-asl-1.9.4.jar:/home/runner/ycsb-mongodb-binding-0.17.0/lib/jackson-mapper-asl-1.9.4.jar:/home/runner/ycsb-mongodb-binding-0.17.0/lib/logback-classic-1.1.2.jar:/home/runner/ycsb-mongodb-binding-0.17.0/lib/logback-core-1.1.2.jar:/home/runner/ycsb-mongodb-binding-0.17.0/lib/mongo-java-driver-3.8.0.jar:/home/runner/ycsb-mongodb-binding-0.17.0/lib/mongodb-async-driver-2.0.1.jar:/home/runner/ycsb-mongodb-binding-0.17.0/lib/mongodb-binding-0.17.0.jar:/home/runner/ycsb-mongodb-binding-0.17.0/lib/slf4j-api-1.7.25.jar:/home/runner/ycsb-mongodb-binding-0.17.0/lib/snappy-java-1.1.7.1.jar site.ycsb.Client -t -db site.ycsb.db.MongoDbClient -s -P /home/runner/ycsb-mongodb-binding-0.17.0/workloads/workloadf -p mongodb.url=mongodb://127.0.0.1:27017/ycsb?w=1 -p measurementtype=raw -p measurement.raw.output_file=/home/runner/work/The-Omni-Compass/The-Omni-Compass/out/ycsb-f/rep-3/omni/notch-5.raw -p recordcount=750000 -p operationcount=1000000000 -p maxexecutiontime=20 -p target=3000 -p threads=32 -p insertstart=0 -p insertorder=ordered -p requestdistribution=uniform -p seed=100304
mongo client connection created with mongodb://127.0.0.1:27017/ycsb?w=1
Raw data measurement: will output to result file: /home/runner/work/The-Omni-Compass/The-Omni-Compass/out/ycsb-f/rep-3/omni/notch-5.raw
Raw data measurement: will output to result file: /home/runner/work/The-Omni-Compass/The-Omni-Compass/out/ycsb-f/rep-3/omni/notch-5.raw
Raw data measurement: will output to result file: /home/runner/work/The-Omni-Compass/The-Omni-Compass/out/ycsb-f/rep-3/omni/notch-5.raw
Raw data measurement: will output to result file: /home/runner/work/The-Omni-Compass/The-Omni-Compass/out/ycsb-f/rep-3/omni/notch-5.raw
[OVERALL], RunTime(ms), 20002
[OVERALL], Throughput(ops/sec), 2969.95300469953
[TOTAL_GCS_G1_Young_Generation], Count, 15
[TOTAL_GC_TIME_G1_Young_Generation], Time(ms), 58
[TOTAL_GC_TIME_%_G1_Young_Generation], Time(%), 0.28997100289971
[TOTAL_GCS_G1_Old_Generation], Count, 0
[TOTAL_GC_TIME_G1_Old_Generation], Time(ms), 0
[TOTAL_GC_TIME_%_G1_Old_Generation], Time(%), 0.0
[TOTAL_GCs], Count, 15
[TOTAL_GC_TIME], Time(ms), 58
[TOTAL_GC_TIME_%], Time(%), 0.28997100289971
[READ], Total Operations, 59405
[READ], Below is a summary of latency in microseconds:, -1
[READ], Average, 85.66124063631007
[READ], Min, 43
[READ], Max, 30224
[READ], p1, 47
[READ], p5, 50
[READ], p50, 67
[READ], p90, 104
[READ], p95, 129
[READ], p99, 349
[READ], p99.9, 1730
[READ], p99.99, 7826
[READ], Return=OK, 59405
[READ-MODIFY-WRITE], Total Operations, 29678
[READ-MODIFY-WRITE], Below is a summary of latency in microseconds:, -1
[READ-MODIFY-WRITE], Average, 169.1594110115237
[READ-MODIFY-WRITE], Min, 101
[READ-MODIFY-WRITE], Max, 8506
[READ-MODIFY-WRITE], p1, 109
[READ-MODIFY-WRITE], p5, 113
[READ-MODIFY-WRITE], p50, 137
[READ-MODIFY-WRITE], p90, 213
[READ-MODIFY-WRITE], p95, 276
[READ-MODIFY-WRITE], p99, 517
[READ-MODIFY-WRITE], p99.9, 2142
[READ-MODIFY-WRITE], p99.99, 7626
[CLEANUP], Total Operations, 1
[CLEANUP], Below is a summary of latency in microseconds:, -1
[CLEANUP], Average, 964.0
[CLEANUP], Min, 964
[CLEANUP], Max, 964
[CLEANUP], p1, 964
[CLEANUP], p5, 964
[CLEANUP], p50, 964
[CLEANUP], p90, 964
[CLEANUP], p95, 964
[CLEANUP], p99, 964
[CLEANUP], p99.9, 964
[CLEANUP], p99.99, 964
[UPDATE], Total Operations, 29678
[UPDATE], Below is a summary of latency in microseconds:, -1
[UPDATE], Average, 83.55606846822562
[UPDATE], Min, 54
[UPDATE], Max, 6669
[UPDATE], p1, 58
[UPDATE], p5, 60
[UPDATE], p50, 69
[UPDATE], p90, 108
[UPDATE], p95, 125
[UPDATE], p99, 230
[UPDATE], p99.9, 826
[UPDATE], p99.99, 4176
[UPDATE], Return=OK, 29678

Command line: -t -db site.ycsb.db.MongoDbClient -s -P /home/runner/ycsb-mongodb-binding-0.17.0/workloads/workloadf -p mongodb.url=mongodb://127.0.0.1:27017/ycsb?w=1 -p measurementtype=raw -p measurement.raw.output_file=/home/runner/work/The-Omni-Compass/The-Omni-Compass/out/ycsb-f/rep-3/omni/notch-5.raw -p recordcount=750000 -p operationcount=1000000000 -p maxexecutiontime=20 -p target=3000 -p threads=32 -p insertstart=0 -p insertorder=ordered -p requestdistribution=uniform -p seed=100304
YCSB Client 0.17.0

Loading workload...
Starting test.
Maximum execution time specified as: 20 secs
2026-10-08 05:40:39:989 0 sec: 0 operations; est completion in 0 second 
DBWrapper: report latency for each error is false and specific error codes to track for latency are: []
2026-10-08 05:40:49:969 10 sec: 29404 operations; 2940.4 current ops/sec; est completion in 3 days 22 hours READ count: 29406, average latency(us): 89.23 READ-MODIFY-WRITE count: 14671, average latency(us): 179.65 UPDATE count: 14671, average latency(us): 90.50 
Maximum time elapsed. Requesting stop for the workload.
Stop requested for workload. Now Joining!
2026-10-08 05:40:59:968 20 sec: 59404 operations; 3000 current ops/sec; est completion in 3 days 21 hours READ count: 29999, average latency(us): 82.17 READ-MODIFY-WRITE count: 15007, average latency(us): 158.90 UPDATE count: 15007, average latency(us): 76.77 
2026-10-08 05:40:59:970 20 sec: 59405 operations; 500 current ops/sec; est completion in 3 days 21 hours   CLEANUP count: 1, average latency(us): 964.00  


/opt/hostedtoolcache/Java_Temurin-Hotspot_jdk/17.0.20-1/x64/bin/java  -classpath /home/runner/ycsb-mongodb-binding-0.17.0/conf:/home/runner/ycsb-mongodb-binding-0.17.0/lib/HdrHistogram-2.1.4.jar:/home/runner/ycsb-mongodb-binding-0.17.0/lib/core-0.17.0.jar:/home/runner/ycsb-mongodb-binding-0.17.0/lib/htrace-core4-4.1.0-incubating.jar:/home/runner/ycsb-mongodb-binding-0.17.0/lib/jackson-core-asl-1.9.4.jar:/home/runner/ycsb-mongodb-binding-0.17.0/lib/jackson-mapper-asl-1.9.4.jar:/home/runner/ycsb-mongodb-binding-0.17.0/lib/logback-classic-1.1.2.jar:/home/runner/ycsb-mongodb-binding-0.17.0/lib/logback-core-1.1.2.jar:/home/runner/ycsb-mongodb-binding-0.17.0/lib/mongo-java-driver-3.8.0.jar:/home/runner/ycsb-mongodb-binding-0.17.0/lib/mongodb-async-driver-2.0.1.jar:/home/runner/ycsb-mongodb-binding-0.17.0/lib/mongodb-binding-0.17.0.jar:/home/runner/ycsb-mongodb-binding-0.17.0/lib/slf4j-api-1.7.25.jar:/home/runner/ycsb-mongodb-binding-0.17.0/lib/snappy-java-1.1.7.1.jar site.ycsb.Client -t -db site.ycsb.db.MongoDbClient -s -P /home/runner/ycsb-mongodb-binding-0.17.0/workloads/workloadf -p mongodb.url=mongodb://127.0.0.1:27017/ycsb?w=1 -p measurementtype=raw -p measurement.raw.output_file=/home/runner/work/The-Omni-Compass/The-Omni-Compass/out/ycsb-f/rep-3/omni/notch-6.raw -p recordcount=1000000 -p operationcount=1000000000 -p maxexecutiontime=20 -p target=3000 -p threads=32 -p insertstart=0 -p insertorder=ordered -p requestdistribution=uniform -p seed=100305
mongo client connection created with mongodb://127.0.0.1:27017/ycsb?w=1
Raw data measurement: will output to result file: /home/runner/work/The-Omni-Compass/The-Omni-Compass/out/ycsb-f/rep-3/omni/notch-6.raw
Raw data measurement: will output to result file: /home/runner/work/The-Omni-Compass/The-Omni-Compass/out/ycsb-f/rep-3/omni/notch-6.raw
Raw data measurement: will output to result file: /home/runner/work/The-Omni-Compass/The-Omni-Compass/out/ycsb-f/rep-3/omni/notch-6.raw
Raw data measurement: will output to result file: /home/runner/work/The-Omni-Compass/The-Omni-Compass/out/ycsb-f/rep-3/omni/notch-6.raw
[OVERALL], RunTime(ms), 20002
[OVERALL], Throughput(ops/sec), 2950.4549545045497
[TOTAL_GCS_G1_Young_Generation], Count, 15
[TOTAL_GC_TIME_G1_Young_Generation], Time(ms), 49
[TOTAL_GC_TIME_%_G1_Young_Generation], Time(%), 0.24497550244975502
[TOTAL_GCS_G1_Old_Generation], Count, 0
[TOTAL_GC_TIME_G1_Old_Generation], Time(ms), 0
[TOTAL_GC_TIME_%_G1_Old_Generation], Time(%), 0.0
[TOTAL_GCs], Count, 15
[TOTAL_GC_TIME], Time(ms), 49
[TOTAL_GC_TIME_%], Time(%), 0.24497550244975502
[READ], Total Operations, 59015
[READ], Below is a summary of latency in microseconds:, -1
[READ], Average, 109.58503770227908
[READ], Min, 44
[READ], Max, 43496
[READ], p1, 48
[READ], p5, 51
[READ], p50, 69
[READ], p90, 256
[READ], p95, 300
[READ], p99, 399
[READ], p99.9, 2304
[READ], p99.99, 16930
[READ], Return=OK, 59015
[READ-MODIFY-WRITE], Total Operations, 29550
[READ-MODIFY-WRITE], Below is a summary of latency in microseconds:, -1
[READ-MODIFY-WRITE], Average, 194.74456852791877
[READ-MODIFY-WRITE], Min, 103
[READ-MODIFY-WRITE], Max, 47746
[READ-MODIFY-WRITE], p1, 111
[READ-MODIFY-WRITE], p5, 116
[READ-MODIFY-WRITE], p50, 144
[READ-MODIFY-WRITE], p90, 342
[READ-MODIFY-WRITE], p95, 405
[READ-MODIFY-WRITE], p99, 572
[READ-MODIFY-WRITE], p99.9, 2909
[READ-MODIFY-WRITE], p99.99, 10287
[CLEANUP], Total Operations, 1
[CLEANUP], Below is a summary of latency in microseconds:, -1
[CLEANUP], Average, 1174.0
[CLEANUP], Min, 1174
[CLEANUP], Max, 1174
[CLEANUP], p1, 1174
[CLEANUP], p5, 1174
[CLEANUP], p50, 1174
[CLEANUP], p90, 1174
[CLEANUP], p95, 1174
[CLEANUP], p99, 1174
[CLEANUP], p99.9, 1174
[CLEANUP], p99.99, 1174
[UPDATE], Total Operations, 29550
[UPDATE], Below is a summary of latency in microseconds:, -1
[UPDATE], Average, 84.8186125211506
[UPDATE], Min, 55
[UPDATE], Max, 3799
[UPDATE], p1, 59
[UPDATE], p5, 61
[UPDATE], p50, 72
[UPDATE], p90, 113
[UPDATE], p95, 134
[UPDATE], p99, 217
[UPDATE], p99.9, 731
[UPDATE], p99.99, 2659
[UPDATE], Return=OK, 29550

Command line: -t -db site.ycsb.db.MongoDbClient -s -P /home/runner/ycsb-mongodb-binding-0.17.0/workloads/workloadf -p mongodb.url=mongodb://127.0.0.1:27017/ycsb?w=1 -p measurementtype=raw -p measurement.raw.output_file=/home/runner/work/The-Omni-Compass/The-Omni-Compass/out/ycsb-f/rep-3/omni/notch-6.raw -p recordcount=1000000 -p operationcount=1000000000 -p maxexecutiontime=20 -p target=3000 -p threads=32 -p insertstart=0 -p insertorder=ordered -p requestdistribution=uniform -p seed=100305
YCSB Client 0.17.0

Loading workload...
Starting test.
Maximum execution time specified as: 20 secs
2026-10-08 05:41:00:471 0 sec: 0 operations; est completion in 0 second 
DBWrapper: report latency for each error is false and specific error codes to track for latency are: []
2026-10-08 05:41:10:452 10 sec: 29374 operations; 2937.4 current ops/sec; est completion in 3 days 22 hours READ count: 29376, average latency(us): 124.95 READ-MODIFY-WRITE count: 14696, average latency(us): 223.76 UPDATE count: 14696, average latency(us): 95.06 
Maximum time elapsed. Requesting stop for the workload.
Stop requested for workload. Now Joining!
2026-10-08 05:41:20:452 20 sec: 59014 operations; 2964 current ops/sec; est completion in 3 days 22 hours READ count: 29638, average latency(us): 94.35 READ-MODIFY-WRITE count: 14854, average latency(us): 166.04 UPDATE count: 14854, average latency(us): 74.69 
2026-10-08 05:41:20:454 20 sec: 59015 operations; 500 current ops/sec; est completion in 3 days 22 hours READ count: 1, average latency(us): 247.00  CLEANUP count: 1, average latency(us): 1174.00  


/opt/hostedtoolcache/Java_Temurin-Hotspot_jdk/17.0.20-1/x64/bin/java  -classpath /home/runner/ycsb-mongodb-binding-0.17.0/conf:/home/runner/ycsb-mongodb-binding-0.17.0/lib/HdrHistogram-2.1.4.jar:/home/runner/ycsb-mongodb-binding-0.17.0/lib/core-0.17.0.jar:/home/runner/ycsb-mongodb-binding-0.17.0/lib/htrace-core4-4.1.0-incubating.jar:/home/runner/ycsb-mongodb-binding-0.17.0/lib/jackson-core-asl-1.9.4.jar:/home/runner/ycsb-mongodb-binding-0.17.0/lib/jackson-mapper-asl-1.9.4.jar:/home/runner/ycsb-mongodb-binding-0.17.0/lib/logback-classic-1.1.2.jar:/home/runner/ycsb-mongodb-binding-0.17.0/lib/logback-core-1.1.2.jar:/home/runner/ycsb-mongodb-binding-0.17.0/lib/mongo-java-driver-3.8.0.jar:/home/runner/ycsb-mongodb-binding-0.17.0/lib/mongodb-async-driver-2.0.1.jar:/home/runner/ycsb-mongodb-binding-0.17.0/lib/mongodb-binding-0.17.0.jar:/home/runner/ycsb-mongodb-binding-0.17.0/lib/slf4j-api-1.7.25.jar:/home/runner/ycsb-mongodb-binding-0.17.0/lib/snappy-java-1.1.7.1.jar site.ycsb.Client -t -db site.ycsb.db.MongoDbClient -s -P /home/runner/ycsb-mongodb-binding-0.17.0/workloads/workloadf -p mongodb.url=mongodb://127.0.0.1:27017/ycsb?w=1 -p measurementtype=raw -p measurement.raw.output_file=/home/runner/work/The-Omni-Compass/The-Omni-Compass/out/ycsb-f/rep-3/omni/notch-7.raw -p recordcount=1250000 -p operationcount=1000000000 -p maxexecutiontime=20 -p target=3000 -p threads=32 -p insertstart=0 -p insertorder=ordered -p requestdistribution=uniform -p seed=100306
mongo client connection created with mongodb://127.0.0.1:27017/ycsb?w=1
Raw data measurement: will output to result file: /home/runner/work/The-Omni-Compass/The-Omni-Compass/out/ycsb-f/rep-3/omni/notch-7.raw
Raw data measurement: will output to result file: /home/runner/work/The-Omni-Compass/The-Omni-Compass/out/ycsb-f/rep-3/omni/notch-7.raw
Raw data measurement: will output to result file: /home/runner/work/The-Omni-Compass/The-Omni-Compass/out/ycsb-f/rep-3/omni/notch-7.raw
Raw data measurement: will output to result file: /home/runner/work/The-Omni-Compass/The-Omni-Compass/out/ycsb-f/rep-3/omni/notch-7.raw
[OVERALL], RunTime(ms), 20002
[OVERALL], Throughput(ops/sec), 2968.2531746825316
[TOTAL_GCS_G1_Young_Generation], Count, 15
[TOTAL_GC_TIME_G1_Young_Generation], Time(ms), 52
[TOTAL_GC_TIME_%_G1_Young_Generation], Time(%), 0.25997400259974
[TOTAL_GCS_G1_Old_Generation], Count, 0
[TOTAL_GC_TIME_G1_Old_Generation], Time(ms), 0
[TOTAL_GC_TIME_%_G1_Old_Generation], Time(%), 0.0
[TOTAL_GCs], Count, 15
[TOTAL_GC_TIME], Time(ms), 52
[TOTAL_GC_TIME_%], Time(%), 0.25997400259974
[READ], Total Operations, 59371
[READ], Below is a summary of latency in microseconds:, -1
[READ], Average, 152.2283774906941
[READ], Min, 44
[READ], Max, 39774
[READ], p1, 50
[READ], p5, 56
[READ], p50, 79
[READ], p90, 254
[READ], p95, 301
[READ], p99, 422
[READ], p99.9, 9304
[READ], p99.99, 28630
[READ], Return=OK, 59371
[READ-MODIFY-WRITE], Total Operations, 29661
[READ-MODIFY-WRITE], Below is a summary of latency in microseconds:, -1
[READ-MODIFY-WRITE], Average, 245.22851555915176
[READ-MODIFY-WRITE], Min, 104
[READ-MODIFY-WRITE], Max, 40373
[READ-MODIFY-WRITE], p1, 115
[READ-MODIFY-WRITE], p5, 121
[READ-MODIFY-WRITE], p50, 169
[READ-MODIFY-WRITE], p90, 349
[READ-MODIFY-WRITE], p95, 414
[READ-MODIFY-WRITE], p99, 637
[READ-MODIFY-WRITE], p99.9, 9435
[READ-MODIFY-WRITE], p99.99, 29108
[CLEANUP], Total Operations, 1
[CLEANUP], Below is a summary of latency in microseconds:, -1
[CLEANUP], Average, 1204.0
[CLEANUP], Min, 1204
[CLEANUP], Max, 1204
[CLEANUP], p1, 1204
[CLEANUP], p5, 1204
[CLEANUP], p50, 1204
[CLEANUP], p90, 1204
[CLEANUP], p95, 1204
[CLEANUP], p99, 1204
[CLEANUP], p99.9, 1204
[CLEANUP], p99.99, 1204
[UPDATE], Total Operations, 29661
[UPDATE], Below is a summary of latency in microseconds:, -1
[UPDATE], Average, 89.91857995347426
[UPDATE], Min, 55
[UPDATE], Max, 6662
[UPDATE], p1, 60
[UPDATE], p5, 62
[UPDATE], p50, 86
[UPDATE], p90, 113
[UPDATE], p95, 135
[UPDATE], p99, 217
[UPDATE], p99.9, 595
[UPDATE], p99.99, 4110
[UPDATE], Return=OK, 29661

Command line: -t -db site.ycsb.db.MongoDbClient -s -P /home/runner/ycsb-mongodb-binding-0.17.0/workloads/workloadf -p mongodb.url=mongodb://127.0.0.1:27017/ycsb?w=1 -p measurementtype=raw -p measurement.raw.output_file=/home/runner/work/The-Omni-Compass/The-Omni-Compass/out/ycsb-f/rep-3/omni/notch-7.raw -p recordcount=1250000 -p operationcount=1000000000 -p maxexecutiontime=20 -p target=3000 -p threads=32 -p insertstart=0 -p insertorder=ordered -p requestdistribution=uniform -p seed=100306
YCSB Client 0.17.0

Loading workload...
Starting test.
Maximum execution time specified as: 20 secs
2026-10-08 05:41:21:037 0 sec: 0 operations; est completion in 0 second 
DBWrapper: report latency for each error is false and specific error codes to track for latency are: []
2026-10-08 05:41:31:013 10 sec: 29370 operations; 2937 current ops/sec; est completion in 3 days 22 hours READ count: 29372, average latency(us): 152.48 READ-MODIFY-WRITE count: 14678, average latency(us): 251.64 UPDATE count: 14678, average latency(us): 97.38 
Maximum time elapsed. Requesting stop for the workload.
Stop requested for workload. Now Joining!
2026-10-08 05:41:41:013 20 sec: 59370 operations; 3000 current ops/sec; est completion in 3 days 21 hours READ count: 29999, average latency(us): 151.98 READ-MODIFY-WRITE count: 14983, average latency(us): 238.94 UPDATE count: 14983, average latency(us): 82.61 
2026-10-08 05:41:41:015 20 sec: 59371 operations; 500 current ops/sec; est completion in 3 days 21 hours   CLEANUP count: 1, average latency(us): 1204.00  


/opt/hostedtoolcache/Java_Temurin-Hotspot_jdk/17.0.20-1/x64/bin/java  -classpath /home/runner/ycsb-mongodb-binding-0.17.0/conf:/home/runner/ycsb-mongodb-binding-0.17.0/lib/HdrHistogram-2.1.4.jar:/home/runner/ycsb-mongodb-binding-0.17.0/lib/core-0.17.0.jar:/home/runner/ycsb-mongodb-binding-0.17.0/lib/htrace-core4-4.1.0-incubating.jar:/home/runner/ycsb-mongodb-binding-0.17.0/lib/jackson-core-asl-1.9.4.jar:/home/runner/ycsb-mongodb-binding-0.17.0/lib/jackson-mapper-asl-1.9.4.jar:/home/runner/ycsb-mongodb-binding-0.17.0/lib/logback-classic-1.1.2.jar:/home/runner/ycsb-mongodb-binding-0.17.0/lib/logback-core-1.1.2.jar:/home/runner/ycsb-mongodb-binding-0.17.0/lib/mongo-java-driver-3.8.0.jar:/home/runner/ycsb-mongodb-binding-0.17.0/lib/mongodb-async-driver-2.0.1.jar:/home/runner/ycsb-mongodb-binding-0.17.0/lib/mongodb-binding-0.17.0.jar:/home/runner/ycsb-mongodb-binding-0.17.0/lib/slf4j-api-1.7.25.jar:/home/runner/ycsb-mongodb-binding-0.17.0/lib/snappy-java-1.1.7.1.jar site.ycsb.Client -t -db site.ycsb.db.MongoDbClient -s -P /home/runner/ycsb-mongodb-binding-0.17.0/workloads/workloadf -p mongodb.url=mongodb://127.0.0.1:27017/ycsb?w=1 -p measurementtype=raw -p measurement.raw.output_file=/home/runner/work/The-Omni-Compass/The-Omni-Compass/out/ycsb-f/rep-3/omni/notch-8.raw -p recordcount=1500000 -p operationcount=1000000000 -p maxexecutiontime=20 -p target=3000 -p threads=32 -p insertstart=0 -p insertorder=ordered -p requestdistribution=uniform -p seed=100307
mongo client connection created with mongodb://127.0.0.1:27017/ycsb?w=1
Raw data measurement: will output to result file: /home/runner/work/The-Omni-Compass/The-Omni-Compass/out/ycsb-f/rep-3/omni/notch-8.raw
Raw data measurement: will output to result file: /home/runner/work/The-Omni-Compass/The-Omni-Compass/out/ycsb-f/rep-3/omni/notch-8.raw
Raw data measurement: will output to result file: /home/runner/work/The-Omni-Compass/The-Omni-Compass/out/ycsb-f/rep-3/omni/notch-8.raw
Raw data measurement: will output to result file: /home/runner/work/The-Omni-Compass/The-Omni-Compass/out/ycsb-f/rep-3/omni/notch-8.raw
[OVERALL], RunTime(ms), 20002
[OVERALL], Throughput(ops/sec), 2963.6036396360364
[TOTAL_GCS_G1_Young_Generation], Count, 15
[TOTAL_GC_TIME_G1_Young_Generation], Time(ms), 50
[TOTAL_GC_TIME_%_G1_Young_Generation], Time(%), 0.24997500249975005
[TOTAL_GCS_G1_Old_Generation], Count, 0
[TOTAL_GC_TIME_G1_Old_Generation], Time(ms), 0
[TOTAL_GC_TIME_%_G1_Old_Generation], Time(%), 0.0
[TOTAL_GCs], Count, 15
[TOTAL_GC_TIME], Time(ms), 50
[TOTAL_GC_TIME_%], Time(%), 0.24997500249975005
[READ], Total Operations, 59278
[READ], Below is a summary of latency in microseconds:, -1
[READ], Average, 113.0617092344546
[READ], Min, 45
[READ], Max, 26983
[READ], p1, 49
[READ], p5, 55
[READ], p50, 74
[READ], p90, 233
[READ], p95, 290
[READ], p99, 393
[READ], p99.9, 7921
[READ], p99.99, 9672
[READ], Return=OK, 59278
[READ-MODIFY-WRITE], Total Operations, 29715
[READ-MODIFY-WRITE], Below is a summary of latency in microseconds:, -1
[READ-MODIFY-WRITE], Average, 201.92858825509003
[READ-MODIFY-WRITE], Min, 105
[READ-MODIFY-WRITE], Max, 9730
[READ-MODIFY-WRITE], p1, 113
[READ-MODIFY-WRITE], p5, 119
[READ-MODIFY-WRITE], p50, 161
[READ-MODIFY-WRITE], p90, 332
[READ-MODIFY-WRITE], p95, 397
[READ-MODIFY-WRITE], p99, 582
[READ-MODIFY-WRITE], p99.9, 8412
[READ-MODIFY-WRITE], p99.99, 9686
[CLEANUP], Total Operations, 1
[CLEANUP], Below is a summary of latency in microseconds:, -1
[CLEANUP], Average, 990.0
[CLEANUP], Min, 990
[CLEANUP], Max, 990
[CLEANUP], p1, 990
[CLEANUP], p5, 990
[CLEANUP], p50, 990
[CLEANUP], p90, 990
[CLEANUP], p95, 990
[CLEANUP], p99, 990
[CLEANUP], p99.9, 990
[CLEANUP], p99.99, 990
[UPDATE], Total Operations, 29715
[UPDATE], Below is a summary of latency in microseconds:, -1
[UPDATE], Average, 87.17226989735823
[UPDATE], Min, 55
[UPDATE], Max, 4391
[UPDATE], p1, 60
[UPDATE], p5, 61
[UPDATE], p50, 79
[UPDATE], p90, 112
[UPDATE], p95, 135
[UPDATE], p99, 218
[UPDATE], p99.9, 640
[UPDATE], p99.99, 4217
[UPDATE], Return=OK, 29715

Command line: -t -db site.ycsb.db.MongoDbClient -s -P /home/runner/ycsb-mongodb-binding-0.17.0/workloads/workloadf -p mongodb.url=mongodb://127.0.0.1:27017/ycsb?w=1 -p measurementtype=raw -p measurement.raw.output_file=/home/runner/work/The-Omni-Compass/The-Omni-Compass/out/ycsb-f/rep-3/omni/notch-8.raw -p recordcount=1500000 -p operationcount=1000000000 -p maxexecutiontime=20 -p target=3000 -p threads=32 -p insertstart=0 -p insertorder=ordered -p requestdistribution=uniform -p seed=100307
YCSB Client 0.17.0

Loading workload...
Starting test.
Maximum execution time specified as: 20 secs
2026-10-08 05:41:41:544 0 sec: 0 operations; est completion in 0 second 
DBWrapper: report latency for each error is false and specific error codes to track for latency are: []
2026-10-08 05:41:51:521 10 sec: 29277 operations; 2927.7 current ops/sec; est completion in 3 days 22 hours READ count: 29278, average latency(us): 138.14 READ-MODIFY-WRITE count: 14696, average latency(us): 236.07 UPDATE count: 14696, average latency(us): 95.47 
Maximum time elapsed. Requesting stop for the workload.
Stop requested for workload. Now Joining!
2026-10-08 05:42:01:521 20 sec: 59277 operations; 3000 current ops/sec; est completion in 3 days 21 hours READ count: 30000, average latency(us): 88.59 READ-MODIFY-WRITE count: 15019, average latency(us): 168.52 UPDATE count: 15019, average latency(us): 79.06 
2026-10-08 05:42:01:523 20 sec: 59278 operations; 500 current ops/sec; est completion in 3 days 21 hours   CLEANUP count: 1, average latency(us): 990.00  


/opt/hostedtoolcache/Java_Temurin-Hotspot_jdk/17.0.20-1/x64/bin/java  -classpath /home/runner/ycsb-mongodb-binding-0.17.0/conf:/home/runner/ycsb-mongodb-binding-0.17.0/lib/HdrHistogram-2.1.4.jar:/home/runner/ycsb-mongodb-binding-0.17.0/lib/core-0.17.0.jar:/home/runner/ycsb-mongodb-binding-0.17.0/lib/htrace-core4-4.1.0-incubating.jar:/home/runner/ycsb-mongodb-binding-0.17.0/lib/jackson-core-asl-1.9.4.jar:/home/runner/ycsb-mongodb-binding-0.17.0/lib/jackson-mapper-asl-1.9.4.jar:/home/runner/ycsb-mongodb-binding-0.17.0/lib/logback-classic-1.1.2.jar:/home/runner/ycsb-mongodb-binding-0.17.0/lib/logback-core-1.1.2.jar:/home/runner/ycsb-mongodb-binding-0.17.0/lib/mongo-java-driver-3.8.0.jar:/home/runner/ycsb-mongodb-binding-0.17.0/lib/mongodb-async-driver-2.0.1.jar:/home/runner/ycsb-mongodb-binding-0.17.0/lib/mongodb-binding-0.17.0.jar:/home/runner/ycsb-mongodb-binding-0.17.0/lib/slf4j-api-1.7.25.jar:/home/runner/ycsb-mongodb-binding-0.17.0/lib/snappy-java-1.1.7.1.jar site.ycsb.Client -t -db site.ycsb.db.MongoDbClient -s -P /home/runner/ycsb-mongodb-binding-0.17.0/workloads/workloadf -p mongodb.url=mongodb://127.0.0.1:27017/ycsb?w=1 -p measurementtype=raw -p measurement.raw.output_file=/home/runner/work/The-Omni-Compass/The-Omni-Compass/out/ycsb-f/rep-3/omni/notch-9.raw -p recordcount=1250000 -p operationcount=1000000000 -p maxexecutiontime=20 -p target=3000 -p threads=32 -p insertstart=0 -p insertorder=ordered -p requestdistribution=uniform -p seed=100308
mongo client connection created with mongodb://127.0.0.1:27017/ycsb?w=1
Raw data measurement: will output to result file: /home/runner/work/The-Omni-Compass/The-Omni-Compass/out/ycsb-f/rep-3/omni/notch-9.raw
Raw data measurement: will output to result file: /home/runner/work/The-Omni-Compass/The-Omni-Compass/out/ycsb-f/rep-3/omni/notch-9.raw
Raw data measurement: will output to result file: /home/runner/work/The-Omni-Compass/The-Omni-Compass/out/ycsb-f/rep-3/omni/notch-9.raw
Raw data measurement: will output to result file: /home/runner/work/The-Omni-Compass/The-Omni-Compass/out/ycsb-f/rep-3/omni/notch-9.raw
[OVERALL], RunTime(ms), 20002
[OVERALL], Throughput(ops/sec), 2971.052894710529
[TOTAL_GCS_G1_Young_Generation], Count, 15
[TOTAL_GC_TIME_G1_Young_Generation], Time(ms), 52
[TOTAL_GC_TIME_%_G1_Young_Generation], Time(%), 0.25997400259974
[TOTAL_GCS_G1_Old_Generation], Count, 0
[TOTAL_GC_TIME_G1_Old_Generation], Time(ms), 0
[TOTAL_GC_TIME_%_G1_Old_Generation], Time(%), 0.0
[TOTAL_GCs], Count, 15
[TOTAL_GC_TIME], Time(ms), 52
[TOTAL_GC_TIME_%], Time(%), 0.25997400259974
[READ], Total Operations, 59427
[READ], Below is a summary of latency in microseconds:, -1
[READ], Average, 90.60383327443755
[READ], Min, 45
[READ], Max, 25887
[READ], p1, 50
[READ], p5, 55
[READ], p50, 76
[READ], p90, 108
[READ], p95, 128
[READ], p99, 315
[READ], p99.9, 1648
[READ], p99.99, 14911
[READ], Return=OK, 59427
[READ-MODIFY-WRITE], Total Operations, 29827
[READ-MODIFY-WRITE], Below is a summary of latency in microseconds:, -1
[READ-MODIFY-WRITE], Average, 179.60770442887318
[READ-MODIFY-WRITE], Min, 103
[READ-MODIFY-WRITE], Max, 17489
[READ-MODIFY-WRITE], p1, 114
[READ-MODIFY-WRITE], p5, 120
[READ-MODIFY-WRITE], p50, 158
[READ-MODIFY-WRITE], p90, 222
[READ-MODIFY-WRITE], p95, 270
[READ-MODIFY-WRITE], p99, 498
[READ-MODIFY-WRITE], p99.9, 2625
[READ-MODIFY-WRITE], p99.99, 15015
[CLEANUP], Total Operations, 1
[CLEANUP], Below is a summary of latency in microseconds:, -1
[CLEANUP], Average, 1011.0
[CLEANUP], Min, 1011
[CLEANUP], Max, 1011
[CLEANUP], p1, 1011
[CLEANUP], p5, 1011
[CLEANUP], p50, 1011
[CLEANUP], p90, 1011
[CLEANUP], p95, 1011
[CLEANUP], p99, 1011
[CLEANUP], p99.9, 1011
[CLEANUP], p99.99, 1011
[UPDATE], Total Operations, 29827
[UPDATE], Below is a summary of latency in microseconds:, -1
[UPDATE], Average, 88.19227545512454
[UPDATE], Min, 54
[UPDATE], Max, 5648
[UPDATE], p1, 60
[UPDATE], p5, 62
[UPDATE], p50, 81
[UPDATE], p90, 113
[UPDATE], p95, 133
[UPDATE], p99, 225
[UPDATE], p99.9, 932
[UPDATE], p99.99, 4757
[UPDATE], Return=OK, 29827

Command line: -t -db site.ycsb.db.MongoDbClient -s -P /home/runner/ycsb-mongodb-binding-0.17.0/workloads/workloadf -p mongodb.url=mongodb://127.0.0.1:27017/ycsb?w=1 -p measurementtype=raw -p measurement.raw.output_file=/home/runner/work/The-Omni-Compass/The-Omni-Compass/out/ycsb-f/rep-3/omni/notch-9.raw -p recordcount=1250000 -p operationcount=1000000000 -p maxexecutiontime=20 -p target=3000 -p threads=32 -p insertstart=0 -p insertorder=ordered -p requestdistribution=uniform -p seed=100308
YCSB Client 0.17.0

Loading workload...
Starting test.
Maximum execution time specified as: 20 secs
2026-10-08 05:42:02:035 0 sec: 0 operations; est completion in 0 second 
DBWrapper: report latency for each error is false and specific error codes to track for latency are: []
2026-10-08 05:42:12:013 10 sec: 29426 operations; 2942.6 current ops/sec; est completion in 3 days 22 hours READ count: 29426, average latency(us): 95.00 READ-MODIFY-WRITE count: 14819, average latency(us): 192.30 UPDATE count: 14819, average latency(us): 97.30 
Maximum time elapsed. Requesting stop for the workload.
Stop requested for workload. Now Joining!
2026-10-08 05:42:22:013 20 sec: 59426 operations; 3000 current ops/sec; est completion in 3 days 21 hours READ count: 30001, average latency(us): 86.29 READ-MODIFY-WRITE count: 15008, average latency(us): 167.07 UPDATE count: 15008, average latency(us): 79.20 
2026-10-08 05:42:22:015 20 sec: 59427 operations; 500 current ops/sec; est completion in 3 days 21 hours   CLEANUP count: 1, average latency(us): 1011.00  


/opt/hostedtoolcache/Java_Temurin-Hotspot_jdk/17.0.20-1/x64/bin/java  -classpath /home/runner/ycsb-mongodb-binding-0.17.0/conf:/home/runner/ycsb-mongodb-binding-0.17.0/lib/HdrHistogram-2.1.4.jar:/home/runner/ycsb-mongodb-binding-0.17.0/lib/core-0.17.0.jar:/home/runner/ycsb-mongodb-binding-0.17.0/lib/htrace-core4-4.1.0-incubating.jar:/home/runner/ycsb-mongodb-binding-0.17.0/lib/jackson-core-asl-1.9.4.jar:/home/runner/ycsb-mongodb-binding-0.17.0/lib/jackson-mapper-asl-1.9.4.jar:/home/runner/ycsb-mongodb-binding-0.17.0/lib/logback-classic-1.1.2.jar:/home/runner/ycsb-mongodb-binding-0.17.0/lib/logback-core-1.1.2.jar:/home/runner/ycsb-mongodb-binding-0.17.0/lib/mongo-java-driver-3.8.0.jar:/home/runner/ycsb-mongodb-binding-0.17.0/lib/mongodb-async-driver-2.0.1.jar:/home/runner/ycsb-mongodb-binding-0.17.0/lib/mongodb-binding-0.17.0.jar:/home/runner/ycsb-mongodb-binding-0.17.0/lib/slf4j-api-1.7.25.jar:/home/runner/ycsb-mongodb-binding-0.17.0/lib/snappy-java-1.1.7.1.jar site.ycsb.Client -t -db site.ycsb.db.MongoDbClient -s -P /home/runner/ycsb-mongodb-binding-0.17.0/workloads/workloadf -p mongodb.url=mongodb://127.0.0.1:27017/ycsb?w=1 -p measurementtype=raw -p measurement.raw.output_file=/home/runner/work/The-Omni-Compass/The-Omni-Compass/out/ycsb-f/rep-3/omni/notch-10.raw -p recordcount=1000000 -p operationcount=1000000000 -p maxexecutiontime=20 -p target=3000 -p threads=32 -p insertstart=0 -p insertorder=ordered -p requestdistribution=uniform -p seed=100309
mongo client connection created with mongodb://127.0.0.1:27017/ycsb?w=1
Raw data measurement: will output to result file: /home/runner/work/The-Omni-Compass/The-Omni-Compass/out/ycsb-f/rep-3/omni/notch-10.raw
Raw data measurement: will output to result file: /home/runner/work/The-Omni-Compass/The-Omni-Compass/out/ycsb-f/rep-3/omni/notch-10.raw
Raw data measurement: will output to result file: /home/runner/work/The-Omni-Compass/The-Omni-Compass/out/ycsb-f/rep-3/omni/notch-10.raw
Raw data measurement: will output to result file: /home/runner/work/The-Omni-Compass/The-Omni-Compass/out/ycsb-f/rep-3/omni/notch-10.raw
[OVERALL], RunTime(ms), 20002
[OVERALL], Throughput(ops/sec), 2968.7531246875315
[TOTAL_GCS_G1_Young_Generation], Count, 15
[TOTAL_GC_TIME_G1_Young_Generation], Time(ms), 53
[TOTAL_GC_TIME_%_G1_Young_Generation], Time(%), 0.264973502649735
[TOTAL_GCS_G1_Old_Generation], Count, 0
[TOTAL_GC_TIME_G1_Old_Generation], Time(ms), 0
[TOTAL_GC_TIME_%_G1_Old_Generation], Time(%), 0.0
[TOTAL_GCs], Count, 15
[TOTAL_GC_TIME], Time(ms), 53
[TOTAL_GC_TIME_%], Time(%), 0.264973502649735
[READ], Total Operations, 59381
[READ], Below is a summary of latency in microseconds:, -1
[READ], Average, 81.24789073946212
[READ], Min, 46
[READ], Max, 38041
[READ], p1, 49
[READ], p5, 53
[READ], p50, 69
[READ], p90, 102
[READ], p95, 122
[READ], p99, 211
[READ], p99.9, 961
[READ], p99.99, 4834
[READ], Return=OK, 59381
[READ-MODIFY-WRITE], Total Operations, 29600
[READ-MODIFY-WRITE], Below is a summary of latency in microseconds:, -1
[READ-MODIFY-WRITE], Average, 166.7770608108108
[READ-MODIFY-WRITE], Min, 105
[READ-MODIFY-WRITE], Max, 8156
[READ-MODIFY-WRITE], p1, 111
[READ-MODIFY-WRITE], p5, 116
[READ-MODIFY-WRITE], p50, 143
[READ-MODIFY-WRITE], p90, 212
[READ-MODIFY-WRITE], p95, 264
[READ-MODIFY-WRITE], p99, 454
[READ-MODIFY-WRITE], p99.9, 1859
[READ-MODIFY-WRITE], p99.99, 5210
[CLEANUP], Total Operations, 1
[CLEANUP], Below is a summary of latency in microseconds:, -1
[CLEANUP], Average, 871.0
[CLEANUP], Min, 871
[CLEANUP], Max, 871
[CLEANUP], p1, 871
[CLEANUP], p5, 871
[CLEANUP], p50, 871
[CLEANUP], p90, 871
[CLEANUP], p95, 871
[CLEANUP], p99, 871
[CLEANUP], p99.9, 871
[CLEANUP], p99.99, 871
[UPDATE], Total Operations, 29600
[UPDATE], Below is a summary of latency in microseconds:, -1
[UPDATE], Average, 85.10135135135135
[UPDATE], Min, 54
[UPDATE], Max, 6023
[UPDATE], p1, 59
[UPDATE], p5, 60
[UPDATE], p50, 72
[UPDATE], p90, 109
[UPDATE], p95, 140
[UPDATE], p99, 232
[UPDATE], p99.9, 891
[UPDATE], p99.99, 2580
[UPDATE], Return=OK, 29600

Command line: -t -db site.ycsb.db.MongoDbClient -s -P /home/runner/ycsb-mongodb-binding-0.17.0/workloads/workloadf -p mongodb.url=mongodb://127.0.0.1:27017/ycsb?w=1 -p measurementtype=raw -p measurement.raw.output_file=/home/runner/work/The-Omni-Compass/The-Omni-Compass/out/ycsb-f/rep-3/omni/notch-10.raw -p recordcount=1000000 -p operationcount=1000000000 -p maxexecutiontime=20 -p target=3000 -p threads=32 -p insertstart=0 -p insertorder=ordered -p requestdistribution=uniform -p seed=100309
YCSB Client 0.17.0

Loading workload...
Starting test.
Maximum execution time specified as: 20 secs
2026-10-08 05:42:22:528 0 sec: 0 operations; est completion in 0 second 
DBWrapper: report latency for each error is false and specific error codes to track for latency are: []
2026-10-08 05:42:32:505 10 sec: 29379 operations; 2937.9 current ops/sec; est completion in 3 days 22 hours READ count: 29380, average latency(us): 89.45 READ-MODIFY-WRITE count: 14615, average latency(us): 185.27 UPDATE count: 14615, average latency(us): 95.57 
Maximum time elapsed. Requesting stop for the workload.
2026-10-08 05:42:42:505 20 sec: 59378 operations; 2999.9 current ops/sec; est completion in 3 days 21 hours READ count: 30000, average latency(us): 73.22 READ-MODIFY-WRITE count: 14984, average latency(us): 148.73 UPDATE count: 14984, average latency(us): 74.89 
Stop requested for workload. Now Joining!
2026-10-08 05:42:42:507 20 sec: 59381 operations; 1500 current ops/sec; est completion in 3 days 21 hours READ count: 1, average latency(us): 155.00 READ-MODIFY-WRITE count: 1, average latency(us): 309.00 CLEANUP count: 1, average latency(us): 871.00 UPDATE count: 1, average latency(us): 153.00 


/opt/hostedtoolcache/Java_Temurin-Hotspot_jdk/17.0.20-1/x64/bin/java  -classpath /home/runner/ycsb-mongodb-binding-0.17.0/conf:/home/runner/ycsb-mongodb-binding-0.17.0/lib/HdrHistogram-2.1.4.jar:/home/runner/ycsb-mongodb-binding-0.17.0/lib/core-0.17.0.jar:/home/runner/ycsb-mongodb-binding-0.17.0/lib/htrace-core4-4.1.0-incubating.jar:/home/runner/ycsb-mongodb-binding-0.17.0/lib/jackson-core-asl-1.9.4.jar:/home/runner/ycsb-mongodb-binding-0.17.0/lib/jackson-mapper-asl-1.9.4.jar:/home/runner/ycsb-mongodb-binding-0.17.0/lib/logback-classic-1.1.2.jar:/home/runner/ycsb-mongodb-binding-0.17.0/lib/logback-core-1.1.2.jar:/home/runner/ycsb-mongodb-binding-0.17.0/lib/mongo-java-driver-3.8.0.jar:/home/runner/ycsb-mongodb-binding-0.17.0/lib/mongodb-async-driver-2.0.1.jar:/home/runner/ycsb-mongodb-binding-0.17.0/lib/mongodb-binding-0.17.0.jar:/home/runner/ycsb-mongodb-binding-0.17.0/lib/slf4j-api-1.7.25.jar:/home/runner/ycsb-mongodb-binding-0.17.0/lib/snappy-java-1.1.7.1.jar site.ycsb.Client -t -db site.ycsb.db.MongoDbClient -s -P /home/runner/ycsb-mongodb-binding-0.17.0/workloads/workloadf -p mongodb.url=mongodb://127.0.0.1:27017/ycsb?w=1 -p measurementtype=raw -p measurement.raw.output_file=/home/runner/work/The-Omni-Compass/The-Omni-Compass/out/ycsb-f/rep-3/omni/notch-11.raw -p recordcount=750000 -p operationcount=1000000000 -p maxexecutiontime=20 -p target=3000 -p threads=32 -p insertstart=0 -p insertorder=ordered -p requestdistribution=uniform -p seed=100310
mongo client connection created with mongodb://127.0.0.1:27017/ycsb?w=1
Raw data measurement: will output to result file: /home/runner/work/The-Omni-Compass/The-Omni-Compass/out/ycsb-f/rep-3/omni/notch-11.raw
Raw data measurement: will output to result file: /home/runner/work/The-Omni-Compass/The-Omni-Compass/out/ycsb-f/rep-3/omni/notch-11.raw
Raw data measurement: will output to result file: /home/runner/work/The-Omni-Compass/The-Omni-Compass/out/ycsb-f/rep-3/omni/notch-11.raw
Raw data measurement: will output to result file: /home/runner/work/The-Omni-Compass/The-Omni-Compass/out/ycsb-f/rep-3/omni/notch-11.raw
[OVERALL], RunTime(ms), 20002
[OVERALL], Throughput(ops/sec), 2965.103489651035
[TOTAL_GCS_G1_Young_Generation], Count, 15
[TOTAL_GC_TIME_G1_Young_Generation], Time(ms), 52
[TOTAL_GC_TIME_%_G1_Young_Generation], Time(%), 0.25997400259974
[TOTAL_GCS_G1_Old_Generation], Count, 0
[TOTAL_GC_TIME_G1_Old_Generation], Time(ms), 0
[TOTAL_GC_TIME_%_G1_Old_Generation], Time(%), 0.0
[TOTAL_GCs], Count, 15
[TOTAL_GC_TIME], Time(ms), 52
[TOTAL_GC_TIME_%], Time(%), 0.25997400259974
[READ], Total Operations, 59308
[READ], Below is a summary of latency in microseconds:, -1
[READ], Average, 76.68263977878195
[READ], Min, 44
[READ], Max, 30423
[READ], p1, 48
[READ], p5, 50
[READ], p50, 66
[READ], p90, 97
[READ], p95, 116
[READ], p99, 213
[READ], p99.9, 883
[READ], p99.99, 3869
[READ], Return=OK, 59308
[READ-MODIFY-WRITE], Total Operations, 29722
[READ-MODIFY-WRITE], Below is a summary of latency in microseconds:, -1
[READ-MODIFY-WRITE], Average, 160.07862862526076
[READ-MODIFY-WRITE], Min, 102
[READ-MODIFY-WRITE], Max, 35008
[READ-MODIFY-WRITE], p1, 109
[READ-MODIFY-WRITE], p5, 113
[READ-MODIFY-WRITE], p50, 132
[READ-MODIFY-WRITE], p90, 205
[READ-MODIFY-WRITE], p95, 249
[READ-MODIFY-WRITE], p99, 463
[READ-MODIFY-WRITE], p99.9, 1742
[READ-MODIFY-WRITE], p99.99, 4675
[CLEANUP], Total Operations, 1
[CLEANUP], Below is a summary of latency in microseconds:, -1
[CLEANUP], Average, 902.0
[CLEANUP], Min, 902
[CLEANUP], Max, 902
[CLEANUP], p1, 902
[CLEANUP], p5, 902
[CLEANUP], p50, 902
[CLEANUP], p90, 902
[CLEANUP], p95, 902
[CLEANUP], p99, 902
[CLEANUP], p99.9, 902
[CLEANUP], p99.99, 902
[UPDATE], Total Operations, 29722
[UPDATE], Below is a summary of latency in microseconds:, -1
[UPDATE], Average, 82.23056994818653
[UPDATE], Min, 54
[UPDATE], Max, 4616
[UPDATE], p1, 58
[UPDATE], p5, 60
[UPDATE], p50, 67
[UPDATE], p90, 107
[UPDATE], p95, 134
[UPDATE], p99, 224
[UPDATE], p99.9, 857
[UPDATE], p99.99, 3632
[UPDATE], Return=OK, 29722

Command line: -t -db site.ycsb.db.MongoDbClient -s -P /home/runner/ycsb-mongodb-binding-0.17.0/workloads/workloadf -p mongodb.url=mongodb://127.0.0.1:27017/ycsb?w=1 -p measurementtype=raw -p measurement.raw.output_file=/home/runner/work/The-Omni-Compass/The-Omni-Compass/out/ycsb-f/rep-3/omni/notch-11.raw -p recordcount=750000 -p operationcount=1000000000 -p maxexecutiontime=20 -p target=3000 -p threads=32 -p insertstart=0 -p insertorder=ordered -p requestdistribution=uniform -p seed=100310
YCSB Client 0.17.0

Loading workload...
Starting test.
Maximum execution time specified as: 20 secs
2026-10-08 05:42:43:053 0 sec: 0 operations; est completion in 0 second 
DBWrapper: report latency for each error is false and specific error codes to track for latency are: []
2026-10-08 05:42:53:030 10 sec: 29306 operations; 2930.6 current ops/sec; est completion in 3 days 22 hours READ count: 29308, average latency(us): 84.38 READ-MODIFY-WRITE count: 14781, average latency(us): 177.28 UPDATE count: 14781, average latency(us): 90.91 
Maximum time elapsed. Requesting stop for the workload.
Stop requested for workload. Now Joining!
2026-10-08 05:43:03:030 20 sec: 59307 operations; 3000.1 current ops/sec; est completion in 3 days 21 hours READ count: 29999, average latency(us): 69.14 READ-MODIFY-WRITE count: 14940, average latency(us): 143.01 UPDATE count: 14940, average latency(us): 73.63 
2026-10-08 05:43:03:032 20 sec: 59308 operations; 500 current ops/sec; est completion in 3 days 21 hours READ count: 1, average latency(us): 755.00 READ-MODIFY-WRITE count: 1, average latency(us): 925.00 CLEANUP count: 1, average latency(us): 902.00 UPDATE count: 1, average latency(us): 168.00 


/opt/hostedtoolcache/Java_Temurin-Hotspot_jdk/17.0.20-1/x64/bin/java  -classpath /home/runner/ycsb-mongodb-binding-0.17.0/conf:/home/runner/ycsb-mongodb-binding-0.17.0/lib/HdrHistogram-2.1.4.jar:/home/runner/ycsb-mongodb-binding-0.17.0/lib/core-0.17.0.jar:/home/runner/ycsb-mongodb-binding-0.17.0/lib/htrace-core4-4.1.0-incubating.jar:/home/runner/ycsb-mongodb-binding-0.17.0/lib/jackson-core-asl-1.9.4.jar:/home/runner/ycsb-mongodb-binding-0.17.0/lib/jackson-mapper-asl-1.9.4.jar:/home/runner/ycsb-mongodb-binding-0.17.0/lib/logback-classic-1.1.2.jar:/home/runner/ycsb-mongodb-binding-0.17.0/lib/logback-core-1.1.2.jar:/home/runner/ycsb-mongodb-binding-0.17.0/lib/mongo-java-driver-3.8.0.jar:/home/runner/ycsb-mongodb-binding-0.17.0/lib/mongodb-async-driver-2.0.1.jar:/home/runner/ycsb-mongodb-binding-0.17.0/lib/mongodb-binding-0.17.0.jar:/home/runner/ycsb-mongodb-binding-0.17.0/lib/slf4j-api-1.7.25.jar:/home/runner/ycsb-mongodb-binding-0.17.0/lib/snappy-java-1.1.7.1.jar site.ycsb.Client -t -db site.ycsb.db.MongoDbClient -s -P /home/runner/ycsb-mongodb-binding-0.17.0/workloads/workloadf -p mongodb.url=mongodb://127.0.0.1:27017/ycsb?w=1 -p measurementtype=raw -p measurement.raw.output_file=/home/runner/work/The-Omni-Compass/The-Omni-Compass/out/ycsb-f/rep-3/omni/notch-12.raw -p recordcount=500000 -p operationcount=1000000000 -p maxexecutiontime=20 -p target=3000 -p threads=32 -p insertstart=0 -p insertorder=ordered -p requestdistribution=uniform -p seed=100311
mongo client connection created with mongodb://127.0.0.1:27017/ycsb?w=1
Raw data measurement: will output to result file: /home/runner/work/The-Omni-Compass/The-Omni-Compass/out/ycsb-f/rep-3/omni/notch-12.raw
Raw data measurement: will output to result file: /home/runner/work/The-Omni-Compass/The-Omni-Compass/out/ycsb-f/rep-3/omni/notch-12.raw
Raw data measurement: will output to result file: /home/runner/work/The-Omni-Compass/The-Omni-Compass/out/ycsb-f/rep-3/omni/notch-12.raw
Raw data measurement: will output to result file: /home/runner/work/The-Omni-Compass/The-Omni-Compass/out/ycsb-f/rep-3/omni/notch-12.raw
[OVERALL], RunTime(ms), 20002
[OVERALL], Throughput(ops/sec), 2969.70302969703
[TOTAL_GCS_G1_Young_Generation], Count, 15
[TOTAL_GC_TIME_G1_Young_Generation], Time(ms), 52
[TOTAL_GC_TIME_%_G1_Young_Generation], Time(%), 0.25997400259974
[TOTAL_GCS_G1_Old_Generation], Count, 0
[TOTAL_GC_TIME_G1_Old_Generation], Time(ms), 0
[TOTAL_GC_TIME_%_G1_Old_Generation], Time(%), 0.0
[TOTAL_GCs], Count, 15
[TOTAL_GC_TIME], Time(ms), 52
[TOTAL_GC_TIME_%], Time(%), 0.25997400259974
[READ], Total Operations, 59400
[READ], Below is a summary of latency in microseconds:, -1
[READ], Average, 80.16616161616162
[READ], Min, 42
[READ], Max, 29045
[READ], p1, 47
[READ], p5, 49
[READ], p50, 67
[READ], p90, 101
[READ], p95, 124
[READ], p99, 275
[READ], p99.9, 1229
[READ], p99.99, 3929
[READ], Return=OK, 59400
[READ-MODIFY-WRITE], Total Operations, 29634
[READ-MODIFY-WRITE], Below is a summary of latency in microseconds:, -1
[READ-MODIFY-WRITE], Average, 168.39350070864546
[READ-MODIFY-WRITE], Min, 100
[READ-MODIFY-WRITE], Max, 5893
[READ-MODIFY-WRITE], p1, 107
[READ-MODIFY-WRITE], p5, 111
[READ-MODIFY-WRITE], p50, 148
[READ-MODIFY-WRITE], p90, 218
[READ-MODIFY-WRITE], p95, 270
[READ-MODIFY-WRITE], p99, 583
[READ-MODIFY-WRITE], p99.9, 2084
[READ-MODIFY-WRITE], p99.99, 5325
[CLEANUP], Total Operations, 1
[CLEANUP], Below is a summary of latency in microseconds:, -1
[CLEANUP], Average, 1046.0
[CLEANUP], Min, 1046
[CLEANUP], Max, 1046
[CLEANUP], p1, 1046
[CLEANUP], p5, 1046
[CLEANUP], p50, 1046
[CLEANUP], p90, 1046
[CLEANUP], p95, 1046
[CLEANUP], p99, 1046
[CLEANUP], p99.9, 1046
[CLEANUP], p99.99, 1046
[UPDATE], Total Operations, 29634
[UPDATE], Below is a summary of latency in microseconds:, -1
[UPDATE], Average, 87.43686306269825
[UPDATE], Min, 52
[UPDATE], Max, 4720
[UPDATE], p1, 57
[UPDATE], p5, 59
[UPDATE], p50, 76
[UPDATE], p90, 115
[UPDATE], p95, 143
[UPDATE], p99, 278
[UPDATE], p99.9, 1025
[UPDATE], p99.99, 4207
[UPDATE], Return=OK, 29634

Command line: -t -db site.ycsb.db.MongoDbClient -s -P /home/runner/ycsb-mongodb-binding-0.17.0/workloads/workloadf -p mongodb.url=mongodb://127.0.0.1:27017/ycsb?w=1 -p measurementtype=raw -p measurement.raw.output_file=/home/runner/work/The-Omni-Compass/The-Omni-Compass/out/ycsb-f/rep-3/omni/notch-12.raw -p recordcount=500000 -p operationcount=1000000000 -p maxexecutiontime=20 -p target=3000 -p threads=32 -p insertstart=0 -p insertorder=ordered -p requestdistribution=uniform -p seed=100311
YCSB Client 0.17.0

Loading workload...
Starting test.
Maximum execution time specified as: 20 secs
2026-10-08 05:43:03:564 0 sec: 0 operations; est completion in 0 second 
DBWrapper: report latency for each error is false and specific error codes to track for latency are: []
2026-10-08 05:43:13:543 10 sec: 29399 operations; 2939.9 current ops/sec; est completion in 3 days 22 hours READ count: 29401, average latency(us): 90.20 READ-MODIFY-WRITE count: 14653, average latency(us): 190.01 UPDATE count: 14653, average latency(us): 99.02 
Maximum time elapsed. Requesting stop for the workload.
Stop requested for workload. Now Joining!
2026-10-08 05:43:23:543 20 sec: 59399 operations; 3000 current ops/sec; est completion in 3 days 21 hours READ count: 29999, average latency(us): 70.33 READ-MODIFY-WRITE count: 14981, average latency(us): 147.25 UPDATE count: 14981, average latency(us): 76.11 
2026-10-08 05:43:23:545 20 sec: 59400 operations; 1000 current ops/sec; est completion in 3 days 21 hours   CLEANUP count: 1, average latency(us): 1046.00  


/opt/hostedtoolcache/Java_Temurin-Hotspot_jdk/17.0.20-1/x64/bin/java  -classpath /home/runner/ycsb-mongodb-binding-0.17.0/conf:/home/runner/ycsb-mongodb-binding-0.17.0/lib/HdrHistogram-2.1.4.jar:/home/runner/ycsb-mongodb-binding-0.17.0/lib/core-0.17.0.jar:/home/runner/ycsb-mongodb-binding-0.17.0/lib/htrace-core4-4.1.0-incubating.jar:/home/runner/ycsb-mongodb-binding-0.17.0/lib/jackson-core-asl-1.9.4.jar:/home/runner/ycsb-mongodb-binding-0.17.0/lib/jackson-mapper-asl-1.9.4.jar:/home/runner/ycsb-mongodb-binding-0.17.0/lib/logback-classic-1.1.2.jar:/home/runner/ycsb-mongodb-binding-0.17.0/lib/logback-core-1.1.2.jar:/home/runner/ycsb-mongodb-binding-0.17.0/lib/mongo-java-driver-3.8.0.jar:/home/runner/ycsb-mongodb-binding-0.17.0/lib/mongodb-async-driver-2.0.1.jar:/home/runner/ycsb-mongodb-binding-0.17.0/lib/mongodb-binding-0.17.0.jar:/home/runner/ycsb-mongodb-binding-0.17.0/lib/slf4j-api-1.7.25.jar:/home/runner/ycsb-mongodb-binding-0.17.0/lib/snappy-java-1.1.7.1.jar site.ycsb.Client -t -db site.ycsb.db.MongoDbClient -s -P /home/runner/ycsb-mongodb-binding-0.17.0/workloads/workloadf -p mongodb.url=mongodb://127.0.0.1:27017/ycsb?w=1 -p measurementtype=raw -p measurement.raw.output_file=/home/runner/work/The-Omni-Compass/The-Omni-Compass/out/ycsb-f/rep-3/omni/notch-13.raw -p recordcount=250000 -p operationcount=1000000000 -p maxexecutiontime=20 -p target=3000 -p threads=32 -p insertstart=0 -p insertorder=ordered -p requestdistribution=uniform -p seed=100312
mongo client connection created with mongodb://127.0.0.1:27017/ycsb?w=1
Raw data measurement: will output to result file: /home/runner/work/The-Omni-Compass/The-Omni-Compass/out/ycsb-f/rep-3/omni/notch-13.raw
Raw data measurement: will output to result file: /home/runner/work/The-Omni-Compass/The-Omni-Compass/out/ycsb-f/rep-3/omni/notch-13.raw
Raw data measurement: will output to result file: /home/runner/work/The-Omni-Compass/The-Omni-Compass/out/ycsb-f/rep-3/omni/notch-13.raw
Raw data measurement: will output to result file: /home/runner/work/The-Omni-Compass/The-Omni-Compass/out/ycsb-f/rep-3/omni/notch-13.raw
[OVERALL], RunTime(ms), 20002
[OVERALL], Throughput(ops/sec), 2969.303069693031
[TOTAL_GCS_G1_Young_Generation], Count, 15
[TOTAL_GC_TIME_G1_Young_Generation], Time(ms), 51
[TOTAL_GC_TIME_%_G1_Young_Generation], Time(%), 0.2549745025497451
[TOTAL_GCS_G1_Old_Generation], Count, 0
[TOTAL_GC_TIME_G1_Old_Generation], Time(ms), 0
[TOTAL_GC_TIME_%_G1_Old_Generation], Time(%), 0.0
[TOTAL_GCs], Count, 15
[TOTAL_GC_TIME], Time(ms), 51
[TOTAL_GC_TIME_%], Time(%), 0.2549745025497451
[READ], Total Operations, 59392
[READ], Below is a summary of latency in microseconds:, -1
[READ], Average, 73.56308930495689
[READ], Min, 41
[READ], Max, 28717
[READ], p1, 45
[READ], p5, 47
[READ], p50, 64
[READ], p90, 96
[READ], p95, 113
[READ], p99, 190
[READ], p99.9, 643
[READ], p99.99, 3809
[READ], Return=OK, 59392
[READ-MODIFY-WRITE], Total Operations, 29870
[READ-MODIFY-WRITE], Below is a summary of latency in microseconds:, -1
[READ-MODIFY-WRITE], Average, 158.819718781386
[READ-MODIFY-WRITE], Min, 99
[READ-MODIFY-WRITE], Max, 33258
[READ-MODIFY-WRITE], p1, 105
[READ-MODIFY-WRITE], p5, 107
[READ-MODIFY-WRITE], p50, 142
[READ-MODIFY-WRITE], p90, 208
[READ-MODIFY-WRITE], p95, 244
[READ-MODIFY-WRITE], p99, 414
[READ-MODIFY-WRITE], p99.9, 1421
[READ-MODIFY-WRITE], p99.99, 4979
[CLEANUP], Total Operations, 1
[CLEANUP], Below is a summary of latency in microseconds:, -1
[CLEANUP], Average, 1070.0
[CLEANUP], Min, 1070
[CLEANUP], Max, 1070
[CLEANUP], p1, 1070
[CLEANUP], p5, 1070
[CLEANUP], p50, 1070
[CLEANUP], p90, 1070
[CLEANUP], p95, 1070
[CLEANUP], p99, 1070
[CLEANUP], p99.9, 1070
[CLEANUP], p99.99, 1070
[UPDATE], Total Operations, 29870
[UPDATE], Below is a summary of latency in microseconds:, -1
[UPDATE], Average, 83.6884499497824
[UPDATE], Min, 53
[UPDATE], Max, 4897
[UPDATE], p1, 57
[UPDATE], p5, 58
[UPDATE], p50, 73
[UPDATE], p90, 111
[UPDATE], p95, 130
[UPDATE], p99, 212
[UPDATE], p99.9, 658
[UPDATE], p99.99, 3033
[UPDATE], Return=OK, 29870

Command line: -t -db site.ycsb.db.MongoDbClient -s -P /home/runner/ycsb-mongodb-binding-0.17.0/workloads/workloadf -p mongodb.url=mongodb://127.0.0.1:27017/ycsb?w=1 -p measurementtype=raw -p measurement.raw.output_file=/home/runner/work/The-Omni-Compass/The-Omni-Compass/out/ycsb-f/rep-3/omni/notch-13.raw -p recordcount=250000 -p operationcount=1000000000 -p maxexecutiontime=20 -p target=3000 -p threads=32 -p insertstart=0 -p insertorder=ordered -p requestdistribution=uniform -p seed=100312
YCSB Client 0.17.0

Loading workload...
Starting test.
Maximum execution time specified as: 20 secs
2026-10-08 05:43:24:078 0 sec: 0 operations; est completion in 0 second 
DBWrapper: report latency for each error is false and specific error codes to track for latency are: []
2026-10-08 05:43:34:057 10 sec: 29391 operations; 2939.1 current ops/sec; est completion in 3 days 22 hours READ count: 29392, average latency(us): 83.85 READ-MODIFY-WRITE count: 14828, average latency(us): 181.19 UPDATE count: 14828, average latency(us): 95.36 
Maximum time elapsed. Requesting stop for the workload.
Stop requested for workload. Now Joining!
2026-10-08 05:43:44:057 20 sec: 59391 operations; 3000 current ops/sec; est completion in 3 days 21 hours READ count: 30000, average latency(us): 63.49 READ-MODIFY-WRITE count: 15042, average latency(us): 136.76 UPDATE count: 15042, average latency(us): 72.19 
2026-10-08 05:43:44:059 20 sec: 59392 operations; 500 current ops/sec; est completion in 3 days 21 hours   CLEANUP count: 1, average latency(us): 1070.00  


/opt/hostedtoolcache/Java_Temurin-Hotspot_jdk/17.0.20-1/x64/bin/java  -classpath /home/runner/ycsb-mongodb-binding-0.17.0/conf:/home/runner/ycsb-mongodb-binding-0.17.0/lib/HdrHistogram-2.1.4.jar:/home/runner/ycsb-mongodb-binding-0.17.0/lib/core-0.17.0.jar:/home/runner/ycsb-mongodb-binding-0.17.0/lib/htrace-core4-4.1.0-incubating.jar:/home/runner/ycsb-mongodb-binding-0.17.0/lib/jackson-core-asl-1.9.4.jar:/home/runner/ycsb-mongodb-binding-0.17.0/lib/jackson-mapper-asl-1.9.4.jar:/home/runner/ycsb-mongodb-binding-0.17.0/lib/logback-classic-1.1.2.jar:/home/runner/ycsb-mongodb-binding-0.17.0/lib/logback-core-1.1.2.jar:/home/runner/ycsb-mongodb-binding-0.17.0/lib/mongo-java-driver-3.8.0.jar:/home/runner/ycsb-mongodb-binding-0.17.0/lib/mongodb-async-driver-2.0.1.jar:/home/runner/ycsb-mongodb-binding-0.17.0/lib/mongodb-binding-0.17.0.jar:/home/runner/ycsb-mongodb-binding-0.17.0/lib/slf4j-api-1.7.25.jar:/home/runner/ycsb-mongodb-binding-0.17.0/lib/snappy-java-1.1.7.1.jar site.ycsb.Client -t -db site.ycsb.db.MongoDbClient -s -P /home/runner/ycsb-mongodb-binding-0.17.0/workloads/workloadf -p mongodb.url=mongodb://127.0.0.1:27017/ycsb?w=1 -p measurementtype=raw -p measurement.raw.output_file=/home/runner/work/The-Omni-Compass/The-Omni-Compass/out/ycsb-f/rep-3/omni/notch-14.raw -p recordcount=500000 -p operationcount=1000000000 -p maxexecutiontime=20 -p target=3000 -p threads=32 -p insertstart=0 -p insertorder=ordered -p requestdistribution=uniform -p seed=100313
mongo client connection created with mongodb://127.0.0.1:27017/ycsb?w=1
Raw data measurement: will output to result file: /home/runner/work/The-Omni-Compass/The-Omni-Compass/out/ycsb-f/rep-3/omni/notch-14.raw
Raw data measurement: will output to result file: /home/runner/work/The-Omni-Compass/The-Omni-Compass/out/ycsb-f/rep-3/omni/notch-14.raw
Raw data measurement: will output to result file: /home/runner/work/The-Omni-Compass/The-Omni-Compass/out/ycsb-f/rep-3/omni/notch-14.raw
Raw data measurement: will output to result file: /home/runner/work/The-Omni-Compass/The-Omni-Compass/out/ycsb-f/rep-3/omni/notch-14.raw
[OVERALL], RunTime(ms), 20002
[OVERALL], Throughput(ops/sec), 2970.802919708029
[TOTAL_GCS_G1_Young_Generation], Count, 15
[TOTAL_GC_TIME_G1_Young_Generation], Time(ms), 49
[TOTAL_GC_TIME_%_G1_Young_Generation], Time(%), 0.24497550244975502
[TOTAL_GCS_G1_Old_Generation], Count, 0
[TOTAL_GC_TIME_G1_Old_Generation], Time(ms), 0
[TOTAL_GC_TIME_%_G1_Old_Generation], Time(%), 0.0
[TOTAL_GCs], Count, 15
[TOTAL_GC_TIME], Time(ms), 49
[TOTAL_GC_TIME_%], Time(%), 0.24497550244975502
[READ], Total Operations, 59422
[READ], Below is a summary of latency in microseconds:, -1
[READ], Average, 76.99316751371546
[READ], Min, 42
[READ], Max, 28317
[READ], p1, 47
[READ], p5, 49
[READ], p50, 67
[READ], p90, 99
[READ], p95, 114
[READ], p99, 195
[READ], p99.9, 923
[READ], p99.99, 4594
[READ], Return=OK, 59422
[READ-MODIFY-WRITE], Total Operations, 29950
[READ-MODIFY-WRITE], Below is a summary of latency in microseconds:, -1
[READ-MODIFY-WRITE], Average, 159.83071786310518
[READ-MODIFY-WRITE], Min, 99
[READ-MODIFY-WRITE], Max, 32888
[READ-MODIFY-WRITE], p1, 108
[READ-MODIFY-WRITE], p5, 113
[READ-MODIFY-WRITE], p50, 137
[READ-MODIFY-WRITE], p90, 201
[READ-MODIFY-WRITE], p95, 241
[READ-MODIFY-WRITE], p99, 438
[READ-MODIFY-WRITE], p99.9, 1577
[READ-MODIFY-WRITE], p99.99, 8506
[CLEANUP], Total Operations, 1
[CLEANUP], Below is a summary of latency in microseconds:, -1
[CLEANUP], Average, 943.0
[CLEANUP], Min, 943
[CLEANUP], Max, 943
[CLEANUP], p1, 943
[CLEANUP], p5, 943
[CLEANUP], p50, 943
[CLEANUP], p90, 943
[CLEANUP], p95, 943
[CLEANUP], p99, 943
[CLEANUP], p99.9, 943
[CLEANUP], p99.99, 943
[UPDATE], Total Operations, 29950
[UPDATE], Below is a summary of latency in microseconds:, -1
[UPDATE], Average, 81.46938230383974
[UPDATE], Min, 53
[UPDATE], Max, 4821
[UPDATE], p1, 58
[UPDATE], p5, 59
[UPDATE], p50, 67
[UPDATE], p90, 104
[UPDATE], p95, 126
[UPDATE], p99, 220
[UPDATE], p99.9, 762
[UPDATE], p99.99, 4148
[UPDATE], Return=OK, 29950

Command line: -t -db site.ycsb.db.MongoDbClient -s -P /home/runner/ycsb-mongodb-binding-0.17.0/workloads/workloadf -p mongodb.url=mongodb://127.0.0.1:27017/ycsb?w=1 -p measurementtype=raw -p measurement.raw.output_file=/home/runner/work/The-Omni-Compass/The-Omni-Compass/out/ycsb-f/rep-3/omni/notch-14.raw -p recordcount=500000 -p operationcount=1000000000 -p maxexecutiontime=20 -p target=3000 -p threads=32 -p insertstart=0 -p insertorder=ordered -p requestdistribution=uniform -p seed=100313
YCSB Client 0.17.0

Loading workload...
Starting test.
Maximum execution time specified as: 20 secs
2026-10-08 05:43:44:590 0 sec: 0 operations; est completion in 0 second 
DBWrapper: report latency for each error is false and specific error codes to track for latency are: []
2026-10-08 05:43:54:568 10 sec: 29420 operations; 2942 current ops/sec; est completion in 3 days 22 hours READ count: 29422, average latency(us): 82.97 READ-MODIFY-WRITE count: 14916, average latency(us): 172.54 UPDATE count: 14916, average latency(us): 87.74 
Maximum time elapsed. Requesting stop for the workload.
Stop requested for workload. Now Joining!
2026-10-08 05:44:04:568 20 sec: 59420 operations; 3000 current ops/sec; est completion in 3 days 21 hours READ count: 29999, average latency(us): 71.12 READ-MODIFY-WRITE count: 15034, average latency(us): 147.22 UPDATE count: 15034, average latency(us): 75.25 
2026-10-08 05:44:04:570 20 sec: 59422 operations; 1000 current ops/sec; est completion in 3 days 21 hours READ count: 1, average latency(us): 272.00  CLEANUP count: 1, average latency(us): 943.00  


/opt/hostedtoolcache/Java_Temurin-Hotspot_jdk/17.0.20-1/x64/bin/java  -classpath /home/runner/ycsb-mongodb-binding-0.17.0/conf:/home/runner/ycsb-mongodb-binding-0.17.0/lib/HdrHistogram-2.1.4.jar:/home/runner/ycsb-mongodb-binding-0.17.0/lib/core-0.17.0.jar:/home/runner/ycsb-mongodb-binding-0.17.0/lib/htrace-core4-4.1.0-incubating.jar:/home/runner/ycsb-mongodb-binding-0.17.0/lib/jackson-core-asl-1.9.4.jar:/home/runner/ycsb-mongodb-binding-0.17.0/lib/jackson-mapper-asl-1.9.4.jar:/home/runner/ycsb-mongodb-binding-0.17.0/lib/logback-classic-1.1.2.jar:/home/runner/ycsb-mongodb-binding-0.17.0/lib/logback-core-1.1.2.jar:/home/runner/ycsb-mongodb-binding-0.17.0/lib/mongo-java-driver-3.8.0.jar:/home/runner/ycsb-mongodb-binding-0.17.0/lib/mongodb-async-driver-2.0.1.jar:/home/runner/ycsb-mongodb-binding-0.17.0/lib/mongodb-binding-0.17.0.jar:/home/runner/ycsb-mongodb-binding-0.17.0/lib/slf4j-api-1.7.25.jar:/home/runner/ycsb-mongodb-binding-0.17.0/lib/snappy-java-1.1.7.1.jar site.ycsb.Client -t -db site.ycsb.db.MongoDbClient -s -P /home/runner/ycsb-mongodb-binding-0.17.0/workloads/workloadf -p mongodb.url=mongodb://127.0.0.1:27017/ycsb?w=1 -p measurementtype=raw -p measurement.raw.output_file=/home/runner/work/The-Omni-Compass/The-Omni-Compass/out/ycsb-f/rep-3/omni/notch-15.raw -p recordcount=250000 -p operationcount=1000000000 -p maxexecutiontime=20 -p target=3000 -p threads=32 -p insertstart=0 -p insertorder=ordered -p requestdistribution=uniform -p seed=100314
mongo client connection created with mongodb://127.0.0.1:27017/ycsb?w=1
Raw data measurement: will output to result file: /home/runner/work/The-Omni-Compass/The-Omni-Compass/out/ycsb-f/rep-3/omni/notch-15.raw
Raw data measurement: will output to result file: /home/runner/work/The-Omni-Compass/The-Omni-Compass/out/ycsb-f/rep-3/omni/notch-15.raw
Raw data measurement: will output to result file: /home/runner/work/The-Omni-Compass/The-Omni-Compass/out/ycsb-f/rep-3/omni/notch-15.raw
Raw data measurement: will output to result file: /home/runner/work/The-Omni-Compass/The-Omni-Compass/out/ycsb-f/rep-3/omni/notch-15.raw
[OVERALL], RunTime(ms), 20002
[OVERALL], Throughput(ops/sec), 2968.5531446855316
[TOTAL_GCS_G1_Young_Generation], Count, 15
[TOTAL_GC_TIME_G1_Young_Generation], Time(ms), 50
[TOTAL_GC_TIME_%_G1_Young_Generation], Time(%), 0.24997500249975005
[TOTAL_GCS_G1_Old_Generation], Count, 0
[TOTAL_GC_TIME_G1_Old_Generation], Time(ms), 0
[TOTAL_GC_TIME_%_G1_Old_Generation], Time(%), 0.0
[TOTAL_GCs], Count, 15
[TOTAL_GC_TIME], Time(ms), 50
[TOTAL_GC_TIME_%], Time(%), 0.24997500249975005
[READ], Total Operations, 59377
[READ], Below is a summary of latency in microseconds:, -1
[READ], Average, 73.52693803998181
[READ], Min, 43
[READ], Max, 29617
[READ], p1, 45
[READ], p5, 47
[READ], p50, 60
[READ], p90, 94
[READ], p95, 114
[READ], p99, 244
[READ], p99.9, 1439
[READ], p99.99, 4644
[READ], Return=OK, 59377
[READ-MODIFY-WRITE], Total Operations, 29890
[READ-MODIFY-WRITE], Below is a summary of latency in microseconds:, -1
[READ-MODIFY-WRITE], Average, 156.16540649046505
[READ-MODIFY-WRITE], Min, 99
[READ-MODIFY-WRITE], Max, 13303
[READ-MODIFY-WRITE], p1, 105
[READ-MODIFY-WRITE], p5, 107
[READ-MODIFY-WRITE], p50, 126
[READ-MODIFY-WRITE], p90, 202
[READ-MODIFY-WRITE], p95, 247
[READ-MODIFY-WRITE], p99, 506
[READ-MODIFY-WRITE], p99.9, 2322
[READ-MODIFY-WRITE], p99.99, 6961
[CLEANUP], Total Operations, 1
[CLEANUP], Below is a summary of latency in microseconds:, -1
[CLEANUP], Average, 1109.0
[CLEANUP], Min, 1109
[CLEANUP], Max, 1109
[CLEANUP], p1, 1109
[CLEANUP], p5, 1109
[CLEANUP], p50, 1109
[CLEANUP], p90, 1109
[CLEANUP], p95, 1109
[CLEANUP], p99, 1109
[CLEANUP], p99.9, 1109
[CLEANUP], p99.99, 1109
[UPDATE], Total Operations, 29890
[UPDATE], Below is a summary of latency in microseconds:, -1
[UPDATE], Average, 81.62987621278019
[UPDATE], Min, 52
[UPDATE], Max, 7853
[UPDATE], p1, 57
[UPDATE], p5, 58
[UPDATE], p50, 65
[UPDATE], p90, 106
[UPDATE], p95, 130
[UPDATE], p99, 248
[UPDATE], p99.9, 814
[UPDATE], p99.99, 4863
[UPDATE], Return=OK, 29890

Command line: -t -db site.ycsb.db.MongoDbClient -s -P /home/runner/ycsb-mongodb-binding-0.17.0/workloads/workloadf -p mongodb.url=mongodb://127.0.0.1:27017/ycsb?w=1 -p measurementtype=raw -p measurement.raw.output_file=/home/runner/work/The-Omni-Compass/The-Omni-Compass/out/ycsb-f/rep-3/omni/notch-15.raw -p recordcount=250000 -p operationcount=1000000000 -p maxexecutiontime=20 -p target=3000 -p threads=32 -p insertstart=0 -p insertorder=ordered -p requestdistribution=uniform -p seed=100314
YCSB Client 0.17.0

Loading workload...
Starting test.
Maximum execution time specified as: 20 secs
2026-10-08 05:44:05:070 0 sec: 0 operations; est completion in 0 second 
DBWrapper: report latency for each error is false and specific error codes to track for latency are: []
2026-10-08 05:44:15:050 10 sec: 29376 operations; 2937.31 current ops/sec; est completion in 3 days 22 hours READ count: 29378, average latency(us): 80.47 READ-MODIFY-WRITE count: 14754, average latency(us): 170.34 UPDATE count: 14754, average latency(us): 88.98 
Maximum time elapsed. Requesting stop for the workload.
Stop requested for workload. Now Joining!
2026-10-08 05:44:25:050 20 sec: 59376 operations; 3000 current ops/sec; est completion in 3 days 21 hours READ count: 29999, average latency(us): 66.73 READ-MODIFY-WRITE count: 15136, average latency(us): 142.35 UPDATE count: 15136, average latency(us): 74.47 
2026-10-08 05:44:25:052 20 sec: 59377 operations; 1000 current ops/sec; est completion in 3 days 21 hours   CLEANUP count: 1, average latency(us): 1109.00  
