sysbench 1.0.20 (using system LuaJIT 2.1.0-beta3)

Running the test with following options:
Number of threads: 32
Target transaction rate: 1000/sec
Initializing random number generator from current time


Initializing worker threads...

Threads started!

Latency histogram (values are in milliseconds)
       value  ------------- distribution ------------- count
       0.556 |                                         2
       0.566 |*                                        11
       0.576 |                                         5
       0.587 |*                                        12
       0.597 |*                                        12
       0.608 |**                                       36
       0.619 |***                                      48
       0.630 |****                                     68
       0.642 |*****                                    89
       0.654 |******                                   106
       0.665 |********                                 140
       0.677 |*******                                  128
       0.690 |**********                               176
       0.702 |*********                                173
       0.715 |************                             225
       0.728 |****************                         296
       0.741 |******************                       337
       0.755 |***********************                  417
       0.768 |***************************              489
       0.782 |****************************             515
       0.797 |********************************         590
       0.811 |**********************************       615
       0.826 |************************************     662
       0.841 |***********************************      641
       0.856 |************************************     663
       0.872 |************************************     656
       0.888 |**************************************** 729
       0.904 |**************************************   689
       0.920 |*************************************    674
       0.937 |************************************     665
       0.954 |**********************************       620
       0.971 |********************************         590
       0.989 |*******************************          572
       1.007 |********************************         575
       1.025 |*****************************            522
       1.044 |****************************             515
       1.063 |**************************               475
       1.082 |************************                 440
       1.102 |**********************                   398
       1.122 |**********************                   408
       1.142 |*********************                    375
       1.163 |*******************                      350
       1.184 |*****************                        314
       1.205 |****************                         283
       1.227 |***************                          281
       1.250 |***************                          276
       1.272 |**************                           248
       1.295 |************                             226
       1.319 |************                             215
       1.343 |***********                              198
       1.367 |*********                                158
       1.392 |********                                 138
       1.417 |********                                 144
       1.443 |*******                                  126
       1.469 |*******                                  127
       1.496 |******                                   101
       1.523 |*****                                    100
       1.551 |*****                                    88
       1.579 |****                                     77
       1.608 |*****                                    91
       1.637 |***                                      63
       1.667 |****                                     70
       1.697 |***                                      58
       1.728 |**                                       39
       1.759 |***                                      47
       1.791 |**                                       34
       1.824 |***                                      54
       1.857 |**                                       34
       1.891 |**                                       29
       1.925 |**                                       36
       1.960 |**                                       33
       1.996 |*                                        23
       2.032 |*                                        20
       2.069 |*                                        20
       2.106 |**                                       31
       2.145 |*                                        20
       2.184 |*                                        11
       2.223 |*                                        20
       2.264 |*                                        16
       2.305 |*                                        10
       2.347 |*                                        18
       2.389 |*                                        11
       2.433 |                                         8
       2.477 |*                                        11
       2.522 |*                                        13
       2.568 |*                                        14
       2.615 |*                                        21
       2.662 |*                                        14
       2.710 |*                                        11
       2.760 |*                                        19
       2.810 |*                                        11
       2.861 |*                                        16
       2.913 |                                         7
       2.966 |                                         4
       3.020 |*                                        16
       3.075 |*                                        19
       3.130 |*                                        17
       3.187 |*                                        13
       3.245 |*                                        15
       3.304 |*                                        16
       3.364 |*                                        16
       3.425 |*                                        20
       3.488 |*                                        14
       3.551 |*                                        22
       3.615 |*                                        17
       3.681 |*                                        16
       3.748 |*                                        10
       3.816 |*                                        22
       3.885 |*                                        12
       3.956 |*                                        18
       4.028 |                                         8
       4.101 |*                                        14
       4.176 |                                         2
       4.252 |*                                        19
       4.329 |*                                        10
       4.407 |                                         7
       4.487 |                                         6
       4.569 |                                         1
       4.652 |                                         9
       4.737 |                                         8
       4.823 |                                         8
       4.910 |                                         5
       4.999 |*                                        11
       5.090 |                                         6
       5.183 |                                         4
       5.277 |                                         3
       5.373 |                                         4
       5.470 |                                         4
       5.570 |                                         5
       5.671 |                                         2
       5.774 |                                         3
       5.879 |                                         1
       5.986 |                                         2
       6.205 |                                         2
       6.318 |                                         2
       6.433 |                                         1
       6.550 |                                         2
       6.790 |                                         1
       6.913 |                                         1
       7.039 |                                         1
       7.167 |                                         3
       7.297 |                                         3
       7.430 |                                         2
       7.565 |                                         4
       7.702 |                                         2
       7.842 |                                         4
       7.985 |                                         1
       8.277 |                                         1
       8.428 |                                         2
       8.581 |                                         2
       8.737 |                                         1
       8.895 |                                         1
       9.222 |                                         2
       9.389 |                                         1
       9.560 |                                         1
       9.734 |                                         1
       9.910 |                                         3
      10.090 |                                         2
      10.274 |                                         3
      10.460 |                                         2
      10.651 |                                         2
      11.041 |                                         2
      11.446 |                                         1
      11.866 |                                         1
      12.081 |                                         1
      12.301 |                                         2
      13.704 |                                         1
      15.268 |                                         1
      15.828 |                                         1
      16.706 |                                         1
      17.319 |                                         1
      17.633 |                                         1
 
SQL statistics:
    queries performed:
        read:                            0
        write:                           20217
        other:                           0
        total:                           20217
    transactions:                        20217  (1010.06 per sec.)
    queries:                             20217  (1010.06 per sec.)
    ignored errors:                      0      (0.00 per sec.)
    reconnects:                          0      (0.00 per sec.)

General statistics:
    total time:                          20.0152s
    total number of events:              20217

Latency (ms):
         min:                                    0.55
         avg:                                    1.11
         max:                                   17.54
         95th percentile:                        1.79
         sum:                                22344.05

Threads fairness:
    events (avg/stddev):           631.7812/5.76
    execution time (avg/stddev):   0.6983/0.02


