2835:C 07 Oct 2026 23:51:30.389 # oO0OoO0OoO0Oo Redis is starting oO0OoO0OoO0Oo
2835:C 07 Oct 2026 23:51:30.389 # Redis version=7.0.15, bits=64, commit=00000000, modified=0, pid=2835, just started
2835:C 07 Oct 2026 23:51:30.390 # Configuration loaded
2835:M 07 Oct 2026 23:51:30.390 * monotonic clock: POSIX clock_gettime
2835:M 07 Oct 2026 23:51:30.390 * Running mode=standalone, port=6390.
2835:M 07 Oct 2026 23:51:30.390 # Server initialized
2835:M 07 Oct 2026 23:51:30.390 # WARNING Memory overcommit must be enabled! Without it, a background save or replication may fail under low memory condition. Being disabled, it can can also cause failures without low memory condition, see https://github.com/jemalloc/jemalloc/issues/1328. To fix this issue add 'vm.overcommit_memory = 1' to /etc/sysctl.conf and then reboot or run the command 'sysctl vm.overcommit_memory=1' for this to take effect.
2835:M 07 Oct 2026 23:51:30.391 * Ready to accept connections
2835:M 07 Oct 2026 23:56:36.954 # WARNING: the new maxmemory value set via CONFIG SET (25165824) is smaller than the current memory usage (27550112). This will result in key eviction and/or the inability to accept new write commands depending on the maxmemory-policy.
2835:M 07 Oct 2026 23:57:44.963 # WARNING: the new maxmemory value set via CONFIG SET (109051904) is smaller than the current memory usage (110106000). This will result in key eviction and/or the inability to accept new write commands depending on the maxmemory-policy.
2835:M 08 Oct 2026 00:00:10.003 # WARNING: the new maxmemory value set via CONFIG SET (335544320) is smaller than the current memory usage (342164160). This will result in key eviction and/or the inability to accept new write commands depending on the maxmemory-policy.
2835:M 08 Oct 2026 00:00:24.004 # WARNING: the new maxmemory value set via CONFIG SET (335544320) is smaller than the current memory usage (340376640). This will result in key eviction and/or the inability to accept new write commands depending on the maxmemory-policy.
2835:M 08 Oct 2026 00:00:56.006 # WARNING: the new maxmemory value set via CONFIG SET (343932928) is smaller than the current memory usage (348630144). This will result in key eviction and/or the inability to accept new write commands depending on the maxmemory-policy.
2835:M 08 Oct 2026 00:00:58.007 # WARNING: the new maxmemory value set via CONFIG SET (335544320) is smaller than the current memory usage (343244456). This will result in key eviction and/or the inability to accept new write commands depending on the maxmemory-policy.
2835:M 08 Oct 2026 00:01:33.009 # WARNING: the new maxmemory value set via CONFIG SET (67108864) is smaller than the current memory usage (335498552). This will result in key eviction and/or the inability to accept new write commands depending on the maxmemory-policy.
2835:M 08 Oct 2026 00:01:38.832 # WARNING: the new maxmemory value set via CONFIG SET (25165824) is smaller than the current memory usage (27505248). This will result in key eviction and/or the inability to accept new write commands depending on the maxmemory-policy.
2835:M 08 Oct 2026 00:02:48.843 # WARNING: the new maxmemory value set via CONFIG SET (109051904) is smaller than the current memory usage (110457128). This will result in key eviction and/or the inability to accept new write commands depending on the maxmemory-policy.
2835:M 08 Oct 2026 00:05:09.867 # WARNING: the new maxmemory value set via CONFIG SET (335544320) is smaller than the current memory usage (342281264). This will result in key eviction and/or the inability to accept new write commands depending on the maxmemory-policy.
2835:M 08 Oct 2026 00:05:25.868 # WARNING: the new maxmemory value set via CONFIG SET (335544320) is smaller than the current memory usage (340654456). This will result in key eviction and/or the inability to accept new write commands depending on the maxmemory-policy.
2835:M 08 Oct 2026 00:05:56.870 # WARNING: the new maxmemory value set via CONFIG SET (343932928) is smaller than the current memory usage (348534760). This will result in key eviction and/or the inability to accept new write commands depending on the maxmemory-policy.
2835:M 08 Oct 2026 00:05:59.871 # WARNING: the new maxmemory value set via CONFIG SET (335544320) is smaller than the current memory usage (343286560). This will result in key eviction and/or the inability to accept new write commands depending on the maxmemory-policy.
2835:M 08 Oct 2026 00:06:34.872 # WARNING: the new maxmemory value set via CONFIG SET (67108864) is smaller than the current memory usage (335541880). This will result in key eviction and/or the inability to accept new write commands depending on the maxmemory-policy.
2835:M 08 Oct 2026 00:16:41.672 # WARNING: the new maxmemory value set via CONFIG SET (25165824) is smaller than the current memory usage (27527784). This will result in key eviction and/or the inability to accept new write commands depending on the maxmemory-policy.
2835:M 08 Oct 2026 00:17:50.684 # WARNING: the new maxmemory value set via CONFIG SET (109051904) is smaller than the current memory usage (109885120). This will result in key eviction and/or the inability to accept new write commands depending on the maxmemory-policy.
2835:M 08 Oct 2026 00:20:06.709 # WARNING: the new maxmemory value set via CONFIG SET (335544320) is smaller than the current memory usage (339447064). This will result in key eviction and/or the inability to accept new write commands depending on the maxmemory-policy.
2835:M 08 Oct 2026 00:20:30.710 # WARNING: the new maxmemory value set via CONFIG SET (335544320) is smaller than the current memory usage (340827936). This will result in key eviction and/or the inability to accept new write commands depending on the maxmemory-policy.
2835:M 08 Oct 2026 00:20:59.713 # WARNING: the new maxmemory value set via CONFIG SET (343932928) is smaller than the current memory usage (348455760). This will result in key eviction and/or the inability to accept new write commands depending on the maxmemory-policy.
2835:M 08 Oct 2026 00:21:02.714 # WARNING: the new maxmemory value set via CONFIG SET (335544320) is smaller than the current memory usage (343414016). This will result in key eviction and/or the inability to accept new write commands depending on the maxmemory-policy.
2835:M 08 Oct 2026 00:21:38.715 # WARNING: the new maxmemory value set via CONFIG SET (67108864) is smaller than the current memory usage (335514520). This will result in key eviction and/or the inability to accept new write commands depending on the maxmemory-policy.
