sysbench 1.0.20 (using system LuaJIT 2.1.0-beta3)

Running the test with following options:
Number of threads: 32
Target transaction rate: 3000/sec
Initializing random number generator from current time


Initializing worker threads...

Threads started!

Latency histogram (values are in milliseconds)
       value  ------------- distribution ------------- count
       0.120 |                                         2
       0.122 |                                         1
       0.125 |                                         2
       0.127 |                                         11
       0.129 |                                         20
       0.132 |                                         33
       0.134 |                                         46
       0.136 |*                                        76
       0.139 |**                                       218
       0.141 |***                                      399
       0.144 |*****                                    686
       0.147 |*******                                  1016
       0.149 |*********                                1309
       0.152 |************                             1622
       0.155 |*************                            1841
       0.158 |****************                         2197
       0.160 |******************                       2478
       0.163 |*******************                      2683
       0.166 |*******************                      2599
       0.169 |******************                       2519
       0.172 |*******************                      2724
       0.176 |***********************                  3156
       0.179 |******************************           4125
       0.182 |************************************     5038
       0.185 |**************************************** 5532
       0.189 |**************************************** 5591
       0.192 |*************************************    5205
       0.196 |************************************     5021
       0.199 |*********************************        4658
       0.203 |****************************             3980
       0.206 |*************************                3426
       0.210 |*********************                    2915
       0.214 |******************                       2573
       0.218 |****************                         2273
       0.222 |*************                            1847
       0.226 |************                             1658
       0.230 |**********                               1367
       0.234 |********                                 1073
       0.238 |******                                   889
       0.243 |*****                                    706
       0.247 |*****                                    658
       0.252 |****                                     555
       0.256 |***                                      431
       0.261 |***                                      368
       0.266 |**                                       338
       0.270 |**                                       304
       0.275 |**                                       262
       0.280 |**                                       234
       0.285 |**                                       210
       0.291 |**                                       222
       0.296 |*                                        180
       0.301 |**                                       219
       0.307 |*                                        188
       0.312 |*                                        188
       0.318 |*                                        205
       0.324 |*                                        198
       0.330 |*                                        198
       0.336 |*                                        178
       0.342 |*                                        160
       0.348 |*                                        131
       0.354 |*                                        123
       0.361 |*                                        90
       0.367 |*                                        72
       0.374 |*                                        73
       0.381 |                                         44
       0.388 |                                         35
       0.395 |                                         28
       0.402 |                                         27
       0.409 |                                         12
       0.417 |                                         19
       0.424 |                                         15
       0.432 |                                         8
       0.440 |                                         15
       0.448 |                                         9
       0.456 |                                         11
       0.464 |                                         6
       0.473 |                                         6
       0.481 |                                         7
       0.490 |                                         6
       0.499 |                                         5
       0.508 |                                         9
       0.517 |                                         6
       0.527 |                                         4
       0.536 |                                         5
       0.546 |                                         2
       0.556 |                                         6
       0.566 |                                         4
       0.576 |                                         2
       0.587 |                                         1
       0.597 |                                         3
       0.608 |                                         1
       0.619 |                                         1
       0.630 |                                         1
       0.642 |                                         1
       0.654 |                                         1
       0.665 |                                         1
       0.690 |                                         1
       0.702 |                                         1
       0.715 |                                         1
       0.768 |                                         2
       0.782 |                                         1
       0.797 |                                         1
       0.811 |                                         1
       0.841 |                                         1
       0.872 |                                         1
       0.920 |                                         1
       0.937 |                                         1
       0.971 |                                         1
       0.989 |                                         1
       1.025 |                                         2
       1.044 |                                         1
       1.082 |                                         1
       1.102 |                                         1
       1.142 |                                         1
       1.184 |                                         1
       1.227 |                                         1
       1.367 |                                         1
       1.417 |                                         1
       1.443 |                                         1
       1.469 |                                         2
       1.608 |                                         1
       1.824 |                                         1
       1.857 |                                         1
       1.996 |                                         1
       2.145 |                                         1
       6.433 |                                         2
 
SQL statistics:
    queries performed:
        read:                            89635
        write:                           0
        other:                           0
        total:                           89635
    transactions:                        89635  (2986.23 per sec.)
    queries:                             89635  (2986.23 per sec.)
    ignored errors:                      0      (0.00 per sec.)
    reconnects:                          0      (0.00 per sec.)

General statistics:
    total time:                          30.0157s
    total number of events:              89635

Latency (ms):
         min:                                    0.12
         avg:                                    0.20
         max:                                    6.48
         95th percentile:                        0.26
         sum:                                17544.10

Threads fairness:
    events (avg/stddev):           2801.0938/17.75
    execution time (avg/stddev):   0.5483/0.00


