sysbench 1.0.20 (using system LuaJIT 2.1.0-beta3)

Running the test with following options:
Number of threads: 32
Target transaction rate: 3000/sec
Initializing random number generator from current time


Initializing worker threads...

Threads started!

Latency histogram (values are in milliseconds)
       value  ------------- distribution ------------- count
       0.108 |                                         1
       0.118 |                                         1
       0.120 |                                         4
       0.122 |                                         1
       0.125 |                                         12
       0.127 |                                         21
       0.129 |                                         28
       0.132 |                                         47
       0.134 |*                                        126
       0.136 |**                                       230
       0.139 |***                                      458
       0.141 |*****                                    830
       0.144 |*******                                  1128
       0.147 |**********                               1553
       0.149 |***********                              1726
       0.152 |**************                           2140
       0.155 |****************                         2353
       0.158 |*****************                        2594
       0.160 |*******************                      2830
       0.163 |*****************                        2596
       0.166 |***************                          2322
       0.169 |****************                         2366
       0.172 |*****************                        2626
       0.176 |*************************                3761
       0.179 |*********************************        5038
       0.182 |***************************************  5860
       0.185 |**************************************** 6071
       0.189 |**********************************       5233
       0.192 |*****************************            4406
       0.196 |************************                 3668
       0.199 |********************                     2981
       0.203 |****************                         2466
       0.206 |**************                           2124
       0.210 |************                             1816
       0.214 |**********                               1509
       0.218 |********                                 1280
       0.222 |*******                                  1006
       0.226 |******                                   879
       0.230 |*****                                    715
       0.234 |****                                     627
       0.238 |***                                      513
       0.243 |***                                      449
       0.247 |**                                       329
       0.252 |**                                       307
       0.256 |**                                       289
       0.261 |**                                       250
       0.266 |*                                        213
       0.270 |*                                        193
       0.275 |*                                        172
       0.280 |*                                        182
       0.285 |*                                        140
       0.291 |*                                        160
       0.296 |*                                        180
       0.301 |*                                        177
       0.307 |*                                        157
       0.312 |*                                        153
       0.318 |*                                        166
       0.324 |*                                        185
       0.330 |*                                        181
       0.336 |*                                        183
       0.342 |**                                       254
       0.348 |**                                       323
       0.354 |***                                      382
       0.361 |***                                      410
       0.367 |***                                      499
       0.374 |***                                      527
       0.381 |****                                     542
       0.388 |****                                     648
       0.395 |*****                                    696
       0.402 |****                                     648
       0.409 |****                                     665
       0.417 |****                                     591
       0.424 |***                                      520
       0.432 |***                                      423
       0.440 |***                                      388
       0.448 |**                                       288
       0.456 |**                                       241
       0.464 |*                                        203
       0.473 |*                                        158
       0.481 |*                                        129
       0.490 |*                                        113
       0.499 |*                                        96
       0.508 |*                                        88
       0.517 |                                         70
       0.527 |                                         47
       0.536 |                                         60
       0.546 |                                         35
       0.556 |                                         41
       0.566 |                                         35
       0.576 |                                         37
       0.587 |                                         25
       0.597 |                                         25
       0.608 |                                         30
       0.619 |                                         35
       0.630 |                                         25
       0.642 |                                         15
       0.654 |                                         20
       0.665 |                                         8
       0.677 |                                         11
       0.690 |                                         9
       0.702 |                                         11
       0.715 |                                         8
       0.728 |                                         3
       0.741 |                                         3
       0.755 |                                         4
       0.768 |                                         4
       0.782 |                                         6
       0.797 |                                         3
       0.811 |                                         3
       0.826 |                                         4
       0.841 |                                         2
       0.856 |                                         3
       0.888 |                                         2
       0.904 |                                         4
       0.920 |                                         1
       0.937 |                                         5
       0.954 |                                         1
       0.971 |                                         5
       0.989 |                                         3
       1.007 |                                         3
       1.025 |                                         3
       1.044 |                                         3
       1.063 |                                         3
       1.082 |                                         1
       1.102 |                                         3
       1.122 |                                         3
       1.142 |                                         5
       1.163 |                                         3
       1.184 |                                         3
       1.205 |                                         3
       1.227 |                                         2
       1.250 |                                         3
       1.272 |                                         4
       1.295 |                                         1
       1.319 |                                         1
       1.343 |                                         3
       1.367 |                                         2
       1.392 |                                         2
       1.417 |                                         3
       1.469 |                                         3
       1.496 |                                         3
       1.551 |                                         3
       1.608 |                                         3
       1.637 |                                         2
       1.667 |                                         1
       1.697 |                                         4
       1.728 |                                         2
       1.759 |                                         3
       1.791 |                                         2
       1.824 |                                         1
       1.857 |                                         6
       1.891 |                                         4
       1.925 |                                         4
       2.032 |                                         2
       2.069 |                                         2
       2.106 |                                         2
       2.145 |                                         4
       2.223 |                                         1
       2.264 |                                         4
       2.305 |                                         1
       2.477 |                                         2
       2.522 |                                         1
       2.615 |                                         2
       2.662 |                                         1
       2.760 |                                         1
       2.861 |                                         1
       2.913 |                                         1
       2.966 |                                         1
       3.187 |                                         1
       3.304 |                                         2
       3.551 |                                         1
       3.615 |                                         1
       3.748 |                                         1
       3.885 |                                         1
       3.956 |                                         1
       4.101 |                                         1
       4.329 |                                         1
       4.487 |                                         1
       4.569 |                                         3
       4.737 |                                         1
       5.090 |                                         1
       5.183 |                                         1
       5.277 |                                         1
       5.373 |                                         2
       5.470 |                                         1
       5.570 |                                         2
       5.774 |                                         1
       5.879 |                                         1
       6.550 |                                         1
       6.913 |                                         1
       7.039 |                                         1
       7.430 |                                         2
       7.565 |                                         2
       7.842 |                                         1
       8.428 |                                         1
       8.737 |                                         1
       9.222 |                                         1
       9.389 |                                         1
       9.560 |                                         2
       9.734 |                                         1
       9.910 |                                         1
      10.090 |                                         3
      10.274 |                                         1
      10.460 |                                         1
      10.844 |                                         1
      11.446 |                                         2
      12.081 |                                         1
      12.301 |                                         4
      12.524 |                                         1
 
SQL statistics:
    queries performed:
        read:                            89623
        write:                           0
        other:                           0
        total:                           89623
    transactions:                        89623  (2985.64 per sec.)
    queries:                             89623  (2985.64 per sec.)
    ignored errors:                      0      (0.00 per sec.)
    reconnects:                          0      (0.00 per sec.)

General statistics:
    total time:                          30.0176s
    total number of events:              89623

Latency (ms):
         min:                                    0.11
         avg:                                    0.22
         max:                                   12.61
         95th percentile:                        0.41
         sum:                                19449.75

Threads fairness:
    events (avg/stddev):           2800.7188/21.27
    execution time (avg/stddev):   0.6078/0.01


