sysbench 1.0.20 (using system LuaJIT 2.1.0-beta3)

Running the test with following options:
Number of threads: 32
Target transaction rate: 300/sec
Initializing random number generator from current time


Initializing worker threads...

Threads started!

Latency histogram (values are in milliseconds)
       value  ------------- distribution ------------- count
       0.872 |*                                        3
       0.888 |*                                        4
       0.904 |****                                     12
       0.920 |******                                   19
       0.937 |*************                            37
       0.954 |***********                              31
       0.971 |*******                                  21
       0.989 |******                                   18
       1.007 |*****                                    14
       1.025 |******                                   18
       1.044 |*********                                25
       1.063 |***********                              31
       1.082 |*************                            38
       1.102 |*************************                74
       1.122 |*************************                73
       1.142 |***************                          43
       1.163 |**************                           42
       1.184 |************                             34
       1.205 |**********                               30
       1.227 |*************************                74
       1.250 |**********************************       98
       1.272 |***************************              79
       1.295 |********************************         94
       1.319 |*******************************          91
       1.343 |***********************                  67
       1.367 |***************************              79
       1.392 |************************                 71
       1.417 |*********************************        96
       1.443 |**************************************   112
       1.469 |**********************************       98
       1.496 |**************************               76
       1.523 |****************************             82
       1.551 |***************************              80
       1.579 |**********************************       100
       1.608 |**************************************** 117
       1.637 |********************************         93
       1.667 |***************************              80
       1.697 |********************************         95
       1.728 |**********************************       98
       1.759 |*****************************            85
       1.791 |******************************           89
       1.824 |*******************************          90
       1.857 |****************************             81
       1.891 |***********************************      102
       1.925 |********************************         94
       1.960 |*****************************            84
       1.996 |******************************           89
       2.032 |*************************                73
       2.069 |****************************             81
       2.106 |******************************           88
       2.145 |*****************************            85
       2.184 |******************************           87
       2.223 |********************************         94
       2.264 |***************************              79
       2.305 |***************************              80
       2.347 |***********************                  66
       2.389 |************************                 70
       2.433 |************************                 70
       2.477 |**********************                   65
       2.522 |*************************                74
       2.568 |***********************                  68
       2.615 |********************                     59
       2.662 |*************************                74
       2.710 |*******************                      55
       2.760 |***********************                  68
       2.810 |***************************              80
       2.861 |************************                 69
       2.913 |**********************                   64
       2.966 |****************                         47
       3.020 |***********************                  66
       3.075 |**********************                   63
       3.130 |****************                         48
       3.187 |*******************                      55
       3.245 |********************                     58
       3.304 |******************                       53
       3.364 |*********************                    62
       3.425 |******************                       54
       3.488 |***********************                  68
       3.551 |*********************                    60
       3.615 |*******************                      55
       3.681 |*********************                    60
       3.748 |*********************                    61
       3.816 |*******************                      55
       3.885 |******************                       54
       3.956 |******************                       53
       4.028 |*****************                        49
       4.101 |*********************                    62
       4.176 |*****************                        50
       4.252 |***************                          43
       4.329 |************                             35
       4.407 |***********                              33
       4.487 |******                                   17
       4.569 |*******                                  20
       4.652 |****                                     13
       4.737 |****                                     12
       4.823 |***                                      8
       4.910 |*                                        4
       4.999 |*                                        3
       5.090 |                                         1
       5.183 |*                                        3
       5.277 |                                         1
       5.373 |                                         1
       5.570 |                                         1
       5.774 |                                         1
       5.986 |                                         1
       6.095 |                                         1
       6.913 |                                         1
       9.222 |                                         1
      12.752 |                                         1
 
SQL statistics:
    queries performed:
        read:                            83216
        write:                           0
        other:                           11888
        total:                           95104
    transactions:                        5944   (296.80 per sec.)
    queries:                             95104  (4748.87 per sec.)
    ignored errors:                      0      (0.00 per sec.)
    reconnects:                          0      (0.00 per sec.)

General statistics:
    total time:                          20.0258s
    total number of events:              5944

Latency (ms):
         min:                                    0.87
         avg:                                    2.23
         max:                                   12.81
         95th percentile:                        4.10
         sum:                                13247.60

Threads fairness:
    events (avg/stddev):           185.7500/1.00
    execution time (avg/stddev):   0.4140/0.01


