sysbench 1.0.20 (using system LuaJIT 2.1.0-beta3)

Running the test with following options:
Number of threads: 32
Target transaction rate: 300/sec
Initializing random number generator from current time


Initializing worker threads...

Threads started!

Latency histogram (values are in milliseconds)
       value  ------------- distribution ------------- count
       0.782 |                                         1
       0.797 |*                                        12
       0.811 |**                                       31
       0.826 |******                                   92
       0.841 |***************                          217
       0.856 |*************************                371
       0.872 |**********************************       513
       0.888 |*********************************        487
       0.904 |**********************                   335
       0.920 |***************                          218
       0.937 |*************                            187
       0.954 |*************                            192
       0.971 |*************************                367
       0.989 |***************************************  582
       1.007 |**************************************** 597
       1.025 |**************************               383
       1.044 |*****************                        249
       1.063 |*************                            188
       1.082 |***********                              158
       1.102 |*********                                138
       1.122 |**********                               152
       1.142 |********                                 121
       1.163 |*******                                  109
       1.184 |****                                     65
       1.205 |****                                     57
       1.227 |***                                      38
       1.250 |*                                        22
       1.272 |*                                        13
       1.295 |*                                        17
       1.319 |                                         7
       1.343 |*                                        8
       1.367 |                                         6
       1.392 |                                         4
       1.417 |                                         1
       1.443 |                                         3
       1.469 |                                         2
       1.496 |                                         1
       1.551 |                                         1
       1.667 |                                         1
       1.697 |                                         1
       1.728 |                                         2
       1.759 |                                         2
       1.925 |                                         1
       1.996 |                                         2
       2.184 |                                         1
       2.522 |                                         1
       2.568 |                                         1
       2.966 |                                         2
       3.020 |                                         1
       3.075 |                                         2
       3.187 |                                         2
       3.245 |                                         1
       3.364 |                                         2
       3.425 |                                         1
       3.885 |                                         2
       4.487 |                                         1
       4.652 |                                         1
       4.999 |                                         1
       5.570 |                                         1
       5.774 |                                         1
       6.433 |                                         1
       6.669 |                                         1
       7.297 |                                         1
 
SQL statistics:
    queries performed:
        read:                            83692
        write:                           0
        other:                           11956
        total:                           95648
    transactions:                        5978   (298.66 per sec.)
    queries:                             95648  (4778.58 per sec.)
    ignored errors:                      0      (0.00 per sec.)
    reconnects:                          0      (0.00 per sec.)

General statistics:
    total time:                          20.0154s
    total number of events:              5978

Latency (ms):
         min:                                    0.79
         avg:                                    0.99
         max:                                    7.36
         95th percentile:                        1.16
         sum:                                 5912.56

Threads fairness:
    events (avg/stddev):           186.8125/0.85
    execution time (avg/stddev):   0.1848/0.00


