sysbench 1.0.20 (using system LuaJIT 2.1.0-beta3)

Running the test with following options:
Number of threads: 32
Target transaction rate: 200/sec
Initializing random number generator from current time


Initializing worker threads...

Threads started!

Latency histogram (values are in milliseconds)
       value  ------------- distribution ------------- count
       3.615 |                                         1
       3.681 |*                                        4
       3.748 |**                                       7
       3.816 |******                                   21
       3.885 |********                                 28
       3.956 |***********                              38
       4.028 |**********                               36
       4.101 |***************                          51
       4.176 |*************                            45
       4.252 |***************                          52
       4.329 |********************                     71
       4.407 |********************                     71
       4.487 |*********************                    74
       4.569 |******************************           103
       4.652 |***********************************      121
       4.737 |***********************************      122
       4.823 |***************************************  134
       4.910 |*************************************    129
       4.999 |**************************************** 138
       5.090 |*************************************    130
       5.183 |***********************************      122
       5.277 |***********************************      121
       5.373 |**************************************** 139
       5.470 |***********************************      120
       5.570 |*******************************          109
       5.671 |******************************           104
       5.774 |*******************************          109
       5.879 |****************************             96
       5.986 |**************************               92
       6.095 |**************************               89
       6.205 |*******************                      67
       6.318 |**********************                   75
       6.433 |***********************                  80
       6.550 |*******************                      66
       6.669 |******************                       62
       6.790 |****************                         55
       6.913 |***************                          52
       7.039 |*************                            44
       7.167 |**********                               35
       7.297 |*********                                33
       7.430 |**********                               35
       7.565 |********                                 27
       7.702 |*********                                30
       7.842 |**********                               36
       7.985 |*******                                  25
       8.130 |*********                                30
       8.277 |**********                               36
       8.428 |*******                                  25
       8.581 |*******                                  26
       8.737 |*****                                    19
       8.895 |******                                   22
       9.057 |*******                                  26
       9.222 |****                                     13
       9.389 |*****                                    16
       9.560 |******                                   21
       9.734 |*****                                    18
       9.910 |*******                                  23
      10.090 |******                                   22
      10.274 |****                                     14
      10.460 |****                                     15
      10.651 |****                                     15
      10.844 |****                                     15
      11.041 |********                                 28
      11.242 |****                                     15
      11.446 |********                                 29
      11.654 |*****                                    17
      11.866 |******                                   20
      12.081 |****                                     13
      12.301 |*******                                  23
      12.524 |*****                                    17
      12.752 |****                                     15
      12.984 |**                                       8
      13.219 |****                                     15
      13.460 |*****                                    16
      13.704 |*****                                    19
      13.953 |**                                       7
      14.207 |*****                                    18
      14.465 |***                                      9
      14.728 |****                                     15
      14.995 |**                                       7
      15.268 |**                                       8
      15.545 |***                                      9
      15.828 |*                                        5
      16.115 |*                                        5
      16.408 |*                                        5
      16.706 |*                                        2
      17.010 |**                                       7
      17.319 |*                                        3
      17.954 |*                                        3
      18.280 |                                         1
      18.612 |*                                        2
      18.950 |*                                        3
      19.295 |                                         1
      19.645 |                                         1
      20.002 |                                         1
      20.366 |                                         1
      20.736 |*                                        2
      21.112 |                                         1
      21.496 |                                         1
      21.886 |                                         1
      23.521 |                                         1
      23.948 |*                                        2
      26.681 |                                         1
 
SQL statistics:
    queries performed:
        read:                            54768
        write:                           15648
        other:                           7824
        total:                           78240
    transactions:                        3912   (195.23 per sec.)
    queries:                             78240  (3904.56 per sec.)
    ignored errors:                      0      (0.00 per sec.)
    reconnects:                          0      (0.00 per sec.)

General statistics:
    total time:                          20.0377s
    total number of events:              3912

Latency (ms):
         min:                                    3.59
         avg:                                    6.54
         max:                                   26.46
         95th percentile:                       12.52
         sum:                                25585.05

Threads fairness:
    events (avg/stddev):           122.2500/0.87
    execution time (avg/stddev):   0.7995/0.02


