sysbench 1.0.20 (using system LuaJIT 2.1.0-beta3)

Running the test with following options:
Number of threads: 32
Target transaction rate: 300/sec
Initializing random number generator from current time


Initializing worker threads...

Threads started!

Latency histogram (values are in milliseconds)
       value  ------------- distribution ------------- count
       0.856 |                                         3
       0.872 |*                                        7
       0.888 |***                                      21
       0.904 |*****                                    41
       0.920 |*******                                  54
       0.937 |*************                            106
       0.954 |****************                         130
       0.971 |********************                     161
       0.989 |*****************************            231
       1.007 |**********************************       270
       1.025 |*********************************        261
       1.044 |*********************************        264
       1.063 |*******************************          247
       1.082 |*************************************    294
       1.102 |**************************************** 321
       1.122 |***************************************  315
       1.142 |**********************************       269
       1.163 |**********************************       273
       1.184 |*********************************        263
       1.205 |**************************               212
       1.227 |***********************                  184
       1.250 |********************                     160
       1.272 |****************                         127
       1.295 |***************                          118
       1.319 |*************                            102
       1.343 |*************                            101
       1.367 |**************                           115
       1.392 |***********                              92
       1.417 |*******                                  60
       1.443 |*******                                  60
       1.469 |******                                   47
       1.496 |*****                                    43
       1.523 |****                                     31
       1.551 |****                                     36
       1.579 |***                                      28
       1.608 |***                                      27
       1.637 |***                                      25
       1.667 |***                                      22
       1.697 |**                                       20
       1.728 |**                                       18
       1.759 |***                                      27
       1.791 |*                                        11
       1.824 |**                                       15
       1.857 |***                                      22
       1.891 |**                                       20
       1.925 |**                                       16
       1.960 |**                                       18
       1.996 |**                                       16
       2.032 |*                                        9
       2.069 |**                                       15
       2.106 |*                                        12
       2.145 |**                                       20
       2.184 |*                                        8
       2.223 |**                                       16
       2.264 |*                                        9
       2.305 |**                                       14
       2.347 |**                                       17
       2.389 |**                                       17
       2.433 |**                                       16
       2.477 |**                                       16
       2.522 |**                                       15
       2.568 |**                                       17
       2.615 |***                                      21
       2.662 |**                                       15
       2.710 |**                                       13
       2.760 |**                                       15
       2.810 |*                                        8
       2.861 |**                                       16
       2.913 |*                                        11
       2.966 |**                                       14
       3.020 |*                                        9
       3.075 |**                                       18
       3.130 |*                                        12
       3.187 |*                                        12
       3.245 |*                                        12
       3.304 |*                                        12
       3.364 |**                                       16
       3.425 |*                                        10
       3.488 |*                                        8
       3.551 |*                                        8
       3.615 |*                                        10
       3.681 |**                                       16
       3.748 |*                                        8
       3.816 |*                                        8
       3.885 |*                                        9
       3.956 |*                                        11
       4.028 |*                                        8
       4.101 |**                                       15
       4.176 |                                         3
       4.252 |*                                        10
       4.329 |*                                        10
       4.407 |*                                        8
       4.487 |                                         3
       4.569 |*                                        10
       4.652 |*                                        7
       4.737 |*                                        6
       4.823 |                                         4
       4.910 |*                                        6
       4.999 |                                         3
       5.090 |*                                        5
       5.183 |*                                        10
       5.277 |                                         4
       5.373 |*                                        5
       5.470 |*                                        5
       5.570 |                                         2
       5.671 |                                         3
       5.879 |                                         1
       6.095 |                                         4
       6.205 |                                         2
       6.318 |                                         1
       6.669 |                                         2
       6.790 |                                         3
       6.913 |                                         2
       7.297 |                                         1
       7.430 |                                         1
       7.842 |                                         3
       7.985 |                                         1
       8.130 |                                         2
       8.277 |                                         1
       8.428 |                                         3
       8.737 |                                         3
       8.895 |                                         1
       9.389 |                                         1
       9.734 |                                         3
       9.910 |*                                        5
      10.090 |*                                        5
      10.460 |                                         2
      10.651 |                                         1
      13.704 |                                         1
      14.207 |                                         1
      14.465 |                                         1
      14.995 |                                         1
      15.545 |                                         1
      15.828 |                                         1
      16.115 |                                         1
      16.408 |                                         1
      18.612 |                                         1
      34.954 |                                         1
      38.247 |                                         1
      41.851 |                                         1
      42.611 |                                         1
      44.976 |                                         1
      46.625 |                                         3
 
SQL statistics:
    queries performed:
        read:                            83846
        write:                           0
        other:                           11978
        total:                           95824
    transactions:                        5989   (299.16 per sec.)
    queries:                             95824  (4786.49 per sec.)
    ignored errors:                      0      (0.00 per sec.)
    reconnects:                          0      (0.00 per sec.)

General statistics:
    total time:                          20.0190s
    total number of events:              5989

Latency (ms):
         min:                                    0.86
         avg:                                    1.52
         max:                                   46.72
         95th percentile:                        3.30
         sum:                                 9085.42

Threads fairness:
    events (avg/stddev):           187.1562/0.94
    execution time (avg/stddev):   0.2839/0.02


